06-16 17:52:15.871  7643  7643 I R_item  : 4 NET_ID 0000
06-16 17:52:15.950   793   793 I SurfaceFlinger: screenshot (com.oringnet.wm/com.oring.SlideActivity@7643#0)
06-16 17:52:15.968  7643  7643 W UiThreadStatement: Already on the UI thread, this method should not be called from the main application thread
06-16 17:52:15.968  7643  7643 I GatewayTest 3請求: 0003083800010676
06-16 17:52:15.969  7643  7643 I GatewayTest 3響應: 00030200008584
06-16 17:52:15.969  7643  7643 I R_item  : 4 IO_TYPE 0000
06-16 17:52:16.051   793   793 I SurfaceFlinger: screenshot (com.oringnet.wm/com.oring.SlideActivity@7643#0)
06-16 17:52:16.065  7643  7643 I GatewayTest 4響應: 00030200008584
06-16 17:52:16.066  7643  7643 I R_item  : 4 ADDRESS 0000
06-16 17:52:16.071  7643  7643 W UiThreadStatement: Already on the UI thread, this method should not be called from the main application thread
06-16 17:52:16.071  7643  7643 I GatewayTest 5請求: 0003089C00014795
06-16 17:52:16.163  7643  7643 W UiThreadStatement: Already on the UI thread, this method should not be called from the main application thread
06-16 17:52:16.163  7643  7643 I GatewayTest 5請求: 0003090000018647
06-16 17:52:16.164  7643  7643 I GatewayTest 5響應: 00030200008584
06-16 17:52:16.164  7643  7643 I R_item  : 4 DATA_NUM 0000
06-16 17:52:16.230   793   827 I BufferQueueProducer: [com.oringnet.wm/com.oring.SlideActivity@7643#0](this:0x7854a28800,id:2870,api:1,p:7643,c:793) queueBuffer: fps=20.63 dur=1066.52 max=110.30 min=4.46
06-16 17:52:16.244   793   793 I SurfaceFlinger: screenshot (com.oringnet.wm/com.oring.SlideActivity@7643#0)
06-16 17:52:16.261  7643  7643 W UiThreadStatement: Already on the UI thread, this method should not be called from the main application thread
06-16 17:52:16.261  7643  7643 I GatewayTest 7請求: 000309640001c798
06-16 17:52:16.261  7643  7643 I GatewayTest 7響應: 00030200008584
06-16 17:52:16.261  7643  7643 I R_item  : 4 DATA_FORMAT 0000
06-16 17:52:16.358  7643  7643 W UiThreadStatement: Already on the UI thread, this method should not be called from the main application thread
06-16 17:52:16.358  7643  7643 I GatewayTest 6請求: 000309C8000107b9
06-16 17:52:16.358  7643  7643 I GatewayTest 6響應: 00030200008584
06-16 17:52:16.358  7643  7643 I R_item  : 4 INTERVAL 0000
06-16 17:52:16.358  7643  7643 I R_item  : enable: 5
06-16 17:52:16.367   793   793 I SurfaceFlinger: screenshot (com.oringnet.wm/com.oring.SlideActivity@7643#0)
06-16 17:52:16.479   793   793 I SurfaceFlinger: screenshot (com.oringnet.wm/com.oring.SlideActivity@7643#0)
06-16 17:52:16.504  7643  7643 W UiThreadStatement: Already on the UI thread, this method should not be called from the main application thread
06-16 17:52:16.504  7643  7643 I GatewayTest 2請求: 000307D500019557
06-16 17:52:16.504  7643  7643 I GatewayTest 2響應: 00030200008584
06-16 17:52:16.504  7643  7643 I R_item  : 5 NET_ID 0000
06-16 17:52:16.601   793   793 I SurfaceFlinger: screenshot (com.oringnet.wm/com.oring.SlideActivity@7643#0)
06-16 17:52:16.602  7643  7643 W UiThreadStatement: Already on the UI thread, this method should not be called from the main application thread
06-16 17:52:16.602  7643  7643 I GatewayTest 3請求: 00030839000157b6
06-16 17:52:16.603  7643  7643 I GatewayTest 3響應: 00030200008584
06-16 17:52:16.603  7643  7643 I R_item  : 5 IO_TYPE 0000
06-16 17:52:16.699  7643  7643 I GatewayTest 4響應: 00030200008584
06-16 17:52:16.700  7643  7643 I R_item  : 5 ADDRESS 0000
06-16 17:52:16.706  7643  7643 W UiThreadStatement: Already on the UI thread, this method should not be called from the main application thread
06-16 17:52:16.706  7643  7643 I GatewayTest 5請求: 0003089D00011655
06-16 17:52:16.767   793   793 I SurfaceFlinger: screenshot (com.oringnet.wm/com.oring.SlideActivity@7643#0)
06-16 17:52:16.796  7643  7643 W UiThreadStatement: Already on the UI thread, this method should not be called from the main application thread
06-16 17:52:16.796  7643  7643 I GatewayTest 5請求: 000309010001d787
06-16 17:52:16.796  7643  7643 I GatewayTest 5響應: 00030200008584
06-16 17:52:16.797  7643  7643 I R_item  : 5 DATA_NUM 0000
06-16 17:52:16.878   793   793 I SurfaceFlinger: screenshot (com.oringnet.wm/com.oring.SlideActivity@7643#0)
06-16 17:52:16.895  7643  7643 I GatewayTest 7響應: 00030200008584
06-16 17:52:16.895  7643  7643 I R_item  : 5 DATA_FORMAT 0000
06-16 17:52:16.901  7643  7643 W UiThreadStatement: Already on the UI thread, this method should not be called from the main application thread
06-16 17:52:16.901  7643  7643 I GatewayTest 6請求: 0003096500019658
06-16 17:52:16.984   793   793 I SurfaceFlinger: screenshot (com.oringnet.wm/com.oring.SlideActivity@7643#0)
06-16 17:52:17.043  7643  7643 W UiThreadStatement: Already on the UI thread, this method should not be called from the main application thread
06-16 17:52:17.043  7643  7643 I GatewayTest 6請求: 000309C900015679
06-16 17:52:17.050  7643  7643 I GatewayTest 6響應: 00030200008584
06-16 17:52:17.051  7643  7643 I R_item  : 5 INTERVAL 0000
06-16 17:52:17.051  7643  7643 I R_item  : enable: 6
06-16 17:52:17.134   793   793 I SurfaceFlinger: screenshot (com.oringnet.wm/com.oring.SlideActivity@7643#0)
06-16 17:52:17.141  7643  7643 W UiThreadStatement: Already on the UI thread, this method should not be called from the main application thread
06-16 17:52:17.141  7643  7643 I GatewayTest 2請求: 000307D600016557
06-16 17:52:17.141  7643  7643 I GatewayTest 2響應: 00030200008584
06-16 17:52:17.142  7643  7643 I R_item  : 6 NET_ID 0000
06-16 17:52:17.237  7643  7643 I GatewayTest 3響應: 00030200008584
06-16 17:52:17.237  7643  7643 I R_item  : 6 IO_TYPE 0000
06-16 17:52:17.244  7643  7643 W UiThreadStatement: Already on the UI thread, this method should not be called from the main application thread
06-16 17:52:17.244  7643  7643 I GatewayTest 4請求: 0003083A0001a7b6
06-16 17:52:17.291   793  1642 I BufferQueueProducer: [com.oringnet.wm/com.oring.SlideActivity@7643#0](this:0x7854a28800,id:2870,api:1,p:7643,c:793) queueBuffer: fps=18.84 dur=1061.34 max=166.06 min=4.64
06-16 17:52:17.313   793   793 I SurfaceFlinger: screenshot (com.oringnet.wm/com.oring.SlideActivity@7643#0)
06-16 17:52:17.333  7643  7643 W UiThreadStatement: Already on the UI thread, this method should not be called from the main application thread
06-16 17:52:17.333  7643  7643 I GatewayTest 4請求: 0003089E0001e655
06-16 17:52:17.334  7643  7643 I GatewayTest 4響應: 00030200008584
06-16 17:52:17.334  7643  7643 I R_item  : 6 ADDRESS 0000
06-16 17:52:17.431  7643  7643 W UiThreadStatement: Already on the UI thread, this method should not be called from the main application thread
06-16 17:52:17.432  7643  7643 I GatewayTest 5請求: 0003090200012787
06-16 17:52:17.432  7643  7643 I GatewayTest 5響應: 00030200008584
06-16 17:52:17.432  7643  7643 I R_item  : 6 DATA_NUM 0000
06-16 17:52:17.434   793   793 I SurfaceFlinger: screenshot (com.oringnet.wm/com.oring.SlideActivity@7643#0)
06-16 17:52:17.528  7643  7643 W UiThreadStatement: Already on the UI thread, this method should not be called from the main application thread
06-16 17:52:17.528  7643  7643 I GatewayTest 7請求: 0003096600016658
06-16 17:52:17.528  7643  7643 I GatewayTest 7響應: 00030200008584
06-16 17:52:17.528  7643  7643 I R_item  : 6 DATA_FORMAT 0000
06-16 17:52:17.618   793   793 I SurfaceFlinger: screenshot (com.oringnet.wm/com.oring.SlideActivity@7643#0)
06-16 17:52:17.629  7643  7643 W UiThreadStatement: Already on the UI thread, this method should not be called from the main application thread
06-16 17:52:17.629  7643  7643 I GatewayTest 6請求: 000309CA0001a679
06-16 17:52:17.670  7643  7643 I GatewayTest 6響應: 00030200008584
06-16 17:52:17.671  7643  7643 I R_item  : 6 INTERVAL 0000
06-16 17:52:17.671  7643  7643 I R_item  : enable: 7
06-16 17:52:17.767   793   793 I SurfaceFlinger: screenshot (com.oringnet.wm/com.oring.SlideActivity@7643#0)
06-16 17:52:17.772  7643  7643 W UiThreadStatement: Already on the UI thread, this method should not be called from the main application thread
06-16 17:52:17.772  7643  7643 I GatewayTest 2請求: 000307D700013497
06-16 17:52:17.772  7643  7643 I GatewayTest 2響應: 00030200008584
06-16 17:52:17.772  7643  7643 I R_item  : 7 NET_ID 0000
06-16 17:52:17.871  7643  7643 I GatewayTest 3響應: 00030200008584
06-16 17:52:17.871  7643  7643 I R_item  : 7 IO_TYPE 0000
06-16 17:52:17.877  7643  7643 W UiThreadStatement: Already on the UI thread, this method should not be called from the main application thread
06-16 17:52:17.877  7643  7643 I GatewayTest 4請求: 0003083B0001f676
06-16 17:52:17.967  7643  7643 I GatewayTest 4響應: 00030200008584
06-16 17:52:17.968  7643  7643 I R_item  : 7 ADDRESS 0000
06-16 17:52:17.978  7643  7643 W UiThreadStatement: Already on the UI thread, this method should not be called from the main application thread
06-16 17:52:17.978  7643  7643 I GatewayTest 5請求: 0003089F0001b795
06-16 17:52:18.065  7643  7643 I GatewayTest 5響應: 00030200008584
06-16 17:52:18.065  7643  7643 I R_item  : 7 DATA_NUM 0000
06-16 17:52:18.073  7643  7643 W UiThreadStatement: Already on the UI thread, this method should not be called from the main application thread
06-16 17:52:18.073  7643  7643 I GatewayTest 7請求: 0003090300017647
06-16 17:52:18.163  7643  7643 W UiThreadStatement: Already on the UI thread, this method should not be called from the main application thread
06-16 17:52:18.163  7643  7643 I GatewayTest 7請求: 0003096700013798
06-16 17:52:18.163  7643  7643 I GatewayTest 7響應: 00030200008584
06-16 17:52:18.163  7643  7643 I R_item  : 7 DATA_FORMAT 0000
06-16 17:52:18.164   793   793 I SurfaceFlinger: screenshot (com.oringnet.wm/com.oring.SlideActivity@7643#0)
06-16 17:52:18.265  7643  7643 W UiThreadStatement: Already on the UI thread, this method should not be called from the main application thread
06-16 17:52:18.265  7643  7643 I GatewayTest 6請求: 000309CB0001f7b9
06-16 17:52:18.266  7643  7643 I GatewayTest 6響應: 00030200008584
06-16 17:52:18.266  7643  7643 I R_item  : 7 INTERVAL 0000
06-16 17:52:18.266  7643  7643 I R_item  : enable: 8
06-16 17:52:18.270  7643  7666 D Surface : Surface::disconnect(this=0x7c25588000,api=1)
06-16 17:52:18.270   793   827 I BufferQueueProducer: [com.oringnet.wm/com.oring.SlideActivity@7643#1](this:0x7861309800,id:2880,api:1,p:7643,c:793) disconnect(P): api 1
06-16 17:52:18.324   793   793 I SurfaceFlinger: screenshot (com.oringnet.wm/com.oring.SlideActivity@7643#0)
06-16 17:52:18.357   793   827 I BufferQueueProducer: [com.oringnet.wm/com.oring.SlideActivity@7643#0](this:0x7854a28800,id:2870,api:1,p:7643,c:793) queueBuffer: fps=18.77 dur=1065.46 max=120.64 min=4.49
06-16 17:52:18.451   793   793 I MiniDump: 0x7854a7a000 |     DEVICE |          0 | 1.000 |    0    0  720 1600 |   0.0   0.0 720.0 1600.0 | com.oringnet.wm/com.oring.SlideActivity@7643#0
06-16 17:52:18.532   793   793 I SurfaceFlinger: Remove BufferLayer(0x7861386000) com.oringnet.wm/com.oring.SlideActivity@7643#1 (-1 x -1)
06-16 17:52:18.532   793   793 I BufferQueue: [com.oringnet.wm/com.oring.SlideActivity@7643#1](this:0x7861309800,id:2880,api:1,p:-1,c:-1) ~BufferQueueCore
06-16 17:52:18.535   793   793 I MiniDump: 0x7854a7a000 |     DEVICE |          0 | 1.000 |    0    0  720 1600 |   0.0   0.0 720.0 1600.0 | com.oringnet.wm/com.oring.SlideActivity@7643#0
06-16 17:52:19.138   793   793 I SurfaceFlinger: screenshot (com.oringnet.wm/com.oring.SlideActivity@7643#0)
06-16 17:52:19.550  7643  7643 I ViewRootImpl: ViewRoot's Touch Event : ACTION_DOWN
06-16 17:52:19.551   793   793 I SurfaceFlinger: screenshot (com.oringnet.wm/com.oring.SlideActivity@7643#0)
06-16 17:52:19.556  7643  7643 I ViewRootImpl: ViewRoot's Touch Event : ACTION_UP
06-16 17:52:19.635   793  2100 I BufferQueueProducer: [com.oringnet.wm/com.oring.SlideActivity@7643#0](this:0x7854a28800,id:2870,api:1,p:7643,c:793) queueBuffer: fps=1.56 dur=1278.09 max=1263.86 min=14.23
06-16 17:52:19.651   793   793 I SurfaceFlinger: screenshot (com.oringnet.wm/com.oring.SlideActivity@7643#0)
06-16 17:52:19.768   793   793 I SurfaceFlinger: screenshot (com.oringnet.wm/com.oring.SlideActivity@7643#0)
06-16 17:52:19.777  7643  7657 I com.oringnet.w: Background concurrent copying GC freed 311417(12MB) AllocSpace objects, 0(0B) LOS objects, 68% free, 5708KB/17MB, paused 141us total 188.631ms
06-16 17:52:19.883   793   793 I SurfaceFlinger: screenshot (com.oringnet.wm/com.oring.SlideActivity@7643#0)
06-16 17:52:19.947   793   793 I SurfaceFlinger: screenshot (com.oringnet.wm/com.oring.SlideActivity@7643#0)
06-16 17:52:19.985   793   793 I SurfaceFlinger: screenshot (com.oringnet.wm/com.oring.SlideActivity@7643#0)
06-16 17:52:20.101   793   793 I SurfaceFlinger: screenshot (com.oringnet.wm/com.oring.SlideActivity@7643#0)
06-16 17:52:20.217   793   793 I SurfaceFlinger: screenshot (com.oringnet.wm/com.oring.SlideActivity@7643#0)
06-16 17:52:20.317  7643  7643 I ViewRootImpl: ViewRoot's Touch Event : ACTION_DOWN
06-16 17:52:20.319   793   793 I SurfaceFlinger: screenshot (com.oringnet.wm/com.oring.SlideActivity@7643#0)
06-16 17:52:20.323  7643  7643 I ViewRootImpl: ViewRoot's Touch Event : ACTION_UP
06-16 17:52:20.435   793   793 I SurfaceFlinger: screenshot (com.oringnet.wm/com.oring.SlideActivity@7643#0)
06-16 17:52:20.535   793   793 I SurfaceFlinger: screenshot (com.oringnet.wm/com.oring.SlideActivity@7643#0)
06-16 17:52:20.651   793   793 I SurfaceFlinger: screenshot (com.oringnet.wm/com.oring.SlideActivity@7643#0)
06-16 17:52:20.767   793   793 I SurfaceFlinger: screenshot (com.oringnet.wm/com.oring.SlideActivity@7643#0)
06-16 17:52:21.026   793   793 I SurfaceFlinger: screenshot (com.oringnet.wm/com.oring.SlideActivity@7643#0)
06-16 17:52:21.134  7643  7643 I ViewRootImpl: ViewRoot's Touch Event : ACTION_DOWN
06-16 17:52:21.141  7643  7643 I ViewRootImpl: ViewRoot's Touch Event : ACTION_UP
06-16 17:52:21.152   793   793 I SurfaceFlinger: screenshot (com.oringnet.wm/com.oring.SlideActivity@7643#0)
06-16 17:52:21.159   793  1642 I BufferQueueProducer: [com.oringnet.wm/com.oring.SlideActivity@7643#0](this:0x7854a28800,id:2870,api:1,p:7643,c:793) queueBuffer: fps=9.19 dur=1524.16 max=665.16 min=7.62
06-16 17:52:21.268   793   793 I SurfaceFlinger: screenshot (com.oringnet.wm/com.oring.SlideActivity@7643#0)
06-16 17:52:21.368   793   793 I SurfaceFlinger: screenshot (com.oringnet.wm/com.oring.SlideActivity@7643#0)
06-16 17:52:21.485   793   793 I SurfaceFlinger: screenshot (com.oringnet.wm/com.oring.SlideActivity@7643#0)
06-16 17:52:21.601   793   793 I SurfaceFlinger: screenshot (com.oringnet.wm/com.oring.SlideActivity@7643#0)
06-16 17:52:22.400  7643  7643 I ViewRootImpl: ViewRoot's Touch Event : ACTION_DOWN
06-16 17:52:22.402   793   793 I SurfaceFlinger: screenshot (com.oringnet.wm/com.oring.SlideActivity@7643#0)
06-16 17:52:22.408  7643  7643 I ViewRootImpl: ViewRoot's Touch Event : ACTION_UP
06-16 17:52:22.426   793   827 I BufferQueueProducer: [com.oringnet.wm/com.oring.SlideActivity@7643#0](this:0x7854a28800,id:2870,api:1,p:7643,c:793) queueBuffer: fps=21.31 dur=1267.03 max=837.29 min=12.51
06-16 17:52:22.519   793   793 I SurfaceFlinger: screenshot (com.oringnet.wm/com.oring.SlideActivity@7643#0)
06-16 17:52:22.526  7643  7643 D BluetoothGatt: setCharacteristicNotification() - uuid: 6e400003-b5a3-f393-e0a9-e50e24dcca9e enable: true
06-16 17:52:22.652   793   793 I SurfaceFlinger: screenshot (com.oringnet.wm/com.oring.SlideActivity@7643#0)
06-16 17:52:22.652  7643  7643 D PhoneWindow: windowLightStatusBar : false, disable View.SYSTEM_UI_FLAG_LIGHT_STATUS_BAR
06-16 17:52:22.673  7643  7643 I TouchFilterInputStageHelper: [needTouchEventFilter] Displayid : 0
06-16 17:52:22.677  7643  7643 D BezellessGripSuppressionFilter: getdisplaysize, x : 720 y : 1600
06-16 17:52:22.707   793  1642 I BufferQueueConsumer: [com.oringnet.wm/com.oring.SlideActivity@7643#1](this:0x78613b3000,id:2881,api:0,p:-1,c:793) setConsumerName: com.oringnet.wm/com.oring.SlideActivity@7643#1
06-16 17:52:22.707   793  1642 I BufferQueueConsumer: [com.oringnet.wm/com.oring.SlideActivity@7643#1](this:0x78613b3000,id:2881,api:0,p:-1,c:793) setDefaultBufferSize: width=126 height=126
06-16 17:52:22.707   793  1642 I SurfaceFlinger: Create BufferLayer(0x78613a7000) com.oringnet.wm/com.oring.SlideActivity@7643#1 (126 x 126)
06-16 17:52:22.714  7643  7666 D Surface : Surface::connect(this=0x7c26fe1000,api=1)
06-16 17:52:22.715   793   827 I BufferQueueProducer: [com.oringnet.wm/com.oring.SlideActivity@7643#1](this:0x78613b3000,id:2881,api:1,p:7643,c:793) connect(P): api=1 producer=(7643:com.oringnet.wm) producerControlledByApp=false
06-16 17:52:22.716  7643  7666 D Surface : Surface::setBufferCount(this=0x7c26fe1000,bufferCount=3)
06-16 17:52:22.716  7643  7666 D Surface : Surface::allocateBuffers(this=0x7c26fe1000)
06-16 17:52:22.768  7643  7643 W UiThreadStatement: Already on the UI thread, this method should not be called from the main application thread
06-16 17:52:22.769  7643  7643 I DeviceInfo: [Req]<Read Device Name> 01030200000445b1
06-16 17:52:22.769  7643  7643 I HEX:    : 
06-16 17:52:22.769  7643  7643 I DeviceName:: 
06-16 17:52:22.777  7643  7643 I DeviceInfo: [Rsp]<Read APIKEY> 010308000000000000000095d7
06-16 17:52:22.786   793   793 I MiniDump: 0x7854a7a000 |     DEVICE |          0 | 1.000 |    0    0  720 1600 |   0.0   0.0 720.0 1600.0 | com.oringnet.wm/com.oring.SlideActivity@7643#0
06-16 17:52:22.786   793   793 I MiniDump: 0x78613a7000 |     DEVICE |          0 | 0.287 |  301  760  419  878 |   0.0   0.0 126.0 126.0 | com.oringnet.wm/com.oring.SlideActivity@7643#1
06-16 17:52:22.794   793   793 I SurfaceFlinger: screenshot (com.oringnet.wm/com.oring.SlideActivity@7643#0)
06-16 17:52:22.902  7643  7643 I HEX:    : 
06-16 17:52:22.911  7643  7643 I DeviceInfo: [Rsp]<Read SN> 010308000000000000000095d7
06-16 17:52:22.911  7643  7643 W UiThreadStatement: Already on the UI thread, this method should not be called from the main application thread
06-16 17:52:22.911  7643  7643 I DeviceInfo: [Req]<Read SN> 0103021000044474
06-16 17:52:22.989  7643  7643 W UiThreadStatement: Already on the UI thread, this method should not be called from the main application thread
06-16 17:52:22.989  7643  7643 I DeviceInfo: [Req]<Read SN> 010402140004b075
06-16 17:52:22.998  7643  7643 I DeviceInfo: [Rsp]<Read SN> 0104086f695f74657474731ff4
06-16 17:52:23.085  7643  7643 W UiThreadStatement: Already on the UI thread, this method should not be called from the main application thread
06-16 17:52:23.085  7643  7643 I DeviceInfo: [Req]<Read SN> 0104021800047076
06-16 17:52:23.085  7643  7643 I HEX:    : 6f695f74657474733930
06-16 17:52:23.093  7643  7643 I DeviceInfo: [Rsp]<Read RSSI> 0104083930000000000000d770
06-16 17:52:23.127   793   793 I SurfaceFlinger: screenshot (com.oringnet.wm/com.oring.SlideActivity@7643#0)
06-16 17:52:23.183  7643  7643 W UiThreadStatement: Already on the UI thread, this method should not be called from the main application thread
06-16 17:52:23.183  7643  7643 I DeviceInfo: [Req]<Read RSSI> 0104022400017079
06-16 17:52:23.183  7643  7643 I NB_RSSI : ff8f
06-16 17:52:23.191  7643  7643 I DeviceInfo: [Rsp]<Read RSRQ> 010402ff8fb964
06-16 17:52:23.234   793   793 I SurfaceFlinger: screenshot (com.oringnet.wm/com.oring.SlideActivity@7643#0)
06-16 17:52:23.281  7643  7643 W UiThreadStatement: Already on the UI thread, this method should not be called from the main application thread
06-16 17:52:23.281  7643  7643 I DeviceInfo: [Req]<Read RSRQ> 0104024700018067
06-16 17:52:23.282  7643  7643 I NB_RSRQ : fff3
06-16 17:52:23.287  7643  7643 I DeviceInfo: [Rsp]<Read RSRP> 010402fff3b885
06-16 17:52:23.335   793   793 I SurfaceFlinger: screenshot (com.oringnet.wm/com.oring.SlideActivity@7643#0)
06-16 17:52:23.377  7643  7643 W UiThreadStatement: Already on the UI thread, this method should not be called from the main application thread
06-16 17:52:23.377  7643  7643 I DeviceInfo: [Req]<Read RSRP> 010402480001b064
06-16 17:52:23.377  7643  7643 I NB_RSRP : ff82
06-16 17:52:23.385  7643  7643 I DeviceInfo: [Rsp]<Read SINR> 010402ff8278a1
06-16 17:52:23.452   793   793 I SurfaceFlinger: screenshot (com.oringnet.wm/com.oring.SlideActivity@7643#0)
06-16 17:52:23.475  7643  7643 W UiThreadStatement: Already on the UI thread, this method should not be called from the main application thread
06-16 17:52:23.475  7643  7643 I DeviceInfo: [Req]<Read SINR> 010402490001e1a4
06-16 17:52:23.476  7643  7643 I NB_SINR : ffff
06-16 17:52:23.484  7643  7643 I DeviceInfo: [Rsp]<Read IMEI> 010402ffffb880
06-16 17:52:23.493   793  1642 I BufferQueueProducer: [com.oringnet.wm/com.oring.SlideActivity@7643#0](this:0x7854a28800,id:2870,api:1,p:7643,c:793) queueBuffer: fps=30.00 dur=1066.80 max=119.31 min=9.53
06-16 17:52:23.552   793   793 I SurfaceFlinger: screenshot (com.oringnet.wm/com.oring.SlideActivity@7643#0)
06-16 17:52:23.573  7643  7643 W UiThreadStatement: Already on the UI thread, this method should not be called from the main application thread
06-16 17:52:23.573  7643  7643 I DeviceInfo: [Req]<Read IMEI> 010402270004407a
06-16 17:52:23.580  7643  7643 I DeviceInfo: [Rsp]<Read IMEI> 010408ffffff82fffffff30986
06-16 17:52:23.668   793   793 I SurfaceFlinger: screenshot (com.oringnet.wm/com.oring.SlideActivity@7643#0)
06-16 17:52:23.670  7643  7643 W UiThreadStatement: Already on the UI thread, this method should not be called from the main application thread
06-16 17:52:23.671  7643  7643 I DeviceInfo: [Req]<Read IMEI> 0104022B00048079
06-16 17:52:23.671  7643  7643 I HEX:    : ffffff82fffffff3ffff00760e38
06-16 17:52:23.679  7643  7643 I DeviceInfo: [Rsp]<Read FW VERSION> 010408ffff007600000e38a87f
06-16 17:52:23.767  7643  7643 W UiThreadStatement: Already on the UI thread, this method should not be called from the main application thread
06-16 17:52:23.768  7643  7643 I DeviceInfo: [Req]<Read FW VERSION> 0104020000027073
06-16 17:52:23.773  7643  7643 I DeviceInfo: [Rsp]<Read FW VERSION> 0104043176312e812e
06-16 17:52:23.785   793   793 I SurfaceFlinger: screenshot (com.oringnet.wm/com.oring.SlideActivity@7643#0)
06-16 17:52:23.874  7643  7643 I DeviceInfo: [Rsp]<Read FW VERSION> 01040474733430077b
06-16 17:52:23.875  7643  7643 W UiThreadStatement: Already on the UI thread, this method should not be called from the main application thread
06-16 17:52:23.875  7643  7643 I DeviceInfo: [Req]<Read FW VERSION> 01040204000231b2
06-16 17:52:23.886   793   793 I SurfaceFlinger: screenshot (com.oringnet.wm/com.oring.SlideActivity@7643#0)
06-16 17:52:23.964  7643  7643 I HEX:    : 3176312e74733430
06-16 17:52:23.977  7643  7643 I DeviceInfo: [Rsp]<Read HW VERSION> 01040400000000fb84
06-16 17:52:23.977  7643  7643 W UiThreadStatement: Already on the UI thread, this method should not be called from the main application thread
06-16 17:52:23.977  7643  7643 I DeviceInfo: [Req]<Read HW VERSION> 010402080002f1b1
06-16 17:52:23.986   793   793 I SurfaceFlinger: screenshot (com.oringnet.wm/com.oring.SlideActivity@7643#0)
06-16 17:52:24.060  7643  7643 W UiThreadStatement: Already on the UI thread, this method should not be called from the main application thread
06-16 17:52:24.060  7643  7643 I DeviceInfo: [Req]<Read HW VERSION> 010402020002d1b3
06-16 17:52:24.067  7643  7643 I DeviceInfo: [Rsp]<Read HW VERSION> 010404362e6574bf72
06-16 17:52:24.101   793   793 I SurfaceFlinger: screenshot (com.oringnet.wm/com.oring.SlideActivity@7643#0)
06-16 17:52:24.158  7643  7643 W UiThreadStatement: Already on the UI thread, this method should not be called from the main application thread
06-16 17:52:24.158  7643  7643 I DeviceInfo: [Req]<Read HW VERSION> 0104020600029072
06-16 17:52:24.170  7643  7643 I DeviceInfo: [Rsp]<Read HW VERSION> 010404363000667429
06-16 17:52:24.202   793   793 I SurfaceFlinger: screenshot (com.oringnet.wm/com.oring.SlideActivity@7643#0)
06-16 17:52:24.256  7643  7643 W UiThreadStatement: Already on the UI thread, this method should not be called from the main application thread
06-16 17:52:24.256  7643  7643 I DeviceInfo: [Req]<Read HW VERSION> 0104020A00025071
06-16 17:52:24.256  7643  7643 I HEX:    : 362e657436300066
06-16 17:52:24.267  7643  7643 I DeviceInfo: [Rsp]<Read BLE PASSWORD> 01040400000000fb84
06-16 17:52:24.352   793   793 I SurfaceFlinger: screenshot (com.oringnet.wm/com.oring.SlideActivity@7643#0)
06-16 17:52:24.355  7643  7643 W UiThreadStatement: Already on the UI thread, this method should not be called from the main application thread
06-16 17:52:24.355  7643  7643 I DeviceInfo: [Req]<Read BLE PASSWORD> 010303E80004c479
06-16 17:52:24.355  7643  7643 I HEX:    : 323134333635
06-16 17:52:24.356  7643  7643 I Password: : 123456
06-16 17:52:24.363  7643  7643 I DeviceInfo: [Rsp]<Read KEEP A LIVE> 0103083231343336350000282f
06-16 17:52:24.451  7643  7643 W UiThreadStatement: Already on the UI thread, this method should not be called from the main application thread
06-16 17:52:24.451  7643  7643 I DeviceInfo: [Req]<Read KEEP A LIVE> 010302B600016454
06-16 17:52:24.451  7643  7643 I KeepALive: 003c
06-16 17:52:24.463  7643  7643 I DeviceInfo: [Rsp]<Read FORCE FLAG> 010302003cb855
06-16 17:52:24.469   793   793 I SurfaceFlinger: screenshot (com.oringnet.wm/com.oring.SlideActivity@7643#0)
06-16 17:52:24.548  7643  7643 W UiThreadStatement: Already on the UI thread, this method should not be called from the main application thread
06-16 17:52:24.548  7643  7643 I DeviceInfo: [Req]<Read FORCE FLAG> 010104000001fcfa
06-16 17:52:24.548  7643  7643 I fc_Status:: 01false
06-16 17:52:24.552  7643  7666 D Surface : Surface::disconnect(this=0x7c26fe1000,api=1)
06-16 17:52:24.553   793  1642 I BufferQueueProducer: [com.oringnet.wm/com.oring.SlideActivity@7643#1](this:0x78613b3000,id:2881,api:1,p:7643,c:793) disconnect(P): api 1
06-16 17:52:24.567  7643  7643 I DeviceInfo: [Rsp]<Read FORCE FLAG> 010101019048
06-16 17:52:24.608   793   793 I SurfaceFlinger: screenshot (com.oringnet.wm/com.oring.SlideActivity@7643#0)
06-16 17:52:24.647   793  1642 I BufferQueueProducer: [com.oringnet.wm/com.oring.SlideActivity@7643#0](this:0x7854a28800,id:2870,api:1,p:7643,c:793) queueBuffer: fps=3.46 dur=1154.49 max=370.66 min=197.60
06-16 17:52:24.736   793   793 I MiniDump: 0x7854a7a000 |     DEVICE |          0 | 1.000 |    0    0  720 1600 |   0.0   0.0 720.0 1600.0 | com.oringnet.wm/com.oring.SlideActivity@7643#0
06-16 17:52:24.816   793   793 I SurfaceFlinger: Remove BufferLayer(0x78613a7000) com.oringnet.wm/com.oring.SlideActivity@7643#1 (-1 x -1)
06-16 17:52:24.817   793   793 I BufferQueue: [com.oringnet.wm/com.oring.SlideActivity@7643#1](this:0x78613b3000,id:2881,api:1,p:-1,c:-1) ~BufferQueueCore
06-16 17:52:24.820   793   793 I MiniDump: 0x7854a7a000 |     DEVICE |          0 | 1.000 |    0    0  720 1600 |   0.0   0.0 720.0 1600.0 | com.oringnet.wm/com.oring.SlideActivity@7643#0
06-16 17:52:25.678   793   793 I SurfaceFlinger: screenshot (com.oringnet.wm/com.oring.SlideActivity@7643#0)
06-16 17:52:26.190   793  2231 I BufferQueueProducer: [com.oringnet.wm/com.oring.SlideActivity@7643#0](this:0x7854a28800,id:2870,api:1,p:7643,c:793) queueBuffer: fps=1.30 dur=1542.96 max=1536.61 min=6.35
06-16 17:52:26.203   793   793 I SurfaceFlinger: screenshot (com.oringnet.wm/com.oring.SlideActivity@7643#0)
06-16 17:52:26.319   793   793 I SurfaceFlinger: screenshot (com.oringnet.wm/com.oring.SlideActivity@7643#0)
06-16 17:52:26.420   793   793 I SurfaceFlinger: screenshot (com.oringnet.wm/com.oring.SlideActivity@7643#0)
06-16 17:52:26.536   793   793 I SurfaceFlinger: screenshot (com.oringnet.wm/com.oring.SlideActivity@7643#0)
06-16 17:52:26.636   793   793 I SurfaceFlinger: screenshot (com.oringnet.wm/com.oring.SlideActivity@7643#0)
06-16 17:52:26.752   793   793 I SurfaceFlinger: screenshot (com.oringnet.wm/com.oring.SlideActivity@7643#0)
06-16 17:52:26.869   793   793 I SurfaceFlinger: screenshot (com.oringnet.wm/com.oring.SlideActivity@7643#0)
06-16 17:52:26.969   793   793 I SurfaceFlinger: screenshot (com.oringnet.wm/com.oring.SlideActivity@7643#0)
06-16 17:52:27.085   793   793 I SurfaceFlinger: screenshot (com.oringnet.wm/com.oring.SlideActivity@7643#0)
06-16 17:52:27.186   793   793 I SurfaceFlinger: screenshot (com.oringnet.wm/com.oring.SlideActivity@7643#0)
06-16 17:52:27.218  7643  7643 I ViewRootImpl: ViewRoot's Touch Event : ACTION_DOWN
06-16 17:52:27.223  7643  7643 I ViewRootImpl: ViewRoot's Touch Event : ACTION_UP
06-16 17:52:27.271   793  2231 I BufferQueueProducer: [com.oringnet.wm/com.oring.SlideActivity@7643#0](this:0x7854a28800,id:2870,api:1,p:7643,c:793) queueBuffer: fps=15.73 dur=1080.94 max=816.67 min=13.25
06-16 17:52:27.286   793   793 I SurfaceFlinger: screenshot (com.oringnet.wm/com.oring.SlideActivity@7643#0)
06-16 17:52:27.386   793   793 I SurfaceFlinger: screenshot (com.oringnet.wm/com.oring.SlideActivity@7643#0)
06-16 17:52:27.503   793   793 I SurfaceFlinger: screenshot (com.oringnet.wm/com.oring.SlideActivity@7643#0)
06-16 17:52:27.619   793   793 I SurfaceFlinger: screenshot (com.oringnet.wm/com.oring.SlideActivity@7643#0)
06-16 17:52:27.662   793   793 I SurfaceFlinger: screenshot (com.oringnet.wm/com.oring.SlideActivity@7643#0)
06-16 17:52:27.735   793   793 I SurfaceFlinger: screenshot (com.oringnet.wm/com.oring.SlideActivity@7643#0)
06-16 17:52:27.836   793   793 I SurfaceFlinger: screenshot (com.oringnet.wm/com.oring.SlideActivity@7643#0)
06-16 17:52:27.936   793   793 I SurfaceFlinger: screenshot (com.oringnet.wm/com.oring.SlideActivity@7643#0)
06-16 17:52:28.558   793  2100 I BufferQueueProducer: [com.oringnet.wm/com.oring.SlideActivity@7643#0](this:0x7854a28800,id:2870,api:1,p:7643,c:793) queueBuffer: fps=7.77 dur=1286.87 max=632.11 min=13.08
06-16 17:52:28.570   793   793 I SurfaceFlinger: screenshot (com.oringnet.wm/com.oring.SlideActivity@7643#0)
06-16 17:52:29.756   793  2100 I BufferQueueProducer: [com.oringnet.wm/com.oring.SlideActivity@7643#0](this:0x7854a28800,id:2870,api:1,p:7643,c:793) queueBuffer: fps=2.50 dur=1197.97 max=599.61 min=19.85
06-16 17:52:30.819  7643  7643 I ViewRootImpl: ViewRoot's Touch Event : ACTION_DOWN
06-16 17:52:30.820   793   793 I SurfaceFlinger: screenshot (com.oringnet.wm/com.oring.SlideActivity@7643#0)
06-16 17:52:30.824  7643  7643 I ViewRootImpl: ViewRoot's Touch Event : ACTION_UP
06-16 17:52:30.825  7643  7643 I TTTIII  : @@
06-16 17:52:30.826  7643  7643 I TTTIII  : 999999
06-16 17:52:30.826  7643  7643 I TTTIII  : 999999
06-16 17:52:30.831  7643  7643 D PhoneWindow: windowLightStatusBar : false, disable View.SYSTEM_UI_FLAG_LIGHT_STATUS_BAR
06-16 17:52:30.846  7643  7643 I TouchFilterInputStageHelper: [needTouchEventFilter] Displayid : 0
06-16 17:52:30.849  7643  7643 D BezellessGripSuppressionFilter: getdisplaysize, x : 720 y : 1600
06-16 17:52:30.871   793  2100 I BufferQueueConsumer: [com.oringnet.wm/com.oring.SlideActivity@7643#1](this:0x7854876000,id:2882,api:0,p:-1,c:793) setConsumerName: com.oringnet.wm/com.oring.SlideActivity@7643#1
06-16 17:52:30.871   793  2100 I BufferQueueConsumer: [com.oringnet.wm/com.oring.SlideActivity@7643#1](this:0x7854876000,id:2882,api:0,p:-1,c:793) setDefaultBufferSize: width=126 height=126
06-16 17:52:30.871   793  2100 I SurfaceFlinger: Create BufferLayer(0x7854a3b000) com.oringnet.wm/com.oring.SlideActivity@7643#1 (126 x 126)
06-16 17:52:30.877  7643  7666 D Surface : Surface::connect(this=0x7c23309000,api=1)
06-16 17:52:30.877   793  2231 I BufferQueueProducer: [com.oringnet.wm/com.oring.SlideActivity@7643#1](this:0x7854876000,id:2882,api:1,p:7643,c:793) connect(P): api=1 producer=(7643:com.oringnet.wm) producerControlledByApp=false
06-16 17:52:30.879  7643  7666 D Surface : Surface::setBufferCount(this=0x7c23309000,bufferCount=3)
06-16 17:52:30.879  7643  7666 D Surface : Surface::allocateBuffers(this=0x7c23309000)
06-16 17:52:30.932   793  2100 I BufferQueueProducer: [com.oringnet.wm/com.oring.SlideActivity@7643#0](this:0x7854a28800,id:2870,api:1,p:7643,c:793) queueBuffer: fps=1.70 dur=1176.27 max=652.56 min=523.72
06-16 17:52:30.945  7643  7643 I DeviceInfo: [Rsp]<Read FORCE FLAG> 011003e8000441ba
06-16 17:52:30.945  7643  7643 W UiThreadStatement: Already on the UI thread, this method should not be called from the main application thread
06-16 17:52:30.945  7643  7643 I DeviceInfo: [Req]<Read FORCE FLAG> 011003E80004083939393939390000ff18
06-16 17:52:30.954   793   793 I MiniDump: 0x7854a7a000 |     DEVICE |          0 | 1.000 |    0    0  720 1600 |   0.0   0.0 720.0 1600.0 | com.oringnet.wm/com.oring.SlideActivity@7643#0
06-16 17:52:30.954   793   793 I MiniDump: 0x7854a3b000 |     DEVICE |          0 | 0.303 |  301  760  419  878 |   0.0   0.0 126.0 126.0 | com.oringnet.wm/com.oring.SlideActivity@7643#1
06-16 17:52:30.960   793   793 I SurfaceFlinger: screenshot (com.oringnet.wm/com.oring.SlideActivity@7643#0)
06-16 17:52:31.032  7643  7643 W UiThreadStatement: Already on the UI thread, this method should not be called from the main application thread
06-16 17:52:31.032  7643  7643 I DeviceInfo: [Req]<Read FORCE FLAG> 011003EC00040800000000000000002157
06-16 17:52:31.038  7643  7643 I DeviceInfo: [Rsp]<Read FORCE FLAG> 011003ec0004007b
06-16 17:52:31.135  7643  7643 I DeviceInfo: [Rsp]<Read FORCE FLAG> 011003f00004c1bd
06-16 17:52:31.135  7643  7643 W UiThreadStatement: Already on the UI thread, this method should not be called from the main application thread
06-16 17:52:31.135  7643  7643 I DeviceInfo: [Req]<Read FORCE FLAG> 011003F00004080000000000000000f0b8
06-16 17:52:31.230  7643  7666 D Surface : Surface::disconnect(this=0x7c23309000,api=1)
06-16 17:52:31.231   793  2231 I BufferQueueProducer: [com.oringnet.wm/com.oring.SlideActivity@7643#1](this:0x7854876000,id:2882,api:1,p:7643,c:793) disconnect(P): api 1
06-16 17:52:31.252  7643  7643 D BluetoothGatt: setCharacteristicNotification() - uuid: 6e400003-b5a3-f393-e0a9-e50e24dcca9e enable: true
06-16 17:52:31.255  7643  7643 I DeviceInfo: [Rsp]<Read FORCE FLAG> 011003f40004807c
06-16 17:52:31.255  7643  7643 W UiThreadStatement: Already on the UI thread, this method should not be called from the main application thread
06-16 17:52:31.255  7643  7643 I DeviceInfo: [Req]<Read FORCE FLAG> 011003F400040800000000000000000177
06-16 17:52:31.255   793   793 I SurfaceFlinger: screenshot (com.oringnet.wm/com.oring.SlideActivity@7643#0)
06-16 17:52:31.329  7643  7643 D PhoneWindow: windowLightStatusBar : false, disable View.SYSTEM_UI_FLAG_LIGHT_STATUS_BAR
06-16 17:52:31.347  7643  7643 I TouchFilterInputStageHelper: [needTouchEventFilter] Displayid : 0
06-16 17:52:31.350  7643  7643 D BezellessGripSuppressionFilter: getdisplaysize, x : 720 y : 1600
06-16 17:52:31.371   793  1642 I BufferQueueConsumer: [com.oringnet.wm/com.oring.SlideActivity@7643#2](this:0x78612f2000,id:2883,api:0,p:-1,c:793) setConsumerName: com.oringnet.wm/com.oring.SlideActivity@7643#2
06-16 17:52:31.371   793  1642 I BufferQueueConsumer: [com.oringnet.wm/com.oring.SlideActivity@7643#2](this:0x78612f2000,id:2883,api:0,p:-1,c:793) setDefaultBufferSize: width=126 height=126
06-16 17:52:31.371   793  1642 I SurfaceFlinger: Create BufferLayer(0x7861311000) com.oringnet.wm/com.oring.SlideActivity@7643#2 (126 x 126)
06-16 17:52:31.378  7643  7666 D Surface : Surface::connect(this=0x7c23326000,api=1)
06-16 17:52:31.379   793  1642 I BufferQueueProducer: [com.oringnet.wm/com.oring.SlideActivity@7643#2](this:0x78612f2000,id:2883,api:1,p:7643,c:793) connect(P): api=1 producer=(7643:com.oringnet.wm) producerControlledByApp=false
06-16 17:52:31.381  7643  7666 D Surface : Surface::setBufferCount(this=0x7c23326000,bufferCount=3)
06-16 17:52:31.382  7643  7666 D Surface : Surface::allocateBuffers(this=0x7c23326000)
06-16 17:52:31.421   793   793 I MiniDump: 0x7854a7a000 |     DEVICE |          0 | 1.000 |    0    0  720 1600 |   0.0   0.0 720.0 1600.0 | com.oringnet.wm/com.oring.SlideActivity@7643#0
06-16 17:52:31.454   793   793 I MiniDump: 0x7854a7a000 |     DEVICE |          0 | 1.000 |    0    0  720 1600 |   0.0   0.0 720.0 1600.0 | com.oringnet.wm/com.oring.SlideActivity@7643#0
06-16 17:52:31.454   793   793 I MiniDump: 0x7861311000 |     DEVICE |          0 | 0.303 |  301  760  419  878 |   0.0   0.0 126.0 126.0 | com.oringnet.wm/com.oring.SlideActivity@7643#2
06-16 17:52:31.460   793   793 I SurfaceFlinger: screenshot (com.oringnet.wm/com.oring.SlideActivity@7643#0)
06-16 17:52:31.470  7643  7643 W UiThreadStatement: Already on the UI thread, this method should not be called from the main application thread
06-16 17:52:31.470  7643  7643 I DeviceInfo: [Req]<Read Device Name> 01030200000445b1
06-16 17:52:31.471  7643  7643 I HEX:    : 
06-16 17:52:31.471  7643  7643 I DeviceName:: 
06-16 17:52:31.479  7643  7643 I DeviceInfo: [Rsp]<Read APIKEY> 010308000000000000000095d7
06-16 17:52:31.501   793   793 I SurfaceFlinger: Remove BufferLayer(0x7854a3b000) com.oringnet.wm/com.oring.SlideActivity@7643#1 (-1 x -1)
06-16 17:52:31.502   793   793 I BufferQueue: [com.oringnet.wm/com.oring.SlideActivity@7643#1](this:0x7854876000,id:2882,api:1,p:-1,c:-1) ~BufferQueueCore
06-16 17:52:31.505   793   793 I MiniDump: 0x7854a7a000 |     DEVICE |          0 | 1.000 |    0    0  720 1600 |   0.0   0.0 720.0 1600.0 | com.oringnet.wm/com.oring.SlideActivity@7643#0
06-16 17:52:31.505   793   793 I MiniDump: 0x7861311000 |     DEVICE |          0 | 0.831 |  298  757  422  881 |   0.0   0.0 126.0 126.0 | com.oringnet.wm/com.oring.SlideActivity@7643#2
06-16 17:52:31.569  7643  7643 W UiThreadStatement: Already on the UI thread, this method should not be called from the main application thread
06-16 17:52:31.569  7643  7643 I DeviceInfo: [Req]<Read APIKEY> 0103021000044474
06-16 17:52:31.569  7643  7643 I HEX:    : 
06-16 17:52:31.577  7643  7643 I DeviceInfo: [Rsp]<Read SN> 010308000000000000000095d7
06-16 17:52:31.666  7643  7643 W UiThreadStatement: Already on the UI thread, this method should not be called from the main application thread
06-16 17:52:31.666  7643  7643 I DeviceInfo: [Req]<Read SN> 010402140004b075
06-16 17:52:31.721   793   793 I SurfaceFlinger: screenshot (com.oringnet.wm/com.oring.SlideActivity@7643#0)
06-16 17:52:31.724  7643  7643 I DeviceInfo: [Rsp]<Read SN> 0104086f695f74657474731ff4
06-16 17:52:31.811  7643  7643 W UiThreadStatement: Already on the UI thread, this method should not be called from the main application thread
06-16 17:52:31.811  7643  7643 I DeviceInfo: [Req]<Read SN> 0104021800047076
06-16 17:52:31.811  7643  7643 I HEX:    : 6f695f74657474733930
06-16 17:52:31.818  7643  7643 I DeviceInfo: [Rsp]<Read RSSI> 0104083930000000000000d770
06-16 17:52:31.837   793   793 I SurfaceFlinger: screenshot (com.oringnet.wm/com.oring.SlideActivity@7643#0)
06-16 17:52:31.909  7643  7643 W UiThreadStatement: Already on the UI thread, this method should not be called from the main application thread
06-16 17:52:31.909  7643  7643 I DeviceInfo: [Req]<Read RSSI> 0104022400017079
06-16 17:52:31.909  7643  7643 I NB_RSSI : ff8f
06-16 17:52:31.916  7643  7643 I DeviceInfo: [Rsp]<Read RSRQ> 010402ff8fb964
06-16 17:52:31.937   793   793 I SurfaceFlinger: screenshot (com.oringnet.wm/com.oring.SlideActivity@7643#0)
06-16 17:52:31.940   793   827 I BufferQueueProducer: [com.oringnet.wm/com.oring.SlideActivity@7643#0](this:0x7854a28800,id:2870,api:1,p:7643,c:793) queueBuffer: fps=10.92 dur=1007.49 max=417.49 min=10.49
06-16 17:52:32.006  7643  7643 W UiThreadStatement: Already on the UI thread, this method should not be called from the main application thread
06-16 17:52:32.006  7643  7643 I DeviceInfo: [Req]<Read RSRQ> 0104024700018067
06-16 17:52:32.006  7643  7643 I NB_RSRQ : fff3
06-16 17:52:32.012  7643  7643 I DeviceInfo: [Rsp]<Read RSRP> 010402fff3b885
06-16 17:52:32.037   793   793 I SurfaceFlinger: screenshot (com.oringnet.wm/com.oring.SlideActivity@7643#0)
06-16 17:52:32.104  7643  7643 I NB_RSRP : ff82
06-16 17:52:32.109  7643  7643 I DeviceInfo: [Rsp]<Read SINR> 010402ff8278a1
06-16 17:52:32.109  7643  7643 W UiThreadStatement: Already on the UI thread, this method should not be called from the main application thread
06-16 17:52:32.109  7643  7643 I DeviceInfo: [Req]<Read SINR> 010402480001b064
06-16 17:52:32.137   793   793 I SurfaceFlinger: screenshot (com.oringnet.wm/com.oring.SlideActivity@7643#0)
06-16 17:52:32.251  7643  7643 I NB_SINR : ffff
06-16 17:52:32.263  7643  7643 I DeviceInfo: [Rsp]<Read IMEI> 010402ffffb880
06-16 17:52:32.271   793   793 I SurfaceFlinger: screenshot (com.oringnet.wm/com.oring.SlideActivity@7643#0)
06-16 17:52:32.283  7643  7643 W UiThreadStatement: Already on the UI thread, this method should not be called from the main application thread
06-16 17:52:32.283  7643  7643 I DeviceInfo: [Req]<Read IMEI> 010402490001e1a4
06-16 17:52:32.348  7643  7643 W UiThreadStatement: Already on the UI thread, this method should not be called from the main application thread
06-16 17:52:32.348  7643  7643 I DeviceInfo: [Req]<Read IMEI> 010402270004407a
06-16 17:52:32.356  7643  7643 I DeviceInfo: [Rsp]<Read IMEI> 010408ffffff82fffffff30986
06-16 17:52:32.387   793   793 I SurfaceFlinger: screenshot (com.oringnet.wm/com.oring.SlideActivity@7643#0)
06-16 17:52:32.446  7643  7643 W UiThreadStatement: Already on the UI thread, this method should not be called from the main application thread
06-16 17:52:32.446  7643  7643 I DeviceInfo: [Req]<Read IMEI> 0104022B00048079
06-16 17:52:32.446  7643  7643 I HEX:    : ffffff82fffffff3ffff00760e38
06-16 17:52:32.454  7643  7643 I DeviceInfo: [Rsp]<Read FW VERSION> 010408ffff007600000e38a87f
06-16 17:52:32.488   793   793 I SurfaceFlinger: screenshot (com.oringnet.wm/com.oring.SlideActivity@7643#0)
06-16 17:52:32.543  7643  7643 W UiThreadStatement: Already on the UI thread, this method should not be called from the main application thread
06-16 17:52:32.543  7643  7643 I DeviceInfo: [Req]<Read FW VERSION> 0104020000027073
06-16 17:52:32.549  7643  7643 I DeviceInfo: [Rsp]<Read FW VERSION> 0104043176312e812e
06-16 17:52:32.604   793   793 I SurfaceFlinger: screenshot (com.oringnet.wm/com.oring.SlideActivity@7643#0)
06-16 17:52:32.640  7643  7643 W UiThreadStatement: Already on the UI thread, this method should not be called from the main application thread
06-16 17:52:32.641  7643  7643 I DeviceInfo: [Req]<Read FW VERSION> 01040204000231b2
06-16 17:52:32.648  7643  7643 I DeviceInfo: [Rsp]<Read FW VERSION> 01040474733430077b
06-16 17:52:32.721   793   793 I SurfaceFlinger: screenshot (com.oringnet.wm/com.oring.SlideActivity@7643#0)
06-16 17:52:32.738  7643  7643 I HEX:    : 3176312e74733430
06-16 17:52:32.746  7643  7643 I DeviceInfo: [Rsp]<Read HW VERSION> 01040400000000fb84
06-16 17:52:32.747  7643  7643 W UiThreadStatement: Already on the UI thread, this method should not be called from the main application thread
06-16 17:52:32.747  7643  7643 I DeviceInfo: [Req]<Read HW VERSION> 010402080002f1b1
06-16 17:52:32.835  7643  7643 W UiThreadStatement: Already on the UI thread, this method should not be called from the main application thread
06-16 17:52:32.835  7643  7643 I DeviceInfo: [Req]<Read HW VERSION> 010402020002d1b3
06-16 17:52:32.838   793   793 I SurfaceFlinger: screenshot (com.oringnet.wm/com.oring.SlideActivity@7643#0)
06-16 17:52:32.843  7643  7643 I DeviceInfo: [Rsp]<Read HW VERSION> 010404362e6574bf72
06-16 17:52:32.939  7643  7643 I DeviceInfo: [Rsp]<Read HW VERSION> 010404363000667429
06-16 17:52:32.939  7643  7643 W UiThreadStatement: Already on the UI thread, this method should not be called from the main application thread
06-16 17:52:32.940  7643  7643 I DeviceInfo: [Req]<Read HW VERSION> 0104020600029072
06-16 17:52:32.954   793   793 I SurfaceFlinger: screenshot (com.oringnet.wm/com.oring.SlideActivity@7643#0)
06-16 17:52:33.030  7643  7643 I HEX:    : 362e657436300066
06-16 17:52:33.039  7643  7643 I DeviceInfo: [Rsp]<Read BLE PASSWORD> 01040400000000fb84
06-16 17:52:33.048  7643  7643 W UiThreadStatement: Already on the UI thread, this method should not be called from the main application thread
06-16 17:52:33.048  7643  7643 I DeviceInfo: [Req]<Read BLE PASSWORD> 0104020A00025071
06-16 17:52:33.054   793   793 I SurfaceFlinger: screenshot (com.oringnet.wm/com.oring.SlideActivity@7643#0)
06-16 17:52:33.055   793  2100 I BufferQueueProducer: [com.oringnet.wm/com.oring.SlideActivity@7643#0](this:0x7854a28800,id:2870,api:1,p:7643,c:793) queueBuffer: fps=10.76 dur=1115.70 max=289.45 min=6.45
06-16 17:52:33.128  7643  7643 I HEX:    : 393939393939
06-16 17:52:33.128  7643  7643 I Password: : 999999
06-16 17:52:33.134  7643  7643 I DeviceInfo: [Rsp]<Read KEEP A LIVE> 0103083939393939390000ba57
06-16 17:52:33.134  7643  7643 W UiThreadStatement: Already on the UI thread, this method should not be called from the main application thread
06-16 17:52:33.134  7643  7643 I DeviceInfo: [Req]<Read KEEP A LIVE> 010303E80004c479
06-16 17:52:33.170   793   793 I SurfaceFlinger: screenshot (com.oringnet.wm/com.oring.SlideActivity@7643#0)
06-16 17:52:33.225  7643  7643 W UiThreadStatement: Already on the UI thread, this method should not be called from the main application thread
06-16 17:52:33.225  7643  7643 I DeviceInfo: [Req]<Read KEEP A LIVE> 010302B600016454
06-16 17:52:33.226  7643  7643 I KeepALive: 003c
06-16 17:52:33.232  7643  7643 I DeviceInfo: [Rsp]<Read FORCE FLAG> 010302003cb855
06-16 17:52:33.270   793   793 I SurfaceFlinger: screenshot (com.oringnet.wm/com.oring.SlideActivity@7643#0)
06-16 17:52:33.322  7643  7643 W UiThreadStatement: Already on the UI thread, this method should not be called from the main application thread
06-16 17:52:33.322  7643  7643 I DeviceInfo: [Req]<Read FORCE FLAG> 010104000001fcfa
06-16 17:52:33.323  7643  7643 I fc_Status:: 01false
06-16 17:52:33.325  7643  7666 D Surface : Surface::disconnect(this=0x7c23326000,api=1)
06-16 17:52:33.326   793   827 I BufferQueueProducer: [com.oringnet.wm/com.oring.SlideActivity@7643#2](this:0x78612f2000,id:2883,api:1,p:7643,c:793) disconnect(P): api 1
06-16 17:52:33.338  7643  7643 I DeviceInfo: [Rsp]<Read FORCE FLAG> 010101019048
06-16 17:52:33.378   793   793 I SurfaceFlinger: screenshot (com.oringnet.wm/com.oring.SlideActivity@7643#0)
06-16 17:52:33.504   793   793 I MiniDump: 0x7854a7a000 |     DEVICE |          0 | 1.000 |    0    0  720 1600 |   0.0   0.0 720.0 1600.0 | com.oringnet.wm/com.oring.SlideActivity@7643#0
06-16 17:52:33.585   793   793 I SurfaceFlinger: Remove BufferLayer(0x7861311000) com.oringnet.wm/com.oring.SlideActivity@7643#2 (-1 x -1)
06-16 17:52:33.585   793   793 I BufferQueue: [com.oringnet.wm/com.oring.SlideActivity@7643#2](this:0x78612f2000,id:2883,api:1,p:-1,c:-1) ~BufferQueueCore
06-16 17:52:33.588   793   793 I MiniDump: 0x7854a7a000 |     DEVICE |          0 | 1.000 |    0    0  720 1600 |   0.0   0.0 720.0 1600.0 | com.oringnet.wm/com.oring.SlideActivity@7643#0
06-16 17:52:33.621   793   793 I SurfaceFlinger: screenshot (com.oringnet.wm/com.oring.SlideActivity@7643#0)
06-16 17:52:33.737   793   793 I SurfaceFlinger: screenshot (com.oringnet.wm/com.oring.SlideActivity@7643#0)
06-16 17:52:33.921   793   793 I SurfaceFlinger: screenshot (com.oringnet.wm/com.oring.SlideActivity@7643#0)
06-16 17:52:33.970  7643  7643 I ViewRootImpl: ViewRoot's Touch Event : ACTION_DOWN
06-16 17:52:33.974  7643  7643 I ViewRootImpl: ViewRoot's Touch Event : ACTION_UP
06-16 17:52:34.053   793   793 I SurfaceFlinger: screenshot (com.oringnet.wm/com.oring.SlideActivity@7643#0)
06-16 17:52:34.153   793   793 I SurfaceFlinger: screenshot (com.oringnet.wm/com.oring.SlideActivity@7643#0)
06-16 17:52:34.255   793   793 I SurfaceFlinger: screenshot (com.oringnet.wm/com.oring.SlideActivity@7643#0)
06-16 17:52:34.371   793   793 I SurfaceFlinger: screenshot (com.oringnet.wm/com.oring.SlideActivity@7643#0)
06-16 17:52:34.604   793   793 I SurfaceFlinger: screenshot (com.oringnet.wm/com.oring.SlideActivity@7643#0)
06-16 17:52:34.626   793   826 I BufferQueueProducer: [com.oringnet.wm/com.oring.SlideActivity@7643#0](this:0x7854a28800,id:2870,api:1,p:7643,c:793) queueBuffer: fps=4.46 dur=1570.61 max=634.02 min=6.99
06-16 17:52:34.720   793   793 I SurfaceFlinger: screenshot (com.oringnet.wm/com.oring.SlideActivity@7643#0)
06-16 17:52:34.972   793   793 I SurfaceFlinger: screenshot (com.oringnet.wm/com.oring.SlideActivity@7643#0)
06-16 17:52:35.205   793   793 I SurfaceFlinger: screenshot (com.oringnet.wm/com.oring.SlideActivity@7643#0)
06-16 17:52:35.686  7643  7643 I ViewRootImpl: ViewRoot's Touch Event : ACTION_DOWN
06-16 17:52:35.691  7643  7643 I ViewRootImpl: ViewRoot's Touch Event : ACTION_UP
06-16 17:52:35.701  7643  7643 D PhoneWindow: windowLightStatusBar : false, disable View.SYSTEM_UI_FLAG_LIGHT_STATUS_BAR
06-16 17:52:35.704   793   793 I SurfaceFlinger: screenshot (com.oringnet.wm/com.oring.SlideActivity@7643#0)
06-16 17:52:35.717  7643  7643 I TouchFilterInputStageHelper: [needTouchEventFilter] Displayid : 0
06-16 17:52:35.722  7643  7643 D BezellessGripSuppressionFilter: getdisplaysize, x : 720 y : 1600
06-16 17:52:35.745   793   826 I BufferQueueConsumer: [com.oringnet.wm/com.oring.SlideActivity@7643#1](this:0x78612f0800,id:2884,api:0,p:-1,c:793) setConsumerName: com.oringnet.wm/com.oring.SlideActivity@7643#1
06-16 17:52:35.745   793   826 I BufferQueueConsumer: [com.oringnet.wm/com.oring.SlideActivity@7643#1](this:0x78612f0800,id:2884,api:0,p:-1,c:793) setDefaultBufferSize: width=126 height=126
06-16 17:52:35.745   793   826 I SurfaceFlinger: Create BufferLayer(0x786130b000) com.oringnet.wm/com.oring.SlideActivity@7643#1 (126 x 126)
06-16 17:52:35.751  7643  7666 D Surface : Surface::connect(this=0x7c26f4e000,api=1)
06-16 17:52:35.752   793   826 I BufferQueueProducer: [com.oringnet.wm/com.oring.SlideActivity@7643#1](this:0x78612f0800,id:2884,api:1,p:7643,c:793) connect(P): api=1 producer=(7643:com.oringnet.wm) producerControlledByApp=false
06-16 17:52:35.753  7643  7666 D Surface : Surface::setBufferCount(this=0x7c26f4e000,bufferCount=3)
06-16 17:52:35.753  7643  7666 D Surface : Surface::allocateBuffers(this=0x7c26f4e000)
