06-25 13:30:56.101 11439 11439 I I/O     : [Rsp]<Read DI Status> 01020100a188
06-25 13:30:56.104 11439 11439 W UiThreadStatement: Already on the UI thread, this method should not be called from the main application thread
06-25 13:30:56.104 11439 11439 I I/O     : [Req]<Read DO Status> 01020000000479c9
06-25 13:30:56.105   796   796 I SurfaceFlinger: screenshot (com.oringnet.wm/com.oring.SlideActivity@11439#0)
06-25 13:30:56.199 11439 11439 W UiThreadStatement: Already on the UI thread, this method should not be called from the main application thread
06-25 13:30:56.199 11439 11439 I I/O     : [Req]<Read DO Status> 0101000000043dc9
06-25 13:30:56.200 11439 11439 I I/O     : [Rsp]<Read DO Status> 010101005188
06-25 13:30:56.221   796   796 I SurfaceFlinger: screenshot (com.oringnet.wm/com.oring.SlideActivity@11439#0)
06-25 13:30:56.337   796   796 I SurfaceFlinger: screenshot (com.oringnet.wm/com.oring.SlideActivity@11439#0)
06-25 13:30:56.345 11439 11439 I I/O     : [Rsp]<Read RELAY Status> 010101005188
06-25 13:30:56.348 11439 11439 W UiThreadStatement: Already on the UI thread, this method should not be called from the main application thread
06-25 13:30:56.348 11439 11439 I I/O     : [Req]<Read DI COUNTER> 010100040002fc0a
06-25 13:30:56.442 11439 11439 I I/O     : [Rsp]<Read DI COUNTER> 0104080000000000000000240d
06-25 13:30:56.446 11439 11439 W UiThreadStatement: Already on the UI thread, this method should not be called from the main application thread
06-25 13:30:56.446 11439 11439 I I/O     : [Req]<Read AI 0 Status> 010404310004a136
06-25 13:30:56.454   796   796 I SurfaceFlinger: screenshot (com.oringnet.wm/com.oring.SlideActivity@11439#0)
06-25 13:30:56.540 11439 11439 W UiThreadStatement: Already on the UI thread, this method should not be called from the main application thread
06-25 13:30:56.540 11439 11439 I I/O     : [Req]<Read AI 0 Status> 01040000000271cb
06-25 13:30:56.540 11439 11439 I I/O     : [Rsp]<Read AI 0 Status> 01040400000000fb84
06-25 13:30:56.546 11439 11439 I AI_value:: 0.0
06-25 13:30:56.546 11439 11439 I AI_raw: : 00000000
06-25 13:30:56.571   796   796 I SurfaceFlinger: screenshot (com.oringnet.wm/com.oring.SlideActivity@11439#0)
06-25 13:30:56.637 11439 11439 W UiThreadStatement: Already on the UI thread, this method should not be called from the main application thread
06-25 13:30:56.637 11439 11439 I I/O     : [Req]<Read AI 1 Status> 010400020002d00b
06-25 13:30:56.637 11439 11439 I I/O     : [Rsp]<Read AI 1 Status> 01040400000000fb84
06-25 13:30:56.644 11439 11439 I AI_value:: 0.0
06-25 13:30:56.644 11439 11439 I AI_raw: : 00000000
06-25 13:30:56.671   796   796 I SurfaceFlinger: screenshot (com.oringnet.wm/com.oring.SlideActivity@11439#0)
06-25 13:30:56.735 11439 11439 W UiThreadStatement: Already on the UI thread, this method should not be called from the main application thread
06-25 13:30:56.735 11439 11439 I I/O     : [Req]<Read AI 2 Status> 010400040002300a
06-25 13:30:56.735 11439 11439 I I/O     : [Rsp]<Read AI 2 Status> 01040400000000fb84
06-25 13:30:56.753 11439 11439 I AI_value:: 0.0
06-25 13:30:56.753 11439 11439 I AI_raw: : 00000000
06-25 13:30:56.787   796   796 I SurfaceFlinger: screenshot (com.oringnet.wm/com.oring.SlideActivity@11439#0)
06-25 13:30:56.832 11439 11439 W UiThreadStatement: Already on the UI thread, this method should not be called from the main application thread
06-25 13:30:56.832 11439 11439 I I/O     : [Req]<Read AI 3 Status> 01040006000291ca
06-25 13:30:56.833 11439 11439 I I/O     : [Rsp]<Read AI 3 Status> 01040441fa0000cf89
06-25 13:30:56.850 11439 11439 I AI_value:: 31.25
06-25 13:30:56.850 11439 11439 I AI_raw: : 41fa0000
06-25 13:30:56.873   796  1305 I BufferQueueProducer: [com.oringnet.wm/com.oring.SlideActivity@11439#0](this:0x72a451a800,id:27,api:1,p:11439,c:796) queueBuffer: fps=15.58 dur=1026.97 max=170.56 min=5.16
06-25 13:30:56.887   796   796 I SurfaceFlinger: screenshot (com.oringnet.wm/com.oring.SlideActivity@11439#0)
06-25 13:30:56.930 11439 11439 I I/O     : [Rsp]<Read AI 4 Status> 01040400000000fb84
06-25 13:30:56.947 11439 11439 I AI_value:: 0.0
06-25 13:30:56.947 11439 11439 I AI_raw: : 00000000
06-25 13:30:56.950 11439 11439 W UiThreadStatement: Already on the UI thread, this method should not be called from the main application thread
06-25 13:30:56.950 11439 11439 I I/O     : [Req]<Read AI 5 Status> 010400080002f009
06-25 13:30:57.029 11439 11439 W UiThreadStatement: Already on the UI thread, this method should not be called from the main application thread
06-25 13:30:57.029 11439 11439 I I/O     : [Req]<Read AI 5 Status> 0104000A000251c9
06-25 13:30:57.029 11439 11439 I I/O     : [Rsp]<Read AI 5 Status> 01040441fa0000cf89
06-25 13:30:57.065 11439 11439 I AI_value:: 31.25
06-25 13:30:57.066 11439 11439 I AI_raw: : 41fa0000
06-25 13:30:57.126 11439 11439 I I/O     : [Rsp]<Read AI Type> 01030c000600060006000600060006285b
06-25 13:30:57.133 11439 11439 W UiThreadStatement: Already on the UI thread, this method should not be called from the main application thread
06-25 13:30:57.133 11439 11439 I I/O     : [Req]<Read RTD 2 mode> 010304000006c4f8
06-25 13:30:57.140   796   796 I SurfaceFlinger: screenshot (com.oringnet.wm/com.oring.SlideActivity@11439#0)
06-25 13:30:57.224 11439 11439 W UiThreadStatement: Already on the UI thread, this method should not be called from the main application thread
06-25 13:30:57.225 11439 11439 I I/O     : [Req]<Read RTD 2 mode> 010303050004544c
06-25 13:30:57.225 11439 11439 I I/O     : [Rsp]<Read RTD 2 mode> 010308000000000000000095d7
06-25 13:30:57.225 11439 11439 I RTD_mode:: 0000000000000000
06-25 13:30:57.225 11439 11439 I parseRTD_mode: SW index 0 = 0
06-25 13:30:57.225 11439 11439 I parseRTD_mode: SW index 2 = 0
06-25 13:30:57.225 11439 11439 I parseRTD_mode: SW index 1 = 0
06-25 13:30:57.225 11439 11439 I parseRTD_mode: SW index 3 = 0
06-25 13:30:57.322 11439 11439 W UiThreadStatement: Already on the UI thread, this method should not be called from the main application thread
06-25 13:30:57.322 11439 11439 I I/O     : [Req]<Read RTD 2 mode> 010303f90001547f
06-25 13:30:57.325 11439 11439 I I/O     : [Rsp]<Read RTD 2 mode> 0103020000b844
06-25 13:30:57.325 11439 11439 I finish  : @@!!
06-25 13:30:57.408   796   796 I SurfaceFlinger: screenshot (com.oringnet.wm/com.oring.SlideActivity@11439#0)
06-25 13:30:57.674   796   796 I SurfaceFlinger: screenshot (com.oringnet.wm/com.oring.SlideActivity@11439#0)
06-25 13:30:57.741 11439 11439 I ViewRootImpl: ViewRoot's Touch Event : ACTION_DOWN
06-25 13:30:57.880   796  2089 I BufferQueueProducer: [com.oringnet.wm/com.oring.SlideActivity@11439#0](this:0x72a451a800,id:27,api:1,p:11439,c:796) queueBuffer: fps=23.83 dur=1006.97 max=395.11 min=14.51
06-25 13:30:57.940   796   796 I SurfaceFlinger: screenshot (com.oringnet.wm/com.oring.SlideActivity@11439#0)
06-25 13:30:58.191   796   796 I SurfaceFlinger: screenshot (com.oringnet.wm/com.oring.SlideActivity@11439#0)
06-25 13:30:58.457   796   796 I SurfaceFlinger: screenshot (com.oringnet.wm/com.oring.SlideActivity@11439#0)
06-25 13:30:58.646 11439 11439 I ViewRootImpl: ViewRoot's Touch Event : ACTION_UP
06-25 13:30:58.647 11439 11439 I TouchFlickNoti: CHANGE UP TO DOWN vectorVelocity:1461
06-25 13:30:58.671   796   796 I SurfaceFlinger: screenshot (com.oringnet.wm/com.oring.SlideActivity@11439#0)
06-25 13:30:58.787   796   796 I SurfaceFlinger: screenshot (com.oringnet.wm/com.oring.SlideActivity@11439#0)
06-25 13:30:58.888   796   796 I SurfaceFlinger: screenshot (com.oringnet.wm/com.oring.SlideActivity@11439#0)
06-25 13:30:58.890   796  2089 I BufferQueueProducer: [com.oringnet.wm/com.oring.SlideActivity@11439#0](this:0x72a451a800,id:27,api:1,p:11439,c:796) queueBuffer: fps=60.41 dur=1009.76 max=18.53 min=13.31
06-25 13:30:58.922 11439 11439 I ViewRootImpl: ViewRoot's Touch Event : ACTION_DOWN
06-25 13:30:58.988   796   796 I SurfaceFlinger: screenshot (com.oringnet.wm/com.oring.SlideActivity@11439#0)
06-25 13:30:59.671   796   796 I SurfaceFlinger: screenshot (com.oringnet.wm/com.oring.SlideActivity@11439#0)
06-25 13:30:59.788   796   796 I SurfaceFlinger: screenshot (com.oringnet.wm/com.oring.SlideActivity@11439#0)
06-25 13:30:59.827 11439 11439 I ViewRootImpl: ViewRoot's Touch Event : ACTION_UP
06-25 13:30:59.827 11439 11439 I TouchFlickNoti: CHANGE DOWN TO UP vectorVelocity:-1164
06-25 13:30:59.890   796  1305 I BufferQueueProducer: [com.oringnet.wm/com.oring.SlideActivity@11439#0](this:0x72a451a800,id:27,api:1,p:11439,c:796) queueBuffer: fps=59.97 dur=1000.49 max=20.11 min=14.83
06-25 13:30:59.904   796   796 I SurfaceFlinger: screenshot (com.oringnet.wm/com.oring.SlideActivity@11439#0)
06-25 13:31:00.005   796   796 I SurfaceFlinger: screenshot (com.oringnet.wm/com.oring.SlideActivity@11439#0)
06-25 13:31:00.121   796   796 I SurfaceFlinger: screenshot (com.oringnet.wm/com.oring.SlideActivity@11439#0)
06-25 13:31:00.671   796   796 I SurfaceFlinger: screenshot (com.oringnet.wm/com.oring.SlideActivity@11439#0)
06-25 13:31:00.788   796   796 I SurfaceFlinger: screenshot (com.oringnet.wm/com.oring.SlideActivity@11439#0)
06-25 13:31:00.888   796   796 I SurfaceFlinger: screenshot (com.oringnet.wm/com.oring.SlideActivity@11439#0)
06-25 13:31:00.891   796  2089 I BufferQueueProducer: [com.oringnet.wm/com.oring.SlideActivity@11439#0](this:0x72a451a800,id:27,api:1,p:11439,c:796) queueBuffer: fps=59.97 dur=1000.56 max=17.59 min=15.88
06-25 13:31:00.988   796   796 I SurfaceFlinger: screenshot (com.oringnet.wm/com.oring.SlideActivity@11439#0)
06-25 13:31:01.622   796   796 I SurfaceFlinger: screenshot (com.oringnet.wm/com.oring.SlideActivity@11439#0)
06-25 13:31:01.738   796   796 I SurfaceFlinger: screenshot (com.oringnet.wm/com.oring.SlideActivity@11439#0)
06-25 13:31:01.856   796   796 I SurfaceFlinger: screenshot (com.oringnet.wm/com.oring.SlideActivity@11439#0)
06-25 13:31:01.891   796  2089 I BufferQueueProducer: [com.oringnet.wm/com.oring.SlideActivity@11439#0](this:0x72a451a800,id:27,api:1,p:11439,c:796) queueBuffer: fps=60.00 dur=1000.02 max=17.26 min=16.03
06-25 13:31:01.972   796   796 I SurfaceFlinger: screenshot (com.oringnet.wm/com.oring.SlideActivity@11439#0)
06-25 13:31:02.089   796   796 I SurfaceFlinger: screenshot (com.oringnet.wm/com.oring.SlideActivity@11439#0)
06-25 13:31:02.658   796   796 I SurfaceFlinger: screenshot (com.oringnet.wm/com.oring.SlideActivity@11439#0)
06-25 13:31:04.758 11439 11439 I ViewRootImpl: ViewRoot's Touch Event : ACTION_DOWN
06-25 13:31:04.768 11439 11439 I ViewRootImpl: ViewRoot's Touch Event : ACTION_UP
06-25 13:31:04.772 11439 11439 I PortN:  : 項目 0/名稱 R0
06-25 13:31:04.772 11439 11439 I Lang:   : zh
06-25 13:31:04.773 11439 11439 I YYTT:   : @@
06-25 13:31:04.946 11439 11439 D BluetoothGatt: setCharacteristicNotification() - uuid: 6e400003-b5a3-f393-e0a9-e50e24dcca9e enable: true
06-25 13:31:05.049   796  2089 I BufferQueueProducer: [com.oringnet.wm/com.oring.SlideActivity@11439#0](this:0x72a451a800,id:27,api:1,p:11439,c:796) queueBuffer: fps=9.50 dur=3157.79 max=2286.00 min=11.54
06-25 13:31:05.051 11439 11439 I @Select : Pt100, -200 to 850°C
06-25 13:31:05.052 11439 11439 I refresh_step_R: 1
06-25 13:31:05.090   796   796 I SurfaceFlinger: screenshot (com.oringnet.wm/com.oring.SlideActivity@11439#0)
06-25 13:31:05.112   796   796 I SurfaceFlinger: screenshot (com.oringnet.wm/com.oring.SlideActivity@11439#0)
06-25 13:31:05.120 11439 11439 W UiThreadStatement: Already on the UI thread, this method should not be called from the main application thread
06-25 13:31:05.121 11439 11439 I RTDPage : [Req]<READ CHANNEL ENABLE> 01030410000184ff
06-25 13:31:05.121 11439 11439 I RTDPage : [Rsp]<READ CHANNEL ENABLE> 01030200017984
06-25 13:31:05.121 11439 11439 I refresh_step: 1
06-25 13:31:05.122 11439 11439 I refresh_step_R: 2
06-25 13:31:05.190   796   796 I SurfaceFlinger: screenshot (com.oringnet.wm/com.oring.SlideActivity@11439#0)
06-25 13:31:05.224 11439 11439 I RTDPage : [Rsp]<READ INPUT TYPE> 01030200063846
06-25 13:31:05.224 11439 11439 I refresh_step: 2
06-25 13:31:05.224 11439 11439 I refresh_step_R: 3
06-25 13:31:05.231 11439 11439 W UiThreadStatement: Already on the UI thread, this method should not be called from the main application thread
06-25 13:31:05.232 11439 11439 I RTDPage : [Req]<READ REPORTING> 01030402000124fa
06-25 13:31:05.291   796   796 I SurfaceFlinger: screenshot (com.oringnet.wm/com.oring.SlideActivity@11439#0)
06-25 13:31:05.324 11439 11439 W UiThreadStatement: Already on the UI thread, this method should not be called from the main application thread
06-25 13:31:05.324 11439 11439 I RTDPage : [Req]<READ REPORTING> 01030242000125a6
06-25 13:31:05.324 11439 11439 I RTDPage : [Rsp]<READ REPORTING> 0103020000b844
06-25 13:31:05.324 11439 11439 I refresh_step: 3
06-25 13:31:05.325 11439 11439 I refresh_step_R: 4
06-25 13:31:05.414 11439 11439 I RTDPage : [Rsp]<READ HIGH ALARM ENABLE> 0103020000b844
06-25 13:31:05.414 11439 11439 I refresh_step: 4
06-25 13:31:05.416 11439 11439 I refresh_step_R: 5
06-25 13:31:05.424 11439 11439 W UiThreadStatement: Already on the UI thread, this method should not be called from the main application thread
06-25 13:31:05.424 11439 11439 I RTDPage : [Req]<READ HIGH ALARM> 0103046300017524
06-25 13:31:05.511 11439 11439 I RTDPage : [Rsp]<READ HIGH ALARM> 0103020000b844
06-25 13:31:05.511 11439 11439 I refresh_step: 5
06-25 13:31:05.512 11439 11439 I Float   : 0000
06-25 13:31:05.514 11439 11439 I refresh_step_R: 6
06-25 13:31:05.523 11439 11439 W UiThreadStatement: Already on the UI thread, this method should not be called from the main application thread
06-25 13:31:05.524 11439 11439 I RTDPage : [Req]<READ LOW ALARM ENABLE> 0103046600016525
06-25 13:31:05.609 11439 11439 I RTDPage : [Rsp]<READ LOW ALARM ENABLE> 0103020000b844
06-25 13:31:05.610 11439 11439 I refresh_step: 6
06-25 13:31:05.611 11439 11439 I refresh_step_R: 7
06-25 13:31:05.623 11439 11439 W UiThreadStatement: Already on the UI thread, this method should not be called from the main application thread
06-25 13:31:05.624 11439 11439 I RTDPage : [Req]<READ LOW ALARM> 01030485000194d3
06-25 13:31:05.707 11439 11439 I RTDPage : [Rsp]<READ LOW ALARM> 0103020000b844
06-25 13:31:05.707 11439 11439 I refresh_step: 7
06-25 13:31:05.711 11439 11439 I refresh_step@: 7
06-25 13:31:05.711 11439 11439 W UiThreadStatement: Already on the UI thread, this method should not be called from the main application thread
06-25 13:31:05.712 11439 11439 I RTDPage : [Req]<READ LOW ALARM> 0103048800010510
06-25 13:31:05.754   796   796 I SurfaceFlinger: screenshot (com.oringnet.wm/com.oring.SlideActivity@11439#0)
06-25 13:31:06.229 11439 11439 I ViewRootImpl: ViewRoot's Touch Event : ACTION_DOWN
06-25 13:31:06.238 11439 11439 I ViewRootImpl: ViewRoot's Touch Event : ACTION_UP
06-25 13:31:06.270   796  1305 I BufferQueueProducer: [com.oringnet.wm/com.oring.SlideActivity@11439#0](this:0x72a451a800,id:27,api:1,p:11439,c:796) queueBuffer: fps=21.29 dur=1221.13 max=537.46 min=8.06
06-25 13:31:06.326 11439 11439 I @Select : Ni120, -80 to 260°C
06-25 13:31:06.441   796   796 I SurfaceFlinger: screenshot (com.oringnet.wm/com.oring.SlideActivity@11439#0)
06-25 13:31:06.591   796   796 I SurfaceFlinger: screenshot (com.oringnet.wm/com.oring.SlideActivity@11439#0)
06-25 13:31:06.645   796   796 I SurfaceFlinger: screenshot (com.oringnet.wm/com.oring.SlideActivity@11439#0)
06-25 13:31:06.706   796   796 I SurfaceFlinger: screenshot (com.oringnet.wm/com.oring.SlideActivity@11439#0)
06-25 13:31:06.808   796   796 I SurfaceFlinger: screenshot (com.oringnet.wm/com.oring.SlideActivity@11439#0)
06-25 13:31:08.302   796  2155 I BufferQueueProducer: [com.oringnet.wm/com.oring.SlideActivity@11439#0](this:0x72a451a800,id:27,api:1,p:11439,c:796) queueBuffer: fps=16.73 dur=2032.68 max=1161.89 min=11.98
06-25 13:31:10.046 11439 11439 I ViewRootImpl: ViewRoot's Touch Event : ACTION_DOWN
06-25 13:31:10.056 11439 11439 I ViewRootImpl: ViewRoot's Touch Event : ACTION_UP
06-25 13:31:10.085   796  2089 I BufferQueueProducer: [com.oringnet.wm/com.oring.SlideActivity@11439#0](this:0x72a451a800,id:27,api:1,p:11439,c:796) queueBuffer: fps=1.12 dur=1783.00 max=1267.43 min=515.56
06-25 13:31:10.158   796   796 I SurfaceFlinger: screenshot (com.oringnet.wm/com.oring.SlideActivity@11439#0)
06-25 13:31:10.410   796   796 I SurfaceFlinger: screenshot (com.oringnet.wm/com.oring.SlideActivity@11439#0)
06-25 13:31:10.760 11439 11439 I ViewRootImpl: ViewRoot's Touch Event : ACTION_DOWN
06-25 13:31:10.768 11439 11439 I ViewRootImpl: ViewRoot's Touch Event : ACTION_UP
06-25 13:31:10.942   796   796 I SurfaceFlinger: screenshot (com.oringnet.wm/com.oring.SlideActivity@11439#0)
06-25 13:31:11.101   796   833 I BufferQueueProducer: [com.oringnet.wm/com.oring.SlideActivity@11439#0](this:0x72a451a800,id:27,api:1,p:11439,c:796) queueBuffer: fps=40.36 dur=1015.87 max=357.09 min=11.50
06-25 13:31:11.194   796   796 I SurfaceFlinger: screenshot (com.oringnet.wm/com.oring.SlideActivity@11439#0)
06-25 13:31:11.575 11439 11439 I ViewRootImpl: ViewRoot's Touch Event : ACTION_DOWN
06-25 13:31:11.777   796   796 I SurfaceFlinger: screenshot (com.oringnet.wm/com.oring.SlideActivity@11439#0)
06-25 13:31:12.044   796   796 I SurfaceFlinger: screenshot (com.oringnet.wm/com.oring.SlideActivity@11439#0)
06-25 13:31:12.117   796   833 I BufferQueueProducer: [com.oringnet.wm/com.oring.SlideActivity@11439#0](this:0x72a451a800,id:27,api:1,p:11439,c:796) queueBuffer: fps=34.46 dur=1015.69 max=449.92 min=14.23
06-25 13:31:12.310   796   796 I SurfaceFlinger: screenshot (com.oringnet.wm/com.oring.SlideActivity@11439#0)
06-25 13:31:12.486 11439 11439 I ViewRootImpl: ViewRoot's Touch Event : ACTION_UP
06-25 13:31:12.487 11439 11439 I TouchFlickNoti: CHANGE UP TO DOWN vectorVelocity:1117
06-25 13:31:12.508   796   796 I SurfaceFlinger: screenshot (com.oringnet.wm/com.oring.SlideActivity@11439#0)
06-25 13:31:12.624   796   796 I SurfaceFlinger: screenshot (com.oringnet.wm/com.oring.SlideActivity@11439#0)
06-25 13:31:12.724   796   796 I SurfaceFlinger: screenshot (com.oringnet.wm/com.oring.SlideActivity@11439#0)
06-25 13:31:12.741 11439 11439 I ViewRootImpl: ViewRoot's Touch Event : ACTION_DOWN
06-25 13:31:12.841   796   796 I SurfaceFlinger: screenshot (com.oringnet.wm/com.oring.SlideActivity@11439#0)
06-25 13:31:12.941   796   796 I SurfaceFlinger: screenshot (com.oringnet.wm/com.oring.SlideActivity@11439#0)
06-25 13:31:13.057   796   796 I SurfaceFlinger: screenshot (com.oringnet.wm/com.oring.SlideActivity@11439#0)
06-25 13:31:13.127   796   833 I BufferQueueProducer: [com.oringnet.wm/com.oring.SlideActivity@11439#0](this:0x72a451a800,id:27,api:1,p:11439,c:796) queueBuffer: fps=60.39 dur=1010.11 max=19.06 min=9.08
06-25 13:31:13.174   796   796 I SurfaceFlinger: screenshot (com.oringnet.wm/com.oring.SlideActivity@11439#0)
06-25 13:31:13.591   796   796 I SurfaceFlinger: screenshot (com.oringnet.wm/com.oring.SlideActivity@11439#0)
06-25 13:31:13.647 11439 11439 I ViewRootImpl: ViewRoot's Touch Event : ACTION_UP
06-25 13:31:13.647 11439 11439 I TouchFlickNoti: CHANGE DOWN TO UP vectorVelocity:-1117
06-25 13:31:13.708   796   796 I SurfaceFlinger: screenshot (com.oringnet.wm/com.oring.SlideActivity@11439#0)
06-25 13:31:13.824   796   796 I SurfaceFlinger: screenshot (com.oringnet.wm/com.oring.SlideActivity@11439#0)
06-25 13:31:13.924   796   796 I SurfaceFlinger: screenshot (com.oringnet.wm/com.oring.SlideActivity@11439#0)
06-25 13:31:14.024   796   796 I SurfaceFlinger: screenshot (com.oringnet.wm/com.oring.SlideActivity@11439#0)
06-25 13:31:14.100   796   796 I SurfaceFlinger: screenshot (com.oringnet.wm/com.oring.SlideActivity@11439#0)
06-25 13:31:14.124   796   796 I SurfaceFlinger: screenshot (com.oringnet.wm/com.oring.SlideActivity@11439#0)
06-25 13:31:14.128   796   833 I BufferQueueProducer: [com.oringnet.wm/com.oring.SlideActivity@11439#0](this:0x72a451a800,id:27,api:1,p:11439,c:796) queueBuffer: fps=59.95 dur=1000.92 max=18.71 min=14.10
06-25 13:31:14.241   796   796 I SurfaceFlinger: screenshot (com.oringnet.wm/com.oring.SlideActivity@11439#0)
06-25 13:31:16.496 11439 11439 I ViewRootImpl: ViewRoot's Touch Event : ACTION_DOWN
06-25 13:31:16.504 11439 11439 I ViewRootImpl: ViewRoot's Touch Event : ACTION_UP
06-25 13:31:16.517 11439 11439 D PhoneWindow: windowLightStatusBar : false, disable View.SYSTEM_UI_FLAG_LIGHT_STATUS_BAR
06-25 13:31:16.549 11439 11439 I TouchFilterInputStageHelper: [needTouchEventFilter] Displayid : 0
06-25 13:31:16.557 11439 11439 D BezellessGripSuppressionFilter: getdisplaysize, x : 720 y : 1600
06-25 13:31:16.593   796   833 I BufferQueueConsumer: [com.oringnet.wm/com.oring.SlideActivity@11439#1](this:0x72978e0000,id:31,api:0,p:-1,c:796) setConsumerName: com.oringnet.wm/com.oring.SlideActivity@11439#1
06-25 13:31:16.593   796   833 I BufferQueueConsumer: [com.oringnet.wm/com.oring.SlideActivity@11439#1](this:0x72978e0000,id:31,api:0,p:-1,c:796) setDefaultBufferSize: width=126 height=126
06-25 13:31:16.593   796   833 I SurfaceFlinger: Create BufferLayer(0x72978da000) com.oringnet.wm/com.oring.SlideActivity@11439#1 (126 x 126)
06-25 13:31:16.603 11439 11463 D Surface : Surface::connect(this=0x75807cf000,api=1)
06-25 13:31:16.604   796  1305 I BufferQueueProducer: [com.oringnet.wm/com.oring.SlideActivity@11439#1](this:0x72978e0000,id:31,api:1,p:11439,c:796) connect(P): api=1 producer=(11439:com.oringnet.wm) producerControlledByApp=false
06-25 13:31:16.606 11439 11463 D Surface : Surface::setBufferCount(this=0x75807cf000,bufferCount=3)
06-25 13:31:16.606 11439 11463 D Surface : Surface::allocateBuffers(this=0x75807cf000)
06-25 13:31:16.675 11439 11439 W UiThreadStatement: Already on the UI thread, this method should not be called from the main application thread
06-25 13:31:16.675 11439 11439 I RTDPage : [Req]<WRITE CHANNEL ENABLE> 0110041000010200052103
06-25 13:31:16.676 11439 11439 I RTDPage : [Rsp]<WRITE CHANNEL ENABLE> 011004100001013c
06-25 13:31:16.680   796   796 I MiniDump: 0x72a44b0000 |     DEVICE |          0 | 1.000 |    0    0  720 1600 |   0.0   0.0 720.0 1600.0 | com.oringnet.wm/com.oring.SlideActivity@11439#0
06-25 13:31:16.680   796   796 I MiniDump: 0x72978da000 |     DEVICE |          0 | 0.287 |  301  760  419  878 |   0.0   0.0 126.0 126.0 | com.oringnet.wm/com.oring.SlideActivity@11439#1
06-25 13:31:16.702   796   796 I SurfaceFlinger: screenshot (com.oringnet.wm/com.oring.SlideActivity@11439#0)
06-25 13:31:16.774 11439 11439 I RTDPage : [Rsp]<WRITE INPUT TYPE> 011004020001a139
06-25 13:31:16.785 11439 11439 W UiThreadStatement: Already on the UI thread, this method should not be called from the main application thread
06-25 13:31:16.785 11439 11439 I RTDPage : [Req]<WRITE REPORTING> 0110040200010202066310
06-25 13:31:16.801   796   796 I SurfaceFlinger: screenshot (com.oringnet.wm/com.oring.SlideActivity@11439#0)
06-25 13:31:16.870 11439 11439 W UiThreadStatement: Already on the UI thread, this method should not be called from the main application thread
06-25 13:31:16.871 11439 11439 I RTDPage : [Req]<WRITE REPORTING> 0110024200010200008ab2
06-25 13:31:16.880 11439 11439 I RTDPage : [Rsp]<WRITE REPORTING> 011002420001a065
06-25 13:31:16.968 11439 11439 I RTDPage : [Rsp]<WRITE HIGH ALARM ENABLE> 011004630001f0e7
06-25 13:31:16.976 11439 11439 W UiThreadStatement: Already on the UI thread, this method should not be called from the main application thread
06-25 13:31:16.976 11439 11439 I RTDPage : [Req]<WRITE HIGH ALARM> 011004630001020004ebc0
06-25 13:31:17.066 11439 11439 I RTDPage : [Rsp]<WRITE HIGH ALARM> 011004660001e0e6
06-25 13:31:17.076 11439 11439 W UiThreadStatement: Already on the UI thread, this method should not be called from the main application thread
06-25 13:31:17.076 11439 11439 I RTDPage : [Req]<WRITE LOW ALARM ENABLE> 011004660001020000ea56
06-25 13:31:17.163 11439 11439 W UiThreadStatement: Already on the UI thread, this method should not be called from the main application thread
06-25 13:31:17.163 11439 11439 I RTDPage : [Req]<WRITE LOW ALARM ENABLE> 011004850001020004fdc6
06-25 13:31:17.164 11439 11439 I RTDPage : [Rsp]<WRITE LOW ALARM ENABLE> 0110048500011110
06-25 13:31:17.261 11439 11439 I RTDPage : [Rsp]<WRITE LOW ALARM> 01100488000180d3
06-25 13:31:17.267 11439 11463 D Surface : Surface::disconnect(this=0x75807cf000,api=1)
06-25 13:31:17.269   796  2089 I BufferQueueProducer: [com.oringnet.wm/com.oring.SlideActivity@11439#1](this:0x72978e0000,id:31,api:1,p:11439,c:796) disconnect(P): api 1
06-25 13:31:17.300 11439 11439 W UiThreadStatement: Already on the UI thread, this method should not be called from the main application thread
06-25 13:31:17.301 11439 11439 I RTDPage : [Req]<WRITE LOW ALARM> 011004880001020000fd18
06-25 13:31:17.303   796   796 I SurfaceFlinger: screenshot (com.oringnet.wm/com.oring.SlideActivity@11439#0)
06-25 13:31:17.367   796   832 I BufferQueueProducer: [com.oringnet.wm/com.oring.SlideActivity@11439#0](this:0x72a451a800,id:27,api:1,p:11439,c:796) queueBuffer: fps=3.70 dur=3239.45 max=3056.65 min=15.98
06-25 13:31:17.405   796   796 I SurfaceFlinger: screenshot (com.oringnet.wm/com.oring.SlideActivity@11439#0)
06-25 13:31:17.461   796   796 I MiniDump: 0x72a44b0000 |     DEVICE |          0 | 1.000 |    0    0  720 1600 |   0.0   0.0 720.0 1600.0 | com.oringnet.wm/com.oring.SlideActivity@11439#0
06-25 13:31:17.541   796   796 I SurfaceFlinger: Remove BufferLayer(0x72978da000) com.oringnet.wm/com.oring.SlideActivity@11439#1 (-1 x -1)
06-25 13:31:17.541   796   796 I BufferQueue: [com.oringnet.wm/com.oring.SlideActivity@11439#1](this:0x72978e0000,id:31,api:1,p:-1,c:-1) ~BufferQueueCore
06-25 13:31:17.545   796   796 I MiniDump: 0x72a44b0000 |     DEVICE |          0 | 1.000 |    0    0  720 1600 |   0.0   0.0 720.0 1600.0 | com.oringnet.wm/com.oring.SlideActivity@11439#0
06-25 13:31:17.546 11439 11439 I EEWW:   : 
06-25 13:31:17.552 11439 11439 I GetID   : b.a.e@3966b7c
06-25 13:31:17.553   796   796 I SurfaceFlinger: screenshot (com.oringnet.wm/com.oring.SlideActivity@11439#0)
06-25 13:31:17.561 11439 11439 D BluetoothGatt: setCharacteristicNotification() - uuid: 6e400003-b5a3-f393-e0a9-e50e24dcca9e enable: true
06-25 13:31:17.637 11439 11451 I com.oringnet.w: Background concurrent copying GC freed 229683(9633KB) AllocSpace objects, 3(60KB) LOS objects, 65% free, 6340KB/18MB, paused 197us total 167.510ms
06-25 13:31:17.659   796   796 I SurfaceFlinger: screenshot (com.oringnet.wm/com.oring.SlideActivity@11439#0)
06-25 13:31:17.747 11439 11439 I I/O     : [Rsp]<Read DI Status> 01020100a188
06-25 13:31:17.753 11439 11439 W UiThreadStatement: Already on the UI thread, this method should not be called from the main application thread
06-25 13:31:17.753 11439 11439 I I/O     : [Req]<Read DO Status> 01020000000479c9
06-25 13:31:17.760   796   796 I SurfaceFlinger: screenshot (com.oringnet.wm/com.oring.SlideActivity@11439#0)
06-25 13:31:17.847 11439 11439 I I/O     : [Rsp]<Read DO Status> 010101005188
06-25 13:31:17.856 11439 11439 W UiThreadStatement: Already on the UI thread, this method should not be called from the main application thread
06-25 13:31:17.857 11439 11439 I I/O     : [Req]<Read RELAY Status> 0101000000043dc9
06-25 13:31:17.942 11439 11439 W UiThreadStatement: Already on the UI thread, this method should not be called from the main application thread
06-25 13:31:17.943 11439 11439 I I/O     : [Req]<Read RELAY Status> 010100040002fc0a
06-25 13:31:17.943 11439 11439 I I/O     : [Rsp]<Read RELAY Status> 010101005188
06-25 13:31:18.027   796   796 I SurfaceFlinger: screenshot (com.oringnet.wm/com.oring.SlideActivity@11439#0)
06-25 13:31:18.040 11439 11439 I I/O     : [Rsp]<Read DI COUNTER> 0104080000000000000000240d
06-25 13:31:18.050 11439 11439 W UiThreadStatement: Already on the UI thread, this method should not be called from the main application thread
06-25 13:31:18.050 11439 11439 I I/O     : [Req]<Read AI 0 Status> 010404310004a136
06-25 13:31:18.138 11439 11439 I I/O     : [Rsp]<Read AI 0 Status> 01040400000000fb84
06-25 13:31:18.156 11439 11439 I AI_value:: 0.0
06-25 13:31:18.156 11439 11439 I AI_raw: : 00000000
06-25 13:31:18.165 11439 11439 W UiThreadStatement: Already on the UI thread, this method should not be called from the main application thread
06-25 13:31:18.165 11439 11439 I I/O     : [Req]<Read AI 1 Status> 01040000000271cb
06-25 13:31:18.235 11439 11439 I I/O     : [Rsp]<Read AI 1 Status> 01040400000000fb84
06-25 13:31:18.253 11439 11439 I AI_value:: 0.0
06-25 13:31:18.253 11439 11439 I AI_raw: : 00000000
06-25 13:31:18.261 11439 11439 W UiThreadStatement: Already on the UI thread, this method should not be called from the main application thread
06-25 13:31:18.262 11439 11439 I I/O     : [Req]<Read AI 2 Status> 010400020002d00b
06-25 13:31:18.294   796   796 I SurfaceFlinger: screenshot (com.oringnet.wm/com.oring.SlideActivity@11439#0)
06-25 13:31:18.333 11439 11439 W UiThreadStatement: Already on the UI thread, this method should not be called from the main application thread
06-25 13:31:18.334 11439 11439 I I/O     : [Req]<Read AI 2 Status> 010400040002300a
06-25 13:31:18.334 11439 11439 I I/O     : [Rsp]<Read AI 2 Status> 0104044412f99a8d4a
06-25 13:31:18.382 11439 11439 I AI_value:: 587.9
06-25 13:31:18.382 11439 11439 I AI_raw: : 4412f99a
06-25 13:31:18.423   796   832 I BufferQueueProducer: [com.oringnet.wm/com.oring.SlideActivity@11439#0](this:0x72a451a800,id:27,api:1,p:11439,c:796) queueBuffer: fps=8.52 dur=1056.00 max=294.04 min=7.02
06-25 13:31:18.479 11439 11439 W UiThreadStatement: Already on the UI thread, this method should not be called from the main application thread
06-25 13:31:18.479 11439 11439 I I/O     : [Req]<Read AI 3 Status> 01040006000291ca
06-25 13:31:18.479 11439 11439 I I/O     : [Rsp]<Read AI 3 Status> 01040441fa0000cf89
06-25 13:31:18.528 11439 11439 I AI_value:: 31.25
06-25 13:31:18.528 11439 11439 I AI_raw: : 41fa0000
06-25 13:31:18.561   796   796 I SurfaceFlinger: screenshot (com.oringnet.wm/com.oring.SlideActivity@11439#0)
06-25 13:31:18.626 11439 11439 W UiThreadStatement: Already on the UI thread, this method should not be called from the main application thread
06-25 13:31:18.626 11439 11439 I I/O     : [Req]<Read AI 4 Status> 010400080002f009
06-25 13:31:18.626 11439 11439 I I/O     : [Rsp]<Read AI 4 Status> 01040400000000fb84
06-25 13:31:18.658 11439 11439 I AI_value:: 0.0
06-25 13:31:18.658 11439 11439 I AI_raw: : 00000000
06-25 13:31:18.723 11439 11439 I I/O     : [Rsp]<Read AI 5 Status> 01040441fa0000cf89
06-25 13:31:18.756 11439 11439 I AI_value:: 31.25
06-25 13:31:18.756 11439 11439 I AI_raw: : 41fa0000
06-25 13:31:18.762 11439 11439 W UiThreadStatement: Already on the UI thread, this method should not be called from the main application thread
06-25 13:31:18.762 11439 11439 I I/O     : [Req]<Read AI Type> 0104000A000251c9
06-25 13:31:18.820 11439 11439 I I/O     : [Rsp]<Read AI Type> 01030c000600060206000600060006a982
06-25 13:31:18.827 11439 11439 W UiThreadStatement: Already on the UI thread, this method should not be called from the main application thread
06-25 13:31:18.827 11439 11439 I I/O     : [Req]<Read RTD 2 mode> 010304000006c4f8
06-25 13:31:18.828   796   796 I SurfaceFlinger: screenshot (com.oringnet.wm/com.oring.SlideActivity@11439#0)
06-25 13:31:18.917 11439 11439 W UiThreadStatement: Already on the UI thread, this method should not be called from the main application thread
06-25 13:31:18.917 11439 11439 I I/O     : [Req]<Read RTD 2 mode> 010303050004544c
06-25 13:31:18.917 11439 11439 I I/O     : [Rsp]<Read RTD 2 mode> 010308000000000000000095d7
06-25 13:31:18.917 11439 11439 I RTD_mode:: 0000000000000000
06-25 13:31:18.917 11439 11439 I parseRTD_mode: SW index 0 = 0
06-25 13:31:18.917 11439 11439 I parseRTD_mode: SW index 2 = 0
06-25 13:31:18.917 11439 11439 I parseRTD_mode: SW index 1 = 0
06-25 13:31:18.917 11439 11439 I parseRTD_mode: SW index 3 = 0
06-25 13:31:18.961   796   796 I SurfaceFlinger: screenshot (com.oringnet.wm/com.oring.SlideActivity@11439#0)
06-25 13:31:19.016 11439 11439 W UiThreadStatement: Already on the UI thread, this method should not be called from the main application thread
06-25 13:31:19.016 11439 11439 I I/O     : [Req]<Read RTD 2 mode> 010303f90001547f
06-25 13:31:19.017 11439 11439 I I/O     : [Rsp]<Read RTD 2 mode> 0103020000b844
06-25 13:31:19.017 11439 11439 I finish  : @@!!
06-25 13:31:19.212   796   796 I SurfaceFlinger: screenshot (com.oringnet.wm/com.oring.SlideActivity@11439#0)
06-25 13:31:19.432   796   832 I BufferQueueProducer: [com.oringnet.wm/com.oring.SlideActivity@11439#0](this:0x72a451a800,id:27,api:1,p:11439,c:796) queueBuffer: fps=20.81 dur=1008.93 max=328.54 min=12.07
06-25 13:31:22.080 11439 11439 I ViewRootImpl: ViewRoot's Touch Event : ACTION_DOWN
06-25 13:31:22.089 11439 11439 I ViewRootImpl: ViewRoot's Touch Event : ACTION_UP
06-25 13:31:22.114   796   796 I SurfaceFlinger: screenshot (com.oringnet.wm/com.oring.SlideActivity@11439#0)
06-25 13:31:22.119   796   832 I BufferQueueProducer: [com.oringnet.wm/com.oring.SlideActivity@11439#0](this:0x72a451a800,id:27,api:1,p:11439,c:796) queueBuffer: fps=0.37 dur=2686.57 max=2686.57 min=2686.57
06-25 13:31:22.379   796   796 I SurfaceFlinger: screenshot (com.oringnet.wm/com.oring.SlideActivity@11439#0)
06-25 13:31:23.596 11439 11439 I ViewRootImpl: ViewRoot's Touch Event : ACTION_DOWN
06-25 13:31:23.605 11439 11439 I ViewRootImpl: ViewRoot's Touch Event : ACTION_UP
06-25 13:31:23.638   796  1305 I BufferQueueProducer: [com.oringnet.wm/com.oring.SlideActivity@11439#0](this:0x72a451a800,id:27,api:1,p:11439,c:796) queueBuffer: fps=17.77 dur=1519.34 max=1087.15 min=10.77
06-25 13:31:23.647   796   796 I SurfaceFlinger: screenshot (com.oringnet.wm/com.oring.SlideActivity@11439#0)
06-25 13:31:23.797 11439 11439 I 通道: : false
06-25 13:31:23.800 11439 11439 I chatty  : uid=10316(com.oringnet.wm) identical 30 lines
06-25 13:31:23.800 11439 11439 I 通道: : false
06-25 13:31:23.823 11439 11439 I DataBits: >> 0
06-25 13:31:23.824 11439 11439 I mStopBits: 1
06-25 13:31:23.824 11439 11439 I mParity : 0
06-25 13:31:23.835 11439 11439 D BluetoothGatt: setCharacteristicNotification() - uuid: 6e400003-b5a3-f393-e0a9-e50e24dcca9e enable: true
06-25 13:31:23.928   796   796 I SurfaceFlinger: screenshot (com.oringnet.wm/com.oring.SlideActivity@11439#0)
06-25 13:31:24.061   796   796 I SurfaceFlinger: screenshot (com.oringnet.wm/com.oring.SlideActivity@11439#0)
06-25 13:31:24.198   796   796 I SurfaceFlinger: screenshot (com.oringnet.wm/com.oring.SlideActivity@11439#0)
06-25 13:31:24.211   796   796 I SurfaceFlinger: screenshot (com.oringnet.wm/com.oring.SlideActivity@11439#0)
06-25 13:31:24.647 11439 11439 I ViewRootImpl: ViewRoot's Touch Event : ACTION_DOWN
06-25 13:31:24.655 11439 11439 I ViewRootImpl: ViewRoot's Touch Event : ACTION_UP
06-25 13:31:24.667 11439 11439 D PhoneWindow: windowLightStatusBar : false, disable View.SYSTEM_UI_FLAG_LIGHT_STATUS_BAR
06-25 13:31:24.695   796   796 I SurfaceFlinger: screenshot (com.oringnet.wm/com.oring.SlideActivity@11439#0)
06-25 13:31:24.704 11439 11439 I TouchFilterInputStageHelper: [needTouchEventFilter] Displayid : 0
06-25 13:31:24.708 11439 11439 D BezellessGripSuppressionFilter: getdisplaysize, x : 720 y : 1600
06-25 13:31:24.721 11439 11439 D BluetoothGatt: setCharacteristicNotification() - uuid: 6e400003-b5a3-f393-e0a9-e50e24dcca9e enable: true
06-25 13:31:24.748   796   832 I BufferQueueConsumer: [com.oringnet.wm/com.oring.SlideActivity@11439#1](this:0x72a4517800,id:32,api:0,p:-1,c:796) setConsumerName: com.oringnet.wm/com.oring.SlideActivity@11439#1
06-25 13:31:24.748   796   832 I BufferQueueConsumer: [com.oringnet.wm/com.oring.SlideActivity@11439#1](this:0x72a4517800,id:32,api:0,p:-1,c:796) setDefaultBufferSize: width=126 height=126
06-25 13:31:24.748   796   832 I SurfaceFlinger: Create BufferLayer(0x72a44b8000) com.oringnet.wm/com.oring.SlideActivity@11439#1 (126 x 126)
06-25 13:31:24.759 11439 11463 D Surface : Surface::connect(this=0x7679a3d000,api=1)
06-25 13:31:24.759   796  2089 I BufferQueueProducer: [com.oringnet.wm/com.oring.SlideActivity@11439#1](this:0x72a4517800,id:32,api:1,p:11439,c:796) connect(P): api=1 producer=(11439:com.oringnet.wm) producerControlledByApp=false
06-25 13:31:24.761 11439 11463 D Surface : Surface::setBufferCount(this=0x7679a3d000,bufferCount=3)
06-25 13:31:24.762 11439 11463 D Surface : Surface::allocateBuffers(this=0x7679a3d000)
06-25 13:31:24.829   796   796 I MiniDump: 0x72a44b0000 |     DEVICE |          0 | 1.000 |    0    0  720 1600 |   0.0   0.0 720.0 1600.0 | com.oringnet.wm/com.oring.SlideActivity@11439#0
06-25 13:31:24.829   796   796 I MiniDump: 0x72a44b8000 |     DEVICE |          0 | 0.303 |  301  760  419  878 |   0.0   0.0 126.0 126.0 | com.oringnet.wm/com.oring.SlideActivity@11439#1
06-25 13:31:24.840   796   796 I SurfaceFlinger: screenshot (com.oringnet.wm/com.oring.SlideActivity@11439#0)
06-25 13:31:24.847   796   796 I MiniDump: 0x72a44b0000 |     DEVICE |          0 | 1.000 |    0    0  720 1600 |   0.0   0.0 720.0 1600.0 | com.oringnet.wm/com.oring.SlideActivity@11439#0
06-25 13:31:24.847   796   796 I MiniDump: 0x72a44b8000 |     DEVICE |          0 | 0.538 |  300  759  420  879 |   0.0   0.0 126.0 126.0 | com.oringnet.wm/com.oring.SlideActivity@11439#1
06-25 13:31:24.920   796  2089 I BufferQueueProducer: [com.oringnet.wm/com.oring.SlideActivity@11439#0](this:0x72a451a800,id:27,api:1,p:11439,c:796) queueBuffer: fps=31.21 dur=1281.68 max=621.84 min=6.84
06-25 13:31:24.985   796   796 I SurfaceFlinger: screenshot (com.oringnet.wm/com.oring.SlideActivity@11439#0)
06-25 13:31:25.012 11439 11439 W UiThreadStatement: Already on the UI thread, this method should not be called from the main application thread
06-25 13:31:25.012 11439 11439 I Gateway : [Req]<READ ENABLE LOW> 00030A4800010615
06-25 13:31:25.013 11439 11439 I Gateway : [Rsp]<READ ENABLE LOW> 00030200008584
06-25 13:31:25.013 11439 11439 I Req_Enable 0-15:: 0000
06-25 13:31:25.112 11439 11439 I Gateway : [Rsp]<READ ENABLE HIGH> 00030200008584
06-25 13:31:25.113 11439 11439 I Req_Enable 16-31:: 0000
06-25 13:31:25.121 11439 11463 D Surface : Surface::disconnect(this=0x7679a3d000,api=1)
06-25 13:31:25.122   796   833 I BufferQueueProducer: [com.oringnet.wm/com.oring.SlideActivity@11439#1](this:0x72a4517800,id:32,api:1,p:11439,c:796) disconnect(P): api 1
06-25 13:31:25.141 11439 11439 W UiThreadStatement: Already on the UI thread, this method should not be called from the main application thread
06-25 13:31:25.141 11439 11439 I Gateway : [Req]<READ ENABLE HIGH> 00030A49000157d5
06-25 13:31:25.185   796   796 I SurfaceFlinger: screenshot (com.oringnet.wm/com.oring.SlideActivity@11439#0)
06-25 13:31:25.301   796   796 I SurfaceFlinger: screenshot (com.oringnet.wm/com.oring.SlideActivity@11439#0)
06-25 13:31:25.312   796   796 I MiniDump: 0x72a44b0000 |     DEVICE |          0 | 1.000 |    0    0  720 1600 |   0.0   0.0 720.0 1600.0 | com.oringnet.wm/com.oring.SlideActivity@11439#0
06-25 13:31:25.392   796   796 I SurfaceFlinger: Remove BufferLayer(0x72a44b8000) com.oringnet.wm/com.oring.SlideActivity@11439#1 (-1 x -1)
06-25 13:31:25.393   796   796 I BufferQueue: [com.oringnet.wm/com.oring.SlideActivity@11439#1](this:0x72a4517800,id:32,api:1,p:-1,c:-1) ~BufferQueueCore
06-25 13:31:25.397   796   796 I MiniDump: 0x72a44b0000 |     DEVICE |          0 | 1.000 |    0    0  720 1600 |   0.0   0.0 720.0 1600.0 | com.oringnet.wm/com.oring.SlideActivity@11439#0
06-25 13:31:25.403   796   796 I SurfaceFlinger: screenshot (com.oringnet.wm/com.oring.SlideActivity@11439#0)
06-25 13:31:25.663   796   796 I SurfaceFlinger: screenshot (com.oringnet.wm/com.oring.SlideActivity@11439#0)
06-25 13:31:25.912   796   796 I SurfaceFlinger: screenshot (com.oringnet.wm/com.oring.SlideActivity@11439#0)
06-25 13:31:26.004   796   796 I SurfaceFlinger: screenshot (com.oringnet.wm/com.oring.SlideActivity@11439#0)
06-25 13:31:26.028   796   796 I SurfaceFlinger: screenshot (com.oringnet.wm/com.oring.SlideActivity@11439#0)
06-25 13:31:26.128   796   796 I SurfaceFlinger: screenshot (com.oringnet.wm/com.oring.SlideActivity@11439#0)
06-25 13:31:26.380   796   796 I SurfaceFlinger: screenshot (com.oringnet.wm/com.oring.SlideActivity@11439#0)
06-25 13:31:26.498 11439 11439 I ViewRootImpl: ViewRoot's Touch Event : ACTION_DOWN
06-25 13:31:26.505 11439 11439 I ViewRootImpl: ViewRoot's Touch Event : ACTION_UP
06-25 13:31:26.517   796  1305 I BufferQueueProducer: [com.oringnet.wm/com.oring.SlideActivity@11439#0](this:0x72a451a800,id:27,api:1,p:11439,c:796) queueBuffer: fps=24.42 dur=1596.85 max=848.24 min=9.49
06-25 13:31:26.528 11439 11439 I 通道: : true
06-25 13:31:26.646   796   796 I SurfaceFlinger: screenshot (com.oringnet.wm/com.oring.SlideActivity@11439#0)
06-25 13:31:26.913   796   796 I SurfaceFlinger: screenshot (com.oringnet.wm/com.oring.SlideActivity@11439#0)
06-25 13:31:27.233 11439 11439 I ViewRootImpl: ViewRoot's Touch Event : ACTION_DOWN
06-25 13:31:27.242 11439 11439 I ViewRootImpl: ViewRoot's Touch Event : ACTION_UP
06-25 13:31:27.291 11439 11439 I 通道: : true
06-25 13:31:27.379   796   796 I SurfaceFlinger: screenshot (com.oringnet.wm/com.oring.SlideActivity@11439#0)
06-25 13:31:27.520   796  2155 I BufferQueueProducer: [com.oringnet.wm/com.oring.SlideActivity@11439#0](this:0x72a451a800,id:27,api:1,p:11439,c:796) queueBuffer: fps=39.87 dur=1003.27 max=353.94 min=10.94
06-25 13:31:27.646   796   796 I SurfaceFlinger: screenshot (com.oringnet.wm/com.oring.SlideActivity@11439#0)
06-25 13:31:27.981 11439 11439 I ViewRootImpl: ViewRoot's Touch Event : ACTION_DOWN
06-25 13:31:27.990 11439 11439 I ViewRootImpl: ViewRoot's Touch Event : ACTION_UP
06-25 13:31:28.029 11439 11439 I 通道: : true
06-25 13:31:28.147   796   796 I SurfaceFlinger: screenshot (com.oringnet.wm/com.oring.SlideActivity@11439#0)
06-25 13:31:28.413   796   796 I SurfaceFlinger: screenshot (com.oringnet.wm/com.oring.SlideActivity@11439#0)
06-25 13:31:28.748 11439 11439 I ViewRootImpl: ViewRoot's Touch Event : ACTION_DOWN
06-25 13:31:28.761 11439 11439 I ViewRootImpl: ViewRoot's Touch Event : ACTION_UP
06-25 13:31:28.792   796   832 I BufferQueueProducer: [com.oringnet.wm/com.oring.SlideActivity@11439#0](this:0x72a451a800,id:27,api:1,p:11439,c:796) queueBuffer: fps=25.95 dur=1271.52 max=388.80 min=13.78
06-25 13:31:28.801 11439 11439 I 通道: : true
06-25 13:31:28.946   796   796 I SurfaceFlinger: screenshot (com.oringnet.wm/com.oring.SlideActivity@11439#0)
06-25 13:31:29.496 11439 11439 I ViewRootImpl: ViewRoot's Touch Event : ACTION_DOWN
06-25 13:31:29.502   796   796 I SurfaceFlinger: screenshot (com.oringnet.wm/com.oring.SlideActivity@11439#0)
06-25 13:31:29.510 11439 11439 I ViewRootImpl: ViewRoot's Touch Event : ACTION_UP
06-25 13:31:29.551 11439 11439 I 通道: : true
06-25 13:31:29.765   796   796 I SurfaceFlinger: screenshot (com.oringnet.wm/com.oring.SlideActivity@11439#0)
06-25 13:31:29.805   796   832 I BufferQueueProducer: [com.oringnet.wm/com.oring.SlideActivity@11439#0](this:0x72a451a800,id:27,api:1,p:11439,c:796) queueBuffer: fps=37.49 dur=1013.50 max=369.73 min=13.54
06-25 13:31:30.266 11439 11439 I ViewRootImpl: ViewRoot's Touch Event : ACTION_DOWN
06-25 13:31:30.277 11439 11439 I ViewRootImpl: ViewRoot's Touch Event : ACTION_UP
06-25 13:31:30.318 11439 11439 I 通道: : true
06-25 13:31:30.397   796   796 I SurfaceFlinger: screenshot (com.oringnet.wm/com.oring.SlideActivity@11439#0)
06-25 13:31:30.664   796   796 I SurfaceFlinger: screenshot (com.oringnet.wm/com.oring.SlideActivity@11439#0)
06-25 13:31:30.997 11439 11439 I ViewRootImpl: ViewRoot's Touch Event : ACTION_DOWN
06-25 13:31:31.004 11439 11439 I ViewRootImpl: ViewRoot's Touch Event : ACTION_UP
06-25 13:31:31.020   796   832 I BufferQueueProducer: [com.oringnet.wm/com.oring.SlideActivity@11439#0](this:0x72a451a800,id:27,api:1,p:11439,c:796) queueBuffer: fps=26.34 dur=1214.72 max=387.30 min=12.90
06-25 13:31:31.029 11439 11439 I 通道: : true
06-25 13:31:31.147   796   796 I SurfaceFlinger: screenshot (com.oringnet.wm/com.oring.SlideActivity@11439#0)
06-25 13:31:31.415   796   796 I SurfaceFlinger: screenshot (com.oringnet.wm/com.oring.SlideActivity@11439#0)
06-25 13:31:31.731 11439 11439 I ViewRootImpl: ViewRoot's Touch Event : ACTION_DOWN
06-25 13:31:31.741 11439 11439 I ViewRootImpl: ViewRoot's Touch Event : ACTION_UP
06-25 13:31:31.784 11439 11439 I 通道: : true
06-25 13:31:31.915   796   796 I SurfaceFlinger: screenshot (com.oringnet.wm/com.oring.SlideActivity@11439#0)
06-25 13:31:32.020   796   833 I BufferQueueProducer: [com.oringnet.wm/com.oring.SlideActivity@11439#0](this:0x72a451a800,id:27,api:1,p:11439,c:796) queueBuffer: fps=39.99 dur=1000.24 max=355.05 min=7.20
06-25 13:31:32.029   796   796 I SurfaceFlinger: screenshot (com.oringnet.wm/com.oring.SlideActivity@11439#0)
06-25 13:31:32.070   796   796 I SurfaceFlinger: screenshot (com.oringnet.wm/com.oring.SlideActivity@11439#0)
06-25 13:31:32.130   796   796 I SurfaceFlinger: screenshot (com.oringnet.wm/com.oring.SlideActivity@11439#0)
06-25 13:31:32.479 11439 11439 I ViewRootImpl: ViewRoot's Touch Event : ACTION_DOWN
06-25 13:31:32.486 11439 11439 I ViewRootImpl: ViewRoot's Touch Event : ACTION_UP
06-25 13:31:32.491 11439 11439 I BitShift:: 00FF
06-25 13:31:32.492 11439 11439 I BitShift:: 0000
06-25 13:31:32.493 11439 11439 I BitShift:: 00FF0000
06-25 13:31:32.510 11439 11439 D PhoneWindow: windowLightStatusBar : false, disable View.SYSTEM_UI_FLAG_LIGHT_STATUS_BAR
06-25 13:31:32.538 11439 11439 I TouchFilterInputStageHelper: [needTouchEventFilter] Displayid : 0
06-25 13:31:32.541 11439 11439 D BezellessGripSuppressionFilter: getdisplaysize, x : 720 y : 1600
06-25 13:31:32.560   796   833 I BufferQueueConsumer: [com.oringnet.wm/com.oring.SlideActivity@11439#1](this:0x72978e1800,id:33,api:0,p:-1,c:796) setConsumerName: com.oringnet.wm/com.oring.SlideActivity@11439#1
06-25 13:31:32.560   796   833 I BufferQueueConsumer: [com.oringnet.wm/com.oring.SlideActivity@11439#1](this:0x72978e1800,id:33,api:0,p:-1,c:796) setDefaultBufferSize: width=126 height=126
06-25 13:31:32.560   796   833 I SurfaceFlinger: Create BufferLayer(0x72978da000) com.oringnet.wm/com.oring.SlideActivity@11439#1 (126 x 126)
06-25 13:31:32.568 11439 11463 D Surface : Surface::connect(this=0x7580d53000,api=1)
06-25 13:31:32.569   796   832 I BufferQueueProducer: [com.oringnet.wm/com.oring.SlideActivity@11439#1](this:0x72978e1800,id:33,api:1,p:11439,c:796) connect(P): api=1 producer=(11439:com.oringnet.wm) producerControlledByApp=false
06-25 13:31:32.571 11439 11463 D Surface : Surface::setBufferCount(this=0x7580d53000,bufferCount=3)
06-25 13:31:32.571 11439 11463 D Surface : Surface::allocateBuffers(this=0x7580d53000)
06-25 13:31:32.616 11439 11439 I Gateway : [Rsp]<WRITE ENABLE LOW> 00100a48000183d6
06-25 13:31:32.617 11439 11439 I BitShift:: 00FF
06-25 13:31:32.617 11439 11439 I BitShift:: 0000
06-25 13:31:32.617 11439 11439 I BitShift:: 00FF0000
06-25 13:31:32.625 11439 11439 W UiThreadStatement: Already on the UI thread, this method should not be called from the main application thread
06-25 13:31:32.625 11439 11439 I Gateway : [Req]<WRITE ENABLE HIGH> 00100A4800010200FF4e08
06-25 13:31:32.647   796   796 I MiniDump: 0x72a44b0000 |     DEVICE |          0 | 1.000 |    0    0  720 1600 |   0.0   0.0 720.0 1600.0 | com.oringnet.wm/com.oring.SlideActivity@11439#0
06-25 13:31:32.647   796   796 I MiniDump: 0x72978da000 |     DEVICE |          0 | 0.287 |  301  760  419  878 |   0.0   0.0 126.0 126.0 | com.oringnet.wm/com.oring.SlideActivity@11439#1
06-25 13:31:32.656   796   796 I SurfaceFlinger: screenshot (com.oringnet.wm/com.oring.SlideActivity@11439#0)
06-25 13:31:32.713 11439 11439 I Gateway : [Rsp]<WRITE ENABLE HIGH> 00100a490001d216
06-25 13:31:32.718 11439 11463 D Surface : Surface::disconnect(this=0x7580d53000,api=1)
06-25 13:31:32.719   796   832 I BufferQueueProducer: [com.oringnet.wm/com.oring.SlideActivity@11439#1](this:0x72978e1800,id:33,api:1,p:11439,c:796) disconnect(P): api 1
06-25 13:31:32.740 11439 11439 I Listenable:: here
06-25 13:31:32.740 11439 11439 W UiThreadStatement: Already on the UI thread, this method should not be called from the main application thread
06-25 13:31:32.741 11439 11439 I Gateway : [Req]<WRITE ENABLE HIGH> 00100A4900010200000f99
06-25 13:31:32.803   796   796 I SurfaceFlinger: screenshot (com.oringnet.wm/com.oring.SlideActivity@11439#0)
06-25 13:31:32.903   796   796 I SurfaceFlinger: screenshot (com.oringnet.wm/com.oring.SlideActivity@11439#0)
06-25 13:31:32.914   796   796 I MiniDump: 0x72a44b0000 |     DEVICE |          0 | 1.000 |    0    0  720 1600 |   0.0   0.0 720.0 1600.0 | com.oringnet.wm/com.oring.SlideActivity@11439#0
06-25 13:31:32.977   796   796 I SurfaceFlinger: Remove BufferLayer(0x72978da000) com.oringnet.wm/com.oring.SlideActivity@11439#1 (-1 x -1)
06-25 13:31:32.978   796   796 I BufferQueue: [com.oringnet.wm/com.oring.SlideActivity@11439#1](this:0x72978e1800,id:33,api:1,p:-1,c:-1) ~BufferQueueCore
06-25 13:31:32.981   796   796 I MiniDump: 0x72a44b0000 |     DEVICE |          0 | 1.000 |    0    0  720 1600 |   0.0   0.0 720.0 1600.0 | com.oringnet.wm/com.oring.SlideActivity@11439#0
06-25 13:31:33.165   796   796 I SurfaceFlinger: screenshot (com.oringnet.wm/com.oring.SlideActivity@11439#0)
06-25 13:31:33.380 11439 11439 I ViewRootImpl: ViewRoot's Touch Event : ACTION_DOWN
06-25 13:31:33.386 11439 11439 I ViewRootImpl: ViewRoot's Touch Event : ACTION_UP
06-25 13:31:33.394 11439 11439 D PhoneWindow: windowLightStatusBar : false, disable View.SYSTEM_UI_FLAG_LIGHT_STATUS_BAR
06-25 13:31:33.415 11439 11439 I TouchFilterInputStageHelper: [needTouchEventFilter] Displayid : 0
06-25 13:31:33.417   796   796 I SurfaceFlinger: screenshot (com.oringnet.wm/com.oring.SlideActivity@11439#0)
06-25 13:31:33.424 11439 11439 D BezellessGripSuppressionFilter: getdisplaysize, x : 720 y : 1600
