05-28 14:55:44.806   800   800 I SurfaceFlinger: screenshot (com.oringnet.wm/com.oring.SlideActivity@12672#0)
05-28 14:55:45.041   800   851 I BufferQueueProducer: [com.oringnet.wm/com.oring.SlideActivity@12672#0](this:0x798ea0a000,id:4958,api:1,p:12672,c:800) queueBuffer: fps=40.98 dur=1000.43 max=330.19 min=7.45
05-28 14:55:45.072   800   800 I SurfaceFlinger: screenshot (com.oringnet.wm/com.oring.SlideActivity@12672#0)
05-28 14:55:45.127   800   800 I SurfaceFlinger: screenshot (com.oringnet.wm/com.oring.SlideActivity@12672#0)
05-28 14:55:45.533 12672 12672 I ViewRootImpl: ViewRoot's Touch Event : ACTION_DOWN
05-28 14:55:45.539 12672 12672 I ViewRootImpl: ViewRoot's Touch Event : ACTION_UP
05-28 14:55:45.543 12672 12672 I BitShift:: 00FF
05-28 14:55:45.543 12672 12672 I BitShift:: 0000
05-28 14:55:45.543 12672 12672 I BitShift:: 00FF0000
05-28 14:55:45.557 12672 12672 D PhoneWindow: windowLightStatusBar : false, disable View.SYSTEM_UI_FLAG_LIGHT_STATUS_BAR
05-28 14:55:45.574 12672 12672 I TouchFilterInputStageHelper: [needTouchEventFilter] Displayid : 0
05-28 14:55:45.577 12672 12672 D BezellessGripSuppressionFilter: getdisplaysize, x : 720 y : 1600
05-28 14:55:45.591   800   800 I SurfaceFlinger: screenshot (com.oringnet.wm/com.oring.SlideActivity@12672#0)
05-28 14:55:45.597   800   851 I BufferQueueConsumer: [com.oringnet.wm/com.oring.SlideActivity@12672#1](this:0x797e3f4800,id:4960,api:0,p:-1,c:800) setConsumerName: com.oringnet.wm/com.oring.SlideActivity@12672#1
05-28 14:55:45.597   800   851 I BufferQueueConsumer: [com.oringnet.wm/com.oring.SlideActivity@12672#1](this:0x797e3f4800,id:4960,api:0,p:-1,c:800) setDefaultBufferSize: width=126 height=126
05-28 14:55:45.597   800   851 I SurfaceFlinger: Create BufferLayer(0x798ebfb000) com.oringnet.wm/com.oring.SlideActivity@12672#1 (126 x 126)
05-28 14:55:45.604 12672 12694 D Surface : Surface::connect(this=0x770ab95000,api=1)
05-28 14:55:45.604   800   851 I BufferQueueProducer: [com.oringnet.wm/com.oring.SlideActivity@12672#1](this:0x797e3f4800,id:4960,api:1,p:12672,c:800) connect(P): api=1 producer=(12672:com.oringnet.wm) producerControlledByApp=false
05-28 14:55:45.606 12672 12694 D Surface : Surface::setBufferCount(this=0x770ab95000,bufferCount=3)
05-28 14:55:45.607 12672 12694 D Surface : Surface::allocateBuffers(this=0x770ab95000)
05-28 14:55:45.653 12672 12672 W UiThreadStatement: Already on the UI thread, this method should not be called from the main application thread
05-28 14:55:45.653 12672 12672 I GatewayTest 0請求: 00100A4800010200FF4e08
05-28 14:55:45.653 12672 12672 I GatewayTest 0響應: 00100a48000183d6
05-28 14:55:45.654 12672 12672 I BitShift:: 00FF
05-28 14:55:45.654 12672 12672 I BitShift:: 0000
05-28 14:55:45.654 12672 12672 I BitShift:: 00FF0000
05-28 14:55:45.688   800   800 I MiniDump: 0x798eb8d000 |     DEVICE |          0 | 1.000 |    0    0  720 1600 |   0.0   0.0 720.0 1600.0 | com.oringnet.wm/com.oring.SlideActivity@12672#0
05-28 14:55:45.688   800   800 I MiniDump: 0x798ebfb000 |     DEVICE |          0 | 0.303 |  301  760  419  878 |   0.0   0.0 126.0 126.0 | com.oringnet.wm/com.oring.SlideActivity@12672#1
05-28 14:55:45.689   800   800 I MiniDump: 0x798eb8d000 |     DEVICE |          0 | 1.000 |    0    0  720 1600 |   0.0   0.0 720.0 1600.0 | com.oringnet.wm/com.oring.SlideActivity@12672#0
05-28 14:55:45.689   800   800 I MiniDump: 0x798ebfb000 |     DEVICE |          0 | 0.303 |  301  760  419  878 |   0.0   0.0 126.0 126.0 | com.oringnet.wm/com.oring.SlideActivity@12672#1
05-28 14:55:45.700   800   800 I SurfaceFlinger: screenshot (com.oringnet.wm/com.oring.SlideActivity@12672#0)
05-28 14:55:45.743 12672 12672 W UiThreadStatement: Already on the UI thread, this method should not be called from the main application thread
05-28 14:55:45.743 12672 12672 I GatewayTest 1請求: 00100A4900010200000f99
05-28 14:55:45.743 12672 12672 I GatewayTest 1響應: 00100a490001d216
05-28 14:55:45.747 12672 12694 D Surface : Surface::disconnect(this=0x770ab95000,api=1)
05-28 14:55:45.748   800  2411 I BufferQueueProducer: [com.oringnet.wm/com.oring.SlideActivity@12672#1](this:0x797e3f4800,id:4960,api:1,p:12672,c:800) disconnect(P): api 1
05-28 14:55:45.762 12672 12672 I Listenable:: here
05-28 14:55:45.826   800   800 I SurfaceFlinger: screenshot (com.oringnet.wm/com.oring.SlideActivity@12672#0)
05-28 14:55:45.929   800   800 I SurfaceFlinger: screenshot (com.oringnet.wm/com.oring.SlideActivity@12672#0)
05-28 14:55:45.970   800   800 I MiniDump: 0x798eb8d000 |     DEVICE |          0 | 1.000 |    0    0  720 1600 |   0.0   0.0 720.0 1600.0 | com.oringnet.wm/com.oring.SlideActivity@12672#0
05-28 14:55:45.971   800   800 I MiniDump: 0x798eb8d000 |     DEVICE |          0 | 1.000 |    0    0  720 1600 |   0.0   0.0 720.0 1600.0 | com.oringnet.wm/com.oring.SlideActivity@12672#0
05-28 14:55:46.032   800   800 I SurfaceFlinger: Remove BufferLayer(0x798ebfb000) com.oringnet.wm/com.oring.SlideActivity@12672#1 (-1 x -1)
05-28 14:55:46.033   800   800 I BufferQueue: [com.oringnet.wm/com.oring.SlideActivity@12672#1](this:0x797e3f4800,id:4960,api:1,p:-1,c:-1) ~BufferQueueCore
05-28 14:55:46.037   800   800 I MiniDump: 0x798eb8d000 |     DEVICE |          0 | 1.000 |    0    0  720 1600 |   0.0   0.0 720.0 1600.0 | com.oringnet.wm/com.oring.SlideActivity@12672#0
05-28 14:55:46.038   800   800 I MiniDump: 0x798eb8d000 |     DEVICE |          0 | 1.000 |    0    0  720 1600 |   0.0   0.0 720.0 1600.0 | com.oringnet.wm/com.oring.SlideActivity@12672#0
05-28 14:55:46.045   800   800 I SurfaceFlinger: screenshot (com.oringnet.wm/com.oring.SlideActivity@12672#0)
05-28 14:55:46.306   800   800 I SurfaceFlinger: screenshot (com.oringnet.wm/com.oring.SlideActivity@12672#0)
05-28 14:55:46.434 12672 12672 I ViewRootImpl: ViewRoot's Touch Event : ACTION_DOWN
05-28 14:55:46.438 12672 12672 I ViewRootImpl: ViewRoot's Touch Event : ACTION_UP
05-28 14:55:46.446 12672 12672 D PhoneWindow: windowLightStatusBar : false, disable View.SYSTEM_UI_FLAG_LIGHT_STATUS_BAR
05-28 14:55:46.461 12672 12672 I TouchFilterInputStageHelper: [needTouchEventFilter] Displayid : 0
05-28 14:55:46.465 12672 12672 D BezellessGripSuppressionFilter: getdisplaysize, x : 720 y : 1600
05-28 14:55:46.475   800   800 I SurfaceFlinger: screenshot (com.oringnet.wm/com.oring.SlideActivity@12672#0)
05-28 14:55:46.477 12672 12672 D BluetoothGatt: setCharacteristicNotification() - uuid: 6e400003-b5a3-f393-e0a9-e50e24dcca9e enable: true
05-28 14:55:46.499   800   851 I BufferQueueConsumer: [com.oringnet.wm/com.oring.SlideActivity@12672#1](this:0x797e44e800,id:4961,api:0,p:-1,c:800) setConsumerName: com.oringnet.wm/com.oring.SlideActivity@12672#1
05-28 14:55:46.499   800   851 I BufferQueueConsumer: [com.oringnet.wm/com.oring.SlideActivity@12672#1](this:0x797e44e800,id:4961,api:0,p:-1,c:800) setDefaultBufferSize: width=126 height=126
05-28 14:55:46.500   800   851 I SurfaceFlinger: Create BufferLayer(0x797e40d000) com.oringnet.wm/com.oring.SlideActivity@12672#1 (126 x 126)
05-28 14:55:46.507 12672 12694 D Surface : Surface::connect(this=0x770adb4000,api=1)
05-28 14:55:46.508   800   851 I BufferQueueProducer: [com.oringnet.wm/com.oring.SlideActivity@12672#1](this:0x797e44e800,id:4961,api:1,p:12672,c:800) connect(P): api=1 producer=(12672:com.oringnet.wm) producerControlledByApp=false
05-28 14:55:46.509 12672 12694 D Surface : Surface::setBufferCount(this=0x770adb4000,bufferCount=3)
05-28 14:55:46.511 12672 12694 D Surface : Surface::allocateBuffers(this=0x770adb4000)
05-28 14:55:46.576   800   800 I SurfaceFlinger: screenshot (com.oringnet.wm/com.oring.SlideActivity@12672#0)
05-28 14:55:46.582   800  4119 I BufferQueueProducer: [com.oringnet.wm/com.oring.SlideActivity@12672#0](this:0x798ea0a000,id:4958,api:1,p:12672,c:800) queueBuffer: fps=11.03 dur=1540.56 max=786.44 min=8.55
05-28 14:55:46.589   800   800 I MiniDump: 0x798eb8d000 |     DEVICE |          0 | 1.000 |    0    0  720 1600 |   0.0   0.0 720.0 1600.0 | com.oringnet.wm/com.oring.SlideActivity@12672#0
05-28 14:55:46.589   800   800 I MiniDump: 0x797e40d000 |     DEVICE |          0 | 0.303 |  301  760  419  878 |   0.0   0.0 126.0 126.0 | com.oringnet.wm/com.oring.SlideActivity@12672#1
05-28 14:55:46.589   800   800 I MiniDump: 0x798eb8d000 |     DEVICE |          0 | 1.000 |    0    0  720 1600 |   0.0   0.0 720.0 1600.0 | com.oringnet.wm/com.oring.SlideActivity@12672#0
05-28 14:55:46.589   800   800 I MiniDump: 0x797e40d000 |     DEVICE |          0 | 0.303 |  301  760  419  878 |   0.0   0.0 126.0 126.0 | com.oringnet.wm/com.oring.SlideActivity@12672#1
05-28 14:55:46.671 12672 12672 W UiThreadStatement: Already on the UI thread, this method should not be called from the main application thread
05-28 14:55:46.671 12672 12672 I GatewayTest 0請求: 00030A4800010615
05-28 14:55:46.672 12672 12672 I GatewayTest 0響應: 00030200ffc5c4
05-28 14:55:46.674 12672 12672 I Req_Enable 0-15:: 00ff
05-28 14:55:46.676   800   800 I SurfaceFlinger: screenshot (com.oringnet.wm/com.oring.SlideActivity@12672#0)
05-28 14:55:46.685 12672 12672 I 通道: : true
05-28 14:55:46.686 12672 12672 I chatty  : uid=10306(com.oringnet.wm) identical 6 lines
05-28 14:55:46.687 12672 12672 I 通道: : true
05-28 14:55:46.777   800   800 I SurfaceFlinger: screenshot (com.oringnet.wm/com.oring.SlideActivity@12672#0)
05-28 14:55:46.820 12672 12672 W UiThreadStatement: Already on the UI thread, this method should not be called from the main application thread
05-28 14:55:46.820 12672 12672 I GatewayTest 1請求: 00030A49000157d5
05-28 14:55:46.821 12672 12672 I GatewayTest 1響應: 00030200008584
05-28 14:55:46.821 12672 12672 I Req_Enable 16-31:: 0000
05-28 14:55:46.834 12672 12694 D Surface : Surface::disconnect(this=0x770adb4000,api=1)
05-28 14:55:46.835   800   851 I BufferQueueProducer: [com.oringnet.wm/com.oring.SlideActivity@12672#1](this:0x797e44e800,id:4961,api:1,p:12672,c:800) disconnect(P): api 1
05-28 14:55:46.877   800   800 I SurfaceFlinger: screenshot (com.oringnet.wm/com.oring.SlideActivity@12672#0)
05-28 14:55:46.996   800   800 I SurfaceFlinger: screenshot (com.oringnet.wm/com.oring.SlideActivity@12672#0)
05-28 14:55:47.022   800   800 I MiniDump: 0x798eb8d000 |     DEVICE |          0 | 1.000 |    0    0  720 1600 |   0.0   0.0 720.0 1600.0 | com.oringnet.wm/com.oring.SlideActivity@12672#0
05-28 14:55:47.022   800   800 I MiniDump: 0x798eb8d000 |     DEVICE |          0 | 1.000 |    0    0  720 1600 |   0.0   0.0 720.0 1600.0 | com.oringnet.wm/com.oring.SlideActivity@12672#0
05-28 14:55:47.093   800   800 I SurfaceFlinger: screenshot (com.oringnet.wm/com.oring.SlideActivity@12672#0)
05-28 14:55:47.099   800   800 I SurfaceFlinger: Remove BufferLayer(0x797e40d000) com.oringnet.wm/com.oring.SlideActivity@12672#1 (-1 x -1)
05-28 14:55:47.100   800   800 I BufferQueue: [com.oringnet.wm/com.oring.SlideActivity@12672#1](this:0x797e44e800,id:4961,api:1,p:-1,c:-1) ~BufferQueueCore
05-28 14:55:47.104   800   800 I MiniDump: 0x798eb8d000 |     DEVICE |          0 | 1.000 |    0    0  720 1600 |   0.0   0.0 720.0 1600.0 | com.oringnet.wm/com.oring.SlideActivity@12672#0
05-28 14:55:47.105   800   800 I MiniDump: 0x798eb8d000 |     DEVICE |          0 | 1.000 |    0    0  720 1600 |   0.0   0.0 720.0 1600.0 | com.oringnet.wm/com.oring.SlideActivity@12672#0
05-28 14:55:47.356   800   800 I SurfaceFlinger: screenshot (com.oringnet.wm/com.oring.SlideActivity@12672#0)
05-28 14:55:47.534 12672 12672 I ViewRootImpl: ViewRoot's Touch Event : ACTION_DOWN
05-28 14:55:47.538 12672 12672 I ViewRootImpl: ViewRoot's Touch Event : ACTION_UP
05-28 14:55:47.568 12672 12672 I 通道: : false
05-28 14:55:47.591   800  4119 I BufferQueueProducer: [com.oringnet.wm/com.oring.SlideActivity@12672#0](this:0x798ea0a000,id:4958,api:1,p:12672,c:800) queueBuffer: fps=28.73 dur=1009.36 max=424.85 min=8.53
05-28 14:55:47.606   800   800 I SurfaceFlinger: screenshot (com.oringnet.wm/com.oring.SlideActivity@12672#0)
05-28 14:55:47.873   800   800 I SurfaceFlinger: screenshot (com.oringnet.wm/com.oring.SlideActivity@12672#0)
05-28 14:55:48.140   800   800 I SurfaceFlinger: screenshot (com.oringnet.wm/com.oring.SlideActivity@12672#0)
05-28 14:55:48.251 12672 12672 I ViewRootImpl: ViewRoot's Touch Event : ACTION_DOWN
05-28 14:55:48.256 12672 12672 I ViewRootImpl: ViewRoot's Touch Event : ACTION_UP
05-28 14:55:48.285 12672 12672 I 通道: : false
05-28 14:55:48.407   800   800 I SurfaceFlinger: screenshot (com.oringnet.wm/com.oring.SlideActivity@12672#0)
05-28 14:55:48.592   800   852 I BufferQueueProducer: [com.oringnet.wm/com.oring.SlideActivity@12672#0](this:0x798ea0a000,id:4958,api:1,p:12672,c:800) queueBuffer: fps=40.96 dur=1001.01 max=333.55 min=12.99
05-28 14:55:48.673   800   800 I SurfaceFlinger: screenshot (com.oringnet.wm/com.oring.SlideActivity@12672#0)
05-28 14:55:48.984 12672 12672 I ViewRootImpl: ViewRoot's Touch Event : ACTION_DOWN
05-28 14:55:48.988 12672 12672 I ViewRootImpl: ViewRoot's Touch Event : ACTION_UP
05-28 14:55:49.018 12672 12672 I 通道: : false
05-28 14:55:49.144   800   800 I SurfaceFlinger: screenshot (com.oringnet.wm/com.oring.SlideActivity@12672#0)
05-28 14:55:49.406   800   800 I SurfaceFlinger: screenshot (com.oringnet.wm/com.oring.SlideActivity@12672#0)
05-28 14:55:49.701 12672 12672 I ViewRootImpl: ViewRoot's Touch Event : ACTION_DOWN
05-28 14:55:49.706 12672 12672 I ViewRootImpl: ViewRoot's Touch Event : ACTION_UP
05-28 14:55:49.727   800   851 I BufferQueueProducer: [com.oringnet.wm/com.oring.SlideActivity@12672#0](this:0x798ea0a000,id:4958,api:1,p:12672,c:800) queueBuffer: fps=26.43 dur=1135.07 max=348.87 min=13.12
05-28 14:55:49.735 12672 12672 I 通道: : false
05-28 14:55:49.856   800   800 I SurfaceFlinger: screenshot (com.oringnet.wm/com.oring.SlideActivity@12672#0)
05-28 14:55:50.110   800   800 I SurfaceFlinger: screenshot (com.oringnet.wm/com.oring.SlideActivity@12672#0)
05-28 14:55:50.401 12672 12672 I ViewRootImpl: ViewRoot's Touch Event : ACTION_DOWN
05-28 14:55:50.406 12672 12672 I ViewRootImpl: ViewRoot's Touch Event : ACTION_UP
05-28 14:55:50.436 12672 12672 I 通道: : false
05-28 14:55:50.557   800   800 I SurfaceFlinger: screenshot (com.oringnet.wm/com.oring.SlideActivity@12672#0)
05-28 14:55:50.743   800   852 I BufferQueueProducer: [com.oringnet.wm/com.oring.SlideActivity@12672#0](this:0x798ea0a000,id:4958,api:1,p:12672,c:800) queueBuffer: fps=43.32 dur=1015.60 max=304.92 min=13.41
05-28 14:55:50.824   800   800 I SurfaceFlinger: screenshot (com.oringnet.wm/com.oring.SlideActivity@12672#0)
05-28 14:55:51.118 12672 12672 I ViewRootImpl: ViewRoot's Touch Event : ACTION_DOWN
05-28 14:55:51.123 12672 12672 I ViewRootImpl: ViewRoot's Touch Event : ACTION_UP
05-28 14:55:51.152 12672 12672 I 通道: : false
05-28 14:55:51.273   800   800 I SurfaceFlinger: screenshot (com.oringnet.wm/com.oring.SlideActivity@12672#0)
05-28 14:55:51.541   800   800 I SurfaceFlinger: screenshot (com.oringnet.wm/com.oring.SlideActivity@12672#0)
05-28 14:55:51.835 12672 12672 I ViewRootImpl: ViewRoot's Touch Event : ACTION_DOWN
05-28 14:55:51.839 12672 12672 I ViewRootImpl: ViewRoot's Touch Event : ACTION_UP
05-28 14:55:51.859   800   852 I BufferQueueProducer: [com.oringnet.wm/com.oring.SlideActivity@12672#0](this:0x798ea0a000,id:4958,api:1,p:12672,c:800) queueBuffer: fps=27.78 dur=1116.05 max=318.46 min=13.39
05-28 14:55:51.869 12672 12672 I 通道: : false
05-28 14:55:51.990   800   800 I SurfaceFlinger: screenshot (com.oringnet.wm/com.oring.SlideActivity@12672#0)
05-28 14:55:52.257   800   800 I SurfaceFlinger: screenshot (com.oringnet.wm/com.oring.SlideActivity@12672#0)
05-28 14:55:52.535 12672 12672 I ViewRootImpl: ViewRoot's Touch Event : ACTION_DOWN
05-28 14:55:52.539 12672 12672 I ViewRootImpl: ViewRoot's Touch Event : ACTION_UP
05-28 14:55:52.570 12672 12672 I 通道: : false
05-28 14:55:52.707   800   800 I SurfaceFlinger: screenshot (com.oringnet.wm/com.oring.SlideActivity@12672#0)
05-28 14:55:52.878   800   852 I BufferQueueProducer: [com.oringnet.wm/com.oring.SlideActivity@12672#0](this:0x798ea0a000,id:4958,api:1,p:12672,c:800) queueBuffer: fps=42.19 dur=1019.09 max=319.35 min=13.43
05-28 14:55:52.940   800   800 I SurfaceFlinger: screenshot (com.oringnet.wm/com.oring.SlideActivity@12672#0)
05-28 14:55:53.338 12672 12672 I ViewRootImpl: ViewRoot's Touch Event : ACTION_DOWN
05-28 14:55:53.341   800   800 I SurfaceFlinger: screenshot (com.oringnet.wm/com.oring.SlideActivity@12672#0)
05-28 14:55:53.344 12672 12672 I ViewRootImpl: ViewRoot's Touch Event : ACTION_UP
05-28 14:55:53.347 12672 12672 I BitShift:: 0000
05-28 14:55:53.347 12672 12672 I BitShift:: 0000
05-28 14:55:53.347 12672 12672 I BitShift:: 00000000
05-28 14:55:53.362 12672 12672 D PhoneWindow: windowLightStatusBar : false, disable View.SYSTEM_UI_FLAG_LIGHT_STATUS_BAR
05-28 14:55:53.379 12672 12672 I TouchFilterInputStageHelper: [needTouchEventFilter] Displayid : 0
05-28 14:55:53.382 12672 12672 D BezellessGripSuppressionFilter: getdisplaysize, x : 720 y : 1600
05-28 14:55:53.401   800  2411 I BufferQueueConsumer: [com.oringnet.wm/com.oring.SlideActivity@12672#1](this:0x797e3df000,id:4962,api:0,p:-1,c:800) setConsumerName: com.oringnet.wm/com.oring.SlideActivity@12672#1
05-28 14:55:53.402   800  2411 I BufferQueueConsumer: [com.oringnet.wm/com.oring.SlideActivity@12672#1](this:0x797e3df000,id:4962,api:0,p:-1,c:800) setDefaultBufferSize: width=126 height=126
05-28 14:55:53.402   800  2411 I SurfaceFlinger: Create BufferLayer(0x798eb97000) com.oringnet.wm/com.oring.SlideActivity@12672#1 (126 x 126)
05-28 14:55:53.408 12672 12694 D Surface : Surface::connect(this=0x770ace9000,api=1)
05-28 14:55:53.410   800  2411 I BufferQueueProducer: [com.oringnet.wm/com.oring.SlideActivity@12672#1](this:0x797e3df000,id:4962,api:1,p:12672,c:800) connect(P): api=1 producer=(12672:com.oringnet.wm) producerControlledByApp=false
05-28 14:55:53.413 12672 12694 D Surface : Surface::setBufferCount(this=0x770ace9000,bufferCount=3)
05-28 14:55:53.414 12672 12694 D Surface : Surface::allocateBuffers(this=0x770ace9000)
05-28 14:55:53.443   800   800 I SurfaceFlinger: screenshot (com.oringnet.wm/com.oring.SlideActivity@12672#0)
05-28 14:55:53.465 12672 12672 W UiThreadStatement: Already on the UI thread, this method should not be called from the main application thread
05-28 14:55:53.465 12672 12672 I GatewayTest 0請求: 00100A4800010200000e48
05-28 14:55:53.465 12672 12672 I GatewayTest 0響應: 00100a48000183d6
05-28 14:55:53.466 12672 12672 I BitShift:: 0000
05-28 14:55:53.466 12672 12672 I BitShift:: 0000
05-28 14:55:53.466 12672 12672 I BitShift:: 00000000
05-28 14:55:53.489   800   800 I MiniDump: 0x798eb8d000 |     DEVICE |          0 | 1.000 |    0    0  720 1600 |   0.0   0.0 720.0 1600.0 | com.oringnet.wm/com.oring.SlideActivity@12672#0
05-28 14:55:53.489   800   800 I MiniDump: 0x798eb97000 |     DEVICE |          0 | 0.303 |  301  760  419  878 |   0.0   0.0 126.0 126.0 | com.oringnet.wm/com.oring.SlideActivity@12672#1
05-28 14:55:53.489   800   800 I MiniDump: 0x798eb8d000 |     DEVICE |          0 | 1.000 |    0    0  720 1600 |   0.0   0.0 720.0 1600.0 | com.oringnet.wm/com.oring.SlideActivity@12672#0
05-28 14:55:53.489   800   800 I MiniDump: 0x798eb97000 |     DEVICE |          0 | 0.303 |  301  760  419  878 |   0.0   0.0 126.0 126.0 | com.oringnet.wm/com.oring.SlideActivity@12672#1
05-28 14:55:53.544 12672 12672 W UiThreadStatement: Already on the UI thread, this method should not be called from the main application thread
05-28 14:55:53.544 12672 12672 I GatewayTest 1請求: 00100A4900010200000f99
05-28 14:55:53.547   800   800 I SurfaceFlinger: screenshot (com.oringnet.wm/com.oring.SlideActivity@12672#0)
05-28 14:55:53.660   800   800 I SurfaceFlinger: screenshot (com.oringnet.wm/com.oring.SlideActivity@12672#0)
05-28 14:55:53.787 12672 12672 I GatewayTest 1響應: 00100a490001d216
05-28 14:55:53.790 12672 12694 D Surface : Surface::disconnect(this=0x770ace9000,api=1)
05-28 14:55:53.791   800  2411 I BufferQueueProducer: [com.oringnet.wm/com.oring.SlideActivity@12672#1](this:0x797e3df000,id:4962,api:1,p:12672,c:800) disconnect(P): api 1
05-28 14:55:53.804 12672 12672 I Listenable:: here
05-28 14:55:53.811   800   800 I SurfaceFlinger: screenshot (com.oringnet.wm/com.oring.SlideActivity@12672#0)
05-28 14:55:53.914   800   800 I SurfaceFlinger: screenshot (com.oringnet.wm/com.oring.SlideActivity@12672#0)
05-28 14:55:53.973   800   800 I MiniDump: 0x798eb8d000 |     DEVICE |          0 | 1.000 |    0    0  720 1600 |   0.0   0.0 720.0 1600.0 | com.oringnet.wm/com.oring.SlideActivity@12672#0
05-28 14:55:53.973   800   800 I MiniDump: 0x798eb8d000 |     DEVICE |          0 | 1.000 |    0    0  720 1600 |   0.0   0.0 720.0 1600.0 | com.oringnet.wm/com.oring.SlideActivity@12672#0
05-28 14:55:54.028   800   800 I SurfaceFlinger: screenshot (com.oringnet.wm/com.oring.SlideActivity@12672#0)
05-28 14:55:54.051   800   800 I SurfaceFlinger: Remove BufferLayer(0x798eb97000) com.oringnet.wm/com.oring.SlideActivity@12672#1 (-1 x -1)
05-28 14:55:54.051   800   800 I BufferQueue: [com.oringnet.wm/com.oring.SlideActivity@12672#1](this:0x797e3df000,id:4962,api:1,p:-1,c:-1) ~BufferQueueCore
05-28 14:55:54.056   800   800 I MiniDump: 0x798eb8d000 |     DEVICE |          0 | 1.000 |    0    0  720 1600 |   0.0   0.0 720.0 1600.0 | com.oringnet.wm/com.oring.SlideActivity@12672#0
05-28 14:55:54.056   800   800 I MiniDump: 0x798eb8d000 |     DEVICE |          0 | 1.000 |    0    0  720 1600 |   0.0   0.0 720.0 1600.0 | com.oringnet.wm/com.oring.SlideActivity@12672#0
05-28 14:55:54.291   800   800 I SurfaceFlinger: screenshot (com.oringnet.wm/com.oring.SlideActivity@12672#0)
05-28 14:55:54.469 12672 12672 I ViewRootImpl: ViewRoot's Touch Event : ACTION_DOWN
05-28 14:55:54.474 12672 12672 I ViewRootImpl: ViewRoot's Touch Event : ACTION_UP
05-28 14:55:54.482 12672 12672 D PhoneWindow: windowLightStatusBar : false, disable View.SYSTEM_UI_FLAG_LIGHT_STATUS_BAR
05-28 14:55:54.496 12672 12672 I TouchFilterInputStageHelper: [needTouchEventFilter] Displayid : 0
05-28 14:55:54.500 12672 12672 D BezellessGripSuppressionFilter: getdisplaysize, x : 720 y : 1600
05-28 14:55:54.509 12672 12672 D BluetoothGatt: setCharacteristicNotification() - uuid: 6e400003-b5a3-f393-e0a9-e50e24dcca9e enable: true
05-28 14:55:54.510   800   800 I SurfaceFlinger: screenshot (com.oringnet.wm/com.oring.SlideActivity@12672#0)
05-28 14:55:54.534   800   852 I BufferQueueConsumer: [com.oringnet.wm/com.oring.SlideActivity@12672#1](this:0x798226e000,id:4963,api:0,p:-1,c:800) setConsumerName: com.oringnet.wm/com.oring.SlideActivity@12672#1
05-28 14:55:54.535   800   852 I BufferQueueConsumer: [com.oringnet.wm/com.oring.SlideActivity@12672#1](this:0x798226e000,id:4963,api:0,p:-1,c:800) setDefaultBufferSize: width=126 height=126
05-28 14:55:54.535   800   852 I SurfaceFlinger: Create BufferLayer(0x7982329000) com.oringnet.wm/com.oring.SlideActivity@12672#1 (126 x 126)
05-28 14:55:54.542 12672 12694 D Surface : Surface::connect(this=0x770ae7c000,api=1)
05-28 14:55:54.544   800   852 I BufferQueueProducer: [com.oringnet.wm/com.oring.SlideActivity@12672#1](this:0x798226e000,id:4963,api:1,p:12672,c:800) connect(P): api=1 producer=(12672:com.oringnet.wm) producerControlledByApp=false
05-28 14:55:54.547 12672 12694 D Surface : Surface::setBufferCount(this=0x770ae7c000,bufferCount=3)
05-28 14:55:54.547 12672 12694 D Surface : Surface::allocateBuffers(this=0x770ae7c000)
05-28 14:55:54.611   800   800 I SurfaceFlinger: screenshot (com.oringnet.wm/com.oring.SlideActivity@12672#0)
05-28 14:55:54.622   800   800 I MiniDump: 0x798eb8d000 |     DEVICE |          0 | 1.000 |    0    0  720 1600 |   0.0   0.0 720.0 1600.0 | com.oringnet.wm/com.oring.SlideActivity@12672#0
05-28 14:55:54.622   800   800 I MiniDump: 0x7982329000 |     DEVICE |          0 | 0.303 |  301  760  419  878 |   0.0   0.0 126.0 126.0 | com.oringnet.wm/com.oring.SlideActivity@12672#1
05-28 14:55:54.623   800   800 I MiniDump: 0x798eb8d000 |     DEVICE |          0 | 1.000 |    0    0  720 1600 |   0.0   0.0 720.0 1600.0 | com.oringnet.wm/com.oring.SlideActivity@12672#0
05-28 14:55:54.623   800   800 I MiniDump: 0x7982329000 |     DEVICE |          0 | 0.303 |  301  760  419  878 |   0.0   0.0 126.0 126.0 | com.oringnet.wm/com.oring.SlideActivity@12672#1
05-28 14:55:54.666  1041 32082 D MtkOmxVenc: [0xedec2a00] AVC EncTime=15349 (us), RGB_2_YUV=0, FrameCount= 44860, buf timestamp=679512672 (679512672572) IsKey(0), Size(27198)  Slotbitcount(4372840) : in VA=0xEE568400, offset=0x00000000, len=12, flags=0x00000010 : out VA=0xE81D9000, offset=0x00000000sec:0x0, 0x0, pending=2
05-28 14:55:54.704   800  4119 I BufferQueueProducer: [com.oringnet.wm/com.oring.SlideActivity@12672#0](this:0x798ea0a000,id:4958,api:1,p:12672,c:800) queueBuffer: fps=8.21 dur=1826.34 max=861.12 min=7.84
05-28 14:55:54.712   800   800 I SurfaceFlinger: screenshot (com.oringnet.wm/com.oring.SlideActivity@12672#0)
05-28 14:55:54.763 12672 12672 W UiThreadStatement: Already on the UI thread, this method should not be called from the main application thread
05-28 14:55:54.763 12672 12672 I GatewayTest 8請求: 000303200002c454
05-28 14:55:54.764 12672 12672 I GatewayTest 8響應: 00030400002580f1c3
05-28 14:55:54.764 12672 12672 I Bau:    : 9600
05-28 14:55:54.828   800   800 I SurfaceFlinger: screenshot (com.oringnet.wm/com.oring.SlideActivity@12672#0)
05-28 14:55:54.860 12672 12672 W UiThreadStatement: Already on the UI thread, this method should not be called from the main application thread
05-28 14:55:54.860 12672 12672 I GatewayTest 9請求: 0003033000018590
05-28 14:55:54.860 12672 12672 I GatewayTest 9響應: 00030200088442
05-28 14:55:54.860 12672 12672 I SERIAL_DATA_BITS: >> 8
05-28 14:55:54.868 12672 12672 I DataBits: >> 8
05-28 14:55:54.958 12672 12672 I GatewayTest 10響應: 00030200008584
05-28 14:55:54.967 12672 12672 W UiThreadStatement: Already on the UI thread, this method should not be called from the main application thread
05-28 14:55:54.967 12672 12672 I GatewayTest 11請求: 0003033800010452
05-28 14:55:55.056 12672 12672 W UiThreadStatement: Already on the UI thread, this method should not be called from the main application thread
05-28 14:55:55.056 12672 12672 I GatewayTest 11請求: 000303400001844b
05-28 14:55:55.057 12672 12672 I GatewayTest 11響應: 00030200014444
05-28 14:55:55.091   800   800 I SurfaceFlinger: screenshot (com.oringnet.wm/com.oring.SlideActivity@12672#0)
05-28 14:55:55.152 12672 12672 W UiThreadStatement: Already on the UI thread, this method should not be called from the main application thread
05-28 14:55:55.152 12672 12672 I GatewayTest 12請求: 0003034800010589
05-28 14:55:55.155 12672 12672 I GatewayTest 12響應: 00030200320451
05-28 14:55:55.158 12672 12694 D Surface : Surface::disconnect(this=0x770ae7c000,api=1)
05-28 14:55:55.159   800   852 I BufferQueueProducer: [com.oringnet.wm/com.oring.SlideActivity@12672#1](this:0x798226e000,id:4963,api:1,p:12672,c:800) disconnect(P): api 1
05-28 14:55:55.196   800   800 I SurfaceFlinger: screenshot (com.oringnet.wm/com.oring.SlideActivity@12672#0)
05-28 14:55:55.297   800   800 I SurfaceFlinger: screenshot (com.oringnet.wm/com.oring.SlideActivity@12672#0)
05-28 14:55:55.339   800   800 I MiniDump: 0x798eb8d000 |     DEVICE |          0 | 1.000 |    0    0  720 1600 |   0.0   0.0 720.0 1600.0 | com.oringnet.wm/com.oring.SlideActivity@12672#0
05-28 14:55:55.339   800   800 I MiniDump: 0x798eb8d000 |     DEVICE |          0 | 1.000 |    0    0  720 1600 |   0.0   0.0 720.0 1600.0 | com.oringnet.wm/com.oring.SlideActivity@12672#0
05-28 14:55:55.411   800   800 I SurfaceFlinger: screenshot (com.oringnet.wm/com.oring.SlideActivity@12672#0)
05-28 14:55:55.418   800   800 I SurfaceFlinger: Remove BufferLayer(0x7982329000) com.oringnet.wm/com.oring.SlideActivity@12672#1 (-1 x -1)
05-28 14:55:55.418   800   800 I BufferQueue: [com.oringnet.wm/com.oring.SlideActivity@12672#1](this:0x798226e000,id:4963,api:1,p:-1,c:-1) ~BufferQueueCore
05-28 14:55:55.422   800   800 I MiniDump: 0x798eb8d000 |     DEVICE |          0 | 1.000 |    0    0  720 1600 |   0.0   0.0 720.0 1600.0 | com.oringnet.wm/com.oring.SlideActivity@12672#0
05-28 14:55:55.423   800   800 I MiniDump: 0x798eb8d000 |     DEVICE |          0 | 1.000 |    0    0  720 1600 |   0.0   0.0 720.0 1600.0 | com.oringnet.wm/com.oring.SlideActivity@12672#0
05-28 14:55:55.675   800   800 I SurfaceFlinger: screenshot (com.oringnet.wm/com.oring.SlideActivity@12672#0)
05-28 14:55:55.941   800   800 I SurfaceFlinger: screenshot (com.oringnet.wm/com.oring.SlideActivity@12672#0)
05-28 14:55:56.078   800   800 I SurfaceFlinger: screenshot (com.oringnet.wm/com.oring.SlideActivity@12672#0)
05-28 14:55:56.208   800   800 I SurfaceFlinger: screenshot (com.oringnet.wm/com.oring.SlideActivity@12672#0)
05-28 14:55:56.475   800   800 I SurfaceFlinger: screenshot (com.oringnet.wm/com.oring.SlideActivity@12672#0)
05-28 14:55:56.536 12672 12672 I ViewRootImpl: ViewRoot's Touch Event : ACTION_DOWN
05-28 14:55:56.541 12672 12672 I ViewRootImpl: ViewRoot's Touch Event : ACTION_UP
05-28 14:55:56.566   800   851 I BufferQueueProducer: [com.oringnet.wm/com.oring.SlideActivity@12672#0](this:0x798ea0a000,id:4958,api:1,p:12672,c:800) queueBuffer: fps=5.37 dur=1861.80 max=1358.06 min=14.70
05-28 14:55:56.725   800   800 I SurfaceFlinger: screenshot (com.oringnet.wm/com.oring.SlideActivity@12672#0)
05-28 14:55:56.991   800   800 I SurfaceFlinger: screenshot (com.oringnet.wm/com.oring.SlideActivity@12672#0)
05-28 14:55:57.286 12672 12672 I ViewRootImpl: ViewRoot's Touch Event : ACTION_DOWN
05-28 14:55:57.290 12672 12672 I ViewRootImpl: ViewRoot's Touch Event : ACTION_UP
05-28 14:55:57.299 12672 12672 D PhoneWindow: windowLightStatusBar : false, disable View.SYSTEM_UI_FLAG_LIGHT_STATUS_BAR
05-28 14:55:57.314 12672 12672 I TouchFilterInputStageHelper: [needTouchEventFilter] Displayid : 0
05-28 14:55:57.316 12672 12672 D BezellessGripSuppressionFilter: getdisplaysize, x : 720 y : 1600
05-28 14:55:57.324 12672 12672 D BluetoothGatt: setCharacteristicNotification() - uuid: 6e400003-b5a3-f393-e0a9-e50e24dcca9e enable: true
05-28 14:55:57.327   800   800 I SurfaceFlinger: screenshot (com.oringnet.wm/com.oring.SlideActivity@12672#0)
05-28 14:55:57.345   800  4119 I BufferQueueConsumer: [com.oringnet.wm/com.oring.SlideActivity@12672#1](this:0x798226f800,id:4964,api:0,p:-1,c:800) setConsumerName: com.oringnet.wm/com.oring.SlideActivity@12672#1
05-28 14:55:57.345   800  4119 I BufferQueueConsumer: [com.oringnet.wm/com.oring.SlideActivity@12672#1](this:0x798226f800,id:4964,api:0,p:-1,c:800) setDefaultBufferSize: width=126 height=126
05-28 14:55:57.345   800  4119 I SurfaceFlinger: Create BufferLayer(0x798222f000) com.oringnet.wm/com.oring.SlideActivity@12672#1 (126 x 126)
05-28 14:55:57.351 12672 12694 D Surface : Surface::connect(this=0x770ac22000,api=1)
05-28 14:55:57.351   800  4119 I BufferQueueProducer: [com.oringnet.wm/com.oring.SlideActivity@12672#1](this:0x798226f800,id:4964,api:1,p:12672,c:800) connect(P): api=1 producer=(12672:com.oringnet.wm) producerControlledByApp=false
05-28 14:55:57.353 12672 12694 D Surface : Surface::setBufferCount(this=0x770ac22000,bufferCount=3)
05-28 14:55:57.353 12672 12694 D Surface : Surface::allocateBuffers(this=0x770ac22000)
05-28 14:55:57.428   800   800 I SurfaceFlinger: screenshot (com.oringnet.wm/com.oring.SlideActivity@12672#0)
05-28 14:55:57.439   800   800 I MiniDump: 0x798eb8d000 |     DEVICE |          0 | 1.000 |    0    0  720 1600 |   0.0   0.0 720.0 1600.0 | com.oringnet.wm/com.oring.SlideActivity@12672#0
05-28 14:55:57.439   800   800 I MiniDump: 0x798222f000 |     DEVICE |          0 | 0.287 |  301  760  419  878 |   0.0   0.0 126.0 126.0 | com.oringnet.wm/com.oring.SlideActivity@12672#1
05-28 14:55:57.440   800   800 I MiniDump: 0x798eb8d000 |     DEVICE |          0 | 1.000 |    0    0  720 1600 |   0.0   0.0 720.0 1600.0 | com.oringnet.wm/com.oring.SlideActivity@12672#0
05-28 14:55:57.440   800   800 I MiniDump: 0x798222f000 |     DEVICE |          0 | 0.287 |  301  760  419  878 |   0.0   0.0 126.0 126.0 | com.oringnet.wm/com.oring.SlideActivity@12672#1
05-28 14:55:57.528   800   800 I SurfaceFlinger: screenshot (com.oringnet.wm/com.oring.SlideActivity@12672#0)
05-28 14:55:57.629   800   800 I SurfaceFlinger: screenshot (com.oringnet.wm/com.oring.SlideActivity@12672#0)
05-28 14:55:57.881   800  2411 I BufferQueueProducer: [com.oringnet.wm/com.oring.SlideActivity@12672#0](this:0x798ea0a000,id:4958,api:1,p:12672,c:800) queueBuffer: fps=8.36 dur=1315.10 max=650.51 min=10.06
05-28 14:55:57.892   800   800 I SurfaceFlinger: screenshot (com.oringnet.wm/com.oring.SlideActivity@12672#0)
05-28 14:55:57.980 12672 12672 W UiThreadStatement: Already on the UI thread, this method should not be called from the main application thread
05-28 14:55:57.981 12672 12672 I GatewayTest 0請求: 00030A4800010615
05-28 14:55:57.981 12672 12672 I GatewayTest 0響應: 00030200008584
05-28 14:55:57.981 12672 12672 I Req_Enable 0-15:: 0000
05-28 14:55:58.078 12672 12672 W UiThreadStatement: Already on the UI thread, this method should not be called from the main application thread
05-28 14:55:58.078 12672 12672 I GatewayTest 1請求: 00030A49000157d5
05-28 14:55:58.078 12672 12672 I GatewayTest 1響應: 00030200008584
05-28 14:55:58.078 12672 12672 I Req_Enable 16-31:: 0000
05-28 14:55:58.089 12672 12672 D BluetoothGatt: setCharacteristicNotification() - uuid: 6e400003-b5a3-f393-e0a9-e50e24dcca9e enable: true
05-28 14:55:58.159   800   800 I SurfaceFlinger: screenshot (com.oringnet.wm/com.oring.SlideActivity@12672#0)
05-28 14:55:58.175 12672 12672 I R_item  : enable: 0
05-28 14:55:58.272 12672 12672 W UiThreadStatement: Already on the UI thread, this method should not be called from the main application thread
05-28 14:55:58.272 12672 12672 I GatewayTest 2請求: 000307D000018556
05-28 14:55:58.272 12672 12672 I GatewayTest 2響應: 00030200008584
05-28 14:55:58.272 12672 12672 I R_item  : 0 NET_ID 0000
05-28 14:55:58.360   800   800 I SurfaceFlinger: screenshot (com.oringnet.wm/com.oring.SlideActivity@12672#0)
05-28 14:55:58.371 12672 12672 W UiThreadStatement: Already on the UI thread, this method should not be called from the main application thread
05-28 14:55:58.371 12672 12672 I GatewayTest 3請求: 000308340001c675
05-28 14:55:58.372 12672 12672 I GatewayTest 3響應: 00030200008584
05-28 14:55:58.372 12672 12672 I R_item  : 0 IO_TYPE 0000
05-28 14:55:58.467 12672 12672 W UiThreadStatement: Already on the UI thread, this method should not be called from the main application thread
05-28 14:55:58.468 12672 12672 I GatewayTest 4請求: 0003089800010654
05-28 14:55:58.469 12672 12672 I GatewayTest 4響應: 00030200008584
05-28 14:55:58.469 12672 12672 I R_item  : 0 ADDRESS 0000
05-28 14:55:58.565 12672 12672 W UiThreadStatement: Already on the UI thread, this method should not be called from the main application thread
05-28 14:55:58.566 12672 12672 I GatewayTest 5請求: 000308FC0001478b
05-28 14:55:58.566 12672 12672 I GatewayTest 5響應: 00030200008584
05-28 14:55:58.566 12672 12672 I R_item  : 0 DATA_NUM 0000
05-28 14:55:58.625   800   800 I SurfaceFlinger: screenshot (com.oringnet.wm/com.oring.SlideActivity@12672#0)
05-28 14:55:58.662 12672 12672 W UiThreadStatement: Already on the UI thread, this method should not be called from the main application thread
05-28 14:55:58.662 12672 12672 I GatewayTest 7請求: 0003096000018659
05-28 14:55:58.663 12672 12672 I GatewayTest 7響應: 00030200008584
05-28 14:55:58.663 12672 12672 I R_item  : 0 DATA_FORMAT 0000
05-28 14:55:58.760 12672 12672 W UiThreadStatement: Already on the UI thread, this method should not be called from the main application thread
05-28 14:55:58.760 12672 12672 I GatewayTest 6請求: 000309C40001c7ba
05-28 14:55:58.761 12672 12672 I GatewayTest 6響應: 00030200008584
05-28 14:55:58.761 12672 12672 I R_item  : 0 INTERVAL 0000
05-28 14:55:58.761 12672 12672 I R_item  : enable: 1
05-28 14:55:58.858 12672 12672 W UiThreadStatement: Already on the UI thread, this method should not be called from the main application thread
05-28 14:55:58.858 12672 12672 I GatewayTest 2請求: 000307D10001d496
05-28 14:55:58.862 12672 12672 I GatewayTest 2響應: 00030200008584
05-28 14:55:58.862 12672 12672 I R_item  : 1 NET_ID 0000
05-28 14:55:58.892   800   800 I SurfaceFlinger: screenshot (com.oringnet.wm/com.oring.SlideActivity@12672#0)
05-28 14:55:58.936   800   852 I BufferQueueProducer: [com.oringnet.wm/com.oring.SlideActivity@12672#0](this:0x798ea0a000,id:4958,api:1,p:12672,c:800) queueBuffer: fps=18.96 dur=1054.73 max=355.18 min=7.70
05-28 14:55:58.955 12672 12672 W UiThreadStatement: Already on the UI thread, this method should not be called from the main application thread
05-28 14:55:58.955 12672 12672 I GatewayTest 3請求: 00030835000197b5
05-28 14:55:58.955 12672 12672 I GatewayTest 3響應: 00030200008584
05-28 14:55:58.956 12672 12672 I R_item  : 1 IO_TYPE 0000
05-28 14:55:59.028   800   800 I SurfaceFlinger: screenshot (com.oringnet.wm/com.oring.SlideActivity@12672#0)
05-28 14:55:59.053 12672 12672 W UiThreadStatement: Already on the UI thread, this method should not be called from the main application thread
05-28 14:55:59.053 12672 12672 I GatewayTest 4請求: 0003089900015794
05-28 14:55:59.053 12672 12672 I GatewayTest 4響應: 00030200008584
05-28 14:55:59.053 12672 12672 I R_item  : 1 ADDRESS 0000
05-28 14:55:59.150 12672 12672 I GatewayTest 5響應: 00030200008584
05-28 14:55:59.150 12672 12672 I R_item  : 1 DATA_NUM 0000
05-28 14:55:59.159 12672 12672 W UiThreadStatement: Already on the UI thread, this method should not be called from the main application thread
05-28 14:55:59.159 12672 12672 I GatewayTest 7請求: 000308FD0001164b
05-28 14:55:59.249 12672 12672 I GatewayTest 7響應: 00030200008584
05-28 14:55:59.249 12672 12672 I R_item  : 1 DATA_FORMAT 0000
05-28 14:55:59.256 12672 12672 W UiThreadStatement: Already on the UI thread, this method should not be called from the main application thread
05-28 14:55:59.256 12672 12672 I GatewayTest 6請求: 000309610001d799
05-28 14:55:59.292   800   800 I SurfaceFlinger: screenshot (com.oringnet.wm/com.oring.SlideActivity@12672#0)
05-28 14:55:59.346 12672 12672 W UiThreadStatement: Already on the UI thread, this method should not be called from the main application thread
05-28 14:55:59.347 12672 12672 I GatewayTest 6請求: 000309C50001967a
05-28 14:55:59.347 12672 12672 I GatewayTest 6響應: 00030200008584
05-28 14:55:59.347 12672 12672 I R_item  : 1 INTERVAL 0000
05-28 14:55:59.347 12672 12672 I R_item  : enable: 2
05-28 14:55:59.442 12672 12672 W UiThreadStatement: Already on the UI thread, this method should not be called from the main application thread
05-28 14:55:59.442 12672 12672 I GatewayTest 2請求: 000307D200012496
05-28 14:55:59.442 12672 12672 I GatewayTest 2響應: 00030200008584
05-28 14:55:59.442 12672 12672 I R_item  : 2 NET_ID 0000
05-28 14:55:59.540 12672 12672 W UiThreadStatement: Already on the UI thread, this method should not be called from the main application thread
05-28 14:55:59.540 12672 12672 I GatewayTest 3請求: 00030836000167b5
05-28 14:55:59.540 12672 12672 I GatewayTest 3響應: 00030200008584
05-28 14:55:59.541 12672 12672 I R_item  : 2 IO_TYPE 0000
05-28 14:55:59.638 12672 12672 W UiThreadStatement: Already on the UI thread, this method should not be called from the main application thread
05-28 14:55:59.638 12672 12672 I GatewayTest 4請求: 0003089A0001a794
05-28 14:55:59.638 12672 12672 I GatewayTest 4響應: 00030200008584
05-28 14:55:59.638 12672 12672 I R_item  : 2 ADDRESS 0000
05-28 14:55:59.735 12672 12672 W UiThreadStatement: Already on the UI thread, this method should not be called from the main application thread
05-28 14:55:59.735 12672 12672 I GatewayTest 5請求: 000308FE0001e64b
05-28 14:55:59.735 12672 12672 I GatewayTest 5響應: 00030200008584
05-28 14:55:59.735 12672 12672 I R_item  : 2 DATA_NUM 0000
05-28 14:55:59.826   800   800 I SurfaceFlinger: screenshot (com.oringnet.wm/com.oring.SlideActivity@12672#0)
05-28 14:55:59.832 12672 12672 W UiThreadStatement: Already on the UI thread, this method should not be called from the main application thread
05-28 14:55:59.832 12672 12672 I GatewayTest 7請求: 0003096200012799
05-28 14:55:59.832 12672 12672 I GatewayTest 7響應: 00030200008584
05-28 14:55:59.832 12672 12672 I R_item  : 2 DATA_FORMAT 0000
05-28 14:55:59.931 12672 12672 W UiThreadStatement: Already on the UI thread, this method should not be called from the main application thread
05-28 14:55:59.931 12672 12672 I GatewayTest 6請求: 000309C60001667a
05-28 14:55:59.932 12672 12672 I GatewayTest 6響應: 00030200008584
05-28 14:55:59.932 12672 12672 I R_item  : 2 INTERVAL 0000
05-28 14:55:59.932 12672 12672 I R_item  : enable: 3
05-28 14:55:59.994   800  2411 I BufferQueueProducer: [com.oringnet.wm/com.oring.SlideActivity@12672#0](this:0x798ea0a000,id:4958,api:1,p:12672,c:800) queueBuffer: fps=20.79 dur=1058.16 max=100.12 min=6.48
05-28 14:56:00.010   800   800 I SurfaceFlinger: screenshot (com.oringnet.wm/com.oring.SlideActivity@12672#0)
05-28 14:56:00.027 12672 12672 W UiThreadStatement: Already on the UI thread, this method should not be called from the main application thread
05-28 14:56:00.027 12672 12672 I GatewayTest 2請求: 000307D300017556
05-28 14:56:00.028 12672 12672 I GatewayTest 2響應: 00030200008584
05-28 14:56:00.028 12672 12672 I R_item  : 3 NET_ID 0000
05-28 14:56:00.125 12672 12672 W UiThreadStatement: Already on the UI thread, this method should not be called from the main application thread
05-28 14:56:00.125 12672 12672 I GatewayTest 3請求: 0003083700013675
05-28 14:56:00.126 12672 12672 I GatewayTest 3響應: 00030200008584
05-28 14:56:00.126 12672 12672 I R_item  : 3 IO_TYPE 0000
05-28 14:56:00.222 12672 12672 W UiThreadStatement: Already on the UI thread, this method should not be called from the main application thread
05-28 14:56:00.222 12672 12672 I GatewayTest 4請求: 0003089B0001f654
05-28 14:56:00.222 12672 12672 I GatewayTest 4響應: 00030200008584
05-28 14:56:00.222 12672 12672 I R_item  : 3 ADDRESS 0000
05-28 14:56:00.320 12672 12672 W UiThreadStatement: Already on the UI thread, this method should not be called from the main application thread
05-28 14:56:00.320 12672 12672 I GatewayTest 5請求: 000308FF0001b78b
05-28 14:56:00.320 12672 12672 I GatewayTest 5響應: 00030200008584
05-28 14:56:00.320 12672 12672 I R_item  : 3 DATA_NUM 0000
05-28 14:56:00.418 12672 12672 W UiThreadStatement: Already on the UI thread, this method should not be called from the main application thread
05-28 14:56:00.418 12672 12672 I GatewayTest 7請求: 0003096300017659
05-28 14:56:00.418 12672 12672 I GatewayTest 7響應: 00030200008584
05-28 14:56:00.418 12672 12672 I R_item  : 3 DATA_FORMAT 0000
05-28 14:56:00.510   800   800 I SurfaceFlinger: screenshot (com.oringnet.wm/com.oring.SlideActivity@12672#0)
05-28 14:56:00.516 12672 12672 W UiThreadStatement: Already on the UI thread, this method should not be called from the main application thread
05-28 14:56:00.516 12672 12672 I GatewayTest 6請求: 000309C7000137ba
05-28 14:56:00.516 12672 12672 I GatewayTest 6響應: 00030200008584
05-28 14:56:00.516 12672 12672 I R_item  : 3 INTERVAL 0000
05-28 14:56:00.516 12672 12672 I R_item  : enable: 4
05-28 14:56:00.612 12672 12672 W UiThreadStatement: Already on the UI thread, this method should not be called from the main application thread
05-28 14:56:00.612 12672 12672 I GatewayTest 2請求: 000307D40001c497
05-28 14:56:00.613 12672 12672 I GatewayTest 2響應: 00030200008584
05-28 14:56:00.613 12672 12672 I R_item  : 4 NET_ID 0000
05-28 14:56:00.709 12672 12672 W UiThreadStatement: Already on the UI thread, this method should not be called from the main application thread
05-28 14:56:00.710 12672 12672 I GatewayTest 3請求: 0003083800010676
05-28 14:56:00.710 12672 12672 I GatewayTest 3響應: 00030200008584
05-28 14:56:00.710 12672 12672 I R_item  : 4 IO_TYPE 0000
05-28 14:56:00.807 12672 12672 W UiThreadStatement: Already on the UI thread, this method should not be called from the main application thread
05-28 14:56:00.808 12672 12672 I GatewayTest 4請求: 0003089C00014795
05-28 14:56:00.809 12672 12672 I GatewayTest 4響應: 00030200008584
05-28 14:56:00.809 12672 12672 I R_item  : 4 ADDRESS 0000
05-28 14:56:00.905 12672 12672 W UiThreadStatement: Already on the UI thread, this method should not be called from the main application thread
05-28 14:56:00.906 12672 12672 I GatewayTest 5請求: 0003090000018647
05-28 14:56:00.906 12672 12672 I GatewayTest 5響應: 00030200008584
05-28 14:56:00.906 12672 12672 I R_item  : 4 DATA_NUM 0000
05-28 14:56:01.002 12672 12672 W UiThreadStatement: Already on the UI thread, this method should not be called from the main application thread
05-28 14:56:01.002 12672 12672 I GatewayTest 7請求: 000309640001c798
05-28 14:56:01.003 12672 12672 I GatewayTest 7響應: 00030200008584
05-28 14:56:01.003 12672 12672 I R_item  : 4 DATA_FORMAT 0000
05-28 14:56:01.061   800   852 I BufferQueueProducer: [com.oringnet.wm/com.oring.SlideActivity@12672#0](this:0x798ea0a000,id:4958,api:1,p:12672,c:800) queueBuffer: fps=20.62 dur=1066.92 max=97.58 min=6.26
05-28 14:56:01.093   800   800 I SurfaceFlinger: screenshot (com.oringnet.wm/com.oring.SlideActivity@12672#0)
05-28 14:56:01.099 12672 12672 W UiThreadStatement: Already on the UI thread, this method should not be called from the main application thread
05-28 14:56:01.099 12672 12672 I GatewayTest 6請求: 000309C8000107b9
05-28 14:56:01.100 12672 12672 I GatewayTest 6響應: 00030200008584
05-28 14:56:01.100 12672 12672 I R_item  : 4 INTERVAL 0000
05-28 14:56:01.100 12672 12672 I R_item  : enable: 5
05-28 14:56:01.198 12672 12672 W UiThreadStatement: Already on the UI thread, this method should not be called from the main application thread
05-28 14:56:01.198 12672 12672 I GatewayTest 2請求: 000307D500019557
05-28 14:56:01.198 12672 12672 I GatewayTest 2響應: 00030200008584
05-28 14:56:01.198 12672 12672 I R_item  : 5 NET_ID 0000
05-28 14:56:01.295 12672 12672 W UiThreadStatement: Already on the UI thread, this method should not be called from the main application thread
05-28 14:56:01.295 12672 12672 I GatewayTest 3請求: 00030839000157b6
05-28 14:56:01.295 12672 12672 I GatewayTest 3響應: 00030200008584
05-28 14:56:01.295 12672 12672 I R_item  : 5 IO_TYPE 0000
05-28 14:56:01.377   800   800 I SurfaceFlinger: screenshot (com.oringnet.wm/com.oring.SlideActivity@12672#0)
05-28 14:56:01.393 12672 12672 W UiThreadStatement: Already on the UI thread, this method should not be called from the main application thread
05-28 14:56:01.393 12672 12672 I GatewayTest 4請求: 0003089D00011655
05-28 14:56:01.393 12672 12672 I GatewayTest 4響應: 00030200008584
05-28 14:56:01.393 12672 12672 I R_item  : 5 ADDRESS 0000
05-28 14:56:01.490 12672 12672 W UiThreadStatement: Already on the UI thread, this method should not be called from the main application thread
05-28 14:56:01.490 12672 12672 I GatewayTest 5請求: 000309010001d787
05-28 14:56:01.490 12672 12672 I GatewayTest 5響應: 00030200008584
05-28 14:56:01.490 12672 12672 I R_item  : 5 DATA_NUM 0000
05-28 14:56:01.587 12672 12672 W UiThreadStatement: Already on the UI thread, this method should not be called from the main application thread
05-28 14:56:01.587 12672 12672 I GatewayTest 7請求: 0003096500019658
05-28 14:56:01.587 12672 12672 I GatewayTest 7響應: 00030200008584
05-28 14:56:01.587 12672 12672 I R_item  : 5 DATA_FORMAT 0000
05-28 14:56:01.661   800   800 I SurfaceFlinger: screenshot (com.oringnet.wm/com.oring.SlideActivity@12672#0)
05-28 14:56:01.685 12672 12672 I GatewayTest 6響應: 00030200008584
05-28 14:56:01.685 12672 12672 I R_item  : 5 INTERVAL 0000
05-28 14:56:01.685 12672 12672 I R_item  : enable: 6
05-28 14:56:01.692 12672 12672 W UiThreadStatement: Already on the UI thread, this method should not be called from the main application thread
05-28 14:56:01.692 12672 12672 I GatewayTest 2請求: 000309C900015679
05-28 14:56:01.782 12672 12672 W UiThreadStatement: Already on the UI thread, this method should not be called from the main application thread
05-28 14:56:01.782 12672 12672 I GatewayTest 2請求: 000307D600016557
05-28 14:56:01.783 12672 12672 I GatewayTest 2響應: 00030200008584
05-28 14:56:01.783 12672 12672 I R_item  : 6 NET_ID 0000
05-28 14:56:01.881 12672 12672 I GatewayTest 3響應: 00030200008584
05-28 14:56:01.881 12672 12672 I R_item  : 6 IO_TYPE 0000
05-28 14:56:01.889 12672 12672 W UiThreadStatement: Already on the UI thread, this method should not be called from the main application thread
05-28 14:56:01.889 12672 12672 I GatewayTest 4請求: 0003083A0001a7b6
05-28 14:56:01.978 12672 12672 W UiThreadStatement: Already on the UI thread, this method should not be called from the main application thread
05-28 14:56:01.978 12672 12672 I GatewayTest 4請求: 0003089E0001e655
05-28 14:56:01.979 12672 12672 I GatewayTest 4響應: 00030200008584
05-28 14:56:01.979 12672 12672 I R_item  : 6 ADDRESS 0000
05-28 14:56:02.075 12672 12672 W UiThreadStatement: Already on the UI thread, this method should not be called from the main application thread
05-28 14:56:02.075 12672 12672 I GatewayTest 5請求: 0003090200012787
05-28 14:56:02.075 12672 12672 I GatewayTest 5響應: 00030200008584
05-28 14:56:02.075 12672 12672 I R_item  : 6 DATA_NUM 0000
05-28 14:56:02.130   800  2411 I BufferQueueProducer: [com.oringnet.wm/com.oring.SlideActivity@12672#0](this:0x798ea0a000,id:4958,api:1,p:12672,c:800) queueBuffer: fps=20.58 dur=1068.89 max=94.25 min=6.43
05-28 14:56:02.172 12672 12672 W UiThreadStatement: Already on the UI thread, this method should not be called from the main application thread
05-28 14:56:02.172 12672 12672 I GatewayTest 7請求: 0003096600016658
05-28 14:56:02.172 12672 12672 I GatewayTest 7響應: 00030200008584
05-28 14:56:02.172 12672 12672 I R_item  : 6 DATA_FORMAT 0000
05-28 14:56:02.244   800   800 I SurfaceFlinger: screenshot (com.oringnet.wm/com.oring.SlideActivity@12672#0)
05-28 14:56:02.269 12672 12672 W UiThreadStatement: Already on the UI thread, this method should not be called from the main application thread
05-28 14:56:02.269 12672 12672 I GatewayTest 6請求: 000309CA0001a679
