06-21 20:59:31.867 17258 17258 W UiThreadStatement: Already on the UI thread, this method should not be called from the main application thread
06-21 20:59:31.867 17258 17258 I I/O     : [Req]<Read AI 3 Status> 01040006000291ca
06-21 20:59:31.867 17258 17258 I I/O     : [Rsp]<Read AI 3 Status> 01040441fa0000cf89
06-21 20:59:31.903   792   792 I SurfaceFlinger: screenshot (com.oringnet.wm/com.oring.SlideActivity@17258#0)
06-21 20:59:31.911 17258 17258 I AI_value:: 31.25
06-21 20:59:31.911 17258 17258 I AI_raw: : 41fa0000
06-21 20:59:32.013 17258 17258 W UiThreadStatement: Already on the UI thread, this method should not be called from the main application thread
06-21 20:59:32.013 17258 17258 I I/O     : [Req]<Read AI 4 Status> 010400080002f009
06-21 20:59:32.013 17258 17258 I I/O     : [Rsp]<Read AI 4 Status> 01040400000000fb84
06-21 20:59:32.060 17258 17258 I AI_value:: 0.0
06-21 20:59:32.060 17258 17258 I AI_raw: : 00000000
06-21 20:59:32.082   792   824 I BufferQueueProducer: [com.oringnet.wm/com.oring.SlideActivity@17258#0](this:0x7f65ce6800,id:1566,api:1,p:17258,c:792) queueBuffer: fps=9.81 dur=1019.20 max=167.80 min=10.90
06-21 20:59:32.205 17258 17258 I AI_value:: 31.25
06-21 20:59:32.307 17258 17258 W UiThreadStatement: Already on the UI thread, this method should not be called from the main application thread
06-21 20:59:32.307 17258 17258 I I/O     : [Req]<Read AI Type> 010304000006c4f8
06-21 20:59:32.307 17258 17258 I I/O     : [Rsp]<Read AI Type> 01030c000400060206000600060006a23a
06-21 20:59:32.403 17258 17258 W UiThreadStatement: Already on the UI thread, this method should not be called from the main application thread
06-21 20:59:32.403 17258 17258 I I/O     : [Req]<Read RTD 2 mode> 010303050004544c
06-21 20:59:32.403 17258 17258 I I/O     : [Rsp]<Read RTD 2 mode> 010308000000000000000095d7
06-21 20:59:32.404 17258 17258 I RTD_mode:: 0000000000000000
06-21 20:59:32.404 17258 17258 I parseRTD_mode: SW index 0 = 0
06-21 20:59:32.404 17258 17258 I parseRTD_mode: SW index 2 = 0
06-21 20:59:32.404 17258 17258 I parseRTD_mode: SW index 1 = 0
06-21 20:59:32.404 17258 17258 I parseRTD_mode: SW index 3 = 0
06-21 20:59:32.437   792   792 I SurfaceFlinger: screenshot (com.oringnet.wm/com.oring.SlideActivity@17258#0)
06-21 20:59:32.516 17258 17258 W UiThreadStatement: Already on the UI thread, this method should not be called from the main application thread
06-21 20:59:32.516 17258 17258 I I/O     : [Req]<Read RTD 2 mode> 010303f90001547f
06-21 20:59:32.517 17258 17258 I I/O     : [Rsp]<Read RTD 2 mode> 0103020000b844
06-21 20:59:32.517 17258 17258 I finish  : @@!!
06-21 20:59:32.704   792   792 I SurfaceFlinger: screenshot (com.oringnet.wm/com.oring.SlideActivity@17258#0)
06-21 20:59:34.232 17258 17258 I ViewRootImpl: ViewRoot's Touch Event : ACTION_DOWN
06-21 20:59:34.239 17258 17258 I ViewRootImpl: ViewRoot's Touch Event : ACTION_UP
06-21 20:59:34.258   792  2107 I BufferQueueProducer: [com.oringnet.wm/com.oring.SlideActivity@17258#0](this:0x7f65ce6800,id:1566,api:1,p:17258,c:792) queueBuffer: fps=9.19 dur=2175.98 max=1489.36 min=13.96
06-21 20:59:34.403   792   792 I SurfaceFlinger: screenshot (com.oringnet.wm/com.oring.SlideActivity@17258#0)
06-21 20:59:34.670   792   792 I SurfaceFlinger: screenshot (com.oringnet.wm/com.oring.SlideActivity@17258#0)
06-21 20:59:35.783 17258 17258 I ViewRootImpl: ViewRoot's Touch Event : ACTION_DOWN
06-21 20:59:35.790 17258 17258 I ViewRootImpl: ViewRoot's Touch Event : ACTION_UP
06-21 20:59:35.810   792  2107 I BufferQueueProducer: [com.oringnet.wm/com.oring.SlideActivity@17258#0](this:0x7f65ce6800,id:1566,api:1,p:17258,c:792) queueBuffer: fps=17.39 dur=1552.37 max=1118.33 min=8.98
06-21 20:59:35.937   792   792 I SurfaceFlinger: screenshot (com.oringnet.wm/com.oring.SlideActivity@17258#0)
06-21 20:59:35.942 17258 17258 I 通道: : false
06-21 20:59:35.944 17258 17258 I chatty  : uid=10316(com.oringnet.wm) identical 17 lines
06-21 20:59:35.944 17258 17258 I 通道: : false
06-21 20:59:35.944 17258 17258 I 通道: : false
06-21 20:59:35.944 17258 17258 I chatty  : uid=10316(com.oringnet.wm) identical 4 lines
06-21 20:59:35.944 17258 17258 I 通道: : false
06-21 20:59:35.944 17258 17258 I 通道: : false
06-21 20:59:35.944 17258 17258 I chatty  : uid=10316(com.oringnet.wm) identical 5 lines
06-21 20:59:35.944 17258 17258 I 通道: : false
06-21 20:59:35.960 17258 17258 I DataBits: >> 0
06-21 20:59:35.976 17258 17258 D BluetoothGatt: setCharacteristicNotification() - uuid: 6e400003-b5a3-f393-e0a9-e50e24dcca9e enable: true
06-21 20:59:36.205   792   792 I SurfaceFlinger: screenshot (com.oringnet.wm/com.oring.SlideActivity@17258#0)
06-21 20:59:36.493   792   792 I SurfaceFlinger: screenshot (com.oringnet.wm/com.oring.SlideActivity@17258#0)
06-21 20:59:36.916 17258 17258 I ViewRootImpl: ViewRoot's Touch Event : ACTION_DOWN
06-21 20:59:36.921 17258 17258 I ViewRootImpl: ViewRoot's Touch Event : ACTION_UP
06-21 20:59:36.922   792   792 I SurfaceFlinger: screenshot (com.oringnet.wm/com.oring.SlideActivity@17258#0)
06-21 20:59:36.930 17258 17258 D PhoneWindow: windowLightStatusBar : false, disable View.SYSTEM_UI_FLAG_LIGHT_STATUS_BAR
06-21 20:59:36.947 17258 17258 I TouchFilterInputStageHelper: [needTouchEventFilter] Displayid : 0
06-21 20:59:36.955 17258 17258 D BezellessGripSuppressionFilter: getdisplaysize, x : 720 y : 1600
06-21 20:59:36.967 17258 17258 D BluetoothGatt: setCharacteristicNotification() - uuid: 6e400003-b5a3-f393-e0a9-e50e24dcca9e enable: true
06-21 20:59:36.986   792  2107 I BufferQueueConsumer: [com.oringnet.wm/com.oring.SlideActivity@17258#1](this:0x7f5919f000,id:1571,api:0,p:-1,c:792) setConsumerName: com.oringnet.wm/com.oring.SlideActivity@17258#1
06-21 20:59:36.986   792  2107 I BufferQueueConsumer: [com.oringnet.wm/com.oring.SlideActivity@17258#1](this:0x7f5919f000,id:1571,api:0,p:-1,c:792) setDefaultBufferSize: width=126 height=126
06-21 20:59:36.986   792  2107 I SurfaceFlinger: Create BufferLayer(0x7f59313000) com.oringnet.wm/com.oring.SlideActivity@17258#1 (126 x 126)
06-21 20:59:36.993 17258 17280 D Surface : Surface::connect(this=0x710bd42000,api=1)
06-21 20:59:36.994   792  1237 I BufferQueueProducer: [com.oringnet.wm/com.oring.SlideActivity@17258#1](this:0x7f5919f000,id:1571,api:1,p:17258,c:792) connect(P): api=1 producer=(17258:com.oringnet.wm) producerControlledByApp=false
06-21 20:59:36.998 17258 17280 D Surface : Surface::setBufferCount(this=0x710bd42000,bufferCount=3)
06-21 20:59:36.998 17258 17280 D Surface : Surface::allocateBuffers(this=0x710bd42000)
06-21 20:59:37.041   792   792 I SurfaceFlinger: screenshot (com.oringnet.wm/com.oring.SlideActivity@17258#0)
06-21 20:59:37.068   792   792 I MiniDump: 0x7f65d70000 |     DEVICE |          0 | 1.000 |    0    0  720 1600 |   0.0   0.0 720.0 1600.0 | com.oringnet.wm/com.oring.SlideActivity@17258#0
06-21 20:59:37.068   792   792 I MiniDump: 0x7f59313000 |     DEVICE |          0 | 0.287 |  301  760  419  878 |   0.0   0.0 126.0 126.0 | com.oringnet.wm/com.oring.SlideActivity@17258#1
06-21 20:59:37.721   792   792 I SurfaceFlinger: screenshot (com.oringnet.wm/com.oring.SlideActivity@17258#0)
06-21 20:59:37.988   792   792 I SurfaceFlinger: screenshot (com.oringnet.wm/com.oring.SlideActivity@17258#0)
06-21 20:59:38.187   792   792 I SurfaceFlinger: screenshot (com.oringnet.wm/com.oring.SlideActivity@17258#0)
06-21 20:59:38.505   792   792 I SurfaceFlinger: screenshot (com.oringnet.wm/com.oring.SlideActivity@17258#0)
06-21 20:59:38.766 17258 17258 I ViewRootImpl: ViewRoot's Touch Event : ACTION_DOWN
06-21 20:59:38.771 17258 17258 I ViewRootImpl: ViewRoot's Touch Event : ACTION_UP
06-21 20:59:38.771   792   792 I SurfaceFlinger: screenshot (com.oringnet.wm/com.oring.SlideActivity@17258#0)
06-21 20:59:38.787   792  2108 I BufferQueueProducer: [com.oringnet.wm/com.oring.SlideActivity@17258#0](this:0x7f65ce6800,id:1566,api:1,p:17258,c:792) queueBuffer: fps=25.47 dur=1648.90 max=960.49 min=7.73
06-21 20:59:38.801 17258 17258 I 通道: : true
06-21 20:59:39.037   792   792 I SurfaceFlinger: screenshot (com.oringnet.wm/com.oring.SlideActivity@17258#0)
06-21 20:59:39.499 17258 17258 I ViewRootImpl: ViewRoot's Touch Event : ACTION_DOWN
06-21 20:59:39.506 17258 17258 I ViewRootImpl: ViewRoot's Touch Event : ACTION_UP
06-21 20:59:39.534 17258 17258 I 通道: : true
06-21 20:59:39.591   792   792 I SurfaceFlinger: screenshot (com.oringnet.wm/com.oring.SlideActivity@17258#0)
06-21 20:59:39.792   792  2108 I BufferQueueProducer: [com.oringnet.wm/com.oring.SlideActivity@17258#0](this:0x7f65ce6800,id:1566,api:1,p:17258,c:792) queueBuffer: fps=39.82 dur=1004.40 max=350.90 min=12.32
06-21 20:59:39.855   792   792 I SurfaceFlinger: screenshot (com.oringnet.wm/com.oring.SlideActivity@17258#0)
06-21 20:59:40.250 17258 17258 I ViewRootImpl: ViewRoot's Touch Event : ACTION_DOWN
06-21 20:59:40.256 17258 17258 I ViewRootImpl: ViewRoot's Touch Event : ACTION_UP
06-21 20:59:40.284 17258 17258 I 通道: : true
06-21 20:59:40.405   792   792 I SurfaceFlinger: screenshot (com.oringnet.wm/com.oring.SlideActivity@17258#0)
06-21 20:59:40.672   792   792 I SurfaceFlinger: screenshot (com.oringnet.wm/com.oring.SlideActivity@17258#0)
06-21 20:59:40.984 17258 17258 I ViewRootImpl: ViewRoot's Touch Event : ACTION_DOWN
06-21 20:59:40.989 17258 17258 I ViewRootImpl: ViewRoot's Touch Event : ACTION_UP
06-21 20:59:41.006   792   824 I BufferQueueProducer: [com.oringnet.wm/com.oring.SlideActivity@17258#0](this:0x7f65ce6800,id:1566,api:1,p:17258,c:792) queueBuffer: fps=28.00 dur=1214.22 max=351.51 min=12.56
06-21 20:59:41.017 17258 17258 I 通道: : true
06-21 20:59:41.388   792   792 I SurfaceFlinger: screenshot (com.oringnet.wm/com.oring.SlideActivity@17258#0)
06-21 20:59:41.720 17258 17258 I ViewRootImpl: ViewRoot's Touch Event : ACTION_DOWN
06-21 20:59:41.725 17258 17258 I ViewRootImpl: ViewRoot's Touch Event : ACTION_UP
06-21 20:59:41.743   792   792 I SurfaceFlinger: screenshot (com.oringnet.wm/com.oring.SlideActivity@17258#0)
06-21 20:59:41.751 17258 17258 I 通道: : true
06-21 20:59:42.005   792   792 I SurfaceFlinger: screenshot (com.oringnet.wm/com.oring.SlideActivity@17258#0)
06-21 20:59:42.007   792  2108 I BufferQueueProducer: [com.oringnet.wm/com.oring.SlideActivity@17258#0](this:0x7f65ce6800,id:1566,api:1,p:17258,c:792) queueBuffer: fps=39.94 dur=1001.40 max=354.00 min=10.28
06-21 20:59:42.450 17258 17258 I ViewRootImpl: ViewRoot's Touch Event : ACTION_DOWN
06-21 20:59:42.457 17258 17258 I ViewRootImpl: ViewRoot's Touch Event : ACTION_UP
06-21 20:59:42.486 17258 17258 I 通道: : true
06-21 20:59:42.555   792   792 I SurfaceFlinger: screenshot (com.oringnet.wm/com.oring.SlideActivity@17258#0)
06-21 20:59:42.808   792   792 I SurfaceFlinger: screenshot (com.oringnet.wm/com.oring.SlideActivity@17258#0)
06-21 20:59:43.184 17258 17258 I ViewRootImpl: ViewRoot's Touch Event : ACTION_DOWN
06-21 20:59:43.192 17258 17258 I ViewRootImpl: ViewRoot's Touch Event : ACTION_UP
06-21 20:59:43.206   792  2108 I BufferQueueProducer: [com.oringnet.wm/com.oring.SlideActivity@17258#0](this:0x7f65ce6800,id:1566,api:1,p:17258,c:792) queueBuffer: fps=28.37 dur=1198.52 max=336.97 min=13.90
06-21 20:59:43.217 17258 17258 I 通道: : true
06-21 20:59:43.339   792   792 I SurfaceFlinger: screenshot (com.oringnet.wm/com.oring.SlideActivity@17258#0)
06-21 20:59:43.589   792   792 I SurfaceFlinger: screenshot (com.oringnet.wm/com.oring.SlideActivity@17258#0)
06-21 20:59:43.917 17258 17258 I ViewRootImpl: ViewRoot's Touch Event : ACTION_DOWN
06-21 20:59:43.922 17258 17258 I ViewRootImpl: ViewRoot's Touch Event : ACTION_UP
06-21 20:59:43.951 17258 17258 I 通道: : true
06-21 20:59:44.072   792   792 I SurfaceFlinger: screenshot (com.oringnet.wm/com.oring.SlideActivity@17258#0)
06-21 20:59:44.209   792  2108 I BufferQueueProducer: [com.oringnet.wm/com.oring.SlideActivity@17258#0](this:0x7f65ce6800,id:1566,api:1,p:17258,c:792) queueBuffer: fps=40.88 dur=1002.85 max=332.66 min=12.49
06-21 20:59:44.289   792   792 I SurfaceFlinger: screenshot (com.oringnet.wm/com.oring.SlideActivity@17258#0)
06-21 20:59:44.339   792   792 I SurfaceFlinger: screenshot (com.oringnet.wm/com.oring.SlideActivity@17258#0)
06-21 20:59:44.751 17258 17258 I ViewRootImpl: ViewRoot's Touch Event : ACTION_DOWN
06-21 20:59:44.756 17258 17258 I ViewRootImpl: ViewRoot's Touch Event : ACTION_UP
06-21 20:59:44.760 17258 17258 I BitShift:: 00FF
06-21 20:59:44.760 17258 17258 I BitShift:: 0000
06-21 20:59:44.760 17258 17258 I BitShift:: 00FF0000
06-21 20:59:44.773 17258 17258 D PhoneWindow: windowLightStatusBar : false, disable View.SYSTEM_UI_FLAG_LIGHT_STATUS_BAR
06-21 20:59:44.790 17258 17258 I TouchFilterInputStageHelper: [needTouchEventFilter] Displayid : 0
06-21 20:59:44.794 17258 17258 D BezellessGripSuppressionFilter: getdisplaysize, x : 720 y : 1600
06-21 20:59:44.812   792  2108 I BufferQueueConsumer: [com.oringnet.wm/com.oring.SlideActivity@17258#1](this:0x7f65d61800,id:1572,api:0,p:-1,c:792) setConsumerName: com.oringnet.wm/com.oring.SlideActivity@17258#1
06-21 20:59:44.812   792  2108 I BufferQueueConsumer: [com.oringnet.wm/com.oring.SlideActivity@17258#1](this:0x7f65d61800,id:1572,api:0,p:-1,c:792) setDefaultBufferSize: width=126 height=126
06-21 20:59:44.812   792  2108 I SurfaceFlinger: Create BufferLayer(0x7f65cce000) com.oringnet.wm/com.oring.SlideActivity@17258#1 (126 x 126)
06-21 20:59:44.820 17258 17280 D Surface : Surface::connect(this=0x710ba36000,api=1)
06-21 20:59:44.821   792   824 I BufferQueueProducer: [com.oringnet.wm/com.oring.SlideActivity@17258#1](this:0x7f65d61800,id:1572,api:1,p:17258,c:792) connect(P): api=1 producer=(17258:com.oringnet.wm) producerControlledByApp=false
06-21 20:59:44.824 17258 17280 D Surface : Surface::setBufferCount(this=0x710ba36000,bufferCount=3)
06-21 20:59:44.825   792   792 I SurfaceFlinger: screenshot (com.oringnet.wm/com.oring.SlideActivity@17258#0)
06-21 20:59:44.825 17258 17280 D Surface : Surface::allocateBuffers(this=0x710ba36000)
06-21 20:59:45.684 17258 17258 I ViewRootImpl: ViewRoot's Touch Event : ACTION_DOWN
06-21 20:59:45.690 17258 17258 I ViewRootImpl: ViewRoot's Touch Event : ACTION_UP
06-21 20:59:45.697 17258 17258 D PhoneWindow: windowLightStatusBar : false, disable View.SYSTEM_UI_FLAG_LIGHT_STATUS_BAR
06-21 20:59:45.717 17258 17258 I TouchFilterInputStageHelper: [needTouchEventFilter] Displayid : 0
06-21 20:59:45.724 17258 17258 D BezellessGripSuppressionFilter: getdisplaysize, x : 720 y : 1600
06-21 20:59:45.734 17258 17258 D BluetoothGatt: setCharacteristicNotification() - uuid: 6e400003-b5a3-f393-e0a9-e50e24dcca9e enable: true
06-21 20:59:45.741   792   792 I SurfaceFlinger: screenshot (com.oringnet.wm/com.oring.SlideActivity@17258#0)
06-21 20:59:45.755   792  2108 I BufferQueueConsumer: [com.oringnet.wm/com.oring.SlideActivity@17258#1](this:0x7f65cfe000,id:1573,api:0,p:-1,c:792) setConsumerName: com.oringnet.wm/com.oring.SlideActivity@17258#1
06-21 20:59:45.755   792  2108 I BufferQueueConsumer: [com.oringnet.wm/com.oring.SlideActivity@17258#1](this:0x7f65cfe000,id:1573,api:0,p:-1,c:792) setDefaultBufferSize: width=126 height=126
06-21 20:59:46.092   792   792 I SurfaceFlinger: screenshot (com.oringnet.wm/com.oring.SlideActivity@17258#0)
06-21 20:59:46.195   792   792 I SurfaceFlinger: screenshot (com.oringnet.wm/com.oring.SlideActivity@17258#0)
06-21 20:59:46.238   792   792 I MiniDump: 0x7f65d70000 |     DEVICE |          0 | 1.000 |    0    0  720 1600 |   0.0   0.0 720.0 1600.0 | com.oringnet.wm/com.oring.SlideActivity@17258#0
06-21 20:59:46.238   792   792 I MiniDump: 0x7f65d70000 |     DEVICE |          0 | 1.000 |    0    0  720 1600 |   0.0   0.0 720.0 1600.0 | com.oringnet.wm/com.oring.SlideActivity@17258#0
06-21 20:59:46.296   792   792 I SurfaceFlinger: screenshot (com.oringnet.wm/com.oring.SlideActivity@17258#0)
06-21 20:59:46.300   792   792 I SurfaceFlinger: Remove BufferLayer(0x7f65d54000) com.oringnet.wm/com.oring.SlideActivity@17258#1 (-1 x -1)
06-21 20:59:46.300   792   792 I BufferQueue: [com.oringnet.wm/com.oring.SlideActivity@17258#1](this:0x7f65cfe000,id:1573,api:1,p:-1,c:-1) ~BufferQueueCore
06-21 20:59:46.556   792   792 I SurfaceFlinger: screenshot (com.oringnet.wm/com.oring.SlideActivity@17258#0)
06-21 20:59:46.734 17258 17258 I ViewRootImpl: ViewRoot's Touch Event : ACTION_DOWN
06-21 20:59:46.740 17258 17258 I ViewRootImpl: ViewRoot's Touch Event : ACTION_UP
06-21 20:59:46.769 17258 17258 I 通道: : false
06-21 20:59:46.823   792   792 I SurfaceFlinger: screenshot (com.oringnet.wm/com.oring.SlideActivity@17258#0)
06-21 20:59:46.842   792  1237 I BufferQueueProducer: [com.oringnet.wm/com.oring.SlideActivity@17258#0](this:0x7f65ce6800,id:1566,api:1,p:17258,c:792) queueBuffer: fps=28.72 dur=1009.66 max=444.44 min=7.01
06-21 20:59:47.090   792   792 I SurfaceFlinger: screenshot (com.oringnet.wm/com.oring.SlideActivity@17258#0)
06-21 20:59:47.356   792   792 I SurfaceFlinger: screenshot (com.oringnet.wm/com.oring.SlideActivity@17258#0)
06-21 20:59:47.484 17258 17258 I ViewRootImpl: ViewRoot's Touch Event : ACTION_DOWN
06-21 20:59:47.490 17258 17258 I ViewRootImpl: ViewRoot's Touch Event : ACTION_UP
06-21 20:59:47.519 17258 17258 I 通道: : false
06-21 20:59:47.623   792   792 I SurfaceFlinger: screenshot (com.oringnet.wm/com.oring.SlideActivity@17258#0)
06-21 20:59:47.843   792  1237 I BufferQueueProducer: [com.oringnet.wm/com.oring.SlideActivity@17258#0](this:0x7f65ce6800,id:1566,api:1,p:17258,c:792) queueBuffer: fps=39.96 dur=1000.90 max=352.66 min=9.05
06-21 20:59:47.890   792   792 I SurfaceFlinger: screenshot (com.oringnet.wm/com.oring.SlideActivity@17258#0)
06-21 20:59:48.390   792   792 I SurfaceFlinger: screenshot (com.oringnet.wm/com.oring.SlideActivity@17258#0)
06-21 20:59:48.656   792   792 I SurfaceFlinger: screenshot (com.oringnet.wm/com.oring.SlideActivity@17258#0)
06-21 20:59:48.985 17258 17258 I ViewRootImpl: ViewRoot's Touch Event : ACTION_DOWN
06-21 20:59:48.990 17258 17258 I ViewRootImpl: ViewRoot's Touch Event : ACTION_UP
06-21 20:59:49.010   792  2107 I BufferQueueProducer: [com.oringnet.wm/com.oring.SlideActivity@17258#0](this:0x7f65ce6800,id:1566,api:1,p:17258,c:792) queueBuffer: fps=24.84 dur=1167.57 max=368.56 min=13.02
06-21 20:59:49.020 17258 17258 I 通道: : false
06-21 20:59:49.140   792   792 I SurfaceFlinger: screenshot (com.oringnet.wm/com.oring.SlideActivity@17258#0)
06-21 20:59:49.407   792   792 I SurfaceFlinger: screenshot (com.oringnet.wm/com.oring.SlideActivity@17258#0)
06-21 20:59:49.721 17258 17258 I ViewRootImpl: ViewRoot's Touch Event : ACTION_DOWN
06-21 20:59:49.727 17258 17258 I ViewRootImpl: ViewRoot's Touch Event : ACTION_UP
06-21 20:59:49.752 17258 17258 I 通道: : false
06-21 20:59:49.874   792   792 I SurfaceFlinger: screenshot (com.oringnet.wm/com.oring.SlideActivity@17258#0)
06-21 20:59:50.011   792  2107 I BufferQueueProducer: [com.oringnet.wm/com.oring.SlideActivity@17258#0](this:0x7f65ce6800,id:1566,api:1,p:17258,c:792) queueBuffer: fps=40.94 dur=1001.39 max=338.75 min=11.23
06-21 20:59:50.140   792   792 I SurfaceFlinger: screenshot (com.oringnet.wm/com.oring.SlideActivity@17258#0)
06-21 20:59:50.435 17258 17258 I ViewRootImpl: ViewRoot's Touch Event : ACTION_DOWN
06-21 20:59:50.440 17258 17258 I ViewRootImpl: ViewRoot's Touch Event : ACTION_UP
06-21 20:59:50.472 17258 17258 I 通道: : false
06-21 20:59:50.590   792   792 I SurfaceFlinger: screenshot (com.oringnet.wm/com.oring.SlideActivity@17258#0)
06-21 20:59:50.840   792   792 I SurfaceFlinger: screenshot (com.oringnet.wm/com.oring.SlideActivity@17258#0)
06-21 20:59:51.169 17258 17258 I ViewRootImpl: ViewRoot's Touch Event : ACTION_DOWN
06-21 20:59:51.174 17258 17258 I ViewRootImpl: ViewRoot's Touch Event : ACTION_UP
06-21 20:59:51.192   792  2108 I BufferQueueProducer: [com.oringnet.wm/com.oring.SlideActivity@17258#0](this:0x7f65ce6800,id:1566,api:1,p:17258,c:792) queueBuffer: fps=27.95 dur=1180.75 max=348.69 min=13.22
06-21 20:59:51.202 17258 17258 I 通道: : false
06-21 20:59:51.324   792   792 I SurfaceFlinger: screenshot (com.oringnet.wm/com.oring.SlideActivity@17258#0)
06-21 20:59:51.590   792   792 I SurfaceFlinger: screenshot (com.oringnet.wm/com.oring.SlideActivity@17258#0)
06-21 20:59:51.902 17258 17258 I ViewRootImpl: ViewRoot's Touch Event : ACTION_DOWN
06-21 20:59:51.908 17258 17258 I ViewRootImpl: ViewRoot's Touch Event : ACTION_UP
06-21 20:59:51.937 17258 17258 I 通道: : false
06-21 20:59:52.057   792   792 I SurfaceFlinger: screenshot (com.oringnet.wm/com.oring.SlideActivity@17258#0)
06-21 20:59:52.719 17258 17258 I ViewRootImpl: ViewRoot's Touch Event : ACTION_DOWN
06-21 20:59:52.725 17258 17258 I ViewRootImpl: ViewRoot's Touch Event : ACTION_UP
06-21 20:59:52.728 17258 17258 I BitShift:: 0000
06-21 20:59:52.728 17258 17258 I BitShift:: 0000
06-21 20:59:52.728 17258 17258 I BitShift:: 00000000
06-21 20:59:52.742 17258 17258 D PhoneWindow: windowLightStatusBar : false, disable View.SYSTEM_UI_FLAG_LIGHT_STATUS_BAR
06-21 20:59:52.759 17258 17258 I TouchFilterInputStageHelper: [needTouchEventFilter] Displayid : 0
06-21 20:59:52.762 17258 17258 D BezellessGripSuppressionFilter: getdisplaysize, x : 720 y : 1600
06-21 20:59:52.777   792  2108 I BufferQueueConsumer: [com.oringnet.wm/com.oring.SlideActivity@17258#1](this:0x7f65d5e800,id:1574,api:0,p:-1,c:792) setConsumerName: com.oringnet.wm/com.oring.SlideActivity@17258#1
06-21 20:59:52.777   792  2108 I BufferQueueConsumer: [com.oringnet.wm/com.oring.SlideActivity@17258#1](this:0x7f65d5e800,id:1574,api:0,p:-1,c:792) setDefaultBufferSize: width=126 height=126
06-21 20:59:52.777   792  2108 I SurfaceFlinger: Create BufferLayer(0x7f65ca9000) com.oringnet.wm/com.oring.SlideActivity@17258#1 (126 x 126)
06-21 20:59:52.784 17258 17280 D Surface : Surface::connect(this=0x711fa0a000,api=1)
06-21 20:59:52.785   792  1237 I BufferQueueProducer: [com.oringnet.wm/com.oring.SlideActivity@17258#1](this:0x7f65d5e800,id:1574,api:1,p:17258,c:792) connect(P): api=1 producer=(17258:com.oringnet.wm) producerControlledByApp=false
06-21 20:59:52.787 17258 17280 D Surface : Surface::setBufferCount(this=0x711fa0a000,bufferCount=3)
06-21 20:59:52.789 17258 17280 D Surface : Surface::allocateBuffers(this=0x711fa0a000)
06-21 20:59:52.793   792   792 I SurfaceFlinger: screenshot (com.oringnet.wm/com.oring.SlideActivity@17258#0)
06-21 20:59:52.898   792   792 I SurfaceFlinger: screenshot (com.oringnet.wm/com.oring.SlideActivity@17258#0)
06-21 20:59:53.491   792   792 I SurfaceFlinger: screenshot (com.oringnet.wm/com.oring.SlideActivity@17258#0)
06-21 20:59:53.744   792   792 I SurfaceFlinger: screenshot (com.oringnet.wm/com.oring.SlideActivity@17258#0)
06-21 20:59:53.759   792  2107 I BufferQueueProducer: [com.oringnet.wm/com.oring.SlideActivity@17258#1](this:0x7f5920d800,id:1575,api:1,p:17258,c:792) connect(P): api=1 producer=(17258:com.oringnet.wm) producerControlledByApp=false
06-21 20:59:53.950 17258 17258 W UiThreadStatement: Already on the UI thread, this method should not be called from the main application thread
06-21 20:59:54.049 17258 17258 W UiThreadStatement: Already on the UI thread, this method should not be called from the main application thread
06-21 20:59:54.049 17258 17258 I Gateway : [Req]<READ DATA_BITS> 0003033000018590
06-21 20:59:54.049 17258 17258 I Gateway : [Rsp]<READ DATA_BITS> 00030200088442
06-21 20:59:54.049 17258 17258 I SERIAL_DATA_BITS: >> 8
06-21 20:59:54.056 17258 17258 I DataBits: >> 8
06-21 20:59:54.061   792   792 I SurfaceFlinger: screenshot (com.oringnet.wm/com.oring.SlideActivity@17258#0)
06-21 20:59:54.157 17258 17258 W UiThreadStatement: Already on the UI thread, this method should not be called from the main application thread
06-21 20:59:54.243 17258 17258 W UiThreadStatement: Already on the UI thread, this method should not be called from the main application thread
06-21 20:59:54.243 17258 17258 I Gateway : [Req]<READ STOP_BITS> 000303400001844b
06-21 20:59:54.243 17258 17258 I Gateway : [Rsp]<READ STOP_BITS> 00030200014444
06-21 20:59:54.325   792   792 I SurfaceFlinger: screenshot (com.oringnet.wm/com.oring.SlideActivity@17258#0)
06-21 20:59:54.341 17258 17258 W UiThreadStatement: Already on the UI thread, this method should not be called from the main application thread
06-21 20:59:54.341 17258 17258 I Gateway : [Req]<READ TIMEOUT> 0003034800010589
06-21 20:59:54.342 17258 17258 I Gateway : [Rsp]<READ TIMEOUT> 00030200320451
06-21 20:59:54.345 17258 17280 D Surface : Surface::disconnect(this=0x710bbf0000,api=1)
06-21 20:59:54.346   792   823 I BufferQueueProducer: [com.oringnet.wm/com.oring.SlideActivity@17258#1](this:0x7f5920d800,id:1575,api:1,p:17258,c:792) disconnect(P): api 1
06-21 20:59:54.430   792   792 I SurfaceFlinger: screenshot (com.oringnet.wm/com.oring.SlideActivity@17258#0)
06-21 20:59:54.522   792   792 I MiniDump: 0x7f65d70000 |     DEVICE |          0 | 1.000 |    0    0  720 1600 |   0.0   0.0 720.0 1600.0 | com.oringnet.wm/com.oring.SlideActivity@17258#0
06-21 20:59:54.522   792   792 I MiniDump: 0x7f65d70000 |     DEVICE |          0 | 1.000 |    0    0  720 1600 |   0.0   0.0 720.0 1600.0 | com.oringnet.wm/com.oring.SlideActivity@17258#0
06-21 20:59:54.544   792   792 I SurfaceFlinger: screenshot (com.oringnet.wm/com.oring.SlideActivity@17258#0)
06-21 20:59:54.601   792   792 I SurfaceFlinger: Remove BufferLayer(0x7f5919f000) com.oringnet.wm/com.oring.SlideActivity@17258#1 (-1 x -1)
06-21 20:59:54.602   792   792 I BufferQueue: [com.oringnet.wm/com.oring.SlideActivity@17258#1](this:0x7f5920d800,id:1575,api:1,p:-1,c:-1) ~BufferQueueCore
06-21 20:59:54.606   792   792 I MiniDump: 0x7f65d70000 |     DEVICE |          0 | 1.000 |    0    0  720 1600 |   0.0   0.0 720.0 1600.0 | com.oringnet.wm/com.oring.SlideActivity@17258#0
06-21 20:59:54.606   792   792 I MiniDump: 0x7f65d70000 |     DEVICE |          0 | 1.000 |    0    0  720 1600 |   0.0   0.0 720.0 1600.0 | com.oringnet.wm/com.oring.SlideActivity@17258#0
06-21 20:59:54.808   792   792 I SurfaceFlinger: screenshot (com.oringnet.wm/com.oring.SlideActivity@17258#0)
06-21 20:59:55.058   792   792 I SurfaceFlinger: screenshot (com.oringnet.wm/com.oring.SlideActivity@17258#0)
06-21 20:59:55.325   792   792 I SurfaceFlinger: screenshot (com.oringnet.wm/com.oring.SlideActivity@17258#0)
06-21 20:59:55.591   792   792 I SurfaceFlinger: screenshot (com.oringnet.wm/com.oring.SlideActivity@17258#0)
06-21 20:59:55.720 17258 17258 I ViewRootImpl: ViewRoot's Touch Event : ACTION_DOWN
06-21 20:59:55.725 17258 17258 I ViewRootImpl: ViewRoot's Touch Event : ACTION_UP
06-21 20:59:55.747   792   823 I BufferQueueProducer: [com.oringnet.wm/com.oring.SlideActivity@17258#0](this:0x7f65ce6800,id:1566,api:1,p:17258,c:792) queueBuffer: fps=5.83 dur=1887.45 max=1356.19 min=14.46
06-21 20:59:55.858   792   792 I SurfaceFlinger: screenshot (com.oringnet.wm/com.oring.SlideActivity@17258#0)
06-21 20:59:56.125   792   792 I SurfaceFlinger: screenshot (com.oringnet.wm/com.oring.SlideActivity@17258#0)
06-21 20:59:56.486 17258 17258 I ViewRootImpl: ViewRoot's Touch Event : ACTION_DOWN
06-21 20:59:56.493 17258 17258 I ViewRootImpl: ViewRoot's Touch Event : ACTION_UP
06-21 20:59:56.501 17258 17258 D PhoneWindow: windowLightStatusBar : false, disable View.SYSTEM_UI_FLAG_LIGHT_STATUS_BAR
06-21 20:59:56.517 17258 17258 I TouchFilterInputStageHelper: [needTouchEventFilter] Displayid : 0
06-21 20:59:56.520 17258 17258 D BezellessGripSuppressionFilter: getdisplaysize, x : 720 y : 1600
06-21 20:59:56.530 17258 17258 D BluetoothGatt: setCharacteristicNotification() - uuid: 6e400003-b5a3-f393-e0a9-e50e24dcca9e enable: true
06-21 20:59:56.544   792   792 I SurfaceFlinger: screenshot (com.oringnet.wm/com.oring.SlideActivity@17258#0)
06-21 20:59:56.550   792  2108 I BufferQueueConsumer: [com.oringnet.wm/com.oring.SlideActivity@17258#1](this:0x7f65d61800,id:1576,api:0,p:-1,c:792) setConsumerName: com.oringnet.wm/com.oring.SlideActivity@17258#1
06-21 20:59:56.550   792  2108 I BufferQueueConsumer: [com.oringnet.wm/com.oring.SlideActivity@17258#1](this:0x7f65d61800,id:1576,api:0,p:-1,c:792) setDefaultBufferSize: width=126 height=126
06-21 20:59:56.550   792  2108 I SurfaceFlinger: Create BufferLayer(0x7f65d22000) com.oringnet.wm/com.oring.SlideActivity@17258#1 (126 x 126)
06-21 20:59:56.556 17258 17280 D Surface : Surface::connect(this=0x711faa5000,api=1)
06-21 20:59:56.556   792  2108 I BufferQueueProducer: [com.oringnet.wm/com.oring.SlideActivity@17258#1](this:0x7f65d61800,id:1576,api:1,p:17258,c:792) connect(P): api=1 producer=(17258:com.oringnet.wm) producerControlledByApp=false
06-21 20:59:56.559 17258 17280 D Surface : Surface::setBufferCount(this=0x711faa5000,bufferCount=3)
06-21 20:59:56.559 17258 17280 D Surface : Surface::allocateBuffers(this=0x711faa5000)
06-21 20:59:56.640   792   792 I MiniDump: 0x7f65d70000 |     DEVICE |          0 | 1.000 |    0    0  720 1600 |   0.0   0.0 720.0 1600.0 | com.oringnet.wm/com.oring.SlideActivity@17258#0
06-21 20:59:56.640   792   792 I MiniDump: 0x7f65d22000 |     DEVICE |          0 | 0.287 |  301  760  419  878 |   0.0   0.0 126.0 126.0 | com.oringnet.wm/com.oring.SlideActivity@17258#1
06-21 20:59:56.640   792   792 I MiniDump: 0x7f65d70000 |     DEVICE |          0 | 1.000 |    0    0  720 1600 |   0.0   0.0 720.0 1600.0 | com.oringnet.wm/com.oring.SlideActivity@17258#0
06-21 20:59:56.640   792   792 I MiniDump: 0x7f65d22000 |     DEVICE |          0 | 0.287 |  301  760  419  878 |   0.0   0.0 126.0 126.0 | com.oringnet.wm/com.oring.SlideActivity@17258#1
06-21 20:59:56.650   792   792 I SurfaceFlinger: screenshot (com.oringnet.wm/com.oring.SlideActivity@17258#0)
06-21 20:59:56.761   792   792 I SurfaceFlinger: screenshot (com.oringnet.wm/com.oring.SlideActivity@17258#0)
06-21 20:59:56.852   792   792 I SurfaceFlinger: Remove BufferLayer(0x7f65d22000) com.oringnet.wm/com.oring.SlideActivity@17258#1 (-1 x -1)
06-21 20:59:56.862   792   792 I SurfaceFlinger: screenshot (com.oringnet.wm/com.oring.SlideActivity@17258#0)
06-21 20:59:56.950 17258 17270 I com.oringnet.w: Background young concurrent copying GC freed 210457(10MB) AllocSpace objects, 0(0B) LOS objects, 54% free, 8384KB/18MB, paused 84us total 131.380ms
06-21 20:59:57.090   792  2108 I BufferQueueProducer: [com.oringnet.wm/com.oring.SlideActivity@17258#0](this:0x7f65ce6800,id:1566,api:1,p:17258,c:792) queueBuffer: fps=8.19 dur=1342.47 max=670.68 min=10.70
06-21 20:59:57.126   792   792 I SurfaceFlinger: screenshot (com.oringnet.wm/com.oring.SlideActivity@17258#0)
06-21 20:59:57.167 17258 17258 W UiThreadStatement: Already on the UI thread, this method should not be called from the main application thread
06-21 20:59:57.266 17258 17258 W UiThreadStatement: Already on the UI thread, this method should not be called from the main application thread
06-21 20:59:57.266 17258 17258 I Gateway : [Req]<READ ENABLE HIGH> 00030A49000157d5
06-21 20:59:57.266 17258 17258 I Gateway : [Rsp]<READ ENABLE HIGH> 00030200008584
06-21 20:59:57.266 17258 17258 I Req_Enable 16-31:: 0000
06-21 20:59:57.280 17258 17258 D BluetoothGatt: setCharacteristicNotification() - uuid: 6e400003-b5a3-f393-e0a9-e50e24dcca9e enable: true
06-21 20:59:57.364 17258 17258 I R_item  : enable: 0
06-21 20:59:57.392   792   792 I SurfaceFlinger: screenshot (com.oringnet.wm/com.oring.SlideActivity@17258#0)
06-21 20:59:57.460 17258 17258 W UiThreadStatement: Already on the UI thread, this method should not be called from the main application thread
06-21 20:59:57.460 17258 17258 I Gateway : [Req]<READ NET_ID> 000307D000018556
06-21 20:59:57.460 17258 17258 I Gateway : [Rsp]<READ NET_ID> 00030200008584
06-21 20:59:57.461 17258 17258 I R_item  : 0 NET_ID 0000
06-21 20:59:57.559 17258 17258 W UiThreadStatement: Already on the UI thread, this method should not be called from the main application thread
06-21 20:59:57.559 17258 17258 I Gateway : [Req]<READ IO_TYPE> 000308340001c675
06-21 20:59:57.563 17258 17258 I Gateway : [Rsp]<READ IO_TYPE> 00030200008584
06-21 20:59:57.563 17258 17258 I R_item  : 0 IO_TYPE 0000
06-21 20:59:57.643   792   792 I SurfaceFlinger: screenshot (com.oringnet.wm/com.oring.SlideActivity@17258#0)
06-21 20:59:57.656 17258 17258 W UiThreadStatement: Already on the UI thread, this method should not be called from the main application thread
06-21 20:59:57.656 17258 17258 I Gateway : [Req]<READ ADDRESS> 0003089800010654
06-21 20:59:57.656 17258 17258 I Gateway : [Rsp]<READ ADDRESS> 00030200008584
06-21 20:59:57.656 17258 17258 I R_item  : 0 ADDRESS 0000
06-21 20:59:57.754 17258 17258 W UiThreadStatement: Already on the UI thread, this method should not be called from the main application thread
06-21 20:59:57.754 17258 17258 I Gateway : [Req]<READ DATA_NUM> 000308FC0001478b
06-21 20:59:57.754 17258 17258 I Gateway : [Rsp]<READ DATA_NUM> 00030200008584
06-21 20:59:57.754 17258 17258 I R_item  : 0 DATA_NUM 0000
06-21 20:59:57.851 17258 17258 W UiThreadStatement: Already on the UI thread, this method should not be called from the main application thread
06-21 20:59:57.851 17258 17258 I Gateway : [Req]<READ DATA_FORMAT> 0003096000018659
06-21 20:59:57.851 17258 17258 I Gateway : [Rsp]<READ DATA_FORMAT> 00030200008584
06-21 20:59:57.851 17258 17258 I R_item  : 0 DATA_FORMAT 0000
06-21 20:59:57.909   792   792 I SurfaceFlinger: screenshot (com.oringnet.wm/com.oring.SlideActivity@17258#0)
06-21 20:59:57.949 17258 17258 W UiThreadStatement: Already on the UI thread, this method should not be called from the main application thread
06-21 20:59:57.949 17258 17258 I Gateway : [Req]<READ INTERVAL> 000309C40001c7ba
06-21 20:59:57.949 17258 17258 I Gateway : [Rsp]<READ INTERVAL> 00030200008584
06-21 20:59:57.949 17258 17258 I R_item  : 0 INTERVAL 0000
06-21 20:59:57.949 17258 17258 I R_item  : enable: 1
06-21 20:59:58.046 17258 17258 W UiThreadStatement: Already on the UI thread, this method should not be called from the main application thread
06-21 20:59:58.046 17258 17258 I Gateway : [Req]<READ NET_ID> 000307D10001d496
06-21 20:59:58.046 17258 17258 I Gateway : [Rsp]<READ NET_ID> 00030200008584
06-21 20:59:58.046 17258 17258 I R_item  : 1 NET_ID 0000
06-21 20:59:58.131   792   824 I BufferQueueProducer: [com.oringnet.wm/com.oring.SlideActivity@17258#0](this:0x7f65ce6800,id:1566,api:1,p:17258,c:792) queueBuffer: fps=19.21 dur=1040.90 max=359.89 min=7.12
06-21 20:59:58.147 17258 17258 W UiThreadStatement: Already on the UI thread, this method should not be called from the main application thread
06-21 20:59:58.159   792   792 I SurfaceFlinger: screenshot (com.oringnet.wm/com.oring.SlideActivity@17258#0)
06-21 20:59:58.436 17258 17258 I Gateway : [Rsp]<READ DATA_FORMAT> 00030200008584
06-21 20:59:58.527   792   792 I SurfaceFlinger: screenshot (com.oringnet.wm/com.oring.SlideActivity@17258#0)
06-21 20:59:58.534 17258 17258 W UiThreadStatement: Already on the UI thread, this method should not be called from the main application thread
06-21 20:59:58.534 17258 17258 I Gateway : [Req]<READ INTERVAL> 000309C50001967a
06-21 20:59:58.534 17258 17258 I Gateway : [Rsp]<READ INTERVAL> 00030200008584
06-21 20:59:58.534 17258 17258 I R_item  : 1 INTERVAL 0000
06-21 20:59:58.534 17258 17258 I R_item  : enable: 2
06-21 20:59:58.631 17258 17258 W UiThreadStatement: Already on the UI thread, this method should not be called from the main application thread
06-21 20:59:58.631 17258 17258 I Gateway : [Req]<READ NET_ID> 000307D200012496
06-21 20:59:58.631 17258 17258 I Gateway : [Rsp]<READ NET_ID> 00030200008584
06-21 20:59:58.631 17258 17258 I R_item  : 2 NET_ID 0000
06-21 20:59:58.729 17258 17258 W UiThreadStatement: Already on the UI thread, this method should not be called from the main application thread
06-21 20:59:58.729 17258 17258 I Gateway : [Req]<READ IO_TYPE> 00030836000167b5
06-21 20:59:58.729 17258 17258 I Gateway : [Rsp]<READ IO_TYPE> 00030200008584
06-21 20:59:58.729 17258 17258 I R_item  : 2 IO_TYPE 0000
06-21 20:59:58.827 17258 17258 W UiThreadStatement: Already on the UI thread, this method should not be called from the main application thread
06-21 20:59:58.827 17258 17258 I Gateway : [Req]<READ ADDRESS> 0003089A0001a794
06-21 20:59:58.828   792   792 I SurfaceFlinger: screenshot (com.oringnet.wm/com.oring.SlideActivity@17258#0)
06-21 20:59:58.828 17258 17258 I Gateway : [Rsp]<READ ADDRESS> 00030200008584
06-21 20:59:58.828 17258 17258 I R_item  : 2 ADDRESS 0000
06-21 20:59:58.923 17258 17258 W UiThreadStatement: Already on the UI thread, this method should not be called from the main application thread
06-21 20:59:58.923 17258 17258 I Gateway : [Req]<READ DATA_NUM> 000308FE0001e64b
06-21 20:59:58.924 17258 17258 I Gateway : [Rsp]<READ DATA_NUM> 00030200008584
06-21 20:59:58.924 17258 17258 I R_item  : 2 DATA_NUM 0000
06-21 20:59:59.021 17258 17258 W UiThreadStatement: Already on the UI thread, this method should not be called from the main application thread
06-21 20:59:59.021 17258 17258 I Gateway : [Req]<READ DATA_FORMAT> 0003096200012799
06-21 20:59:59.022 17258 17258 I Gateway : [Rsp]<READ DATA_FORMAT> 00030200008584
06-21 20:59:59.022 17258 17258 I R_item  : 2 DATA_FORMAT 0000
06-21 20:59:59.111   792   792 I SurfaceFlinger: screenshot (com.oringnet.wm/com.oring.SlideActivity@17258#0)
06-21 20:59:59.117 17258 17258 W UiThreadStatement: Already on the UI thread, this method should not be called from the main application thread
06-21 20:59:59.118 17258 17258 I Gateway : [Req]<READ INTERVAL> 000309C60001667a
06-21 20:59:59.119 17258 17258 I Gateway : [Rsp]<READ INTERVAL> 00030200008584
06-21 20:59:59.119 17258 17258 I R_item  : 2 INTERVAL 0000
06-21 20:59:59.119 17258 17258 I R_item  : enable: 3
06-21 20:59:59.191   792  2108 I BufferQueueProducer: [com.oringnet.wm/com.oring.SlideActivity@17258#0](this:0x7f65ce6800,id:1566,api:1,p:17258,c:792) queueBuffer: fps=20.74 dur=1060.59 max=106.38 min=6.69
06-21 20:59:59.216 17258 17258 W UiThreadStatement: Already on the UI thread, this method should not be called from the main application thread
06-21 20:59:59.216 17258 17258 I Gateway : [Req]<READ NET_ID> 000307D300017556
06-21 20:59:59.217 17258 17258 I Gateway : [Rsp]<READ NET_ID> 00030200008584
06-21 20:59:59.217 17258 17258 I R_item  : 3 NET_ID 0000
06-21 20:59:59.311   792   792 I SurfaceFlinger: screenshot (com.oringnet.wm/com.oring.SlideActivity@17258#0)
06-21 20:59:59.314 17258 17258 W UiThreadStatement: Already on the UI thread, this method should not be called from the main application thread
06-21 20:59:59.314 17258 17258 I Gateway : [Req]<READ IO_TYPE> 0003083700013675
06-21 20:59:59.314 17258 17258 I Gateway : [Rsp]<READ IO_TYPE> 00030200008584
06-21 20:59:59.314 17258 17258 I R_item  : 3 IO_TYPE 0000
06-21 20:59:59.411 17258 17258 W UiThreadStatement: Already on the UI thread, this method should not be called from the main application thread
06-21 20:59:59.411 17258 17258 I Gateway : [Req]<READ ADDRESS> 0003089B0001f654
06-21 20:59:59.411 17258 17258 I Gateway : [Rsp]<READ ADDRESS> 00030200008584
06-21 20:59:59.411 17258 17258 I R_item  : 3 ADDRESS 0000
06-21 20:59:59.508 17258 17258 W UiThreadStatement: Already on the UI thread, this method should not be called from the main application thread
06-21 20:59:59.508 17258 17258 I Gateway : [Req]<READ DATA_NUM> 000308FF0001b78b
06-21 20:59:59.509 17258 17258 I Gateway : [Rsp]<READ DATA_NUM> 00030200008584
06-21 20:59:59.509 17258 17258 I R_item  : 3 DATA_NUM 0000
06-21 20:59:59.511   792   792 I SurfaceFlinger: screenshot (com.oringnet.wm/com.oring.SlideActivity@17258#0)
06-21 20:59:59.606 17258 17258 W UiThreadStatement: Already on the UI thread, this method should not be called from the main application thread
06-21 20:59:59.606 17258 17258 I Gateway : [Req]<READ DATA_FORMAT> 0003096300017659
06-21 20:59:59.607 17258 17258 I Gateway : [Rsp]<READ DATA_FORMAT> 00030200008584
06-21 20:59:59.607 17258 17258 I R_item  : 3 DATA_FORMAT 0000
06-21 20:59:59.694   792   792 I SurfaceFlinger: screenshot (com.oringnet.wm/com.oring.SlideActivity@17258#0)
06-21 20:59:59.706 17258 17258 W UiThreadStatement: Already on the UI thread, this method should not be called from the main application thread
06-21 20:59:59.706 17258 17258 I Gateway : [Req]<READ INTERVAL> 000309C7000137ba
06-21 20:59:59.706 17258 17258 I Gateway : [Rsp]<READ INTERVAL> 00030200008584
06-21 20:59:59.706 17258 17258 I R_item  : 3 INTERVAL 0000
06-21 20:59:59.706 17258 17258 I R_item  : enable: 4
06-21 20:59:59.801 17258 17258 W UiThreadStatement: Already on the UI thread, this method should not be called from the main application thread
06-21 20:59:59.801 17258 17258 I Gateway : [Req]<READ NET_ID> 000307D40001c497
06-21 20:59:59.802 17258 17258 I Gateway : [Rsp]<READ NET_ID> 00030200008584
06-21 20:59:59.802 17258 17258 I R_item  : 4 NET_ID 0000
06-21 20:59:59.899 17258 17258 W UiThreadStatement: Already on the UI thread, this method should not be called from the main application thread
06-21 20:59:59.899 17258 17258 I Gateway : [Req]<READ IO_TYPE> 0003083800010676
06-21 20:59:59.899 17258 17258 I Gateway : [Rsp]<READ IO_TYPE> 00030200008584
06-21 20:59:59.899 17258 17258 I R_item  : 4 IO_TYPE 0000
06-21 20:59:59.998 17258 17258 W UiThreadStatement: Already on the UI thread, this method should not be called from the main application thread
06-21 20:59:59.998 17258 17258 I Gateway : [Req]<READ ADDRESS> 0003089C00014795
06-21 20:59:59.998 17258 17258 I Gateway : [Rsp]<READ ADDRESS> 00030200008584
06-21 20:59:59.998 17258 17258 I R_item  : 4 ADDRESS 0000
06-21 21:00:00.093 17258 17258 W UiThreadStatement: Already on the UI thread, this method should not be called from the main application thread
06-21 21:00:00.093 17258 17258 I Gateway : [Req]<READ DATA_NUM> 0003090000018647
06-21 21:00:00.094 17258 17258 I Gateway : [Rsp]<READ DATA_NUM> 00030200008584
06-21 21:00:00.094 17258 17258 I R_item  : 4 DATA_NUM 0000
06-21 21:00:00.210   792   792 I SurfaceFlinger: screenshot (com.oringnet.wm/com.oring.SlideActivity@17258#0)
06-21 21:00:00.257   792   824 I BufferQueueProducer: [com.oringnet.wm/com.oring.SlideActivity@17258#0](this:0x7f65ce6800,id:1566,api:1,p:17258,c:792) queueBuffer: fps=20.64 dur=1065.74 max=101.46 min=6.27
06-21 21:00:00.288 17258 17258 W UiThreadStatement: Already on the UI thread, this method should not be called from the main application thread
06-21 21:00:00.288 17258 17258 I Gateway : [Req]<READ INTERVAL> 000309C8000107b9
06-21 21:00:00.291 17258 17258 I Gateway : [Rsp]<READ INTERVAL> 00030200008584
06-21 21:00:00.291 17258 17258 I R_item  : 4 INTERVAL 0000
06-21 21:00:00.385 17258 17258 W UiThreadStatement: Already on the UI thread, this method should not be called from the main application thread
06-21 21:00:00.385 17258 17258 I Gateway : [Req]<READ NET_ID> 000307D500019557
06-21 21:00:00.385 17258 17258 I Gateway : [Rsp]<READ NET_ID> 00030200008584
06-21 21:00:00.385 17258 17258 I R_item  : 5 NET_ID 0000
06-21 21:00:00.478   792   792 I SurfaceFlinger: screenshot (com.oringnet.wm/com.oring.SlideActivity@17258#0)
06-21 21:00:00.483 17258 17258 W UiThreadStatement: Already on the UI thread, this method should not be called from the main application thread
06-21 21:00:00.484 17258 17258 I Gateway : [Req]<READ IO_TYPE> 00030839000157b6
06-21 21:00:00.484 17258 17258 I Gateway : [Rsp]<READ IO_TYPE> 00030200008584
06-21 21:00:00.484 17258 17258 I R_item  : 5 IO_TYPE 0000
06-21 21:00:00.581 17258 17258 W UiThreadStatement: Already on the UI thread, this method should not be called from the main application thread
06-21 21:00:00.581 17258 17258 I Gateway : [Req]<READ ADDRESS> 0003089D00011655
06-21 21:00:00.581 17258 17258 I Gateway : [Rsp]<READ ADDRESS> 00030200008584
06-21 21:00:00.581 17258 17258 I R_item  : 5 ADDRESS 0000
06-21 21:00:00.678 17258 17258 W UiThreadStatement: Already on the UI thread, this method should not be called from the main application thread
06-21 21:00:00.678 17258 17258 I Gateway : [Req]<READ DATA_NUM> 000309010001d787
06-21 21:00:00.678 17258 17258 I Gateway : [Rsp]<READ DATA_NUM> 00030200008584
06-21 21:00:00.678 17258 17258 I R_item  : 5 DATA_NUM 0000
06-21 21:00:00.776 17258 17258 I Gateway : [Rsp]<READ DATA_FORMAT> 00030200008584
06-21 21:00:00.776 17258 17258 I R_item  : 5 DATA_FORMAT 0000
06-21 21:00:00.784 17258 17258 W UiThreadStatement: Already on the UI thread, this method should not be called from the main application thread
06-21 21:00:00.785 17258 17258 I Gateway : [Req]<READ INTERVAL> 0003096500019658
06-21 21:00:00.874 17258 17258 I Gateway : [Rsp]<READ INTERVAL> 00030200008584
06-21 21:00:00.874 17258 17258 I R_item  : 5 INTERVAL 0000
06-21 21:00:00.874 17258 17258 I R_item  : enable: 6
06-21 21:00:00.882 17258 17258 W UiThreadStatement: Already on the UI thread, this method should not be called from the main application thread
06-21 21:00:00.882 17258 17258 I Gateway : [Req]<READ NET_ID> 000309C900015679
06-21 21:00:00.971 17258 17258 W UiThreadStatement: Already on the UI thread, this method should not be called from the main application thread
06-21 21:00:00.972 17258 17258 I Gateway : [Req]<READ NET_ID> 000307D600016557
06-21 21:00:00.972 17258 17258 I Gateway : [Rsp]<READ NET_ID> 00030200008584
06-21 21:00:00.972 17258 17258 I R_item  : 6 NET_ID 0000
06-21 21:00:01.061   792   792 I SurfaceFlinger: screenshot (com.oringnet.wm/com.oring.SlideActivity@17258#0)
06-21 21:00:01.068 17258 17258 W UiThreadStatement: Already on the UI thread, this method should not be called from the main application thread
06-21 21:00:01.068 17258 17258 I Gateway : [Req]<READ IO_TYPE> 0003083A0001a7b6
06-21 21:00:01.068 17258 17258 I Gateway : [Rsp]<READ IO_TYPE> 00030200008584
06-21 21:00:01.068 17258 17258 I R_item  : 6 IO_TYPE 0000
06-21 21:00:01.258   792  2108 I BufferQueueProducer: [com.oringnet.wm/com.oring.SlideActivity@17258#0](this:0x7f65ce6800,id:1566,api:1,p:17258,c:792) queueBuffer: fps=20.99 dur=1000.64 max=105.83 min=6.33
06-21 21:00:01.262   792   792 I SurfaceFlinger: screenshot (com.oringnet.wm/com.oring.SlideActivity@17258#0)
06-21 21:00:01.264 17258 17258 W UiThreadStatement: Already on the UI thread, this method should not be called from the main application thread
06-21 21:00:01.264 17258 17258 I Gateway : [Req]<READ DATA_NUM> 0003090200012787
06-21 21:00:01.264 17258 17258 I Gateway : [Rsp]<READ DATA_NUM> 00030200008584
06-21 21:00:01.362 17258 17258 W UiThreadStatement: Already on the UI thread, this method should not be called from the main application thread
06-21 21:00:01.362 17258 17258 I Gateway : [Req]<READ DATA_FORMAT> 0003096600016658
06-21 21:00:01.362 17258 17258 I Gateway : [Rsp]<READ DATA_FORMAT> 00030200008584
06-21 21:00:01.362 17258 17258 I R_item  : 6 DATA_FORMAT 0000
06-21 21:00:01.460 17258 17258 W UiThreadStatement: Already on the UI thread, this method should not be called from the main application thread
06-21 21:00:01.460 17258 17258 I Gateway : [Req]<READ INTERVAL> 000309CA0001a679
06-21 21:00:01.461 17258 17258 I Gateway : [Rsp]<READ INTERVAL> 00030200008584
06-21 21:00:01.461 17258 17258 I R_item  : 6 INTERVAL 0000
06-21 21:00:01.462 17258 17258 I R_item  : enable: 7
06-21 21:00:01.556 17258 17258 W UiThreadStatement: Already on the UI thread, this method should not be called from the main application thread
06-21 21:00:01.556 17258 17258 I Gateway : [Req]<READ NET_ID> 000307D700013497
06-21 21:00:01.556 17258 17258 I Gateway : [Rsp]<READ NET_ID> 00030200008584
06-21 21:00:01.556 17258 17258 I R_item  : 7 NET_ID 0000
06-21 21:00:01.654 17258 17258 W UiThreadStatement: Already on the UI thread, this method should not be called from the main application thread
06-21 21:00:01.654 17258 17258 I Gateway : [Req]<READ IO_TYPE> 0003083B0001f676
06-21 21:00:01.654 17258 17258 I Gateway : [Rsp]<READ IO_TYPE> 00030200008584
06-21 21:00:01.654 17258 17258 I R_item  : 7 IO_TYPE 0000
06-21 21:00:01.751 17258 17258 W UiThreadStatement: Already on the UI thread, this method should not be called from the main application thread
06-21 21:00:01.751 17258 17258 I Gateway : [Req]<READ ADDRESS> 0003089F0001b795
06-21 21:00:01.751 17258 17258 I Gateway : [Rsp]<READ ADDRESS> 00030200008584
06-21 21:00:01.751 17258 17258 I R_item  : 7 ADDRESS 0000
06-21 21:00:01.845   792   792 I SurfaceFlinger: screenshot (com.oringnet.wm/com.oring.SlideActivity@17258#0)
06-21 21:00:01.849 17258 17258 W UiThreadStatement: Already on the UI thread, this method should not be called from the main application thread
06-21 21:00:01.849 17258 17258 I Gateway : [Req]<READ DATA_NUM> 0003090300017647
06-21 21:00:01.849 17258 17258 I Gateway : [Rsp]<READ DATA_NUM> 00030200008584
06-21 21:00:01.849 17258 17258 I R_item  : 7 DATA_NUM 0000
06-21 21:00:01.946 17258 17258 W UiThreadStatement: Already on the UI thread, this method should not be called from the main application thread
06-21 21:00:01.946 17258 17258 I Gateway : [Req]<READ DATA_FORMAT> 0003096700013798
06-21 21:00:01.946 17258 17258 I Gateway : [Rsp]<READ DATA_FORMAT> 00030200008584
06-21 21:00:01.946 17258 17258 I R_item  : 7 DATA_FORMAT 0000
06-21 21:00:02.044 17258 17258 W UiThreadStatement: Already on the UI thread, this method should not be called from the main application thread
06-21 21:00:02.044 17258 17258 I Gateway : [Req]<READ INTERVAL> 000309CB0001f7b9
06-21 21:00:02.045   792   792 I SurfaceFlinger: screenshot (com.oringnet.wm/com.oring.SlideActivity@17258#0)
06-21 21:00:02.045 17258 17258 I Gateway : [Rsp]<READ INTERVAL> 00030200008584
06-21 21:00:02.045 17258 17258 I R_item  : 7 INTERVAL 0000
06-21 21:00:02.046 17258 17258 I R_item  : enable: 8
06-21 21:00:02.050 17258 17280 D Surface : Surface::disconnect(this=0x711faa5000,api=1)
06-21 21:00:02.050   792   824 I BufferQueueProducer: [com.oringnet.wm/com.oring.SlideActivity@17258#1](this:0x7f65d61800,id:1576,api:1,p:17258,c:792) disconnect(P): api 1
06-21 21:00:02.149   792   792 I SurfaceFlinger: screenshot (com.oringnet.wm/com.oring.SlideActivity@17258#0)
