05-27 19:12:18.282   664   664 D Zygote  : Forked child process 18443
05-27 19:12:18.287  1412  1451 I ActivityManager: Start proc 18443:com.oringnet.wm/u0a306 for activity {com.oringnet.wm/com.oring.LoginActivity}
05-27 19:12:18.304 18443 18443 E com.oringnet.w: Not starting debugger since process cannot load the jdwp agent.
05-27 19:12:18.340 18443 18443 I Typeface: Current DefaultTypeface ( default_roboto )
05-27 19:12:18.375 18443 18443 I MultiDex: VM with version 2.1.0 has multidex support
05-27 19:12:18.376 18443 18443 I MultiDex: Installing application
05-27 19:12:18.376 18443 18443 I MultiDex: VM has multidex support, MultiDex support library is disabled.
05-27 19:12:18.376 18443 18443 I MultiDex: Installing application
05-27 19:12:18.376 18443 18443 I MultiDex: VM has multidex support, MultiDex support library is disabled.
05-27 19:12:18.379 18443 18443 I FirebaseInitProvider: FirebaseApp initialization unsuccessful
05-27 19:12:18.399 18443 18464 I com.oringnet.w: Starting a blocking GC Alloc
05-27 19:12:18.400 18443 18464 I com.oringnet.w: Starting a blocking GC Alloc
05-27 19:12:18.404 18443 18443 I com.oringnet.w: Waiting for a blocking GC Alloc
05-27 19:12:18.413 18443 18443 I com.oringnet.w: WaitForGcToComplete blocked Alloc on AddRemoveAppImageSpace for 8.464ms
05-27 19:12:18.413 18443 18443 I com.oringnet.w: Starting a blocking GC Alloc
05-27 19:12:18.455 18443 18443 D PhoneWindow: windowLightStatusBar : false, disable View.SYSTEM_UI_FLAG_LIGHT_STATUS_BAR
05-27 19:12:18.488 18443 18443 I ShowFilePath: /storage/emulated/0/Download
05-27 19:12:18.515 18443 18443 I SQLiteOpenHelper: Create ODimmingSQL.db
05-27 19:12:18.548 18443 18443 I Now@_1  : 0
05-27 19:12:18.548 18443 18443 I Now@_1  : 0
05-27 19:12:18.613 18443 18443 I TouchFilterInputStageHelper: [needTouchEventFilter] Displayid : 0
05-27 19:12:18.617 18443 18443 D BezellessGripSuppressionFilter: getdisplaysize, x : 720 y : 1600
05-27 19:12:18.642 18443 18443 I TouchFilterInputStageHelper: [needTouchEventFilter] Displayid : 0
05-27 19:12:18.655 18443 18443 D BezellessGripSuppressionFilter: getdisplaysize, x : 720 y : 1600
05-27 19:12:18.674   800  2411 I BufferQueueConsumer: [com.oringnet.wm/com.oring.LoginActivity@18443#0](this:0x798eb3d000,id:4471,api:0,p:-1,c:800) setConsumerName: com.oringnet.wm/com.oring.LoginActivity@18443#0
05-27 19:12:18.674   800  2411 I BufferQueueConsumer: [com.oringnet.wm/com.oring.LoginActivity@18443#0](this:0x798eb3d000,id:4471,api:0,p:-1,c:800) setDefaultBufferSize: width=720 height=1600
05-27 19:12:18.674   800  2411 I SurfaceFlinger: Create BufferLayer(0x797e45b000) com.oringnet.wm/com.oring.LoginActivity@18443#0 (720 x 1600)
05-27 19:12:18.682 18443 18464 I GPUD    : @gpudInitialize: successfully initialized with 1, dbg=0 mmdump_dbg=0
05-27 19:12:18.702 18443 18464 D Surface : Surface::connect(this=0x771472d000,api=1)
05-27 19:12:18.703   800  2411 I BufferQueueProducer: [com.oringnet.wm/com.oring.LoginActivity@18443#0](this:0x798eb3d000,id:4471,api:1,p:18443,c:800) connect(P): api=1 producer=(18443:com.oringnet.wm) producerControlledByApp=false
05-27 19:12:18.705 18443 18464 D Surface : Surface::setBufferCount(this=0x771472d000,bufferCount=3)
05-27 19:12:18.705 18443 18464 D Surface : Surface::allocateBuffers(this=0x771472d000)
05-27 19:12:18.711 18443 18464 W Gralloc3: mapper 3.x is not supported
05-27 19:12:18.715 18443 18464 E ion     : ioctl c0044901 failed with code -1: Invalid argument
05-27 19:12:18.792   800  2411 I BufferQueueConsumer: [Toast@18443#0](this:0x798eb3e800,id:4472,api:0,p:-1,c:800) setConsumerName: Toast@18443#0
05-27 19:12:18.792   800  2411 I BufferQueueConsumer: [Toast@18443#0](this:0x798eb3e800,id:4472,api:0,p:-1,c:800) setDefaultBufferSize: width=285 height=70
05-27 19:12:18.792   800  2411 I SurfaceFlinger: Create BufferLayer(0x797e467000) Toast@18443#0 (285 x 70)
05-27 19:12:18.797 18443 18464 D Surface : Surface::connect(this=0x7714890000,api=1)
05-27 19:12:18.797   800   851 I BufferQueueProducer: [Toast@18443#0](this:0x798eb3e800,id:4472,api:1,p:18443,c:800) connect(P): api=1 producer=(18443:com.oringnet.wm) producerControlledByApp=false
05-27 19:12:18.799 18443 18464 D Surface : Surface::setBufferCount(this=0x7714890000,bufferCount=3)
05-27 19:12:18.800 18443 18464 D Surface : Surface::allocateBuffers(this=0x7714890000)
05-27 19:12:18.927   800   800 I MiniDump: 0x797e467000 |     DEVICE |          0 | 0.067 |  217 1460  502 1530 |   0.0   0.0 285.0  70.0 | Toast@18443#0
05-27 19:12:18.927   800   800 I MiniDump: 0x797e467000 |     DEVICE |          0 | 0.067 |  217 1460  502 1530 |   0.0   0.0 285.0  70.0 | Toast@18443#0
05-27 19:12:18.928 18443 18443 I Timeline: Timeline: Activity_idle id: android.os.BinderProxy@c6b8896 time:608496958
05-27 19:12:18.960   800   800 I MiniDump: 0x797e45b000 |     DEVICE |          0 | 1.000 |    0    0  720 1600 |   0.0   0.0 720.0 1600.0 | com.oringnet.wm/com.oring.LoginActivity@18443#0
05-27 19:12:18.960   800   800 I MiniDump: 0x797e467000 |     DEVICE |          0 | 0.190 |  217 1460  502 1530 |   0.0   0.0 285.0  70.0 | Toast@18443#0
05-27 19:12:18.961   800   800 I MiniDump: 0x797e45b000 |     DEVICE |          0 | 1.000 |    0    0  720 1600 |   0.0   0.0 720.0 1600.0 | com.oringnet.wm/com.oring.LoginActivity@18443#0
05-27 19:12:18.961   800   800 I MiniDump: 0x797e467000 |     DEVICE |          0 | 0.190 |  217 1460  502 1530 |   0.0   0.0 285.0  70.0 | Toast@18443#0
05-27 19:12:19.047   800   800 I SurfaceFlinger: screenshot (com.oringnet.wm/com.oring.LoginActivity@18443#0)
05-27 19:12:19.094   800   800 I MiniDump: 0x797e45b000 |     DEVICE |          0 | 1.000 |    0    0  720 1600 |   0.0   0.0 720.0 1600.0 | com.oringnet.wm/com.oring.LoginActivity@18443#0
05-27 19:12:19.094   800   800 I MiniDump: 0x797e467000 |     DEVICE |          0 | 0.601 |  217 1460  502 1530 |   0.0   0.0 285.0  70.0 | Toast@18443#0
05-27 19:12:19.094   800   800 I MiniDump: 0x797e45b000 |     DEVICE |          0 | 1.000 |    0    0  720 1600 |   0.0   0.0 720.0 1600.0 | com.oringnet.wm/com.oring.LoginActivity@18443#0
05-27 19:12:19.094   800   800 I MiniDump: 0x797e467000 |     DEVICE |          0 | 0.601 |  217 1460  502 1530 |   0.0   0.0 285.0  70.0 | Toast@18443#0
05-27 19:12:19.265   800   800 I SurfaceFlinger: screenshot (com.oringnet.wm/com.oring.LoginActivity@18443#0)
05-27 19:12:19.429   800   800 I SurfaceFlinger: screenshot (com.oringnet.wm/com.oring.LoginActivity@18443#0)
05-27 19:12:19.430   800   800 I SurfaceFlinger: screenshot (Toast@18443#0)
05-27 19:12:19.528   800   800 I SurfaceFlinger: screenshot (com.oringnet.wm/com.oring.LoginActivity@18443#0)
05-27 19:12:19.795   800   800 I SurfaceFlinger: screenshot (com.oringnet.wm/com.oring.LoginActivity@18443#0)
05-27 19:12:19.874 18443 18443 I ViewRootImpl: ViewRoot's Touch Event : ACTION_DOWN
05-27 19:12:19.879 18443 18443 I ViewRootImpl: ViewRoot's Touch Event : ACTION_UP
05-27 19:12:19.883 18443 18443 I MODECHECK: 02
05-27 19:12:19.903  1412  3659 I ActivityTaskManager: The Process com.oringnet.wm Already Exists in BG. So sending its PID: 18443
05-27 19:12:19.915 18443 18443 W ActivityThread: handleWindowVisibility: no activity for token android.os.BinderProxy@29627d7
05-27 19:12:19.915   800   800 I SurfaceFlinger: screenshot (com.oringnet.wm/com.oring.LoginActivity@18443#0)
05-27 19:12:19.936 18443 18443 D PhoneWindow: windowLightStatusBar : false, disable View.SYSTEM_UI_FLAG_LIGHT_STATUS_BAR
05-27 19:12:19.972 18443 18443 D BluetoothAdapter: startLeScan(): null
05-27 19:12:19.977 18443 18443 D BluetoothAdapter: isLeEnabled(): ON
05-27 19:12:19.983 18443 18491 D BluetoothLeScanner: onScannerRegistered() - status=0 scannerId=8 mScannerId=0
05-27 19:12:20.036 18443 18443 I TouchFilterInputStageHelper: [needTouchEventFilter] Displayid : 0
05-27 19:12:20.040 18443 18443 D BezellessGripSuppressionFilter: getdisplaysize, x : 720 y : 1600
05-27 19:12:20.049   800   800 I SurfaceFlinger: screenshot (com.oringnet.wm/com.oring.LoginActivity@18443#0)
05-27 19:12:20.055   800  2411 I BufferQueueConsumer: [com.oringnet.wm/com.oring.ble.BLEScanActivity@18443#0](this:0x798eb53000,id:4473,api:0,p:-1,c:800) setConsumerName: com.oringnet.wm/com.oring.ble.BLEScanActivity@18443#0
05-27 19:12:20.055   800  2411 I BufferQueueConsumer: [com.oringnet.wm/com.oring.ble.BLEScanActivity@18443#0](this:0x798eb53000,id:4473,api:0,p:-1,c:800) setDefaultBufferSize: width=720 height=1533
05-27 19:12:20.055   800  2411 I SurfaceFlinger: Create BufferLayer(0x797e3e5000) com.oringnet.wm/com.oring.ble.BLEScanActivity@18443#0 (720 x 1533)
05-27 19:12:20.063 18443 18464 D Surface : Surface::connect(this=0x7714842000,api=1)
05-27 19:12:20.064   800   851 I BufferQueueProducer: [com.oringnet.wm/com.oring.ble.BLEScanActivity@18443#0](this:0x798eb53000,id:4473,api:1,p:18443,c:800) connect(P): api=1 producer=(18443:com.oringnet.wm) producerControlledByApp=false
05-27 19:12:20.067 18443 18464 D Surface : Surface::setBufferCount(this=0x7714842000,bufferCount=3)
05-27 19:12:20.067 18443 18464 D Surface : Surface::allocateBuffers(this=0x7714842000)
05-27 19:12:20.121   800  2411 I BufferQueueProducer: [com.oringnet.wm/com.oring.LoginActivity@18443#0](this:0x798eb3d000,id:4471,api:1,p:18443,c:800) queueBuffer: fps=2.24 dur=1338.38 max=1204.56 min=20.87
05-27 19:12:20.150   800   800 I SurfaceFlinger: screenshot (com.oringnet.wm/com.oring.LoginActivity@18443#0)
05-27 19:12:20.179 18443 18443 I Timeline: Timeline: Activity_idle id: android.os.BinderProxy@29627d7 time:608498209
05-27 19:12:20.194   800   800 I MiniDump: 0x797e45b000 |     DEVICE |          0 | 0.974 |    0    0  720 1599 |   0.0   1.0 720.0 1600.0 | com.oringnet.wm/com.oring.LoginActivity@18443#0
05-27 19:12:20.194   800   800 I MiniDump: 0x797e3e5000 |     DEVICE |          0 | 0.741 |    0  373  720 1600 |   0.0   0.0 720.0 1227.0 | com.oringnet.wm/com.oring.ble.BLEScanActivity@18443#0
05-27 19:12:20.194   800   800 I MiniDump: 0x797e467000 |     DEVICE |          0 | 1.000 |  217 1460  502 1530 |   0.0   0.0 285.0  70.0 | Toast@18443#0
05-27 19:12:20.195   800   800 I MiniDump: 0x797e45b000 |     DEVICE |          0 | 0.974 |    0    0  720 1599 |   0.0   1.0 720.0 1600.0 | com.oringnet.wm/com.oring.LoginActivity@18443#0
05-27 19:12:20.195   800   800 I MiniDump: 0x797e3e5000 |     DEVICE |          0 | 0.741 |    0  373  720 1600 |   0.0   0.0 720.0 1227.0 | com.oringnet.wm/com.oring.ble.BLEScanActivity@18443#0
05-27 19:12:20.195   800   800 I MiniDump: 0x797e467000 |     DEVICE |          0 | 1.000 |  217 1460  502 1530 |   0.0   0.0 285.0  70.0 | Toast@18443#0
05-27 19:12:20.249 18443 18495 I FastBle : device detected  ------  name: WM_iot_test08  mac: 18:04:ED:6E:5F:53  Rssi: -45  scanRecord: 02 01 06 11 06 9e ca dc 24 0e e5 a9 e0 93 f3 a3 b5 01 00 40 6e 06 ff 0d 00 c0 ff ee 15 09 57 4d 5f 69 6f 74 5f 74 65 73 74 30 38 00 00 00 00 00 00 00 05 12 50 00 20 03 02 0a 00 00 00 00
05-27 19:12:20.250   800   800 I SurfaceFlinger: screenshot (com.oringnet.wm/com.oring.LoginActivity@18443#0)
05-27 19:12:20.250   800   800 I SurfaceFlinger: screenshot (com.oringnet.wm/com.oring.ble.BLEScanActivity@18443#0)
05-27 19:12:20.365   800   800 I SurfaceFlinger: screenshot (com.oringnet.wm/com.oring.ble.BLEScanActivity@18443#0)
05-27 19:12:20.387   800   800 I SurfaceFlinger: screenshot (com.oringnet.wm/com.oring.LoginActivity@18443#0)
05-27 19:12:20.388   800   800 I SurfaceFlinger: screenshot (com.oringnet.wm/com.oring.ble.BLEScanActivity@18443#0)
05-27 19:12:20.388   800   800 I SurfaceFlinger: screenshot (Toast@18443#0)
05-27 19:12:20.428   800   800 I MiniDump: 0x797e3e5000 |     DEVICE |          0 | 1.000 |    0   67  720 1600 |   0.0   0.0 720.0 1533.0 | com.oringnet.wm/com.oring.ble.BLEScanActivity@18443#0
05-27 19:12:20.428   800   800 I MiniDump: 0x797e467000 |     DEVICE |          0 | 1.000 |  217 1460  502 1530 |   0.0   0.0 285.0  70.0 | Toast@18443#0
05-27 19:12:20.429   800   800 I MiniDump: 0x797e3e5000 |     DEVICE |          0 | 1.000 |    0   67  720 1600 |   0.0   0.0 720.0 1533.0 | com.oringnet.wm/com.oring.ble.BLEScanActivity@18443#0
05-27 19:12:20.429   800   800 I MiniDump: 0x797e467000 |     DEVICE |          0 | 1.000 |  217 1460  502 1530 |   0.0   0.0 285.0  70.0 | Toast@18443#0
05-27 19:12:20.440 18443 18464 D Surface : Surface::disconnect(this=0x771472d000,api=1)
05-27 19:12:20.440   800   851 I BufferQueueProducer: [com.oringnet.wm/com.oring.LoginActivity@18443#0](this:0x798eb3d000,id:4471,api:1,p:18443,c:800) disconnect(P): api 1
05-27 19:12:20.456   800   800 I SurfaceFlinger: Remove BufferLayer(0x797e45b000) com.oringnet.wm/com.oring.LoginActivity@18443#0 (-1 x -1)
05-27 19:12:20.466   800   800 I SurfaceFlinger: screenshot (com.oringnet.wm/com.oring.ble.BLEScanActivity@18443#0)
05-27 19:12:20.473   800   800 I SurfaceFlinger: Remove BufferLayer(0x797e45b000) com.oringnet.wm/com.oring.LoginActivity@18443#0 (-1 x -1)
05-27 19:12:20.510   800   800 I MiniDump: 0x797e3e5000 |     DEVICE |          0 | 1.000 |    0   67  720 1600 |   0.0   0.0 720.0 1533.0 | com.oringnet.wm/com.oring.ble.BLEScanActivity@18443#0
05-27 19:12:20.510   800   800 I MiniDump: 0x797e467000 |     DEVICE |          0 | 1.000 |  217 1460  502 1530 |   0.0   0.0 285.0  70.0 | Toast@18443#0
05-27 19:12:20.511   800   800 I MiniDump: 0x797e3e5000 |     DEVICE |          0 | 1.000 |    0   67  720 1600 |   0.0   0.0 720.0 1533.0 | com.oringnet.wm/com.oring.ble.BLEScanActivity@18443#0
05-27 19:12:20.511   800   800 I MiniDump: 0x797e467000 |     DEVICE |          0 | 1.000 |  217 1460  502 1530 |   0.0   0.0 285.0  70.0 | Toast@18443#0
05-27 19:12:20.574 18443 18464 D Surface : Surface::disconnect(this=0x7714890000,api=1)
05-27 19:12:20.574   800  4119 I BufferQueueProducer: [Toast@18443#0](this:0x798eb3e800,id:4472,api:1,p:18443,c:800) disconnect(P): api 1
05-27 19:12:20.574   800   851 I BufferQueue: [com.oringnet.wm/com.oring.LoginActivity@18443#0](this:0x798eb3d000,id:4471,api:1,p:-1,c:-1) ~BufferQueueCore
05-27 19:12:20.615   800   800 I SurfaceFlinger: screenshot (com.oringnet.wm/com.oring.ble.BLEScanActivity@18443#0)
05-27 19:12:20.748   800   800 I SurfaceFlinger: screenshot (com.oringnet.wm/com.oring.ble.BLEScanActivity@18443#0)
05-27 19:12:20.882   800   800 I SurfaceFlinger: screenshot (com.oringnet.wm/com.oring.ble.BLEScanActivity@18443#0)
05-27 19:12:20.983   800   800 I SurfaceFlinger: screenshot (com.oringnet.wm/com.oring.ble.BLEScanActivity@18443#0)
05-27 19:12:21.110   800   800 I MiniDump: 0x797e3e5000 |     DEVICE |          0 | 1.000 |    0   67  720 1600 |   0.0   0.0 720.0 1533.0 | com.oringnet.wm/com.oring.ble.BLEScanActivity@18443#0
05-27 19:12:21.111   800   800 I MiniDump: 0x797e3e5000 |     DEVICE |          0 | 1.000 |    0   67  720 1600 |   0.0   0.0 720.0 1533.0 | com.oringnet.wm/com.oring.ble.BLEScanActivity@18443#0
05-27 19:12:21.117   800   800 I SurfaceFlinger: screenshot (com.oringnet.wm/com.oring.ble.BLEScanActivity@18443#0)
05-27 19:12:21.123   800   800 I SurfaceFlinger: Remove BufferLayer(0x797e467000) Toast@18443#0 (-1 x -1)
05-27 19:12:21.123   800   800 I BufferQueue: [Toast@18443#0](this:0x798eb3e800,id:4472,api:1,p:-1,c:-1) ~BufferQueueCore
05-27 19:12:21.378   800   800 I SurfaceFlinger: screenshot (com.oringnet.wm/com.oring.ble.BLEScanActivity@18443#0)
05-27 19:12:21.645   800   800 I SurfaceFlinger: screenshot (com.oringnet.wm/com.oring.ble.BLEScanActivity@18443#0)
05-27 19:12:21.912   800   800 I SurfaceFlinger: screenshot (com.oringnet.wm/com.oring.ble.BLEScanActivity@18443#0)
05-27 19:12:22.241 18443 18443 I ViewRootImpl: ViewRoot's Touch Event : ACTION_DOWN
05-27 19:12:22.246 18443 18443 I ViewRootImpl: ViewRoot's Touch Event : ACTION_UP
05-27 19:12:22.255 18443 18443 D PhoneWindow: windowLightStatusBar : false, disable View.SYSTEM_UI_FLAG_LIGHT_STATUS_BAR
05-27 19:12:22.273 18443 18443 I TouchFilterInputStageHelper: [needTouchEventFilter] Displayid : 0
05-27 19:12:22.275 18443 18443 D BezellessGripSuppressionFilter: getdisplaysize, x : 720 y : 1600
05-27 19:12:22.282   800   800 I SurfaceFlinger: screenshot (com.oringnet.wm/com.oring.ble.BLEScanActivity@18443#0)
05-27 19:12:22.283 18443 18443 I FastBle : connect device: WM_iot_test08
05-27 19:12:22.283 18443 18443 I FastBle : mac: 18:04:ED:6E:5F:53
05-27 19:12:22.283 18443 18443 I FastBle : autoConnect: false
05-27 19:12:22.283 18443 18443 I FastBle : currentThread: 2
05-27 19:12:22.283 18443 18443 I FastBle : connectCount:1
05-27 19:12:22.285 18443 18443 D BluetoothGatt: connect() - device: 18:04:ED:6E:5F:53, auto: false
05-27 19:12:22.285 18443 18443 D BluetoothGatt: registerApp()
05-27 19:12:22.285 18443 18443 D BluetoothGatt: registerApp() - UUID=970fd878-bf48-4cfb-a7f7-30dcaa48f4c6
05-27 19:12:22.289 18443 18459 D BluetoothGatt: onClientRegistered() - status=0 clientIf=9
05-27 19:12:22.305   800   851 I BufferQueueConsumer: [com.oringnet.wm/com.oring.ble.BLEScanActivity@18443#1](this:0x798eb3d000,id:4474,api:0,p:-1,c:800) setConsumerName: com.oringnet.wm/com.oring.ble.BLEScanActivity@18443#1
05-27 19:12:22.305   800   851 I BufferQueueConsumer: [com.oringnet.wm/com.oring.ble.BLEScanActivity@18443#1](this:0x798eb3d000,id:4474,api:0,p:-1,c:800) setDefaultBufferSize: width=126 height=126
05-27 19:12:22.305   800   851 I SurfaceFlinger: Create BufferLayer(0x797e480000) com.oringnet.wm/com.oring.ble.BLEScanActivity@18443#1 (126 x 126)
05-27 19:12:22.311 18443 18464 D Surface : Surface::connect(this=0x770d8c6000,api=1)
05-27 19:12:22.311   800   851 I BufferQueueProducer: [com.oringnet.wm/com.oring.ble.BLEScanActivity@18443#1](this:0x798eb3d000,id:4474,api:1,p:18443,c:800) connect(P): api=1 producer=(18443:com.oringnet.wm) producerControlledByApp=false
05-27 19:12:22.313 18443 18464 D Surface : Surface::setBufferCount(this=0x770d8c6000,bufferCount=3)
05-27 19:12:22.313 18443 18464 D Surface : Surface::allocateBuffers(this=0x770d8c6000)
05-27 19:12:22.377   800   800 I MiniDump: 0x797e3e5000 |     DEVICE |          0 | 1.000 |    0   67  720 1600 |   0.0   0.0 720.0 1533.0 | com.oringnet.wm/com.oring.ble.BLEScanActivity@18443#0
05-27 19:12:22.377   800   800 I MiniDump: 0x797e480000 |     DEVICE |          0 | 0.303 |  301  760  419  878 |   0.0   0.0 126.0 126.0 | com.oringnet.wm/com.oring.ble.BLEScanActivity@18443#1
05-27 19:12:22.377   800   800 I MiniDump: 0x797e3e5000 |     DEVICE |          0 | 1.000 |    0   67  720 1600 |   0.0   0.0 720.0 1533.0 | com.oringnet.wm/com.oring.ble.BLEScanActivity@18443#0
05-27 19:12:22.377   800   800 I MiniDump: 0x797e480000 |     DEVICE |          0 | 0.303 |  301  760  419  878 |   0.0   0.0 126.0 126.0 | com.oringnet.wm/com.oring.ble.BLEScanActivity@18443#1
05-27 19:12:22.386   800   800 I SurfaceFlinger: screenshot (com.oringnet.wm/com.oring.ble.BLEScanActivity@18443#0)
05-27 19:12:22.493 18443 18459 D BluetoothGatt: onClientConnectionState() - status=0 clientIf=9 device=18:04:ED:6E:5F:53
05-27 19:12:22.494 18443 18459 I FastBle : BluetoothGattCallback：onConnectionStateChange 
05-27 19:12:22.494 18443 18459 I FastBle : status: 0
05-27 19:12:22.494 18443 18459 I FastBle : newState: 2
05-27 19:12:22.494 18443 18459 I FastBle : currentThread: 14915
05-27 19:12:22.499   800   800 I SurfaceFlinger: screenshot (com.oringnet.wm/com.oring.ble.BLEScanActivity@18443#0)
05-27 19:12:22.616   800   800 I SurfaceFlinger: screenshot (com.oringnet.wm/com.oring.ble.BLEScanActivity@18443#0)
05-27 19:12:22.934 18443 18459 D BluetoothGatt: onConnectionUpdated() - Device=18:04:ED:6E:5F:53 interval=6 latency=0 timeout=500 status=0
05-27 19:12:22.994 18443 18443 D BluetoothGatt: discoverServices() - device: 18:04:ED:6E:5F:53
05-27 19:12:23.120 18443 18459 D BluetoothGatt: onSearchComplete() = Device=18:04:ED:6E:5F:53 Status=0
05-27 19:12:23.123 18443 18459 I FastBle : BluetoothGattCallback：onServicesDiscovered 
05-27 19:12:23.123 18443 18459 I FastBle : status: 0
05-27 19:12:23.123 18443 18459 I FastBle : currentThread: 14915
05-27 19:12:23.138 18443 18464 D Surface : Surface::disconnect(this=0x770d8c6000,api=1)
05-27 19:12:23.139   800   851 I BufferQueueProducer: [com.oringnet.wm/com.oring.ble.BLEScanActivity@18443#1](this:0x798eb3d000,id:4474,api:1,p:18443,c:800) disconnect(P): api 1
05-27 19:12:23.173   800   800 I SurfaceFlinger: screenshot (com.oringnet.wm/com.oring.ble.BLEScanActivity@18443#0)
05-27 19:12:23.197 18443 18459 D BluetoothGatt: onConnectionUpdated() - Device=18:04:ED:6E:5F:53 interval=39 latency=0 timeout=500 status=0
05-27 19:12:23.202 18443 18443 D BluetoothAdapter: stopLeScan()
05-27 19:12:23.205 18443 18443 D BluetoothAdapter: isLeEnabled(): ON
05-27 19:12:23.212  1412  6828 I ActivityTaskManager: The Process com.oringnet.wm Already Exists in BG. So sending its PID: 18443
05-27 19:12:23.226 18443 18443 W ActivityThread: handleWindowVisibility: no activity for token android.os.BinderProxy@8febf9f
05-27 19:12:23.243 18443 18443 D PhoneWindow: windowLightStatusBar : false, disable View.SYSTEM_UI_FLAG_LIGHT_STATUS_BAR
05-27 19:12:23.286   800   800 I SurfaceFlinger: screenshot (com.oringnet.wm/com.oring.ble.BLEScanActivity@18443#0)
05-27 19:12:23.310 18443 18443 D BluetoothGatt: setCharacteristicNotification() - uuid: 6e400003-b5a3-f393-e0a9-e50e24dcca9e enable: true
05-27 19:12:23.327 18443 18443 I TouchFilterInputStageHelper: [needTouchEventFilter] Displayid : 0
05-27 19:12:23.327   800   800 I MiniDump: 0x797e3e5000 |     DEVICE |          0 | 1.000 |    0   67  720 1600 |   0.0   0.0 720.0 1533.0 | com.oringnet.wm/com.oring.ble.BLEScanActivity@18443#0
05-27 19:12:23.328   800   800 I MiniDump: 0x797e3e5000 |     DEVICE |          0 | 1.000 |    0   67  720 1600 |   0.0   0.0 720.0 1533.0 | com.oringnet.wm/com.oring.ble.BLEScanActivity@18443#0
05-27 19:12:23.329 18443 18443 D BezellessGripSuppressionFilter: getdisplaysize, x : 720 y : 1600
05-27 19:12:23.348   800   851 I BufferQueueProducer: [com.oringnet.wm/com.oring.ble.BLEScanActivity@18443#0](this:0x798eb53000,id:4473,api:1,p:18443,c:800) queueBuffer: fps=0.93 dur=3231.42 max=3053.37 min=65.01
05-27 19:12:23.358   800  2411 I BufferQueueConsumer: [com.oringnet.wm/com.oring.ble.BLECreateActivity@18443#0](this:0x798eb54800,id:4475,api:0,p:-1,c:800) setConsumerName: com.oringnet.wm/com.oring.ble.BLECreateActivity@18443#0
05-27 19:12:23.358   800  2411 I BufferQueueConsumer: [com.oringnet.wm/com.oring.ble.BLECreateActivity@18443#0](this:0x798eb54800,id:4475,api:0,p:-1,c:800) setDefaultBufferSize: width=720 height=1533
05-27 19:12:23.358   800  2411 I SurfaceFlinger: Create BufferLayer(0x797e410000) com.oringnet.wm/com.oring.ble.BLECreateActivity@18443#0 (720 x 1533)
05-27 19:12:23.367 18443 18464 D Surface : Surface::connect(this=0x770da54000,api=1)
05-27 19:12:23.368   800   851 I BufferQueueProducer: [com.oringnet.wm/com.oring.ble.BLECreateActivity@18443#0](this:0x798eb54800,id:4475,api:1,p:18443,c:800) connect(P): api=1 producer=(18443:com.oringnet.wm) producerControlledByApp=false
05-27 19:12:23.369 18443 18464 D Surface : Surface::setBufferCount(this=0x770da54000,bufferCount=3)
05-27 19:12:23.370 18443 18464 D Surface : Surface::allocateBuffers(this=0x770da54000)
05-27 19:12:23.399   800   800 I SurfaceFlinger: screenshot (com.oringnet.wm/com.oring.ble.BLEScanActivity@18443#0)
05-27 19:12:23.411   800   800 I MiniDump: 0x797e3e5000 |     DEVICE |          0 | 1.000 |    0   67  720 1600 |   0.0   0.0 720.0 1533.0 | com.oringnet.wm/com.oring.ble.BLEScanActivity@18443#0
05-27 19:12:23.412   800   800 I MiniDump: 0x797e3e5000 |     DEVICE |          0 | 1.000 |    0   67  720 1600 |   0.0   0.0 720.0 1533.0 | com.oringnet.wm/com.oring.ble.BLEScanActivity@18443#0
05-27 19:12:23.423   800   800 I SurfaceFlinger: Remove BufferLayer(0x797e480000) com.oringnet.wm/com.oring.ble.BLEScanActivity@18443#1 (-1 x -1)
05-27 19:12:23.438 18443 18443 D PhoneWindow: windowLightStatusBar : false, disable View.SYSTEM_UI_FLAG_LIGHT_STATUS_BAR
05-27 19:12:23.440   800   800 I SurfaceFlinger: Remove BufferLayer(0x797e480000) com.oringnet.wm/com.oring.ble.BLEScanActivity@18443#1 (-1 x -1)
05-27 19:12:23.440   800   800 I BufferQueue: [com.oringnet.wm/com.oring.ble.BLEScanActivity@18443#1](this:0x798eb3d000,id:4474,api:1,p:-1,c:-1) ~BufferQueueCore
05-27 19:12:23.446   800   800 I MiniDump: 0x797e3e5000 |     DEVICE |          0 | 0.994 |    0   67  720 1600 |   0.0   0.0 720.0 1533.0 | com.oringnet.wm/com.oring.ble.BLEScanActivity@18443#0
05-27 19:12:23.446   800   800 I MiniDump: 0x797e410000 |     DEVICE |          0 | 0.232 |    0  384  720 1600 |   0.0   0.0 720.0 1216.0 | com.oringnet.wm/com.oring.ble.BLECreateActivity@18443#0
05-27 19:12:23.446   800   800 I MiniDump: 0x797e3e5000 |     DEVICE |          0 | 0.994 |    0   67  720 1600 |   0.0   0.0 720.0 1533.0 | com.oringnet.wm/com.oring.ble.BLEScanActivity@18443#0
05-27 19:12:23.446   800   800 I MiniDump: 0x797e410000 |     DEVICE |          0 | 0.232 |    0  384  720 1600 |   0.0   0.0 720.0 1216.0 | com.oringnet.wm/com.oring.ble.BLECreateActivity@18443#0
05-27 19:12:23.453 18443 18443 I TouchFilterInputStageHelper: [needTouchEventFilter] Displayid : 0
05-27 19:12:23.456 18443 18443 D BezellessGripSuppressionFilter: getdisplaysize, x : 720 y : 1600
05-27 19:12:23.474   800  2411 I BufferQueueConsumer: [com.oringnet.wm/com.oring.ble.BLECreateActivity@18443#1](this:0x798eb3e800,id:4476,api:0,p:-1,c:800) setConsumerName: com.oringnet.wm/com.oring.ble.BLECreateActivity@18443#1
05-27 19:12:23.474   800  2411 I BufferQueueConsumer: [com.oringnet.wm/com.oring.ble.BLECreateActivity@18443#1](this:0x798eb3e800,id:4476,api:0,p:-1,c:800) setDefaultBufferSize: width=126 height=126
05-27 19:12:23.474   800  2411 I SurfaceFlinger: Create BufferLayer(0x798ebb3000) com.oringnet.wm/com.oring.ble.BLECreateActivity@18443#1 (126 x 126)
05-27 19:12:23.480 18443 18464 D Surface : Surface::connect(this=0x776834d000,api=1)
05-27 19:12:23.480   800  2411 I BufferQueueProducer: [com.oringnet.wm/com.oring.ble.BLECreateActivity@18443#1](this:0x798eb3e800,id:4476,api:1,p:18443,c:800) connect(P): api=1 producer=(18443:com.oringnet.wm) producerControlledByApp=false
05-27 19:12:23.481 18443 18464 D Surface : Surface::setBufferCount(this=0x776834d000,bufferCount=3)
05-27 19:12:23.482 18443 18464 D Surface : Surface::allocateBuffers(this=0x776834d000)
05-27 19:12:23.517   800   800 I SurfaceFlinger: screenshot (com.oringnet.wm/com.oring.ble.BLEScanActivity@18443#0)
05-27 19:12:23.517   800   800 I SurfaceFlinger: screenshot (com.oringnet.wm/com.oring.ble.BLECreateActivity@18443#0)
05-27 19:12:23.529 18443 18443 I Timeline: Timeline: Activity_idle id: android.os.BinderProxy@8febf9f time:608501559
05-27 19:12:23.540 18443 18443 I CreateTest 1請求: 01030200000445b1
05-27 19:12:23.542 18443 18443 I HEX:    : 
05-27 19:12:23.542 18443 18443 I DeviceName:: NULL
05-27 19:12:23.542 18443 18443 I DeviceName:: 
05-27 19:12:23.547   800   800 I MiniDump: 0x797e3e5000 |     DEVICE |          0 | 0.718 |    0   45  720 1578 |   0.0   0.0 720.0 1533.0 | com.oringnet.wm/com.oring.ble.BLEScanActivity@18443#0
05-27 19:12:23.547   800   800 I MiniDump: 0x797e410000 |     DEVICE |          0 | 1.000 |    0  168  720 1600 |   0.0   0.0 720.0 1432.0 | com.oringnet.wm/com.oring.ble.BLECreateActivity@18443#0
05-27 19:12:23.547   800   800 I MiniDump: 0x798ebb3000 |     DEVICE |          0 | 0.303 |  301  861  419  979 |   0.0   0.0 126.0 126.0 | com.oringnet.wm/com.oring.ble.BLECreateActivity@18443#1
05-27 19:12:23.548   800   800 I MiniDump: 0x797e3e5000 |     DEVICE |          0 | 0.718 |    0   45  720 1578 |   0.0   0.0 720.0 1533.0 | com.oringnet.wm/com.oring.ble.BLEScanActivity@18443#0
05-27 19:12:23.548   800   800 I MiniDump: 0x797e410000 |     DEVICE |          0 | 1.000 |    0  168  720 1600 |   0.0   0.0 720.0 1432.0 | com.oringnet.wm/com.oring.ble.BLECreateActivity@18443#0
05-27 19:12:23.548   800   800 I MiniDump: 0x798ebb3000 |     DEVICE |          0 | 0.303 |  301  861  419  979 |   0.0   0.0 126.0 126.0 | com.oringnet.wm/com.oring.ble.BLECreateActivity@18443#1
05-27 19:12:23.548 18443 18443 I CreateTest 0響應: 010308000000000000000095d7
05-27 19:12:23.618   800   800 I SurfaceFlinger: screenshot (com.oringnet.wm/com.oring.ble.BLECreateActivity@18443#0)
05-27 19:12:23.637 18443 18443 I CreateTest 0請求: 0103021000044474
05-27 19:12:23.638 18443 18443 I HEX:    : 
05-27 19:12:23.643 18443 18443 I CreateTest 2響應: 010308000000000000000095d7
05-27 19:12:23.691 18443 18464 D Surface : Surface::disconnect(this=0x7714842000,api=1)
05-27 19:12:23.692   800  2411 I BufferQueueProducer: [com.oringnet.wm/com.oring.ble.BLEScanActivity@18443#0](this:0x798eb53000,id:4473,api:1,p:18443,c:800) disconnect(P): api 1
05-27 19:12:23.697   800   800 I MiniDump: 0x797e410000 |     DEVICE |          0 | 1.000 |    0   67  720 1600 |   0.0   0.0 720.0 1533.0 | com.oringnet.wm/com.oring.ble.BLECreateActivity@18443#0
05-27 19:12:23.697   800   800 I MiniDump: 0x798ebb3000 |     DEVICE |          0 | 1.000 |  297  756  423  882 |   0.0   0.0 126.0 126.0 | com.oringnet.wm/com.oring.ble.BLECreateActivity@18443#1
05-27 19:12:23.697   800   800 I MiniDump: 0x797e410000 |     DEVICE |          0 | 1.000 |    0   67  720 1600 |   0.0   0.0 720.0 1533.0 | com.oringnet.wm/com.oring.ble.BLECreateActivity@18443#0
05-27 19:12:23.697   800   800 I MiniDump: 0x798ebb3000 |     DEVICE |          0 | 1.000 |  297  756  423  882 |   0.0   0.0 126.0 126.0 | com.oringnet.wm/com.oring.ble.BLECreateActivity@18443#1
05-27 19:12:23.724   800   800 I SurfaceFlinger: Remove BufferLayer(0x797e3e5000) com.oringnet.wm/com.oring.ble.BLEScanActivity@18443#0 (-1 x -1)
05-27 19:12:23.724   800   800 I BufferQueue: [com.oringnet.wm/com.oring.ble.BLEScanActivity@18443#0](this:0x798eb53000,id:4473,api:1,p:-1,c:-1) ~BufferQueueCore
05-27 19:12:23.733   800   800 I SurfaceFlinger: screenshot (com.oringnet.wm/com.oring.ble.BLECreateActivity@18443#0)
05-27 19:12:23.735 18443 18443 I CreateTest 2請求: 010402140004b075
05-27 19:12:23.742 18443 18443 I CreateTest 2響應: 0104086f695f74657474731ff4
05-27 19:12:23.833 18443 18443 I CreateTest 2請求: 0104021800047076
05-27 19:12:23.833 18443 18443 I HEX:    : 6f695f74657474733830
05-27 19:12:23.839 18443 18443 I CreateTest 3響應: 010408383000000000000016bc
05-27 19:12:23.931 18443 18443 I HEX:    : 
05-27 19:12:23.937 18443 18443 I CreateTest 4響應: 0104080000000000000000240d
05-27 19:12:23.941 18443 18443 I CreateTest 4請求: 010402270004407a
05-27 19:12:23.997   800   800 I SurfaceFlinger: screenshot (com.oringnet.wm/com.oring.ble.BLECreateActivity@18443#0)
05-27 19:12:24.028 18443 18443 I CreateTest 4請求: 010303E80004c479
05-27 19:12:24.029 18443 18443 I HEX:    : 
05-27 19:12:24.029 18443 18443 I Password: : 
05-27 19:12:24.042 18443 18443 I CreateTest 5響應: 010308000000000000000095d7
05-27 19:12:24.055 18443 18443 I TouchFilterInputStageHelper: [needTouchEventFilter] Displayid : 0
05-27 19:12:24.058 18443 18443 D BezellessGripSuppressionFilter: getdisplaysize, x : 720 y : 1600
05-27 19:12:24.068   800  4119 I BufferQueueConsumer: [Toast@18443#0](this:0x79820bd000,id:4477,api:0,p:-1,c:800) setConsumerName: Toast@18443#0
05-27 19:12:24.068   800  4119 I BufferQueueConsumer: [Toast@18443#0](this:0x79820bd000,id:4477,api:0,p:-1,c:800) setDefaultBufferSize: width=171 height=70
05-27 19:12:24.068   800  4119 I SurfaceFlinger: Create BufferLayer(0x7982370000) Toast@18443#0 (171 x 70)
05-27 19:12:24.075 18443 18464 D Surface : Surface::connect(this=0x7714842000,api=1)
05-27 19:12:24.075   800  4119 I BufferQueueProducer: [Toast@18443#0](this:0x79820bd000,id:4477,api:1,p:18443,c:800) connect(P): api=1 producer=(18443:com.oringnet.wm) producerControlledByApp=false
05-27 19:12:24.076 18443 18464 D Surface : Surface::setBufferCount(this=0x7714842000,bufferCount=3)
05-27 19:12:24.076 18443 18464 D Surface : Surface::allocateBuffers(this=0x7714842000)
05-27 19:12:24.099   800   800 I SurfaceFlinger: screenshot (com.oringnet.wm/com.oring.ble.BLECreateActivity@18443#0)
05-27 19:12:24.125 18443 18443 I CreateTest 5請求: 010303F8000105bf
05-27 19:12:24.125 18443 18443 I CloudConfig: : 0
05-27 19:12:24.129   800   800 I MiniDump: 0x797e410000 |     DEVICE |          0 | 1.000 |    0   67  720 1600 |   0.0   0.0 720.0 1533.0 | com.oringnet.wm/com.oring.ble.BLECreateActivity@18443#0
05-27 19:12:24.129   800   800 I MiniDump: 0x798ebb3000 |     DEVICE |          0 | 1.000 |  297  756  423  882 |   0.0   0.0 126.0 126.0 | com.oringnet.wm/com.oring.ble.BLECreateActivity@18443#1
05-27 19:12:24.129   800   800 I MiniDump: 0x7982370000 |     DEVICE |          0 | 0.067 |  274 1460  445 1530 |   0.0   0.0 171.0  70.0 | Toast@18443#0
05-27 19:12:24.129   800   800 I MiniDump: 0x797e410000 |     DEVICE |          0 | 1.000 |    0   67  720 1600 |   0.0   0.0 720.0 1533.0 | com.oringnet.wm/com.oring.ble.BLECreateActivity@18443#0
05-27 19:12:24.129   800   800 I MiniDump: 0x798ebb3000 |     DEVICE |          0 | 1.000 |  297  756  423  882 |   0.0   0.0 126.0 126.0 | com.oringnet.wm/com.oring.ble.BLECreateActivity@18443#1
05-27 19:12:24.129   800   800 I MiniDump: 0x7982370000 |     DEVICE |          0 | 0.067 |  274 1460  445 1530 |   0.0   0.0 171.0  70.0 | Toast@18443#0
05-27 19:12:24.131 18443 18443 I CreateTest 6響應: 0103020000b844
05-27 19:12:24.222 18443 18443 I CreateTest 6請求: 010104000001fcfa
05-27 19:12:24.222 18443 18443 I fc_Status:: 00false
05-27 19:12:24.225 18443 18464 D Surface : Surface::disconnect(this=0x776834d000,api=1)
05-27 19:12:24.225   800   851 I BufferQueueProducer: [com.oringnet.wm/com.oring.ble.BLECreateActivity@18443#1](this:0x798eb3e800,id:4476,api:1,p:18443,c:800) disconnect(P): api 1
05-27 19:12:24.234   800   800 I SurfaceFlinger: screenshot (com.oringnet.wm/com.oring.ble.BLECreateActivity@18443#0)
05-27 19:12:24.241 18443 18443 I CreateTest -1響應: 010101005188
05-27 19:12:24.334   800   800 I SurfaceFlinger: screenshot (com.oringnet.wm/com.oring.ble.BLECreateActivity@18443#0)
05-27 19:12:24.412   800   800 I MiniDump: 0x797e410000 |     DEVICE |          0 | 1.000 |    0   67  720 1600 |   0.0   0.0 720.0 1533.0 | com.oringnet.wm/com.oring.ble.BLECreateActivity@18443#0
05-27 19:12:24.412   800   800 I MiniDump: 0x7982370000 |     DEVICE |          0 | 0.842 |  274 1460  445 1530 |   0.0   0.0 171.0  70.0 | Toast@18443#0
05-27 19:12:24.412   800   800 I MiniDump: 0x797e410000 |     DEVICE |          0 | 1.000 |    0   67  720 1600 |   0.0   0.0 720.0 1533.0 | com.oringnet.wm/com.oring.ble.BLECreateActivity@18443#0
05-27 19:12:24.412   800   800 I MiniDump: 0x7982370000 |     DEVICE |          0 | 0.842 |  274 1460  445 1530 |   0.0   0.0 171.0  70.0 | Toast@18443#0
05-27 19:12:24.450   800   800 I SurfaceFlinger: screenshot (com.oringnet.wm/com.oring.ble.BLECreateActivity@18443#0)
05-27 19:12:24.490   800   800 I SurfaceFlinger: Remove BufferLayer(0x798ebb3000) com.oringnet.wm/com.oring.ble.BLECreateActivity@18443#1 (-1 x -1)
05-27 19:12:24.491   800   800 I BufferQueue: [com.oringnet.wm/com.oring.ble.BLECreateActivity@18443#1](this:0x798eb3e800,id:4476,api:1,p:-1,c:-1) ~BufferQueueCore
05-27 19:12:24.496   800   800 I MiniDump: 0x797e410000 |     DEVICE |          0 | 1.000 |    0   67  720 1600 |   0.0   0.0 720.0 1533.0 | com.oringnet.wm/com.oring.ble.BLECreateActivity@18443#0
05-27 19:12:24.496   800   800 I MiniDump: 0x7982370000 |     DEVICE |          0 | 0.946 |  274 1460  445 1530 |   0.0   0.0 171.0  70.0 | Toast@18443#0
05-27 19:12:24.497   800   800 I MiniDump: 0x797e410000 |     DEVICE |          0 | 1.000 |    0   67  720 1600 |   0.0   0.0 720.0 1533.0 | com.oringnet.wm/com.oring.ble.BLECreateActivity@18443#0
05-27 19:12:24.497   800   800 I MiniDump: 0x7982370000 |     DEVICE |          0 | 0.946 |  274 1460  445 1530 |   0.0   0.0 171.0  70.0 | Toast@18443#0
05-27 19:12:24.552   800   800 I SurfaceFlinger: screenshot (com.oringnet.wm/com.oring.ble.BLECreateActivity@18443#0)
05-27 19:12:24.766   800   800 I SurfaceFlinger: screenshot (com.oringnet.wm/com.oring.ble.BLECreateActivity@18443#0)
05-27 19:12:25.030   800   800 I SurfaceFlinger: screenshot (com.oringnet.wm/com.oring.ble.BLECreateActivity@18443#0)
05-27 19:12:25.052   800   800 I SurfaceFlinger: screenshot (com.oringnet.wm/com.oring.ble.BLECreateActivity@18443#0)
05-27 19:12:25.052   800   800 I SurfaceFlinger: screenshot (Toast@18443#0)
05-27 19:12:25.297   800   800 I SurfaceFlinger: screenshot (com.oringnet.wm/com.oring.ble.BLECreateActivity@18443#0)
05-27 19:12:25.378   800  2411 I BufferQueueProducer: [com.oringnet.wm/com.oring.ble.BLECreateActivity@18443#0](this:0x798eb54800,id:4475,api:1,p:18443,c:800) queueBuffer: fps=1.51 dur=1993.14 max=1087.96 min=48.77
05-27 19:12:25.918   800   800 I SurfaceFlinger: screenshot (com.oringnet.wm/com.oring.ble.BLECreateActivity@18443#0)
05-27 19:12:26.515   800  4119 I BufferQueueProducer: [com.oringnet.wm/com.oring.ble.BLECreateActivity@18443#0](this:0x798eb54800,id:4475,api:1,p:18443,c:800) queueBuffer: fps=1.76 dur=1137.13 max=614.67 min=522.46
05-27 19:12:26.533   800   800 I SurfaceFlinger: screenshot (com.oringnet.wm/com.oring.ble.BLECreateActivity@18443#0)
05-27 19:12:26.812   800   800 I SurfaceFlinger: screenshot (com.oringnet.wm/com.oring.ble.BLECreateActivity@18443#0)
05-27 19:12:26.813   800   800 I SurfaceFlinger: screenshot (Toast@18443#0)
05-27 19:12:27.327 18443 18443 I ViewRootImpl: ViewRoot's Touch Event : ACTION_DOWN
05-27 19:12:27.335   800   800 I SurfaceFlinger: screenshot (com.oringnet.wm/com.oring.ble.BLECreateActivity@18443#0)
05-27 19:12:27.336 18443 18443 I ViewRootImpl: ViewRoot's Touch Event : ACTION_UP
05-27 19:12:27.344 18443 18443 D PhoneWindow: windowLightStatusBar : false, disable View.SYSTEM_UI_FLAG_LIGHT_STATUS_BAR
05-27 19:12:27.361 18443 18443 I TouchFilterInputStageHelper: [needTouchEventFilter] Displayid : 0
05-27 19:12:27.363 18443 18443 D BezellessGripSuppressionFilter: getdisplaysize, x : 720 y : 1600
05-27 19:12:27.387   800  4119 I BufferQueueConsumer: [com.oringnet.wm/com.oring.ble.BLECreateActivity@18443#1](this:0x798222f000,id:4478,api:0,p:-1,c:800) setConsumerName: com.oringnet.wm/com.oring.ble.BLECreateActivity@18443#1
05-27 19:12:27.387   800  4119 I BufferQueueConsumer: [com.oringnet.wm/com.oring.ble.BLECreateActivity@18443#1](this:0x798222f000,id:4478,api:0,p:-1,c:800) setDefaultBufferSize: width=126 height=126
05-27 19:12:27.387   800  4119 I SurfaceFlinger: Create BufferLayer(0x7982376000) com.oringnet.wm/com.oring.ble.BLECreateActivity@18443#1 (126 x 126)
05-27 19:12:27.392 18443 18464 D Surface : Surface::connect(this=0x7714605000,api=1)
05-27 19:12:27.393   800   851 I BufferQueueProducer: [com.oringnet.wm/com.oring.ble.BLECreateActivity@18443#1](this:0x798222f000,id:4478,api:1,p:18443,c:800) connect(P): api=1 producer=(18443:com.oringnet.wm) producerControlledByApp=false
05-27 19:12:27.394 18443 18464 D Surface : Surface::setBufferCount(this=0x7714605000,bufferCount=3)
05-27 19:12:27.395 18443 18464 D Surface : Surface::allocateBuffers(this=0x7714605000)
05-27 19:12:27.447 18443 18443 I CreateTest 8響應: 011003e8000441ba
05-27 19:12:27.448 18443 18443 I CreateTest 8請求: 011003E800040832313433363500006d60
05-27 19:12:27.450   800   800 I SurfaceFlinger: screenshot (com.oringnet.wm/com.oring.ble.BLECreateActivity@18443#0)
05-27 19:12:27.463   800   800 I MiniDump: 0x797e410000 |     DEVICE |          0 | 1.000 |    0   67  720 1600 |   0.0   0.0 720.0 1533.0 | com.oringnet.wm/com.oring.ble.BLECreateActivity@18443#0
05-27 19:12:27.463   800   800 I MiniDump: 0x7982376000 |     DEVICE |          0 | 0.303 |  301  760  419  878 |   0.0   0.0 126.0 126.0 | com.oringnet.wm/com.oring.ble.BLECreateActivity@18443#1
05-27 19:12:27.463   800   800 I MiniDump: 0x7982370000 |     DEVICE |          0 | 1.000 |  274 1460  445 1530 |   0.0   0.0 171.0  70.0 | Toast@18443#0
05-27 19:12:27.464   800   800 I MiniDump: 0x797e410000 |     DEVICE |          0 | 1.000 |    0   67  720 1600 |   0.0   0.0 720.0 1533.0 | com.oringnet.wm/com.oring.ble.BLECreateActivity@18443#0
05-27 19:12:27.464   800   800 I MiniDump: 0x7982376000 |     DEVICE |          0 | 0.303 |  301  760  419  878 |   0.0   0.0 126.0 126.0 | com.oringnet.wm/com.oring.ble.BLECreateActivity@18443#1
05-27 19:12:27.464   800   800 I MiniDump: 0x7982370000 |     DEVICE |          0 | 1.000 |  274 1460  445 1530 |   0.0   0.0 171.0  70.0 | Toast@18443#0
05-27 19:12:27.544 18443 18443 I CreateTest 8響應: 011003ec0004007b
05-27 19:12:27.545 18443 18443 I CreateTest 8請求: 011003EC00040800000000000000002157
05-27 19:12:27.547 18443 18464 D Surface : Surface::disconnect(this=0x7714842000,api=1)
05-27 19:12:27.547   800  4119 I BufferQueueProducer: [Toast@18443#0](this:0x79820bd000,id:4477,api:1,p:18443,c:800) disconnect(P): api 1
05-27 19:12:27.552   800   800 I SurfaceFlinger: screenshot (com.oringnet.wm/com.oring.ble.BLECreateActivity@18443#0)
05-27 19:12:27.642 18443 18443 I CreateTest 8響應: 011003f00004c1bd
05-27 19:12:27.643 18443 18443 I CreateTest 8請求: 011003F00004080000000000000000f0b8
05-27 19:12:27.653   800   800 I SurfaceFlinger: screenshot (com.oringnet.wm/com.oring.ble.BLECreateActivity@18443#0)
05-27 19:12:27.736 18443 18464 D Surface : Surface::disconnect(this=0x7714605000,api=1)
05-27 19:12:27.737   800  4119 I BufferQueueProducer: [com.oringnet.wm/com.oring.ble.BLECreateActivity@18443#1](this:0x798222f000,id:4478,api:1,p:18443,c:800) disconnect(P): api 1
05-27 19:12:27.754   800   800 I SurfaceFlinger: screenshot (com.oringnet.wm/com.oring.ble.BLECreateActivity@18443#0)
05-27 19:12:27.756 18443 18443 I CreateTest 8響應: 011003f40004807c
05-27 19:12:27.756 18443 18443 I CreateTest 8請求: 011003F400040800000000000000000177
05-27 19:12:27.769   800   851 I BufferQueueProducer: [com.oringnet.wm/com.oring.ble.BLECreateActivity@18443#0](this:0x798eb54800,id:4475,api:1,p:18443,c:800) queueBuffer: fps=1.59 dur=1253.93 max=1222.15 min=31.78
05-27 19:12:27.870   800   800 I SurfaceFlinger: screenshot (com.oringnet.wm/com.oring.ble.BLECreateActivity@18443#0)
05-27 19:12:27.930   800   800 I MiniDump: 0x797e410000 |     DEVICE |          0 | 1.000 |    0   67  720 1600 |   0.0   0.0 720.0 1533.0 | com.oringnet.wm/com.oring.ble.BLECreateActivity@18443#0
05-27 19:12:27.930   800   800 I MiniDump: 0x7982370000 |     DEVICE |          0 | 0.510 |  274 1460  445 1530 |   0.0   0.0 171.0  70.0 | Toast@18443#0
05-27 19:12:27.930   800   800 I MiniDump: 0x797e410000 |     DEVICE |          0 | 1.000 |    0   67  720 1600 |   0.0   0.0 720.0 1533.0 | com.oringnet.wm/com.oring.ble.BLECreateActivity@18443#0
05-27 19:12:27.930   800   800 I MiniDump: 0x7982370000 |     DEVICE |          0 | 0.510 |  274 1460  445 1530 |   0.0   0.0 171.0  70.0 | Toast@18443#0
05-27 19:12:27.986   800   800 I SurfaceFlinger: screenshot (com.oringnet.wm/com.oring.ble.BLECreateActivity@18443#0)
05-27 19:12:28.008   800   800 I SurfaceFlinger: Remove BufferLayer(0x7982376000) com.oringnet.wm/com.oring.ble.BLECreateActivity@18443#1 (-1 x -1)
05-27 19:12:28.009   800   800 I BufferQueue: [com.oringnet.wm/com.oring.ble.BLECreateActivity@18443#1](this:0x798222f000,id:4478,api:1,p:-1,c:-1) ~BufferQueueCore
05-27 19:12:28.014   800   800 I MiniDump: 0x797e410000 |     DEVICE |          0 | 1.000 |    0   67  720 1600 |   0.0   0.0 720.0 1533.0 | com.oringnet.wm/com.oring.ble.BLECreateActivity@18443#0
05-27 19:12:28.014   800   800 I MiniDump: 0x7982370000 |     DEVICE |          0 | 0.250 |  274 1460  445 1530 |   0.0   0.0 171.0  70.0 | Toast@18443#0
05-27 19:12:28.014   800   800 I MiniDump: 0x797e410000 |     DEVICE |          0 | 1.000 |    0   67  720 1600 |   0.0   0.0 720.0 1533.0 | com.oringnet.wm/com.oring.ble.BLECreateActivity@18443#0
05-27 19:12:28.014   800   800 I MiniDump: 0x7982370000 |     DEVICE |          0 | 0.250 |  274 1460  445 1530 |   0.0   0.0 171.0  70.0 | Toast@18443#0
05-27 19:12:28.080   800   800 I MiniDump: 0x797e410000 |     DEVICE |          0 | 1.000 |    0   67  720 1600 |   0.0   0.0 720.0 1533.0 | com.oringnet.wm/com.oring.ble.BLECreateActivity@18443#0
05-27 19:12:28.080   800   800 I MiniDump: 0x797e410000 |     DEVICE |          0 | 1.000 |    0   67  720 1600 |   0.0   0.0 720.0 1533.0 | com.oringnet.wm/com.oring.ble.BLECreateActivity@18443#0
05-27 19:12:28.087   800   800 I SurfaceFlinger: screenshot (com.oringnet.wm/com.oring.ble.BLECreateActivity@18443#0)
05-27 19:12:28.091   800   800 I SurfaceFlinger: Remove BufferLayer(0x7982370000) Toast@18443#0 (-1 x -1)
05-27 19:12:28.091   800   800 I BufferQueue: [Toast@18443#0](this:0x79820bd000,id:4477,api:1,p:-1,c:-1) ~BufferQueueCore
05-27 19:12:28.677   800   800 I SurfaceFlinger: screenshot (com.oringnet.wm/com.oring.ble.BLECreateActivity@18443#0)
05-27 19:12:29.034   800   851 I BufferQueueProducer: [com.oringnet.wm/com.oring.ble.BLECreateActivity@18443#0](this:0x798eb54800,id:4475,api:1,p:18443,c:800) queueBuffer: fps=0.79 dur=1265.46 max=1265.46 min=1265.46
05-27 19:12:29.054   800   800 I SurfaceFlinger: screenshot (com.oringnet.wm/com.oring.ble.BLECreateActivity@18443#0)
05-27 19:12:29.586   800   800 I SurfaceFlinger: screenshot (com.oringnet.wm/com.oring.ble.BLECreateActivity@18443#0)
05-27 19:12:29.868   800   800 I SurfaceFlinger: screenshot (com.oringnet.wm/com.oring.ble.BLECreateActivity@18443#0)
05-27 19:12:30.314   800   851 I BufferQueueProducer: [com.oringnet.wm/com.oring.ble.BLECreateActivity@18443#0](this:0x798eb54800,id:4475,api:1,p:18443,c:800) queueBuffer: fps=1.56 dur=1280.06 max=747.50 min=532.56
05-27 19:12:30.337   800   800 I SurfaceFlinger: screenshot (com.oringnet.wm/com.oring.ble.BLECreateActivity@18443#0)
05-27 19:12:30.869   800   800 I SurfaceFlinger: screenshot (com.oringnet.wm/com.oring.ble.BLECreateActivity@18443#0)
05-27 19:12:31.256   800   800 I SurfaceFlinger: screenshot (com.oringnet.wm/com.oring.ble.BLECreateActivity@18443#0)
05-27 19:12:31.750   800   800 I SurfaceFlinger: screenshot (com.oringnet.wm/com.oring.ble.BLECreateActivity@18443#0)
05-27 19:12:32.146 18443 18443 I ViewRootImpl: ViewRoot's Touch Event : ACTION_DOWN
05-27 19:12:32.155   800   800 I SurfaceFlinger: screenshot (com.oringnet.wm/com.oring.ble.BLECreateActivity@18443#0)
05-27 19:12:32.156 18443 18443 I ViewRootImpl: ViewRoot's Touch Event : ACTION_UP
05-27 19:12:32.157 18443 18443 I CheckPW:: 123456
05-27 19:12:32.157 18443 18443 I blePassword:: 123456
05-27 19:12:32.199  1412  3159 I ActivityTaskManager: The Process com.oringnet.wm Already Exists in BG. So sending its PID: 18443
05-27 19:12:32.211 18443 18443 W ActivityThread: handleWindowVisibility: no activity for token android.os.BinderProxy@e437a3c
05-27 19:12:32.240 18443 18443 D PhoneWindow: windowLightStatusBar : false, disable View.SYSTEM_UI_FLAG_LIGHT_STATUS_BAR
05-27 19:12:32.359 18443 18443 I YYTT    : 4
05-27 19:12:32.440 18443 18443 I EEWW:   : 
05-27 19:12:32.450 18443 18443 D BluetoothGatt: setCharacteristicNotification() - uuid: 6e400003-b5a3-f393-e0a9-e50e24dcca9e enable: true
05-27 19:12:32.461 18443 18443 I TouchFilterInputStageHelper: [needTouchEventFilter] Displayid : 0
05-27 19:12:32.464 18443 18443 D BezellessGripSuppressionFilter: getdisplaysize, x : 720 y : 1600
05-27 19:12:32.467   800   800 I SurfaceFlinger: screenshot (com.oringnet.wm/com.oring.ble.BLECreateActivity@18443#0)
05-27 19:12:32.504   800   851 I BufferQueueConsumer: [com.oringnet.wm/com.oring.SlideActivity@18443#0](this:0x798ebef800,id:4479,api:0,p:-1,c:800) setConsumerName: com.oringnet.wm/com.oring.SlideActivity@18443#0
05-27 19:12:32.504   800   851 I BufferQueueConsumer: [com.oringnet.wm/com.oring.SlideActivity@18443#0](this:0x798ebef800,id:4479,api:0,p:-1,c:800) setDefaultBufferSize: width=720 height=1600
05-27 19:12:32.504   800   851 I SurfaceFlinger: Create BufferLayer(0x797e3fe000) com.oringnet.wm/com.oring.SlideActivity@18443#0 (720 x 1600)
05-27 19:12:32.508 18443 18464 D Surface : Surface::connect(this=0x770d271000,api=1)
05-27 19:12:32.509   800  2411 I BufferQueueProducer: [com.oringnet.wm/com.oring.SlideActivity@18443#0](this:0x798ebef800,id:4479,api:1,p:18443,c:800) connect(P): api=1 producer=(18443:com.oringnet.wm) producerControlledByApp=false
05-27 19:12:32.510 18443 18464 D Surface : Surface::setBufferCount(this=0x770d271000,bufferCount=3)
05-27 19:12:32.510 18443 18464 D Surface : Surface::allocateBuffers(this=0x770d271000)
05-27 19:12:32.684   800   800 I SurfaceFlinger: screenshot (com.oringnet.wm/com.oring.ble.BLECreateActivity@18443#0)
05-27 19:12:32.731   800   800 I MiniDump: 0x797e410000 |     DEVICE |          0 | 0.974 |    0   66  720 1599 |   0.0   0.0 720.0 1533.0 | com.oringnet.wm/com.oring.ble.BLECreateActivity@18443#0
05-27 19:12:32.731   800   800 I MiniDump: 0x797e3fe000 |     DEVICE |          0 | 0.741 |    0  306  720 1600 |   0.0   0.0 720.0 1294.0 | com.oringnet.wm/com.oring.SlideActivity@18443#0
05-27 19:12:32.731   800   800 I MiniDump: 0x797e410000 |     DEVICE |          0 | 0.974 |    0   66  720 1599 |   0.0   0.0 720.0 1533.0 | com.oringnet.wm/com.oring.ble.BLECreateActivity@18443#0
05-27 19:12:32.731   800   800 I MiniDump: 0x797e3fe000 |     DEVICE |          0 | 0.741 |    0  306  720 1600 |   0.0   0.0 720.0 1294.0 | com.oringnet.wm/com.oring.SlideActivity@18443#0
05-27 19:12:32.750 18443 18443 I Timeline: Timeline: Activity_idle id: android.os.BinderProxy@e437a3c time:608510780
05-27 19:12:32.785   800   800 I SurfaceFlinger: screenshot (com.oringnet.wm/com.oring.ble.BLECreateActivity@18443#0)
05-27 19:12:32.785   800   800 I SurfaceFlinger: screenshot (com.oringnet.wm/com.oring.SlideActivity@18443#0)
05-27 19:12:32.803 18443 18443 I Dashboard: [Rsp]<Read DI Status> 01020100a188
05-27 19:12:32.808 18443 18443 W UiThreadStatement: Already on the UI thread, this method should not be called from the main application thread
05-27 19:12:32.808 18443 18443 I Dashboard: [Req]<Read DO Status> 01020000000479c9
