05-28 14:54:56.060   800   800 I MiniDump: 0x798eb8d000 |     DEVICE |          0 | 1.000 |    0  282  720 1600 |   0.0   0.0 720.0 1318.0 | com.oringnet.wm/com.oring.SlideActivity@12672#0
05-28 14:54:56.089 12672 12672 W UiThreadStatement: Already on the UI thread, this method should not be called from the main application thread
05-28 14:54:56.089 12672 12672 I Dashboard: [Req]<Read DI Status> 01020000000479c9
05-28 14:54:56.089 12672 12672 I Dashboard: [Rsp]<Read DI Status> 01020100a188
05-28 14:54:56.100   800   800 I SurfaceFlinger: screenshot (com.oringnet.wm/com.oring.ble.BLECreateActivity@12672#0)
05-28 14:54:56.101   800   800 I SurfaceFlinger: screenshot (com.oringnet.wm/com.oring.SlideActivity@12672#0)
05-28 14:54:56.120 12672 12672 I Timeline: Timeline: Activity_idle id: android.os.BinderProxy@86183c5 time:679454150
05-28 14:54:56.165 12672 12672 W UiThreadStatement: Already on the UI thread, this method should not be called from the main application thread
05-28 14:54:56.166 12672 12672 I Dashboard: [Req]<Read DO Status> 0101000000043dc9
05-28 14:54:56.166 12672 12672 I Dashboard: [Rsp]<Read DO Status> 010101005188
05-28 14:54:56.177   800   800 I MiniDump: 0x798eb8d000 |     DEVICE |          0 | 1.000 |    0   34  720 1600 |   0.0   0.0 720.0 1566.0 | com.oringnet.wm/com.oring.SlideActivity@12672#0
05-28 14:54:56.177   800   800 I MiniDump: 0x798eb8d000 |     DEVICE |          0 | 1.000 |    0   34  720 1600 |   0.0   0.0 720.0 1566.0 | com.oringnet.wm/com.oring.SlideActivity@12672#0
05-28 14:54:56.215   800   800 I SurfaceFlinger: screenshot (com.oringnet.wm/com.oring.SlideActivity@12672#0)
05-28 14:54:56.273 12672 12694 D Surface : Surface::disconnect(this=0x770c349000,api=1)
05-28 14:54:56.274   800  4119 I BufferQueueProducer: [com.oringnet.wm/com.oring.ble.BLECreateActivity@12672#0](this:0x798eba0800,id:4954,api:1,p:12672,c:800) disconnect(P): api 1
05-28 14:54:56.277   800   800 I MiniDump: 0x798eb8d000 |     DEVICE |          0 | 1.000 |    0    0  720 1600 |   0.0   0.0 720.0 1600.0 | com.oringnet.wm/com.oring.SlideActivity@12672#0
05-28 14:54:56.277   800   800 I MiniDump: 0x798eb8d000 |     DEVICE |          0 | 1.000 |    0    0  720 1600 |   0.0   0.0 720.0 1600.0 | com.oringnet.wm/com.oring.SlideActivity@12672#0
05-28 14:54:56.289 12672 12672 W UiThreadStatement: Already on the UI thread, this method should not be called from the main application thread
05-28 14:54:56.289 12672 12672 I Dashboard: [Req]<Read RELAY Status> 010100040002fc0a
05-28 14:54:56.289 12672 12672 I Dashboard: [Rsp]<Read RELAY Status> 010101005188
05-28 14:54:56.322   800   800 I SurfaceFlinger: Remove BufferLayer(0x797e422000) com.oringnet.wm/com.oring.ble.BLECreateActivity@12672#0 (-1 x -1)
05-28 14:54:56.322   800   800 I BufferQueue: [com.oringnet.wm/com.oring.ble.BLECreateActivity@12672#0](this:0x798eba0800,id:4954,api:1,p:-1,c:-1) ~BufferQueueCore
05-28 14:54:56.334   800   800 I SurfaceFlinger: screenshot (com.oringnet.wm/com.oring.SlideActivity@12672#0)
05-28 14:54:56.360 12672 12672 W UiThreadStatement: Already on the UI thread, this method should not be called from the main application thread
05-28 14:54:56.360 12672 12672 I Dashboard: [Req]<Read DI COUNTER> 010404310004a136
05-28 14:54:56.361 12672 12672 I Dashboard: [Rsp]<Read DI COUNTER> 0104080000000000000000240d
05-28 14:54:56.458 12672 12672 W UiThreadStatement: Already on the UI thread, this method should not be called from the main application thread
05-28 14:54:56.458 12672 12672 I Dashboard: [Req]<Read AI 0 Status> 01040000000271cb
05-28 14:54:56.458 12672 12672 I Dashboard: [Rsp]<Read AI 0 Status> 010404b964cee90ae9
05-28 14:54:56.478 12672 12672 I AI_value:: 0.0
05-28 14:54:56.478 12672 12672 I AI_raw: : b964cee9
05-28 14:54:56.556 12672 12672 W UiThreadStatement: Already on the UI thread, this method should not be called from the main application thread
05-28 14:54:56.556 12672 12672 I Dashboard: [Req]<Read AI 1 Status> 010400020002d00b
05-28 14:54:56.556 12672 12672 I Dashboard: [Rsp]<Read AI 1 Status> 01040400000000fb84
05-28 14:54:56.564   800   800 I SurfaceFlinger: screenshot (com.oringnet.wm/com.oring.SlideActivity@12672#0)
05-28 14:54:56.574 12672 12672 I AI_value:: 0.0
05-28 14:54:56.574 12672 12672 I AI_raw: : 00000000
05-28 14:54:56.652 12672 12672 W UiThreadStatement: Already on the UI thread, this method should not be called from the main application thread
05-28 14:54:56.652 12672 12672 I Dashboard: [Req]<Read AI 2 Status> 010400040002300a
05-28 14:54:56.652 12672 12672 I Dashboard: [Rsp]<Read AI 2 Status> 0104044412f99a8d4a
05-28 14:54:56.702 12672 12672 I AI_value:: 587.9
05-28 14:54:56.702 12672 12672 I AI_raw: : 4412f99a
05-28 14:54:56.799 12672 12672 W UiThreadStatement: Already on the UI thread, this method should not be called from the main application thread
05-28 14:54:56.799 12672 12672 I Dashboard: [Req]<Read AI 3 Status> 01040006000291ca
05-28 14:54:56.800 12672 12672 I Dashboard: [Rsp]<Read AI 3 Status> 01040400000000fb84
05-28 14:54:56.828   800   800 I SurfaceFlinger: screenshot (com.oringnet.wm/com.oring.SlideActivity@12672#0)
05-28 14:54:56.839 12672 12672 I AI_value:: 0.0
05-28 14:54:56.839 12672 12672 I AI_raw: : 00000000
05-28 14:54:56.945 12672 12672 I Dashboard: [Rsp]<Read AI 4 Status> 0104044412f99a8d4a
05-28 14:54:56.983 12672 12672 I AI_value:: 587.9
05-28 14:54:56.983 12672 12672 I AI_raw: : 4412f99a
05-28 14:54:56.990 12672 12672 W UiThreadStatement: Already on the UI thread, this method should not be called from the main application thread
05-28 14:54:56.990 12672 12672 I Dashboard: [Req]<Read AI 5 Status> 010400080002f009
05-28 14:54:57.008   800  4119 I BufferQueueProducer: [com.oringnet.wm/com.oring.SlideActivity@12672#0](this:0x798ea0a000,id:4958,api:1,p:12672,c:800) queueBuffer: fps=11.60 dur=1034.08 max=141.87 min=28.90
05-28 14:54:57.092 12672 12672 W UiThreadStatement: Already on the UI thread, this method should not be called from the main application thread
05-28 14:54:57.092 12672 12672 I Dashboard: [Req]<Read AI 5 Status> 0104000A000251c9
05-28 14:54:57.092 12672 12672 I Dashboard: [Rsp]<Read AI 5 Status> 01040400000000fb84
05-28 14:54:57.096   800   800 I SurfaceFlinger: screenshot (com.oringnet.wm/com.oring.SlideActivity@12672#0)
05-28 14:54:57.127 12672 12672 I AI_value:: 0.0
05-28 14:54:57.127 12672 12672 I AI_raw: : 00000000
05-28 14:54:57.242 12672 12672 W UiThreadStatement: Already on the UI thread, this method should not be called from the main application thread
05-28 14:54:57.242 12672 12672 I Dashboard: [Req]<Read AI Type> 010304000006c4f8
05-28 14:54:57.242 12672 12672 I Dashboard: [Rsp]<Read AI Type> 01030c000501020215031302150313dbb0
05-28 14:54:57.248   800   800 I SurfaceFlinger: screenshot (com.oringnet.wm/com.oring.SlideActivity@12672#0)
05-28 14:54:57.343 12672 12672 W UiThreadStatement: Already on the UI thread, this method should not be called from the main application thread
05-28 14:54:57.344 12672 12672 I Dashboard: [Req]<Read RTD 2 mode> 010303050004544c
05-28 14:54:57.344 12672 12672 I Dashboard: [Rsp]<Read RTD 2 mode> 0103080003000200000000df17
05-28 14:54:57.344 12672 12672 I RTD_mode:: 0003000200000000
05-28 14:54:57.344 12672 12672 I finish  : @@!!
05-28 14:54:57.512   800   800 I SurfaceFlinger: screenshot (com.oringnet.wm/com.oring.SlideActivity@12672#0)
05-28 14:54:57.762   800   800 I SurfaceFlinger: screenshot (com.oringnet.wm/com.oring.SlideActivity@12672#0)
05-28 14:54:58.523 12672 12672 I ViewRootImpl: ViewRoot's Touch Event : ACTION_DOWN
05-28 14:54:58.529 12672 12672 I ViewRootImpl: ViewRoot's Touch Event : ACTION_UP
05-28 14:54:58.547   800   851 I BufferQueueProducer: [com.oringnet.wm/com.oring.SlideActivity@12672#0](this:0x798ea0a000,id:4958,api:1,p:12672,c:800) queueBuffer: fps=12.35 dur=1538.19 max=1064.70 min=7.43
05-28 14:54:58.712   800   800 I SurfaceFlinger: screenshot (com.oringnet.wm/com.oring.SlideActivity@12672#0)
05-28 14:54:58.979   800   800 I SurfaceFlinger: screenshot (com.oringnet.wm/com.oring.SlideActivity@12672#0)
05-28 14:55:00.131   800   800 I SurfaceFlinger: screenshot (com.oringnet.wm/com.oring.SlideActivity@12672#0)
05-28 14:55:00.180   800   851 I BufferQueueProducer: [com.oringnet.wm/com.oring.SlideActivity@12672#0](this:0x798ea0a000,id:4958,api:1,p:12672,c:800) queueBuffer: fps=16.53 dur=1633.24 max=1179.66 min=8.99
05-28 14:55:00.329   800   800 I SurfaceFlinger: screenshot (com.oringnet.wm/com.oring.SlideActivity@12672#0)
05-28 14:55:01.574 12672 12672 I ViewRootImpl: ViewRoot's Touch Event : ACTION_DOWN
05-28 14:55:01.581 12672 12672 I ViewRootImpl: ViewRoot's Touch Event : ACTION_UP
05-28 14:55:01.595   800   851 I BufferQueueProducer: [com.oringnet.wm/com.oring.SlideActivity@12672#0](this:0x798ea0a000,id:4958,api:1,p:12672,c:800) queueBuffer: fps=12.01 dur=1414.91 max=1149.23 min=11.62
05-28 14:55:01.666 12672 12672 I YYTT    : 4
05-28 14:55:01.696   800   800 I SurfaceFlinger: screenshot (com.oringnet.wm/com.oring.SlideActivity@12672#0)
05-28 14:55:01.790 12672 12672 I EEWW:   : 
05-28 14:55:01.815 12672 12672 D BluetoothGatt: setCharacteristicNotification() - uuid: 6e400003-b5a3-f393-e0a9-e50e24dcca9e enable: true
05-28 14:55:02.126 12672 12672 I Dashboard: [Rsp]<Read DI Status> 01020100a188
05-28 14:55:02.136 12672 12672 W UiThreadStatement: Already on the UI thread, this method should not be called from the main application thread
05-28 14:55:02.136 12672 12672 I Dashboard: [Req]<Read DO Status> 01020000000479c9
05-28 14:55:02.147   800   800 I SurfaceFlinger: screenshot (com.oringnet.wm/com.oring.SlideActivity@12672#0)
05-28 14:55:02.227 12672 12672 W UiThreadStatement: Already on the UI thread, this method should not be called from the main application thread
05-28 14:55:02.227 12672 12672 I Dashboard: [Req]<Read DO Status> 0101000000043dc9
05-28 14:55:02.227 12672 12672 I Dashboard: [Rsp]<Read DO Status> 010101005188
05-28 14:55:02.307 12672 12672 W UiThreadStatement: Already on the UI thread, this method should not be called from the main application thread
05-28 14:55:02.307 12672 12672 I Dashboard: [Req]<Read RELAY Status> 010100040002fc0a
05-28 14:55:02.308 12672 12672 I Dashboard: [Rsp]<Read RELAY Status> 010101005188
05-28 14:55:02.405 12672 12672 W UiThreadStatement: Already on the UI thread, this method should not be called from the main application thread
05-28 14:55:02.405 12672 12672 I Dashboard: [Req]<Read DI COUNTER> 010404310004a136
05-28 14:55:02.405 12672 12672 I Dashboard: [Rsp]<Read DI COUNTER> 0104080000000000000000240d
05-28 14:55:02.503 12672 12672 I Dashboard: [Rsp]<Read AI 0 Status> 01040438080c53321b
05-28 14:55:02.515 12672 12672 I AI_value:: 0.0
05-28 14:55:02.515 12672 12672 I AI_raw: : 38080c53
05-28 14:55:02.522 12672 12672 W UiThreadStatement: Already on the UI thread, this method should not be called from the main application thread
05-28 14:55:02.522 12672 12672 I Dashboard: [Req]<Read AI 1 Status> 01040000000271cb
05-28 14:55:02.597   800   800 I SurfaceFlinger: screenshot (com.oringnet.wm/com.oring.SlideActivity@12672#0)
05-28 14:55:02.600 12672 12672 I Dashboard: [Rsp]<Read AI 1 Status> 01040400000000fb84
05-28 14:55:02.613 12672 12672 I AI_value:: 0.0
05-28 14:55:02.613 12672 12672 I AI_raw: : 00000000
05-28 14:55:02.618 12672 12672 W UiThreadStatement: Already on the UI thread, this method should not be called from the main application thread
05-28 14:55:02.618 12672 12672 I Dashboard: [Req]<Read AI 2 Status> 010400020002d00b
05-28 14:55:02.637   800  2411 I BufferQueueProducer: [com.oringnet.wm/com.oring.SlideActivity@12672#0](this:0x798ea0a000,id:4958,api:1,p:12672,c:800) queueBuffer: fps=31.66 dur=1042.33 max=181.13 min=6.62
05-28 14:55:02.697 12672 12672 W UiThreadStatement: Already on the UI thread, this method should not be called from the main application thread
05-28 14:55:02.697 12672 12672 I Dashboard: [Req]<Read AI 2 Status> 010400040002300a
05-28 14:55:02.698 12672 12672 I Dashboard: [Rsp]<Read AI 2 Status> 0104044412f99a8d4a
05-28 14:55:02.725 12672 12672 I AI_value:: 587.9
05-28 14:55:02.725 12672 12672 I AI_raw: : 4412f99a
05-28 14:55:02.843 12672 12672 W UiThreadStatement: Already on the UI thread, this method should not be called from the main application thread
05-28 14:55:02.843 12672 12672 I Dashboard: [Req]<Read AI 3 Status> 01040006000291ca
05-28 14:55:02.844 12672 12672 I Dashboard: [Rsp]<Read AI 3 Status> 01040400000000fb84
05-28 14:55:02.872 12672 12672 I AI_value:: 0.0
05-28 14:55:02.872 12672 12672 I AI_raw: : 00000000
05-28 14:55:02.941 12672 12672 W UiThreadStatement: Already on the UI thread, this method should not be called from the main application thread
05-28 14:55:02.941 12672 12672 I Dashboard: [Req]<Read AI 4 Status> 010400080002f009
05-28 14:55:02.941 12672 12672 I Dashboard: [Rsp]<Read AI 4 Status> 0104044412f99a8d4a
05-28 14:55:02.973 12672 12672 I AI_value:: 587.9
05-28 14:55:02.973 12672 12672 I AI_raw: : 4412f99a
05-28 14:55:03.014   800   800 I SurfaceFlinger: screenshot (com.oringnet.wm/com.oring.SlideActivity@12672#0)
05-28 14:55:03.039 12672 12672 W UiThreadStatement: Already on the UI thread, this method should not be called from the main application thread
05-28 14:55:03.039 12672 12672 I Dashboard: [Req]<Read AI 5 Status> 0104000A000251c9
05-28 14:55:03.039 12672 12672 I Dashboard: [Rsp]<Read AI 5 Status> 01040400000000fb84
05-28 14:55:03.068 12672 12672 I AI_value:: 0.0
05-28 14:55:03.068 12672 12672 I AI_raw: : 00000000
05-28 14:55:03.136 12672 12672 W UiThreadStatement: Already on the UI thread, this method should not be called from the main application thread
05-28 14:55:03.136 12672 12672 I Dashboard: [Req]<Read AI Type> 010304000006c4f8
05-28 14:55:03.136 12672 12672 I Dashboard: [Rsp]<Read AI Type> 01030c000501020215031302150313dbb0
05-28 14:55:03.233 12672 12672 W UiThreadStatement: Already on the UI thread, this method should not be called from the main application thread
05-28 14:55:03.233 12672 12672 I Dashboard: [Req]<Read RTD 2 mode> 010303050004544c
05-28 14:55:03.233 12672 12672 I Dashboard: [Rsp]<Read RTD 2 mode> 0103080003000200000000df17
05-28 14:55:03.233 12672 12672 I RTD_mode:: 0003000200000000
05-28 14:55:03.233 12672 12672 I finish  : @@!!
05-28 14:55:03.433   800   800 I SurfaceFlinger: screenshot (com.oringnet.wm/com.oring.SlideActivity@12672#0)
05-28 14:55:03.533   800   800 I SurfaceFlinger: screenshot (com.oringnet.wm/com.oring.SlideActivity@12672#0)
05-28 14:55:03.647   800   851 I BufferQueueProducer: [com.oringnet.wm/com.oring.SlideActivity@12672#0](this:0x798ea0a000,id:4958,api:1,p:12672,c:800) queueBuffer: fps=19.81 dur=1009.46 max=258.28 min=13.23
05-28 14:55:05.575 12672 12672 I ViewRootImpl: ViewRoot's Touch Event : ACTION_DOWN
05-28 14:55:05.583   800   800 I SurfaceFlinger: screenshot (com.oringnet.wm/com.oring.SlideActivity@12672#0)
05-28 14:55:05.613   800   851 I BufferQueueProducer: [com.oringnet.wm/com.oring.SlideActivity@12672#0](this:0x798ea0a000,id:4958,api:1,p:12672,c:800) queueBuffer: fps=1.53 dur=1966.81 max=1934.96 min=15.91
05-28 14:55:05.847   800   800 I SurfaceFlinger: screenshot (com.oringnet.wm/com.oring.SlideActivity@12672#0)
05-28 14:55:06.097   800   800 I SurfaceFlinger: screenshot (com.oringnet.wm/com.oring.SlideActivity@12672#0)
05-28 14:55:06.364   800   800 I SurfaceFlinger: screenshot (com.oringnet.wm/com.oring.SlideActivity@12672#0)
05-28 14:55:06.483 12672 12672 I ViewRootImpl: ViewRoot's Touch Event : ACTION_UP
05-28 14:55:06.484 12672 12672 I TouchFlickNoti: CHANGE UP TO DOWN vectorVelocity:1055
05-28 14:55:06.629   800   851 I BufferQueueProducer: [com.oringnet.wm/com.oring.SlideActivity@12672#0](this:0x798ea0a000,id:4958,api:1,p:12672,c:800) queueBuffer: fps=60.07 dur=1015.50 max=19.89 min=13.11
05-28 14:55:06.630   800   800 I SurfaceFlinger: screenshot (com.oringnet.wm/com.oring.SlideActivity@12672#0)
05-28 14:55:06.761 12672 12672 I ViewRootImpl: ViewRoot's Touch Event : ACTION_DOWN
05-28 14:55:06.880   800   800 I SurfaceFlinger: screenshot (com.oringnet.wm/com.oring.SlideActivity@12672#0)
05-28 14:55:07.148   800   800 I SurfaceFlinger: screenshot (com.oringnet.wm/com.oring.SlideActivity@12672#0)
05-28 14:55:07.414   800   800 I SurfaceFlinger: screenshot (com.oringnet.wm/com.oring.SlideActivity@12672#0)
05-28 14:55:07.630   800  4119 I BufferQueueProducer: [com.oringnet.wm/com.oring.SlideActivity@12672#0](this:0x798ea0a000,id:4958,api:1,p:12672,c:800) queueBuffer: fps=59.91 dur=1001.44 max=21.55 min=13.13
05-28 14:55:07.667 12672 12672 I ViewRootImpl: ViewRoot's Touch Event : ACTION_UP
05-28 14:55:07.668 12672 12672 I TouchFlickNoti: CHANGE DOWN TO UP vectorVelocity:-1112
05-28 14:55:07.682   800   800 I SurfaceFlinger: screenshot (com.oringnet.wm/com.oring.SlideActivity@12672#0)
05-28 14:55:07.949   800   800 I SurfaceFlinger: screenshot (com.oringnet.wm/com.oring.SlideActivity@12672#0)
05-28 14:55:08.215   800   800 I SurfaceFlinger: screenshot (com.oringnet.wm/com.oring.SlideActivity@12672#0)
05-28 14:55:08.481   800   800 I SurfaceFlinger: screenshot (com.oringnet.wm/com.oring.SlideActivity@12672#0)
05-28 14:55:08.631   800  2411 I BufferQueueProducer: [com.oringnet.wm/com.oring.SlideActivity@12672#0](this:0x798ea0a000,id:4958,api:1,p:12672,c:800) queueBuffer: fps=59.94 dur=1001.07 max=19.77 min=13.88
05-28 14:55:08.748   800   800 I SurfaceFlinger: screenshot (com.oringnet.wm/com.oring.SlideActivity@12672#0)
05-28 14:55:09.014   800   800 I SurfaceFlinger: screenshot (com.oringnet.wm/com.oring.SlideActivity@12672#0)
05-28 14:55:09.281   800   800 I SurfaceFlinger: screenshot (com.oringnet.wm/com.oring.SlideActivity@12672#0)
05-28 14:55:09.547   800   800 I SurfaceFlinger: screenshot (com.oringnet.wm/com.oring.SlideActivity@12672#0)
05-28 14:55:09.647   800   851 I BufferQueueProducer: [com.oringnet.wm/com.oring.SlideActivity@12672#0](this:0x798ea0a000,id:4958,api:1,p:12672,c:800) queueBuffer: fps=60.09 dur=1015.21 max=19.79 min=13.89
05-28 14:55:09.799   800   800 I SurfaceFlinger: screenshot (com.oringnet.wm/com.oring.SlideActivity@12672#0)
05-28 14:55:10.355   800   800 I SurfaceFlinger: screenshot (com.oringnet.wm/com.oring.SlideActivity@12672#0)
05-28 14:55:10.616   800   800 I SurfaceFlinger: screenshot (com.oringnet.wm/com.oring.SlideActivity@12672#0)
05-28 14:55:10.854   800   800 I SurfaceFlinger: screenshot (com.oringnet.wm/com.oring.SlideActivity@12672#0)
05-28 14:55:12.628 12672 12672 I ViewRootImpl: ViewRoot's Touch Event : ACTION_DOWN
05-28 14:55:12.634   800   800 I SurfaceFlinger: screenshot (com.oringnet.wm/com.oring.SlideActivity@12672#0)
05-28 14:55:12.664   800  4119 I BufferQueueProducer: [com.oringnet.wm/com.oring.SlideActivity@12672#0](this:0x798ea0a000,id:4958,api:1,p:12672,c:800) queueBuffer: fps=11.60 dur=3017.79 max=2067.33 min=8.16
05-28 14:55:12.899   800   800 I SurfaceFlinger: screenshot (com.oringnet.wm/com.oring.SlideActivity@12672#0)
05-28 14:55:13.149   800   800 I SurfaceFlinger: screenshot (com.oringnet.wm/com.oring.SlideActivity@12672#0)
05-28 14:55:13.399   800   800 I SurfaceFlinger: screenshot (com.oringnet.wm/com.oring.SlideActivity@12672#0)
05-28 14:55:13.535 12672 12672 I ViewRootImpl: ViewRoot's Touch Event : ACTION_UP
05-28 14:55:13.536 12672 12672 I TouchFlickNoti: CHANGE UP TO DOWN vectorVelocity:1132
05-28 14:55:13.665   800  4119 I BufferQueueProducer: [com.oringnet.wm/com.oring.SlideActivity@12672#0](this:0x798ea0a000,id:4958,api:1,p:12672,c:800) queueBuffer: fps=59.99 dur=1000.21 max=19.43 min=13.61
05-28 14:55:13.666   800   800 I SurfaceFlinger: screenshot (com.oringnet.wm/com.oring.SlideActivity@12672#0)
05-28 14:55:13.932   800   800 I SurfaceFlinger: screenshot (com.oringnet.wm/com.oring.SlideActivity@12672#0)
05-28 14:55:14.199   800   800 I SurfaceFlinger: screenshot (com.oringnet.wm/com.oring.SlideActivity@12672#0)
05-28 14:55:14.465   800   800 I SurfaceFlinger: screenshot (com.oringnet.wm/com.oring.SlideActivity@12672#0)
05-28 14:55:14.666   800  4119 I BufferQueueProducer: [com.oringnet.wm/com.oring.SlideActivity@12672#0](this:0x798ea0a000,id:4958,api:1,p:12672,c:800) queueBuffer: fps=59.94 dur=1000.99 max=20.35 min=12.90
05-28 14:55:14.731   800   800 I SurfaceFlinger: screenshot (com.oringnet.wm/com.oring.SlideActivity@12672#0)
05-28 14:55:14.983   800   800 I SurfaceFlinger: screenshot (com.oringnet.wm/com.oring.SlideActivity@12672#0)
05-28 14:55:15.315   800   800 I SurfaceFlinger: screenshot (com.oringnet.wm/com.oring.SlideActivity@12672#0)
05-28 14:55:15.457 12672 12672 I ViewRootImpl: ViewRoot's Touch Event : ACTION_DOWN
05-28 14:55:15.582   800   800 I SurfaceFlinger: screenshot (com.oringnet.wm/com.oring.SlideActivity@12672#0)
05-28 14:55:15.668   800  4119 I BufferQueueProducer: [com.oringnet.wm/com.oring.SlideActivity@12672#0](this:0x798ea0a000,id:4958,api:1,p:12672,c:800) queueBuffer: fps=54.84 dur=1002.94 max=114.08 min=8.71
05-28 14:55:15.833   800   800 I SurfaceFlinger: screenshot (com.oringnet.wm/com.oring.SlideActivity@12672#0)
05-28 14:55:16.083   800   800 I SurfaceFlinger: screenshot (com.oringnet.wm/com.oring.SlideActivity@12672#0)
05-28 14:55:16.333   800   800 I SurfaceFlinger: screenshot (com.oringnet.wm/com.oring.SlideActivity@12672#0)
05-28 14:55:16.372 12672 12672 I ViewRootImpl: ViewRoot's Touch Event : ACTION_UP
05-28 14:55:16.372 12672 12672 I TouchFlickNoti: CHANGE UP TO DOWN vectorVelocity:1266
05-28 14:55:16.583   800   800 I SurfaceFlinger: screenshot (com.oringnet.wm/com.oring.SlideActivity@12672#0)
05-28 14:55:16.686   800  2411 I BufferQueueProducer: [com.oringnet.wm/com.oring.SlideActivity@12672#0](this:0x798ea0a000,id:4958,api:1,p:12672,c:800) queueBuffer: fps=59.95 dur=1017.59 max=18.44 min=14.21
05-28 14:55:16.833   800   800 I SurfaceFlinger: screenshot (com.oringnet.wm/com.oring.SlideActivity@12672#0)
05-28 14:55:17.100   800   800 I SurfaceFlinger: screenshot (com.oringnet.wm/com.oring.SlideActivity@12672#0)
05-28 14:55:17.377 12672 12672 I ViewRootImpl: ViewRoot's Touch Event : ACTION_DOWN
05-28 14:55:17.382 12672 12672 I ViewRootImpl: ViewRoot's Touch Event : ACTION_UP
05-28 14:55:17.550   800   800 I SurfaceFlinger: screenshot (com.oringnet.wm/com.oring.SlideActivity@12672#0)
05-28 14:55:17.704   800  2411 I BufferQueueProducer: [com.oringnet.wm/com.oring.SlideActivity@12672#0](this:0x798ea0a000,id:4958,api:1,p:12672,c:800) queueBuffer: fps=41.26 dur=1017.98 max=332.40 min=13.07
05-28 14:55:17.817   800   800 I SurfaceFlinger: screenshot (com.oringnet.wm/com.oring.SlideActivity@12672#0)
05-28 14:55:18.645 12672 12672 I ViewRootImpl: ViewRoot's Touch Event : ACTION_DOWN
05-28 14:55:18.650 12672 12672 I ViewRootImpl: ViewRoot's Touch Event : ACTION_UP
05-28 14:55:18.718   800   851 I BufferQueueProducer: [com.oringnet.wm/com.oring.SlideActivity@12672#0](this:0x798ea0a000,id:4958,api:1,p:12672,c:800) queueBuffer: fps=11.84 dur=1013.83 max=833.95 min=13.86
05-28 14:55:18.801   800   800 I SurfaceFlinger: screenshot (com.oringnet.wm/com.oring.SlideActivity@12672#0)
05-28 14:55:18.865 12672 12672 I SP_SW : : 初始 將第 0項, 設定成 0
05-28 14:55:18.898 12672 12672 I SP_SW : : 初始 將第 2項, 設定成 0
05-28 14:55:18.934 12672 12672 I EEWW:   : 
05-28 14:55:18.938 12672 12672 I GetID   : b.a.e@c58b61e
05-28 14:55:18.939 12672 12684 I com.oringnet.w: Background concurrent copying GC freed 108417(5490KB) AllocSpace objects, 2(104KB) LOS objects, 76% free, 3716KB/15MB, paused 463us total 133.148ms
05-28 14:55:18.954 12672 12672 D BluetoothGatt: setCharacteristicNotification() - uuid: 6e400003-b5a3-f393-e0a9-e50e24dcca9e enable: true
05-28 14:55:19.066 12672 12672 I SP_SW : : 初始 將第 0項, 設定成 0
05-28 14:55:19.101 12672 12672 I SP_SW : : 初始 將第 2項, 設定成 0
05-28 14:55:19.223 12672 12672 I sw_ini  : false
05-28 14:55:19.223 12672 12672 I SP_SW : : 觸發 將第 0項, 切換成 0
05-28 14:55:19.223 12672 12672 I swmodeHH: true
05-28 14:55:19.223 12672 12672 I swmode  : !!
05-28 14:55:19.229 12672 12672 W UiThreadStatement: Already on the UI thread, this method should not be called from the main application thread
05-28 14:55:19.231 12672 12672 I sw_ini  : false
05-28 14:55:19.231 12672 12672 I SP_SW : : 觸發 將第 2項, 切換成 0
05-28 14:55:19.231 12672 12672 I swmodeHH: true
05-28 14:55:19.231 12672 12672 I swmode  : !!
05-28 14:55:19.236 12672 12672 W UiThreadStatement: Already on the UI thread, this method should not be called from the main application thread
05-28 14:55:19.331 12672 12672 I I/O     : [Rsp]<Read DI Status> 01020100a188
05-28 14:55:19.341 12672 12672 W UiThreadStatement: Already on the UI thread, this method should not be called from the main application thread
05-28 14:55:19.341 12672 12672 I I/O     : [Req]<Read DO Status> 0110030600010200009536
05-28 14:55:19.367   800   800 I SurfaceFlinger: screenshot (com.oringnet.wm/com.oring.SlideActivity@12672#0)
05-28 14:55:19.420 12672 12672 W UiThreadStatement: Already on the UI thread, this method should not be called from the main application thread
05-28 14:55:19.420 12672 12672 I I/O     : [Req]<Read DO Status> 0101000000043dc9
05-28 14:55:19.420 12672 12672 I I/O     : [Rsp]<Read DO Status> 010101005188
05-28 14:55:19.516 12672 12672 W UiThreadStatement: Already on the UI thread, this method should not be called from the main application thread
05-28 14:55:19.516 12672 12672 I I/O     : [Req]<Read RELAY Status> 010100040002fc0a
05-28 14:55:19.516 12672 12672 I I/O     : [Rsp]<Read RELAY Status> 010101005188
05-28 14:55:19.613 12672 12672 W UiThreadStatement: Already on the UI thread, this method should not be called from the main application thread
05-28 14:55:19.613 12672 12672 I I/O     : [Req]<Read DI COUNTER> 010404310004a136
05-28 14:55:19.614 12672 12672 I I/O     : [Rsp]<Read DI COUNTER> 0104080000000000000000240d
05-28 14:55:19.711 12672 12672 W UiThreadStatement: Already on the UI thread, this method should not be called from the main application thread
05-28 14:55:19.712 12672 12672 I I/O     : [Req]<Read AI 0 Status> 01040000000271cb
05-28 14:55:19.712 12672 12672 I I/O     : [Rsp]<Read AI 0 Status> 010404b85870b33a82
05-28 14:55:19.725 12672 12672 I AI_value:: 0.0
05-28 14:55:19.725 12672 12672 I AI_raw: : b85870b3
05-28 14:55:19.731   800   800 I SurfaceFlinger: screenshot (com.oringnet.wm/com.oring.SlideActivity@12672#0)
05-28 14:55:19.747   800   851 I BufferQueueProducer: [com.oringnet.wm/com.oring.SlideActivity@12672#0](this:0x798ea0a000,id:4958,api:1,p:12672,c:800) queueBuffer: fps=27.21 dur=1028.96 max=299.16 min=9.12
05-28 14:55:19.809 12672 12672 W UiThreadStatement: Already on the UI thread, this method should not be called from the main application thread
05-28 14:55:19.809 12672 12672 I I/O     : [Req]<Read AI 1 Status> 010400020002d00b
05-28 14:55:19.809 12672 12672 I I/O     : [Rsp]<Read AI 1 Status> 01040400000000fb84
05-28 14:55:19.821 12672 12672 I AI_value:: 0.0
05-28 14:55:19.821 12672 12672 I AI_raw: : 00000000
05-28 14:55:19.906 12672 12672 W UiThreadStatement: Already on the UI thread, this method should not be called from the main application thread
05-28 14:55:19.906 12672 12672 I I/O     : [Req]<Read AI 2 Status> 010400040002300a
05-28 14:55:19.906 12672 12672 I I/O     : [Rsp]<Read AI 2 Status> 0104044412f99a8d4a
05-28 14:55:19.913 12672 12672 I SP_SW : : 初始 將第 0項, 設定成 0
05-28 14:55:19.934 12672 12672 I SP_SW : : 初始 將第 2項, 設定成 0
05-28 14:55:19.959 12672 12672 I AI_value:: 587.9
05-28 14:55:19.959 12672 12672 I AI_raw: : 4412f99a
05-28 14:55:19.976 12672 12672 I SP_SW : : 初始 將第 0項, 設定成 0
05-28 14:55:19.987 12672 12672 I SP_SW : : 初始 將第 2項, 設定成 0
05-28 14:55:20.052 12672 12672 W UiThreadStatement: Already on the UI thread, this method should not be called from the main application thread
05-28 14:55:20.052 12672 12672 I I/O     : [Req]<Read AI 3 Status> 01040006000291ca
05-28 14:55:20.053 12672 12672 I I/O     : [Rsp]<Read AI 3 Status> 01040400000000fb84
05-28 14:55:20.058 12672 12672 I SP_SW : : 初始 將第 0項, 設定成 0
05-28 14:55:20.079 12672 12672 I SP_SW : : 初始 將第 2項, 設定成 0
05-28 14:55:20.096 12672 12672 I AI_value:: 0.0
05-28 14:55:20.096 12672 12672 I AI_raw: : 00000000
05-28 14:55:20.199 12672 12672 W UiThreadStatement: Already on the UI thread, this method should not be called from the main application thread
05-28 14:55:20.199 12672 12672 I I/O     : [Req]<Read AI 4 Status> 010400080002f009
05-28 14:55:20.199 12672 12672 I I/O     : [Rsp]<Read AI 4 Status> 0104044412f99a8d4a
05-28 14:55:20.206 12672 12672 I SP_SW : : 初始 將第 0項, 設定成 0
05-28 14:55:20.224 12672 12672 I SP_SW : : 初始 將第 2項, 設定成 0
05-28 14:55:20.240 12672 12672 I AI_value:: 587.9
05-28 14:55:20.240 12672 12672 I AI_raw: : 4412f99a
05-28 14:55:20.253 12672 12672 I SP_SW : : 初始 將第 0項, 設定成 0
05-28 14:55:20.263 12672 12672 I SP_SW : : 初始 將第 2項, 設定成 0
05-28 14:55:20.345 12672 12672 W UiThreadStatement: Already on the UI thread, this method should not be called from the main application thread
05-28 14:55:20.345 12672 12672 I I/O     : [Req]<Read AI 5 Status> 0104000A000251c9
05-28 14:55:20.345 12672 12672 I I/O     : [Rsp]<Read AI 5 Status> 01040400000000fb84
05-28 14:55:20.350 12672 12672 I SP_SW : : 初始 將第 0項, 設定成 0
05-28 14:55:20.369 12672 12672 I SP_SW : : 初始 將第 2項, 設定成 0
05-28 14:55:20.385 12672 12672 I AI_value:: 0.0
05-28 14:55:20.385 12672 12672 I AI_raw: : 00000000
05-28 14:55:20.492 12672 12672 I I/O     : [Rsp]<Read AI Type> 01030c000501020215031302150313dbb0
05-28 14:55:20.499 12672 12672 W UiThreadStatement: Already on the UI thread, this method should not be called from the main application thread
05-28 14:55:20.499 12672 12672 I I/O     : [Req]<Read RTD 2 mode> 010304000006c4f8
05-28 14:55:20.567   800   800 I SurfaceFlinger: screenshot (com.oringnet.wm/com.oring.SlideActivity@12672#0)
05-28 14:55:20.595 12672 12672 W UiThreadStatement: Already on the UI thread, this method should not be called from the main application thread
05-28 14:55:20.595 12672 12672 I I/O     : [Req]<Read RTD 2 mode> 010303050004544c
05-28 14:55:20.596 12672 12672 I I/O     : [Rsp]<Read RTD 2 mode> 0103080003000200000000df17
05-28 14:55:20.596 12672 12672 I RTD_mode:: 0003000200000000
05-28 14:55:20.596 12672 12672 I finish  : @@!!
05-28 14:55:20.751   800   851 I BufferQueueProducer: [com.oringnet.wm/com.oring.SlideActivity@12672#0](this:0x798ea0a000,id:4958,api:1,p:12672,c:800) queueBuffer: fps=18.92 dur=1003.98 max=164.67 min=15.16
05-28 14:55:20.834   800   800 I SurfaceFlinger: screenshot (com.oringnet.wm/com.oring.SlideActivity@12672#0)
05-28 14:55:22.497 12672 12672 I ViewRootImpl: ViewRoot's Touch Event : ACTION_DOWN
05-28 14:55:22.551   800   851 I BufferQueueProducer: [com.oringnet.wm/com.oring.SlideActivity@12672#0](this:0x798ea0a000,id:4958,api:1,p:12672,c:800) queueBuffer: fps=2.78 dur=1799.84 max=1735.04 min=13.78
05-28 14:55:22.717   800   800 I SurfaceFlinger: screenshot (com.oringnet.wm/com.oring.SlideActivity@12672#0)
05-28 14:55:22.984   800   800 I SurfaceFlinger: screenshot (com.oringnet.wm/com.oring.SlideActivity@12672#0)
05-28 14:55:23.234   800   800 I SurfaceFlinger: screenshot (com.oringnet.wm/com.oring.SlideActivity@12672#0)
05-28 14:55:23.419 12672 12672 I ViewRootImpl: ViewRoot's Touch Event : ACTION_UP
05-28 14:55:23.420 12672 12672 I TouchFlickNoti: CHANGE UP TO DOWN vectorVelocity:1187
05-28 14:55:23.501   800   800 I SurfaceFlinger: screenshot (com.oringnet.wm/com.oring.SlideActivity@12672#0)
05-28 14:55:23.567   800   851 I BufferQueueProducer: [com.oringnet.wm/com.oring.SlideActivity@12672#0](this:0x798ea0a000,id:4958,api:1,p:12672,c:800) queueBuffer: fps=60.00 dur=1016.63 max=21.10 min=12.33
05-28 14:55:23.680 12672 12672 I ViewRootImpl: ViewRoot's Touch Event : ACTION_DOWN
05-28 14:55:23.768   800   800 I SurfaceFlinger: screenshot (com.oringnet.wm/com.oring.SlideActivity@12672#0)
05-28 14:55:24.034   800   800 I SurfaceFlinger: screenshot (com.oringnet.wm/com.oring.SlideActivity@12672#0)
05-28 14:55:24.219 12672 12672 W UiThreadStatement: Already on the UI thread, this method should not be called from the main application thread
05-28 14:55:24.301   800   800 I SurfaceFlinger: screenshot (com.oringnet.wm/com.oring.SlideActivity@12672#0)
05-28 14:55:24.567   800   800 I SurfaceFlinger: screenshot (com.oringnet.wm/com.oring.SlideActivity@12672#0)
05-28 14:55:24.568   800  4119 I BufferQueueProducer: [com.oringnet.wm/com.oring.SlideActivity@12672#0](this:0x798ea0a000,id:4958,api:1,p:12672,c:800) queueBuffer: fps=59.97 dur=1000.51 max=20.12 min=13.24
05-28 14:55:24.586 12672 12672 I ViewRootImpl: ViewRoot's Touch Event : ACTION_UP
05-28 14:55:24.587 12672 12672 I TouchFlickNoti: CHANGE DOWN TO UP vectorVelocity:-1166
05-28 14:55:24.834   800   800 I SurfaceFlinger: screenshot (com.oringnet.wm/com.oring.SlideActivity@12672#0)
05-28 14:55:25.084   800   800 I SurfaceFlinger: screenshot (com.oringnet.wm/com.oring.SlideActivity@12672#0)
05-28 14:55:25.335   800   800 I SurfaceFlinger: screenshot (com.oringnet.wm/com.oring.SlideActivity@12672#0)
05-28 14:55:25.569   800  4119 I BufferQueueProducer: [com.oringnet.wm/com.oring.SlideActivity@12672#0](this:0x798ea0a000,id:4958,api:1,p:12672,c:800) queueBuffer: fps=59.93 dur=1001.12 max=19.75 min=14.19
05-28 14:55:25.601   800   800 I SurfaceFlinger: screenshot (com.oringnet.wm/com.oring.SlideActivity@12672#0)
05-28 14:55:25.852   800   800 I SurfaceFlinger: screenshot (com.oringnet.wm/com.oring.SlideActivity@12672#0)
05-28 14:55:26.118   800   800 I SurfaceFlinger: screenshot (com.oringnet.wm/com.oring.SlideActivity@12672#0)
05-28 14:55:26.384   800   800 I SurfaceFlinger: screenshot (com.oringnet.wm/com.oring.SlideActivity@12672#0)
05-28 14:55:26.569   800   851 I BufferQueueProducer: [com.oringnet.wm/com.oring.SlideActivity@12672#0](this:0x798ea0a000,id:4958,api:1,p:12672,c:800) queueBuffer: fps=59.98 dur=1000.41 max=20.37 min=12.80
05-28 14:55:26.635   800   800 I SurfaceFlinger: screenshot (com.oringnet.wm/com.oring.SlideActivity@12672#0)
05-28 14:55:27.290   800   800 I SurfaceFlinger: screenshot (com.oringnet.wm/com.oring.SlideActivity@12672#0)
05-28 14:55:27.697   800   800 I SurfaceFlinger: screenshot (com.oringnet.wm/com.oring.SlideActivity@12672#0)
05-28 14:55:29.221   800   800 I SurfaceFlinger: screenshot (com.oringnet.wm/com.oring.SlideActivity@12672#0)
05-28 14:55:29.480 12672 12672 I ViewRootImpl: ViewRoot's Touch Event : ACTION_DOWN
05-28 14:55:29.519   800  2411 I BufferQueueProducer: [com.oringnet.wm/com.oring.SlideActivity@12672#0](this:0x798ea0a000,id:4958,api:1,p:12672,c:800) queueBuffer: fps=11.87 dur=2949.73 max=2000.78 min=14.26
05-28 14:55:29.685   800   800 I SurfaceFlinger: screenshot (com.oringnet.wm/com.oring.SlideActivity@12672#0)
05-28 14:55:29.935   800   800 I SurfaceFlinger: screenshot (com.oringnet.wm/com.oring.SlideActivity@12672#0)
05-28 14:55:30.202   800   800 I SurfaceFlinger: screenshot (com.oringnet.wm/com.oring.SlideActivity@12672#0)
05-28 14:55:30.389 12672 12672 I ViewRootImpl: ViewRoot's Touch Event : ACTION_UP
05-28 14:55:30.390 12672 12672 I TouchFlickNoti: CHANGE UP TO DOWN vectorVelocity:1167
05-28 14:55:30.470   800   800 I SurfaceFlinger: screenshot (com.oringnet.wm/com.oring.SlideActivity@12672#0)
05-28 14:55:30.520   800  2411 I BufferQueueProducer: [com.oringnet.wm/com.oring.SlideActivity@12672#0](this:0x798ea0a000,id:4958,api:1,p:12672,c:800) queueBuffer: fps=59.96 dur=1000.59 max=18.43 min=14.30
05-28 14:55:30.735   800   800 I SurfaceFlinger: screenshot (com.oringnet.wm/com.oring.SlideActivity@12672#0)
05-28 14:55:30.986   800   800 I SurfaceFlinger: screenshot (com.oringnet.wm/com.oring.SlideActivity@12672#0)
05-28 14:55:31.253   800   800 I SurfaceFlinger: screenshot (com.oringnet.wm/com.oring.SlideActivity@12672#0)
05-28 14:55:31.518   800   800 I SurfaceFlinger: screenshot (com.oringnet.wm/com.oring.SlideActivity@12672#0)
05-28 14:55:31.535   800   851 I BufferQueueProducer: [com.oringnet.wm/com.oring.SlideActivity@12672#0](this:0x798ea0a000,id:4958,api:1,p:12672,c:800) queueBuffer: fps=60.08 dur=1015.27 max=20.00 min=12.99
05-28 14:55:31.769   800   800 I SurfaceFlinger: screenshot (com.oringnet.wm/com.oring.SlideActivity@12672#0)
05-28 14:55:32.419   800   800 I SurfaceFlinger: screenshot (com.oringnet.wm/com.oring.SlideActivity@12672#0)
05-28 14:55:32.499 12672 12672 I ViewRootImpl: ViewRoot's Touch Event : ACTION_DOWN
05-28 14:55:32.539   800   851 I BufferQueueProducer: [com.oringnet.wm/com.oring.SlideActivity@12672#0](this:0x798ea0a000,id:4958,api:1,p:12672,c:800) queueBuffer: fps=36.84 dur=1004.22 max=395.16 min=13.43
05-28 14:55:32.687   800   800 I SurfaceFlinger: screenshot (com.oringnet.wm/com.oring.SlideActivity@12672#0)
05-28 14:55:32.953   800   800 I SurfaceFlinger: screenshot (com.oringnet.wm/com.oring.SlideActivity@12672#0)
05-28 14:55:33.220   800   800 I SurfaceFlinger: screenshot (com.oringnet.wm/com.oring.SlideActivity@12672#0)
05-28 14:55:33.405 12672 12672 I ViewRootImpl: ViewRoot's Touch Event : ACTION_UP
05-28 14:55:33.405 12672 12672 I TouchFlickNoti: CHANGE UP TO DOWN vectorVelocity:1055
05-28 14:55:33.486   800   800 I SurfaceFlinger: screenshot (com.oringnet.wm/com.oring.SlideActivity@12672#0)
05-28 14:55:33.552   800   851 I BufferQueueProducer: [com.oringnet.wm/com.oring.SlideActivity@12672#0](this:0x798ea0a000,id:4958,api:1,p:12672,c:800) queueBuffer: fps=60.21 dur=1013.06 max=20.27 min=13.09
05-28 14:55:33.754   800   800 I SurfaceFlinger: screenshot (com.oringnet.wm/com.oring.SlideActivity@12672#0)
05-28 14:55:34.020   800   800 I SurfaceFlinger: screenshot (com.oringnet.wm/com.oring.SlideActivity@12672#0)
05-28 14:55:35.281 12672 12672 I ViewRootImpl: ViewRoot's Touch Event : ACTION_DOWN
05-28 14:55:35.285 12672 12672 I ViewRootImpl: ViewRoot's Touch Event : ACTION_UP
05-28 14:55:35.309   800  2411 I BufferQueueProducer: [com.oringnet.wm/com.oring.SlideActivity@12672#0](this:0x798ea0a000,id:4958,api:1,p:12672,c:800) queueBuffer: fps=18.79 dur=1756.48 max=1223.72 min=12.16
05-28 14:55:35.437   800   800 I SurfaceFlinger: screenshot (com.oringnet.wm/com.oring.SlideActivity@12672#0)
05-28 14:55:35.703   800   800 I SurfaceFlinger: screenshot (com.oringnet.wm/com.oring.SlideActivity@12672#0)
05-28 14:55:36.683 12672 12672 I ViewRootImpl: ViewRoot's Touch Event : ACTION_DOWN
05-28 14:55:36.687 12672 12672 I ViewRootImpl: ViewRoot's Touch Event : ACTION_UP
05-28 14:55:36.706   800  2411 I BufferQueueProducer: [com.oringnet.wm/com.oring.SlideActivity@12672#0](this:0x798ea0a000,id:4958,api:1,p:12672,c:800) queueBuffer: fps=19.32 dur=1397.43 max=967.10 min=13.96
05-28 14:55:36.838   800   800 I SurfaceFlinger: screenshot (com.oringnet.wm/com.oring.SlideActivity@12672#0)
05-28 14:55:36.839 12672 12672 I 通道: : false
05-28 14:55:36.841 12672 12672 I chatty  : uid=10306(com.oringnet.wm) identical 30 lines
05-28 14:55:36.841 12672 12672 I 通道: : false
05-28 14:55:36.855 12672 12672 I DataBits: >> 0
05-28 14:55:36.868 12672 12672 D BluetoothGatt: setCharacteristicNotification() - uuid: 6e400003-b5a3-f393-e0a9-e50e24dcca9e enable: true
05-28 14:55:37.121   800   800 I SurfaceFlinger: screenshot (com.oringnet.wm/com.oring.SlideActivity@12672#0)
05-28 14:55:37.356   800   800 I SurfaceFlinger: screenshot (com.oringnet.wm/com.oring.SlideActivity@12672#0)
05-28 14:55:37.698 12672 12672 I ViewRootImpl: ViewRoot's Touch Event : ACTION_DOWN
05-28 14:55:37.702 12672 12672 I ViewRootImpl: ViewRoot's Touch Event : ACTION_UP
05-28 14:55:37.713 12672 12672 D PhoneWindow: windowLightStatusBar : false, disable View.SYSTEM_UI_FLAG_LIGHT_STATUS_BAR
05-28 14:55:37.720   800   800 I SurfaceFlinger: screenshot (com.oringnet.wm/com.oring.SlideActivity@12672#0)
05-28 14:55:37.731 12672 12672 I TouchFilterInputStageHelper: [needTouchEventFilter] Displayid : 0
05-28 14:55:37.738 12672 12672 D BezellessGripSuppressionFilter: getdisplaysize, x : 720 y : 1600
05-28 14:55:37.751 12672 12672 D BluetoothGatt: setCharacteristicNotification() - uuid: 6e400003-b5a3-f393-e0a9-e50e24dcca9e enable: true
05-28 14:55:37.773   800   851 I BufferQueueConsumer: [com.oringnet.wm/com.oring.SlideActivity@12672#1](this:0x798eb50000,id:4959,api:0,p:-1,c:800) setConsumerName: com.oringnet.wm/com.oring.SlideActivity@12672#1
05-28 14:55:37.773   800   851 I BufferQueueConsumer: [com.oringnet.wm/com.oring.SlideActivity@12672#1](this:0x798eb50000,id:4959,api:0,p:-1,c:800) setDefaultBufferSize: width=126 height=126
05-28 14:55:37.773   800   851 I SurfaceFlinger: Create BufferLayer(0x798eb85000) com.oringnet.wm/com.oring.SlideActivity@12672#1 (126 x 126)
05-28 14:55:37.781 12672 12694 D Surface : Surface::connect(this=0x77703a0000,api=1)
05-28 14:55:37.784   800  2411 I BufferQueueProducer: [com.oringnet.wm/com.oring.SlideActivity@12672#1](this:0x798eb50000,id:4959,api:1,p:12672,c:800) connect(P): api=1 producer=(12672:com.oringnet.wm) producerControlledByApp=false
05-28 14:55:37.785 12672 12694 D Surface : Surface::setBufferCount(this=0x77703a0000,bufferCount=3)
05-28 14:55:37.786 12672 12694 D Surface : Surface::allocateBuffers(this=0x77703a0000)
05-28 14:55:37.823   800   800 I SurfaceFlinger: screenshot (com.oringnet.wm/com.oring.SlideActivity@12672#0)
05-28 14:55:37.851   800   800 I MiniDump: 0x798eb8d000 |     DEVICE |          0 | 1.000 |    0    0  720 1600 |   0.0   0.0 720.0 1600.0 | com.oringnet.wm/com.oring.SlideActivity@12672#0
05-28 14:55:37.851   800   800 I MiniDump: 0x798eb85000 |     DEVICE |          0 | 0.303 |  301  760  419  878 |   0.0   0.0 126.0 126.0 | com.oringnet.wm/com.oring.SlideActivity@12672#1
05-28 14:55:37.852   800   800 I MiniDump: 0x798eb8d000 |     DEVICE |          0 | 1.000 |    0    0  720 1600 |   0.0   0.0 720.0 1600.0 | com.oringnet.wm/com.oring.SlideActivity@12672#0
05-28 14:55:37.852   800   800 I MiniDump: 0x798eb85000 |     DEVICE |          0 | 0.303 |  301  760  419  878 |   0.0   0.0 126.0 126.0 | com.oringnet.wm/com.oring.SlideActivity@12672#1
05-28 14:55:37.869   800   800 I MiniDump: 0x798eb8d000 |     DEVICE |          0 | 1.000 |    0    0  720 1600 |   0.0   0.0 720.0 1600.0 | com.oringnet.wm/com.oring.SlideActivity@12672#0
05-28 14:55:37.869   800   800 I MiniDump: 0x798eb85000 |     DEVICE |          0 | 0.538 |  300  759  420  879 |   0.0   0.0 126.0 126.0 | com.oringnet.wm/com.oring.SlideActivity@12672#1
05-28 14:55:37.869   800   800 I MiniDump: 0x798eb8d000 |     DEVICE |          0 | 1.000 |    0    0  720 1600 |   0.0   0.0 720.0 1600.0 | com.oringnet.wm/com.oring.SlideActivity@12672#0
05-28 14:55:37.869   800   800 I MiniDump: 0x798eb85000 |     DEVICE |          0 | 0.538 |  300  759  420  879 |   0.0   0.0 126.0 126.0 | com.oringnet.wm/com.oring.SlideActivity@12672#1
05-28 14:55:37.927   800   800 I SurfaceFlinger: screenshot (com.oringnet.wm/com.oring.SlideActivity@12672#0)
05-28 14:55:37.949   800   851 I BufferQueueProducer: [com.oringnet.wm/com.oring.SlideActivity@12672#0](this:0x798ea0a000,id:4958,api:1,p:12672,c:800) queueBuffer: fps=30.58 dur=1242.76 max=625.34 min=7.87
05-28 14:55:38.040   800   800 I SurfaceFlinger: screenshot (com.oringnet.wm/com.oring.SlideActivity@12672#0)
05-28 14:55:38.041 12672 12672 W UiThreadStatement: Already on the UI thread, this method should not be called from the main application thread
05-28 14:55:38.041 12672 12672 I GatewayTest 0請求: 00030A4800010615
05-28 14:55:38.042 12672 12672 I GatewayTest 0響應: 00030200008584
05-28 14:55:38.042 12672 12672 I Req_Enable 0-15:: 0000
05-28 14:55:38.140 12672 12672 W UiThreadStatement: Already on the UI thread, this method should not be called from the main application thread
05-28 14:55:38.140 12672 12672 I GatewayTest 1請求: 00030A49000157d5
05-28 14:55:38.140 12672 12672 I GatewayTest 1響應: 00030200008584
05-28 14:55:38.141 12672 12672 I Req_Enable 16-31:: 0000
05-28 14:55:38.144 12672 12694 D Surface : Surface::disconnect(this=0x77703a0000,api=1)
05-28 14:55:38.145   800   851 I BufferQueueProducer: [com.oringnet.wm/com.oring.SlideActivity@12672#1](this:0x798eb50000,id:4959,api:1,p:12672,c:800) disconnect(P): api 1
05-28 14:55:38.175   800   800 I SurfaceFlinger: screenshot (com.oringnet.wm/com.oring.SlideActivity@12672#0)
05-28 14:55:38.277   800   800 I SurfaceFlinger: screenshot (com.oringnet.wm/com.oring.SlideActivity@12672#0)
05-28 14:55:38.336   800   800 I MiniDump: 0x798eb8d000 |     DEVICE |          0 | 1.000 |    0    0  720 1600 |   0.0   0.0 720.0 1600.0 | com.oringnet.wm/com.oring.SlideActivity@12672#0
05-28 14:55:38.336   800   800 I MiniDump: 0x798eb8d000 |     DEVICE |          0 | 1.000 |    0    0  720 1600 |   0.0   0.0 720.0 1600.0 | com.oringnet.wm/com.oring.SlideActivity@12672#0
05-28 14:55:38.391   800   800 I SurfaceFlinger: screenshot (com.oringnet.wm/com.oring.SlideActivity@12672#0)
05-28 14:55:38.414   800   800 I SurfaceFlinger: Remove BufferLayer(0x798eb85000) com.oringnet.wm/com.oring.SlideActivity@12672#1 (-1 x -1)
05-28 14:55:38.415   800   800 I BufferQueue: [com.oringnet.wm/com.oring.SlideActivity@12672#1](this:0x798eb50000,id:4959,api:1,p:-1,c:-1) ~BufferQueueCore
05-28 14:55:38.419   800   800 I MiniDump: 0x798eb8d000 |     DEVICE |          0 | 1.000 |    0    0  720 1600 |   0.0   0.0 720.0 1600.0 | com.oringnet.wm/com.oring.SlideActivity@12672#0
05-28 14:55:38.419   800   800 I MiniDump: 0x798eb8d000 |     DEVICE |          0 | 1.000 |    0    0  720 1600 |   0.0   0.0 720.0 1600.0 | com.oringnet.wm/com.oring.SlideActivity@12672#0
05-28 14:55:38.654   800   800 I SurfaceFlinger: screenshot (com.oringnet.wm/com.oring.SlideActivity@12672#0)
05-28 14:55:38.921   800   800 I SurfaceFlinger: screenshot (com.oringnet.wm/com.oring.SlideActivity@12672#0)
05-28 14:55:39.096   800   800 I SurfaceFlinger: screenshot (com.oringnet.wm/com.oring.SlideActivity@12672#0)
05-28 14:55:39.107   800   800 I SurfaceFlinger: screenshot (com.oringnet.wm/com.oring.SlideActivity@12672#0)
05-28 14:55:39.371   800   800 I SurfaceFlinger: screenshot (com.oringnet.wm/com.oring.SlideActivity@12672#0)
05-28 14:55:39.638   800   800 I SurfaceFlinger: screenshot (com.oringnet.wm/com.oring.SlideActivity@12672#0)
05-28 14:55:39.716 12672 12672 I ViewRootImpl: ViewRoot's Touch Event : ACTION_DOWN
05-28 14:55:39.721 12672 12672 I ViewRootImpl: ViewRoot's Touch Event : ACTION_UP
05-28 14:55:39.737   800  2411 I BufferQueueProducer: [com.oringnet.wm/com.oring.SlideActivity@12672#0](this:0x798ea0a000,id:4958,api:1,p:12672,c:800) queueBuffer: fps=22.92 dur=1788.58 max=1029.68 min=6.52
05-28 14:55:39.750 12672 12672 I 通道: : true
05-28 14:55:39.888   800   800 I SurfaceFlinger: screenshot (com.oringnet.wm/com.oring.SlideActivity@12672#0)
05-28 14:55:40.432 12672 12672 I ViewRootImpl: ViewRoot's Touch Event : ACTION_DOWN
05-28 14:55:40.438   800   800 I SurfaceFlinger: screenshot (com.oringnet.wm/com.oring.SlideActivity@12672#0)
05-28 14:55:40.438 12672 12672 I ViewRootImpl: ViewRoot's Touch Event : ACTION_UP
05-28 14:55:40.467 12672 12672 I 通道: : true
05-28 14:55:40.688   800   800 I SurfaceFlinger: screenshot (com.oringnet.wm/com.oring.SlideActivity@12672#0)
05-28 14:55:40.743   800  2411 I BufferQueueProducer: [com.oringnet.wm/com.oring.SlideActivity@12672#0](this:0x798ea0a000,id:4958,api:1,p:12672,c:800) queueBuffer: fps=40.79 dur=1005.21 max=332.07 min=7.62
05-28 14:55:41.150 12672 12672 I ViewRootImpl: ViewRoot's Touch Event : ACTION_DOWN
05-28 14:55:41.155 12672 12672 I ViewRootImpl: ViewRoot's Touch Event : ACTION_UP
05-28 14:55:41.183 12672 12672 I 通道: : true
05-28 14:55:41.188   800   800 I SurfaceFlinger: screenshot (com.oringnet.wm/com.oring.SlideActivity@12672#0)
05-28 14:55:41.455   800   800 I SurfaceFlinger: screenshot (com.oringnet.wm/com.oring.SlideActivity@12672#0)
05-28 14:55:41.866 12672 12672 I ViewRootImpl: ViewRoot's Touch Event : ACTION_DOWN
05-28 14:55:41.871 12672 12672 I ViewRootImpl: ViewRoot's Touch Event : ACTION_UP
05-28 14:55:41.890   800  2411 I BufferQueueProducer: [com.oringnet.wm/com.oring.SlideActivity@12672#0](this:0x798ea0a000,id:4958,api:1,p:12672,c:800) queueBuffer: fps=28.76 dur=1147.61 max=318.32 min=13.90
05-28 14:55:41.900 12672 12672 I 通道: : true
05-28 14:55:41.988   800   800 I SurfaceFlinger: screenshot (com.oringnet.wm/com.oring.SlideActivity@12672#0)
05-28 14:55:42.255   800   800 I SurfaceFlinger: screenshot (com.oringnet.wm/com.oring.SlideActivity@12672#0)
05-28 14:55:42.582 12672 12672 I ViewRootImpl: ViewRoot's Touch Event : ACTION_DOWN
05-28 14:55:42.587 12672 12672 I ViewRootImpl: ViewRoot's Touch Event : ACTION_UP
05-28 14:55:42.618 12672 12672 I 通道: : true
05-28 14:55:42.739   800   800 I SurfaceFlinger: screenshot (com.oringnet.wm/com.oring.SlideActivity@12672#0)
05-28 14:55:42.906   800   851 I BufferQueueProducer: [com.oringnet.wm/com.oring.SlideActivity@12672#0](this:0x798ea0a000,id:4958,api:1,p:12672,c:800) queueBuffer: fps=42.33 dur=1015.93 max=317.61 min=14.46
05-28 14:55:43.005   800   800 I SurfaceFlinger: screenshot (com.oringnet.wm/com.oring.SlideActivity@12672#0)
05-28 14:55:43.300 12672 12672 I ViewRootImpl: ViewRoot's Touch Event : ACTION_DOWN
05-28 14:55:43.306 12672 12672 I ViewRootImpl: ViewRoot's Touch Event : ACTION_UP
05-28 14:55:43.333 12672 12672 I 通道: : true
05-28 14:55:43.472   800   800 I SurfaceFlinger: screenshot (com.oringnet.wm/com.oring.SlideActivity@12672#0)
05-28 14:55:44.017 12672 12672 I ViewRootImpl: ViewRoot's Touch Event : ACTION_DOWN
05-28 14:55:44.021 12672 12672 I ViewRootImpl: ViewRoot's Touch Event : ACTION_UP
05-28 14:55:44.022   800   800 I SurfaceFlinger: screenshot (com.oringnet.wm/com.oring.SlideActivity@12672#0)
05-28 14:55:44.041   800  2411 I BufferQueueProducer: [com.oringnet.wm/com.oring.SlideActivity@12672#0](this:0x798ea0a000,id:4958,api:1,p:12672,c:800) queueBuffer: fps=26.44 dur=1134.56 max=334.56 min=13.16
05-28 14:55:44.051 12672 12672 I 通道: : true
05-28 14:55:44.272   800   800 I SurfaceFlinger: screenshot (com.oringnet.wm/com.oring.SlideActivity@12672#0)
05-28 14:55:44.733 12672 12672 I ViewRootImpl: ViewRoot's Touch Event : ACTION_DOWN
05-28 14:55:44.738 12672 12672 I ViewRootImpl: ViewRoot's Touch Event : ACTION_UP
05-28 14:55:44.768 12672 12672 I 通道: : true
