07-08 16:10:08.668   800   830 I BufferQueueProducer: [com.oringnet.wm/com.oring.SlideActivity@8772#0](this:0x78010a4000,id:426,api:1,p:8772,c:800) queueBuffer: fps=6.96 dur=1005.74 max=240.33 min=54.92
07-08 16:10:08.741  8772  8772 I AI_value:: 0.0
07-08 16:10:08.741  8772  8772 I AI_raw: : 00000000
07-08 16:10:08.800   800   800 I SurfaceFlinger: screenshot (com.oringnet.wm/com.oring.SlideActivity@8772#0)
07-08 16:10:08.844  8772  8772 W UiThreadStatement: Already on the UI thread, this method should not be called from the main application thread
07-08 16:10:08.844  8772  8772 I I/O     : [Req]<Read AI Type> 010304000006c4f8
07-08 16:10:08.844  8772  8772 I I/O     : [Rsp]<Read AI Type> 01030c000501020215031302150313dbb0
07-08 16:10:08.900   800   800 I SurfaceFlinger: screenshot (com.oringnet.wm/com.oring.SlideActivity@8772#0)
07-08 16:10:08.937  8772  8772 W UiThreadStatement: Already on the UI thread, this method should not be called from the main application thread
07-08 16:10:08.937  8772  8772 I I/O     : [Req]<Read RTD 2 mode> 010303050004544c
07-08 16:10:08.938  8772  8772 I I/O     : [Rsp]<Read RTD 2 mode> 0103080003000200000000df17
07-08 16:10:08.938  8772  8772 I RTD_mode:: 0003000200000000
07-08 16:10:08.938  8772  8772 I parseRTD_mode: SW index 0 = 3
07-08 16:10:08.939  8772  8772 I parseRTD_mode: SW index 2 = 2
07-08 16:10:08.939  8772  8772 I parseRTD_mode: SW index 1 = 0
07-08 16:10:08.939  8772  8772 I parseRTD_mode: SW index 3 = 0
07-08 16:10:09.034   800   800 I SurfaceFlinger: screenshot (com.oringnet.wm/com.oring.SlideActivity@8772#0)
07-08 16:10:09.034  8772  8772 W UiThreadStatement: Already on the UI thread, this method should not be called from the main application thread
07-08 16:10:09.034  8772  8772 I I/O     : [Req]<Read Mode> 010403f90001e1bf
07-08 16:10:09.039  8772  8772 I I/O     : [Rsp]<Read Mode> 010402610090a0
07-08 16:10:09.039  8772  8772 I MCU_MODE: Status = 24832
07-08 16:10:09.039  8772  8772 I finish  : @@!!
07-08 16:10:09.068  8772  8902 I myPeriod_I/O: 目前時間:2021/07/08 04:10:09
07-08 16:10:09.068  8772  8902 I myPeriod_I/O: 目前timerCount:-1
07-08 16:10:09.068  8772  8902 I myPeriod_I/O: is pendding -> 0
07-08 16:10:09.568  8772  8902 I myPeriod_I/O: 目前時間:2021/07/08 04:10:09
07-08 16:10:09.568  8772  8902 I myPeriod_I/O: 目前timerCount:-1
07-08 16:10:09.568  8772  8902 I myPeriod_I/O: is pendding -> 1
07-08 16:10:10.068  8772  8902 I myPeriod_I/O: 目前時間:2021/07/08 04:10:10
07-08 16:10:10.068  8772  8902 I myPeriod_I/O: 目前timerCount:-1
07-08 16:10:10.068  8772  8902 I myPeriod_I/O: is pendding -> 2
07-08 16:10:10.570  8772  8902 I myPeriod_I/O: 目前時間:2021/07/08 04:10:10
07-08 16:10:10.571  8772  8902 I myPeriod_I/O: 目前timerCount:-1
07-08 16:10:10.571  8772  8902 I myPeriod_I/O: is pendding -> 3
07-08 16:10:11.069  8772  8902 I myPeriod_I/O: 目前時間:2021/07/08 04:10:11
07-08 16:10:11.069  8772  8902 I myPeriod_I/O: 目前timerCount:-1
07-08 16:10:11.069  8772  8902 I myPeriod_I/O: is pendding -> 4
07-08 16:10:11.194  8772  8772 I ViewRootImpl: ViewRoot's Touch Event : ACTION_DOWN
07-08 16:10:11.248   800  1415 I BufferQueueProducer: [com.oringnet.wm/com.oring.SlideActivity@8772#0](this:0x78010a4000,id:426,api:1,p:8772,c:800) queueBuffer: fps=5.04 dur=2580.51 max=2240.05 min=10.35
07-08 16:10:11.416   800   800 I SurfaceFlinger: screenshot (com.oringnet.wm/com.oring.SlideActivity@8772#0)
07-08 16:10:11.517   800   800 I SurfaceFlinger: screenshot (com.oringnet.wm/com.oring.SlideActivity@8772#0)
07-08 16:10:11.571  8772  8902 I myPeriod_I/O: 目前時間:2021/07/08 04:10:11
07-08 16:10:11.571  8772  8902 I myPeriod_I/O: 目前timerCount:-1
07-08 16:10:11.571  8772  8902 I myPeriod_I/O: is pendding -> 5
07-08 16:10:11.634   800   800 I SurfaceFlinger: screenshot (com.oringnet.wm/com.oring.SlideActivity@8772#0)
07-08 16:10:11.769   800   800 I SurfaceFlinger: screenshot (com.oringnet.wm/com.oring.SlideActivity@8772#0)
07-08 16:10:11.902   800   800 I SurfaceFlinger: screenshot (com.oringnet.wm/com.oring.SlideActivity@8772#0)
07-08 16:10:12.051   800   800 I SurfaceFlinger: screenshot (com.oringnet.wm/com.oring.SlideActivity@8772#0)
07-08 16:10:12.072  8772  8902 I myPeriod_I/O: 目前時間:2021/07/08 04:10:12
07-08 16:10:12.072  8772  8902 I myPeriod_I/O: 目前timerCount:-1
07-08 16:10:12.072  8772  8902 I myPeriod_I/O: is pendding -> 6
07-08 16:10:12.102  8772  8772 I ViewRootImpl: ViewRoot's Touch Event : ACTION_UP
07-08 16:10:12.103  8772  8772 I TouchFlickNoti: CHANGE UP TO DOWN vectorVelocity:1117
07-08 16:10:12.217   800   800 I SurfaceFlinger: screenshot (com.oringnet.wm/com.oring.SlideActivity@8772#0)
07-08 16:10:12.250   800  2204 I BufferQueueProducer: [com.oringnet.wm/com.oring.SlideActivity@8772#0](this:0x78010a4000,id:426,api:1,p:8772,c:800) queueBuffer: fps=59.91 dur=1001.47 max=22.78 min=10.42
07-08 16:10:12.317   800   800 I SurfaceFlinger: screenshot (com.oringnet.wm/com.oring.SlideActivity@8772#0)
07-08 16:10:12.412  8772  8772 I ViewRootImpl: ViewRoot's Touch Event : ACTION_DOWN
07-08 16:10:12.418   800   800 I SurfaceFlinger: screenshot (com.oringnet.wm/com.oring.SlideActivity@8772#0)
07-08 16:10:12.551   800   800 I SurfaceFlinger: screenshot (com.oringnet.wm/com.oring.SlideActivity@8772#0)
07-08 16:10:12.572  8772  8902 I myPeriod_I/O: 目前時間:2021/07/08 04:10:12
07-08 16:10:12.572  8772  8902 I myPeriod_I/O: 目前timerCount:-1
07-08 16:10:12.572  8772  8902 I myPeriod_I/O: is pendding -> 7
07-08 16:10:12.651   800   800 I SurfaceFlinger: screenshot (com.oringnet.wm/com.oring.SlideActivity@8772#0)
07-08 16:10:12.768   800   800 I SurfaceFlinger: screenshot (com.oringnet.wm/com.oring.SlideActivity@8772#0)
07-08 16:10:12.917   800   800 I SurfaceFlinger: screenshot (com.oringnet.wm/com.oring.SlideActivity@8772#0)
07-08 16:10:13.068   800   800 I SurfaceFlinger: screenshot (com.oringnet.wm/com.oring.SlideActivity@8772#0)
07-08 16:10:13.072  8772  8902 I myPeriod_I/O: 目前時間:2021/07/08 04:10:13
07-08 16:10:13.073  8772  8902 I myPeriod_I/O: 目前timerCount:-1
07-08 16:10:13.073  8772  8902 I myPeriod_I/O: is pendding -> 8
07-08 16:10:13.185   800   800 I SurfaceFlinger: screenshot (com.oringnet.wm/com.oring.SlideActivity@8772#0)
07-08 16:10:13.254   800  2204 I BufferQueueProducer: [com.oringnet.wm/com.oring.SlideActivity@8772#0](this:0x78010a4000,id:426,api:1,p:8772,c:800) queueBuffer: fps=59.73 dur=1004.56 max=30.06 min=6.46
07-08 16:10:13.285   800   800 I SurfaceFlinger: screenshot (com.oringnet.wm/com.oring.SlideActivity@8772#0)
07-08 16:10:13.322  8772  8772 I ViewRootImpl: ViewRoot's Touch Event : ACTION_UP
07-08 16:10:13.323  8772  8772 I TouchFlickNoti: CHANGE DOWN TO UP vectorVelocity:-1197
07-08 16:10:13.384   800   800 I SurfaceFlinger: screenshot (com.oringnet.wm/com.oring.SlideActivity@8772#0)
07-08 16:10:13.518   800   800 I SurfaceFlinger: screenshot (com.oringnet.wm/com.oring.SlideActivity@8772#0)
07-08 16:10:13.575  8772  8902 I myPeriod_I/O: 目前時間:2021/07/08 04:10:13
07-08 16:10:13.575  8772  8902 I myPeriod_I/O: 目前timerCount:-1
07-08 16:10:13.575  8772  8902 I myPeriod_I/O: is pendding -> 9
07-08 16:10:13.635   800   800 I SurfaceFlinger: screenshot (com.oringnet.wm/com.oring.SlideActivity@8772#0)
07-08 16:10:13.734   800   800 I SurfaceFlinger: screenshot (com.oringnet.wm/com.oring.SlideActivity@8772#0)
07-08 16:10:13.851   800   800 I SurfaceFlinger: screenshot (com.oringnet.wm/com.oring.SlideActivity@8772#0)
07-08 16:10:13.967   800   800 I SurfaceFlinger: screenshot (com.oringnet.wm/com.oring.SlideActivity@8772#0)
07-08 16:10:14.074  8772  8902 I myPeriod_I/O: 目前時間:2021/07/08 04:10:14
07-08 16:10:14.074  8772  8902 I myPeriod_I/O: 目前timerCount:-1
07-08 16:10:14.074  8772  8902 I myPeriod_I/O: is pendding -> 10
07-08 16:10:14.074  8772  8902 I myPeriod_I/O: 開始下一次 輪詢序列
07-08 16:10:14.085   800   800 I SurfaceFlinger: screenshot (com.oringnet.wm/com.oring.SlideActivity@8772#0)
07-08 16:10:14.213  8772  8772 W UiThreadStatement: Already on the UI thread, this method should not be called from the main application thread
07-08 16:10:14.214  8772  8772 I I/O     : [Req]<Read DI Status> 01020000000479c9
07-08 16:10:14.214  8772  8772 I I/O     : [Rsp]<Read DI Status> 01020100a188
07-08 16:10:14.217   800   800 I SurfaceFlinger: screenshot (com.oringnet.wm/com.oring.SlideActivity@8772#0)
07-08 16:10:14.254   800   831 I BufferQueueProducer: [com.oringnet.wm/com.oring.SlideActivity@8772#0](this:0x78010a4000,id:426,api:1,p:8772,c:800) queueBuffer: fps=58.99 dur=1000.13 max=32.89 min=10.81
07-08 16:10:14.312  8772  8772 W UiThreadStatement: Already on the UI thread, this method should not be called from the main application thread
07-08 16:10:14.312  8772  8772 I I/O     : [Req]<Read DO Status> 0101000000043dc9
07-08 16:10:14.312  8772  8772 I I/O     : [Rsp]<Read DO Status> 010101005188
07-08 16:10:14.368   800   800 I SurfaceFlinger: screenshot (com.oringnet.wm/com.oring.SlideActivity@8772#0)
07-08 16:10:14.414  8772  8772 W UiThreadStatement: Already on the UI thread, this method should not be called from the main application thread
07-08 16:10:14.414  8772  8772 I I/O     : [Req]<Read RELAY Status> 010100040002fc0a
07-08 16:10:14.414  8772  8772 I I/O     : [Rsp]<Read RELAY Status> 010101005188
07-08 16:10:14.468   800   800 I SurfaceFlinger: screenshot (com.oringnet.wm/com.oring.SlideActivity@8772#0)
07-08 16:10:14.511  8772  8772 W UiThreadStatement: Already on the UI thread, this method should not be called from the main application thread
07-08 16:10:14.511  8772  8772 I I/O     : [Req]<Read DI COUNTER> 010404310004a136
07-08 16:10:14.512  8772  8772 I I/O     : [Rsp]<Read DI COUNTER> 0104080000000000000000240d
07-08 16:10:14.575  8772  8902 I myPeriod_I/O: 目前時間:2021/07/08 04:10:14
07-08 16:10:14.576  8772  8902 I myPeriod_I/O: 目前timerCount:0
07-08 16:10:14.577  8772  8902 I myPeriod_I/O: 當前於輪詢中
07-08 16:10:14.585   800   800 I SurfaceFlinger: screenshot (com.oringnet.wm/com.oring.SlideActivity@8772#0)
07-08 16:10:14.595  8772  8772 W UiThreadStatement: Already on the UI thread, this method should not be called from the main application thread
07-08 16:10:14.595  8772  8772 I I/O     : [Req]<Read AI 0 Status> 01040000000271cb
07-08 16:10:14.613  8772  8772 I I/O     : [Rsp]<Read AI 0 Status> 010404bc9ba09f9793
07-08 16:10:14.642  8772  8772 I AI_value:: -0.019
07-08 16:10:14.642  8772  8772 I AI_raw: : bc9ba09f
07-08 16:10:14.718   800   800 I SurfaceFlinger: screenshot (com.oringnet.wm/com.oring.SlideActivity@8772#0)
07-08 16:10:14.745  8772  8772 W UiThreadStatement: Already on the UI thread, this method should not be called from the main application thread
07-08 16:10:14.746  8772  8772 I I/O     : [Req]<Read AI 1 Status> 010400020002d00b
07-08 16:10:14.746  8772  8772 I I/O     : [Rsp]<Read AI 1 Status> 0104043dcc07e1f46f
07-08 16:10:14.772  8772  8772 I AI_value:: 0.1
07-08 16:10:14.772  8772  8772 I AI_raw: : 3dcc07e1
07-08 16:10:14.834   800   800 I SurfaceFlinger: screenshot (com.oringnet.wm/com.oring.SlideActivity@8772#0)
07-08 16:10:14.897  8772  8772 W UiThreadStatement: Already on the UI thread, this method should not be called from the main application thread
07-08 16:10:14.897  8772  8772 I I/O     : [Req]<Read AI 2 Status> 010400040002300a
07-08 16:10:14.898  8772  8772 I I/O     : [Rsp]<Read AI 2 Status> 0104044412f99a8d4a
07-08 16:10:14.993  8772  8772 I AI_value:: 587.9
07-08 16:10:14.993  8772  8772 I AI_raw: : 4412f99a
07-08 16:10:15.068   800   800 I SurfaceFlinger: screenshot (com.oringnet.wm/com.oring.SlideActivity@8772#0)
07-08 16:10:15.074  8772  8902 I myPeriod_I/O: 目前時間:2021/07/08 04:10:15
07-08 16:10:15.074  8772  8902 I myPeriod_I/O: 目前timerCount:0
07-08 16:10:15.074  8772  8902 I myPeriod_I/O: 當前於輪詢中
07-08 16:10:15.095  8772  8772 W UiThreadStatement: Already on the UI thread, this method should not be called from the main application thread
07-08 16:10:15.095  8772  8772 I I/O     : [Req]<Read AI 3 Status> 01040006000291ca
07-08 16:10:15.095  8772  8772 I I/O     : [Rsp]<Read AI 3 Status> 01040400000000fb84
07-08 16:10:15.187  8772  8772 I AI_value:: 0.0
07-08 16:10:15.187  8772  8772 I AI_raw: : 00000000
07-08 16:10:15.236   800   800 I SurfaceFlinger: screenshot (com.oringnet.wm/com.oring.SlideActivity@8772#0)
07-08 16:10:15.255   800   831 I BufferQueueProducer: [com.oringnet.wm/com.oring.SlideActivity@8772#0](this:0x78010a4000,id:426,api:1,p:8772,c:800) queueBuffer: fps=44.98 dur=1000.51 max=148.10 min=7.67
07-08 16:10:15.275  8772  8772 W UiThreadStatement: Already on the UI thread, this method should not be called from the main application thread
07-08 16:10:15.275  8772  8772 I I/O     : [Req]<Read AI 4 Status> 010400080002f009
07-08 16:10:15.275  8772  8772 I I/O     : [Rsp]<Read AI 4 Status> 0104044412f99a8d4a
07-08 16:10:15.365  8772  8772 I AI_value:: 587.9
07-08 16:10:15.365  8772  8772 I AI_raw: : 4412f99a
07-08 16:10:15.417   800   800 I SurfaceFlinger: screenshot (com.oringnet.wm/com.oring.SlideActivity@8772#0)
07-08 16:10:15.478  8772  8772 W UiThreadStatement: Already on the UI thread, this method should not be called from the main application thread
07-08 16:10:15.478  8772  8772 I I/O     : [Req]<Read AI 5 Status> 0104000A000251c9
07-08 16:10:15.516  8772  8772 I I/O     : [Rsp]<Read AI 5 Status> 01040400000000fb84
07-08 16:10:15.518   800   800 I SurfaceFlinger: screenshot (com.oringnet.wm/com.oring.SlideActivity@8772#0)
07-08 16:10:15.574  8772  8902 I myPeriod_I/O: 目前時間:2021/07/08 04:10:15
07-08 16:10:15.575  8772  8902 I myPeriod_I/O: 目前timerCount:0
07-08 16:10:15.575  8772  8902 I myPeriod_I/O: 當前於輪詢中
07-08 16:10:15.631  8772  8772 I AI_value:: 0.0
07-08 16:10:15.631  8772  8772 I AI_raw: : 00000000
07-08 16:10:15.686   800   800 I SurfaceFlinger: screenshot (com.oringnet.wm/com.oring.SlideActivity@8772#0)
07-08 16:10:15.713  8772  8772 W UiThreadStatement: Already on the UI thread, this method should not be called from the main application thread
07-08 16:10:15.713  8772  8772 I I/O     : [Req]<Read AI Type> 010304000006c4f8
07-08 16:10:15.713  8772  8772 I I/O     : [Rsp]<Read AI Type> 01030c000501020215031302150313dbb0
07-08 16:10:15.811  8772  8772 W UiThreadStatement: Already on the UI thread, this method should not be called from the main application thread
07-08 16:10:15.811  8772  8772 I I/O     : [Req]<Read RTD 2 mode> 010303050004544c
07-08 16:10:15.812  8772  8772 I I/O     : [Rsp]<Read RTD 2 mode> 0103080003000200000000df17
07-08 16:10:15.812  8772  8772 I RTD_mode:: 0003000200000000
07-08 16:10:15.812  8772  8772 I parseRTD_mode: SW index 0 = 3
07-08 16:10:15.812  8772  8772 I parseRTD_mode: SW index 2 = 2
07-08 16:10:15.812  8772  8772 I parseRTD_mode: SW index 1 = 0
07-08 16:10:15.812  8772  8772 I parseRTD_mode: SW index 3 = 0
07-08 16:10:15.905   800   800 I SurfaceFlinger: screenshot (com.oringnet.wm/com.oring.SlideActivity@8772#0)
07-08 16:10:15.909  8772  8772 W UiThreadStatement: Already on the UI thread, this method should not be called from the main application thread
07-08 16:10:15.910  8772  8772 I I/O     : [Req]<Read Mode> 010403f90001e1bf
07-08 16:10:15.911  8772  8772 I I/O     : [Rsp]<Read Mode> 010402610090a0
07-08 16:10:15.911  8772  8772 I MCU_MODE: Status = 24832
07-08 16:10:15.911  8772  8772 I finish  : @@!!
07-08 16:10:16.076  8772  8902 I myPeriod_I/O: 目前時間:2021/07/08 04:10:16
07-08 16:10:16.076  8772  8902 I myPeriod_I/O: 目前timerCount:-1
07-08 16:10:16.076  8772  8902 I myPeriod_I/O: is pendding -> 0
07-08 16:10:16.087   800   800 I SurfaceFlinger: screenshot (com.oringnet.wm/com.oring.SlideActivity@8772#0)
07-08 16:10:16.218   800   800 I SurfaceFlinger: screenshot (com.oringnet.wm/com.oring.SlideActivity@8772#0)
07-08 16:10:16.269   800  2204 I BufferQueueProducer: [com.oringnet.wm/com.oring.SlideActivity@8772#0](this:0x78010a4000,id:426,api:1,p:8772,c:800) queueBuffer: fps=26.63 dur=1013.87 max=192.08 min=8.07
07-08 16:10:16.318   800   800 I SurfaceFlinger: screenshot (com.oringnet.wm/com.oring.SlideActivity@8772#0)
07-08 16:10:16.577  8772  8902 I myPeriod_I/O: 目前時間:2021/07/08 04:10:16
07-08 16:10:16.578  8772  8902 I myPeriod_I/O: 目前timerCount:-1
07-08 16:10:16.578  8772  8902 I myPeriod_I/O: is pendding -> 1
07-08 16:10:16.951   800   800 I SurfaceFlinger: screenshot (com.oringnet.wm/com.oring.SlideActivity@8772#0)
07-08 16:10:17.078  8772  8902 I myPeriod_I/O: 目前時間:2021/07/08 04:10:17
07-08 16:10:17.078  8772  8902 I myPeriod_I/O: 目前timerCount:-1
07-08 16:10:17.078  8772  8902 I myPeriod_I/O: is pendding -> 2
07-08 16:10:17.577  8772  8902 I myPeriod_I/O: 目前時間:2021/07/08 04:10:17
07-08 16:10:17.577  8772  8902 I myPeriod_I/O: 目前timerCount:-1
07-08 16:10:17.577  8772  8902 I myPeriod_I/O: is pendding -> 3
07-08 16:10:18.077  8772  8902 I myPeriod_I/O: 目前時間:2021/07/08 04:10:18
07-08 16:10:18.077  8772  8902 I myPeriod_I/O: 目前timerCount:-1
07-08 16:10:18.077  8772  8902 I myPeriod_I/O: is pendding -> 4
07-08 16:10:18.578  8772  8902 I myPeriod_I/O: 目前時間:2021/07/08 04:10:18
07-08 16:10:18.578  8772  8902 I myPeriod_I/O: 目前timerCount:-1
07-08 16:10:18.579  8772  8902 I myPeriod_I/O: is pendding -> 5
07-08 16:10:19.078  8772  8902 I myPeriod_I/O: 目前時間:2021/07/08 04:10:19
07-08 16:10:19.078  8772  8902 I myPeriod_I/O: 目前timerCount:-1
07-08 16:10:19.078  8772  8902 I myPeriod_I/O: is pendding -> 6
07-08 16:10:19.579  8772  8902 I myPeriod_I/O: 目前時間:2021/07/08 04:10:19
07-08 16:10:19.579  8772  8902 I myPeriod_I/O: 目前timerCount:-1
07-08 16:10:19.579  8772  8902 I myPeriod_I/O: is pendding -> 7
07-08 16:10:20.078  8772  8902 I myPeriod_I/O: 目前時間:2021/07/08 04:10:20
07-08 16:10:20.078  8772  8902 I myPeriod_I/O: 目前timerCount:-1
07-08 16:10:20.078  8772  8902 I myPeriod_I/O: is pendding -> 8
07-08 16:10:20.579  8772  8902 I myPeriod_I/O: 目前時間:2021/07/08 04:10:20
07-08 16:10:20.579  8772  8902 I myPeriod_I/O: 目前timerCount:-1
07-08 16:10:20.579  8772  8902 I myPeriod_I/O: is pendding -> 9
07-08 16:10:20.896  8772  8772 I ViewRootImpl: ViewRoot's Touch Event : ACTION_DOWN
07-08 16:10:20.904   800   800 I SurfaceFlinger: screenshot (com.oringnet.wm/com.oring.SlideActivity@8772#0)
07-08 16:10:20.940   800  2204 I BufferQueueProducer: [com.oringnet.wm/com.oring.SlideActivity@8772#0](this:0x78010a4000,id:426,api:1,p:8772,c:800) queueBuffer: fps=0.86 dur=4671.23 max=4625.07 min=13.28
07-08 16:10:21.079  8772  8902 I myPeriod_I/O: 目前時間:2021/07/08 04:10:21
07-08 16:10:21.079  8772  8902 I myPeriod_I/O: 目前timerCount:-1
07-08 16:10:21.079  8772  8902 I myPeriod_I/O: is pendding -> 10
07-08 16:10:21.079  8772  8902 I myPeriod_I/O: 開始下一次 輪詢序列
07-08 16:10:21.085   800   800 I SurfaceFlinger: screenshot (com.oringnet.wm/com.oring.SlideActivity@8772#0)
07-08 16:10:21.174  8772  8772 W UiThreadStatement: Already on the UI thread, this method should not be called from the main application thread
07-08 16:10:21.174  8772  8772 I I/O     : [Req]<Read DI Status> 01020000000479c9
07-08 16:10:21.175  8772  8772 I I/O     : [Rsp]<Read DI Status> 01020100a188
07-08 16:10:21.271  8772  8772 W UiThreadStatement: Already on the UI thread, this method should not be called from the main application thread
07-08 16:10:21.271  8772  8772 I I/O     : [Req]<Read DO Status> 0101000000043dc9
07-08 16:10:21.271  8772  8772 I I/O     : [Rsp]<Read DO Status> 010101005188
07-08 16:10:21.369   800   800 I SurfaceFlinger: screenshot (com.oringnet.wm/com.oring.SlideActivity@8772#0)
07-08 16:10:21.371  8772  8772 W UiThreadStatement: Already on the UI thread, this method should not be called from the main application thread
07-08 16:10:21.372  8772  8772 I I/O     : [Req]<Read RELAY Status> 010100040002fc0a
07-08 16:10:21.373  8772  8772 I I/O     : [Rsp]<Read RELAY Status> 010101005188
07-08 16:10:21.466  8772  8772 W UiThreadStatement: Already on the UI thread, this method should not be called from the main application thread
07-08 16:10:21.466  8772  8772 I I/O     : [Req]<Read DI COUNTER> 010404310004a136
07-08 16:10:21.467  8772  8772 I I/O     : [Rsp]<Read DI COUNTER> 0104080000000000000000240d
07-08 16:10:21.519   800   800 I SurfaceFlinger: screenshot (com.oringnet.wm/com.oring.SlideActivity@8772#0)
07-08 16:10:21.567  8772  8772 W UiThreadStatement: Already on the UI thread, this method should not be called from the main application thread
07-08 16:10:21.568  8772  8772 I I/O     : [Req]<Read AI 0 Status> 01040000000271cb
07-08 16:10:21.568  8772  8772 I I/O     : [Rsp]<Read AI 0 Status> 010404bc9b58bfd58b
07-08 16:10:21.578  8772  8902 I myPeriod_I/O: 目前時間:2021/07/08 04:10:21
07-08 16:10:21.578  8772  8902 I myPeriod_I/O: 目前timerCount:0
07-08 16:10:21.579  8772  8902 I myPeriod_I/O: 當前於輪詢中
07-08 16:10:21.595  8772  8772 I AI_value:: -0.019
07-08 16:10:21.595  8772  8772 I AI_raw: : bc9b58bf
07-08 16:10:21.660  8772  8772 W UiThreadStatement: Already on the UI thread, this method should not be called from the main application thread
07-08 16:10:21.660  8772  8772 I I/O     : [Req]<Read AI 1 Status> 010400020002d00b
07-08 16:10:21.664  8772  8772 I I/O     : [Rsp]<Read AI 1 Status> 0104043dcc07e1f46f
07-08 16:10:21.691  8772  8772 I AI_value:: 0.1
07-08 16:10:21.691  8772  8772 I AI_raw: : 3dcc07e1
07-08 16:10:21.808  8772  8772 W UiThreadStatement: Already on the UI thread, this method should not be called from the main application thread
07-08 16:10:21.808  8772  8772 I I/O     : [Req]<Read AI 2 Status> 010400040002300a
07-08 16:10:21.813  8772  8772 I I/O     : [Rsp]<Read AI 2 Status> 0104044412f99a8d4a
07-08 16:10:21.817   800   800 I SurfaceFlinger: screenshot (com.oringnet.wm/com.oring.SlideActivity@8772#0)
07-08 16:10:21.909  8772  8772 I AI_value:: 587.9
07-08 16:10:21.909  8772  8772 I AI_raw: : 4412f99a
07-08 16:10:21.948   800   831 I BufferQueueProducer: [com.oringnet.wm/com.oring.SlideActivity@8772#0](this:0x78010a4000,id:426,api:1,p:8772,c:800) queueBuffer: fps=43.65 dur=1007.92 max=129.64 min=5.60
07-08 16:10:21.971   800   800 I SurfaceFlinger: screenshot (com.oringnet.wm/com.oring.SlideActivity@8772#0)
07-08 16:10:22.001  8772  8772 I I/O     : [Rsp]<Read AI 3 Status> 01040400000000fb84
07-08 16:10:22.079  8772  8902 I myPeriod_I/O: 目前時間:2021/07/08 04:10:22
07-08 16:10:22.079  8772  8902 I myPeriod_I/O: 目前timerCount:0
07-08 16:10:22.079  8772  8902 I myPeriod_I/O: 當前於輪詢中
07-08 16:10:22.090  8772  8772 I AI_value:: 0.0
07-08 16:10:22.090  8772  8772 I AI_raw: : 00000000
07-08 16:10:22.103  8772  8772 W UiThreadStatement: Already on the UI thread, this method should not be called from the main application thread
07-08 16:10:22.103  8772  8772 I I/O     : [Req]<Read AI 4 Status> 01040006000291ca
07-08 16:10:22.155   800   800 I SurfaceFlinger: screenshot (com.oringnet.wm/com.oring.SlideActivity@8772#0)
07-08 16:10:22.171  8772  8772 I ViewRootImpl: ViewRoot's Touch Event : ACTION_UP
07-08 16:10:22.171  8772  8772 I TouchFlickNoti: CHANGE UP TO DOWN vectorVelocity:1202
07-08 16:10:22.213  8772  8772 W UiThreadStatement: Already on the UI thread, this method should not be called from the main application thread
07-08 16:10:22.214  8772  8772 I I/O     : [Req]<Read AI 4 Status> 010400080002f009
07-08 16:10:22.214  8772  8772 I I/O     : [Rsp]<Read AI 4 Status> 0104044412f99a8d4a
07-08 16:10:22.300  8772  8772 I AI_value:: 587.9
07-08 16:10:22.301  8772  8772 I AI_raw: : 4412f99a
07-08 16:10:22.396  8772  8772 W UiThreadStatement: Already on the UI thread, this method should not be called from the main application thread
07-08 16:10:22.397  8772  8772 I I/O     : [Req]<Read AI 5 Status> 0104000A000251c9
07-08 16:10:22.397  8772  8772 I I/O     : [Rsp]<Read AI 5 Status> 01040400000000fb84
07-08 16:10:22.421   989 22254 D MtkOmxVenc: [0xe5725400] AVC EncTime=16488 (us), RGB_2_YUV=0, FrameCount= 82536, buf timestamp=6511000 (6511000934) IsKey(0), Size(775)  Slotbitcount(787720) : in VA=0xE7FD5E00, offset=0x00000000, len=12, flags=0x00000010 : out VA=0xE1245000, offset=0x00000000sec:0x0, 0x0, pending=2
07-08 16:10:22.435   800   800 I SurfaceFlinger: screenshot (com.oringnet.wm/com.oring.SlideActivity@8772#0)
07-08 16:10:22.484  8772  8772 I AI_value:: 0.0
07-08 16:10:22.484  8772  8772 I AI_raw: : 00000000
07-08 16:10:22.552   800   800 I SurfaceFlinger: screenshot (com.oringnet.wm/com.oring.SlideActivity@8772#0)
07-08 16:10:22.580  8772  8902 I myPeriod_I/O: 目前時間:2021/07/08 04:10:22
07-08 16:10:22.580  8772  8902 I myPeriod_I/O: 目前timerCount:0
07-08 16:10:22.580  8772  8902 I myPeriod_I/O: 當前於輪詢中
07-08 16:10:22.596  8772  8772 W UiThreadStatement: Already on the UI thread, this method should not be called from the main application thread
07-08 16:10:22.596  8772  8772 I I/O     : [Req]<Read AI Type> 010304000006c4f8
07-08 16:10:22.597  8772  8772 I I/O     : [Rsp]<Read AI Type> 01030c000501020215031302150313dbb0
07-08 16:10:22.697  8772  8772 W UiThreadStatement: Already on the UI thread, this method should not be called from the main application thread
07-08 16:10:22.697  8772  8772 I I/O     : [Req]<Read RTD 2 mode> 010303050004544c
07-08 16:10:22.697  8772  8772 I I/O     : [Rsp]<Read RTD 2 mode> 0103080003000200000000df17
07-08 16:10:22.697  8772  8772 I RTD_mode:: 0003000200000000
07-08 16:10:22.697  8772  8772 I parseRTD_mode: SW index 0 = 3
07-08 16:10:22.697  8772  8772 I parseRTD_mode: SW index 2 = 2
07-08 16:10:22.697  8772  8772 I parseRTD_mode: SW index 1 = 0
07-08 16:10:22.697  8772  8772 I parseRTD_mode: SW index 3 = 0
07-08 16:10:22.719   800   800 I SurfaceFlinger: screenshot (com.oringnet.wm/com.oring.SlideActivity@8772#0)
07-08 16:10:22.797  8772  8772 W UiThreadStatement: Already on the UI thread, this method should not be called from the main application thread
07-08 16:10:22.797  8772  8772 I I/O     : [Req]<Read Mode> 010403f90001e1bf
07-08 16:10:22.798  8772  8772 I I/O     : [Rsp]<Read Mode> 010402610090a0
07-08 16:10:22.799  8772  8772 I MCU_MODE: Status = 24832
07-08 16:10:22.799  8772  8772 I finish  : @@!!
07-08 16:10:22.936   800   800 I SurfaceFlinger: screenshot (com.oringnet.wm/com.oring.SlideActivity@8772#0)
07-08 16:10:22.956   800  2204 I BufferQueueProducer: [com.oringnet.wm/com.oring.SlideActivity@8772#0](this:0x78010a4000,id:426,api:1,p:8772,c:800) queueBuffer: fps=43.65 dur=1007.93 max=122.84 min=6.76
07-08 16:10:23.069   800   800 I SurfaceFlinger: screenshot (com.oringnet.wm/com.oring.SlideActivity@8772#0)
07-08 16:10:23.079  8772  8902 I myPeriod_I/O: 目前時間:2021/07/08 04:10:23
07-08 16:10:23.079  8772  8902 I myPeriod_I/O: 目前timerCount:-1
07-08 16:10:23.079  8772  8902 I myPeriod_I/O: is pendding -> 0
07-08 16:10:23.169   800   800 I SurfaceFlinger: screenshot (com.oringnet.wm/com.oring.SlideActivity@8772#0)
07-08 16:10:23.270   800   800 I SurfaceFlinger: screenshot (com.oringnet.wm/com.oring.SlideActivity@8772#0)
07-08 16:10:23.386   800   800 I SurfaceFlinger: screenshot (com.oringnet.wm/com.oring.SlideActivity@8772#0)
07-08 16:10:23.504   800   800 I SurfaceFlinger: screenshot (com.oringnet.wm/com.oring.SlideActivity@8772#0)
07-08 16:10:23.580  8772  8902 I myPeriod_I/O: 目前時間:2021/07/08 04:10:23
07-08 16:10:23.580  8772  8902 I myPeriod_I/O: 目前timerCount:-1
07-08 16:10:23.580  8772  8902 I myPeriod_I/O: is pendding -> 1
07-08 16:10:23.603   800   800 I SurfaceFlinger: screenshot (com.oringnet.wm/com.oring.SlideActivity@8772#0)
07-08 16:10:23.720   800   800 I SurfaceFlinger: screenshot (com.oringnet.wm/com.oring.SlideActivity@8772#0)
07-08 16:10:24.082  8772  8902 I myPeriod_I/O: 目前時間:2021/07/08 04:10:24
07-08 16:10:24.082  8772  8902 I myPeriod_I/O: 目前timerCount:-1
07-08 16:10:24.082  8772  8902 I myPeriod_I/O: is pendding -> 2
07-08 16:10:24.101   800  1415 I BufferQueueProducer: [com.oringnet.wm/com.oring.SlideActivity@8772#0](this:0x78010a4000,id:426,api:1,p:8772,c:800) queueBuffer: fps=40.17 dur=1145.25 max=395.16 min=14.97
07-08 16:10:24.136   800   800 I SurfaceFlinger: screenshot (com.oringnet.wm/com.oring.SlideActivity@8772#0)
07-08 16:10:24.284  8772  8772 I ViewRootImpl: ViewRoot's Touch Event : ACTION_DOWN
07-08 16:10:24.286   800   800 I SurfaceFlinger: screenshot (com.oringnet.wm/com.oring.SlideActivity@8772#0)
07-08 16:10:24.403   800   800 I SurfaceFlinger: screenshot (com.oringnet.wm/com.oring.SlideActivity@8772#0)
07-08 16:10:24.520   800   800 I SurfaceFlinger: screenshot (com.oringnet.wm/com.oring.SlideActivity@8772#0)
07-08 16:10:24.581  8772  8902 I myPeriod_I/O: 目前時間:2021/07/08 04:10:24
07-08 16:10:24.581  8772  8902 I myPeriod_I/O: 目前timerCount:-1
07-08 16:10:24.581  8772  8902 I myPeriod_I/O: is pendding -> 3
07-08 16:10:24.636   800   800 I SurfaceFlinger: screenshot (com.oringnet.wm/com.oring.SlideActivity@8772#0)
07-08 16:10:24.754   800   800 I SurfaceFlinger: screenshot (com.oringnet.wm/com.oring.SlideActivity@8772#0)
07-08 16:10:24.853   800   800 I SurfaceFlinger: screenshot (com.oringnet.wm/com.oring.SlideActivity@8772#0)
07-08 16:10:24.970   800   800 I SurfaceFlinger: screenshot (com.oringnet.wm/com.oring.SlideActivity@8772#0)
07-08 16:10:25.085  8772  8902 I myPeriod_I/O: 目前時間:2021/07/08 04:10:25
07-08 16:10:25.085  8772  8902 I myPeriod_I/O: 目前timerCount:-1
07-08 16:10:25.085  8772  8902 I myPeriod_I/O: is pendding -> 4
07-08 16:10:25.087   800   800 I SurfaceFlinger: screenshot (com.oringnet.wm/com.oring.SlideActivity@8772#0)
07-08 16:10:25.106   800   831 I BufferQueueProducer: [com.oringnet.wm/com.oring.SlideActivity@8772#0](this:0x78010a4000,id:426,api:1,p:8772,c:800) queueBuffer: fps=59.71 dur=1004.84 max=26.26 min=8.21
07-08 16:10:25.203   800   800 I SurfaceFlinger: screenshot (com.oringnet.wm/com.oring.SlideActivity@8772#0)
07-08 16:10:25.208  8772  8772 I ViewRootImpl: ViewRoot's Touch Event : ACTION_UP
07-08 16:10:25.209  8772  8772 I TouchFlickNoti: CHANGE UP TO DOWN vectorVelocity:1187
07-08 16:10:25.303   800   800 I SurfaceFlinger: screenshot (com.oringnet.wm/com.oring.SlideActivity@8772#0)
07-08 16:10:25.422   800   800 I SurfaceFlinger: screenshot (com.oringnet.wm/com.oring.SlideActivity@8772#0)
07-08 16:10:25.537   800   800 I SurfaceFlinger: screenshot (com.oringnet.wm/com.oring.SlideActivity@8772#0)
07-08 16:10:25.582  8772  8902 I myPeriod_I/O: 目前時間:2021/07/08 04:10:25
07-08 16:10:25.582  8772  8902 I myPeriod_I/O: 目前timerCount:-1
07-08 16:10:25.582  8772  8902 I myPeriod_I/O: is pendding -> 5
07-08 16:10:25.654   800   800 I SurfaceFlinger: screenshot (com.oringnet.wm/com.oring.SlideActivity@8772#0)
07-08 16:10:25.789   800   800 I SurfaceFlinger: screenshot (com.oringnet.wm/com.oring.SlideActivity@8772#0)
07-08 16:10:25.929  8772  8772 I ViewRootImpl: ViewRoot's Touch Event : ACTION_DOWN
07-08 16:10:25.937  8772  8772 I ViewRootImpl: ViewRoot's Touch Event : ACTION_UP
07-08 16:10:26.104   800   800 I SurfaceFlinger: screenshot (com.oringnet.wm/com.oring.SlideActivity@8772#0)
07-08 16:10:26.458  8772  8772 D BluetoothGatt: setCharacteristicNotification() - uuid: 6e400003-b5a3-f393-e0a9-e50e24dcca9e enable: true
07-08 16:10:26.745  8772  8772 W UiThreadStatement: Already on the UI thread, this method should not be called from the main application thread
07-08 16:10:26.745  8772  8772 I I/O     : [Req]<Read Mode> 010503f9FF005c4f
07-08 16:10:26.745  8772  8772 I I/O     : [Rsp]<Read Mode> 018502c351
07-08 16:10:26.758   800   831 I BufferQueueProducer: [com.oringnet.wm/com.oring.SlideActivity@8772#0](this:0x78010a4000,id:426,api:1,p:8772,c:800) queueBuffer: fps=27.85 dur=1651.64 max=679.93 min=9.10
07-08 16:10:26.759  8772  8797 I OpenGLRenderer: Davey! duration=763ms; Flags=0, IntendedVsync=6514596788300, Vsync=6515079076657, OldestInputEvent=9223372036854775807, NewestInputEvent=0, HandleInputStart=6515082616590, AnimationStart=6515082671974, PerformTraversalsStart=6515083582513, DrawStart=6515316581921, SyncQueued=6515344229847, SyncStart=6515345414616, IssueDrawCommandsStart=6515347588847, SwapBuffers=6515359773233, FrameCompleted=6515361696387, DequeueBufferDuration=1001000, QueueBufferDuration=1264000, 
07-08 16:10:26.772   800   800 I SurfaceFlinger: screenshot (com.oringnet.wm/com.oring.SlideActivity@8772#0)
07-08 16:10:26.876  8772  8772 W UiThreadStatement: Already on the UI thread, this method should not be called from the main application thread
07-08 16:10:26.877  8772  8772 I ForcingPage: [Req]<READ DI STATUS> 01020000000479c9
07-08 16:10:26.877  8772  8772 I ForcingPage: [Rsp]<READ DI STATUS> 01020100a188
07-08 16:10:26.974  8772  8772 W UiThreadStatement: Already on the UI thread, this method should not be called from the main application thread
07-08 16:10:26.974  8772  8772 I ForcingPage: [Req]<READ DO STATUS> 0101000000043dc9
07-08 16:10:26.976  8772  8772 I ForcingPage: [Rsp]<READ DO STATUS> 010101005188
07-08 16:10:27.020   800   800 I SurfaceFlinger: screenshot (com.oringnet.wm/com.oring.SlideActivity@8772#0)
07-08 16:10:27.072  8772  8772 W UiThreadStatement: Already on the UI thread, this method should not be called from the main application thread
07-08 16:10:27.072  8772  8772 I ForcingPage: [Req]<READ RELAY STATUS> 010100040002fc0a
07-08 16:10:27.072  8772  8772 I ForcingPage: [Rsp]<READ RELAY STATUS> 010101005188
07-08 16:10:27.137   800   800 I SurfaceFlinger: screenshot (com.oringnet.wm/com.oring.SlideActivity@8772#0)
07-08 16:10:27.172  8772  8772 W UiThreadStatement: Already on the UI thread, this method should not be called from the main application thread
07-08 16:10:27.172  8772  8772 I ForcingPage: [Req]<READ AI STATUS> 01040000000271cb
07-08 16:10:27.173  8772  8772 I ForcingPage: [Rsp]<READ AI STATUS> 010404bc9be55fa553
07-08 16:10:27.208   800   800 I SurfaceFlinger: screenshot (com.oringnet.wm/com.oring.SlideActivity@8772#0)
07-08 16:10:27.254   800   800 I SurfaceFlinger: screenshot (com.oringnet.wm/com.oring.SlideActivity@8772#0)
07-08 16:10:27.267  8772  8772 W UiThreadStatement: Already on the UI thread, this method should not be called from the main application thread
07-08 16:10:27.268  8772  8772 I ForcingPage: [Req]<READ AI STATUS> 010400020002d00b
07-08 16:10:27.273  8772  8772 I ForcingPage: [Rsp]<READ AI STATUS> 0104043dcc013df656
07-08 16:10:27.365  8772  8772 W UiThreadStatement: Already on the UI thread, this method should not be called from the main application thread
07-08 16:10:27.365  8772  8772 I ForcingPage: [Req]<READ AI STATUS> 010400040002300a
07-08 16:10:27.368  8772  8772 I ForcingPage: [Rsp]<READ AI STATUS> 0104044412f99a8d4a
07-08 16:10:27.370   800   800 I SurfaceFlinger: screenshot (com.oringnet.wm/com.oring.SlideActivity@8772#0)
07-08 16:10:27.470   800   800 I SurfaceFlinger: screenshot (com.oringnet.wm/com.oring.SlideActivity@8772#0)
07-08 16:10:27.510  8772  8772 W UiThreadStatement: Already on the UI thread, this method should not be called from the main application thread
07-08 16:10:27.510  8772  8772 I ForcingPage: [Req]<READ AI STATUS> 01040006000291ca
07-08 16:10:27.511  8772  8772 I ForcingPage: [Rsp]<READ AI STATUS> 01040400000000fb84
07-08 16:10:27.641   800   800 I SurfaceFlinger: screenshot (com.oringnet.wm/com.oring.SlideActivity@8772#0)
07-08 16:10:27.656  8772  8772 W UiThreadStatement: Already on the UI thread, this method should not be called from the main application thread
07-08 16:10:27.657  8772  8772 I ForcingPage: [Req]<READ AI STATUS> 010400080002f009
07-08 16:10:27.657  8772  8772 I ForcingPage: [Rsp]<READ AI STATUS> 0104044412f99a8d4a
07-08 16:10:27.760   800   831 I BufferQueueProducer: [com.oringnet.wm/com.oring.SlideActivity@8772#0](this:0x78010a4000,id:426,api:1,p:8772,c:800) queueBuffer: fps=23.95 dur=1002.08 max=176.98 min=6.85
07-08 16:10:27.773   800   800 I SurfaceFlinger: screenshot (com.oringnet.wm/com.oring.SlideActivity@8772#0)
07-08 16:10:27.803  8772  8772 W UiThreadStatement: Already on the UI thread, this method should not be called from the main application thread
07-08 16:10:27.803  8772  8772 I ForcingPage: [Req]<READ AI STATUS> 0104000A000251c9
07-08 16:10:27.803  8772  8772 I ForcingPage: [Rsp]<READ AI STATUS> 01040400000000fb84
07-08 16:10:27.906   800   800 I SurfaceFlinger: screenshot (com.oringnet.wm/com.oring.SlideActivity@8772#0)
07-08 16:10:27.950  8772  8772 W UiThreadStatement: Already on the UI thread, this method should not be called from the main application thread
07-08 16:10:27.950  8772  8772 I ForcingPage: [Req]<READ AI TYPE> 010304000006c4f8
07-08 16:10:27.951  8772  8772 I ForcingPage: [Rsp]<READ AI TYPE> 01030c000501020215031302150313dbb0
07-08 16:10:28.069  8772  8772 W UiThreadStatement: Already on the UI thread, this method should not be called from the main application thread
07-08 16:10:28.069  8772  8772 I ForcingPage: [Req]<READ FORCE STATUS> 010303f90001547f
07-08 16:10:28.070  8772  8772 I ForcingPage: [Rsp]<READ FORCE STATUS> 0103020000b844
07-08 16:10:28.070  8772  8772 I ForcingStatus: 0
07-08 16:10:28.073   800   800 I SurfaceFlinger: screenshot (com.oringnet.wm/com.oring.SlideActivity@8772#0)
07-08 16:10:28.147  8772  8772 W UiThreadStatement: Already on the UI thread, this method should not be called from the main application thread
07-08 16:10:28.148  8772  8772 I ForcingPage: [Req]<READ FORCE STATUS> 010503f9FF005c4f
07-08 16:10:28.148  8772  8772 I ForcingPage: [Rsp]<READ FORCE STATUS> 018502c351
07-08 16:10:28.221   800   800 I SurfaceFlinger: screenshot (com.oringnet.wm/com.oring.SlideActivity@8772#0)
07-08 16:10:28.321   800   800 I SurfaceFlinger: screenshot (com.oringnet.wm/com.oring.SlideActivity@8772#0)
07-08 16:10:31.248  8772  8772 I ViewRootImpl: ViewRoot's Touch Event : ACTION_DOWN
07-08 16:10:31.256   800   800 I SurfaceFlinger: screenshot (com.oringnet.wm/com.oring.SlideActivity@8772#0)
07-08 16:10:31.267  8772  8772 I ViewRootImpl: ViewRoot's Touch Event : ACTION_UP
07-08 16:10:31.288   800  1415 I BufferQueueProducer: [com.oringnet.wm/com.oring.SlideActivity@8772#0](this:0x78010a4000,id:426,api:1,p:8772,c:800) queueBuffer: fps=5.67 dur=3528.52 max=2969.92 min=12.78
07-08 16:10:31.367  8772  8772 W UiThreadStatement: Already on the UI thread, this method should not be called from the main application thread
07-08 16:10:31.368  8772  8772 I ForcingPage: [Req]<WRITE DO_0 STATUS> 01050000FF008c3a
07-08 16:10:31.383  8772  8772 I ForcingPage: [Rsp]<WRITE DO_0 STATUS> 01050000ff008c3a
07-08 16:10:31.467  8772  8772 W UiThreadStatement: Already on the UI thread, this method should not be called from the main application thread
07-08 16:10:31.467  8772  8772 I ForcingPage: [Req]<READ DI STATUS> 01020000000479c9
07-08 16:10:31.467  8772  8772 I ForcingPage: [Rsp]<READ DI STATUS> 01020100a188
07-08 16:10:31.504   800   800 I SurfaceFlinger: screenshot (com.oringnet.wm/com.oring.SlideActivity@8772#0)
07-08 16:10:31.558  8772  8772 W UiThreadStatement: Already on the UI thread, this method should not be called from the main application thread
07-08 16:10:31.558  8772  8772 I ForcingPage: [Req]<READ DO STATUS> 0101000000043dc9
07-08 16:10:31.558  8772  8772 I ForcingPage: [Rsp]<READ DO STATUS> 010101005188
07-08 16:10:31.667  8772  8772 W UiThreadStatement: Already on the UI thread, this method should not be called from the main application thread
07-08 16:10:31.667  8772  8772 I ForcingPage: [Req]<READ RELAY STATUS> 010100040002fc0a
07-08 16:10:31.668  8772  8772 I ForcingPage: [Rsp]<READ RELAY STATUS> 010101005188
07-08 16:10:31.754   800   800 I SurfaceFlinger: screenshot (com.oringnet.wm/com.oring.SlideActivity@8772#0)
07-08 16:10:31.768  8772  8772 W UiThreadStatement: Already on the UI thread, this method should not be called from the main application thread
07-08 16:10:31.768  8772  8772 I ForcingPage: [Req]<READ AI STATUS> 01040000000271cb
07-08 16:10:31.768  8772  8772 I ForcingPage: [Rsp]<READ AI STATUS> 010404bc9c1a7f54ba
07-08 16:10:31.904   800   800 I SurfaceFlinger: screenshot (com.oringnet.wm/com.oring.SlideActivity@8772#0)
07-08 16:10:31.914  8772  8772 W UiThreadStatement: Already on the UI thread, this method should not be called from the main application thread
07-08 16:10:31.914  8772  8772 I ForcingPage: [Req]<READ AI STATUS> 010400020002d00b
07-08 16:10:31.915  8772  8772 I ForcingPage: [Rsp]<READ AI STATUS> 0104043dcc032436fc
07-08 16:10:32.044  8772  8772 W UiThreadStatement: Already on the UI thread, this method should not be called from the main application thread
07-08 16:10:32.044  8772  8772 I ForcingPage: [Req]<READ AI STATUS> 010400040002300a
07-08 16:10:32.044  8772  8772 I ForcingPage: [Rsp]<READ AI STATUS> 0104044412f99a8d4a
07-08 16:10:32.156   800   800 I SurfaceFlinger: screenshot (com.oringnet.wm/com.oring.SlideActivity@8772#0)
07-08 16:10:32.190  8772  8772 W UiThreadStatement: Already on the UI thread, this method should not be called from the main application thread
07-08 16:10:32.190  8772  8772 I ForcingPage: [Req]<READ AI STATUS> 01040006000291ca
07-08 16:10:32.191  8772  8772 I ForcingPage: [Rsp]<READ AI STATUS> 01040400000000fb84
07-08 16:10:32.288   800   800 I SurfaceFlinger: screenshot (com.oringnet.wm/com.oring.SlideActivity@8772#0)
07-08 16:10:32.337  8772  8772 W UiThreadStatement: Already on the UI thread, this method should not be called from the main application thread
07-08 16:10:32.337  8772  8772 I ForcingPage: [Req]<READ AI STATUS> 010400080002f009
07-08 16:10:32.337  8772  8772 I ForcingPage: [Rsp]<READ AI STATUS> 0104044412f99a8d4a
07-08 16:10:32.424   800   831 I BufferQueueProducer: [com.oringnet.wm/com.oring.SlideActivity@8772#0](this:0x78010a4000,id:426,api:1,p:8772,c:800) queueBuffer: fps=35.23 dur=1135.31 max=164.77 min=8.22
07-08 16:10:32.438   800   800 I SurfaceFlinger: screenshot (com.oringnet.wm/com.oring.SlideActivity@8772#0)
07-08 16:10:32.483  8772  8772 W UiThreadStatement: Already on the UI thread, this method should not be called from the main application thread
07-08 16:10:32.483  8772  8772 I ForcingPage: [Req]<READ AI STATUS> 0104000A000251c9
07-08 16:10:32.483  8772  8772 I ForcingPage: [Rsp]<READ AI STATUS> 01040400000000fb84
07-08 16:10:32.588   800   800 I SurfaceFlinger: screenshot (com.oringnet.wm/com.oring.SlideActivity@8772#0)
07-08 16:10:32.629  8772  8772 W UiThreadStatement: Already on the UI thread, this method should not be called from the main application thread
07-08 16:10:32.629  8772  8772 I ForcingPage: [Req]<READ AI TYPE> 010304000006c4f8
07-08 16:10:32.633  8772  8772 I ForcingPage: [Rsp]<READ AI TYPE> 01030c000501020215031302150313dbb0
07-08 16:10:32.726  8772  8772 W UiThreadStatement: Already on the UI thread, this method should not be called from the main application thread
07-08 16:10:32.726  8772  8772 I ForcingPage: [Req]<READ FORCE STATUS> 010303f90001547f
07-08 16:10:32.727  8772  8772 I ForcingPage: [Rsp]<READ FORCE STATUS> 0103020000b844
07-08 16:10:32.727  8772  8772 I ForcingStatus: 0
07-08 16:10:32.823  8772  8772 I ForcingPage: [Rsp]<READ FORCE STATUS> 018502c351
07-08 16:10:32.824  8772  8772 W UiThreadStatement: Already on the UI thread, this method should not be called from the main application thread
07-08 16:10:32.824  8772  8772 I ForcingPage: [Req]<READ FORCE STATUS> 010503f9FF005c4f
07-08 16:10:33.516  8772  8772 I ViewRootImpl: ViewRoot's Touch Event : ACTION_DOWN
07-08 16:10:33.524   800   800 I SurfaceFlinger: screenshot (com.oringnet.wm/com.oring.SlideActivity@8772#0)
07-08 16:10:33.529  8772  8772 I ViewRootImpl: ViewRoot's Touch Event : ACTION_UP
07-08 16:10:33.557   800   831 I BufferQueueProducer: [com.oringnet.wm/com.oring.SlideActivity@8772#0](this:0x78010a4000,id:426,api:1,p:8772,c:800) queueBuffer: fps=2.65 dur=1133.29 max=891.76 min=97.86
07-08 16:10:33.667  8772  8772 W UiThreadStatement: Already on the UI thread, this method should not be called from the main application thread
07-08 16:10:33.667  8772  8772 I ForcingPage: [Req]<WRITE DO_1 STATUS> 01050001FF00ddfa
07-08 16:10:33.667  8772  8772 I ForcingPage: [Rsp]<WRITE DO_1 STATUS> 01050001ff00ddfa
07-08 16:10:33.767  8772  8772 W UiThreadStatement: Already on the UI thread, this method should not be called from the main application thread
07-08 16:10:33.767  8772  8772 I ForcingPage: [Req]<READ DI STATUS> 01020000000479c9
07-08 16:10:33.767  8772  8772 I ForcingPage: [Rsp]<READ DI STATUS> 01020100a188
07-08 16:10:33.788   800   800 I SurfaceFlinger: screenshot (com.oringnet.wm/com.oring.SlideActivity@8772#0)
07-08 16:10:33.848  8772  8772 W UiThreadStatement: Already on the UI thread, this method should not be called from the main application thread
07-08 16:10:33.848  8772  8772 I ForcingPage: [Req]<READ DO STATUS> 0101000000043dc9
07-08 16:10:33.848  8772  8772 I ForcingPage: [Rsp]<READ DO STATUS> 010101005188
07-08 16:10:33.951  8772  8772 W UiThreadStatement: Already on the UI thread, this method should not be called from the main application thread
07-08 16:10:33.951  8772  8772 I ForcingPage: [Req]<READ RELAY STATUS> 010100040002fc0a
07-08 16:10:33.951  8772  8772 I ForcingPage: [Rsp]<READ RELAY STATUS> 010101005188
07-08 16:10:34.052  8772  8772 W UiThreadStatement: Already on the UI thread, this method should not be called from the main application thread
07-08 16:10:34.052  8772  8772 I ForcingPage: [Req]<READ AI STATUS> 01040000000271cb
07-08 16:10:34.052  8772  8772 I ForcingPage: [Rsp]<READ AI STATUS> 010404bc9b207ff7db
07-08 16:10:34.070   800   800 I SurfaceFlinger: screenshot (com.oringnet.wm/com.oring.SlideActivity@8772#0)
07-08 16:10:34.189  8772  8772 W UiThreadStatement: Already on the UI thread, this method should not be called from the main application thread
07-08 16:10:34.189  8772  8772 I ForcingPage: [Req]<READ AI STATUS> 010400020002d00b
07-08 16:10:34.190  8772  8772 I ForcingPage: [Rsp]<READ AI STATUS> 0104043dcbff58c7dc
07-08 16:10:34.205   800   800 I SurfaceFlinger: screenshot (com.oringnet.wm/com.oring.SlideActivity@8772#0)
07-08 16:10:34.286  8772  8772 W UiThreadStatement: Already on the UI thread, this method should not be called from the main application thread
07-08 16:10:34.286  8772  8772 I ForcingPage: [Req]<READ AI STATUS> 010400040002300a
07-08 16:10:34.287  8772  8772 I ForcingPage: [Rsp]<READ AI STATUS> 0104044412f99a8d4a
07-08 16:10:34.390   800   800 I SurfaceFlinger: screenshot (com.oringnet.wm/com.oring.SlideActivity@8772#0)
07-08 16:10:34.433  8772  8772 W UiThreadStatement: Already on the UI thread, this method should not be called from the main application thread
07-08 16:10:34.433  8772  8772 I ForcingPage: [Req]<READ AI STATUS> 01040006000291ca
07-08 16:10:34.433  8772  8772 I ForcingPage: [Rsp]<READ AI STATUS> 01040400000000fb84
07-08 16:10:34.524   800   800 I SurfaceFlinger: screenshot (com.oringnet.wm/com.oring.SlideActivity@8772#0)
07-08 16:10:34.579  8772  8772 W UiThreadStatement: Already on the UI thread, this method should not be called from the main application thread
07-08 16:10:34.579  8772  8772 I ForcingPage: [Req]<READ AI STATUS> 010400080002f009
07-08 16:10:34.580  8772  8772 I ForcingPage: [Rsp]<READ AI STATUS> 0104044412f99a8d4a
07-08 16:10:34.695   800  2204 I BufferQueueProducer: [com.oringnet.wm/com.oring.SlideActivity@8772#0](this:0x78010a4000,id:426,api:1,p:8772,c:800) queueBuffer: fps=36.02 dur=1138.22 max=184.54 min=6.88
07-08 16:10:34.707   800   800 I SurfaceFlinger: screenshot (com.oringnet.wm/com.oring.SlideActivity@8772#0)
07-08 16:10:34.725  8772  8772 W UiThreadStatement: Already on the UI thread, this method should not be called from the main application thread
07-08 16:10:34.725  8772  8772 I ForcingPage: [Req]<READ AI STATUS> 0104000A000251c9
07-08 16:10:34.726  8772  8772 I ForcingPage: [Rsp]<READ AI STATUS> 01040400000000fb84
07-08 16:10:34.841   800   800 I SurfaceFlinger: screenshot (com.oringnet.wm/com.oring.SlideActivity@8772#0)
07-08 16:10:34.872  8772  8772 I ForcingPage: [Rsp]<READ AI TYPE> 01030c000501020215031302150313dbb0
07-08 16:10:34.881  8772  8772 W UiThreadStatement: Already on the UI thread, this method should not be called from the main application thread
07-08 16:10:34.881  8772  8772 I ForcingPage: [Req]<READ FORCE STATUS> 010304000006c4f8
07-08 16:10:34.969  8772  8772 I ForcingPage: [Rsp]<READ FORCE STATUS> 0103020000b844
07-08 16:10:34.969  8772  8772 I ForcingStatus: 0
07-08 16:10:34.977  8772  8772 W UiThreadStatement: Already on the UI thread, this method should not be called from the main application thread
07-08 16:10:34.978  8772  8772 I ForcingPage: [Req]<READ FORCE STATUS> 010303f90001547f
07-08 16:10:35.067  8772  8772 I ForcingPage: [Rsp]<READ FORCE STATUS> 018502c351
07-08 16:10:35.069  8772  8772 W UiThreadStatement: Already on the UI thread, this method should not be called from the main application thread
07-08 16:10:35.069  8772  8772 I ForcingPage: [Req]<READ FORCE STATUS> 010503f9FF005c4f
07-08 16:10:35.752  8772  8772 I ViewRootImpl: ViewRoot's Touch Event : ACTION_DOWN
07-08 16:10:35.758   800   800 I SurfaceFlinger: screenshot (com.oringnet.wm/com.oring.SlideActivity@8772#0)
07-08 16:10:35.763  8772  8772 I ViewRootImpl: ViewRoot's Touch Event : ACTION_UP
07-08 16:10:35.790   800  2204 I BufferQueueProducer: [com.oringnet.wm/com.oring.SlideActivity@8772#0](this:0x78010a4000,id:426,api:1,p:8772,c:800) queueBuffer: fps=2.74 dur=1094.94 max=891.19 min=76.44
07-08 16:10:35.900  8772  8772 I ForcingPage: [Rsp]<WRITE DO_2 STATUS> 01050002ff002dfa
07-08 16:10:35.917  8772  8772 W UiThreadStatement: Already on the UI thread, this method should not be called from the main application thread
07-08 16:10:35.917  8772  8772 I ForcingPage: [Req]<READ DI STATUS> 01050002FF002dfa
07-08 16:10:36.001  8772  8772 W UiThreadStatement: Already on the UI thread, this method should not be called from the main application thread
07-08 16:10:36.001  8772  8772 I ForcingPage: [Req]<READ DI STATUS> 01020000000479c9
07-08 16:10:36.001  8772  8772 I ForcingPage: [Rsp]<READ DI STATUS> 01020100a188
07-08 16:10:36.007   800   800 I SurfaceFlinger: screenshot (com.oringnet.wm/com.oring.SlideActivity@8772#0)
07-08 16:10:36.091  8772  8772 W UiThreadStatement: Already on the UI thread, this method should not be called from the main application thread
07-08 16:10:36.091  8772  8772 I ForcingPage: [Req]<READ DO STATUS> 0101000000043dc9
