05-27 19:12:32.863   800   800 I MiniDump: 0x797e3fe000 |     DEVICE |          0 | 1.000 |    0   34  720 1600 |   0.0   0.0 720.0 1566.0 | com.oringnet.wm/com.oring.SlideActivity@18443#0
05-27 19:12:32.863   800   800 I MiniDump: 0x797e3fe000 |     DEVICE |          0 | 1.000 |    0   34  720 1600 |   0.0   0.0 720.0 1566.0 | com.oringnet.wm/com.oring.SlideActivity@18443#0
05-27 19:12:32.900 18443 18443 W UiThreadStatement: Already on the UI thread, this method should not be called from the main application thread
05-27 19:12:32.901 18443 18443 I Dashboard: [Req]<Read DO Status> 0101000000043dc9
05-27 19:12:32.901   800   800 I SurfaceFlinger: screenshot (com.oringnet.wm/com.oring.SlideActivity@18443#0)
05-27 19:12:32.901 18443 18443 I Dashboard: [Rsp]<Read DO Status> 010101005188
05-27 19:12:32.960 18443 18464 D Surface : Surface::disconnect(this=0x770da54000,api=1)
05-27 19:12:32.961   800   852 I BufferQueueProducer: [com.oringnet.wm/com.oring.ble.BLECreateActivity@18443#0](this:0x798eb54800,id:4475,api:1,p:18443,c:800) disconnect(P): api 1
05-27 19:12:32.964   800   800 I MiniDump: 0x797e3fe000 |     DEVICE |          0 | 1.000 |    0    0  720 1600 |   0.0   0.0 720.0 1600.0 | com.oringnet.wm/com.oring.SlideActivity@18443#0
05-27 19:12:32.964   800   800 I MiniDump: 0x797e3fe000 |     DEVICE |          0 | 1.000 |    0    0  720 1600 |   0.0   0.0 720.0 1600.0 | com.oringnet.wm/com.oring.SlideActivity@18443#0
05-27 19:12:32.992   800   800 I SurfaceFlinger: Remove BufferLayer(0x797e410000) com.oringnet.wm/com.oring.ble.BLECreateActivity@18443#0 (-1 x -1)
05-27 19:12:32.993   800   800 I BufferQueue: [com.oringnet.wm/com.oring.ble.BLECreateActivity@18443#0](this:0x798eb54800,id:4475,api:1,p:-1,c:-1) ~BufferQueueCore
05-27 19:12:32.997 18443 18443 W UiThreadStatement: Already on the UI thread, this method should not be called from the main application thread
05-27 19:12:32.997 18443 18443 I Dashboard: [Req]<Read RELAY Status> 010100040002fc0a
05-27 19:12:32.998 18443 18443 I Dashboard: [Rsp]<Read RELAY Status> 010101005188
05-27 19:12:33.003   800   800 I SurfaceFlinger: screenshot (com.oringnet.wm/com.oring.SlideActivity@18443#0)
05-27 19:12:33.094 18443 18443 W UiThreadStatement: Already on the UI thread, this method should not be called from the main application thread
05-27 19:12:33.095 18443 18443 I Dashboard: [Req]<Read DI COUNTER> 010404310004a136
05-27 19:12:33.095 18443 18443 I Dashboard: [Rsp]<Read DI COUNTER> 0104080000000000000000240d
05-27 19:12:33.192 18443 18443 W UiThreadStatement: Already on the UI thread, this method should not be called from the main application thread
05-27 19:12:33.192 18443 18443 I Dashboard: [Req]<Read AI 0 Status> 01040000000271cb
05-27 19:12:33.193 18443 18443 I Dashboard: [Rsp]<Read AI 0 Status> 010404b99c256c044b
05-27 19:12:33.206 18443 18443 I AI_value:: 0.0
05-27 19:12:33.206 18443 18443 I AI_raw: : b99c256c
05-27 19:12:33.265   800   800 I SurfaceFlinger: screenshot (com.oringnet.wm/com.oring.SlideActivity@18443#0)
05-27 19:12:33.290 18443 18443 W UiThreadStatement: Already on the UI thread, this method should not be called from the main application thread
05-27 19:12:33.290 18443 18443 I Dashboard: [Req]<Read AI 1 Status> 010400020002d00b
05-27 19:12:33.290 18443 18443 I Dashboard: [Rsp]<Read AI 1 Status> 01040400000000fb84
05-27 19:12:33.304 18443 18443 I AI_value:: 0.0
05-27 19:12:33.305 18443 18443 I AI_raw: : 00000000
05-27 19:12:33.389 18443 18443 W UiThreadStatement: Already on the UI thread, this method should not be called from the main application thread
05-27 19:12:33.389 18443 18443 I Dashboard: [Req]<Read AI 2 Status> 010400040002300a
05-27 19:12:33.389 18443 18443 I Dashboard: [Rsp]<Read AI 2 Status> 0104044412f99a8d4a
05-27 19:12:33.418 18443 18443 I AI_value:: 587.9
05-27 19:12:33.418 18443 18443 I AI_raw: : 4412f99a
05-27 19:12:33.485 18443 18443 W UiThreadStatement: Already on the UI thread, this method should not be called from the main application thread
05-27 19:12:33.485 18443 18443 I Dashboard: [Req]<Read AI 3 Status> 01040006000291ca
05-27 19:12:33.486 18443 18443 I Dashboard: [Rsp]<Read AI 3 Status> 01040400000000fb84
05-27 19:12:33.513 18443 18443 I AI_value:: 0.0
05-27 19:12:33.513 18443 18443 I AI_raw: : 00000000
05-27 19:12:33.515   800   800 I SurfaceFlinger: screenshot (com.oringnet.wm/com.oring.SlideActivity@18443#0)
05-27 19:12:33.583 18443 18443 I Dashboard: [Rsp]<Read AI 4 Status> 0104044412f99a8d4a
05-27 19:12:33.608 18443 18443 I AI_value:: 587.9
05-27 19:12:33.608 18443 18443 I AI_raw: : 4412f99a
05-27 19:12:33.613 18443 18443 W UiThreadStatement: Already on the UI thread, this method should not be called from the main application thread
05-27 19:12:33.614 18443 18443 I Dashboard: [Req]<Read AI 5 Status> 010400080002f009
05-27 19:12:33.680 18443 18443 W UiThreadStatement: Already on the UI thread, this method should not be called from the main application thread
05-27 19:12:33.680 18443 18443 I Dashboard: [Req]<Read AI 5 Status> 0104000A000251c9
05-27 19:12:33.680 18443 18443 I Dashboard: [Rsp]<Read AI 5 Status> 01040400000000fb84
05-27 19:12:33.703 18443 18443 I AI_value:: 0.0
05-27 19:12:33.703 18443 18443 I AI_raw: : 00000000
05-27 19:12:33.721   800  4119 I BufferQueueProducer: [com.oringnet.wm/com.oring.SlideActivity@18443#0](this:0x798ebef800,id:4479,api:1,p:18443,c:800) queueBuffer: fps=12.34 dur=1053.82 max=117.01 min=27.33
05-27 19:12:33.777 18443 18443 W UiThreadStatement: Already on the UI thread, this method should not be called from the main application thread
05-27 19:12:33.777 18443 18443 I Dashboard: [Req]<Read AI Type> 010304000006c4f8
05-27 19:12:33.778 18443 18443 I Dashboard: [Rsp]<Read AI Type> 01030c000501020215031302150313dbb0
05-27 19:12:33.783   800   800 I SurfaceFlinger: screenshot (com.oringnet.wm/com.oring.SlideActivity@18443#0)
05-27 19:12:33.875 18443 18443 W UiThreadStatement: Already on the UI thread, this method should not be called from the main application thread
05-27 19:12:33.875 18443 18443 I Dashboard: [Req]<Read RTD 2 mode> 010303050004544c
05-27 19:12:33.876 18443 18443 I Dashboard: [Rsp]<Read RTD 2 mode> 0103080003000200000000df17
05-27 19:12:33.876 18443 18443 I RTD_mode:: 0003000200000000
05-27 19:12:33.876 18443 18443 I finish  : @@!!
05-27 19:12:34.049   800   800 I SurfaceFlinger: screenshot (com.oringnet.wm/com.oring.SlideActivity@18443#0)
05-27 19:12:34.315   800   800 I SurfaceFlinger: screenshot (com.oringnet.wm/com.oring.SlideActivity@18443#0)
05-27 19:12:34.744 18443 18443 I ViewRootImpl: ViewRoot's Touch Event : ACTION_DOWN
05-27 19:12:34.750 18443 18443 I ViewRootImpl: ViewRoot's Touch Event : ACTION_UP
05-27 19:12:34.766   800   800 I SurfaceFlinger: screenshot (com.oringnet.wm/com.oring.SlideActivity@18443#0)
05-27 19:12:34.767   800   852 I BufferQueueProducer: [com.oringnet.wm/com.oring.SlideActivity@18443#0](this:0x798ebef800,id:4479,api:1,p:18443,c:800) queueBuffer: fps=18.16 dur=1046.06 max=437.66 min=15.16
05-27 19:12:35.032   800   800 I SurfaceFlinger: screenshot (com.oringnet.wm/com.oring.SlideActivity@18443#0)
05-27 19:12:36.381 18443 18443 I ViewRootImpl: ViewRoot's Touch Event : ACTION_DOWN
05-27 19:12:36.389   800   800 I SurfaceFlinger: screenshot (com.oringnet.wm/com.oring.SlideActivity@18443#0)
05-27 19:12:36.390 18443 18443 I ViewRootImpl: ViewRoot's Touch Event : ACTION_UP
05-27 19:12:36.401   800   852 I BufferQueueProducer: [com.oringnet.wm/com.oring.SlideActivity@18443#0](this:0x798ebef800,id:4479,api:1,p:18443,c:800) queueBuffer: fps=16.53 dur=1633.84 max=1200.74 min=5.78
05-27 19:12:36.526 18443 18443 D BluetoothGatt: setCharacteristicNotification() - uuid: 6e400003-b5a3-f393-e0a9-e50e24dcca9e enable: true
05-27 19:12:36.585   800   800 I SurfaceFlinger: screenshot (com.oringnet.wm/com.oring.SlideActivity@18443#0)
05-27 19:12:36.628 18443 18443 D PhoneWindow: windowLightStatusBar : false, disable View.SYSTEM_UI_FLAG_LIGHT_STATUS_BAR
05-27 19:12:36.651 18443 18443 I TouchFilterInputStageHelper: [needTouchEventFilter] Displayid : 0
05-27 19:12:36.654 18443 18443 D BezellessGripSuppressionFilter: getdisplaysize, x : 720 y : 1600
05-27 19:12:36.678   800  4119 I BufferQueueConsumer: [com.oringnet.wm/com.oring.SlideActivity@18443#1](this:0x7982230800,id:4480,api:0,p:-1,c:800) setConsumerName: com.oringnet.wm/com.oring.SlideActivity@18443#1
05-27 19:12:36.678   800  4119 I BufferQueueConsumer: [com.oringnet.wm/com.oring.SlideActivity@18443#1](this:0x7982230800,id:4480,api:0,p:-1,c:800) setDefaultBufferSize: width=126 height=126
05-27 19:12:36.678   800  4119 I SurfaceFlinger: Create BufferLayer(0x798233a000) com.oringnet.wm/com.oring.SlideActivity@18443#1 (126 x 126)
05-27 19:12:36.683 18443 18464 D Surface : Surface::connect(this=0x770bc82000,api=1)
05-27 19:12:36.683   800   852 I BufferQueueProducer: [com.oringnet.wm/com.oring.SlideActivity@18443#1](this:0x7982230800,id:4480,api:1,p:18443,c:800) connect(P): api=1 producer=(18443:com.oringnet.wm) producerControlledByApp=false
05-27 19:12:36.684 18443 18464 D Surface : Surface::setBufferCount(this=0x770bc82000,bufferCount=3)
05-27 19:12:36.684 18443 18464 D Surface : Surface::allocateBuffers(this=0x770bc82000)
05-27 19:12:36.685   800   800 I SurfaceFlinger: screenshot (com.oringnet.wm/com.oring.SlideActivity@18443#0)
05-27 19:12:36.747   800   800 I MiniDump: 0x797e3fe000 |     DEVICE |          0 | 1.000 |    0    0  720 1600 |   0.0   0.0 720.0 1600.0 | com.oringnet.wm/com.oring.SlideActivity@18443#0
05-27 19:12:36.747   800   800 I MiniDump: 0x798233a000 |     DEVICE |          0 | 0.303 |  301  760  419  878 |   0.0   0.0 126.0 126.0 | com.oringnet.wm/com.oring.SlideActivity@18443#1
05-27 19:12:36.748   800   800 I MiniDump: 0x797e3fe000 |     DEVICE |          0 | 1.000 |    0    0  720 1600 |   0.0   0.0 720.0 1600.0 | com.oringnet.wm/com.oring.SlideActivity@18443#0
05-27 19:12:36.748   800   800 I MiniDump: 0x798233a000 |     DEVICE |          0 | 0.303 |  301  760  419  878 |   0.0   0.0 126.0 126.0 | com.oringnet.wm/com.oring.SlideActivity@18443#1
05-27 19:12:36.791   800   800 I SurfaceFlinger: screenshot (com.oringnet.wm/com.oring.SlideActivity@18443#0)
05-27 19:12:36.813 18443 18443 W UiThreadStatement: Already on the UI thread, this method should not be called from the main application thread
05-27 19:12:36.813 18443 18443 I DeviceInfoTest 2請求: 01030200000445b1
05-27 19:12:36.813 18443 18443 I HEX:    : 
05-27 19:12:36.813 18443 18443 I DeviceName:: 
05-27 19:12:36.820 18443 18443 I DeviceInfoTest 0響應: 010308000000000000000095d7
05-27 19:12:36.902   800   800 I SurfaceFlinger: screenshot (com.oringnet.wm/com.oring.SlideActivity@18443#0)
05-27 19:12:36.911 18443 18443 W UiThreadStatement: Already on the UI thread, this method should not be called from the main application thread
05-27 19:12:36.911 18443 18443 I DeviceInfoTest 1請求: 0103021000044474
05-27 19:12:36.912 18443 18443 I HEX:    : 
05-27 19:12:36.917 18443 18443 I DeviceInfoTest 2響應: 010308000000000000000095d7
05-27 19:12:36.995 18443 18443 W UiThreadStatement: Already on the UI thread, this method should not be called from the main application thread
05-27 19:12:36.995 18443 18443 I DeviceInfoTest 3請求: 010402140004b075
05-27 19:12:37.003 18443 18443 I DeviceInfoTest 2響應: 0104086f695f74657474731ff4
05-27 19:12:37.004   800   800 I SurfaceFlinger: screenshot (com.oringnet.wm/com.oring.SlideActivity@18443#0)
05-27 19:12:37.092 18443 18443 W UiThreadStatement: Already on the UI thread, this method should not be called from the main application thread
05-27 19:12:37.092 18443 18443 I DeviceInfoTest 3請求: 0104021800047076
05-27 19:12:37.093 18443 18443 I HEX:    : 6f695f74657474733830
05-27 19:12:37.101 18443 18443 I DeviceInfoTest 3響應: 010408383000000000000016bc
05-27 19:12:37.190 18443 18443 I NB_RSSI : 0000
05-27 19:12:37.197 18443 18443 I DeviceInfoTest 4響應: 0104020000b930
05-27 19:12:37.204 18443 18443 W UiThreadStatement: Already on the UI thread, this method should not be called from the main application thread
05-27 19:12:37.204 18443 18443 I DeviceInfoTest 5請求: 0104022400017079
05-27 19:12:37.266   800   800 I SurfaceFlinger: screenshot (com.oringnet.wm/com.oring.SlideActivity@18443#0)
05-27 19:12:37.288 18443 18443 I NB_RSRQ : 0000
05-27 19:12:37.293 18443 18443 I DeviceInfoTest 5響應: 0104020000b930
05-27 19:12:37.293 18443 18443 W UiThreadStatement: Already on the UI thread, this method should not be called from the main application thread
05-27 19:12:37.293 18443 18443 I DeviceInfoTest 6請求: 0104024700018067
05-27 19:12:37.386 18443 18443 I NB_RSRP : 0000
05-27 19:12:37.393 18443 18443 I DeviceInfoTest 6響應: 0104020000b930
05-27 19:12:37.394 18443 18443 W UiThreadStatement: Already on the UI thread, this method should not be called from the main application thread
05-27 19:12:37.394 18443 18443 I DeviceInfoTest 7請求: 010402480001b064
05-27 19:12:37.402   800   800 I SurfaceFlinger: screenshot (com.oringnet.wm/com.oring.SlideActivity@18443#0)
05-27 19:12:37.404   800   975 I BufferQueueProducer: [com.oringnet.wm/com.oring.SlideActivity@18443#0](this:0x798ebef800,id:4479,api:1,p:18443,c:800) queueBuffer: fps=29.91 dur=1003.17 max=155.83 min=5.79
05-27 19:12:37.484 18443 18443 I NB_SINR : 0000
05-27 19:12:37.490 18443 18443 I DeviceInfoTest 7響應: 0104020000b930
05-27 19:12:37.491 18443 18443 W UiThreadStatement: Already on the UI thread, this method should not be called from the main application thread
05-27 19:12:37.491 18443 18443 I DeviceInfoTest 8請求: 010402490001e1a4
05-27 19:12:37.568   800   800 I SurfaceFlinger: screenshot (com.oringnet.wm/com.oring.SlideActivity@18443#0)
05-27 19:12:37.580 18443 18443 W UiThreadStatement: Already on the UI thread, this method should not be called from the main application thread
05-27 19:12:37.580 18443 18443 I DeviceInfoTest 8請求: 010402270004407a
05-27 19:12:37.581 18443 18443 I HEX:    : 
05-27 19:12:37.588 18443 18443 I DeviceInfoTest 12響應: 0104080000000000000000240d
05-27 19:12:37.679 18443 18443 W UiThreadStatement: Already on the UI thread, this method should not be called from the main application thread
05-27 19:12:37.679 18443 18443 I DeviceInfoTest 13請求: 0104020000027073
05-27 19:12:37.686   800   800 I SurfaceFlinger: screenshot (com.oringnet.wm/com.oring.SlideActivity@18443#0)
05-27 19:12:37.686 18443 18443 I DeviceInfoTest 12響應: 0104043176312e812e
05-27 19:12:37.775 18443 18443 W UiThreadStatement: Already on the UI thread, this method should not be called from the main application thread
05-27 19:12:37.775 18443 18443 I DeviceInfoTest 13請求: 01040204000231b2
05-27 19:12:37.783 18443 18443 I DeviceInfoTest 12響應: 0104047473353006eb
05-27 19:12:37.872 18443 18443 W UiThreadStatement: Already on the UI thread, this method should not be called from the main application thread
05-27 19:12:37.873 18443 18443 I DeviceInfoTest 13請求: 010402080002f1b1
05-27 19:12:37.873 18443 18443 I HEX:    : 3176312e74733530
05-27 19:12:37.880 18443 18443 I DeviceInfoTest 13響應: 01040400000000fb84
05-27 19:12:37.950   800   800 I SurfaceFlinger: screenshot (com.oringnet.wm/com.oring.SlideActivity@18443#0)
05-27 19:12:37.976 18443 18443 I DeviceInfoTest 13響應: 010404362e6574bf72
05-27 19:12:37.976 18443 18443 W UiThreadStatement: Already on the UI thread, this method should not be called from the main application thread
05-27 19:12:37.976 18443 18443 I DeviceInfoTest 14請求: 010402020002d1b3
05-27 19:12:38.074 18443 18443 I DeviceInfoTest 13響應: 01040435300047b475
05-27 19:12:38.074 18443 18443 W UiThreadStatement: Already on the UI thread, this method should not be called from the main application thread
05-27 19:12:38.075 18443 18443 I DeviceInfoTest 14請求: 0104020600029072
05-27 19:12:38.165 18443 18443 I HEX:    : 362e657435300047
05-27 19:12:38.168   800   800 I SurfaceFlinger: screenshot (com.oringnet.wm/com.oring.SlideActivity@18443#0)
05-27 19:12:38.174 18443 18443 I DeviceInfoTest 8響應: 01040400000000fb84
05-27 19:12:38.174 18443 18443 W UiThreadStatement: Already on the UI thread, this method should not be called from the main application thread
05-27 19:12:38.174 18443 18443 I DeviceInfoTest 9請求: 0104020A00025071
05-27 19:12:38.263 18443 18443 I HEX:    : 323134333635
05-27 19:12:38.264 18443 18443 I Password: : 123456
05-27 19:12:38.269   800   800 I SurfaceFlinger: screenshot (com.oringnet.wm/com.oring.SlideActivity@18443#0)
05-27 19:12:38.272 18443 18443 I DeviceInfoTest 10響應: 0103083231343336350000282f
05-27 19:12:38.272 18443 18443 W UiThreadStatement: Already on the UI thread, this method should not be called from the main application thread
05-27 19:12:38.273 18443 18443 I DeviceInfoTest 11請求: 010303E80004c479
05-27 19:12:38.361 18443 18443 W UiThreadStatement: Already on the UI thread, this method should not be called from the main application thread
05-27 19:12:38.361 18443 18443 I DeviceInfoTest 11請求: 010302B600016454
05-27 19:12:38.362 18443 18443 I KeepALive: 003c
05-27 19:12:38.368 18443 18443 I DeviceInfoTest 11響應: 010302003cb855
05-27 19:12:38.457 18443 18443 W UiThreadStatement: Already on the UI thread, this method should not be called from the main application thread
05-27 19:12:38.457 18443 18443 I DeviceInfoTest 12請求: 010104000001fcfa
05-27 19:12:38.458 18443 18443 I fc_Status:: 00false
05-27 19:12:38.461 18443 18464 D Surface : Surface::disconnect(this=0x770bc82000,api=1)
05-27 19:12:38.461   800  4119 I BufferQueueProducer: [com.oringnet.wm/com.oring.SlideActivity@18443#1](this:0x7982230800,id:4480,api:1,p:18443,c:800) disconnect(P): api 1
05-27 19:12:38.476 18443 18443 I DeviceInfoTest -1響應: 010101005188
05-27 19:12:38.487   800   800 I SurfaceFlinger: screenshot (com.oringnet.wm/com.oring.SlideActivity@18443#0)
05-27 19:12:38.528   800  2411 I BufferQueueProducer: [com.oringnet.wm/com.oring.SlideActivity@18443#0](this:0x798ebef800,id:4479,api:1,p:18443,c:800) queueBuffer: fps=4.45 dur=1123.74 max=342.38 min=96.84
05-27 19:12:38.587   800   800 I SurfaceFlinger: screenshot (com.oringnet.wm/com.oring.SlideActivity@18443#0)
05-27 19:12:38.648   800   800 I MiniDump: 0x797e3fe000 |     DEVICE |          0 | 1.000 |    0    0  720 1600 |   0.0   0.0 720.0 1600.0 | com.oringnet.wm/com.oring.SlideActivity@18443#0
05-27 19:12:38.648   800   800 I MiniDump: 0x797e3fe000 |     DEVICE |          0 | 1.000 |    0    0  720 1600 |   0.0   0.0 720.0 1600.0 | com.oringnet.wm/com.oring.SlideActivity@18443#0
05-27 19:12:38.687   800   800 I SurfaceFlinger: screenshot (com.oringnet.wm/com.oring.SlideActivity@18443#0)
05-27 19:12:38.727   800   800 I SurfaceFlinger: Remove BufferLayer(0x798233a000) com.oringnet.wm/com.oring.SlideActivity@18443#1 (-1 x -1)
05-27 19:12:38.727   800   800 I BufferQueue: [com.oringnet.wm/com.oring.SlideActivity@18443#1](this:0x7982230800,id:4480,api:1,p:-1,c:-1) ~BufferQueueCore
05-27 19:12:38.733   800   800 I MiniDump: 0x797e3fe000 |     DEVICE |          0 | 1.000 |    0    0  720 1600 |   0.0   0.0 720.0 1600.0 | com.oringnet.wm/com.oring.SlideActivity@18443#0
05-27 19:12:38.733   800   800 I MiniDump: 0x797e3fe000 |     DEVICE |          0 | 1.000 |    0    0  720 1600 |   0.0   0.0 720.0 1600.0 | com.oringnet.wm/com.oring.SlideActivity@18443#0
05-27 19:12:38.950   800   800 I SurfaceFlinger: screenshot (com.oringnet.wm/com.oring.SlideActivity@18443#0)
05-27 19:12:39.200   800   800 I SurfaceFlinger: screenshot (com.oringnet.wm/com.oring.SlideActivity@18443#0)
05-27 19:12:39.449   800   800 I SurfaceFlinger: screenshot (com.oringnet.wm/com.oring.SlideActivity@18443#0)
05-27 19:12:39.466   800   800 I SurfaceFlinger: screenshot (com.oringnet.wm/com.oring.SlideActivity@18443#0)
05-27 19:12:39.716   800   800 I SurfaceFlinger: screenshot (com.oringnet.wm/com.oring.SlideActivity@18443#0)
05-27 19:12:39.984   800   800 I SurfaceFlinger: screenshot (com.oringnet.wm/com.oring.SlideActivity@18443#0)
05-27 19:12:40.099   800   851 I BufferQueueProducer: [com.oringnet.wm/com.oring.SlideActivity@18443#0](this:0x798ebef800,id:4479,api:1,p:18443,c:800) queueBuffer: fps=1.27 dur=1571.19 max=1564.49 min=6.70
05-27 19:12:40.251   800   800 I SurfaceFlinger: screenshot (com.oringnet.wm/com.oring.SlideActivity@18443#0)
05-27 19:12:41.514 18443 18443 I ViewRootImpl: ViewRoot's Touch Event : ACTION_DOWN
05-27 19:12:41.525   800   800 I SurfaceFlinger: screenshot (com.oringnet.wm/com.oring.SlideActivity@18443#0)
05-27 19:12:41.526 18443 18443 I ViewRootImpl: ViewRoot's Touch Event : ACTION_UP
05-27 19:12:41.625   800  2411 I BufferQueueProducer: [com.oringnet.wm/com.oring.SlideActivity@18443#0](this:0x798ebef800,id:4479,api:1,p:18443,c:800) queueBuffer: fps=10.49 dur=1525.55 max=1277.01 min=15.40
05-27 19:12:41.670   800   800 I SurfaceFlinger: screenshot (com.oringnet.wm/com.oring.SlideActivity@18443#0)
05-27 19:12:42.325   800   800 I SurfaceFlinger: screenshot (com.oringnet.wm/com.oring.SlideActivity@18443#0)
05-27 19:12:42.915 18443 18443 I ViewRootImpl: ViewRoot's Touch Event : ACTION_DOWN
05-27 19:12:42.923   800   800 I SurfaceFlinger: screenshot (com.oringnet.wm/com.oring.SlideActivity@18443#0)
05-27 19:12:42.923 18443 18443 I ViewRootImpl: ViewRoot's Touch Event : ACTION_UP
05-27 19:12:42.938 18443 18443 D PhoneWindow: windowLightStatusBar : false, disable View.SYSTEM_UI_FLAG_LIGHT_STATUS_BAR
05-27 19:12:42.954 18443 18443 I TouchFilterInputStageHelper: [needTouchEventFilter] Displayid : 0
05-27 19:12:42.957 18443 18443 D BezellessGripSuppressionFilter: getdisplaysize, x : 720 y : 1600
05-27 19:12:42.984   800   851 I BufferQueueConsumer: [com.oringnet.wm/com.oring.SlideActivity@18443#1](this:0x798eb53000,id:4481,api:0,p:-1,c:800) setConsumerName: com.oringnet.wm/com.oring.SlideActivity@18443#1
05-27 19:12:42.984   800   851 I BufferQueueConsumer: [com.oringnet.wm/com.oring.SlideActivity@18443#1](this:0x798eb53000,id:4481,api:0,p:-1,c:800) setDefaultBufferSize: width=126 height=126
05-27 19:12:42.984   800   851 I SurfaceFlinger: Create BufferLayer(0x798ebdd000) com.oringnet.wm/com.oring.SlideActivity@18443#1 (126 x 126)
05-27 19:12:42.990 18443 18464 D Surface : Surface::connect(this=0x770bcbe000,api=1)
05-27 19:12:42.991   800   975 I BufferQueueProducer: [com.oringnet.wm/com.oring.SlideActivity@18443#1](this:0x798eb53000,id:4481,api:1,p:18443,c:800) connect(P): api=1 producer=(18443:com.oringnet.wm) producerControlledByApp=false
05-27 19:12:42.993 18443 18464 D Surface : Surface::setBufferCount(this=0x770bcbe000,bufferCount=3)
05-27 19:12:42.993 18443 18464 D Surface : Surface::allocateBuffers(this=0x770bcbe000)
05-27 19:12:43.023   800   800 I SurfaceFlinger: screenshot (com.oringnet.wm/com.oring.SlideActivity@18443#0)
05-27 19:12:43.046   800  2411 I BufferQueueProducer: [com.oringnet.wm/com.oring.SlideActivity@18443#0](this:0x798ebef800,id:4479,api:1,p:18443,c:800) queueBuffer: fps=2.81 dur=1421.03 max=705.95 min=28.73
05-27 19:12:43.051 18443 18443 I DeviceInfoTest 8響應: 011002000004c072
05-27 19:12:43.051 18443 18443 W UiThreadStatement: Already on the UI thread, this method should not be called from the main application thread
05-27 19:12:43.051 18443 18443 I DeviceInfoTest 9請求: 0110020000040869576c6c41797070291b
05-27 19:12:43.067   800   800 I MiniDump: 0x797e3fe000 |     DEVICE |          0 | 1.000 |    0    0  720 1600 |   0.0   0.0 720.0 1600.0 | com.oringnet.wm/com.oring.SlideActivity@18443#0
05-27 19:12:43.067   800   800 I MiniDump: 0x798ebdd000 |     DEVICE |          0 | 0.303 |  301  760  419  878 |   0.0   0.0 126.0 126.0 | com.oringnet.wm/com.oring.SlideActivity@18443#1
05-27 19:12:43.067   800   800 I MiniDump: 0x797e3fe000 |     DEVICE |          0 | 1.000 |    0    0  720 1600 |   0.0   0.0 720.0 1600.0 | com.oringnet.wm/com.oring.SlideActivity@18443#0
05-27 19:12:43.067   800   800 I MiniDump: 0x798ebdd000 |     DEVICE |          0 | 0.303 |  301  760  419  878 |   0.0   0.0 126.0 126.0 | com.oringnet.wm/com.oring.SlideActivity@18443#1
05-27 19:12:43.138 18443 18443 W UiThreadStatement: Already on the UI thread, this method should not be called from the main application thread
05-27 19:12:43.138 18443 18443 I DeviceInfoTest 9請求: 0110020400040875695f6d30323132e506
05-27 19:12:43.140   800   800 I SurfaceFlinger: screenshot (com.oringnet.wm/com.oring.SlideActivity@18443#0)
05-27 19:12:43.146 18443 18443 I DeviceInfoTest 8響應: 01100204000481b3
05-27 19:12:43.241 18443 18443 I DeviceInfoTest 8響應: 01100208000441b0
05-27 19:12:43.241 18443 18443 W UiThreadStatement: Already on the UI thread, this method should not be called from the main application thread
05-27 19:12:43.241 18443 18443 I DeviceInfoTest 9請求: 01100208000408353037323931323117ab
05-27 19:12:43.254   800   800 I SurfaceFlinger: screenshot (com.oringnet.wm/com.oring.SlideActivity@18443#0)
05-27 19:12:43.333 18443 18443 W UiThreadStatement: Already on the UI thread, this method should not be called from the main application thread
05-27 19:12:43.334 18443 18443 I DeviceInfoTest 9請求: 0110020C0004080000000000000000a128
05-27 19:12:43.341 18443 18443 I DeviceInfoTest 13響應: 0110020c00040071
05-27 19:12:43.431 18443 18443 W UiThreadStatement: Already on the UI thread, this method should not be called from the main application thread
05-27 19:12:43.431 18443 18443 I DeviceInfoTest 14請求: 011002B6000102003C9fd7
05-27 19:12:43.436 18443 18464 D Surface : Surface::disconnect(this=0x770bcbe000,api=1)
05-27 19:12:43.437   800   851 I BufferQueueProducer: [com.oringnet.wm/com.oring.SlideActivity@18443#1](this:0x798eb53000,id:4481,api:1,p:18443,c:800) disconnect(P): api 1
05-27 19:12:43.438   800   800 I SurfaceFlinger: screenshot (com.oringnet.wm/com.oring.SlideActivity@18443#0)
05-27 19:12:43.459 18443 18443 D BluetoothGatt: setCharacteristicNotification() - uuid: 6e400003-b5a3-f393-e0a9-e50e24dcca9e enable: true
05-27 19:12:43.462 18443 18443 I DeviceInfoTest 13響應: 011002b60001e197
05-27 19:12:43.531 18443 18443 D PhoneWindow: windowLightStatusBar : false, disable View.SYSTEM_UI_FLAG_LIGHT_STATUS_BAR
05-27 19:12:43.540   800   800 I SurfaceFlinger: screenshot (com.oringnet.wm/com.oring.SlideActivity@18443#0)
05-27 19:12:43.544 18443 18443 I TouchFilterInputStageHelper: [needTouchEventFilter] Displayid : 0
05-27 19:12:43.550 18443 18443 D BezellessGripSuppressionFilter: getdisplaysize, x : 720 y : 1600
05-27 19:12:43.571   800   852 I BufferQueueConsumer: [com.oringnet.wm/com.oring.SlideActivity@18443#2](this:0x79820be800,id:4482,api:0,p:-1,c:800) setConsumerName: com.oringnet.wm/com.oring.SlideActivity@18443#2
05-27 19:12:43.572   800   852 I BufferQueueConsumer: [com.oringnet.wm/com.oring.SlideActivity@18443#2](this:0x79820be800,id:4482,api:0,p:-1,c:800) setDefaultBufferSize: width=126 height=126
05-27 19:12:43.572   800   852 I SurfaceFlinger: Create BufferLayer(0x79822b3000) com.oringnet.wm/com.oring.SlideActivity@18443#2 (126 x 126)
05-27 19:12:43.577 18443 18464 D Surface : Surface::connect(this=0x770bdd6000,api=1)
05-27 19:12:43.578   800  4119 I BufferQueueProducer: [com.oringnet.wm/com.oring.SlideActivity@18443#2](this:0x79820be800,id:4482,api:1,p:18443,c:800) connect(P): api=1 producer=(18443:com.oringnet.wm) producerControlledByApp=false
05-27 19:12:43.579 18443 18464 D Surface : Surface::setBufferCount(this=0x770bdd6000,bufferCount=3)
05-27 19:12:43.580 18443 18464 D Surface : Surface::allocateBuffers(this=0x770bdd6000)
05-27 19:12:43.616   800   800 I MiniDump: 0x797e3fe000 |     DEVICE |          0 | 1.000 |    0    0  720 1600 |   0.0   0.0 720.0 1600.0 | com.oringnet.wm/com.oring.SlideActivity@18443#0
05-27 19:12:43.617   800   800 I MiniDump: 0x797e3fe000 |     DEVICE |          0 | 1.000 |    0    0  720 1600 |   0.0   0.0 720.0 1600.0 | com.oringnet.wm/com.oring.SlideActivity@18443#0
05-27 19:12:43.633 18443 18443 W UiThreadStatement: Already on the UI thread, this method should not be called from the main application thread
05-27 19:12:43.633 18443 18443 I DeviceInfoTest 2請求: 01030200000445b1
05-27 19:12:43.639 18443 18443 I DeviceInfoTest 1響應: 01030869576c6c417970700df4
05-27 19:12:43.650   800   800 I MiniDump: 0x797e3fe000 |     DEVICE |          0 | 1.000 |    0    0  720 1600 |   0.0   0.0 720.0 1600.0 | com.oringnet.wm/com.oring.SlideActivity@18443#0
05-27 19:12:43.650   800   800 I MiniDump: 0x79822b3000 |     DEVICE |          0 | 0.303 |  301  760  419  878 |   0.0   0.0 126.0 126.0 | com.oringnet.wm/com.oring.SlideActivity@18443#2
05-27 19:12:43.650   800   800 I MiniDump: 0x797e3fe000 |     DEVICE |          0 | 1.000 |    0    0  720 1600 |   0.0   0.0 720.0 1600.0 | com.oringnet.wm/com.oring.SlideActivity@18443#0
05-27 19:12:43.650   800   800 I MiniDump: 0x79822b3000 |     DEVICE |          0 | 0.303 |  301  760  419  878 |   0.0   0.0 126.0 126.0 | com.oringnet.wm/com.oring.SlideActivity@18443#2
05-27 19:12:43.658   800   800 I SurfaceFlinger: screenshot (com.oringnet.wm/com.oring.SlideActivity@18443#0)
05-27 19:12:43.695   800   800 I SurfaceFlinger: Remove BufferLayer(0x798ebdd000) com.oringnet.wm/com.oring.SlideActivity@18443#1 (-1 x -1)
05-27 19:12:43.696   800   800 I BufferQueue: [com.oringnet.wm/com.oring.SlideActivity@18443#1](this:0x798eb53000,id:4481,api:1,p:-1,c:-1) ~BufferQueueCore
05-27 19:12:43.701   800   800 I MiniDump: 0x797e3fe000 |     DEVICE |          0 | 1.000 |    0    0  720 1600 |   0.0   0.0 720.0 1600.0 | com.oringnet.wm/com.oring.SlideActivity@18443#0
05-27 19:12:43.701   800   800 I MiniDump: 0x79822b3000 |     DEVICE |          0 | 0.831 |  298  757  422  881 |   0.0   0.0 126.0 126.0 | com.oringnet.wm/com.oring.SlideActivity@18443#2
05-27 19:12:43.701   800   800 I MiniDump: 0x797e3fe000 |     DEVICE |          0 | 1.000 |    0    0  720 1600 |   0.0   0.0 720.0 1600.0 | com.oringnet.wm/com.oring.SlideActivity@18443#0
05-27 19:12:43.701   800   800 I MiniDump: 0x79822b3000 |     DEVICE |          0 | 0.831 |  298  757  422  881 |   0.0   0.0 126.0 126.0 | com.oringnet.wm/com.oring.SlideActivity@18443#2
05-27 19:12:43.722 18443 18443 W UiThreadStatement: Already on the UI thread, this method should not be called from the main application thread
05-27 19:12:43.723 18443 18443 I DeviceInfoTest 2請求: 0103020400040470
05-27 19:12:43.728 18443 18443 I DeviceInfoTest 1響應: 01030875695f6d303231323026
05-27 19:12:43.771   800   800 I SurfaceFlinger: screenshot (com.oringnet.wm/com.oring.SlideActivity@18443#0)
05-27 19:12:43.820 18443 18443 W UiThreadStatement: Already on the UI thread, this method should not be called from the main application thread
05-27 19:12:43.820 18443 18443 I DeviceInfoTest 2請求: 010302080004c473
05-27 19:12:43.825 18443 18443 I DeviceInfoTest 1響應: 0103083530373239313231d29b
05-27 19:12:43.886   800   800 I SurfaceFlinger: screenshot (com.oringnet.wm/com.oring.SlideActivity@18443#0)
05-27 19:12:43.917 18443 18443 W UiThreadStatement: Already on the UI thread, this method should not be called from the main application thread
05-27 19:12:43.917 18443 18443 I DeviceInfoTest 2請求: 0103020C000485b2
05-27 19:12:43.918 18443 18443 I HEX:    : 69576c6c4179707075695f6d303231323530373239313231
05-27 19:12:43.920 18443 18443 I DeviceName:: WillyAppium_202105271912
05-27 19:12:43.926 18443 18443 I DeviceInfoTest 0響應: 010308000000000000000095d7
05-27 19:12:44.016 18443 18443 W UiThreadStatement: Already on the UI thread, this method should not be called from the main application thread
05-27 19:12:44.017 18443 18443 I DeviceInfoTest 1請求: 0103021000044474
05-27 19:12:44.017 18443 18443 I HEX:    : 
05-27 19:12:44.020   800   800 I SurfaceFlinger: screenshot (com.oringnet.wm/com.oring.SlideActivity@18443#0)
05-27 19:12:44.023 18443 18443 I DeviceInfoTest 2響應: 010308000000000000000095d7
05-27 19:12:44.113 18443 18443 W UiThreadStatement: Already on the UI thread, this method should not be called from the main application thread
05-27 19:12:44.113 18443 18443 I DeviceInfoTest 3請求: 010402140004b075
05-27 19:12:44.119 18443 18443 I DeviceInfoTest 2響應: 0104086f695f74657474731ff4
05-27 19:12:44.210 18443 18443 W UiThreadStatement: Already on the UI thread, this method should not be called from the main application thread
05-27 19:12:44.210 18443 18443 I DeviceInfoTest 3請求: 0104021800047076
05-27 19:12:44.210 18443 18443 I HEX:    : 6f695f74657474733830
05-27 19:12:44.219 18443 18443 I DeviceInfoTest 3響應: 010408383000000000000016bc
05-27 19:12:44.254   800  4119 I BufferQueueProducer: [com.oringnet.wm/com.oring.SlideActivity@18443#0](this:0x798ebef800,id:4479,api:1,p:18443,c:800) queueBuffer: fps=9.11 dur=1207.69 max=330.39 min=9.29
05-27 19:12:44.286   800   800 I SurfaceFlinger: screenshot (com.oringnet.wm/com.oring.SlideActivity@18443#0)
05-27 19:12:44.308 18443 18443 I NB_RSSI : 0000
05-27 19:12:44.315 18443 18443 I DeviceInfoTest 4響應: 0104020000b930
05-27 19:12:44.328 18443 18443 W UiThreadStatement: Already on the UI thread, this method should not be called from the main application thread
05-27 19:12:44.328 18443 18443 I DeviceInfoTest 5請求: 0104022400017079
05-27 19:12:44.405 18443 18443 I NB_RSRQ : 0000
05-27 19:12:44.410 18443 18443 I DeviceInfoTest 5響應: 0104020000b930
05-27 19:12:44.426 18443 18443 W UiThreadStatement: Already on the UI thread, this method should not be called from the main application thread
05-27 19:12:44.426 18443 18443 I DeviceInfoTest 6請求: 0104024700018067
05-27 19:12:44.503 18443 18443 W UiThreadStatement: Already on the UI thread, this method should not be called from the main application thread
05-27 19:12:44.503 18443 18443 I DeviceInfoTest 6請求: 010402480001b064
05-27 19:12:44.503 18443 18443 I NB_RSRP : 0000
05-27 19:12:44.510 18443 18443 I DeviceInfoTest 6響應: 0104020000b930
05-27 19:12:44.552   800   800 I SurfaceFlinger: screenshot (com.oringnet.wm/com.oring.SlideActivity@18443#0)
05-27 19:12:44.600 18443 18443 W UiThreadStatement: Already on the UI thread, this method should not be called from the main application thread
05-27 19:12:44.600 18443 18443 I DeviceInfoTest 7請求: 010402490001e1a4
05-27 19:12:44.600 18443 18443 I NB_SINR : 0000
05-27 19:12:44.606 18443 18443 I DeviceInfoTest 7響應: 0104020000b930
05-27 19:12:44.698 18443 18443 W UiThreadStatement: Already on the UI thread, this method should not be called from the main application thread
05-27 19:12:44.698 18443 18443 I DeviceInfoTest 8請求: 010402270004407a
05-27 19:12:44.698 18443 18443 I HEX:    : 
05-27 19:12:44.704   800   800 I SurfaceFlinger: screenshot (com.oringnet.wm/com.oring.SlideActivity@18443#0)
05-27 19:12:44.706 18443 18443 I DeviceInfoTest 12響應: 0104080000000000000000240d
05-27 19:12:44.794 18443 18443 W UiThreadStatement: Already on the UI thread, this method should not be called from the main application thread
05-27 19:12:44.794 18443 18443 I DeviceInfoTest 13請求: 0104020000027073
05-27 19:12:44.800 18443 18443 I DeviceInfoTest 12響應: 0104043176312e812e
05-27 19:12:44.892 18443 18443 W UiThreadStatement: Already on the UI thread, this method should not be called from the main application thread
05-27 19:12:44.892 18443 18443 I DeviceInfoTest 13請求: 01040204000231b2
05-27 19:12:44.899 18443 18443 I DeviceInfoTest 12響應: 0104047473353006eb
05-27 19:12:44.969   800   800 I SurfaceFlinger: screenshot (com.oringnet.wm/com.oring.SlideActivity@18443#0)
05-27 19:12:44.990 18443 18443 I HEX:    : 3176312e74733530
05-27 19:12:44.997 18443 18443 I DeviceInfoTest 13響應: 01040400000000fb84
05-27 19:12:44.997 18443 18443 W UiThreadStatement: Already on the UI thread, this method should not be called from the main application thread
05-27 19:12:44.997 18443 18443 I DeviceInfoTest 14請求: 010402080002f1b1
05-27 19:12:45.087 18443 18443 W UiThreadStatement: Already on the UI thread, this method should not be called from the main application thread
05-27 19:12:45.088 18443 18443 I DeviceInfoTest 14請求: 010402020002d1b3
05-27 19:12:45.095 18443 18443 I DeviceInfoTest 13響應: 010404362e6574bf72
05-27 19:12:45.185 18443 18443 W UiThreadStatement: Already on the UI thread, this method should not be called from the main application thread
05-27 19:12:45.185 18443 18443 I DeviceInfoTest 14請求: 0104020600029072
05-27 19:12:45.191 18443 18443 I DeviceInfoTest 13響應: 01040435300047b475
05-27 19:12:45.234   800   800 I SurfaceFlinger: screenshot (com.oringnet.wm/com.oring.SlideActivity@18443#0)
05-27 19:12:45.283 18443 18443 I HEX:    : 362e657435300047
05-27 19:12:45.289 18443 18443 I DeviceInfoTest 8響應: 01040400000000fb84
05-27 19:12:45.290 18443 18443 W UiThreadStatement: Already on the UI thread, this method should not be called from the main application thread
05-27 19:12:45.290 18443 18443 I DeviceInfoTest 9請求: 0104020A00025071
05-27 19:12:45.308   800  4119 I BufferQueueProducer: [com.oringnet.wm/com.oring.SlideActivity@18443#0](this:0x798ebef800,id:4479,api:1,p:18443,c:800) queueBuffer: fps=12.32 dur=1054.87 max=292.89 min=4.66
05-27 19:12:45.381 18443 18443 I HEX:    : 323134333635
05-27 19:12:45.382 18443 18443 I Password: : 123456
05-27 19:12:45.387   800   800 I SurfaceFlinger: screenshot (com.oringnet.wm/com.oring.SlideActivity@18443#0)
05-27 19:12:45.388 18443 18443 I DeviceInfoTest 10響應: 0103083231343336350000282f
05-27 19:12:45.388 18443 18443 W UiThreadStatement: Already on the UI thread, this method should not be called from the main application thread
05-27 19:12:45.388 18443 18443 I DeviceInfoTest 11請求: 010303E80004c479
05-27 19:12:45.477 18443 18443 W UiThreadStatement: Already on the UI thread, this method should not be called from the main application thread
05-27 19:12:45.477 18443 18443 I DeviceInfoTest 11請求: 010302B600016454
05-27 19:12:45.478 18443 18443 I KeepALive: 003c
05-27 19:12:45.486 18443 18443 I DeviceInfoTest 11響應: 010302003cb855
05-27 19:12:45.576 18443 18443 I fc_Status:: 00false
05-27 19:12:45.579 18443 18464 D Surface : Surface::disconnect(this=0x770bdd6000,api=1)
05-27 19:12:45.579   800  2411 I BufferQueueProducer: [com.oringnet.wm/com.oring.SlideActivity@18443#2](this:0x79820be800,id:4482,api:1,p:18443,c:800) disconnect(P): api 1
05-27 19:12:45.588   800   800 I SurfaceFlinger: screenshot (com.oringnet.wm/com.oring.SlideActivity@18443#0)
05-27 19:12:45.595 18443 18443 I DeviceInfoTest -1響應: 010101005188
05-27 19:12:45.608 18443 18443 W UiThreadStatement: Already on the UI thread, this method should not be called from the main application thread
05-27 19:12:45.609 18443 18443 I DeviceInfoTest 0請求: 010104000001fcfa
05-27 19:12:45.692   800   800 I SurfaceFlinger: screenshot (com.oringnet.wm/com.oring.SlideActivity@18443#0)
05-27 19:12:45.767   800   800 I MiniDump: 0x797e3fe000 |     DEVICE |          0 | 1.000 |    0    0  720 1600 |   0.0   0.0 720.0 1600.0 | com.oringnet.wm/com.oring.SlideActivity@18443#0
05-27 19:12:45.768   800   800 I MiniDump: 0x797e3fe000 |     DEVICE |          0 | 1.000 |    0    0  720 1600 |   0.0   0.0 720.0 1600.0 | com.oringnet.wm/com.oring.SlideActivity@18443#0
05-27 19:12:45.804   800   800 I SurfaceFlinger: screenshot (com.oringnet.wm/com.oring.SlideActivity@18443#0)
05-27 19:12:45.845   800   800 I SurfaceFlinger: Remove BufferLayer(0x79822b3000) com.oringnet.wm/com.oring.SlideActivity@18443#2 (-1 x -1)
05-27 19:12:45.846   800   800 I BufferQueue: [com.oringnet.wm/com.oring.SlideActivity@18443#2](this:0x79820be800,id:4482,api:1,p:-1,c:-1) ~BufferQueueCore
05-27 19:12:45.850   800   800 I MiniDump: 0x797e3fe000 |     DEVICE |          0 | 1.000 |    0    0  720 1600 |   0.0   0.0 720.0 1600.0 | com.oringnet.wm/com.oring.SlideActivity@18443#0
05-27 19:12:45.851   800   800 I MiniDump: 0x797e3fe000 |     DEVICE |          0 | 1.000 |    0    0  720 1600 |   0.0   0.0 720.0 1600.0 | com.oringnet.wm/com.oring.SlideActivity@18443#0
05-27 19:12:46.037   800   800 I SurfaceFlinger: screenshot (com.oringnet.wm/com.oring.SlideActivity@18443#0)
05-27 19:12:46.301   800   800 I SurfaceFlinger: screenshot (com.oringnet.wm/com.oring.SlideActivity@18443#0)
05-27 19:12:46.380 18443 18443 I ViewRootImpl: ViewRoot's Touch Event : ACTION_DOWN
05-27 19:12:46.384 18443 18443 I ViewRootImpl: ViewRoot's Touch Event : ACTION_UP
05-27 19:12:46.402   800   851 I BufferQueueProducer: [com.oringnet.wm/com.oring.SlideActivity@18443#0](this:0x798ebef800,id:4479,api:1,p:18443,c:800) queueBuffer: fps=4.57 dur=1093.79 max=777.07 min=4.69
05-27 19:12:46.551   800   800 I SurfaceFlinger: screenshot (com.oringnet.wm/com.oring.SlideActivity@18443#0)
05-27 19:12:46.802   800   800 I SurfaceFlinger: screenshot (com.oringnet.wm/com.oring.SlideActivity@18443#0)
05-27 19:12:47.069   800   800 I SurfaceFlinger: screenshot (com.oringnet.wm/com.oring.SlideActivity@18443#0)
05-27 19:12:47.336   800   800 I SurfaceFlinger: screenshot (com.oringnet.wm/com.oring.SlideActivity@18443#0)
05-27 19:12:47.416   800   851 I BufferQueueProducer: [com.oringnet.wm/com.oring.SlideActivity@18443#0](this:0x798ebef800,id:4479,api:1,p:18443,c:800) queueBuffer: fps=38.46 dur=1013.99 max=386.29 min=11.76
05-27 19:12:47.632 18443 18443 I ViewRootImpl: ViewRoot's Touch Event : ACTION_DOWN
05-27 19:12:47.640   800   800 I SurfaceFlinger: screenshot (com.oringnet.wm/com.oring.SlideActivity@18443#0)
05-27 19:12:47.640 18443 18443 I ViewRootImpl: ViewRoot's Touch Event : ACTION_UP
05-27 19:12:47.715 18443 18443 D BluetoothGatt: setCharacteristicNotification() - uuid: 6e400003-b5a3-f393-e0a9-e50e24dcca9e enable: true
05-27 19:12:47.835 18443 18443 D PhoneWindow: windowLightStatusBar : false, disable View.SYSTEM_UI_FLAG_LIGHT_STATUS_BAR
05-27 19:12:47.852 18443 18443 I TouchFilterInputStageHelper: [needTouchEventFilter] Displayid : 0
05-27 19:12:47.855   800   800 I SurfaceFlinger: screenshot (com.oringnet.wm/com.oring.SlideActivity@18443#0)
05-27 19:12:47.859 18443 18443 D BezellessGripSuppressionFilter: getdisplaysize, x : 720 y : 1600
05-27 19:12:47.881   800   852 I BufferQueueConsumer: [com.oringnet.wm/com.oring.SlideActivity@18443#1](this:0x79820bd000,id:4483,api:0,p:-1,c:800) setConsumerName: com.oringnet.wm/com.oring.SlideActivity@18443#1
05-27 19:12:47.882   800   852 I BufferQueueConsumer: [com.oringnet.wm/com.oring.SlideActivity@18443#1](this:0x79820bd000,id:4483,api:0,p:-1,c:800) setDefaultBufferSize: width=126 height=126
05-27 19:12:47.882   800   852 I SurfaceFlinger: Create BufferLayer(0x798222f000) com.oringnet.wm/com.oring.SlideActivity@18443#1 (126 x 126)
05-27 19:12:47.886 18443 18464 D Surface : Surface::connect(this=0x770be92000,api=1)
05-27 19:12:47.886   800  4119 I BufferQueueProducer: [com.oringnet.wm/com.oring.SlideActivity@18443#1](this:0x79820bd000,id:4483,api:1,p:18443,c:800) connect(P): api=1 producer=(18443:com.oringnet.wm) producerControlledByApp=false
05-27 19:12:47.888 18443 18464 D Surface : Surface::setBufferCount(this=0x770be92000,bufferCount=3)
05-27 19:12:47.888 18443 18464 D Surface : Surface::allocateBuffers(this=0x770be92000)
05-27 19:12:47.950   800   800 I MiniDump: 0x797e3fe000 |     DEVICE |          0 | 1.000 |    0    0  720 1600 |   0.0   0.0 720.0 1600.0 | com.oringnet.wm/com.oring.SlideActivity@18443#0
05-27 19:12:47.950   800   800 I MiniDump: 0x798222f000 |     DEVICE |          0 | 0.303 |  301  760  419  878 |   0.0   0.0 126.0 126.0 | com.oringnet.wm/com.oring.SlideActivity@18443#1
05-27 19:12:47.950   800   800 I MiniDump: 0x797e3fe000 |     DEVICE |          0 | 1.000 |    0    0  720 1600 |   0.0   0.0 720.0 1600.0 | com.oringnet.wm/com.oring.SlideActivity@18443#0
05-27 19:12:47.950   800   800 I MiniDump: 0x798222f000 |     DEVICE |          0 | 0.303 |  301  760  419  878 |   0.0   0.0 126.0 126.0 | com.oringnet.wm/com.oring.SlideActivity@18443#1
05-27 19:12:47.960   800   800 I SurfaceFlinger: screenshot (com.oringnet.wm/com.oring.SlideActivity@18443#0)
05-27 19:12:47.981 18443 18443 I Cloud:  : 0103020000b844
05-27 19:12:47.981 18443 18443 I CS_Info : CLOUD_CONFIG:0000
05-27 19:12:47.989 18443 18443 I CloudSetting 1響應: 0103020000b844
05-27 19:12:47.989 18443 18443 W UiThreadStatement: Already on the UI thread, this method should not be called from the main application thread
05-27 19:12:47.989 18443 18443 I CloudSetting 2請求: 010303f8000105bf
05-27 19:12:48.064 18443 18443 W UiThreadStatement: Already on the UI thread, this method should not be called from the main application thread
05-27 19:12:48.064 18443 18443 I CloudSetting 2請求: 0103021000044474
05-27 19:12:48.064 18443 18443 I Cloud:  : 010308000000000000000095d7
05-27 19:12:48.064 18443 18443 I HEX:    : 
05-27 19:12:48.064 18443 18443 I CS_Info : Api KEY:
05-27 19:12:48.068 18443 18443 I CloudSetting 2響應: 010308000000000000000095d7
05-27 19:12:48.072   800   800 I SurfaceFlinger: screenshot (com.oringnet.wm/com.oring.SlideActivity@18443#0)
05-27 19:12:48.159 18443 18443 I Cloud:  : 010308000000000000000095d7
05-27 19:12:48.159 18443 18443 I HEX:    : 
05-27 19:12:48.159 18443 18443 I CS_Info : MQTT Broker:
05-27 19:12:48.171 18443 18443 I CloudSetting 3響應: 010308000000000000000095d7
05-27 19:12:48.171 18443 18443 W UiThreadStatement: Already on the UI thread, this method should not be called from the main application thread
05-27 19:12:48.171 18443 18443 I CloudSetting 4請求: 01030BB80004c608
05-27 19:12:48.173   800   800 I SurfaceFlinger: screenshot (com.oringnet.wm/com.oring.SlideActivity@18443#0)
05-27 19:12:48.256 18443 18443 W UiThreadStatement: Already on the UI thread, this method should not be called from the main application thread
05-27 19:12:48.256 18443 18443 I CloudSetting 4請求: 010302840001c59b
05-27 19:12:48.257 18443 18443 I Cloud:  : 0103020000b844
05-27 19:12:48.257 18443 18443 I CS_Info : BROKER_PORT:0000
05-27 19:12:48.263 18443 18443 I CloudSetting 4響應: 0103020000b844
05-27 19:12:48.353 18443 18443 W UiThreadStatement: Already on the UI thread, this method should not be called from the main application thread
05-27 19:12:48.354 18443 18443 I CloudSetting 5請求: 0103028500045458
05-27 19:12:48.354 18443 18443 I Cloud:  : 010308000000000000000095d7
05-27 19:12:48.354 18443 18443 I HEX:    : 
05-27 19:12:48.354 18443 18443 I CS_Info : CLIENT ID:
05-27 19:12:48.360 18443 18443 I CloudSetting 5響應: 010308000000000000000095d7
05-27 19:12:48.436   800   800 I SurfaceFlinger: screenshot (com.oringnet.wm/com.oring.SlideActivity@18443#0)
05-27 19:12:48.451 18443 18443 W UiThreadStatement: Already on the UI thread, this method should not be called from the main application thread
05-27 19:12:48.451 18443 18443 I CloudSetting 6請求: 010302950004559d
05-27 19:12:48.452 18443 18443 I Cloud:  : 010308000000000000000095d7
05-27 19:12:48.453 18443 18443 I HEX:    : 
05-27 19:12:48.453 18443 18443 I CS_Info : USER NAME:
05-27 19:12:48.459 18443 18443 I CloudSetting 6響應: 010308000000000000000095d7
05-27 19:12:48.476   800   851 I BufferQueueProducer: [com.oringnet.wm/com.oring.SlideActivity@18443#0](this:0x798ebef800,id:4479,api:1,p:18443,c:800) queueBuffer: fps=34.92 dur=1059.54 max=183.01 min=4.68
05-27 19:12:48.548 18443 18443 W UiThreadStatement: Already on the UI thread, this method should not be called from the main application thread
05-27 19:12:48.549 18443 18443 I CloudSetting 7請求: 010302A500045592
05-27 19:12:48.549 18443 18443 I Cloud:  : 010308000000000000000095d7
05-27 19:12:48.549 18443 18443 I HEX:    : 
05-27 19:12:48.549 18443 18443 I CS_Info : USER PASSWORD:
05-27 19:12:48.552 18443 18464 D Surface : Surface::disconnect(this=0x770be92000,api=1)
05-27 19:12:48.553   800   852 I BufferQueueProducer: [com.oringnet.wm/com.oring.SlideActivity@18443#1](this:0x79820bd000,id:4483,api:1,p:18443,c:800) disconnect(P): api 1
05-27 19:12:48.565 18443 18443 I CloudSetting -1響應: 010308000000000000000095d7
05-27 19:12:48.572   800   800 I SurfaceFlinger: screenshot (com.oringnet.wm/com.oring.SlideActivity@18443#0)
05-27 19:12:48.674   800   800 I SurfaceFlinger: screenshot (com.oringnet.wm/com.oring.SlideActivity@18443#0)
05-27 19:12:48.734   800   800 I MiniDump: 0x797e3fe000 |     DEVICE |          0 | 1.000 |    0    0  720 1600 |   0.0   0.0 720.0 1600.0 | com.oringnet.wm/com.oring.SlideActivity@18443#0
05-27 19:12:48.734   800   800 I MiniDump: 0x797e3fe000 |     DEVICE |          0 | 1.000 |    0    0  720 1600 |   0.0   0.0 720.0 1600.0 | com.oringnet.wm/com.oring.SlideActivity@18443#0
05-27 19:12:48.789   800   800 I SurfaceFlinger: screenshot (com.oringnet.wm/com.oring.SlideActivity@18443#0)
05-27 19:12:48.812   800   800 I SurfaceFlinger: Remove BufferLayer(0x798222f000) com.oringnet.wm/com.oring.SlideActivity@18443#1 (-1 x -1)
05-27 19:12:48.813   800   800 I BufferQueue: [com.oringnet.wm/com.oring.SlideActivity@18443#1](this:0x79820bd000,id:4483,api:1,p:-1,c:-1) ~BufferQueueCore
05-27 19:12:48.817   800   800 I MiniDump: 0x797e3fe000 |     DEVICE |          0 | 1.000 |    0    0  720 1600 |   0.0   0.0 720.0 1600.0 | com.oringnet.wm/com.oring.SlideActivity@18443#0
05-27 19:12:48.818   800   800 I MiniDump: 0x797e3fe000 |     DEVICE |          0 | 1.000 |    0    0  720 1600 |   0.0   0.0 720.0 1600.0 | com.oringnet.wm/com.oring.SlideActivity@18443#0
05-27 19:12:49.052   800   800 I SurfaceFlinger: screenshot (com.oringnet.wm/com.oring.SlideActivity@18443#0)
05-27 19:12:49.302   800   800 I SurfaceFlinger: screenshot (com.oringnet.wm/com.oring.SlideActivity@18443#0)
05-27 19:12:49.518   800   800 I SurfaceFlinger: screenshot (com.oringnet.wm/com.oring.SlideActivity@18443#0)
05-27 19:12:49.568   800   800 I SurfaceFlinger: screenshot (com.oringnet.wm/com.oring.SlideActivity@18443#0)
05-27 19:12:49.834   800   800 I SurfaceFlinger: screenshot (com.oringnet.wm/com.oring.SlideActivity@18443#0)
05-27 19:12:50.087   800   800 I SurfaceFlinger: screenshot (com.oringnet.wm/com.oring.SlideActivity@18443#0)
05-27 19:12:50.186   800   852 I BufferQueueProducer: [com.oringnet.wm/com.oring.SlideActivity@18443#0](this:0x798ebef800,id:4479,api:1,p:18443,c:800) queueBuffer: fps=2.34 dur=1709.71 max=1592.89 min=6.84
05-27 19:12:50.281 18443 18443 I ViewRootImpl: ViewRoot's Touch Event : ACTION_DOWN
05-27 19:12:50.286 18443 18443 I ViewRootImpl: ViewRoot's Touch Event : ACTION_UP
05-27 19:12:50.351   800   800 I SurfaceFlinger: screenshot (com.oringnet.wm/com.oring.SlideActivity@18443#0)
