05-28 14:56:02.270 12672 12672 I GatewayTest 6響應: 00030200008584
05-28 14:56:02.270 12672 12672 I R_item  : 6 INTERVAL 0000
05-28 14:56:02.270 12672 12672 I R_item  : enable: 7
05-28 14:56:02.367 12672 12672 W UiThreadStatement: Already on the UI thread, this method should not be called from the main application thread
05-28 14:56:02.367 12672 12672 I GatewayTest 2請求: 000307D700013497
05-28 14:56:02.368 12672 12672 I GatewayTest 2響應: 00030200008584
05-28 14:56:02.368 12672 12672 I R_item  : 7 NET_ID 0000
05-28 14:56:02.465 12672 12672 W UiThreadStatement: Already on the UI thread, this method should not be called from the main application thread
05-28 14:56:02.465 12672 12672 I GatewayTest 3請求: 0003083B0001f676
05-28 14:56:02.467 12672 12672 I GatewayTest 3響應: 00030200008584
05-28 14:56:02.467 12672 12672 I R_item  : 7 IO_TYPE 0000
05-28 14:56:02.563 12672 12672 W UiThreadStatement: Already on the UI thread, this method should not be called from the main application thread
05-28 14:56:02.563 12672 12672 I GatewayTest 4請求: 0003089F0001b795
05-28 14:56:02.564 12672 12672 I GatewayTest 4響應: 00030200008584
05-28 14:56:02.564 12672 12672 I R_item  : 7 ADDRESS 0000
05-28 14:56:02.659 12672 12672 W UiThreadStatement: Already on the UI thread, this method should not be called from the main application thread
05-28 14:56:02.659 12672 12672 I GatewayTest 5請求: 0003090300017647
05-28 14:56:02.660 12672 12672 I GatewayTest 5響應: 00030200008584
05-28 14:56:02.660 12672 12672 I R_item  : 7 DATA_NUM 0000
05-28 14:56:02.806 12672 12672 W UiThreadStatement: Already on the UI thread, this method should not be called from the main application thread
05-28 14:56:02.806 12672 12672 I GatewayTest 7請求: 0003096700013798
05-28 14:56:02.806 12672 12672 I GatewayTest 7響應: 00030200008584
05-28 14:56:02.806 12672 12672 I R_item  : 7 DATA_FORMAT 0000
05-28 14:56:02.877   800   800 I SurfaceFlinger: screenshot (com.oringnet.wm/com.oring.SlideActivity@12672#0)
05-28 14:56:02.903 12672 12672 I GatewayTest 6響應: 00030200008584
05-28 14:56:02.903 12672 12672 I R_item  : 7 INTERVAL 0000
05-28 14:56:02.903 12672 12672 I R_item  : enable: 8
05-28 14:56:02.906 12672 12694 D Surface : Surface::disconnect(this=0x770ac22000,api=1)
05-28 14:56:02.907   800   852 I BufferQueueProducer: [com.oringnet.wm/com.oring.SlideActivity@12672#1](this:0x798226f800,id:4964,api:1,p:12672,c:800) disconnect(P): api 1
05-28 14:56:02.921 12672 12672 W UiThreadStatement: Already on the UI thread, this method should not be called from the main application thread
05-28 14:56:02.921 12672 12672 I GatewayTest 6請求: 000309CB0001f7b9
05-28 14:56:02.982   800   800 I SurfaceFlinger: screenshot (com.oringnet.wm/com.oring.SlideActivity@12672#0)
05-28 14:56:03.082   800   800 I SurfaceFlinger: screenshot (com.oringnet.wm/com.oring.SlideActivity@12672#0)
05-28 14:56:03.090   800   800 I MiniDump: 0x798eb8d000 |     DEVICE |          0 | 1.000 |    0    0  720 1600 |   0.0   0.0 720.0 1600.0 | com.oringnet.wm/com.oring.SlideActivity@12672#0
05-28 14:56:03.091   800   800 I MiniDump: 0x798eb8d000 |     DEVICE |          0 | 1.000 |    0    0  720 1600 |   0.0   0.0 720.0 1600.0 | com.oringnet.wm/com.oring.SlideActivity@12672#0
05-28 14:56:03.169   800   800 I SurfaceFlinger: Remove BufferLayer(0x798222f000) com.oringnet.wm/com.oring.SlideActivity@12672#1 (-1 x -1)
05-28 14:56:03.170   800   800 I BufferQueue: [com.oringnet.wm/com.oring.SlideActivity@12672#1](this:0x798226f800,id:4964,api:1,p:-1,c:-1) ~BufferQueueCore
05-28 14:56:03.174   800   800 I MiniDump: 0x798eb8d000 |     DEVICE |          0 | 1.000 |    0    0  720 1600 |   0.0   0.0 720.0 1600.0 | com.oringnet.wm/com.oring.SlideActivity@12672#0
05-28 14:56:03.175   800   800 I MiniDump: 0x798eb8d000 |     DEVICE |          0 | 1.000 |    0    0  720 1600 |   0.0   0.0 720.0 1600.0 | com.oringnet.wm/com.oring.SlideActivity@12672#0
05-28 14:56:03.182   800   800 I SurfaceFlinger: screenshot (com.oringnet.wm/com.oring.SlideActivity@12672#0)
05-28 14:56:03.442   800   800 I SurfaceFlinger: screenshot (com.oringnet.wm/com.oring.SlideActivity@12672#0)
05-28 14:56:03.709   800   800 I SurfaceFlinger: screenshot (com.oringnet.wm/com.oring.SlideActivity@12672#0)
05-28 14:56:03.868   800   800 I SurfaceFlinger: screenshot (com.oringnet.wm/com.oring.SlideActivity@12672#0)
05-28 14:56:03.880   800   800 I SurfaceFlinger: screenshot (com.oringnet.wm/com.oring.SlideActivity@12672#0)
05-28 14:56:04.143   800   800 I SurfaceFlinger: screenshot (com.oringnet.wm/com.oring.SlideActivity@12672#0)
05-28 14:56:04.410   800   800 I SurfaceFlinger: screenshot (com.oringnet.wm/com.oring.SlideActivity@12672#0)
05-28 14:56:04.454 12672 12672 I ViewRootImpl: ViewRoot's Touch Event : ACTION_DOWN
05-28 14:56:04.459 12672 12672 I ViewRootImpl: ViewRoot's Touch Event : ACTION_UP
05-28 14:56:04.536   800   851 I BufferQueueProducer: [com.oringnet.wm/com.oring.SlideActivity@12672#0](this:0x798ea0a000,id:4958,api:1,p:12672,c:800) queueBuffer: fps=7.48 dur=2406.24 max=1523.40 min=4.10
05-28 14:56:04.677   800   800 I SurfaceFlinger: screenshot (com.oringnet.wm/com.oring.SlideActivity@12672#0)
05-28 14:56:04.913   800   800 I SurfaceFlinger: screenshot (com.oringnet.wm/com.oring.SlideActivity@12672#0)
05-28 14:56:05.304 12672 12672 I ViewRootImpl: ViewRoot's Touch Event : ACTION_DOWN
05-28 14:56:05.309 12672 12672 I ViewRootImpl: ViewRoot's Touch Event : ACTION_UP
05-28 14:56:05.427   800   800 I SurfaceFlinger: screenshot (com.oringnet.wm/com.oring.SlideActivity@12672#0)
05-28 14:56:06.104 12672 12672 I ViewRootImpl: ViewRoot's Touch Event : ACTION_DOWN
05-28 14:56:06.110 12672 12672 I ViewRootImpl: ViewRoot's Touch Event : ACTION_UP
05-28 14:56:06.128   800  4119 I BufferQueueProducer: [com.oringnet.wm/com.oring.SlideActivity@12672#0](this:0x798ea0a000,id:4958,api:1,p:12672,c:800) queueBuffer: fps=8.80 dur=1591.56 max=745.32 min=8.62
05-28 14:56:06.260   800   800 I SurfaceFlinger: screenshot (com.oringnet.wm/com.oring.SlideActivity@12672#0)
05-28 14:56:06.526   800   800 I SurfaceFlinger: screenshot (com.oringnet.wm/com.oring.SlideActivity@12672#0)
05-28 14:56:07.288 12672 12672 I ViewRootImpl: ViewRoot's Touch Event : ACTION_DOWN
05-28 14:56:07.292 12672 12672 I ViewRootImpl: ViewRoot's Touch Event : ACTION_UP
05-28 14:56:07.311   800  4119 I BufferQueueProducer: [com.oringnet.wm/com.oring.SlideActivity@12672#0](this:0x798ea0a000,id:4958,api:1,p:12672,c:800) queueBuffer: fps=22.82 dur=1183.13 max=750.39 min=11.82
05-28 14:56:07.419 12672 12672 D BluetoothGatt: setCharacteristicNotification() - uuid: 6e400003-b5a3-f393-e0a9-e50e24dcca9e enable: true
05-28 14:56:07.443   800   800 I SurfaceFlinger: screenshot (com.oringnet.wm/com.oring.SlideActivity@12672#0)
05-28 14:56:07.541 12672 12672 D PhoneWindow: windowLightStatusBar : false, disable View.SYSTEM_UI_FLAG_LIGHT_STATUS_BAR
05-28 14:56:07.561 12672 12672 I TouchFilterInputStageHelper: [needTouchEventFilter] Displayid : 0
05-28 14:56:07.563   800   800 I SurfaceFlinger: screenshot (com.oringnet.wm/com.oring.SlideActivity@12672#0)
05-28 14:56:07.565 12672 12672 D BezellessGripSuppressionFilter: getdisplaysize, x : 720 y : 1600
05-28 14:56:07.599   800  4119 I BufferQueueConsumer: [com.oringnet.wm/com.oring.SlideActivity@12672#1](this:0x79822b8000,id:4965,api:0,p:-1,c:800) setConsumerName: com.oringnet.wm/com.oring.SlideActivity@12672#1
05-28 14:56:07.599   800  4119 I BufferQueueConsumer: [com.oringnet.wm/com.oring.SlideActivity@12672#1](this:0x79822b8000,id:4965,api:0,p:-1,c:800) setDefaultBufferSize: width=126 height=126
05-28 14:56:07.599   800  4119 I SurfaceFlinger: Create BufferLayer(0x798229c000) com.oringnet.wm/com.oring.SlideActivity@12672#1 (126 x 126)
05-28 14:56:07.604 12672 12694 D Surface : Surface::connect(this=0x770ade5000,api=1)
05-28 14:56:07.605   800   851 I BufferQueueProducer: [com.oringnet.wm/com.oring.SlideActivity@12672#1](this:0x79822b8000,id:4965,api:1,p:12672,c:800) connect(P): api=1 producer=(12672:com.oringnet.wm) producerControlledByApp=false
05-28 14:56:07.606 12672 12694 D Surface : Surface::setBufferCount(this=0x770ade5000,bufferCount=3)
05-28 14:56:07.606 12672 12694 D Surface : Surface::allocateBuffers(this=0x770ade5000)
05-28 14:56:07.663   800   800 I SurfaceFlinger: screenshot (com.oringnet.wm/com.oring.SlideActivity@12672#0)
05-28 14:56:07.668 12672 12672 W UiThreadStatement: Already on the UI thread, this method should not be called from the main application thread
05-28 14:56:07.668 12672 12672 I DeviceInfoTest 2請求: 01030200000445b1
05-28 14:56:07.669 12672 12672 I HEX:    : 
05-28 14:56:07.669 12672 12672 I DeviceName:: 
05-28 14:56:07.677 12672 12672 I DeviceInfoTest 0響應: 010308000000000000000095d7
05-28 14:56:07.693   800   800 I MiniDump: 0x798eb8d000 |     DEVICE |          0 | 1.000 |    0    0  720 1600 |   0.0   0.0 720.0 1600.0 | com.oringnet.wm/com.oring.SlideActivity@12672#0
05-28 14:56:07.693   800   800 I MiniDump: 0x798229c000 |     DEVICE |          0 | 0.303 |  301  760  419  878 |   0.0   0.0 126.0 126.0 | com.oringnet.wm/com.oring.SlideActivity@12672#1
05-28 14:56:07.694   800   800 I MiniDump: 0x798eb8d000 |     DEVICE |          0 | 1.000 |    0    0  720 1600 |   0.0   0.0 720.0 1600.0 | com.oringnet.wm/com.oring.SlideActivity@12672#0
05-28 14:56:07.694   800   800 I MiniDump: 0x798229c000 |     DEVICE |          0 | 0.303 |  301  760  419  878 |   0.0   0.0 126.0 126.0 | com.oringnet.wm/com.oring.SlideActivity@12672#1
05-28 14:56:07.768   800   800 I SurfaceFlinger: screenshot (com.oringnet.wm/com.oring.SlideActivity@12672#0)
05-28 14:56:07.840 12672 12672 W UiThreadStatement: Already on the UI thread, this method should not be called from the main application thread
05-28 14:56:07.840 12672 12672 I DeviceInfoTest 1請求: 0103021000044474
05-28 14:56:07.840 12672 12672 I HEX:    : 
05-28 14:56:07.846 12672 12672 I DeviceInfoTest 2響應: 010308000000000000000095d7
05-28 14:56:07.881   800   800 I SurfaceFlinger: screenshot (com.oringnet.wm/com.oring.SlideActivity@12672#0)
05-28 14:56:07.904   800   800 I SurfaceFlinger: Remove BufferLayer(0x798229c000) com.oringnet.wm/com.oring.SlideActivity@12672#1 (-1 x -1)
05-28 14:56:07.924 12672 12672 W UiThreadStatement: Already on the UI thread, this method should not be called from the main application thread
05-28 14:56:07.924 12672 12672 I DeviceInfoTest 3請求: 010402140004b075
05-28 14:56:07.934 12672 12672 I DeviceInfoTest 2響應: 0104086f695f74657474731ff4
05-28 14:56:08.025 12672 12672 W UiThreadStatement: Already on the UI thread, this method should not be called from the main application thread
05-28 14:56:08.025 12672 12672 I DeviceInfoTest 3請求: 0104021800047076
05-28 14:56:08.026 12672 12672 I HEX:    : 6f695f74657474733830
05-28 14:56:08.036 12672 12672 I DeviceInfoTest 3響應: 010408383000000000000016bc
05-28 14:56:08.121 12672 12672 W UiThreadStatement: Already on the UI thread, this method should not be called from the main application thread
05-28 14:56:08.121 12672 12672 I DeviceInfoTest 4請求: 0104022400017079
05-28 14:56:08.121 12672 12672 I NB_RSSI : 0000
05-28 14:56:08.130 12672 12672 I DeviceInfoTest 4響應: 0104020000b930
05-28 14:56:08.144   800   800 I SurfaceFlinger: screenshot (com.oringnet.wm/com.oring.SlideActivity@12672#0)
05-28 14:56:08.217 12672 12672 W UiThreadStatement: Already on the UI thread, this method should not be called from the main application thread
05-28 14:56:08.217 12672 12672 I DeviceInfoTest 5請求: 0104024700018067
05-28 14:56:08.218 12672 12672 I NB_RSRQ : 0000
05-28 14:56:08.226 12672 12672 I DeviceInfoTest 5響應: 0104020000b930
05-28 14:56:08.246   800   800 I SurfaceFlinger: screenshot (com.oringnet.wm/com.oring.SlideActivity@12672#0)
05-28 14:56:08.315 12672 12672 W UiThreadStatement: Already on the UI thread, this method should not be called from the main application thread
05-28 14:56:08.315 12672 12672 I DeviceInfoTest 6請求: 010402480001b064
05-28 14:56:08.315 12672 12672 I NB_RSRP : 0000
05-28 14:56:08.323 12672 12672 I DeviceInfoTest 6響應: 0104020000b930
05-28 14:56:08.334   800  4119 I BufferQueueProducer: [com.oringnet.wm/com.oring.SlideActivity@12672#0](this:0x798ea0a000,id:4958,api:1,p:12672,c:800) queueBuffer: fps=32.24 dur=1023.51 max=145.80 min=9.73
05-28 14:56:08.412 12672 12672 W UiThreadStatement: Already on the UI thread, this method should not be called from the main application thread
05-28 14:56:08.412 12672 12672 I DeviceInfoTest 7請求: 010402490001e1a4
05-28 14:56:08.413 12672 12672 I NB_SINR : 0000
05-28 14:56:08.420 12672 12672 I DeviceInfoTest 7響應: 0104020000b930
05-28 14:56:08.510 12672 12672 W UiThreadStatement: Already on the UI thread, this method should not be called from the main application thread
05-28 14:56:08.510 12672 12672 I DeviceInfoTest 8請求: 010402270004407a
05-28 14:56:08.511 12672 12672 I HEX:    : 
05-28 14:56:08.511   800   800 I SurfaceFlinger: screenshot (com.oringnet.wm/com.oring.SlideActivity@12672#0)
05-28 14:56:08.518 12672 12672 I DeviceInfoTest 12響應: 0104080000000000000000240d
05-28 14:56:08.609 12672 12672 W UiThreadStatement: Already on the UI thread, this method should not be called from the main application thread
05-28 14:56:08.609 12672 12672 I DeviceInfoTest 13請求: 0104020000027073
05-28 14:56:08.618 12672 12672 I DeviceInfoTest 12響應: 0104043176312e812e
05-28 14:56:08.715 12672 12672 I DeviceInfoTest 12響應: 0104047473353006eb
05-28 14:56:08.715 12672 12672 W UiThreadStatement: Already on the UI thread, this method should not be called from the main application thread
05-28 14:56:08.716 12672 12672 I DeviceInfoTest 13請求: 01040204000231b2
05-28 14:56:08.778   800   800 I SurfaceFlinger: screenshot (com.oringnet.wm/com.oring.SlideActivity@12672#0)
05-28 14:56:08.802 12672 12672 W UiThreadStatement: Already on the UI thread, this method should not be called from the main application thread
05-28 14:56:08.802 12672 12672 I DeviceInfoTest 13請求: 010402080002f1b1
05-28 14:56:08.802 12672 12672 I HEX:    : 3176312e74733530
05-28 14:56:08.814 12672 12672 I DeviceInfoTest 13響應: 01040400000000fb84
05-28 14:56:08.900 12672 12672 W UiThreadStatement: Already on the UI thread, this method should not be called from the main application thread
05-28 14:56:08.900 12672 12672 I DeviceInfoTest 14請求: 010402020002d1b3
05-28 14:56:08.909 12672 12672 I DeviceInfoTest 13響應: 010404362e6574bf72
05-28 14:56:08.998 12672 12672 W UiThreadStatement: Already on the UI thread, this method should not be called from the main application thread
05-28 14:56:08.998 12672 12672 I DeviceInfoTest 14請求: 0104020600029072
05-28 14:56:09.006 12672 12672 I DeviceInfoTest 13響應: 01040435300047b475
05-28 14:56:09.045   800   800 I SurfaceFlinger: screenshot (com.oringnet.wm/com.oring.SlideActivity@12672#0)
05-28 14:56:09.096 12672 12672 W UiThreadStatement: Already on the UI thread, this method should not be called from the main application thread
05-28 14:56:09.096 12672 12672 I DeviceInfoTest 14請求: 0104020A00025071
05-28 14:56:09.098 12672 12672 I HEX:    : 362e657435300047
05-28 14:56:09.109 12672 12672 I DeviceInfoTest 8響應: 01040400000000fb84
05-28 14:56:09.192 12672 12672 W UiThreadStatement: Already on the UI thread, this method should not be called from the main application thread
05-28 14:56:09.193 12672 12672 I DeviceInfoTest 9請求: 010303E80004c479
05-28 14:56:09.193 12672 12672 I HEX:    : 323134333635
05-28 14:56:09.194 12672 12672 I Password: : 123456
05-28 14:56:09.202 12672 12672 I DeviceInfoTest 10響應: 0103083231343336350000282f
05-28 14:56:09.290 12672 12672 W UiThreadStatement: Already on the UI thread, this method should not be called from the main application thread
05-28 14:56:09.290 12672 12672 I DeviceInfoTest 11請求: 010302B600016454
05-28 14:56:09.293 12672 12672 I KeepALive: 003c
05-28 14:56:09.301 12672 12672 I DeviceInfoTest 11響應: 010302003cb855
05-28 14:56:09.311   800   800 I SurfaceFlinger: screenshot (com.oringnet.wm/com.oring.SlideActivity@12672#0)
05-28 14:56:09.388 12672 12672 W UiThreadStatement: Already on the UI thread, this method should not be called from the main application thread
05-28 14:56:09.390 12672 12672 I DeviceInfoTest 12請求: 010104000001fcfa
05-28 14:56:09.390 12672 12672 I fc_Status:: 00false
05-28 14:56:09.393 12672 12694 D Surface : Surface::disconnect(this=0x770ade5000,api=1)
05-28 14:56:09.394   800  2411 I BufferQueueProducer: [com.oringnet.wm/com.oring.SlideActivity@12672#1](this:0x79822b8000,id:4965,api:1,p:12672,c:800) disconnect(P): api 1
05-28 14:56:09.410 12672 12672 I DeviceInfoTest -1響應: 010101005188
05-28 14:56:09.415   800   800 I SurfaceFlinger: screenshot (com.oringnet.wm/com.oring.SlideActivity@12672#0)
05-28 14:56:09.481   800   851 I BufferQueueProducer: [com.oringnet.wm/com.oring.SlideActivity@12672#0](this:0x798ea0a000,id:4958,api:1,p:12672,c:800) queueBuffer: fps=4.36 dur=1146.47 max=361.35 min=95.46
05-28 14:56:09.517   800   800 I SurfaceFlinger: screenshot (com.oringnet.wm/com.oring.SlideActivity@12672#0)
05-28 14:56:09.576   800   800 I MiniDump: 0x798eb8d000 |     DEVICE |          0 | 1.000 |    0    0  720 1600 |   0.0   0.0 720.0 1600.0 | com.oringnet.wm/com.oring.SlideActivity@12672#0
05-28 14:56:09.576   800   800 I MiniDump: 0x798eb8d000 |     DEVICE |          0 | 1.000 |    0    0  720 1600 |   0.0   0.0 720.0 1600.0 | com.oringnet.wm/com.oring.SlideActivity@12672#0
05-28 14:56:09.631   800   800 I SurfaceFlinger: screenshot (com.oringnet.wm/com.oring.SlideActivity@12672#0)
05-28 14:56:09.654   800   800 I SurfaceFlinger: Remove BufferLayer(0x798229c000) com.oringnet.wm/com.oring.SlideActivity@12672#1 (-1 x -1)
05-28 14:56:09.655   800   800 I BufferQueue: [com.oringnet.wm/com.oring.SlideActivity@12672#1](this:0x79822b8000,id:4965,api:1,p:-1,c:-1) ~BufferQueueCore
05-28 14:56:09.659   800   800 I MiniDump: 0x798eb8d000 |     DEVICE |          0 | 1.000 |    0    0  720 1600 |   0.0   0.0 720.0 1600.0 | com.oringnet.wm/com.oring.SlideActivity@12672#0
05-28 14:56:09.659   800   800 I MiniDump: 0x798eb8d000 |     DEVICE |          0 | 1.000 |    0    0  720 1600 |   0.0   0.0 720.0 1600.0 | com.oringnet.wm/com.oring.SlideActivity@12672#0
05-28 14:56:09.894   800   800 I SurfaceFlinger: screenshot (com.oringnet.wm/com.oring.SlideActivity@12672#0)
05-28 14:56:10.161   800   800 I SurfaceFlinger: screenshot (com.oringnet.wm/com.oring.SlideActivity@12672#0)
05-28 14:56:10.427   800   800 I SurfaceFlinger: screenshot (com.oringnet.wm/com.oring.SlideActivity@12672#0)
05-28 14:56:10.511   800   800 I SurfaceFlinger: screenshot (com.oringnet.wm/com.oring.SlideActivity@12672#0)
05-28 14:56:10.694   800   800 I SurfaceFlinger: screenshot (com.oringnet.wm/com.oring.SlideActivity@12672#0)
05-28 14:56:10.944   800   800 I SurfaceFlinger: screenshot (com.oringnet.wm/com.oring.SlideActivity@12672#0)
05-28 14:56:11.026   800   851 I BufferQueueProducer: [com.oringnet.wm/com.oring.SlideActivity@12672#0](this:0x798ea0a000,id:4958,api:1,p:12672,c:800) queueBuffer: fps=1.29 dur=1545.56 max=1537.96 min=7.60
05-28 14:56:11.195   800   800 I SurfaceFlinger: screenshot (com.oringnet.wm/com.oring.SlideActivity@12672#0)
05-28 14:56:12.857 12672 12672 I ViewRootImpl: ViewRoot's Touch Event : ACTION_DOWN
05-28 14:56:12.864 12672 12672 I ViewRootImpl: ViewRoot's Touch Event : ACTION_UP
05-28 14:56:12.865   800   800 I SurfaceFlinger: screenshot (com.oringnet.wm/com.oring.SlideActivity@12672#0)
05-28 14:56:12.915   800   975 I BufferQueueProducer: [com.oringnet.wm/com.oring.SlideActivity@12672#0](this:0x798ea0a000,id:4958,api:1,p:12672,c:800) queueBuffer: fps=9.00 dur=1888.25 max=1622.17 min=14.94
05-28 14:56:13.313   800   800 I SurfaceFlinger: screenshot (com.oringnet.wm/com.oring.SlideActivity@12672#0)
05-28 14:56:13.749   800   800 I SurfaceFlinger: screenshot (com.oringnet.wm/com.oring.SlideActivity@12672#0)
05-28 14:56:14.248   800  2411 I BufferQueueProducer: [com.oringnet.wm/com.oring.SlideActivity@12672#0](this:0x798ea0a000,id:4958,api:1,p:12672,c:800) queueBuffer: fps=6.75 dur=1333.69 max=683.28 min=15.33
05-28 14:56:14.266   800   800 I SurfaceFlinger: screenshot (com.oringnet.wm/com.oring.SlideActivity@12672#0)
05-28 14:56:15.386   800  2411 I BufferQueueProducer: [com.oringnet.wm/com.oring.SlideActivity@12672#0](this:0x798ea0a000,id:4958,api:1,p:12672,c:800) queueBuffer: fps=1.76 dur=1137.55 max=615.84 min=521.70
05-28 14:56:15.407   800   800 I SurfaceFlinger: screenshot (com.oringnet.wm/com.oring.SlideActivity@12672#0)
05-28 14:56:16.453   800  2411 I BufferQueueProducer: [com.oringnet.wm/com.oring.SlideActivity@12672#0](this:0x798ea0a000,id:4958,api:1,p:12672,c:800) queueBuffer: fps=1.87 dur=1067.00 max=558.61 min=508.39
05-28 14:56:16.467   800   800 I SurfaceFlinger: screenshot (com.oringnet.wm/com.oring.SlideActivity@12672#0)
05-28 14:56:17.007 12672 12672 I ViewRootImpl: ViewRoot's Touch Event : ACTION_DOWN
05-28 14:56:17.013 12672 12672 I ViewRootImpl: ViewRoot's Touch Event : ACTION_UP
05-28 14:56:17.015 12672 12672 I TTTIII  : @@
05-28 14:56:17.015 12672 12672 I TTTIII  : 999999
05-28 14:56:17.015 12672 12672 I TTTIII  : 999999
05-28 14:56:17.022 12672 12672 D PhoneWindow: windowLightStatusBar : false, disable View.SYSTEM_UI_FLAG_LIGHT_STATUS_BAR
05-28 14:56:17.036 12672 12672 I TouchFilterInputStageHelper: [needTouchEventFilter] Displayid : 0
05-28 14:56:17.043 12672 12672 D BezellessGripSuppressionFilter: getdisplaysize, x : 720 y : 1600
05-28 14:56:17.048   800   800 I SurfaceFlinger: screenshot (com.oringnet.wm/com.oring.SlideActivity@12672#0)
05-28 14:56:17.068   800   975 I BufferQueueConsumer: [com.oringnet.wm/com.oring.SlideActivity@12672#1](this:0x797e3f3000,id:4966,api:0,p:-1,c:800) setConsumerName: com.oringnet.wm/com.oring.SlideActivity@12672#1
05-28 14:56:17.068   800   975 I BufferQueueConsumer: [com.oringnet.wm/com.oring.SlideActivity@12672#1](this:0x797e3f3000,id:4966,api:0,p:-1,c:800) setDefaultBufferSize: width=126 height=126
05-28 14:56:17.068   800   975 I SurfaceFlinger: Create BufferLayer(0x797e3e4000) com.oringnet.wm/com.oring.SlideActivity@12672#1 (126 x 126)
05-28 14:56:17.073 12672 12694 D Surface : Surface::connect(this=0x770825f000,api=1)
05-28 14:56:17.074   800   975 I BufferQueueProducer: [com.oringnet.wm/com.oring.SlideActivity@12672#1](this:0x797e3f3000,id:4966,api:1,p:12672,c:800) connect(P): api=1 producer=(12672:com.oringnet.wm) producerControlledByApp=false
05-28 14:56:17.076 12672 12694 D Surface : Surface::setBufferCount(this=0x770825f000,bufferCount=3)
05-28 14:56:17.076 12672 12694 D Surface : Surface::allocateBuffers(this=0x770825f000)
05-28 14:56:17.141 12672 12672 W UiThreadStatement: Already on the UI thread, this method should not be called from the main application thread
05-28 14:56:17.141 12672 12672 I DeviceInfoTest 8請求: 011003E80004083939393939390000ff18
05-28 14:56:17.143   800   800 I MiniDump: 0x798eb8d000 |     DEVICE |          0 | 1.000 |    0    0  720 1600 |   0.0   0.0 720.0 1600.0 | com.oringnet.wm/com.oring.SlideActivity@12672#0
05-28 14:56:17.143   800   800 I MiniDump: 0x797e3e4000 |     DEVICE |          0 | 0.303 |  301  760  419  878 |   0.0   0.0 126.0 126.0 | com.oringnet.wm/com.oring.SlideActivity@12672#1
05-28 14:56:17.143   800   800 I MiniDump: 0x798eb8d000 |     DEVICE |          0 | 1.000 |    0    0  720 1600 |   0.0   0.0 720.0 1600.0 | com.oringnet.wm/com.oring.SlideActivity@12672#0
05-28 14:56:17.143   800   800 I MiniDump: 0x797e3e4000 |     DEVICE |          0 | 0.303 |  301  760  419  878 |   0.0   0.0 126.0 126.0 | com.oringnet.wm/com.oring.SlideActivity@12672#1
05-28 14:56:17.151 12672 12672 I DeviceInfoTest 7響應: 011003e8000441ba
05-28 14:56:17.154   800   800 I SurfaceFlinger: screenshot (com.oringnet.wm/com.oring.SlideActivity@12672#0)
05-28 14:56:17.163   800   800 I MiniDump: 0x798eb8d000 |     DEVICE |          0 | 1.000 |    0    0  720 1600 |   0.0   0.0 720.0 1600.0 | com.oringnet.wm/com.oring.SlideActivity@12672#0
05-28 14:56:17.163   800   800 I MiniDump: 0x797e3e4000 |     DEVICE |          0 | 0.525 |  300  759  420  879 |   0.0   0.0 126.0 126.0 | com.oringnet.wm/com.oring.SlideActivity@12672#1
05-28 14:56:17.163   800   800 I MiniDump: 0x798eb8d000 |     DEVICE |          0 | 1.000 |    0    0  720 1600 |   0.0   0.0 720.0 1600.0 | com.oringnet.wm/com.oring.SlideActivity@12672#0
05-28 14:56:17.163   800   800 I MiniDump: 0x797e3e4000 |     DEVICE |          0 | 0.525 |  300  759  420  879 |   0.0   0.0 126.0 126.0 | com.oringnet.wm/com.oring.SlideActivity@12672#1
05-28 14:56:17.237 12672 12672 W UiThreadStatement: Already on the UI thread, this method should not be called from the main application thread
05-28 14:56:17.237 12672 12672 I DeviceInfoTest 8請求: 011003EC00040800000000000000002157
05-28 14:56:17.248 12672 12672 I DeviceInfoTest 7響應: 011003ec0004007b
05-28 14:56:17.266   800   800 I SurfaceFlinger: screenshot (com.oringnet.wm/com.oring.SlideActivity@12672#0)
05-28 14:56:17.334 12672 12672 W UiThreadStatement: Already on the UI thread, this method should not be called from the main application thread
05-28 14:56:17.334 12672 12672 I DeviceInfoTest 8請求: 011003F00004080000000000000000f0b8
05-28 14:56:17.340 12672 12672 I DeviceInfoTest 7響應: 011003f00004c1bd
05-28 14:56:17.366   800   800 I SurfaceFlinger: screenshot (com.oringnet.wm/com.oring.SlideActivity@12672#0)
05-28 14:56:17.431 12672 12672 W UiThreadStatement: Already on the UI thread, this method should not be called from the main application thread
05-28 14:56:17.431 12672 12672 I DeviceInfoTest 8請求: 011003F400040800000000000000000177
05-28 14:56:17.434 12672 12694 D Surface : Surface::disconnect(this=0x770825f000,api=1)
05-28 14:56:17.435   800  4119 I BufferQueueProducer: [com.oringnet.wm/com.oring.SlideActivity@12672#1](this:0x797e3f3000,id:4966,api:1,p:12672,c:800) disconnect(P): api 1
05-28 14:56:17.464 12672 12672 D BluetoothGatt: setCharacteristicNotification() - uuid: 6e400003-b5a3-f393-e0a9-e50e24dcca9e enable: true
05-28 14:56:17.470 12672 12672 I DeviceInfoTest 7響應: 011003f40004807c
05-28 14:56:17.483   800   800 I SurfaceFlinger: screenshot (com.oringnet.wm/com.oring.SlideActivity@12672#0)
05-28 14:56:17.494   800   975 I BufferQueueProducer: [com.oringnet.wm/com.oring.SlideActivity@12672#0](this:0x798ea0a000,id:4958,api:1,p:12672,c:800) queueBuffer: fps=7.69 dur=1040.77 max=667.76 min=13.97
05-28 14:56:17.537 12672 12672 D PhoneWindow: windowLightStatusBar : false, disable View.SYSTEM_UI_FLAG_LIGHT_STATUS_BAR
05-28 14:56:17.562 12672 12672 I TouchFilterInputStageHelper: [needTouchEventFilter] Displayid : 0
05-28 14:56:17.566 12672 12672 D BezellessGripSuppressionFilter: getdisplaysize, x : 720 y : 1600
05-28 14:56:17.585   800   800 I SurfaceFlinger: screenshot (com.oringnet.wm/com.oring.SlideActivity@12672#0)
05-28 14:56:17.599   800  4119 I BufferQueueConsumer: [com.oringnet.wm/com.oring.SlideActivity@12672#2](this:0x798229c000,id:4967,api:0,p:-1,c:800) setConsumerName: com.oringnet.wm/com.oring.SlideActivity@12672#2
05-28 14:56:17.599   800  4119 I BufferQueueConsumer: [com.oringnet.wm/com.oring.SlideActivity@12672#2](this:0x798229c000,id:4967,api:0,p:-1,c:800) setDefaultBufferSize: width=126 height=126
05-28 14:56:17.599   800  4119 I SurfaceFlinger: Create BufferLayer(0x7982261000) com.oringnet.wm/com.oring.SlideActivity@12672#2 (126 x 126)
05-28 14:56:17.607 12672 12694 D Surface : Surface::connect(this=0x7708276000,api=1)
05-28 14:56:17.608   800   975 I BufferQueueProducer: [com.oringnet.wm/com.oring.SlideActivity@12672#2](this:0x798229c000,id:4967,api:1,p:12672,c:800) connect(P): api=1 producer=(12672:com.oringnet.wm) producerControlledByApp=false
05-28 14:56:17.610 12672 12694 D Surface : Surface::setBufferCount(this=0x7708276000,bufferCount=3)
05-28 14:56:17.610 12672 12694 D Surface : Surface::allocateBuffers(this=0x7708276000)
05-28 14:56:17.627   800   800 I MiniDump: 0x798eb8d000 |     DEVICE |          0 | 1.000 |    0    0  720 1600 |   0.0   0.0 720.0 1600.0 | com.oringnet.wm/com.oring.SlideActivity@12672#0
05-28 14:56:17.628   800   800 I MiniDump: 0x798eb8d000 |     DEVICE |          0 | 1.000 |    0    0  720 1600 |   0.0   0.0 720.0 1600.0 | com.oringnet.wm/com.oring.SlideActivity@12672#0
05-28 14:56:17.677   800   800 I MiniDump: 0x798eb8d000 |     DEVICE |          0 | 1.000 |    0    0  720 1600 |   0.0   0.0 720.0 1600.0 | com.oringnet.wm/com.oring.SlideActivity@12672#0
05-28 14:56:17.677   800   800 I MiniDump: 0x7982261000 |     DEVICE |          0 | 0.303 |  301  760  419  878 |   0.0   0.0 126.0 126.0 | com.oringnet.wm/com.oring.SlideActivity@12672#2
05-28 14:56:17.678   800   800 I MiniDump: 0x798eb8d000 |     DEVICE |          0 | 1.000 |    0    0  720 1600 |   0.0   0.0 720.0 1600.0 | com.oringnet.wm/com.oring.SlideActivity@12672#0
05-28 14:56:17.678   800   800 I MiniDump: 0x7982261000 |     DEVICE |          0 | 0.303 |  301  760  419  878 |   0.0   0.0 126.0 126.0 | com.oringnet.wm/com.oring.SlideActivity@12672#2
05-28 14:56:17.683 12672 12672 W UiThreadStatement: Already on the UI thread, this method should not be called from the main application thread
05-28 14:56:17.683 12672 12672 I DeviceInfoTest 2請求: 01030200000445b1
05-28 14:56:17.684 12672 12672 I HEX:    : 
05-28 14:56:17.684 12672 12672 I DeviceName:: 
05-28 14:56:17.688   800   800 I SurfaceFlinger: screenshot (com.oringnet.wm/com.oring.SlideActivity@12672#0)
05-28 14:56:17.693 12672 12672 I DeviceInfoTest 0響應: 010308000000000000000095d7
05-28 14:56:17.697   800   800 I MiniDump: 0x798eb8d000 |     DEVICE |          0 | 1.000 |    0    0  720 1600 |   0.0   0.0 720.0 1600.0 | com.oringnet.wm/com.oring.SlideActivity@12672#0
05-28 14:56:17.697   800   800 I MiniDump: 0x7982261000 |     DEVICE |          0 | 0.538 |  300  759  420  879 |   0.0   0.0 126.0 126.0 | com.oringnet.wm/com.oring.SlideActivity@12672#2
05-28 14:56:17.697   800   800 I MiniDump: 0x798eb8d000 |     DEVICE |          0 | 1.000 |    0    0  720 1600 |   0.0   0.0 720.0 1600.0 | com.oringnet.wm/com.oring.SlideActivity@12672#0
05-28 14:56:17.697   800   800 I MiniDump: 0x7982261000 |     DEVICE |          0 | 0.538 |  300  759  420  879 |   0.0   0.0 126.0 126.0 | com.oringnet.wm/com.oring.SlideActivity@12672#2
05-28 14:56:17.708   800   800 I SurfaceFlinger: Remove BufferLayer(0x797e3e4000) com.oringnet.wm/com.oring.SlideActivity@12672#1 (-1 x -1)
05-28 14:56:17.709   800   800 I BufferQueue: [com.oringnet.wm/com.oring.SlideActivity@12672#1](this:0x797e3f3000,id:4966,api:1,p:-1,c:-1) ~BufferQueueCore
05-28 14:56:17.714   800   800 I MiniDump: 0x798eb8d000 |     DEVICE |          0 | 1.000 |    0    0  720 1600 |   0.0   0.0 720.0 1600.0 | com.oringnet.wm/com.oring.SlideActivity@12672#0
05-28 14:56:17.714   800   800 I MiniDump: 0x7982261000 |     DEVICE |          0 | 0.704 |  299  758  421  880 |   0.0   0.0 126.0 126.0 | com.oringnet.wm/com.oring.SlideActivity@12672#2
05-28 14:56:17.715   800   800 I MiniDump: 0x798eb8d000 |     DEVICE |          0 | 1.000 |    0    0  720 1600 |   0.0   0.0 720.0 1600.0 | com.oringnet.wm/com.oring.SlideActivity@12672#0
05-28 14:56:17.715   800   800 I MiniDump: 0x7982261000 |     DEVICE |          0 | 0.704 |  299  758  421  880 |   0.0   0.0 126.0 126.0 | com.oringnet.wm/com.oring.SlideActivity@12672#2
05-28 14:56:17.773 12672 12672 W UiThreadStatement: Already on the UI thread, this method should not be called from the main application thread
05-28 14:56:17.774 12672 12672 I DeviceInfoTest 1請求: 0103021000044474
05-28 14:56:17.774 12672 12672 I HEX:    : 
05-28 14:56:17.779 12672 12672 I DeviceInfoTest 2響應: 010308000000000000000095d7
05-28 14:56:17.799   800   800 I SurfaceFlinger: screenshot (com.oringnet.wm/com.oring.SlideActivity@12672#0)
05-28 14:56:17.870 12672 12672 W UiThreadStatement: Already on the UI thread, this method should not be called from the main application thread
05-28 14:56:17.870 12672 12672 I DeviceInfoTest 3請求: 010402140004b075
05-28 14:56:17.879 12672 12672 I DeviceInfoTest 2響應: 0104086f695f74657474731ff4
05-28 14:56:17.900   800   800 I SurfaceFlinger: screenshot (com.oringnet.wm/com.oring.SlideActivity@12672#0)
05-28 14:56:17.967 12672 12672 W UiThreadStatement: Already on the UI thread, this method should not be called from the main application thread
05-28 14:56:17.968 12672 12672 I DeviceInfoTest 3請求: 0104021800047076
05-28 14:56:17.968 12672 12672 I HEX:    : 6f695f74657474733830
05-28 14:56:17.977 12672 12672 I DeviceInfoTest 3響應: 010408383000000000000016bc
05-28 14:56:18.065 12672 12672 W UiThreadStatement: Already on the UI thread, this method should not be called from the main application thread
05-28 14:56:18.065 12672 12672 I DeviceInfoTest 4請求: 0104022400017079
05-28 14:56:18.065 12672 12672 I NB_RSSI : 0000
05-28 14:56:18.073 12672 12672 I DeviceInfoTest 4響應: 0104020000b930
05-28 14:56:18.163 12672 12672 W UiThreadStatement: Already on the UI thread, this method should not be called from the main application thread
05-28 14:56:18.163 12672 12672 I DeviceInfoTest 5請求: 0104024700018067
05-28 14:56:18.163 12672 12672 I NB_RSRQ : 0000
05-28 14:56:18.164   800   800 I SurfaceFlinger: screenshot (com.oringnet.wm/com.oring.SlideActivity@12672#0)
05-28 14:56:18.173 12672 12672 I DeviceInfoTest 5響應: 0104020000b930
05-28 14:56:18.260 12672 12672 W UiThreadStatement: Already on the UI thread, this method should not be called from the main application thread
05-28 14:56:18.260 12672 12672 I DeviceInfoTest 6請求: 010402480001b064
05-28 14:56:18.260 12672 12672 I NB_RSRP : 0000
05-28 14:56:18.267 12672 12672 I DeviceInfoTest 6響應: 0104020000b930
05-28 14:56:18.357 12672 12672 I NB_SINR : 0000
05-28 14:56:18.366 12672 12672 I DeviceInfoTest 7響應: 0104020000b930
05-28 14:56:18.387 12672 12672 W UiThreadStatement: Already on the UI thread, this method should not be called from the main application thread
05-28 14:56:18.387 12672 12672 I DeviceInfoTest 8請求: 010402490001e1a4
05-28 14:56:18.430   800   800 I SurfaceFlinger: screenshot (com.oringnet.wm/com.oring.SlideActivity@12672#0)
05-28 14:56:18.455 12672 12672 W UiThreadStatement: Already on the UI thread, this method should not be called from the main application thread
05-28 14:56:18.455 12672 12672 I DeviceInfoTest 8請求: 010402270004407a
05-28 14:56:18.455 12672 12672 I HEX:    : 
05-28 14:56:18.463 12672 12672 I DeviceInfoTest 12響應: 0104080000000000000000240d
05-28 14:56:18.496   800   851 I BufferQueueProducer: [com.oringnet.wm/com.oring.SlideActivity@12672#0](this:0x798ea0a000,id:4958,api:1,p:12672,c:800) queueBuffer: fps=12.97 dur=1002.21 max=321.71 min=7.35
05-28 14:56:18.553 12672 12672 W UiThreadStatement: Already on the UI thread, this method should not be called from the main application thread
05-28 14:56:18.553 12672 12672 I DeviceInfoTest 13請求: 0104020000027073
05-28 14:56:18.560 12672 12672 I DeviceInfoTest 12響應: 0104043176312e812e
05-28 14:56:18.650 12672 12672 W UiThreadStatement: Already on the UI thread, this method should not be called from the main application thread
05-28 14:56:18.650 12672 12672 I DeviceInfoTest 13請求: 01040204000231b2
05-28 14:56:18.659 12672 12672 I DeviceInfoTest 12響應: 0104047473353006eb
05-28 14:56:18.697   800   800 I SurfaceFlinger: screenshot (com.oringnet.wm/com.oring.SlideActivity@12672#0)
05-28 14:56:18.747 12672 12672 W UiThreadStatement: Already on the UI thread, this method should not be called from the main application thread
05-28 14:56:18.747 12672 12672 I DeviceInfoTest 13請求: 010402080002f1b1
05-28 14:56:18.747 12672 12672 I HEX:    : 3176312e74733530
05-28 14:56:18.757 12672 12672 I DeviceInfoTest 13響應: 01040400000000fb84
05-28 14:56:18.845 12672 12672 W UiThreadStatement: Already on the UI thread, this method should not be called from the main application thread
05-28 14:56:18.845 12672 12672 I DeviceInfoTest 14請求: 010402020002d1b3
05-28 14:56:18.855 12672 12672 I DeviceInfoTest 13響應: 010404362e6574bf72
05-28 14:56:18.942 12672 12672 W UiThreadStatement: Already on the UI thread, this method should not be called from the main application thread
05-28 14:56:18.942 12672 12672 I DeviceInfoTest 14請求: 0104020600029072
05-28 14:56:18.949 12672 12672 I DeviceInfoTest 13響應: 01040435300047b475
05-28 14:56:18.963   800   800 I SurfaceFlinger: screenshot (com.oringnet.wm/com.oring.SlideActivity@12672#0)
05-28 14:56:19.039 12672 12672 W UiThreadStatement: Already on the UI thread, this method should not be called from the main application thread
05-28 14:56:19.039 12672 12672 I DeviceInfoTest 14請求: 0104020A00025071
05-28 14:56:19.040 12672 12672 I HEX:    : 362e657435300047
05-28 14:56:19.051 12672 12672 I DeviceInfoTest 8響應: 01040400000000fb84
05-28 14:56:19.137 12672 12672 W UiThreadStatement: Already on the UI thread, this method should not be called from the main application thread
05-28 14:56:19.137 12672 12672 I DeviceInfoTest 9請求: 010303E80004c479
05-28 14:56:19.137 12672 12672 I HEX:    : 393939393939
05-28 14:56:19.138 12672 12672 I Password: : 999999
05-28 14:56:19.145 12672 12672 I DeviceInfoTest 10響應: 0103083939393939390000ba57
05-28 14:56:19.230   800   800 I SurfaceFlinger: screenshot (com.oringnet.wm/com.oring.SlideActivity@12672#0)
05-28 14:56:19.234 12672 12672 W UiThreadStatement: Already on the UI thread, this method should not be called from the main application thread
05-28 14:56:19.235 12672 12672 I DeviceInfoTest 11請求: 010302B600016454
05-28 14:56:19.235 12672 12672 I KeepALive: 003c
05-28 14:56:19.242 12672 12672 I DeviceInfoTest 11響應: 010302003cb855
05-28 14:56:19.334 12672 12672 W UiThreadStatement: Already on the UI thread, this method should not be called from the main application thread
05-28 14:56:19.334 12672 12672 I DeviceInfoTest 12請求: 010104000001fcfa
05-28 14:56:19.334 12672 12672 I fc_Status:: 00false
05-28 14:56:19.339 12672 12694 D Surface : Surface::disconnect(this=0x7708276000,api=1)
05-28 14:56:19.339   800  4119 I BufferQueueProducer: [com.oringnet.wm/com.oring.SlideActivity@12672#2](this:0x798229c000,id:4967,api:1,p:12672,c:800) disconnect(P): api 1
05-28 14:56:19.354 12672 12672 I DeviceInfoTest -1響應: 010101005188
05-28 14:56:19.367   800   800 I SurfaceFlinger: screenshot (com.oringnet.wm/com.oring.SlideActivity@12672#0)
05-28 14:56:19.469   800   800 I SurfaceFlinger: screenshot (com.oringnet.wm/com.oring.SlideActivity@12672#0)
05-28 14:56:19.528   800   800 I MiniDump: 0x798eb8d000 |     DEVICE |          0 | 1.000 |    0    0  720 1600 |   0.0   0.0 720.0 1600.0 | com.oringnet.wm/com.oring.SlideActivity@12672#0
05-28 14:56:19.528   800   800 I MiniDump: 0x798eb8d000 |     DEVICE |          0 | 1.000 |    0    0  720 1600 |   0.0   0.0 720.0 1600.0 | com.oringnet.wm/com.oring.SlideActivity@12672#0
05-28 14:56:19.583   800   800 I SurfaceFlinger: screenshot (com.oringnet.wm/com.oring.SlideActivity@12672#0)
05-28 14:56:19.606   800   800 I SurfaceFlinger: Remove BufferLayer(0x7982261000) com.oringnet.wm/com.oring.SlideActivity@12672#2 (-1 x -1)
05-28 14:56:19.607   800   800 I BufferQueue: [com.oringnet.wm/com.oring.SlideActivity@12672#2](this:0x798229c000,id:4967,api:1,p:-1,c:-1) ~BufferQueueCore
05-28 14:56:19.612   800   800 I MiniDump: 0x798eb8d000 |     DEVICE |          0 | 1.000 |    0    0  720 1600 |   0.0   0.0 720.0 1600.0 | com.oringnet.wm/com.oring.SlideActivity@12672#0
05-28 14:56:19.612   800   800 I MiniDump: 0x798eb8d000 |     DEVICE |          0 | 1.000 |    0    0  720 1600 |   0.0   0.0 720.0 1600.0 | com.oringnet.wm/com.oring.SlideActivity@12672#0
05-28 14:56:19.846   800   800 I SurfaceFlinger: screenshot (com.oringnet.wm/com.oring.SlideActivity@12672#0)
05-28 14:56:20.025 12672 12672 I ViewRootImpl: ViewRoot's Touch Event : ACTION_DOWN
05-28 14:56:20.031 12672 12672 I ViewRootImpl: ViewRoot's Touch Event : ACTION_UP
05-28 14:56:20.054   800   851 I BufferQueueProducer: [com.oringnet.wm/com.oring.SlideActivity@12672#0](this:0x798ea0a000,id:4958,api:1,p:12672,c:800) queueBuffer: fps=4.49 dur=1557.92 max=668.03 min=8.25
05-28 14:56:20.097   800   800 I SurfaceFlinger: screenshot (com.oringnet.wm/com.oring.SlideActivity@12672#0)
05-28 14:56:20.363   800   800 I SurfaceFlinger: screenshot (com.oringnet.wm/com.oring.SlideActivity@12672#0)
05-28 14:56:20.630   800   800 I SurfaceFlinger: screenshot (com.oringnet.wm/com.oring.SlideActivity@12672#0)
05-28 14:56:20.896   800   800 I SurfaceFlinger: screenshot (com.oringnet.wm/com.oring.SlideActivity@12672#0)
05-28 14:56:21.163   800   800 I SurfaceFlinger: screenshot (com.oringnet.wm/com.oring.SlideActivity@12672#0)
05-28 14:56:21.249   800  2411 I BufferQueueProducer: [com.oringnet.wm/com.oring.SlideActivity@12672#0](this:0x798ea0a000,id:4958,api:1,p:12672,c:800) queueBuffer: fps=3.35 dur=1195.56 max=652.33 min=10.90
05-28 14:56:21.825 12672 12672 I ViewRootImpl: ViewRoot's Touch Event : ACTION_DOWN
05-28 14:56:21.829 12672 12672 I ViewRootImpl: ViewRoot's Touch Event : ACTION_UP
05-28 14:56:21.837 12672 12672 D PhoneWindow: windowLightStatusBar : false, disable View.SYSTEM_UI_FLAG_LIGHT_STATUS_BAR
05-28 14:56:21.858 12672 12672 I TouchFilterInputStageHelper: [needTouchEventFilter] Displayid : 0
05-28 14:56:21.864 12672 12672 D BezellessGripSuppressionFilter: getdisplaysize, x : 720 y : 1600
05-28 14:56:21.866   800   800 I SurfaceFlinger: screenshot (com.oringnet.wm/com.oring.SlideActivity@12672#0)
05-28 14:56:21.891   800  2411 I BufferQueueConsumer: [com.oringnet.wm/com.oring.SlideActivity@12672#1](this:0x798eb50000,id:4968,api:0,p:-1,c:800) setConsumerName: com.oringnet.wm/com.oring.SlideActivity@12672#1
05-28 14:56:21.891   800  2411 I BufferQueueConsumer: [com.oringnet.wm/com.oring.SlideActivity@12672#1](this:0x798eb50000,id:4968,api:0,p:-1,c:800) setDefaultBufferSize: width=126 height=126
05-28 14:56:21.891   800  2411 I SurfaceFlinger: Create BufferLayer(0x797e428000) com.oringnet.wm/com.oring.SlideActivity@12672#1 (126 x 126)
05-28 14:56:21.897 12672 12694 D Surface : Surface::connect(this=0x770c39e000,api=1)
05-28 14:56:21.898   800   851 I BufferQueueProducer: [com.oringnet.wm/com.oring.SlideActivity@12672#1](this:0x798eb50000,id:4968,api:1,p:12672,c:800) connect(P): api=1 producer=(12672:com.oringnet.wm) producerControlledByApp=false
05-28 14:56:21.899 12672 12694 D Surface : Surface::setBufferCount(this=0x770c39e000,bufferCount=3)
05-28 14:56:21.900 12672 12694 D Surface : Surface::allocateBuffers(this=0x770c39e000)
05-28 14:56:21.966   800   800 I SurfaceFlinger: screenshot (com.oringnet.wm/com.oring.SlideActivity@12672#0)
05-28 14:56:21.977 12672 12672 I DeviceInfoTest 8響應: 011002000004c072
05-28 14:56:21.977 12672 12672 W UiThreadStatement: Already on the UI thread, this method should not be called from the main application thread
05-28 14:56:21.977 12672 12672 I DeviceInfoTest 9請求: 0110020000040869576c6c41797070291b
05-28 14:56:21.979   800   800 I MiniDump: 0x798eb8d000 |     DEVICE |          0 | 1.000 |    0    0  720 1600 |   0.0   0.0 720.0 1600.0 | com.oringnet.wm/com.oring.SlideActivity@12672#0
05-28 14:56:21.979   800   800 I MiniDump: 0x797e428000 |     DEVICE |          0 | 0.303 |  301  760  419  878 |   0.0   0.0 126.0 126.0 | com.oringnet.wm/com.oring.SlideActivity@12672#1
05-28 14:56:21.979   800   800 I MiniDump: 0x798eb8d000 |     DEVICE |          0 | 1.000 |    0    0  720 1600 |   0.0   0.0 720.0 1600.0 | com.oringnet.wm/com.oring.SlideActivity@12672#0
05-28 14:56:21.979   800   800 I MiniDump: 0x797e428000 |     DEVICE |          0 | 0.303 |  301  760  419  878 |   0.0   0.0 126.0 126.0 | com.oringnet.wm/com.oring.SlideActivity@12672#1
05-28 14:56:22.063 12672 12672 W UiThreadStatement: Already on the UI thread, this method should not be called from the main application thread
05-28 14:56:22.063 12672 12672 I DeviceInfoTest 9請求: 0110020400040875695f6d30323132e506
05-28 14:56:22.067   800   800 I SurfaceFlinger: screenshot (com.oringnet.wm/com.oring.SlideActivity@12672#0)
05-28 14:56:22.070 12672 12672 I DeviceInfoTest 8響應: 01100204000481b3
05-28 14:56:22.160 12672 12672 W UiThreadStatement: Already on the UI thread, this method should not be called from the main application thread
05-28 14:56:22.160 12672 12672 I DeviceInfoTest 9請求: 01100208000408353038323431363516fb
05-28 14:56:22.167 12672 12672 I DeviceInfoTest 8響應: 01100208000441b0
05-28 14:56:22.183   800   800 I SurfaceFlinger: screenshot (com.oringnet.wm/com.oring.SlideActivity@12672#0)
05-28 14:56:22.257 12672 12672 W UiThreadStatement: Already on the UI thread, this method should not be called from the main application thread
05-28 14:56:22.257 12672 12672 I DeviceInfoTest 9請求: 0110020C0004080000000000000000a128
05-28 14:56:22.269 12672 12672 I DeviceInfoTest 13響應: 0110020c00040071
05-28 14:56:22.355 12672 12672 W UiThreadStatement: Already on the UI thread, this method should not be called from the main application thread
05-28 14:56:22.355 12672 12672 I DeviceInfoTest 14請求: 011002B6000102003C9fd7
05-28 14:56:22.358 12672 12694 D Surface : Surface::disconnect(this=0x770c39e000,api=1)
05-28 14:56:22.358   800   852 I BufferQueueProducer: [com.oringnet.wm/com.oring.SlideActivity@12672#1](this:0x798eb50000,id:4968,api:1,p:12672,c:800) disconnect(P): api 1
05-28 14:56:22.384   800   800 I SurfaceFlinger: screenshot (com.oringnet.wm/com.oring.SlideActivity@12672#0)
05-28 14:56:22.385 12672 12672 D BluetoothGatt: setCharacteristicNotification() - uuid: 6e400003-b5a3-f393-e0a9-e50e24dcca9e enable: true
05-28 14:56:22.389 12672 12672 I DeviceInfoTest 13響應: 011002b60001e197
05-28 14:56:22.416   800   851 I BufferQueueProducer: [com.oringnet.wm/com.oring.SlideActivity@12672#0](this:0x798ea0a000,id:4958,api:1,p:12672,c:800) queueBuffer: fps=6.86 dur=1166.76 max=701.55 min=14.11
05-28 14:56:22.461 12672 12672 D PhoneWindow: windowLightStatusBar : false, disable View.SYSTEM_UI_FLAG_LIGHT_STATUS_BAR
05-28 14:56:22.481 12672 12672 I TouchFilterInputStageHelper: [needTouchEventFilter] Displayid : 0
05-28 14:56:22.484 12672 12672 D BezellessGripSuppressionFilter: getdisplaysize, x : 720 y : 1600
05-28 14:56:22.487   800   800 I SurfaceFlinger: screenshot (com.oringnet.wm/com.oring.SlideActivity@12672#0)
05-28 14:56:22.512   800  4119 I BufferQueueConsumer: [com.oringnet.wm/com.oring.SlideActivity@12672#2](this:0x798229d800,id:4969,api:0,p:-1,c:800) setConsumerName: com.oringnet.wm/com.oring.SlideActivity@12672#2
05-28 14:56:22.512   800  4119 I BufferQueueConsumer: [com.oringnet.wm/com.oring.SlideActivity@12672#2](this:0x798229d800,id:4969,api:0,p:-1,c:800) setDefaultBufferSize: width=126 height=126
05-28 14:56:22.512   800  4119 I SurfaceFlinger: Create BufferLayer(0x79822bb000) com.oringnet.wm/com.oring.SlideActivity@12672#2 (126 x 126)
05-28 14:56:22.521 12672 12694 D Surface : Surface::connect(this=0x77082b0000,api=1)
05-28 14:56:22.521   800  4119 I BufferQueueProducer: [com.oringnet.wm/com.oring.SlideActivity@12672#2](this:0x798229d800,id:4969,api:1,p:12672,c:800) connect(P): api=1 producer=(12672:com.oringnet.wm) producerControlledByApp=false
05-28 14:56:22.525 12672 12694 D Surface : Surface::setBufferCount(this=0x77082b0000,bufferCount=3)
05-28 14:56:22.526 12672 12694 D Surface : Surface::allocateBuffers(this=0x77082b0000)
05-28 14:56:22.545   800   800 I MiniDump: 0x798eb8d000 |     DEVICE |          0 | 1.000 |    0    0  720 1600 |   0.0   0.0 720.0 1600.0 | com.oringnet.wm/com.oring.SlideActivity@12672#0
05-28 14:56:22.546   800   800 I MiniDump: 0x798eb8d000 |     DEVICE |          0 | 1.000 |    0    0  720 1600 |   0.0   0.0 720.0 1600.0 | com.oringnet.wm/com.oring.SlideActivity@12672#0
05-28 14:56:22.574 12672 12672 W UiThreadStatement: Already on the UI thread, this method should not be called from the main application thread
05-28 14:56:22.574 12672 12672 I DeviceInfoTest 2請求: 01030200000445b1
05-28 14:56:22.580 12672 12672 I DeviceInfoTest 1響應: 01030869576c6c417970700df4
05-28 14:56:22.595   800   800 I MiniDump: 0x798eb8d000 |     DEVICE |          0 | 1.000 |    0    0  720 1600 |   0.0   0.0 720.0 1600.0 | com.oringnet.wm/com.oring.SlideActivity@12672#0
05-28 14:56:22.595   800   800 I MiniDump: 0x79822bb000 |     DEVICE |          0 | 0.303 |  301  760  419  878 |   0.0   0.0 126.0 126.0 | com.oringnet.wm/com.oring.SlideActivity@12672#2
05-28 14:56:22.596   800   800 I MiniDump: 0x798eb8d000 |     DEVICE |          0 | 1.000 |    0    0  720 1600 |   0.0   0.0 720.0 1600.0 | com.oringnet.wm/com.oring.SlideActivity@12672#0
05-28 14:56:22.596   800   800 I MiniDump: 0x79822bb000 |     DEVICE |          0 | 0.303 |  301  760  419  878 |   0.0   0.0 126.0 126.0 | com.oringnet.wm/com.oring.SlideActivity@12672#2
05-28 14:56:22.606   800   800 I SurfaceFlinger: screenshot (com.oringnet.wm/com.oring.SlideActivity@12672#0)
05-28 14:56:22.617   800   800 I MiniDump: 0x798eb8d000 |     DEVICE |          0 | 1.000 |    0    0  720 1600 |   0.0   0.0 720.0 1600.0 | com.oringnet.wm/com.oring.SlideActivity@12672#0
05-28 14:56:22.617   800   800 I MiniDump: 0x79822bb000 |     DEVICE |          0 | 0.525 |  300  759  420  879 |   0.0   0.0 126.0 126.0 | com.oringnet.wm/com.oring.SlideActivity@12672#2
05-28 14:56:22.617   800   800 I MiniDump: 0x798eb8d000 |     DEVICE |          0 | 1.000 |    0    0  720 1600 |   0.0   0.0 720.0 1600.0 | com.oringnet.wm/com.oring.SlideActivity@12672#0
05-28 14:56:22.617   800   800 I MiniDump: 0x79822bb000 |     DEVICE |          0 | 0.525 |  300  759  420  879 |   0.0   0.0 126.0 126.0 | com.oringnet.wm/com.oring.SlideActivity@12672#2
05-28 14:56:22.628   800   800 I SurfaceFlinger: Remove BufferLayer(0x797e428000) com.oringnet.wm/com.oring.SlideActivity@12672#1 (-1 x -1)
05-28 14:56:22.629   800   800 I BufferQueue: [com.oringnet.wm/com.oring.SlideActivity@12672#1](this:0x798eb50000,id:4968,api:1,p:-1,c:-1) ~BufferQueueCore
05-28 14:56:22.635   800   800 I MiniDump: 0x798eb8d000 |     DEVICE |          0 | 1.000 |    0    0  720 1600 |   0.0   0.0 720.0 1600.0 | com.oringnet.wm/com.oring.SlideActivity@12672#0
05-28 14:56:22.635   800   800 I MiniDump: 0x79822bb000 |     DEVICE |          0 | 0.704 |  299  758  421  880 |   0.0   0.0 126.0 126.0 | com.oringnet.wm/com.oring.SlideActivity@12672#2
