06-16 17:50:30.572  7643  7643 I parseRTD_mode: SW index 3 = 0
06-16 17:50:30.668  7643  7643 W UiThreadStatement: Already on the UI thread, this method should not be called from the main application thread
06-16 17:50:30.668  7643  7643 I I/O     : [Req]<Read RTD 2 mode> 010303f90001547f
06-16 17:50:30.717  7643  7643 I I/O     : [Rsp]<Read RTD 2 mode> 0103020000b844
06-16 17:50:30.717  7643  7643 I finish  : @@!!
06-16 17:50:30.844   793   793 I SurfaceFlinger: screenshot (com.oringnet.wm/com.oring.SlideActivity@7643#0)
06-16 17:50:31.080  7643  7643 I ViewRootImpl: ViewRoot's Touch Event : ACTION_DOWN
06-16 17:50:31.112   793   793 I SurfaceFlinger: screenshot (com.oringnet.wm/com.oring.SlideActivity@7643#0)
06-16 17:50:31.212   793   793 I SurfaceFlinger: screenshot (com.oringnet.wm/com.oring.SlideActivity@7643#0)
06-16 17:50:31.248   793  2231 I BufferQueueProducer: [com.oringnet.wm/com.oring.SlideActivity@7643#0](this:0x7854a28800,id:2870,api:1,p:7643,c:793) queueBuffer: fps=32.81 dur=1005.78 max=319.95 min=7.11
06-16 17:50:31.328   793   793 I SurfaceFlinger: screenshot (com.oringnet.wm/com.oring.SlideActivity@7643#0)
06-16 17:50:31.878   793   793 I SurfaceFlinger: screenshot (com.oringnet.wm/com.oring.SlideActivity@7643#0)
06-16 17:50:32.002  7643  7643 I ViewRootImpl: ViewRoot's Touch Event : ACTION_UP
06-16 17:50:32.003  7643  7643 I TouchFlickNoti: CHANGE UP TO DOWN vectorVelocity:1117
06-16 17:50:32.027   793   793 I SurfaceFlinger: screenshot (com.oringnet.wm/com.oring.SlideActivity@7643#0)
06-16 17:50:32.144   793   793 I SurfaceFlinger: screenshot (com.oringnet.wm/com.oring.SlideActivity@7643#0)
06-16 17:50:32.244   793   793 I SurfaceFlinger: screenshot (com.oringnet.wm/com.oring.SlideActivity@7643#0)
06-16 17:50:32.264   793   826 I BufferQueueProducer: [com.oringnet.wm/com.oring.SlideActivity@7643#0](this:0x7854a28800,id:2870,api:1,p:7643,c:793) queueBuffer: fps=60.06 dur=1015.61 max=19.62 min=11.76
06-16 17:50:32.345   793   793 I SurfaceFlinger: screenshot (com.oringnet.wm/com.oring.SlideActivity@7643#0)
06-16 17:50:32.444   793   793 I SurfaceFlinger: screenshot (com.oringnet.wm/com.oring.SlideActivity@7643#0)
06-16 17:50:32.561   793   793 I SurfaceFlinger: screenshot (com.oringnet.wm/com.oring.SlideActivity@7643#0)
06-16 17:50:32.627  7643  7643 I ViewRootImpl: ViewRoot's Touch Event : ACTION_DOWN
06-16 17:50:32.633  7643  7643 I ViewRootImpl: ViewRoot's Touch Event : ACTION_UP
06-16 17:50:32.711   793   793 I SurfaceFlinger: screenshot (com.oringnet.wm/com.oring.SlideActivity@7643#0)
06-16 17:50:32.793  7643  7643 D BluetoothGatt: setCharacteristicNotification() - uuid: 6e400003-b5a3-f393-e0a9-e50e24dcca9e enable: true
06-16 17:50:32.878  7643  7643 W UiThreadStatement: Already on the UI thread, this method should not be called from the main application thread
06-16 17:50:32.878  7643  7643 I I/O     : [Req]<Read RTD 2 mode> 01050400FF008d0a
06-16 17:50:32.878  7643  7643 I I/O     : [Rsp]<Read RTD 2 mode> 01050400ff008d0a
06-16 17:50:32.894   793   793 I SurfaceFlinger: screenshot (com.oringnet.wm/com.oring.SlideActivity@7643#0)
06-16 17:50:32.958  7643  7643 W UiThreadStatement: Already on the UI thread, this method should not be called from the main application thread
06-16 17:50:32.959  7643  7643 I ForcingPage: [Req]<READ DI STATUS> 01020000000479c9
06-16 17:50:32.968  7643  7643 I ForcingPage: [Rsp]<READ DO STATUS> 01020100a188
06-16 17:50:33.010   793   793 I SurfaceFlinger: screenshot (com.oringnet.wm/com.oring.SlideActivity@7643#0)
06-16 17:50:33.056  7643  7643 W UiThreadStatement: Already on the UI thread, this method should not be called from the main application thread
06-16 17:50:33.056  7643  7643 I ForcingPage: [Req]<READ DO STATUS> 0101000000043dc9
06-16 17:50:33.062  7643  7643 I ForcingPage: [Rsp]<READ RELAY STATUS> 010101005188
06-16 17:50:33.111   793   793 I SurfaceFlinger: screenshot (com.oringnet.wm/com.oring.SlideActivity@7643#0)
06-16 17:50:33.113   793   793 I SurfaceFlinger: screenshot (com.oringnet.wm/com.oring.SlideActivity@7643#0)
06-16 17:50:33.154  7643  7643 W UiThreadStatement: Already on the UI thread, this method should not be called from the main application thread
06-16 17:50:33.154  7643  7643 I ForcingPage: [Req]<READ RELAY STATUS> 010100040002fc0a
06-16 17:50:33.161  7643  7643 I ForcingPage: [Rsp]<READ AI STATUS> 010101005188
06-16 17:50:33.227   793   793 I SurfaceFlinger: screenshot (com.oringnet.wm/com.oring.SlideActivity@7643#0)
06-16 17:50:33.252  7643  7643 W UiThreadStatement: Already on the UI thread, this method should not be called from the main application thread
06-16 17:50:33.252  7643  7643 I ForcingPage: [Req]<READ AI STATUS> 01040000000271cb
06-16 17:50:33.266  7643  7643 I ForcingPage: [Rsp]<READ AI STATUS> 010404b8e4f5aa583c
06-16 17:50:33.279   793   826 I BufferQueueProducer: [com.oringnet.wm/com.oring.SlideActivity@7643#0](this:0x7854a28800,id:2870,api:1,p:7643,c:793) queueBuffer: fps=44.36 dur=1014.47 max=191.95 min=5.65
06-16 17:50:33.328   793   793 I SurfaceFlinger: screenshot (com.oringnet.wm/com.oring.SlideActivity@7643#0)
06-16 17:50:33.349  7643  7643 W UiThreadStatement: Already on the UI thread, this method should not be called from the main application thread
06-16 17:50:33.349  7643  7643 I ForcingPage: [Req]<READ AI STATUS> 010400020002d00b
06-16 17:50:33.369  7643  7643 I ForcingPage: [Rsp]<READ AI STATUS> 01040400000000fb84
06-16 17:50:33.428   793   793 I SurfaceFlinger: screenshot (com.oringnet.wm/com.oring.SlideActivity@7643#0)
06-16 17:50:33.446  7643  7643 W UiThreadStatement: Already on the UI thread, this method should not be called from the main application thread
06-16 17:50:33.446  7643  7643 I ForcingPage: [Req]<READ AI STATUS> 010400040002300a
06-16 17:50:33.479  7643  7643 I ForcingPage: [Rsp]<READ AI STATUS> 0104044412f99a8d4a
06-16 17:50:33.545  7643  7643 W UiThreadStatement: Already on the UI thread, this method should not be called from the main application thread
06-16 17:50:33.545  7643  7643 I ForcingPage: [Req]<READ AI STATUS> 01040006000291ca
06-16 17:50:33.576  7643  7643 I ForcingPage: [Rsp]<READ AI STATUS> 01040441fa0000cf89
06-16 17:50:33.604   793   793 I SurfaceFlinger: screenshot (com.oringnet.wm/com.oring.SlideActivity@7643#0)
06-16 17:50:33.641  7643  7643 W UiThreadStatement: Already on the UI thread, this method should not be called from the main application thread
06-16 17:50:33.641  7643  7643 I ForcingPage: [Req]<READ AI STATUS> 010400080002f009
06-16 17:50:33.671  7643  7643 I ForcingPage: [Rsp]<READ AI STATUS> 01040400000000fb84
06-16 17:50:33.739  7643  7643 W UiThreadStatement: Already on the UI thread, this method should not be called from the main application thread
06-16 17:50:33.739  7643  7643 I ForcingPage: [Req]<READ AI STATUS> 0104000A000251c9
06-16 17:50:33.767  7643  7643 I ForcingPage: [Rsp]<READ AI TYPE> 01040441fa0000cf89
06-16 17:50:33.794   793   793 I SurfaceFlinger: screenshot (com.oringnet.wm/com.oring.SlideActivity@7643#0)
06-16 17:50:33.889  7643  7643 I ForcingPage: [Rsp]<READ FORCE STATUS> 01030c000600060006000600060006285b
06-16 17:50:33.890  7643  7643 W UiThreadStatement: Already on the UI thread, this method should not be called from the main application thread
06-16 17:50:33.890  7643  7643 I ForcingPage: [Req]<READ FORCE STATUS> 010304000006c4f8
06-16 17:50:33.911   793   793 I SurfaceFlinger: screenshot (com.oringnet.wm/com.oring.SlideActivity@7643#0)
06-16 17:50:33.982  7643  7643 W UiThreadStatement: Already on the UI thread, this method should not be called from the main application thread
06-16 17:50:33.982  7643  7643 I ForcingPage: [Req]<READ FORCE STATUS> 010303f90001547f
06-16 17:50:33.983  7643  7643 I ForcingStatus: 2
06-16 17:50:33.983  7643  7643 I ForcingPage: [Rsp]<READ FORCE STATUS> 01030200023985
06-16 17:50:34.403   793   826 I BufferQueueProducer: [com.oringnet.wm/com.oring.SlideActivity@7643#0](this:0x7854a28800,id:2870,api:1,p:7643,c:793) queueBuffer: fps=14.22 dur=1124.83 max=500.46 min=7.91
06-16 17:50:34.413   793   793 I SurfaceFlinger: screenshot (com.oringnet.wm/com.oring.SlideActivity@7643#0)
06-16 17:50:34.562   793   793 I SurfaceFlinger: screenshot (com.oringnet.wm/com.oring.SlideActivity@7643#0)
06-16 17:50:34.679   793   793 I SurfaceFlinger: screenshot (com.oringnet.wm/com.oring.SlideActivity@7643#0)
06-16 17:50:37.245  7643  7643 I ViewRootImpl: ViewRoot's Touch Event : ACTION_DOWN
06-16 17:50:37.255  7643  7643 I ViewRootImpl: ViewRoot's Touch Event : ACTION_UP
06-16 17:50:37.271   793   826 I BufferQueueProducer: [com.oringnet.wm/com.oring.SlideActivity@7643#0](this:0x7854a28800,id:2870,api:1,p:7643,c:793) queueBuffer: fps=5.93 dur=2867.91 max=2601.67 min=11.12
06-16 17:50:37.329   793   793 I SurfaceFlinger: screenshot (com.oringnet.wm/com.oring.SlideActivity@7643#0)
06-16 17:50:37.363  7643  7643 W UiThreadStatement: Already on the UI thread, this method should not be called from the main application thread
06-16 17:50:37.363  7643  7643 I ForcingPage: [Req]<READ FORCE STATUS> 01050000FF008c3a
06-16 17:50:37.371  7643  7643 I ForcingPage: [Rsp]<READ DI STATUS> 01050000ff008c3a
06-16 17:50:37.446   793   793 I SurfaceFlinger: screenshot (com.oringnet.wm/com.oring.SlideActivity@7643#0)
06-16 17:50:37.446  7643  7643 W UiThreadStatement: Already on the UI thread, this method should not be called from the main application thread
06-16 17:50:37.446  7643  7643 I ForcingPage: [Req]<READ DI STATUS> 01020000000479c9
06-16 17:50:37.504  7643  7643 I ForcingPage: [Rsp]<READ DO STATUS> 01020100a188
06-16 17:50:37.546   793   793 I SurfaceFlinger: screenshot (com.oringnet.wm/com.oring.SlideActivity@7643#0)
06-16 17:50:37.591  7643  7643 W UiThreadStatement: Already on the UI thread, this method should not be called from the main application thread
06-16 17:50:37.591  7643  7643 I ForcingPage: [Req]<READ DO STATUS> 0101000000043dc9
06-16 17:50:37.599  7643  7643 I ForcingPage: [Rsp]<READ RELAY STATUS> 010101019048
06-16 17:50:37.663   793   793 I SurfaceFlinger: screenshot (com.oringnet.wm/com.oring.SlideActivity@7643#0)
06-16 17:50:37.688  7643  7643 W UiThreadStatement: Already on the UI thread, this method should not be called from the main application thread
06-16 17:50:37.688  7643  7643 I ForcingPage: [Req]<READ RELAY STATUS> 010100040002fc0a
06-16 17:50:37.696  7643  7643 I ForcingPage: [Rsp]<READ AI STATUS> 010101005188
06-16 17:50:37.763   793   793 I SurfaceFlinger: screenshot (com.oringnet.wm/com.oring.SlideActivity@7643#0)
06-16 17:50:37.785  7643  7643 W UiThreadStatement: Already on the UI thread, this method should not be called from the main application thread
06-16 17:50:37.785  7643  7643 I ForcingPage: [Req]<READ AI STATUS> 01040000000271cb
06-16 17:50:37.807  7643  7643 I ForcingPage: [Rsp]<READ AI STATUS> 010404b97f42511e5c
06-16 17:50:37.879   793   793 I SurfaceFlinger: screenshot (com.oringnet.wm/com.oring.SlideActivity@7643#0)
06-16 17:50:37.883  7643  7643 W UiThreadStatement: Already on the UI thread, this method should not be called from the main application thread
06-16 17:50:37.884  7643  7643 I ForcingPage: [Req]<READ AI STATUS> 010400020002d00b
06-16 17:50:37.903  7643  7643 I ForcingPage: [Rsp]<READ AI STATUS> 01040400000000fb84
06-16 17:50:37.979   793   793 I SurfaceFlinger: screenshot (com.oringnet.wm/com.oring.SlideActivity@7643#0)
06-16 17:50:38.020  7643  7643 I ForcingPage: [Rsp]<READ AI STATUS> 0104044412f99a8d4a
06-16 17:50:38.020  7643  7643 W UiThreadStatement: Already on the UI thread, this method should not be called from the main application thread
06-16 17:50:38.021  7643  7643 I ForcingPage: [Req]<READ AI STATUS> 010400040002300a
06-16 17:50:38.079  7643  7643 W UiThreadStatement: Already on the UI thread, this method should not be called from the main application thread
06-16 17:50:38.079  7643  7643 I ForcingPage: [Req]<READ AI STATUS> 01040006000291ca
06-16 17:50:38.117  7643  7643 I ForcingPage: [Rsp]<READ AI STATUS> 01040441fa0000cf89
06-16 17:50:38.147   793   793 I SurfaceFlinger: screenshot (com.oringnet.wm/com.oring.SlideActivity@7643#0)
06-16 17:50:38.176  7643  7643 W UiThreadStatement: Already on the UI thread, this method should not be called from the main application thread
06-16 17:50:38.176  7643  7643 I ForcingPage: [Req]<READ AI STATUS> 010400080002f009
06-16 17:50:38.212  7643  7643 I ForcingPage: [Rsp]<READ AI STATUS> 01040400000000fb84
06-16 17:50:38.272  7643  7643 W UiThreadStatement: Already on the UI thread, this method should not be called from the main application thread
06-16 17:50:38.273  7643  7643 I ForcingPage: [Req]<READ AI STATUS> 0104000A000251c9
06-16 17:50:38.305  7643  7643 I ForcingPage: [Rsp]<READ AI TYPE> 01040441fa0000cf89
06-16 17:50:38.321   793  2100 I BufferQueueProducer: [com.oringnet.wm/com.oring.SlideActivity@7643#0](this:0x7854a28800,id:2870,api:1,p:7643,c:793) queueBuffer: fps=43.81 dur=1050.05 max=97.57 min=6.07
06-16 17:50:38.339   793   793 I SurfaceFlinger: screenshot (com.oringnet.wm/com.oring.SlideActivity@7643#0)
06-16 17:50:38.370  7643  7643 W UiThreadStatement: Already on the UI thread, this method should not be called from the main application thread
06-16 17:50:38.371  7643  7643 I ForcingPage: [Req]<READ AI TYPE> 010304000006c4f8
06-16 17:50:38.379  7643  7643 I ForcingPage: [Rsp]<READ FORCE STATUS> 01030c000600060006000600060006285b
06-16 17:50:38.468  7643  7643 W UiThreadStatement: Already on the UI thread, this method should not be called from the main application thread
06-16 17:50:38.468  7643  7643 I ForcingPage: [Req]<READ FORCE STATUS> 010303f90001547f
06-16 17:50:38.469  7643  7643 I ForcingStatus: 2
06-16 17:50:38.469  7643  7643 I ForcingPage: [Rsp]<READ FORCE STATUS> 01030200023985
06-16 17:50:39.229  7643  7643 I ViewRootImpl: ViewRoot's Touch Event : ACTION_DOWN
06-16 17:50:39.238  7643  7643 I ViewRootImpl: ViewRoot's Touch Event : ACTION_UP
06-16 17:50:39.264   793   793 I SurfaceFlinger: screenshot (com.oringnet.wm/com.oring.SlideActivity@7643#0)
06-16 17:50:39.336   793  2100 I BufferQueueProducer: [com.oringnet.wm/com.oring.SlideActivity@7643#0](this:0x7854a28800,id:2870,api:1,p:7643,c:793) queueBuffer: fps=6.90 dur=1015.04 max=862.87 min=14.14
06-16 17:50:39.365  7643  7643 W UiThreadStatement: Already on the UI thread, this method should not be called from the main application thread
06-16 17:50:39.365  7643  7643 I ForcingPage: [Req]<READ FORCE STATUS> 01050001FF00ddfa
06-16 17:50:39.373  7643  7643 I ForcingPage: [Rsp]<READ DI STATUS> 01050001ff00ddfa
06-16 17:50:39.379   793   793 I SurfaceFlinger: screenshot (com.oringnet.wm/com.oring.SlideActivity@7643#0)
06-16 17:50:39.446  7643  7643 W UiThreadStatement: Already on the UI thread, this method should not be called from the main application thread
06-16 17:50:39.446  7643  7643 I ForcingPage: [Req]<READ DI STATUS> 01020000000479c9
06-16 17:50:39.473  7643  7643 I ForcingPage: [Rsp]<READ DO STATUS> 01020100a188
06-16 17:50:39.480   793   793 I SurfaceFlinger: screenshot (com.oringnet.wm/com.oring.SlideActivity@7643#0)
06-16 17:50:39.541  7643  7643 W UiThreadStatement: Already on the UI thread, this method should not be called from the main application thread
06-16 17:50:39.541  7643  7643 I ForcingPage: [Req]<READ DO STATUS> 0101000000043dc9
06-16 17:50:39.550  7643  7643 I ForcingPage: [Rsp]<READ RELAY STATUS> 010101031189
06-16 17:50:39.580   793   793 I SurfaceFlinger: screenshot (com.oringnet.wm/com.oring.SlideActivity@7643#0)
06-16 17:50:39.638  7643  7643 W UiThreadStatement: Already on the UI thread, this method should not be called from the main application thread
06-16 17:50:39.638  7643  7643 I ForcingPage: [Req]<READ RELAY STATUS> 010100040002fc0a
06-16 17:50:39.647  7643  7643 I ForcingPage: [Rsp]<READ AI STATUS> 010101005188
06-16 17:50:39.696   793   793 I SurfaceFlinger: screenshot (com.oringnet.wm/com.oring.SlideActivity@7643#0)
06-16 17:50:39.736  7643  7643 W UiThreadStatement: Already on the UI thread, this method should not be called from the main application thread
06-16 17:50:39.736  7643  7643 I ForcingPage: [Req]<READ AI STATUS> 01040000000271cb
06-16 17:50:39.759  7643  7643 I ForcingPage: [Rsp]<READ AI STATUS> 010404b9bd82b1ee28
06-16 17:50:39.812   793   793 I SurfaceFlinger: screenshot (com.oringnet.wm/com.oring.SlideActivity@7643#0)
06-16 17:50:39.832  7643  7643 W UiThreadStatement: Already on the UI thread, this method should not be called from the main application thread
06-16 17:50:39.833  7643  7643 I ForcingPage: [Req]<READ AI STATUS> 010400020002d00b
06-16 17:50:39.852  7643  7643 I ForcingPage: [Rsp]<READ AI STATUS> 01040400000000fb84
06-16 17:50:39.913   793   793 I SurfaceFlinger: screenshot (com.oringnet.wm/com.oring.SlideActivity@7643#0)
06-16 17:50:39.956  7643  7643 I ForcingPage: [Rsp]<READ AI STATUS> 0104044412f99a8d4a
06-16 17:50:39.956  7643  7643 W UiThreadStatement: Already on the UI thread, this method should not be called from the main application thread
06-16 17:50:39.956  7643  7643 I ForcingPage: [Req]<READ AI STATUS> 010400040002300a
06-16 17:50:40.059  7643  7643 I ForcingPage: [Rsp]<READ AI STATUS> 01040441fa0000cf89
06-16 17:50:40.059  7643  7643 W UiThreadStatement: Already on the UI thread, this method should not be called from the main application thread
06-16 17:50:40.059  7643  7643 I ForcingPage: [Req]<READ AI STATUS> 01040006000291ca
06-16 17:50:40.080   793   793 I SurfaceFlinger: screenshot (com.oringnet.wm/com.oring.SlideActivity@7643#0)
06-16 17:50:40.126  7643  7643 W UiThreadStatement: Already on the UI thread, this method should not be called from the main application thread
06-16 17:50:40.126  7643  7643 I ForcingPage: [Req]<READ AI STATUS> 010400080002f009
06-16 17:50:40.163  7643  7643 I ForcingPage: [Rsp]<READ AI STATUS> 01040400000000fb84
06-16 17:50:40.225  7643  7643 W UiThreadStatement: Already on the UI thread, this method should not be called from the main application thread
06-16 17:50:40.225  7643  7643 I ForcingPage: [Req]<READ AI STATUS> 0104000A000251c9
06-16 17:50:40.256  7643  7643 I ForcingPage: [Rsp]<READ AI TYPE> 01040441fa0000cf89
06-16 17:50:40.320  7643  7643 W UiThreadStatement: Already on the UI thread, this method should not be called from the main application thread
06-16 17:50:40.320  7643  7643 I ForcingPage: [Req]<READ AI TYPE> 010304000006c4f8
06-16 17:50:40.329  7643  7643 I ForcingPage: [Rsp]<READ FORCE STATUS> 01030c000600060006000600060006285b
06-16 17:50:40.343   793   826 I BufferQueueProducer: [com.oringnet.wm/com.oring.SlideActivity@7643#0](this:0x7854a28800,id:2870,api:1,p:7643,c:793) queueBuffer: fps=39.72 dur=1007.00 max=99.49 min=7.26
06-16 17:50:40.373   793   793 I SurfaceFlinger: screenshot (com.oringnet.wm/com.oring.SlideActivity@7643#0)
06-16 17:50:40.418  7643  7643 W UiThreadStatement: Already on the UI thread, this method should not be called from the main application thread
06-16 17:50:40.418  7643  7643 I ForcingPage: [Req]<READ FORCE STATUS> 010303f90001547f
06-16 17:50:40.419  7643  7643 I ForcingStatus: 2
06-16 17:50:40.419  7643  7643 I ForcingPage: [Rsp]<READ FORCE STATUS> 01030200023985
06-16 17:50:41.214  7643  7643 I ViewRootImpl: ViewRoot's Touch Event : ACTION_DOWN
06-16 17:50:41.226  7643  7643 I ViewRootImpl: ViewRoot's Touch Event : ACTION_UP
06-16 17:50:41.280   793   793 I SurfaceFlinger: screenshot (com.oringnet.wm/com.oring.SlideActivity@7643#0)
06-16 17:50:41.347  7643  7643 W UiThreadStatement: Already on the UI thread, this method should not be called from the main application thread
06-16 17:50:41.347  7643  7643 I ForcingPage: [Req]<READ FORCE STATUS> 01050002FF002dfa
06-16 17:50:41.353   793  2100 I BufferQueueProducer: [com.oringnet.wm/com.oring.SlideActivity@7643#0](this:0x7854a28800,id:2870,api:1,p:7643,c:793) queueBuffer: fps=6.93 dur=1009.61 max=919.53 min=5.89
06-16 17:50:41.373  7643  7643 I ForcingPage: [Rsp]<READ DI STATUS> 01050002ff002dfa
06-16 17:50:41.397   793   793 I SurfaceFlinger: screenshot (com.oringnet.wm/com.oring.SlideActivity@7643#0)
06-16 17:50:41.448  7643  7643 W UiThreadStatement: Already on the UI thread, this method should not be called from the main application thread
06-16 17:50:41.448  7643  7643 I ForcingPage: [Req]<READ DI STATUS> 01020000000479c9
06-16 17:50:41.456  7643  7643 I ForcingPage: [Rsp]<READ DO STATUS> 01020100a188
06-16 17:50:41.513   793   793 I SurfaceFlinger: screenshot (com.oringnet.wm/com.oring.SlideActivity@7643#0)
06-16 17:50:41.540  7643  7643 W UiThreadStatement: Already on the UI thread, this method should not be called from the main application thread
06-16 17:50:41.540  7643  7643 I ForcingPage: [Req]<READ DO STATUS> 0101000000043dc9
06-16 17:50:41.549  7643  7643 I ForcingPage: [Rsp]<READ RELAY STATUS> 01010107104a
06-16 17:50:41.613   793   793 I SurfaceFlinger: screenshot (com.oringnet.wm/com.oring.SlideActivity@7643#0)
06-16 17:50:41.686  7643  7643 W UiThreadStatement: Already on the UI thread, this method should not be called from the main application thread
06-16 17:50:41.686  7643  7643 I ForcingPage: [Req]<READ RELAY STATUS> 010100040002fc0a
06-16 17:50:41.697  7643  7643 I ForcingPage: [Rsp]<READ AI STATUS> 010101005188
06-16 17:50:41.730   793   793 I SurfaceFlinger: screenshot (com.oringnet.wm/com.oring.SlideActivity@7643#0)
06-16 17:50:41.782  7643  7643 W UiThreadStatement: Already on the UI thread, this method should not be called from the main application thread
06-16 17:50:41.782  7643  7643 I ForcingPage: [Req]<READ AI STATUS> 01040000000271cb
06-16 17:50:41.801  7643  7643 I ForcingPage: [Rsp]<READ AI STATUS> 010404b98a756d184f
06-16 17:50:41.847   793   793 I SurfaceFlinger: screenshot (com.oringnet.wm/com.oring.SlideActivity@7643#0)
06-16 17:50:41.899  7643  7643 I ForcingPage: [Rsp]<READ AI STATUS> 01040400000000fb84
06-16 17:50:41.899  7643  7643 W UiThreadStatement: Already on the UI thread, this method should not be called from the main application thread
06-16 17:50:41.899  7643  7643 I ForcingPage: [Req]<READ AI STATUS> 010400020002d00b
06-16 17:50:41.947   793   793 I SurfaceFlinger: screenshot (com.oringnet.wm/com.oring.SlideActivity@7643#0)
06-16 17:50:41.978  7643  7643 W UiThreadStatement: Already on the UI thread, this method should not be called from the main application thread
06-16 17:50:41.978  7643  7643 I ForcingPage: [Req]<READ AI STATUS> 010400040002300a
06-16 17:50:42.022  7643  7643 I ForcingPage: [Rsp]<READ AI STATUS> 0104044412f99a8d4a
06-16 17:50:42.047   793   793 I SurfaceFlinger: screenshot (com.oringnet.wm/com.oring.SlideActivity@7643#0)
06-16 17:50:42.174  7643  7643 W UiThreadStatement: Already on the UI thread, this method should not be called from the main application thread
06-16 17:50:42.175  7643  7643 I ForcingPage: [Req]<READ AI STATUS> 01040006000291ca
06-16 17:50:42.244  7643  7643 I ForcingPage: [Rsp]<READ AI STATUS> 01040441fa0000cf89
06-16 17:50:42.319  7643  7643 W UiThreadStatement: Already on the UI thread, this method should not be called from the main application thread
06-16 17:50:42.319  7643  7643 I ForcingPage: [Req]<READ AI STATUS> 010400080002f009
06-16 17:50:42.360  7643  7643 I ForcingPage: [Rsp]<READ AI STATUS> 01040400000000fb84
06-16 17:50:42.376   793  2100 I BufferQueueProducer: [com.oringnet.wm/com.oring.SlideActivity@7643#0](this:0x7854a28800,id:2870,api:1,p:7643,c:793) queueBuffer: fps=39.10 dur=1022.92 max=222.08 min=6.67
06-16 17:50:42.417  7643  7643 W UiThreadStatement: Already on the UI thread, this method should not be called from the main application thread
06-16 17:50:42.417  7643  7643 I ForcingPage: [Req]<READ AI STATUS> 0104000A000251c9
06-16 17:50:42.452  7643  7643 I ForcingPage: [Rsp]<READ AI TYPE> 01040441fa0000cf89
06-16 17:50:42.480   793   793 I SurfaceFlinger: screenshot (com.oringnet.wm/com.oring.SlideActivity@7643#0)
06-16 17:50:42.564  7643  7643 W UiThreadStatement: Already on the UI thread, this method should not be called from the main application thread
06-16 17:50:42.564  7643  7643 I ForcingPage: [Req]<READ AI TYPE> 010304000006c4f8
06-16 17:50:42.572  7643  7643 I ForcingPage: [Rsp]<READ FORCE STATUS> 01030c000600060006000600060006285b
06-16 17:50:42.597   793   793 I SurfaceFlinger: screenshot (com.oringnet.wm/com.oring.SlideActivity@7643#0)
06-16 17:50:42.660  7643  7643 W UiThreadStatement: Already on the UI thread, this method should not be called from the main application thread
06-16 17:50:42.660  7643  7643 I ForcingPage: [Req]<READ FORCE STATUS> 010303f90001547f
06-16 17:50:42.660  7643  7643 I ForcingStatus: 2
06-16 17:50:42.660  7643  7643 I ForcingPage: [Rsp]<READ FORCE STATUS> 01030200023985
06-16 17:50:43.626   793   793 I SurfaceFlinger: screenshot (com.oringnet.wm/com.oring.SlideActivity@7643#0)
06-16 17:50:44.047  7643  7643 I ViewRootImpl: ViewRoot's Touch Event : ACTION_DOWN
06-16 17:50:44.050   793   793 I SurfaceFlinger: screenshot (com.oringnet.wm/com.oring.SlideActivity@7643#0)
06-16 17:50:44.087   793   826 I BufferQueueProducer: [com.oringnet.wm/com.oring.SlideActivity@7643#0](this:0x7854a28800,id:2870,api:1,p:7643,c:793) queueBuffer: fps=1.75 dur=1711.42 max=1494.35 min=97.24
06-16 17:50:44.148   793   793 I SurfaceFlinger: screenshot (com.oringnet.wm/com.oring.SlideActivity@7643#0)
06-16 17:50:44.381   793   793 I SurfaceFlinger: screenshot (com.oringnet.wm/com.oring.SlideActivity@7643#0)
06-16 17:50:44.931   793   793 I SurfaceFlinger: screenshot (com.oringnet.wm/com.oring.SlideActivity@7643#0)
06-16 17:50:44.971  7643  7643 I ViewRootImpl: ViewRoot's Touch Event : ACTION_UP
06-16 17:50:44.971  7643  7643 I TouchFlickNoti: CHANGE UP TO DOWN vectorVelocity:1117
06-16 17:50:45.046   793   793 I SurfaceFlinger: screenshot (com.oringnet.wm/com.oring.SlideActivity@7643#0)
06-16 17:50:45.099   793  2100 I BufferQueueProducer: [com.oringnet.wm/com.oring.SlideActivity@7643#0](this:0x7854a28800,id:2870,api:1,p:7643,c:793) queueBuffer: fps=60.27 dur=1012.08 max=19.81 min=12.84
06-16 17:50:45.147   793   793 I SurfaceFlinger: screenshot (com.oringnet.wm/com.oring.SlideActivity@7643#0)
06-16 17:50:45.213  7643  7643 I ViewRootImpl: ViewRoot's Touch Event : ACTION_DOWN
06-16 17:50:45.247   793   793 I SurfaceFlinger: screenshot (com.oringnet.wm/com.oring.SlideActivity@7643#0)
06-16 17:50:45.347   793   793 I SurfaceFlinger: screenshot (com.oringnet.wm/com.oring.SlideActivity@7643#0)
06-16 17:50:46.013   793   793 I SurfaceFlinger: screenshot (com.oringnet.wm/com.oring.SlideActivity@7643#0)
06-16 17:50:46.100   793  2100 I BufferQueueProducer: [com.oringnet.wm/com.oring.SlideActivity@7643#0](this:0x7854a28800,id:2870,api:1,p:7643,c:793) queueBuffer: fps=59.98 dur=1000.27 max=19.88 min=13.68
06-16 17:50:46.113   793   793 I SurfaceFlinger: screenshot (com.oringnet.wm/com.oring.SlideActivity@7643#0)
06-16 17:50:46.120  7643  7643 I ViewRootImpl: ViewRoot's Touch Event : ACTION_UP
06-16 17:50:46.120  7643  7643 I TouchFlickNoti: CHANGE DOWN TO UP vectorVelocity:-1136
06-16 17:50:46.230   793   793 I SurfaceFlinger: screenshot (com.oringnet.wm/com.oring.SlideActivity@7643#0)
06-16 17:50:46.331   793   793 I SurfaceFlinger: screenshot (com.oringnet.wm/com.oring.SlideActivity@7643#0)
06-16 17:50:46.431   793   793 I SurfaceFlinger: screenshot (com.oringnet.wm/com.oring.SlideActivity@7643#0)
06-16 17:50:46.980   793   793 I SurfaceFlinger: screenshot (com.oringnet.wm/com.oring.SlideActivity@7643#0)
06-16 17:50:47.080   793   793 I SurfaceFlinger: screenshot (com.oringnet.wm/com.oring.SlideActivity@7643#0)
06-16 17:50:47.116   793   826 I BufferQueueProducer: [com.oringnet.wm/com.oring.SlideActivity@7643#0](this:0x7854a28800,id:2870,api:1,p:7643,c:793) queueBuffer: fps=60.02 dur=1016.38 max=19.27 min=14.74
06-16 17:50:47.197   793   793 I SurfaceFlinger: screenshot (com.oringnet.wm/com.oring.SlideActivity@7643#0)
06-16 17:50:47.297   793   793 I SurfaceFlinger: screenshot (com.oringnet.wm/com.oring.SlideActivity@7643#0)
06-16 17:50:47.414   793   793 I SurfaceFlinger: screenshot (com.oringnet.wm/com.oring.SlideActivity@7643#0)
06-16 17:50:47.514   793   793 I SurfaceFlinger: screenshot (com.oringnet.wm/com.oring.SlideActivity@7643#0)
06-16 17:50:47.730   793   793 I SurfaceFlinger: screenshot (com.oringnet.wm/com.oring.SlideActivity@7643#0)
06-16 17:50:47.831   793   793 I SurfaceFlinger: screenshot (com.oringnet.wm/com.oring.SlideActivity@7643#0)
06-16 17:50:47.876  7643  7643 W UiThreadStatement: Already on the UI thread, this method should not be called from the main application thread
06-16 17:50:47.876  7643  7643 I ForcingPage: [Req]<READ DI STATUS> 01020000000479c9
06-16 17:50:47.882  7643  7643 I ForcingPage: [Rsp]<READ DO STATUS> 01020100a188
06-16 17:50:47.947   793   793 I SurfaceFlinger: screenshot (com.oringnet.wm/com.oring.SlideActivity@7643#0)
06-16 17:50:48.027  7643  7643 I ForcingPage: [Rsp]<READ RELAY STATUS> 01010107104a
06-16 17:50:48.027  7643  7643 W UiThreadStatement: Already on the UI thread, this method should not be called from the main application thread
06-16 17:50:48.027  7643  7643 I ForcingPage: [Req]<READ RELAY STATUS> 0101000000043dc9
06-16 17:50:48.048   793   793 I SurfaceFlinger: screenshot (com.oringnet.wm/com.oring.SlideActivity@7643#0)
06-16 17:50:48.116   793  1642 I BufferQueueProducer: [com.oringnet.wm/com.oring.SlideActivity@7643#0](this:0x7854a28800,id:2870,api:1,p:7643,c:793) queueBuffer: fps=59.97 dur=1000.51 max=28.72 min=7.57
06-16 17:50:48.125  7643  7643 I ForcingPage: [Rsp]<READ AI STATUS> 010101005188
06-16 17:50:48.125  7643  7643 W UiThreadStatement: Already on the UI thread, this method should not be called from the main application thread
06-16 17:50:48.125  7643  7643 I ForcingPage: [Req]<READ AI STATUS> 010100040002fc0a
06-16 17:50:48.164   793   793 I SurfaceFlinger: screenshot (com.oringnet.wm/com.oring.SlideActivity@7643#0)
06-16 17:50:48.217  7643  7643 W UiThreadStatement: Already on the UI thread, this method should not be called from the main application thread
06-16 17:50:48.218  7643  7643 I ForcingPage: [Req]<READ AI STATUS> 01040000000271cb
06-16 17:50:48.234  7643  7643 I ForcingPage: [Rsp]<READ AI STATUS> 010404b9ad4449bdcf
06-16 17:50:48.264   793   793 I SurfaceFlinger: screenshot (com.oringnet.wm/com.oring.SlideActivity@7643#0)
06-16 17:50:48.317  7643  7643 W UiThreadStatement: Already on the UI thread, this method should not be called from the main application thread
06-16 17:50:48.317  7643  7643 I ForcingPage: [Req]<READ AI STATUS> 010400020002d00b
06-16 17:50:48.337  7643  7643 I ForcingPage: [Rsp]<READ AI STATUS> 01040400000000fb84
06-16 17:50:48.364   793   793 I SurfaceFlinger: screenshot (com.oringnet.wm/com.oring.SlideActivity@7643#0)
06-16 17:50:48.444  7643  7643 I ForcingPage: [Rsp]<READ AI STATUS> 0104044412f99a8d4a
06-16 17:50:48.444  7643  7643 W UiThreadStatement: Already on the UI thread, this method should not be called from the main application thread
06-16 17:50:48.444  7643  7643 I ForcingPage: [Req]<READ AI STATUS> 010400040002300a
06-16 17:50:48.465   793   793 I SurfaceFlinger: screenshot (com.oringnet.wm/com.oring.SlideActivity@7643#0)
06-16 17:50:48.510  7643  7643 W UiThreadStatement: Already on the UI thread, this method should not be called from the main application thread
06-16 17:50:48.510  7643  7643 I ForcingPage: [Req]<READ AI STATUS> 01040006000291ca
06-16 17:50:48.542  7643  7643 I ForcingPage: [Rsp]<READ AI STATUS> 01040441fa0000cf89
06-16 17:50:48.608  7643  7643 W UiThreadStatement: Already on the UI thread, this method should not be called from the main application thread
06-16 17:50:48.608  7643  7643 I ForcingPage: [Req]<READ AI STATUS> 010400080002f009
06-16 17:50:48.639  7643  7643 I ForcingPage: [Rsp]<READ AI STATUS> 01040400000000fb84
06-16 17:50:48.664   793   793 I SurfaceFlinger: screenshot (com.oringnet.wm/com.oring.SlideActivity@7643#0)
06-16 17:50:48.705  7643  7643 W UiThreadStatement: Already on the UI thread, this method should not be called from the main application thread
06-16 17:50:48.705  7643  7643 I ForcingPage: [Req]<READ AI STATUS> 0104000A000251c9
06-16 17:50:48.730  7643  7643 I ForcingPage: [Rsp]<READ AI TYPE> 01040441fa0000cf89
06-16 17:50:48.798   793   793 I SurfaceFlinger: screenshot (com.oringnet.wm/com.oring.SlideActivity@7643#0)
06-16 17:50:48.815  7643  7643 W UiThreadStatement: Already on the UI thread, this method should not be called from the main application thread
06-16 17:50:48.815  7643  7643 I ForcingPage: [Req]<READ AI TYPE> 010304000006c4f8
06-16 17:50:48.822  7643  7643 I ForcingPage: [Rsp]<READ FORCE STATUS> 01030c000600060006000600060006285b
06-16 17:50:48.899   793   793 I SurfaceFlinger: screenshot (com.oringnet.wm/com.oring.SlideActivity@7643#0)
06-16 17:50:48.915  7643  7643 W UiThreadStatement: Already on the UI thread, this method should not be called from the main application thread
06-16 17:50:48.915  7643  7643 I ForcingPage: [Req]<READ FORCE STATUS> 010303f90001547f
06-16 17:50:48.915  7643  7643 I ForcingStatus: 2
06-16 17:50:48.915  7643  7643 I ForcingPage: [Rsp]<READ FORCE STATUS> 01030200023985
06-16 17:50:49.016   793   793 I SurfaceFlinger: screenshot (com.oringnet.wm/com.oring.SlideActivity@7643#0)
06-16 17:50:49.809   793   793 I SurfaceFlinger: screenshot (com.oringnet.wm/com.oring.SlideActivity@7643#0)
06-16 17:50:50.215  7643  7643 I ViewRootImpl: ViewRoot's Touch Event : ACTION_DOWN
06-16 17:50:50.253   793  1642 I BufferQueueProducer: [com.oringnet.wm/com.oring.SlideActivity@7643#0](this:0x7854a28800,id:2870,api:1,p:7643,c:793) queueBuffer: fps=17.79 dur=2136.46 max=1215.43 min=7.08
06-16 17:50:50.265   793   793 I SurfaceFlinger: screenshot (com.oringnet.wm/com.oring.SlideActivity@7643#0)
06-16 17:50:50.365   793   793 I SurfaceFlinger: screenshot (com.oringnet.wm/com.oring.SlideActivity@7643#0)
06-16 17:50:51.034   793   793 I SurfaceFlinger: screenshot (com.oringnet.wm/com.oring.SlideActivity@7643#0)
06-16 17:50:51.125  7643  7643 I ViewRootImpl: ViewRoot's Touch Event : ACTION_UP
06-16 17:50:51.126  7643  7643 I TouchFlickNoti: CHANGE UP TO DOWN vectorVelocity:1159
06-16 17:50:51.149   793   793 I SurfaceFlinger: screenshot (com.oringnet.wm/com.oring.SlideActivity@7643#0)
06-16 17:50:51.264   793   793 I SurfaceFlinger: screenshot (com.oringnet.wm/com.oring.SlideActivity@7643#0)
06-16 17:50:51.267   793  1642 I BufferQueueProducer: [com.oringnet.wm/com.oring.SlideActivity@7643#0](this:0x7854a28800,id:2870,api:1,p:7643,c:793) queueBuffer: fps=60.16 dur=1013.95 max=19.09 min=13.59
06-16 17:50:51.365   793   793 I SurfaceFlinger: screenshot (com.oringnet.wm/com.oring.SlideActivity@7643#0)
06-16 17:50:51.998   793   793 I SurfaceFlinger: screenshot (com.oringnet.wm/com.oring.SlideActivity@7643#0)
06-16 17:50:52.099   793   793 I SurfaceFlinger: screenshot (com.oringnet.wm/com.oring.SlideActivity@7643#0)
06-16 17:50:52.215   793   793 I SurfaceFlinger: screenshot (com.oringnet.wm/com.oring.SlideActivity@7643#0)
06-16 17:50:52.267   793   826 I BufferQueueProducer: [com.oringnet.wm/com.oring.SlideActivity@7643#0](this:0x7854a28800,id:2870,api:1,p:7643,c:793) queueBuffer: fps=59.99 dur=1000.24 max=18.37 min=14.57
06-16 17:50:52.315   793   793 I SurfaceFlinger: screenshot (com.oringnet.wm/com.oring.SlideActivity@7643#0)
06-16 17:50:52.415   793   793 I SurfaceFlinger: screenshot (com.oringnet.wm/com.oring.SlideActivity@7643#0)
06-16 17:50:52.532   793   793 I SurfaceFlinger: screenshot (com.oringnet.wm/com.oring.SlideActivity@7643#0)
06-16 17:50:52.749   793   793 I SurfaceFlinger: screenshot (com.oringnet.wm/com.oring.SlideActivity@7643#0)
06-16 17:50:52.849   793   793 I SurfaceFlinger: screenshot (com.oringnet.wm/com.oring.SlideActivity@7643#0)
06-16 17:50:52.965   793   793 I SurfaceFlinger: screenshot (com.oringnet.wm/com.oring.SlideActivity@7643#0)
06-16 17:50:53.067   793   793 I SurfaceFlinger: screenshot (com.oringnet.wm/com.oring.SlideActivity@7643#0)
06-16 17:50:53.070  7643  7643 I ViewRootImpl: ViewRoot's Touch Event : ACTION_DOWN
06-16 17:50:53.182   793   793 I SurfaceFlinger: screenshot (com.oringnet.wm/com.oring.SlideActivity@7643#0)
06-16 17:50:53.267   793  2100 I BufferQueueProducer: [com.oringnet.wm/com.oring.SlideActivity@7643#0](this:0x7854a28800,id:2870,api:1,p:7643,c:793) queueBuffer: fps=57.98 dur=1000.30 max=67.70 min=4.05
06-16 17:50:53.282   793   793 I SurfaceFlinger: screenshot (com.oringnet.wm/com.oring.SlideActivity@7643#0)
06-16 17:50:53.382   793   793 I SurfaceFlinger: screenshot (com.oringnet.wm/com.oring.SlideActivity@7643#0)
06-16 17:50:53.533   793   793 I SurfaceFlinger: screenshot (com.oringnet.wm/com.oring.SlideActivity@7643#0)
06-16 17:50:53.884   793   793 I SurfaceFlinger: screenshot (com.oringnet.wm/com.oring.SlideActivity@7643#0)
06-16 17:50:53.974  7643  7643 I ViewRootImpl: ViewRoot's Touch Event : ACTION_UP
06-16 17:50:53.975  7643  7643 I TouchFlickNoti: CHANGE UP TO DOWN vectorVelocity:1266
06-16 17:50:53.999   793   793 I SurfaceFlinger: screenshot (com.oringnet.wm/com.oring.SlideActivity@7643#0)
06-16 17:50:54.115   793   793 I SurfaceFlinger: screenshot (com.oringnet.wm/com.oring.SlideActivity@7643#0)
06-16 17:50:54.216   793   793 I SurfaceFlinger: screenshot (com.oringnet.wm/com.oring.SlideActivity@7643#0)
06-16 17:50:54.270   793   826 I BufferQueueProducer: [com.oringnet.wm/com.oring.SlideActivity@7643#0](this:0x7854a28800,id:2870,api:1,p:7643,c:793) queueBuffer: fps=59.86 dur=1002.30 max=22.64 min=13.56
06-16 17:50:54.332   793   793 I SurfaceFlinger: screenshot (com.oringnet.wm/com.oring.SlideActivity@7643#0)
06-16 17:50:54.422  7643  7643 W UiThreadStatement: Already on the UI thread, this method should not be called from the main application thread
06-16 17:50:54.422  7643  7643 I ForcingPage: [Req]<READ DI STATUS> 01020000000479c9
06-16 17:50:54.429  7643  7643 I ForcingPage: [Rsp]<READ DO STATUS> 01020100a188
06-16 17:50:54.433   793   793 I SurfaceFlinger: screenshot (com.oringnet.wm/com.oring.SlideActivity@7643#0)
06-16 17:50:54.440  7643  7643 I ViewRootImpl: ViewRoot's Touch Event : ACTION_DOWN
06-16 17:50:54.445  7643  7643 I ViewRootImpl: ViewRoot's Touch Event : ACTION_UP
06-16 17:50:54.462  7643  7643 W UiThreadStatement: Already on the UI thread, this method should not be called from the main application thread
06-16 17:50:54.627  7643  7643 I EEWW:   : 
06-16 17:50:54.631  7643  7643 I GetID   : b.a.e@97c868f
06-16 17:50:54.646  7643  7643 D BluetoothGatt: setCharacteristicNotification() - uuid: 6e400003-b5a3-f393-e0a9-e50e24dcca9e enable: true
06-16 17:50:54.656  7643  7643 W UiThreadStatement: Already on the UI thread, this method should not be called from the main application thread
06-16 17:50:54.755  7643  7643 W UiThreadStatement: Already on the UI thread, this method should not be called from the main application thread
06-16 17:50:54.755  7643  7643 I ForcingPage: [Req]<READ DO STATUS> 010504000000ccfa
06-16 17:50:54.760  7643  7643 I ForcingPage: [Rsp]<READ RELAY STATUS> 01010107104a
06-16 17:50:54.767   793   793 I SurfaceFlinger: screenshot (com.oringnet.wm/com.oring.SlideActivity@7643#0)
06-16 17:50:54.771  7643  7643 W UiThreadStatement: Already on the UI thread, this method should not be called from the main application thread
06-16 17:50:54.849  7643  7643 W UiThreadStatement: Already on the UI thread, this method should not be called from the main application thread
06-16 17:50:54.849  7643  7643 I I/O     : [Req]<Read DI Status> 01020000000479c9
06-16 17:50:54.851  7643  7643 I I/O     : [Rsp]<Read DI Status> 010101005188
06-16 17:50:54.882   793   793 I SurfaceFlinger: screenshot (com.oringnet.wm/com.oring.SlideActivity@7643#0)
06-16 17:50:54.945  7643  7643 W UiThreadStatement: Already on the UI thread, this method should not be called from the main application thread
06-16 17:50:54.945  7643  7643 I I/O     : [Req]<Read DO Status> 0101000000043dc9
06-16 17:50:54.947  7643  7643 I I/O     : [Rsp]<Read DO Status> 01010107104a
06-16 17:50:54.982   793   793 I SurfaceFlinger: screenshot (com.oringnet.wm/com.oring.SlideActivity@7643#0)
06-16 17:50:55.042  7643  7643 W UiThreadStatement: Already on the UI thread, this method should not be called from the main application thread
06-16 17:50:55.042  7643  7643 I I/O     : [Req]<Read RELAY Status> 010100040002fc0a
06-16 17:50:55.042  7643  7643 I I/O     : [Rsp]<Read RELAY Status> 010101005188
06-16 17:50:55.091   793   793 I SurfaceFlinger: screenshot (com.oringnet.wm/com.oring.SlideActivity@7643#0)
06-16 17:50:55.189  7643  7643 W UiThreadStatement: Already on the UI thread, this method should not be called from the main application thread
06-16 17:50:55.189  7643  7643 I I/O     : [Req]<Read DI COUNTER> 010404310004a136
06-16 17:50:55.189  7643  7643 I I/O     : [Rsp]<Read DI COUNTER> 0104080000000000000000240d
06-16 17:50:55.216   793   793 I SurfaceFlinger: screenshot (com.oringnet.wm/com.oring.SlideActivity@7643#0)
06-16 17:50:55.286  7643  7643 W UiThreadStatement: Already on the UI thread, this method should not be called from the main application thread
06-16 17:50:55.286  7643  7643 I I/O     : [Req]<Read AI 0 Status> 01040000000271cb
06-16 17:50:55.287  7643  7643 I I/O     : [Rsp]<Read AI 0 Status> 010404b9c53ee11ecd
06-16 17:50:55.300  7643  7643 I AI_value:: 0.0
06-16 17:50:55.300  7643  7643 I AI_raw: : b9c53ee1
06-16 17:50:55.326   793  1642 I BufferQueueProducer: [com.oringnet.wm/com.oring.SlideActivity@7643#0](this:0x7854a28800,id:2870,api:1,p:7643,c:793) queueBuffer: fps=28.39 dur=1056.54 max=287.56 min=6.32
06-16 17:50:55.333   793   793 I SurfaceFlinger: screenshot (com.oringnet.wm/com.oring.SlideActivity@7643#0)
06-16 17:50:55.383  7643  7643 W UiThreadStatement: Already on the UI thread, this method should not be called from the main application thread
06-16 17:50:55.383  7643  7643 I I/O     : [Req]<Read AI 1 Status> 010400020002d00b
06-16 17:50:55.384  7643  7643 I I/O     : [Rsp]<Read AI 1 Status> 01040400000000fb84
06-16 17:50:55.397  7643  7643 I AI_value:: 0.0
06-16 17:50:55.397  7643  7643 I AI_raw: : 00000000
06-16 17:50:55.530  7643  7643 W UiThreadStatement: Already on the UI thread, this method should not be called from the main application thread
06-16 17:50:55.530  7643  7643 I I/O     : [Req]<Read AI 2 Status> 010400040002300a
06-16 17:50:55.530  7643  7643 I I/O     : [Rsp]<Read AI 2 Status> 0104044412f99a8d4a
06-16 17:50:55.571  7643  7643 I AI_value:: 587.9
06-16 17:50:55.571  7643  7643 I AI_raw: : 4412f99a
06-16 17:50:55.616   793   793 I SurfaceFlinger: screenshot (com.oringnet.wm/com.oring.SlideActivity@7643#0)
06-16 17:50:55.676  7643  7643 W UiThreadStatement: Already on the UI thread, this method should not be called from the main application thread
06-16 17:50:55.676  7643  7643 I I/O     : [Req]<Read AI 3 Status> 01040006000291ca
06-16 17:50:55.677  7643  7643 I I/O     : [Rsp]<Read AI 3 Status> 01040441fa0000cf89
06-16 17:50:55.710  7643  7643 I AI_value:: 31.25
06-16 17:50:55.710  7643  7643 I AI_raw: : 41fa0000
06-16 17:50:55.749   793   793 I SurfaceFlinger: screenshot (com.oringnet.wm/com.oring.SlideActivity@7643#0)
06-16 17:50:55.773  7643  7643 W UiThreadStatement: Already on the UI thread, this method should not be called from the main application thread
06-16 17:50:55.774  7643  7643 I I/O     : [Req]<Read AI 4 Status> 010400080002f009
06-16 17:50:55.774  7643  7643 I I/O     : [Rsp]<Read AI 4 Status> 01040400000000fb84
06-16 17:50:55.802  7643  7643 I AI_value:: 0.0
06-16 17:50:55.802  7643  7643 I AI_raw: : 00000000
06-16 17:50:55.872  7643  7643 I I/O     : [Rsp]<Read AI 5 Status> 01040441fa0000cf89
06-16 17:50:55.895  7643  7643 I AI_value:: 31.25
06-16 17:50:55.895  7643  7643 I AI_raw: : 41fa0000
06-16 17:50:55.900  7643  7643 W UiThreadStatement: Already on the UI thread, this method should not be called from the main application thread
06-16 17:50:55.900  7643  7643 I I/O     : [Req]<Read AI Type> 0104000A000251c9
06-16 17:50:55.933   793   793 I SurfaceFlinger: screenshot (com.oringnet.wm/com.oring.SlideActivity@7643#0)
06-16 17:50:55.969  7643  7643 I I/O     : [Rsp]<Read AI Type> 01030c000600060006000600060006285b
06-16 17:50:55.975  7643  7643 W UiThreadStatement: Already on the UI thread, this method should not be called from the main application thread
06-16 17:50:55.975  7643  7643 I I/O     : [Req]<Read RTD 2 mode> 010304000006c4f8
06-16 17:50:56.066  7643  7643 W UiThreadStatement: Already on the UI thread, this method should not be called from the main application thread
06-16 17:50:56.066  7643  7643 I I/O     : [Req]<Read RTD 2 mode> 010303050004544c
06-16 17:50:56.066  7643  7643 I I/O     : [Rsp]<Read RTD 2 mode> 010308000000000000000095d7
06-16 17:50:56.066  7643  7643 I RTD_mode:: 0000000000000000
06-16 17:50:56.067  7643  7643 I parseRTD_mode: SW index 0 = 0
06-16 17:50:56.067  7643  7643 I parseRTD_mode: SW index 2 = 0
06-16 17:50:56.067  7643  7643 I parseRTD_mode: SW index 1 = 0
06-16 17:50:56.067  7643  7643 I parseRTD_mode: SW index 3 = 0
06-16 17:50:56.165  7643  7643 W UiThreadStatement: Already on the UI thread, this method should not be called from the main application thread
06-16 17:50:56.165  7643  7643 I I/O     : [Req]<Read RTD 2 mode> 010303f90001547f
06-16 17:50:56.165  7643  7643 I I/O     : [Rsp]<Read RTD 2 mode> 01030200023985
06-16 17:50:56.165  7643  7643 I finish  : @@!!
06-16 17:50:56.268   793   793 I SurfaceFlinger: screenshot (com.oringnet.wm/com.oring.SlideActivity@7643#0)
06-16 17:50:56.341   793  2100 I BufferQueueProducer: [com.oringnet.wm/com.oring.SlideActivity@7643#0](this:0x7854a28800,id:2870,api:1,p:7643,c:793) queueBuffer: fps=12.81 dur=1014.64 max=243.74 min=15.65
06-16 17:50:56.384   793   793 I SurfaceFlinger: screenshot (com.oringnet.wm/com.oring.SlideActivity@7643#0)
06-16 17:50:56.484   793   793 I SurfaceFlinger: screenshot (com.oringnet.wm/com.oring.SlideActivity@7643#0)
06-16 17:50:56.982  7643  7643 I ViewRootImpl: ViewRoot's Touch Event : ACTION_DOWN
06-16 17:50:56.983   793   793 I SurfaceFlinger: screenshot (com.oringnet.wm/com.oring.SlideActivity@7643#0)
06-16 17:50:56.988  7643  7643 I ViewRootImpl: ViewRoot's Touch Event : ACTION_UP
06-16 17:50:56.990  7643  7643 I PortN:  : 項目 0/名稱 DI0
06-16 17:50:56.990  7643  7643 I Lang:   : zh
06-16 17:50:57.063  7643  7643 D BluetoothGatt: setCharacteristicNotification() - uuid: 6e400003-b5a3-f393-e0a9-e50e24dcca9e enable: true
06-16 17:50:57.159   793   793 I SurfaceFlinger: screenshot (com.oringnet.wm/com.oring.SlideActivity@7643#0)
06-16 17:50:57.221   793   793 I SurfaceFlinger: screenshot (com.oringnet.wm/com.oring.SlideActivity@7643#0)
06-16 17:50:57.241  7643  7643 W UiThreadStatement: Already on the UI thread, this method should not be called from the main application thread
06-16 17:50:57.242  7643  7643 I DiPage  : [Req]<READ CHANNEL ENABLE> 01030A87000137fb
06-16 17:50:57.242  7643  7643 I DiPage  : [Rsp]<READ CHANNEL ENABLE> 0103020000b844
06-16 17:50:57.243  7643  7643 I test_ENABLE:: 0
06-16 17:50:57.266   793   793 I SurfaceFlinger: screenshot (com.oringnet.wm/com.oring.SlideActivity@7643#0)
06-16 17:50:57.349   793  1642 I BufferQueueProducer: [com.oringnet.wm/com.oring.SlideActivity@7643#0](this:0x7854a28800,id:2870,api:1,p:7643,c:793) queueBuffer: fps=24.81 dur=1007.74 max=615.62 min=4.71
06-16 17:50:57.360  7643  7643 W UiThreadStatement: Already on the UI thread, this method should not be called from the main application thread
06-16 17:50:57.360  7643  7643 I DiPage  : [Req]<READ INVERT> 01030A740001c7c8
06-16 17:50:57.361  7643  7643 I DiPage  : [Rsp]<READ INVERT> 0103020000b844
06-16 17:50:57.384   793   793 I SurfaceFlinger: screenshot (com.oringnet.wm/com.oring.SlideActivity@7643#0)
06-16 17:50:57.459  7643  7643 W UiThreadStatement: Already on the UI thread, this method should not be called from the main application thread
06-16 17:50:57.460  7643  7643 I DiPage  : [Req]<READ FILTER> 01030A620001260c
06-16 17:50:57.460  7643  7643 I DiPage  : [Rsp]<READ FILTER> 0103020000b844
06-16 17:50:57.500   793   793 I SurfaceFlinger: screenshot (com.oringnet.wm/com.oring.SlideActivity@7643#0)
06-16 17:50:57.529  7643  7643 W UiThreadStatement: Already on the UI thread, this method should not be called from the main application thread
06-16 17:50:57.529  7643  7643 I DiPage  : [Req]<READ REPORTING> 0103022000018478
06-16 17:50:57.530  7643  7643 I DiPage  : [Rsp]<READ REPORTING> 01030200057847
06-16 17:50:57.675  7643  7643 I DiPage  : [Rsp]<READ Trigger ENABLE> 0103020000b844
06-16 17:50:57.682  7643  7643 W UiThreadStatement: Already on the UI thread, this method should not be called from the main application thread
06-16 17:50:57.682  7643  7643 I DiPage  : [Req]<READ Trigger Index> 01030A860001663b
06-16 17:50:57.773  7643  7643 I DiPage  : [Rsp]<READ Trigger Index> 0103020000b844
06-16 17:50:57.783  7643  7643 W UiThreadStatement: Already on the UI thread, this method should not be called from the main application thread
06-16 17:50:57.783  7643  7643 I DiPage  : [Req]<READ Trigger Index> 01030A7600016608
06-16 17:50:57.799   793   793 I SurfaceFlinger: screenshot (com.oringnet.wm/com.oring.SlideActivity@7643#0)
06-16 17:50:58.434  7643  7643 I ViewRootImpl: ViewRoot's Touch Event : ACTION_DOWN
06-16 17:50:58.435   793   793 I SurfaceFlinger: screenshot (com.oringnet.wm/com.oring.SlideActivity@7643#0)
06-16 17:50:58.440  7643  7643 I ViewRootImpl: ViewRoot's Touch Event : ACTION_UP
06-16 17:50:58.455   793   826 I BufferQueueProducer: [com.oringnet.wm/com.oring.SlideActivity@7643#0](this:0x7854a28800,id:2870,api:1,p:7643,c:793) queueBuffer: fps=11.75 dur=1106.45 max=667.30 min=15.66
06-16 17:50:58.550   793   793 I SurfaceFlinger: screenshot (com.oringnet.wm/com.oring.SlideActivity@7643#0)
06-16 17:50:58.884   793   793 I SurfaceFlinger: screenshot (com.oringnet.wm/com.oring.SlideActivity@7643#0)
