06-16 17:30:06.999  1432  1638 V AlarmManager: RTC delivery Alarm{a93cd4e statsTag *alarm*:com.platform.pushservice type 1 when 1623835764327 com.kimi.ggplay.fknsg} when 1623835764327
06-16 17:49:28.429   650   650 D Zygote  : Forked child process 7643
06-16 17:49:28.445  1432  1546 I ActivityManager: Start proc 7643:com.oringnet.wm/u0a316 for activity {com.oringnet.wm/com.oring.LoginActivity}
06-16 17:49:28.461  7643  7643 E com.oringnet.w: Not starting debugger since process cannot load the jdwp agent.
06-16 17:49:28.502  7643  7643 I Typeface: Current DefaultTypeface ( default_roboto )
06-16 17:49:28.542  7643  7643 I MultiDex: VM with version 2.1.0 has multidex support
06-16 17:49:28.542  7643  7643 I MultiDex: Installing application
06-16 17:49:28.542  7643  7643 I MultiDex: VM has multidex support, MultiDex support library is disabled.
06-16 17:49:28.542  7643  7643 I MultiDex: Installing application
06-16 17:49:28.542  7643  7643 I MultiDex: VM has multidex support, MultiDex support library is disabled.
06-16 17:49:28.544  7643  7643 I FirebaseInitProvider: FirebaseApp initialization unsuccessful
06-16 17:49:28.627  7643  7643 D PhoneWindow: windowLightStatusBar : false, disable View.SYSTEM_UI_FLAG_LIGHT_STATUS_BAR
06-16 17:49:28.675  7643  7643 I Mode_EXTRA: = 0
06-16 17:49:28.675  7643  7643 I ShowFilePath: /storage/emulated/0/Download
06-16 17:49:28.707  7643  7643 I SQLiteOpenHelper: Create ODimmingSQL.db
06-16 17:49:28.755  7643  7643 I Now@_1  : 0
06-16 17:49:28.755  7643  7643 I Now@_1  : 0
06-16 17:49:28.850  7643  7643 I TouchFilterInputStageHelper: [needTouchEventFilter] Displayid : 0
06-16 17:49:28.857  7643  7643 D BezellessGripSuppressionFilter: getdisplaysize, x : 720 y : 1600
06-16 17:49:28.869  7643  7643 I TouchFilterInputStageHelper: [needTouchEventFilter] Displayid : 0
06-16 17:49:28.871  7643  7643 D BezellessGripSuppressionFilter: getdisplaysize, x : 720 y : 1600
06-16 17:49:28.894   793  2231 I BufferQueueConsumer: [com.oringnet.wm/com.oring.LoginActivity@7643#0](this:0x7861317800,id:2862,api:0,p:-1,c:793) setConsumerName: com.oringnet.wm/com.oring.LoginActivity@7643#0
06-16 17:49:28.894   793  2231 I BufferQueueConsumer: [com.oringnet.wm/com.oring.LoginActivity@7643#0](this:0x7861317800,id:2862,api:0,p:-1,c:793) setDefaultBufferSize: width=720 height=1600
06-16 17:49:28.894   793  2231 I SurfaceFlinger: Create BufferLayer(0x7861380000) com.oringnet.wm/com.oring.LoginActivity@7643#0 (720 x 1600)
06-16 17:49:28.902  7643  7666 I GPUD    : @gpudInitialize: successfully initialized with 1, dbg=0 mmdump_dbg=0
06-16 17:49:28.930  7643  7666 D Surface : Surface::connect(this=0x7c819b1000,api=1)
06-16 17:49:28.931   793  2231 I BufferQueueProducer: [com.oringnet.wm/com.oring.LoginActivity@7643#0](this:0x7861317800,id:2862,api:1,p:7643,c:793) connect(P): api=1 producer=(7643:com.oringnet.wm) producerControlledByApp=false
06-16 17:49:28.932  7643  7666 D Surface : Surface::setBufferCount(this=0x7c819b1000,bufferCount=3)
06-16 17:49:28.933  7643  7666 D Surface : Surface::allocateBuffers(this=0x7c819b1000)
06-16 17:49:28.942  7643  7666 W Gralloc3: mapper 3.x is not supported
06-16 17:49:28.946  7643  7666 E ion     : ioctl c0044901 failed with code -1: Invalid argument
06-16 17:49:29.026   793  2231 I BufferQueueConsumer: [Toast@7643#0](this:0x7861292000,id:2863,api:0,p:-1,c:793) setConsumerName: Toast@7643#0
06-16 17:49:29.026   793  2231 I BufferQueueConsumer: [Toast@7643#0](this:0x7861292000,id:2863,api:0,p:-1,c:793) setDefaultBufferSize: width=285 height=70
06-16 17:49:29.026   793  2231 I SurfaceFlinger: Create BufferLayer(0x7861389000) Toast@7643#0 (285 x 70)
06-16 17:49:29.033  7643  7666 D Surface : Surface::connect(this=0x7c84c67000,api=1)
06-16 17:49:29.033   793   827 I BufferQueueProducer: [Toast@7643#0](this:0x7861292000,id:2863,api:1,p:7643,c:793) connect(P): api=1 producer=(7643:com.oringnet.wm) producerControlledByApp=false
06-16 17:49:29.034  7643  7666 D Surface : Surface::setBufferCount(this=0x7c84c67000,bufferCount=3)
06-16 17:49:29.034  7643  7666 D Surface : Surface::allocateBuffers(this=0x7c84c67000)
06-16 17:49:29.169  7643  7643 I Timeline: Timeline: Activity_idle id: android.os.BinderProxy@1eefc78 time:40692449
06-16 17:49:29.181   793   793 I MiniDump: 0x7861389000 |     DEVICE |          0 | 0.063 |  217 1460  502 1530 |   0.0   0.0 285.0  70.0 | Toast@7643#0
06-16 17:49:29.214   793   793 I MiniDump: 0x7861380000 |     DEVICE |          0 | 1.000 |    0    0  720 1600 |   0.0   0.0 720.0 1600.0 | com.oringnet.wm/com.oring.LoginActivity@7643#0
06-16 17:49:29.214   793   793 I MiniDump: 0x7861389000 |     DEVICE |          0 | 0.190 |  217 1460  502 1530 |   0.0   0.0 285.0  70.0 | Toast@7643#0
06-16 17:49:29.317   793   793 I SurfaceFlinger: screenshot (com.oringnet.wm/com.oring.LoginActivity@7643#0)
06-16 17:49:29.348   793   793 I MiniDump: 0x7861380000 |     DEVICE |          0 | 1.000 |    0    0  720 1600 |   0.0   0.0 720.0 1600.0 | com.oringnet.wm/com.oring.LoginActivity@7643#0
06-16 17:49:29.348   793   793 I MiniDump: 0x7861389000 |     DEVICE |          0 | 0.598 |  217 1460  502 1530 |   0.0   0.0 285.0  70.0 | Toast@7643#0
06-16 17:49:29.582   793   793 I SurfaceFlinger: screenshot (com.oringnet.wm/com.oring.LoginActivity@7643#0)
06-16 17:49:29.732   793   793 I SurfaceFlinger: screenshot (com.oringnet.wm/com.oring.LoginActivity@7643#0)
06-16 17:49:29.848   793   793 I SurfaceFlinger: screenshot (com.oringnet.wm/com.oring.LoginActivity@7643#0)
06-16 17:49:29.881   793   793 I SurfaceFlinger: screenshot (com.oringnet.wm/com.oring.LoginActivity@7643#0)
06-16 17:49:29.881   793   793 I SurfaceFlinger: screenshot (Toast@7643#0)
06-16 17:49:29.964   793   793 I SurfaceFlinger: screenshot (com.oringnet.wm/com.oring.LoginActivity@7643#0)
06-16 17:49:30.080   793   793 I SurfaceFlinger: screenshot (com.oringnet.wm/com.oring.LoginActivity@7643#0)
06-16 17:49:30.197   793   793 I SurfaceFlinger: screenshot (com.oringnet.wm/com.oring.LoginActivity@7643#0)
06-16 17:49:30.298   793   793 I SurfaceFlinger: screenshot (com.oringnet.wm/com.oring.LoginActivity@7643#0)
06-16 17:49:30.364  7643  7643 I ViewRootImpl: ViewRoot's Touch Event : ACTION_DOWN
06-16 17:49:30.370  7643  7643 I ViewRootImpl: ViewRoot's Touch Event : ACTION_UP
06-16 17:49:30.374  7643  7643 I MODECHECK: 02
06-16 17:49:30.393  1432  2977 I ActivityTaskManager: The Process com.oringnet.wm Already Exists in BG. So sending its PID: 7643
06-16 17:49:30.410  7643  7643 W ActivityThread: handleWindowVisibility: no activity for token android.os.BinderProxy@7ac2511
06-16 17:49:30.427  7643  7643 D PhoneWindow: windowLightStatusBar : false, disable View.SYSTEM_UI_FLAG_LIGHT_STATUS_BAR
06-16 17:49:30.432   793   793 I SurfaceFlinger: screenshot (com.oringnet.wm/com.oring.LoginActivity@7643#0)
06-16 17:49:30.469  7643  7643 D BluetoothAdapter: startLeScan(): null
06-16 17:49:30.473  7643  7643 D BluetoothAdapter: isLeEnabled(): ON
06-16 17:49:30.483  7643  7693 D BluetoothLeScanner: onScannerRegistered() - status=0 scannerId=8 mScannerId=0
06-16 17:49:30.542  7643  7643 I TouchFilterInputStageHelper: [needTouchEventFilter] Displayid : 0
06-16 17:49:30.544  7643  7643 D BezellessGripSuppressionFilter: getdisplaysize, x : 720 y : 1600
06-16 17:49:30.557   793  2100 I BufferQueueConsumer: [com.oringnet.wm/com.oring.ble.BLEScanActivity@7643#0](this:0x7854876000,id:2864,api:0,p:-1,c:793) setConsumerName: com.oringnet.wm/com.oring.ble.BLEScanActivity@7643#0
06-16 17:49:30.557   793  2100 I BufferQueueConsumer: [com.oringnet.wm/com.oring.ble.BLEScanActivity@7643#0](this:0x7854876000,id:2864,api:0,p:-1,c:793) setDefaultBufferSize: width=720 height=1533
06-16 17:49:30.557   793  2100 I SurfaceFlinger: Create BufferLayer(0x7854993000) com.oringnet.wm/com.oring.ble.BLEScanActivity@7643#0 (720 x 1533)
06-16 17:49:30.566  7643  7666 D Surface : Surface::connect(this=0x7c26d20000,api=1)
06-16 17:49:30.567   793  1642 I BufferQueueProducer: [com.oringnet.wm/com.oring.ble.BLEScanActivity@7643#0](this:0x7854876000,id:2864,api:1,p:7643,c:793) connect(P): api=1 producer=(7643:com.oringnet.wm) producerControlledByApp=false
06-16 17:49:30.568  7643  7666 D Surface : Surface::setBufferCount(this=0x7c26d20000,bufferCount=3)
06-16 17:49:30.569  7643  7666 D Surface : Surface::allocateBuffers(this=0x7c26d20000)
06-16 17:49:30.637   793  2100 I BufferQueueProducer: [com.oringnet.wm/com.oring.LoginActivity@7643#0](this:0x7861317800,id:2862,api:1,p:7643,c:793) queueBuffer: fps=1.85 dur=1620.11 max=1471.35 min=19.51
06-16 17:49:30.697  7643  7696 I FastBle : device detected  ------  name: WM_iot_test08  mac: 18:04:ED:6E:5F:53  Rssi: -81  scanRecord: 02 01 06 11 06 9e ca dc 24 0e e5 a9 e0 93 f3 a3 b5 01 00 40 6e 06 ff 0d 00 c0 ff ee 15 09 57 4d 5f 69 6f 74 5f 74 65 73 74 30 38 00 00 00 00 00 00 00 05 12 50 00 20 03 02 0a 00 00 00 00
06-16 17:49:30.699   793   793 I MiniDump: 0x7861380000 |     DEVICE |          0 | 0.994 |    0    0  720 1600 |   0.0   0.0 720.0 1600.0 | com.oringnet.wm/com.oring.LoginActivity@7643#0
06-16 17:49:30.699   793   793 I MiniDump: 0x7854993000 |     DEVICE |          0 | 0.232 |    0  384  720 1600 |   0.0   0.0 720.0 1216.0 | com.oringnet.wm/com.oring.ble.BLEScanActivity@7643#0
06-16 17:49:30.699   793   793 I MiniDump: 0x7861389000 |     DEVICE |          0 | 1.000 |  217 1460  502 1530 |   0.0   0.0 285.0  70.0 | Toast@7643#0
06-16 17:49:30.706  7643  7696 I FastBle : device detected  ------  name: WM_iot_test09  mac: 18:04:ED:6E:60:56  Rssi: -60  scanRecord: 02 01 06 11 06 9e ca dc 24 0e e5 a9 e0 93 f3 a3 b5 01 00 40 6e 06 ff 0d 00 c0 ff ee 15 09 57 4d 5f 69 6f 74 5f 74 65 73 74 30 39 00 00 00 00 00 00 00 05 12 50 00 20 03 02 0a 00 00 00 00
06-16 17:49:30.750   793   793 I SurfaceFlinger: screenshot (com.oringnet.wm/com.oring.LoginActivity@7643#0)
06-16 17:49:30.750   793   793 I SurfaceFlinger: screenshot (com.oringnet.wm/com.oring.ble.BLEScanActivity@7643#0)
06-16 17:49:30.804  7643  7666 D Surface : Surface::disconnect(this=0x7c84c67000,api=1)
06-16 17:49:30.805   793   827 I BufferQueueProducer: [Toast@7643#0](this:0x7861292000,id:2863,api:1,p:7643,c:793) disconnect(P): api 1
06-16 17:49:30.830  7643  7643 I Timeline: Timeline: Activity_idle id: android.os.BinderProxy@7ac2511 time:40694111
06-16 17:49:30.946   793   793 I SurfaceFlinger: Remove BufferLayer(0x7854993000) com.oringnet.wm/com.oring.ble.BLEScanActivity@7643#0 (-1 x -1)
06-16 17:49:30.946   793   793 I SurfaceFlinger: Remove BufferLayer(0x7861380000) com.oringnet.wm/com.oring.LoginActivity@7643#0 (-1 x -1)
06-16 17:49:30.947  7643  7666 D Surface : Surface::disconnect(this=0x7c819b1000,api=1)
06-16 17:49:30.948   793  1642 I BufferQueueProducer: [com.oringnet.wm/com.oring.LoginActivity@7643#0](this:0x7861317800,id:2862,api:1,p:7643,c:793) disconnect(P): api 1
06-16 17:49:30.949   793   793 I MiniDump: 0x7854993000 |     DEVICE |          0 | 1.000 |    0   67  720 1600 |   0.0   0.0 720.0 1533.0 | com.oringnet.wm/com.oring.ble.BLEScanActivity@7643#0
06-16 17:49:30.949   793   793 I MiniDump: 0x7861389000 |     DEVICE |          0 | 0.929 |  217 1460  502 1530 |   0.0   0.0 285.0  70.0 | Toast@7643#0
06-16 17:49:30.979   793   793 I SurfaceFlinger: Remove BufferLayer(0x7861380000) com.oringnet.wm/com.oring.LoginActivity@7643#0 (-1 x -1)
06-16 17:49:30.996   793   793 I SurfaceFlinger: Remove BufferLayer(0x7861380000) com.oringnet.wm/com.oring.LoginActivity@7643#0 (-1 x -1)
06-16 17:49:30.996   793   793 I BufferQueue: [com.oringnet.wm/com.oring.LoginActivity@7643#0](this:0x7861317800,id:2862,api:1,p:-1,c:-1) ~BufferQueueCore
06-16 17:49:31.002   793   793 I SurfaceFlinger: screenshot (com.oringnet.wm/com.oring.ble.BLEScanActivity@7643#0)
06-16 17:49:31.015   793   793 I MiniDump: 0x7854993000 |     DEVICE |          0 | 1.000 |    0   67  720 1600 |   0.0   0.0 720.0 1533.0 | com.oringnet.wm/com.oring.ble.BLEScanActivity@7643#0
06-16 17:49:31.015   793   793 I MiniDump: 0x7861389000 |     DEVICE |          0 | 0.840 |  217 1460  502 1530 |   0.0   0.0 285.0  70.0 | Toast@7643#0
06-16 17:49:31.267   793   793 I SurfaceFlinger: screenshot (com.oringnet.wm/com.oring.ble.BLEScanActivity@7643#0)
06-16 17:49:31.315   793   793 I MiniDump: 0x7854993000 |     DEVICE |          0 | 1.000 |    0   67  720 1600 |   0.0   0.0 720.0 1533.0 | com.oringnet.wm/com.oring.ble.BLEScanActivity@7643#0
06-16 17:49:31.329   793   793 I SurfaceFlinger: Remove BufferLayer(0x7861389000) Toast@7643#0 (-1 x -1)
06-16 17:49:31.330   793   793 I BufferQueue: [Toast@7643#0](this:0x7861292000,id:2863,api:1,p:-1,c:-1) ~BufferQueueCore
06-16 17:49:31.381   793   793 I SurfaceFlinger: screenshot (com.oringnet.wm/com.oring.ble.BLEScanActivity@7643#0)
06-16 17:49:31.498   793   793 I SurfaceFlinger: screenshot (com.oringnet.wm/com.oring.ble.BLEScanActivity@7643#0)
06-16 17:49:31.614   793   793 I SurfaceFlinger: screenshot (com.oringnet.wm/com.oring.ble.BLEScanActivity@7643#0)
06-16 17:49:31.714   793   793 I SurfaceFlinger: screenshot (com.oringnet.wm/com.oring.ble.BLEScanActivity@7643#0)
06-16 17:49:31.831   793   793 I SurfaceFlinger: screenshot (com.oringnet.wm/com.oring.ble.BLEScanActivity@7643#0)
06-16 17:49:31.926   793   793 I SurfaceFlinger: screenshot (com.oringnet.wm/com.oring.ble.BLEScanActivity@7643#0)
06-16 17:49:31.948   793   793 I SurfaceFlinger: screenshot (com.oringnet.wm/com.oring.ble.BLEScanActivity@7643#0)
06-16 17:49:32.048   793   793 I SurfaceFlinger: screenshot (com.oringnet.wm/com.oring.ble.BLEScanActivity@7643#0)
06-16 17:49:32.148   793   793 I SurfaceFlinger: screenshot (com.oringnet.wm/com.oring.ble.BLEScanActivity@7643#0)
06-16 17:49:32.264   793   793 I SurfaceFlinger: screenshot (com.oringnet.wm/com.oring.ble.BLEScanActivity@7643#0)
06-16 17:49:32.365   793   793 I SurfaceFlinger: screenshot (com.oringnet.wm/com.oring.ble.BLEScanActivity@7643#0)
06-16 17:49:32.481   793   793 I SurfaceFlinger: screenshot (com.oringnet.wm/com.oring.ble.BLEScanActivity@7643#0)
06-16 17:49:32.581   793   793 I SurfaceFlinger: screenshot (com.oringnet.wm/com.oring.ble.BLEScanActivity@7643#0)
06-16 17:49:32.698   793   793 I SurfaceFlinger: screenshot (com.oringnet.wm/com.oring.ble.BLEScanActivity@7643#0)
06-16 17:49:33.515   793   793 I SurfaceFlinger: screenshot (com.oringnet.wm/com.oring.ble.BLEScanActivity@7643#0)
06-16 17:49:33.515  7643  7643 I ViewRootImpl: ViewRoot's Touch Event : ACTION_DOWN
06-16 17:49:33.521  7643  7643 I ViewRootImpl: ViewRoot's Touch Event : ACTION_UP
06-16 17:49:33.535   793   827 I BufferQueueProducer: [com.oringnet.wm/com.oring.ble.BLEScanActivity@7643#0](this:0x7854876000,id:2864,api:1,p:7643,c:793) queueBuffer: fps=1.03 dur=2904.18 max=2756.97 min=70.99
06-16 17:49:35.516  7643  7643 D BluetoothAdapter: stopLeScan()
06-16 17:49:35.519  7643  7643 D BluetoothAdapter: isLeEnabled(): ON
06-16 17:49:35.560   793   827 I BufferQueueProducer: [com.oringnet.wm/com.oring.ble.BLEScanActivity@7643#0](this:0x7854876000,id:2864,api:1,p:7643,c:793) queueBuffer: fps=0.49 dur=2024.80 max=2024.80 min=2024.80
06-16 17:49:35.566   793   793 I SurfaceFlinger: screenshot (com.oringnet.wm/com.oring.ble.BLEScanActivity@7643#0)
06-16 17:49:39.953  7643  7643 I ViewRootImpl: ViewRoot's Touch Event : ACTION_DOWN
06-16 17:49:40.084  7643  7643 I ViewRootImpl: ViewRoot's Touch Event : ACTION_UP
06-16 17:49:40.099  7643  7643 D PhoneWindow: windowLightStatusBar : false, disable View.SYSTEM_UI_FLAG_LIGHT_STATUS_BAR
06-16 17:49:40.124  7643  7643 I TouchFilterInputStageHelper: [needTouchEventFilter] Displayid : 0
06-16 17:49:40.129  7643  7643 D BezellessGripSuppressionFilter: getdisplaysize, x : 720 y : 1600
06-16 17:49:40.145  7643  7643 I FastBle : connect device: WM_iot_test09
06-16 17:49:40.145  7643  7643 I FastBle : mac: 18:04:ED:6E:60:56
06-16 17:49:40.145  7643  7643 I FastBle : autoConnect: false
06-16 17:49:40.145  7643  7643 I FastBle : currentThread: 2
06-16 17:49:40.145  7643  7643 I FastBle : connectCount:1
06-16 17:49:40.149  7643  7643 D BluetoothGatt: connect() - device: 18:04:ED:6E:60:56, auto: false
06-16 17:49:40.149  7643  7643 D BluetoothGatt: registerApp()
06-16 17:49:40.150  7643  7643 D BluetoothGatt: registerApp() - UUID=aab415d8-0cfa-439c-a004-887d9999128f
06-16 17:49:40.157  7643  7662 D BluetoothGatt: onClientRegistered() - status=0 clientIf=8
06-16 17:49:40.180   793   827 I BufferQueueConsumer: [com.oringnet.wm/com.oring.ble.BLEScanActivity@7643#1](this:0x7854a27000,id:2865,api:0,p:-1,c:793) setConsumerName: com.oringnet.wm/com.oring.ble.BLEScanActivity@7643#1
06-16 17:49:40.180   793   827 I BufferQueueConsumer: [com.oringnet.wm/com.oring.ble.BLEScanActivity@7643#1](this:0x7854a27000,id:2865,api:0,p:-1,c:793) setDefaultBufferSize: width=126 height=126
06-16 17:49:40.180   793   827 I SurfaceFlinger: Create BufferLayer(0x7854a4e000) com.oringnet.wm/com.oring.ble.BLEScanActivity@7643#1 (126 x 126)
06-16 17:49:40.190  7643  7666 D Surface : Surface::connect(this=0x7d1a300000,api=1)
06-16 17:49:40.190   793   827 I BufferQueueProducer: [com.oringnet.wm/com.oring.ble.BLEScanActivity@7643#1](this:0x7854a27000,id:2865,api:1,p:7643,c:793) connect(P): api=1 producer=(7643:com.oringnet.wm) producerControlledByApp=false
06-16 17:49:40.192  7643  7666 D Surface : Surface::setBufferCount(this=0x7d1a300000,bufferCount=3)
06-16 17:49:40.193  7643  7666 D Surface : Surface::allocateBuffers(this=0x7d1a300000)
06-16 17:49:40.268   793   793 I MiniDump: 0x7854993000 |     DEVICE |          0 | 1.000 |    0   67  720 1600 |   0.0   0.0 720.0 1533.0 | com.oringnet.wm/com.oring.ble.BLEScanActivity@7643#0
06-16 17:49:40.268   793   793 I MiniDump: 0x7854a4e000 |     DEVICE |          0 | 0.303 |  301  760  419  878 |   0.0   0.0 126.0 126.0 | com.oringnet.wm/com.oring.ble.BLEScanActivity@7643#1
06-16 17:49:40.276   793   793 I SurfaceFlinger: screenshot (com.oringnet.wm/com.oring.ble.BLEScanActivity@7643#0)
06-16 17:49:40.290   793   793 I MiniDump: 0x7854993000 |     DEVICE |          0 | 1.000 |    0   67  720 1600 |   0.0   0.0 720.0 1533.0 | com.oringnet.wm/com.oring.ble.BLEScanActivity@7643#0
06-16 17:49:40.290   793   793 I MiniDump: 0x7854a4e000 |     DEVICE |          0 | 0.538 |  300  759  420  879 |   0.0   0.0 126.0 126.0 | com.oringnet.wm/com.oring.ble.BLEScanActivity@7643#1
06-16 17:49:40.917  7643  7662 D BluetoothGatt: onClientConnectionState() - status=0 clientIf=8 device=18:04:ED:6E:60:56
06-16 17:49:40.918  7643  7662 I FastBle : BluetoothGattCallback：onConnectionStateChange 
06-16 17:49:40.918  7643  7662 I FastBle : status: 0
06-16 17:49:40.918  7643  7662 I FastBle : newState: 2
06-16 17:49:40.918  7643  7662 I FastBle : currentThread: 5586
06-16 17:49:41.348  7643  7662 D BluetoothGatt: onConnectionUpdated() - Device=18:04:ED:6E:60:56 interval=6 latency=0 timeout=500 status=0
06-16 17:49:41.418  7643  7643 D BluetoothGatt: discoverServices() - device: 18:04:ED:6E:60:56
06-16 17:49:41.564  7643  7662 D BluetoothGatt: onSearchComplete() = Device=18:04:ED:6E:60:56 Status=0
06-16 17:49:41.565  7643  7662 I FastBle : BluetoothGattCallback：onServicesDiscovered 
06-16 17:49:41.565  7643  7662 I FastBle : status: 0
06-16 17:49:41.565  7643  7662 I FastBle : currentThread: 5586
06-16 17:49:41.581  7643  7666 D Surface : Surface::disconnect(this=0x7d1a300000,api=1)
06-16 17:49:41.582   793   827 I BufferQueueProducer: [com.oringnet.wm/com.oring.ble.BLEScanActivity@7643#1](this:0x7854a27000,id:2865,api:1,p:7643,c:793) disconnect(P): api 1
06-16 17:49:41.603   793   793 I SurfaceFlinger: screenshot (com.oringnet.wm/com.oring.ble.BLEScanActivity@7643#0)
06-16 17:49:41.635  7643  7643 D BluetoothAdapter: stopLeScan()
06-16 17:49:41.636  7643  7643 D BluetoothAdapter: scan not started yet
06-16 17:49:41.637  1432  3907 I ActivityTaskManager: The Process com.oringnet.wm Already Exists in BG. So sending its PID: 7643
06-16 17:49:41.649  7643  7643 W ActivityThread: handleWindowVisibility: no activity for token android.os.BinderProxy@5100037
06-16 17:49:41.664  7643  7643 D PhoneWindow: windowLightStatusBar : false, disable View.SYSTEM_UI_FLAG_LIGHT_STATUS_BAR
06-16 17:49:41.673  7643  7709 D BluetoothGatt: onConnectionUpdated() - Device=18:04:ED:6E:60:56 interval=39 latency=0 timeout=500 status=0
06-16 17:49:41.763  7643  7643 D BluetoothGatt: setCharacteristicNotification() - uuid: 6e400003-b5a3-f393-e0a9-e50e24dcca9e enable: true
06-16 17:49:41.767   793   793 I MiniDump: 0x7854993000 |     DEVICE |          0 | 1.000 |    0   67  720 1600 |   0.0   0.0 720.0 1533.0 | com.oringnet.wm/com.oring.ble.BLEScanActivity@7643#0
06-16 17:49:41.780  7643  7643 I TouchFilterInputStageHelper: [needTouchEventFilter] Displayid : 0
06-16 17:49:41.787  7643  7643 D BezellessGripSuppressionFilter: getdisplaysize, x : 720 y : 1600
06-16 17:49:41.817   793   827 I BufferQueueProducer: [com.oringnet.wm/com.oring.ble.BLEScanActivity@7643#0](this:0x7854876000,id:2864,api:1,p:7643,c:793) queueBuffer: fps=0.16 dur=6257.41 max=6257.41 min=6257.41
06-16 17:49:41.831   793  2100 I BufferQueueConsumer: [com.oringnet.wm/com.oring.ble.BLECreateActivity@7643#0](this:0x7854880000,id:2866,api:0,p:-1,c:793) setConsumerName: com.oringnet.wm/com.oring.ble.BLECreateActivity@7643#0
06-16 17:49:41.831   793  2100 I BufferQueueConsumer: [com.oringnet.wm/com.oring.ble.BLECreateActivity@7643#0](this:0x7854880000,id:2866,api:0,p:-1,c:793) setDefaultBufferSize: width=720 height=1533
06-16 17:49:41.831   793  2100 I SurfaceFlinger: Create BufferLayer(0x7854a77000) com.oringnet.wm/com.oring.ble.BLECreateActivity@7643#0 (720 x 1533)
06-16 17:49:41.841  7643  7666 D Surface : Surface::connect(this=0x7c266db000,api=1)
06-16 17:49:41.842   793   827 I BufferQueueProducer: [com.oringnet.wm/com.oring.ble.BLECreateActivity@7643#0](this:0x7854880000,id:2866,api:1,p:7643,c:793) connect(P): api=1 producer=(7643:com.oringnet.wm) producerControlledByApp=false
06-16 17:49:41.844  7643  7666 D Surface : Surface::setBufferCount(this=0x7c266db000,bufferCount=3)
06-16 17:49:41.845  7643  7666 D Surface : Surface::allocateBuffers(this=0x7c266db000)
06-16 17:49:41.848   793   793 I SurfaceFlinger: Remove BufferLayer(0x7854a4e000) com.oringnet.wm/com.oring.ble.BLEScanActivity@7643#1 (-1 x -1)
06-16 17:49:41.851   793   793 I MiniDump: 0x7854993000 |     DEVICE |          0 | 1.000 |    0   67  720 1600 |   0.0   0.0 720.0 1533.0 | com.oringnet.wm/com.oring.ble.BLEScanActivity@7643#0
06-16 17:49:41.854   793   793 I SurfaceFlinger: screenshot (com.oringnet.wm/com.oring.ble.BLEScanActivity@7643#0)
06-16 17:49:41.865   793   793 I SurfaceFlinger: Remove BufferLayer(0x7854a4e000) com.oringnet.wm/com.oring.ble.BLEScanActivity@7643#1 (-1 x -1)
06-16 17:49:41.865   793   793 I BufferQueue: [com.oringnet.wm/com.oring.ble.BLEScanActivity@7643#1](this:0x7854a27000,id:2865,api:1,p:-1,c:-1) ~BufferQueueCore
06-16 17:49:41.910  7643  7643 D PhoneWindow: windowLightStatusBar : false, disable View.SYSTEM_UI_FLAG_LIGHT_STATUS_BAR
06-16 17:49:41.917   793   793 I MiniDump: 0x7854993000 |     DEVICE |          0 | 0.994 |    0   67  720 1600 |   0.0   0.0 720.0 1533.0 | com.oringnet.wm/com.oring.ble.BLEScanActivity@7643#0
06-16 17:49:41.917   793   793 I MiniDump: 0x7854a77000 |     DEVICE |          0 | 0.232 |    0  384  720 1600 |   0.0   0.0 720.0 1216.0 | com.oringnet.wm/com.oring.ble.BLECreateActivity@7643#0
06-16 17:49:41.926  7643  7643 I TouchFilterInputStageHelper: [needTouchEventFilter] Displayid : 0
06-16 17:49:41.929  7643  7643 D BezellessGripSuppressionFilter: getdisplaysize, x : 720 y : 1600
06-16 17:49:41.960   793  2231 I BufferQueueConsumer: [com.oringnet.wm/com.oring.ble.BLECreateActivity@7643#1](this:0x786129c000,id:2867,api:0,p:-1,c:793) setConsumerName: com.oringnet.wm/com.oring.ble.BLECreateActivity@7643#1
06-16 17:49:41.960   793  2231 I BufferQueueConsumer: [com.oringnet.wm/com.oring.ble.BLECreateActivity@7643#1](this:0x786129c000,id:2867,api:0,p:-1,c:793) setDefaultBufferSize: width=126 height=126
06-16 17:49:41.960   793  2231 I SurfaceFlinger: Create BufferLayer(0x7861317000) com.oringnet.wm/com.oring.ble.BLECreateActivity@7643#1 (126 x 126)
06-16 17:49:41.967  7643  7666 D Surface : Surface::connect(this=0x7c27051000,api=1)
06-16 17:49:41.968   793  2231 I BufferQueueProducer: [com.oringnet.wm/com.oring.ble.BLECreateActivity@7643#1](this:0x786129c000,id:2867,api:1,p:7643,c:793) connect(P): api=1 producer=(7643:com.oringnet.wm) producerControlledByApp=false
06-16 17:49:41.969  7643  7666 D Surface : Surface::setBufferCount(this=0x7c27051000,bufferCount=3)
06-16 17:49:41.970  7643  7666 D Surface : Surface::allocateBuffers(this=0x7c27051000)
06-16 17:49:42.022  7643  7643 I Timeline: Timeline: Activity_idle id: android.os.BinderProxy@5100037 time:40705302
06-16 17:49:42.035   793   793 I MiniDump: 0x7854993000 |     DEVICE |          0 | 0.648 |    0   42  720 1575 |   0.0   0.0 720.0 1533.0 | com.oringnet.wm/com.oring.ble.BLEScanActivity@7643#0
06-16 17:49:42.035   793   793 I MiniDump: 0x7854a77000 |     DEVICE |          0 | 1.000 |    0  138  720 1600 |   0.0   0.0 720.0 1462.0 | com.oringnet.wm/com.oring.ble.BLECreateActivity@7643#0
06-16 17:49:42.035   793   793 I MiniDump: 0x7861317000 |     DEVICE |          0 | 0.303 |  301  831  419  949 |   0.0   0.0 126.0 126.0 | com.oringnet.wm/com.oring.ble.BLECreateActivity@7643#1
06-16 17:49:42.043   793   793 I SurfaceFlinger: screenshot (com.oringnet.wm/com.oring.ble.BLEScanActivity@7643#0)
06-16 17:49:42.043   793   793 I SurfaceFlinger: screenshot (com.oringnet.wm/com.oring.ble.BLECreateActivity@7643#0)
06-16 17:49:42.066  7643  7643 I CreateTest 1請求: 01030200000445b1
06-16 17:49:42.066  7643  7643 I HEX:    : 
06-16 17:49:42.066  7643  7643 I DeviceName:: NULL
06-16 17:49:42.066  7643  7643 I DeviceName:: 
06-16 17:49:42.076  7643  7643 I CreateTest 0響應: 010308000000000000000095d7
06-16 17:49:42.165   793   793 I SurfaceFlinger: Remove BufferLayer(0x7854a77000) com.oringnet.wm/com.oring.ble.BLECreateActivity@7643#0 (-1 x -1)
06-16 17:49:42.165   793   793 I SurfaceFlinger: Remove BufferLayer(0x7861317000) com.oringnet.wm/com.oring.ble.BLECreateActivity@7643#1 (-1 x -1)
06-16 17:49:42.169   793   793 I MiniDump: 0x7854a77000 |     DEVICE |          0 | 1.000 |    0   67  720 1600 |   0.0   0.0 720.0 1533.0 | com.oringnet.wm/com.oring.ble.BLECreateActivity@7643#0
06-16 17:49:42.169   793   793 I MiniDump: 0x7861317000 |     DEVICE |          0 | 1.000 |  297  756  423  882 |   0.0   0.0 126.0 126.0 | com.oringnet.wm/com.oring.ble.BLECreateActivity@7643#1
06-16 17:49:42.170  7643  7666 D Surface : Surface::disconnect(this=0x7c26d20000,api=1)
06-16 17:49:42.171   793  2100 I BufferQueueProducer: [com.oringnet.wm/com.oring.ble.BLEScanActivity@7643#0](this:0x7854876000,id:2864,api:1,p:7643,c:793) disconnect(P): api 1
06-16 17:49:42.173   793   793 I SurfaceFlinger: screenshot (com.oringnet.wm/com.oring.ble.BLECreateActivity@7643#0)
06-16 17:49:42.210  7643  7643 I CreateTest 0請求: 0103021000044474
06-16 17:49:42.211  7643  7643 I HEX:    : 
06-16 17:49:42.215   793   793 I SurfaceFlinger: Remove BufferLayer(0x7854993000) com.oringnet.wm/com.oring.ble.BLEScanActivity@7643#0 (-1 x -1)
06-16 17:49:42.215   793   793 I BufferQueue: [com.oringnet.wm/com.oring.ble.BLEScanActivity@7643#0](this:0x7854876000,id:2864,api:1,p:-1,c:-1) ~BufferQueueCore
06-16 17:49:42.220  7643  7643 I CreateTest 2響應: 010308000000000000000095d7
06-16 17:49:42.301   793   793 I SurfaceFlinger: screenshot (com.oringnet.wm/com.oring.ble.BLECreateActivity@7643#0)
06-16 17:49:42.307  7643  7643 I CreateTest 2請求: 010402140004b075
06-16 17:49:42.313  7643  7643 I CreateTest 2響應: 0104086f695f74657474731ff4
06-16 17:49:42.405  7643  7643 I CreateTest 2請求: 0104021800047076
06-16 17:49:42.406  7643  7643 I HEX:    : 6f695f74657474733930
06-16 17:49:42.416  7643  7643 I CreateTest 3響應: 0104083930000000000000d770
06-16 17:49:42.419   793   793 I SurfaceFlinger: screenshot (com.oringnet.wm/com.oring.ble.BLECreateActivity@7643#0)
06-16 17:49:42.504  7643  7643 I HEX:    : 
06-16 17:49:42.512  7643  7643 I CreateTest 4響應: 0104080000000000000000240d
06-16 17:49:42.516  7643  7643 I CreateTest 4請求: 010402270004407a
06-16 17:49:42.534   793   793 I SurfaceFlinger: screenshot (com.oringnet.wm/com.oring.ble.BLECreateActivity@7643#0)
06-16 17:49:42.600  7643  7643 I CreateTest 4請求: 010303E80004c479
06-16 17:49:42.634   793   793 I SurfaceFlinger: screenshot (com.oringnet.wm/com.oring.ble.BLECreateActivity@7643#0)
06-16 17:49:42.734   793   793 I SurfaceFlinger: screenshot (com.oringnet.wm/com.oring.ble.BLECreateActivity@7643#0)
06-16 17:49:42.851   793   793 I SurfaceFlinger: screenshot (com.oringnet.wm/com.oring.ble.BLECreateActivity@7643#0)
06-16 17:49:42.943  7643  7643 I HEX:    : 
06-16 17:49:42.943  7643  7643 I Password: : 
06-16 17:49:42.961  7643  7643 I CreateTest 5響應: 010308000000000000000095d7
06-16 17:49:42.978  7643  7643 I TouchFilterInputStageHelper: [needTouchEventFilter] Displayid : 0
06-16 17:49:42.980  7643  7643 D BezellessGripSuppressionFilter: getdisplaysize, x : 720 y : 1600
06-16 17:49:42.993   793   826 I BufferQueueConsumer: [Toast@7643#0](this:0x78612f0800,id:2868,api:0,p:-1,c:793) setConsumerName: Toast@7643#0
06-16 17:49:42.993   793   826 I BufferQueueConsumer: [Toast@7643#0](this:0x78612f0800,id:2868,api:0,p:-1,c:793) setDefaultBufferSize: width=171 height=70
06-16 17:49:42.993   793   826 I SurfaceFlinger: Create BufferLayer(0x7861311000) Toast@7643#0 (171 x 70)
06-16 17:49:42.999  7643  7666 D Surface : Surface::connect(this=0x7c26d20000,api=1)
06-16 17:49:43.002   793  1642 I BufferQueueProducer: [Toast@7643#0](this:0x78612f0800,id:2868,api:1,p:7643,c:793) connect(P): api=1 producer=(7643:com.oringnet.wm) producerControlledByApp=false
06-16 17:49:43.005  7643  7666 D Surface : Surface::setBufferCount(this=0x7c26d20000,bufferCount=3)
06-16 17:49:43.005  7643  7666 D Surface : Surface::allocateBuffers(this=0x7c26d20000)
06-16 17:49:43.068   793   793 I MiniDump: 0x7854a77000 |     DEVICE |          0 | 1.000 |    0   67  720 1600 |   0.0   0.0 720.0 1533.0 | com.oringnet.wm/com.oring.ble.BLECreateActivity@7643#0
06-16 17:49:43.068   793   793 I MiniDump: 0x7861317000 |     DEVICE |          0 | 1.000 |  297  756  423  882 |   0.0   0.0 126.0 126.0 | com.oringnet.wm/com.oring.ble.BLECreateActivity@7643#1
06-16 17:49:43.068   793   793 I MiniDump: 0x7861311000 |     DEVICE |          0 | 0.067 |  274 1460  445 1530 |   0.0   0.0 171.0  70.0 | Toast@7643#0
06-16 17:49:43.088  7643  7643 I CreateTest 5請求: 010303F8000105bf
06-16 17:49:43.089  7643  7643 I CloudConfig: : 0
06-16 17:49:43.097  7643  7643 I CreateTest 6響應: 0103020000b844
06-16 17:49:43.121   793   793 I SurfaceFlinger: screenshot (com.oringnet.wm/com.oring.ble.BLECreateActivity@7643#0)
06-16 17:49:43.234  7643  7643 I CreateTest 6請求: 010104000001fcfa
06-16 17:49:43.234  7643  7643 I fc_Status:: 00false
06-16 17:49:43.238  7643  7666 D Surface : Surface::disconnect(this=0x7c27051000,api=1)
06-16 17:49:43.238   793  2100 I BufferQueueProducer: [com.oringnet.wm/com.oring.ble.BLECreateActivity@7643#1](this:0x786129c000,id:2867,api:1,p:7643,c:793) disconnect(P): api 1
06-16 17:49:43.256  7643  7643 I CreateTest -1響應: 010101005188
06-16 17:49:43.291   793   793 I SurfaceFlinger: screenshot (com.oringnet.wm/com.oring.ble.BLECreateActivity@7643#0)
06-16 17:49:43.325   793   827 I BufferQueueProducer: [com.oringnet.wm/com.oring.ble.BLECreateActivity@7643#0](this:0x7854880000,id:2866,api:1,p:7643,c:793) queueBuffer: fps=1.37 dur=1457.66 max=1379.40 min=78.26
06-16 17:49:43.418   793   793 I MiniDump: 0x7854a77000 |     DEVICE |          0 | 1.000 |    0   67  720 1600 |   0.0   0.0 720.0 1533.0 | com.oringnet.wm/com.oring.ble.BLECreateActivity@7643#0
06-16 17:49:43.418   793   793 I MiniDump: 0x7861311000 |     DEVICE |          0 | 0.929 |  274 1460  445 1530 |   0.0   0.0 171.0  70.0 | Toast@7643#0
06-16 17:49:43.498   793   793 I SurfaceFlinger: Remove BufferLayer(0x7861317000) com.oringnet.wm/com.oring.ble.BLECreateActivity@7643#1 (-1 x -1)
06-16 17:49:43.499   793   793 I BufferQueue: [com.oringnet.wm/com.oring.ble.BLECreateActivity@7643#1](this:0x786129c000,id:2867,api:1,p:-1,c:-1) ~BufferQueueCore
06-16 17:49:43.502   793   793 I MiniDump: 0x7854a77000 |     DEVICE |          0 | 1.000 |    0   67  720 1600 |   0.0   0.0 720.0 1533.0 | com.oringnet.wm/com.oring.ble.BLECreateActivity@7643#0
06-16 17:49:43.502   793   793 I MiniDump: 0x7861311000 |     DEVICE |          0 | 0.990 |  274 1460  445 1530 |   0.0   0.0 171.0  70.0 | Toast@7643#0
06-16 17:49:43.548   793   793 I SurfaceFlinger: Remove BufferLayer(0x7861311000) Toast@7643#0 (-1 x -1)
06-16 17:49:43.554   793   793 I SurfaceFlinger: screenshot (com.oringnet.wm/com.oring.ble.BLECreateActivity@7643#0)
06-16 17:49:43.668   793   793 I SurfaceFlinger: screenshot (com.oringnet.wm/com.oring.ble.BLECreateActivity@7643#0)
06-16 17:49:43.784   793   793 I SurfaceFlinger: screenshot (com.oringnet.wm/com.oring.ble.BLECreateActivity@7643#0)
06-16 17:49:43.884   793   793 I SurfaceFlinger: screenshot (com.oringnet.wm/com.oring.ble.BLECreateActivity@7643#0)
06-16 17:49:44.057   793   793 I SurfaceFlinger: screenshot (com.oringnet.wm/com.oring.ble.BLECreateActivity@7643#0)
06-16 17:49:44.057   793   793 I SurfaceFlinger: screenshot (Toast@7643#0)
06-16 17:49:44.490   793   826 I BufferQueueProducer: [com.oringnet.wm/com.oring.ble.BLECreateActivity@7643#0](this:0x7854880000,id:2866,api:1,p:7643,c:793) queueBuffer: fps=0.86 dur=1165.07 max=1165.07 min=1165.07
06-16 17:49:44.501   793   793 I SurfaceFlinger: screenshot (com.oringnet.wm/com.oring.ble.BLECreateActivity@7643#0)
06-16 17:49:45.604   793   826 I BufferQueueProducer: [com.oringnet.wm/com.oring.ble.BLECreateActivity@7643#0](this:0x7854880000,id:2866,api:1,p:7643,c:793) queueBuffer: fps=1.79 dur=1114.22 max=564.39 min=549.82
06-16 17:49:45.618   793   793 I SurfaceFlinger: screenshot (com.oringnet.wm/com.oring.ble.BLECreateActivity@7643#0)
06-16 17:49:46.456  7643  7666 D Surface : Surface::disconnect(this=0x7c26d20000,api=1)
06-16 17:49:46.457   793   826 I BufferQueueProducer: [Toast@7643#0](this:0x78612f0800,id:2868,api:1,p:7643,c:793) disconnect(P): api 1
06-16 17:49:46.490   793   793 I SurfaceFlinger: screenshot (com.oringnet.wm/com.oring.ble.BLECreateActivity@7643#0)
06-16 17:49:46.490   793   793 I SurfaceFlinger: screenshot (Toast@7643#0)
06-16 17:49:46.621   793   793 I SurfaceFlinger: screenshot (com.oringnet.wm/com.oring.ble.BLECreateActivity@7643#0)
06-16 17:49:46.888   793   793 I SurfaceFlinger: screenshot (com.oringnet.wm/com.oring.ble.BLECreateActivity@7643#0)
06-16 17:49:46.985  7643  7643 I ViewRootImpl: ViewRoot's Touch Event : ACTION_DOWN
06-16 17:49:46.985   793   793 I MiniDump: 0x7854a77000 |     DEVICE |          0 | 1.000 |    0   67  720 1600 |   0.0   0.0 720.0 1533.0 | com.oringnet.wm/com.oring.ble.BLECreateActivity@7643#0
06-16 17:49:46.993  7643  7643 I ViewRootImpl: ViewRoot's Touch Event : ACTION_UP
06-16 17:49:46.999   793   793 I SurfaceFlinger: Remove BufferLayer(0x7861311000) Toast@7643#0 (-1 x -1)
06-16 17:49:47.000   793   793 I BufferQueue: [Toast@7643#0](this:0x78612f0800,id:2868,api:1,p:-1,c:-1) ~BufferQueueCore
06-16 17:49:47.002  7643  7643 D PhoneWindow: windowLightStatusBar : false, disable View.SYSTEM_UI_FLAG_LIGHT_STATUS_BAR
06-16 17:49:47.026  7643  7643 I TouchFilterInputStageHelper: [needTouchEventFilter] Displayid : 0
06-16 17:49:47.029  7643  7643 D BezellessGripSuppressionFilter: getdisplaysize, x : 720 y : 1600
06-16 17:49:47.051   793  1642 I BufferQueueConsumer: [com.oringnet.wm/com.oring.ble.BLECreateActivity@7643#1](this:0x786129d800,id:2869,api:0,p:-1,c:793) setConsumerName: com.oringnet.wm/com.oring.ble.BLECreateActivity@7643#1
06-16 17:49:47.051   793  1642 I BufferQueueConsumer: [com.oringnet.wm/com.oring.ble.BLECreateActivity@7643#1](this:0x786129d800,id:2869,api:0,p:-1,c:793) setDefaultBufferSize: width=126 height=126
06-16 17:49:47.051   793  1642 I SurfaceFlinger: Create BufferLayer(0x78613b9000) com.oringnet.wm/com.oring.ble.BLECreateActivity@7643#1 (126 x 126)
06-16 17:49:47.057  7643  7666 D Surface : Surface::connect(this=0x7c26e12000,api=1)
06-16 17:49:47.057   793   826 I BufferQueueProducer: [com.oringnet.wm/com.oring.ble.BLECreateActivity@7643#1](this:0x786129d800,id:2869,api:1,p:7643,c:793) connect(P): api=1 producer=(7643:com.oringnet.wm) producerControlledByApp=false
06-16 17:49:47.059  7643  7666 D Surface : Surface::setBufferCount(this=0x7c26e12000,bufferCount=3)
06-16 17:49:47.060  7643  7666 D Surface : Surface::allocateBuffers(this=0x7c26e12000)
06-16 17:49:47.118   793   793 I MiniDump: 0x7854a77000 |     DEVICE |          0 | 1.000 |    0   67  720 1600 |   0.0   0.0 720.0 1533.0 | com.oringnet.wm/com.oring.ble.BLECreateActivity@7643#0
06-16 17:49:47.118   793   793 I MiniDump: 0x78613b9000 |     DEVICE |          0 | 0.303 |  301  760  419  878 |   0.0   0.0 126.0 126.0 | com.oringnet.wm/com.oring.ble.BLECreateActivity@7643#1
06-16 17:49:47.125   793   793 I SurfaceFlinger: screenshot (com.oringnet.wm/com.oring.ble.BLECreateActivity@7643#0)
06-16 17:49:47.134  7643  7643 I CreateTest 8請求: 011003E800040832313433363500006d60
06-16 17:49:47.135   793   793 I MiniDump: 0x7854a77000 |     DEVICE |          0 | 1.000 |    0   67  720 1600 |   0.0   0.0 720.0 1533.0 | com.oringnet.wm/com.oring.ble.BLECreateActivity@7643#0
06-16 17:49:47.135   793   793 I MiniDump: 0x78613b9000 |     DEVICE |          0 | 0.525 |  300  759  420  879 |   0.0   0.0 126.0 126.0 | com.oringnet.wm/com.oring.ble.BLECreateActivity@7643#1
06-16 17:49:47.144  7643  7643 I CreateTest 8響應: 011003e8000441ba
06-16 17:49:47.280  7643  7643 I CreateTest 8請求: 011003EC00040800000000000000002157
06-16 17:49:47.288  7643  7643 I CreateTest 8響應: 011003ec0004007b
06-16 17:49:47.378  7643  7643 I CreateTest 8請求: 011003F00004080000000000000000f0b8
06-16 17:49:47.385  7643  7643 I CreateTest 8響應: 011003f00004c1bd
06-16 17:49:47.475  7643  7643 I CreateTest 8請求: 011003F400040800000000000000000177
06-16 17:49:47.478  7643  7666 D Surface : Surface::disconnect(this=0x7c26e12000,api=1)
06-16 17:49:47.479   793  2231 I BufferQueueProducer: [com.oringnet.wm/com.oring.ble.BLECreateActivity@7643#1](this:0x786129d800,id:2869,api:1,p:7643,c:793) disconnect(P): api 1
06-16 17:49:47.492  7643  7643 I CreateTest 8響應: 011003f40004807c
06-16 17:49:47.505   793   793 I SurfaceFlinger: screenshot (com.oringnet.wm/com.oring.ble.BLECreateActivity@7643#0)
06-16 17:49:47.505   793  1642 I BufferQueueProducer: [com.oringnet.wm/com.oring.ble.BLECreateActivity@7643#0](this:0x7854880000,id:2866,api:1,p:7643,c:793) queueBuffer: fps=1.05 dur=1901.36 max=1394.97 min=506.39
06-16 17:49:47.668   793   793 I MiniDump: 0x7854a77000 |     DEVICE |          0 | 1.000 |    0   67  720 1600 |   0.0   0.0 720.0 1533.0 | com.oringnet.wm/com.oring.ble.BLECreateActivity@7643#0
06-16 17:49:47.735   793   793 I SurfaceFlinger: screenshot (com.oringnet.wm/com.oring.ble.BLECreateActivity@7643#0)
06-16 17:49:47.749   793   793 I SurfaceFlinger: Remove BufferLayer(0x78613b9000) com.oringnet.wm/com.oring.ble.BLECreateActivity@7643#1 (-1 x -1)
06-16 17:49:47.750   793   793 I BufferQueue: [com.oringnet.wm/com.oring.ble.BLECreateActivity@7643#1](this:0x786129d800,id:2869,api:1,p:-1,c:-1) ~BufferQueueCore
06-16 17:49:47.752   793   793 I MiniDump: 0x7854a77000 |     DEVICE |          0 | 1.000 |    0   67  720 1600 |   0.0   0.0 720.0 1533.0 | com.oringnet.wm/com.oring.ble.BLECreateActivity@7643#0
06-16 17:49:48.443   793   793 I SurfaceFlinger: screenshot (com.oringnet.wm/com.oring.ble.BLECreateActivity@7643#0)
06-16 17:49:48.788   793   827 I BufferQueueProducer: [com.oringnet.wm/com.oring.ble.BLECreateActivity@7643#0](this:0x7854880000,id:2866,api:1,p:7643,c:793) queueBuffer: fps=0.78 dur=1282.21 max=1282.21 min=1282.21
06-16 17:49:48.802   793   793 I SurfaceFlinger: screenshot (com.oringnet.wm/com.oring.ble.BLECreateActivity@7643#0)
06-16 17:49:49.650   793   793 I SurfaceFlinger: screenshot (com.oringnet.wm/com.oring.ble.BLECreateActivity@7643#0)
06-16 17:49:50.088   793   827 I BufferQueueProducer: [com.oringnet.wm/com.oring.ble.BLECreateActivity@7643#0](this:0x7854880000,id:2866,api:1,p:7643,c:793) queueBuffer: fps=1.54 dur=1300.14 max=744.23 min=555.91
06-16 17:49:50.101   694   813 I hwcomposer: [TOOL] [Display_0 (type:1)] fps:1.537643,dur:1300.69,max:749.35,min:551.35  
06-16 17:49:50.102   793   793 I SurfaceFlinger: screenshot (com.oringnet.wm/com.oring.ble.BLECreateActivity@7643#0)
06-16 17:49:50.602   793   793 I SurfaceFlinger: screenshot (com.oringnet.wm/com.oring.ble.BLECreateActivity@7643#0)
06-16 17:49:51.496   793   793 I SurfaceFlinger: screenshot (com.oringnet.wm/com.oring.ble.BLECreateActivity@7643#0)
06-16 17:49:51.852  7643  7643 I ViewRootImpl: ViewRoot's Touch Event : ACTION_DOWN
06-16 17:49:51.853   793   793 I SurfaceFlinger: screenshot (com.oringnet.wm/com.oring.ble.BLECreateActivity@7643#0)
06-16 17:49:51.858  7643  7643 I ViewRootImpl: ViewRoot's Touch Event : ACTION_UP
06-16 17:49:51.859  7643  7643 I CheckPW:: 123456
06-16 17:49:51.860  7643  7643 I blePassword:: 123456
06-16 17:49:51.891  1432  2772 I ActivityTaskManager: The Process com.oringnet.wm Already Exists in BG. So sending its PID: 7643
06-16 17:49:51.902  7643  7643 W ActivityThread: handleWindowVisibility: no activity for token android.os.BinderProxy@8128dea
06-16 17:49:51.940  7643  7643 D PhoneWindow: windowLightStatusBar : false, disable View.SYSTEM_UI_FLAG_LIGHT_STATUS_BAR
06-16 17:49:51.969   793   793 I SurfaceFlinger: screenshot (com.oringnet.wm/com.oring.ble.BLECreateActivity@7643#0)
06-16 17:49:52.113  7643  7643 I YYTT    : 4
06-16 17:49:52.190  7643  7643 I EEWW:   : 
06-16 17:49:52.203  7643  7643 D BluetoothGatt: setCharacteristicNotification() - uuid: 6e400003-b5a3-f393-e0a9-e50e24dcca9e enable: true
06-16 17:49:52.219  7643  7643 I TouchFilterInputStageHelper: [needTouchEventFilter] Displayid : 0
06-16 17:49:52.222  7643  7643 D BezellessGripSuppressionFilter: getdisplaysize, x : 720 y : 1600
06-16 17:49:52.236   793   793 I SurfaceFlinger: screenshot (com.oringnet.wm/com.oring.ble.BLECreateActivity@7643#0)
06-16 17:49:52.270   793   827 I BufferQueueConsumer: [com.oringnet.wm/com.oring.SlideActivity@7643#0](this:0x7854a28800,id:2870,api:0,p:-1,c:793) setConsumerName: com.oringnet.wm/com.oring.SlideActivity@7643#0
06-16 17:49:52.270   793   827 I BufferQueueConsumer: [com.oringnet.wm/com.oring.SlideActivity@7643#0](this:0x7854a28800,id:2870,api:0,p:-1,c:793) setDefaultBufferSize: width=720 height=1600
06-16 17:49:52.270   793   827 I SurfaceFlinger: Create BufferLayer(0x7854a7a000) com.oringnet.wm/com.oring.SlideActivity@7643#0 (720 x 1600)
06-16 17:49:52.275  7643  7666 D Surface : Surface::connect(this=0x7c81925000,api=1)
06-16 17:49:52.276   793   827 I BufferQueueProducer: [com.oringnet.wm/com.oring.SlideActivity@7643#0](this:0x7854a28800,id:2870,api:1,p:7643,c:793) connect(P): api=1 producer=(7643:com.oringnet.wm) producerControlledByApp=false
06-16 17:49:52.276  7643  7666 D Surface : Surface::setBufferCount(this=0x7c81925000,bufferCount=3)
06-16 17:49:52.277  7643  7666 D Surface : Surface::allocateBuffers(this=0x7c81925000)
06-16 17:49:52.620   793   793 I MiniDump: 0x7854a77000 |     DEVICE |          0 | 0.974 |    0   66  720 1599 |   0.0   0.0 720.0 1533.0 | com.oringnet.wm/com.oring.ble.BLECreateActivity@7643#0
06-16 17:49:52.620   793   793 I MiniDump: 0x7854a7a000 |     DEVICE |          0 | 0.741 |    0  306  720 1600 |   0.0   0.0 720.0 1294.0 | com.oringnet.wm/com.oring.SlideActivity@7643#0
06-16 17:49:52.659  7643  7643 I Timeline: Timeline: Activity_idle id: android.os.BinderProxy@8128dea time:40715940
06-16 17:49:52.693  7643  7643 W UiThreadStatement: Already on the UI thread, this method should not be called from the main application thread
06-16 17:49:52.693  7643  7643 I Dashboard: [Req]<Read DI Status> 01020000000479c9
06-16 17:49:52.723   793   793 I SurfaceFlinger: screenshot (com.oringnet.wm/com.oring.ble.BLECreateActivity@7643#0)
06-16 17:49:52.723   793   793 I SurfaceFlinger: screenshot (com.oringnet.wm/com.oring.SlideActivity@7643#0)
06-16 17:49:52.741  7643  7643 I Dashboard: [Rsp]<Read DI Status> 01020100a188
06-16 17:49:52.753   793   793 I MiniDump: 0x7854a7a000 |     DEVICE |          0 | 1.000 |    0   34  720 1600 |   0.0   0.0 720.0 1566.0 | com.oringnet.wm/com.oring.SlideActivity@7643#0
06-16 17:49:52.854   793   793 I MiniDump: 0x7854a7a000 |     DEVICE |          0 | 1.000 |    0    0  720 1600 |   0.0   0.0 720.0 1600.0 | com.oringnet.wm/com.oring.SlideActivity@7643#0
06-16 17:49:52.856  7643  7666 D Surface : Surface::disconnect(this=0x7c266db000,api=1)
06-16 17:49:52.857   793   826 I BufferQueueProducer: [com.oringnet.wm/com.oring.ble.BLECreateActivity@7643#0](this:0x7854880000,id:2866,api:1,p:7643,c:793) disconnect(P): api 1
06-16 17:49:52.872  7643  7643 W UiThreadStatement: Already on the UI thread, this method should not be called from the main application thread
06-16 17:49:52.873  7643  7643 I Dashboard: [Req]<Read DO Status> 0101000000043dc9
06-16 17:49:52.873  7643  7643 I Dashboard: [Rsp]<Read DO Status> 010101005188
06-16 17:49:52.901   793   793 I SurfaceFlinger: Remove BufferLayer(0x7854a77000) com.oringnet.wm/com.oring.ble.BLECreateActivity@7643#0 (-1 x -1)
06-16 17:49:52.901   793   793 I BufferQueue: [com.oringnet.wm/com.oring.ble.BLECreateActivity@7643#0](this:0x7854880000,id:2866,api:1,p:-1,c:-1) ~BufferQueueCore
06-16 17:49:52.936   793   793 I SurfaceFlinger: screenshot (com.oringnet.wm/com.oring.SlideActivity@7643#0)
06-16 17:49:52.984  7643  7643 W UiThreadStatement: Already on the UI thread, this method should not be called from the main application thread
06-16 17:49:52.985  7643  7643 I Dashboard: [Req]<Read RELAY Status> 010100040002fc0a
06-16 17:49:52.985  7643  7643 I Dashboard: [Rsp]<Read RELAY Status> 010101005188
06-16 17:49:53.036   793   793 I SurfaceFlinger: screenshot (com.oringnet.wm/com.oring.SlideActivity@7643#0)
06-16 17:49:53.081  7643  7643 W UiThreadStatement: Already on the UI thread, this method should not be called from the main application thread
06-16 17:49:53.081  7643  7643 I Dashboard: [Req]<Read DI COUNTER> 010404310004a136
06-16 17:49:53.081  7643  7643 I Dashboard: [Rsp]<Read DI COUNTER> 0104080000000000000000240d
06-16 17:49:53.152   793   793 I SurfaceFlinger: screenshot (com.oringnet.wm/com.oring.SlideActivity@7643#0)
06-16 17:49:53.179  7643  7643 I Dashboard: [Rsp]<Read AI 0 Status> 010404b99f57f11142
06-16 17:49:53.199  7643  7643 I AI_value:: 0.0
06-16 17:49:53.200  7643  7643 I AI_raw: : b99f57f1
06-16 17:49:53.206  7643  7643 W UiThreadStatement: Already on the UI thread, this method should not be called from the main application thread
06-16 17:49:53.206  7643  7643 I Dashboard: [Req]<Read AI 1 Status> 01040000000271cb
06-16 17:49:53.252   793   793 I SurfaceFlinger: screenshot (com.oringnet.wm/com.oring.SlideActivity@7643#0)
06-16 17:49:53.325  7643  7643 W UiThreadStatement: Already on the UI thread, this method should not be called from the main application thread
06-16 17:49:53.325  7643  7643 I Dashboard: [Req]<Read AI 1 Status> 010400020002d00b
06-16 17:49:53.326  7643  7643 I Dashboard: [Rsp]<Read AI 1 Status> 01040400000000fb84
06-16 17:49:53.347  7643  7643 I AI_value:: 0.0
06-16 17:49:53.347  7643  7643 I AI_raw: : 00000000
06-16 17:49:53.353   793   793 I SurfaceFlinger: screenshot (com.oringnet.wm/com.oring.SlideActivity@7643#0)
06-16 17:49:53.423  7643  7643 W UiThreadStatement: Already on the UI thread, this method should not be called from the main application thread
06-16 17:49:53.423  7643  7643 I Dashboard: [Req]<Read AI 2 Status> 010400040002300a
06-16 17:49:53.424  7643  7643 I Dashboard: [Rsp]<Read AI 2 Status> 0104044412f99a8d4a
06-16 17:49:53.470   793   793 I SurfaceFlinger: screenshot (com.oringnet.wm/com.oring.SlideActivity@7643#0)
06-16 17:49:53.476  7643  7643 I AI_value:: 587.9
06-16 17:49:53.476  7643  7643 I AI_raw: : 4412f99a
06-16 17:49:53.569  7643  7643 W UiThreadStatement: Already on the UI thread, this method should not be called from the main application thread
06-16 17:49:53.569  7643  7643 I Dashboard: [Req]<Read AI 3 Status> 01040006000291ca
06-16 17:49:53.570  7643  7643 I Dashboard: [Rsp]<Read AI 3 Status> 01040441fa0000cf89
06-16 17:49:53.587   793   793 I SurfaceFlinger: screenshot (com.oringnet.wm/com.oring.SlideActivity@7643#0)
06-16 17:49:53.612  7643  7643 I AI_value:: 31.25
06-16 17:49:53.612  7643  7643 I AI_raw: : 41fa0000
06-16 17:49:53.643   793   827 I BufferQueueProducer: [com.oringnet.wm/com.oring.SlideActivity@7643#0](this:0x7854a28800,id:2870,api:1,p:7643,c:793) queueBuffer: fps=10.11 dur=1087.55 max=147.77 min=27.29
06-16 17:49:53.703   793   793 I SurfaceFlinger: screenshot (com.oringnet.wm/com.oring.SlideActivity@7643#0)
06-16 17:49:53.715  7643  7643 W UiThreadStatement: Already on the UI thread, this method should not be called from the main application thread
06-16 17:49:53.715  7643  7643 I Dashboard: [Req]<Read AI 4 Status> 010400080002f009
06-16 17:49:53.716  7643  7643 I Dashboard: [Rsp]<Read AI 4 Status> 01040400000000fb84
06-16 17:49:53.752  7643  7643 I AI_value:: 0.0
06-16 17:49:53.752  7643  7643 I AI_raw: : 00000000
06-16 17:49:53.819   793   793 I SurfaceFlinger: screenshot (com.oringnet.wm/com.oring.SlideActivity@7643#0)
06-16 17:49:53.870  7643  7643 I Dashboard: [Rsp]<Read AI 5 Status> 01040441fa0000cf89
06-16 17:49:53.898  7643  7643 I AI_value:: 31.25
06-16 17:49:53.898  7643  7643 I AI_raw: : 41fa0000
06-16 17:49:53.903  7643  7643 W UiThreadStatement: Already on the UI thread, this method should not be called from the main application thread
06-16 17:49:53.904  7643  7643 I Dashboard: [Req]<Read AI Type> 0104000A000251c9
06-16 17:49:53.920   793   793 I SurfaceFlinger: screenshot (com.oringnet.wm/com.oring.SlideActivity@7643#0)
