07-08 15:29:10.169  2069  2069 I Timeline: Timeline: Activity_idle id: android.os.BinderProxy@1462f8e time:4038772
07-08 16:09:16.184   652   652 D Zygote  : Forked child process 8772
07-08 16:09:16.192  1389  1420 I ActivityManager: Start proc 8772:com.oringnet.wm/u0a326 for activity {com.oringnet.wm/com.oring.LoginActivity}
07-08 16:09:16.203  8772  8772 I com.oringnet.w: Late-enabling -Xcheck:jni
07-08 16:09:16.249  8772  8772 E com.oringnet.w: Unknown bits set in runtime_flags: 0x8000
07-08 16:09:16.353  8772  8772 I Typeface: Current DefaultTypeface ( default_roboto )
07-08 16:09:18.290  8772  8772 I MultiDex: VM with version 2.1.0 has multidex support
07-08 16:09:18.290  8772  8772 I MultiDex: Installing application
07-08 16:09:18.290  8772  8772 I MultiDex: VM has multidex support, MultiDex support library is disabled.
07-08 16:09:18.290  8772  8772 I MultiDex: Installing application
07-08 16:09:18.290  8772  8772 I MultiDex: VM has multidex support, MultiDex support library is disabled.
07-08 16:09:18.314  8772  8772 I FirebaseInitProvider: FirebaseApp initialization unsuccessful
07-08 16:09:18.420  8772  8772 D PhoneWindow: windowLightStatusBar : false, disable View.SYSTEM_UI_FLAG_LIGHT_STATUS_BAR
07-08 16:09:18.520  8772  8772 I Mode_EXTRA: = 0
07-08 16:09:18.520  8772  8772 I ShowFilePath: /storage/emulated/0/Download
07-08 16:09:18.551  8772  8772 I SQLiteOpenHelper: Create ODimmingSQL.db
07-08 16:09:18.600  8772  8772 I Now@_1  : 0
07-08 16:09:18.600  8772  8772 I Now@_1  : 0
07-08 16:09:18.701  8772  8772 I TouchFilterInputStageHelper: [needTouchEventFilter] Displayid : 0
07-08 16:09:18.708  8772  8772 D BezellessGripSuppressionFilter: getdisplaysize, x : 720 y : 1600
07-08 16:09:18.734  8772  8772 I TouchFilterInputStageHelper: [needTouchEventFilter] Displayid : 0
07-08 16:09:18.738  8772  8772 D BezellessGripSuppressionFilter: getdisplaysize, x : 720 y : 1600
07-08 16:09:18.783   800  2204 I BufferQueueConsumer: [com.oringnet.wm/com.oring.LoginActivity@8772#0](this:0x780dd5d800,id:419,api:0,p:-1,c:800) setConsumerName: com.oringnet.wm/com.oring.LoginActivity@8772#0
07-08 16:09:18.783   800  2204 I BufferQueueConsumer: [com.oringnet.wm/com.oring.LoginActivity@8772#0](this:0x780dd5d800,id:419,api:0,p:-1,c:800) setDefaultBufferSize: width=720 height=1600
07-08 16:09:18.783   800  2204 I SurfaceFlinger: Create BufferLayer(0x780dc7f000) com.oringnet.wm/com.oring.LoginActivity@8772#0 (720 x 1600)
07-08 16:09:18.796  8772  8797 I GPUD    : @gpudInitialize: successfully initialized with 1, dbg=0 mmdump_dbg=0
07-08 16:09:18.827  8772  8797 D Surface : Surface::connect(this=0x7887521000,api=1)
07-08 16:09:18.829   800  2204 I BufferQueueProducer: [com.oringnet.wm/com.oring.LoginActivity@8772#0](this:0x780dd5d800,id:419,api:1,p:8772,c:800) connect(P): api=1 producer=(8772:com.oringnet.wm) producerControlledByApp=false
07-08 16:09:18.831  8772  8797 D Surface : Surface::setBufferCount(this=0x7887521000,bufferCount=3)
07-08 16:09:18.831  8772  8797 D Surface : Surface::allocateBuffers(this=0x7887521000)
07-08 16:09:18.848  8772  8797 W Gralloc3: mapper 3.x is not supported
07-08 16:09:18.853  8772  8797 E ion     : ioctl c0044901 failed with code -1: Invalid argument
07-08 16:09:18.947   800  1415 I BufferQueueConsumer: [Toast@8772#0](this:0x780dcf5800,id:420,api:0,p:-1,c:800) setConsumerName: Toast@8772#0
07-08 16:09:18.948   800  1415 I BufferQueueConsumer: [Toast@8772#0](this:0x780dcf5800,id:420,api:0,p:-1,c:800) setDefaultBufferSize: width=298 height=70
07-08 16:09:18.948   800  1415 I SurfaceFlinger: Create BufferLayer(0x780dd33000) Toast@8772#0 (298 x 70)
07-08 16:09:18.958  8772  8797 D Surface : Surface::connect(this=0x78e4a08000,api=1)
07-08 16:09:18.959   800  2204 I BufferQueueProducer: [Toast@8772#0](this:0x780dcf5800,id:420,api:1,p:8772,c:800) connect(P): api=1 producer=(8772:com.oringnet.wm) producerControlledByApp=false
07-08 16:09:18.960  8772  8797 D Surface : Surface::setBufferCount(this=0x78e4a08000,bufferCount=3)
07-08 16:09:18.960  8772  8797 D Surface : Surface::allocateBuffers(this=0x78e4a08000)
07-08 16:09:19.121   800   800 I MiniDump: 0x780dd33000 |     DEVICE |          0 | 0.067 |  211 1460  509 1530 |   0.0   0.0 298.0  70.0 | Toast@8772#0
07-08 16:09:19.121   800   800 I MiniDump: 0x780dd33000 |     DEVICE |          0 | 0.067 |  211 1460  509 1530 |   0.0   0.0 298.0  70.0 | Toast@8772#0
07-08 16:09:19.134  8772  8772 I Timeline: Timeline: Activity_idle id: android.os.BinderProxy@33a57e1 time:6447737
07-08 16:09:19.153   800   800 I MiniDump: 0x780dc7f000 |     DEVICE |          0 | 1.000 |    0    0  720 1600 |   0.0   0.0 720.0 1600.0 | com.oringnet.wm/com.oring.LoginActivity@8772#0
07-08 16:09:19.153   800   800 I MiniDump: 0x780dd33000 |     DEVICE |          0 | 0.190 |  211 1460  509 1530 |   0.0   0.0 298.0  70.0 | Toast@8772#0
07-08 16:09:19.153   800   800 I MiniDump: 0x780dc7f000 |     DEVICE |          0 | 1.000 |    0    0  720 1600 |   0.0   0.0 720.0 1600.0 | com.oringnet.wm/com.oring.LoginActivity@8772#0
07-08 16:09:19.153   800   800 I MiniDump: 0x780dd33000 |     DEVICE |          0 | 0.190 |  211 1460  509 1530 |   0.0   0.0 298.0  70.0 | Toast@8772#0
07-08 16:09:19.194   800   800 I SurfaceFlinger: screenshot (com.oringnet.wm/com.oring.LoginActivity@8772#0)
07-08 16:09:19.287   800   800 I MiniDump: 0x780dc7f000 |     DEVICE |          0 | 1.000 |    0    0  720 1600 |   0.0   0.0 720.0 1600.0 | com.oringnet.wm/com.oring.LoginActivity@8772#0
07-08 16:09:19.287   800   800 I MiniDump: 0x780dd33000 |     DEVICE |          0 | 0.598 |  211 1460  509 1530 |   0.0   0.0 298.0  70.0 | Toast@8772#0
07-08 16:09:19.287   800   800 I MiniDump: 0x780dc7f000 |     DEVICE |          0 | 1.000 |    0    0  720 1600 |   0.0   0.0 720.0 1600.0 | com.oringnet.wm/com.oring.LoginActivity@8772#0
07-08 16:09:19.287   800   800 I MiniDump: 0x780dd33000 |     DEVICE |          0 | 0.598 |  211 1460  509 1530 |   0.0   0.0 298.0  70.0 | Toast@8772#0
07-08 16:09:19.297   800   800 I SurfaceFlinger: screenshot (com.oringnet.wm/com.oring.LoginActivity@8772#0)
07-08 16:09:19.409   800   800 I SurfaceFlinger: screenshot (com.oringnet.wm/com.oring.LoginActivity@8772#0)
07-08 16:09:19.527   800   800 I SurfaceFlinger: screenshot (com.oringnet.wm/com.oring.LoginActivity@8772#0)
07-08 16:09:19.640   800   800 I SurfaceFlinger: screenshot (com.oringnet.wm/com.oring.LoginActivity@8772#0)
07-08 16:09:20.009   800   800 I SurfaceFlinger: screenshot (com.oringnet.wm/com.oring.LoginActivity@8772#0)
07-08 16:09:20.010   800   800 I SurfaceFlinger: screenshot (Toast@8772#0)
07-08 16:09:20.359   800  1415 I BufferQueueProducer: [com.oringnet.wm/com.oring.LoginActivity@8772#0](this:0x780dd5d800,id:419,api:1,p:8772,c:800) queueBuffer: fps=2.10 dur=1427.37 max=1235.80 min=38.03
07-08 16:09:20.375   800   800 I SurfaceFlinger: screenshot (com.oringnet.wm/com.oring.LoginActivity@8772#0)
07-08 16:09:20.490   800   800 I SurfaceFlinger: screenshot (com.oringnet.wm/com.oring.LoginActivity@8772#0)
07-08 16:09:20.645  8772  8797 D Surface : Surface::disconnect(this=0x78e4a08000,api=1)
07-08 16:09:20.646   800  1415 I BufferQueueProducer: [Toast@8772#0](this:0x780dcf5800,id:420,api:1,p:8772,c:800) disconnect(P): api 1
07-08 16:09:20.661   800   800 I SurfaceFlinger: screenshot (com.oringnet.wm/com.oring.LoginActivity@8772#0)
07-08 16:09:20.776   800   800 I SurfaceFlinger: screenshot (com.oringnet.wm/com.oring.LoginActivity@8772#0)
07-08 16:09:20.891   800   800 I SurfaceFlinger: screenshot (com.oringnet.wm/com.oring.LoginActivity@8772#0)
07-08 16:09:21.007   800   800 I SurfaceFlinger: screenshot (com.oringnet.wm/com.oring.LoginActivity@8772#0)
07-08 16:09:21.108   800   800 I SurfaceFlinger: screenshot (com.oringnet.wm/com.oring.LoginActivity@8772#0)
07-08 16:09:21.169  8772  8772 I ViewRootImpl: ViewRoot's Touch Event : ACTION_DOWN
07-08 16:09:21.169   800   800 I MiniDump: 0x780dc7f000 |     DEVICE |          0 | 1.000 |    0    0  720 1600 |   0.0   0.0 720.0 1600.0 | com.oringnet.wm/com.oring.LoginActivity@8772#0
07-08 16:09:21.169   800   800 I MiniDump: 0x780dc7f000 |     DEVICE |          0 | 1.000 |    0    0  720 1600 |   0.0   0.0 720.0 1600.0 | com.oringnet.wm/com.oring.LoginActivity@8772#0
07-08 16:09:21.178  8772  8772 I ViewRootImpl: ViewRoot's Touch Event : ACTION_UP
07-08 16:09:21.181   800   800 I SurfaceFlinger: Remove BufferLayer(0x780dd33000) Toast@8772#0 (-1 x -1)
07-08 16:09:21.187  8772  8772 I MODECHECK: 02
07-08 16:09:21.198   800   800 I SurfaceFlinger: Remove BufferLayer(0x780dd33000) Toast@8772#0 (-1 x -1)
07-08 16:09:21.198   800   800 I BufferQueue: [Toast@8772#0](this:0x780dcf5800,id:420,api:1,p:-1,c:-1) ~BufferQueueCore
07-08 16:09:21.210   800   800 I SurfaceFlinger: screenshot (com.oringnet.wm/com.oring.LoginActivity@8772#0)
07-08 16:09:21.230  1389  3062 I ActivityTaskManager: The Process com.oringnet.wm Already Exists in BG. So sending its PID: 8772
07-08 16:09:21.246  8772  8772 W ActivityThread: handleWindowVisibility: no activity for token android.os.BinderProxy@503c787
07-08 16:09:21.310  8772  8772 D PhoneWindow: windowLightStatusBar : false, disable View.SYSTEM_UI_FLAG_LIGHT_STATUS_BAR
07-08 16:09:21.323   800   800 I SurfaceFlinger: screenshot (com.oringnet.wm/com.oring.LoginActivity@8772#0)
07-08 16:09:21.432  8772  8772 D BluetoothAdapter: startLeScan(): null
07-08 16:09:21.437  8772  8772 D BluetoothAdapter: isLeEnabled(): ON
07-08 16:09:21.446  8772  8790 D BluetoothLeScanner: onScannerRegistered() - status=0 scannerId=8 mScannerId=0
07-08 16:09:21.473   800   800 I SurfaceFlinger: screenshot (com.oringnet.wm/com.oring.LoginActivity@8772#0)
07-08 16:09:21.552  8772  8772 I TouchFilterInputStageHelper: [needTouchEventFilter] Displayid : 0
07-08 16:09:21.557  8772  8772 D BezellessGripSuppressionFilter: getdisplaysize, x : 720 y : 1600
07-08 16:09:21.575   800   800 I SurfaceFlinger: screenshot (com.oringnet.wm/com.oring.LoginActivity@8772#0)
07-08 16:09:21.594   800  1415 I BufferQueueConsumer: [com.oringnet.wm/com.oring.ble.BLEScanActivity@8772#0](this:0x780dd5c000,id:421,api:0,p:-1,c:800) setConsumerName: com.oringnet.wm/com.oring.ble.BLEScanActivity@8772#0
07-08 16:09:21.594   800  1415 I BufferQueueConsumer: [com.oringnet.wm/com.oring.ble.BLEScanActivity@8772#0](this:0x780dd5c000,id:421,api:0,p:-1,c:800) setDefaultBufferSize: width=720 height=1533
07-08 16:09:21.594   800  1415 I SurfaceFlinger: Create BufferLayer(0x780dd8e000) com.oringnet.wm/com.oring.ble.BLEScanActivity@8772#0 (720 x 1533)
07-08 16:09:21.615  8772  8797 D Surface : Surface::connect(this=0x78e4aa1000,api=1)
07-08 16:09:21.616   800  1415 I BufferQueueProducer: [com.oringnet.wm/com.oring.ble.BLEScanActivity@8772#0](this:0x780dd5c000,id:421,api:1,p:8772,c:800) connect(P): api=1 producer=(8772:com.oringnet.wm) producerControlledByApp=false
07-08 16:09:21.618  8772  8797 D Surface : Surface::setBufferCount(this=0x78e4aa1000,bufferCount=3)
07-08 16:09:21.619  8772  8797 D Surface : Surface::allocateBuffers(this=0x78e4aa1000)
07-08 16:09:21.689   800   800 I SurfaceFlinger: screenshot (com.oringnet.wm/com.oring.LoginActivity@8772#0)
07-08 16:09:21.792   800   800 I SurfaceFlinger: screenshot (com.oringnet.wm/com.oring.LoginActivity@8772#0)
07-08 16:09:21.804   800   800 I MiniDump: 0x780dc7f000 |     DEVICE |          0 | 0.974 |    0    0  720 1599 |   0.0   1.0 720.0 1600.0 | com.oringnet.wm/com.oring.LoginActivity@8772#0
07-08 16:09:21.804   800   800 I MiniDump: 0x780dd8e000 |     DEVICE |          0 | 0.741 |    0  373  720 1600 |   0.0   0.0 720.0 1227.0 | com.oringnet.wm/com.oring.ble.BLEScanActivity@8772#0
07-08 16:09:21.804   800   800 I MiniDump: 0x780dc7f000 |     DEVICE |          0 | 0.974 |    0    0  720 1599 |   0.0   1.0 720.0 1600.0 | com.oringnet.wm/com.oring.LoginActivity@8772#0
07-08 16:09:21.804   800   800 I MiniDump: 0x780dd8e000 |     DEVICE |          0 | 0.741 |    0  373  720 1600 |   0.0   0.0 720.0 1227.0 | com.oringnet.wm/com.oring.ble.BLEScanActivity@8772#0
07-08 16:09:21.817  8772  8772 I Timeline: Timeline: Activity_idle id: android.os.BinderProxy@503c787 time:6450420
07-08 16:09:21.834  8772  8826 I FastBle : device detected  ------  name: WM_  mac: 18:04:ED:6E:5F:53  Rssi: -42  scanRecord: 02 01 06 11 06 9e ca dc 24 0e e5 a9 e0 93 f3 a3 b5 01 00 40 6e 06 ff 0d 00 c0 ff ee 15 09 57 4d 5f 00 00 00 00 00 00 00 00 00 00 00 00 00 00 00 00 00 05 12 50 00 20 03 02 0a 00 00 00 00
07-08 16:09:21.893   800   800 I SurfaceFlinger: screenshot (com.oringnet.wm/com.oring.LoginActivity@8772#0)
07-08 16:09:21.893   800   800 I SurfaceFlinger: screenshot (com.oringnet.wm/com.oring.ble.BLEScanActivity@8772#0)
07-08 16:09:21.995   800   800 I SurfaceFlinger: screenshot (com.oringnet.wm/com.oring.ble.BLEScanActivity@8772#0)
07-08 16:09:22.035  8772  8797 D Surface : Surface::disconnect(this=0x7887521000,api=1)
07-08 16:09:22.035   800  1415 I BufferQueueProducer: [com.oringnet.wm/com.oring.LoginActivity@8772#0](this:0x780dd5d800,id:419,api:1,p:8772,c:800) disconnect(P): api 1
07-08 16:09:22.038   800   800 I MiniDump: 0x780dd8e000 |     DEVICE |          0 | 1.000 |    0   67  720 1600 |   0.0   0.0 720.0 1533.0 | com.oringnet.wm/com.oring.ble.BLEScanActivity@8772#0
07-08 16:09:22.038   800   800 I MiniDump: 0x780dd8e000 |     DEVICE |          0 | 1.000 |    0   67  720 1600 |   0.0   0.0 720.0 1533.0 | com.oringnet.wm/com.oring.ble.BLEScanActivity@8772#0
07-08 16:09:22.112   800   800 I SurfaceFlinger: screenshot (com.oringnet.wm/com.oring.ble.BLEScanActivity@8772#0)
07-08 16:09:22.115   800   800 I SurfaceFlinger: Remove BufferLayer(0x780dc7f000) com.oringnet.wm/com.oring.LoginActivity@8772#0 (-1 x -1)
07-08 16:09:22.115   800   800 I BufferQueue: [com.oringnet.wm/com.oring.LoginActivity@8772#0](this:0x780dd5d800,id:419,api:1,p:-1,c:-1) ~BufferQueueCore
07-08 16:09:22.123   800   800 I MiniDump: 0x780dd8e000 |     DEVICE |          0 | 1.000 |    0   67  720 1600 |   0.0   0.0 720.0 1533.0 | com.oringnet.wm/com.oring.ble.BLEScanActivity@8772#0
07-08 16:09:22.124   800   800 I MiniDump: 0x780dd8e000 |     DEVICE |          0 | 1.000 |    0   67  720 1600 |   0.0   0.0 720.0 1533.0 | com.oringnet.wm/com.oring.ble.BLEScanActivity@8772#0
07-08 16:09:22.256   800   800 I SurfaceFlinger: screenshot (com.oringnet.wm/com.oring.ble.BLEScanActivity@8772#0)
07-08 16:09:22.423   800   800 I SurfaceFlinger: screenshot (com.oringnet.wm/com.oring.ble.BLEScanActivity@8772#0)
07-08 16:09:22.539   800   800 I SurfaceFlinger: screenshot (com.oringnet.wm/com.oring.ble.BLEScanActivity@8772#0)
07-08 16:09:22.691   800   800 I SurfaceFlinger: screenshot (com.oringnet.wm/com.oring.ble.BLEScanActivity@8772#0)
07-08 16:09:22.790   800   800 I SurfaceFlinger: screenshot (com.oringnet.wm/com.oring.ble.BLEScanActivity@8772#0)
07-08 16:09:22.940   800   800 I SurfaceFlinger: screenshot (com.oringnet.wm/com.oring.ble.BLEScanActivity@8772#0)
07-08 16:09:23.073   800   800 I SurfaceFlinger: screenshot (com.oringnet.wm/com.oring.ble.BLEScanActivity@8772#0)
07-08 16:09:23.122   800   800 I SurfaceFlinger: screenshot (com.oringnet.wm/com.oring.ble.BLEScanActivity@8772#0)
07-08 16:09:23.206   800   800 I SurfaceFlinger: screenshot (com.oringnet.wm/com.oring.ble.BLEScanActivity@8772#0)
07-08 16:09:23.308   800   800 I SurfaceFlinger: screenshot (com.oringnet.wm/com.oring.ble.BLEScanActivity@8772#0)
07-08 16:09:23.490   800   800 I SurfaceFlinger: screenshot (com.oringnet.wm/com.oring.ble.BLEScanActivity@8772#0)
07-08 16:09:23.624   800   800 I SurfaceFlinger: screenshot (com.oringnet.wm/com.oring.ble.BLEScanActivity@8772#0)
07-08 16:09:26.504  8772  8772 D BluetoothAdapter: stopLeScan()
07-08 16:09:26.507  8772  8772 D BluetoothAdapter: isLeEnabled(): ON
07-08 16:09:26.625   800   831 I BufferQueueProducer: [com.oringnet.wm/com.oring.ble.BLEScanActivity@8772#0](this:0x780dd5c000,id:421,api:1,p:8772,c:800) queueBuffer: fps=0.61 dur=4907.94 max=4649.92 min=94.18
07-08 16:09:26.641   800   800 I SurfaceFlinger: screenshot (com.oringnet.wm/com.oring.ble.BLEScanActivity@8772#0)
07-08 16:09:28.585  8772  8772 I ViewRootImpl: ViewRoot's Touch Event : ACTION_DOWN
07-08 16:09:28.593   800   800 I SurfaceFlinger: screenshot (com.oringnet.wm/com.oring.ble.BLEScanActivity@8772#0)
07-08 16:09:28.599  8772  8772 I ViewRootImpl: ViewRoot's Touch Event : ACTION_UP
07-08 16:09:28.628  8772  8772 D PhoneWindow: windowLightStatusBar : false, disable View.SYSTEM_UI_FLAG_LIGHT_STATUS_BAR
07-08 16:09:28.667  8772  8772 I TouchFilterInputStageHelper: [needTouchEventFilter] Displayid : 0
07-08 16:09:28.676  8772  8772 D BezellessGripSuppressionFilter: getdisplaysize, x : 720 y : 1600
07-08 16:09:28.693   800   800 I SurfaceFlinger: screenshot (com.oringnet.wm/com.oring.ble.BLEScanActivity@8772#0)
07-08 16:09:28.698  8772  8772 I FastBle : connect device: WM_
07-08 16:09:28.698  8772  8772 I FastBle : mac: 18:04:ED:6E:5F:53
07-08 16:09:28.698  8772  8772 I FastBle : autoConnect: false
07-08 16:09:28.698  8772  8772 I FastBle : currentThread: 2
07-08 16:09:28.698  8772  8772 I FastBle : connectCount:1
07-08 16:09:28.701  8772  8772 D BluetoothGatt: connect() - device: 18:04:ED:6E:5F:53, auto: false
07-08 16:09:28.701  8772  8772 D BluetoothGatt: registerApp()
07-08 16:09:28.702  8772  8772 D BluetoothGatt: registerApp() - UUID=bfc71052-323c-491a-9364-740c1ca1bed6
07-08 16:09:28.706  8772  8792 D BluetoothGatt: onClientRegistered() - status=0 clientIf=8
07-08 16:09:28.734   800   831 I BufferQueueConsumer: [com.oringnet.wm/com.oring.ble.BLEScanActivity@8772#1](this:0x78010b9000,id:422,api:0,p:-1,c:800) setConsumerName: com.oringnet.wm/com.oring.ble.BLEScanActivity@8772#1
07-08 16:09:28.734   800   831 I BufferQueueConsumer: [com.oringnet.wm/com.oring.ble.BLEScanActivity@8772#1](this:0x78010b9000,id:422,api:0,p:-1,c:800) setDefaultBufferSize: width=126 height=126
07-08 16:09:28.734   800   831 I SurfaceFlinger: Create BufferLayer(0x7801163000) com.oringnet.wm/com.oring.ble.BLEScanActivity@8772#1 (126 x 126)
07-08 16:09:28.747  8772  8797 D Surface : Surface::connect(this=0x78dfb4e000,api=1)
07-08 16:09:28.749   800   831 I BufferQueueProducer: [com.oringnet.wm/com.oring.ble.BLEScanActivity@8772#1](this:0x78010b9000,id:422,api:1,p:8772,c:800) connect(P): api=1 producer=(8772:com.oringnet.wm) producerControlledByApp=false
07-08 16:09:28.751  8772  8797 D Surface : Surface::setBufferCount(this=0x78dfb4e000,bufferCount=3)
07-08 16:09:28.752  8772  8797 D Surface : Surface::allocateBuffers(this=0x78dfb4e000)
07-08 16:09:28.809   800   800 I SurfaceFlinger: screenshot (com.oringnet.wm/com.oring.ble.BLEScanActivity@8772#0)
07-08 16:09:28.839   800   800 I MiniDump: 0x780dd8e000 |     DEVICE |          0 | 1.000 |    0   67  720 1600 |   0.0   0.0 720.0 1533.0 | com.oringnet.wm/com.oring.ble.BLEScanActivity@8772#0
07-08 16:09:28.839   800   800 I MiniDump: 0x7801163000 |     DEVICE |          0 | 0.287 |  301  760  419  878 |   0.0   0.0 126.0 126.0 | com.oringnet.wm/com.oring.ble.BLEScanActivity@8772#1
07-08 16:09:28.839   800   800 I MiniDump: 0x780dd8e000 |     DEVICE |          0 | 1.000 |    0   67  720 1600 |   0.0   0.0 720.0 1533.0 | com.oringnet.wm/com.oring.ble.BLEScanActivity@8772#0
07-08 16:09:28.839   800   800 I MiniDump: 0x7801163000 |     DEVICE |          0 | 0.287 |  301  760  419  878 |   0.0   0.0 126.0 126.0 | com.oringnet.wm/com.oring.ble.BLEScanActivity@8772#1
07-08 16:09:28.914   800   800 I SurfaceFlinger: screenshot (com.oringnet.wm/com.oring.ble.BLEScanActivity@8772#0)
07-08 16:09:29.027   800   800 I SurfaceFlinger: screenshot (com.oringnet.wm/com.oring.ble.BLEScanActivity@8772#0)
07-08 16:09:29.165  8772  8792 D BluetoothGatt: onClientConnectionState() - status=0 clientIf=8 device=18:04:ED:6E:5F:53
07-08 16:09:29.166  8772  8792 I FastBle : BluetoothGattCallback：onConnectionStateChange 
07-08 16:09:29.166  8772  8792 I FastBle : status: 0
07-08 16:09:29.166  8772  8792 I FastBle : newState: 2
07-08 16:09:29.166  8772  8792 I FastBle : currentThread: 1879
07-08 16:09:29.598  8772  8792 D BluetoothGatt: onConnectionUpdated() - Device=18:04:ED:6E:5F:53 interval=6 latency=0 timeout=500 status=0
07-08 16:09:29.667  8772  8772 D BluetoothGatt: discoverServices() - device: 18:04:ED:6E:5F:53
07-08 16:09:29.782  8772  8792 D BluetoothGatt: onSearchComplete() = Device=18:04:ED:6E:5F:53 Status=0
07-08 16:09:29.783  8772  8792 I FastBle : BluetoothGattCallback：onServicesDiscovered 
07-08 16:09:29.783  8772  8792 I FastBle : status: 0
07-08 16:09:29.783  8772  8792 I FastBle : currentThread: 1879
07-08 16:09:29.808  8772  8797 D Surface : Surface::disconnect(this=0x78dfb4e000,api=1)
07-08 16:09:29.809   800  1415 I BufferQueueProducer: [com.oringnet.wm/com.oring.ble.BLEScanActivity@8772#1](this:0x78010b9000,id:422,api:1,p:8772,c:800) disconnect(P): api 1
07-08 16:09:29.832   800   800 I SurfaceFlinger: screenshot (com.oringnet.wm/com.oring.ble.BLEScanActivity@8772#0)
07-08 16:09:29.876  8772  8772 D BluetoothAdapter: stopLeScan()
07-08 16:09:29.877  8772  8772 D BluetoothAdapter: scan not started yet
07-08 16:09:29.879  1389  2945 I ActivityTaskManager: The Process com.oringnet.wm Already Exists in BG. So sending its PID: 8772
07-08 16:09:29.887  8772  8832 D BluetoothGatt: onConnectionUpdated() - Device=18:04:ED:6E:5F:53 interval=39 latency=0 timeout=500 status=0
07-08 16:09:29.897  8772  8772 W ActivityThread: handleWindowVisibility: no activity for token android.os.BinderProxy@4c7d7ae
07-08 16:09:29.947   800   800 I SurfaceFlinger: screenshot (com.oringnet.wm/com.oring.ble.BLEScanActivity@8772#0)
07-08 16:09:29.962  8772  8772 D PhoneWindow: windowLightStatusBar : false, disable View.SYSTEM_UI_FLAG_LIGHT_STATUS_BAR
07-08 16:09:30.005   800   800 I MiniDump: 0x780dd8e000 |     DEVICE |          0 | 1.000 |    0   67  720 1600 |   0.0   0.0 720.0 1533.0 | com.oringnet.wm/com.oring.ble.BLEScanActivity@8772#0
07-08 16:09:30.005   800   800 I MiniDump: 0x780dd8e000 |     DEVICE |          0 | 1.000 |    0   67  720 1600 |   0.0   0.0 720.0 1533.0 | com.oringnet.wm/com.oring.ble.BLEScanActivity@8772#0
07-08 16:09:30.059   800   800 I SurfaceFlinger: screenshot (com.oringnet.wm/com.oring.ble.BLEScanActivity@8772#0)
07-08 16:09:30.083   800   800 I SurfaceFlinger: Remove BufferLayer(0x7801163000) com.oringnet.wm/com.oring.ble.BLEScanActivity@8772#1 (-1 x -1)
07-08 16:09:30.083   800   800 I BufferQueue: [com.oringnet.wm/com.oring.ble.BLEScanActivity@8772#1](this:0x78010b9000,id:422,api:1,p:-1,c:-1) ~BufferQueueCore
07-08 16:09:30.088   800   800 I MiniDump: 0x780dd8e000 |     DEVICE |          0 | 1.000 |    0   67  720 1600 |   0.0   0.0 720.0 1533.0 | com.oringnet.wm/com.oring.ble.BLEScanActivity@8772#0
07-08 16:09:30.088   800   800 I MiniDump: 0x780dd8e000 |     DEVICE |          0 | 1.000 |    0   67  720 1600 |   0.0   0.0 720.0 1533.0 | com.oringnet.wm/com.oring.ble.BLEScanActivity@8772#0
07-08 16:09:30.260  8772  8772 D BluetoothGatt: setCharacteristicNotification() - uuid: 6e400003-b5a3-f393-e0a9-e50e24dcca9e enable: true
07-08 16:09:30.289  8772  8772 I TouchFilterInputStageHelper: [needTouchEventFilter] Displayid : 0
07-08 16:09:30.293   800   800 I SurfaceFlinger: screenshot (com.oringnet.wm/com.oring.ble.BLEScanActivity@8772#0)
07-08 16:09:30.295  8772  8772 D BezellessGripSuppressionFilter: getdisplaysize, x : 720 y : 1600
07-08 16:09:30.380   800   830 I BufferQueueProducer: [com.oringnet.wm/com.oring.ble.BLEScanActivity@8772#0](this:0x780dd5c000,id:421,api:1,p:8772,c:800) queueBuffer: fps=0.27 dur=3755.24 max=3755.24 min=3755.24
07-08 16:09:30.420   800   830 I BufferQueueConsumer: [com.oringnet.wm/com.oring.ble.BLECreateActivity@8772#0](this:0x780dd84800,id:423,api:0,p:-1,c:800) setConsumerName: com.oringnet.wm/com.oring.ble.BLECreateActivity@8772#0
07-08 16:09:30.421   800   830 I BufferQueueConsumer: [com.oringnet.wm/com.oring.ble.BLECreateActivity@8772#0](this:0x780dd84800,id:423,api:0,p:-1,c:800) setDefaultBufferSize: width=720 height=1533
07-08 16:09:30.421   800   830 I SurfaceFlinger: Create BufferLayer(0x780dc7f000) com.oringnet.wm/com.oring.ble.BLECreateActivity@8772#0 (720 x 1533)
07-08 16:09:30.442   800   800 I SurfaceFlinger: screenshot (com.oringnet.wm/com.oring.ble.BLEScanActivity@8772#0)
07-08 16:09:30.442  8772  8797 D Surface : Surface::connect(this=0x7887668000,api=1)
07-08 16:09:30.443   800  2133 I BufferQueueProducer: [com.oringnet.wm/com.oring.ble.BLECreateActivity@8772#0](this:0x780dd84800,id:423,api:1,p:8772,c:800) connect(P): api=1 producer=(8772:com.oringnet.wm) producerControlledByApp=false
07-08 16:09:30.445  8772  8797 D Surface : Surface::setBufferCount(this=0x7887668000,bufferCount=3)
07-08 16:09:30.446  8772  8797 D Surface : Surface::allocateBuffers(this=0x7887668000)
07-08 16:09:30.537  8772  8772 D PhoneWindow: windowLightStatusBar : false, disable View.SYSTEM_UI_FLAG_LIGHT_STATUS_BAR
07-08 16:09:30.544   800   800 I SurfaceFlinger: screenshot (com.oringnet.wm/com.oring.ble.BLEScanActivity@8772#0)
07-08 16:09:30.572  8772  8772 I TouchFilterInputStageHelper: [needTouchEventFilter] Displayid : 0
07-08 16:09:30.572   800   800 I MiniDump: 0x780dd8e000 |     DEVICE |          0 | 0.974 |    0   66  720 1599 |   0.0   0.0 720.0 1533.0 | com.oringnet.wm/com.oring.ble.BLEScanActivity@8772#0
07-08 16:09:30.572   800   800 I MiniDump: 0x780dc7f000 |     DEVICE |          0 | 0.741 |    0  373  720 1600 |   0.0   0.0 720.0 1227.0 | com.oringnet.wm/com.oring.ble.BLECreateActivity@8772#0
07-08 16:09:30.573   800   800 I MiniDump: 0x780dd8e000 |     DEVICE |          0 | 0.974 |    0   66  720 1599 |   0.0   0.0 720.0 1533.0 | com.oringnet.wm/com.oring.ble.BLEScanActivity@8772#0
07-08 16:09:30.573   800   800 I MiniDump: 0x780dc7f000 |     DEVICE |          0 | 0.741 |    0  373  720 1600 |   0.0   0.0 720.0 1227.0 | com.oringnet.wm/com.oring.ble.BLECreateActivity@8772#0
07-08 16:09:30.578  8772  8772 D BezellessGripSuppressionFilter: getdisplaysize, x : 720 y : 1600
07-08 16:09:30.646   800   800 I SurfaceFlinger: screenshot (com.oringnet.wm/com.oring.ble.BLEScanActivity@8772#0)
07-08 16:09:30.646   800   800 I SurfaceFlinger: screenshot (com.oringnet.wm/com.oring.ble.BLECreateActivity@8772#0)
07-08 16:09:30.654   800  2133 I BufferQueueConsumer: [com.oringnet.wm/com.oring.ble.BLECreateActivity@8772#1](this:0x7801157800,id:424,api:0,p:-1,c:800) setConsumerName: com.oringnet.wm/com.oring.ble.BLECreateActivity@8772#1
07-08 16:09:30.654   800  2133 I BufferQueueConsumer: [com.oringnet.wm/com.oring.ble.BLECreateActivity@8772#1](this:0x7801157800,id:424,api:0,p:-1,c:800) setDefaultBufferSize: width=126 height=126
07-08 16:09:30.654   800  2133 I SurfaceFlinger: Create BufferLayer(0x7801231000) com.oringnet.wm/com.oring.ble.BLECreateActivity@8772#1 (126 x 126)
07-08 16:09:30.668  8772  8797 D Surface : Surface::connect(this=0x78e4c77000,api=1)
07-08 16:09:30.669   800   830 I BufferQueueProducer: [com.oringnet.wm/com.oring.ble.BLECreateActivity@8772#1](this:0x7801157800,id:424,api:1,p:8772,c:800) connect(P): api=1 producer=(8772:com.oringnet.wm) producerControlledByApp=false
07-08 16:09:30.670  8772  8797 D Surface : Surface::setBufferCount(this=0x78e4c77000,bufferCount=3)
07-08 16:09:30.671  8772  8797 D Surface : Surface::allocateBuffers(this=0x78e4c77000)
07-08 16:09:30.727  8772  8772 I CreateTest 1請求: 01030200000445b1
07-08 16:09:30.728  8772  8772 I HEX:    : 
07-08 16:09:30.728  8772  8772 I DeviceName:: NULL
07-08 16:09:30.728  8772  8772 I DeviceName:: 
07-08 16:09:30.745   800   800 I SurfaceFlinger: screenshot (com.oringnet.wm/com.oring.ble.BLECreateActivity@8772#0)
07-08 16:09:30.750  8772  8772 I CreateTest 0響應: 010308000000000000000095d7
07-08 16:09:30.756   800   800 I MiniDump: 0x780dd8e000 |     DEVICE |          0 | 0.357 |    0   36  720 1569 |   0.0   0.0 720.0 1533.0 | com.oringnet.wm/com.oring.ble.BLEScanActivity@8772#0
07-08 16:09:30.756   800   800 I MiniDump: 0x780dc7f000 |     DEVICE |          0 | 1.000 |    0   74  720 1600 |   0.0   0.0 720.0 1526.0 | com.oringnet.wm/com.oring.ble.BLECreateActivity@8772#0
07-08 16:09:30.756   800   800 I MiniDump: 0x7801231000 |     DEVICE |          0 | 0.287 |  301  767  419  885 |   0.0   0.0 126.0 126.0 | com.oringnet.wm/com.oring.ble.BLECreateActivity@8772#1
07-08 16:09:30.757   800   800 I MiniDump: 0x780dd8e000 |     DEVICE |          0 | 0.357 |    0   36  720 1569 |   0.0   0.0 720.0 1533.0 | com.oringnet.wm/com.oring.ble.BLEScanActivity@8772#0
07-08 16:09:30.757   800   800 I MiniDump: 0x780dc7f000 |     DEVICE |          0 | 1.000 |    0   74  720 1600 |   0.0   0.0 720.0 1526.0 | com.oringnet.wm/com.oring.ble.BLECreateActivity@8772#0
07-08 16:09:30.757   800   800 I MiniDump: 0x7801231000 |     DEVICE |          0 | 0.287 |  301  767  419  885 |   0.0   0.0 126.0 126.0 | com.oringnet.wm/com.oring.ble.BLECreateActivity@8772#1
07-08 16:09:30.782  8772  8772 I Timeline: Timeline: Activity_idle id: android.os.BinderProxy@4c7d7ae time:6459384
07-08 16:09:30.801   800   800 I SurfaceFlinger: Remove BufferLayer(0x780dd8e000) com.oringnet.wm/com.oring.ble.BLEScanActivity@8772#0 (-1 x -1)
07-08 16:09:30.804  8772  8797 D Surface : Surface::disconnect(this=0x78e4aa1000,api=1)
07-08 16:09:30.806   800  2204 I BufferQueueProducer: [com.oringnet.wm/com.oring.ble.BLEScanActivity@8772#0](this:0x780dd5c000,id:421,api:1,p:8772,c:800) disconnect(P): api 1
07-08 16:09:30.809   800   800 I MiniDump: 0x780dc7f000 |     DEVICE |          0 | 1.000 |    0   67  720 1600 |   0.0   0.0 720.0 1533.0 | com.oringnet.wm/com.oring.ble.BLECreateActivity@8772#0
07-08 16:09:30.809   800   800 I MiniDump: 0x7801231000 |     DEVICE |          0 | 0.824 |  298  757  422  881 |   0.0   0.0 126.0 126.0 | com.oringnet.wm/com.oring.ble.BLECreateActivity@8772#1
07-08 16:09:30.809   800   800 I MiniDump: 0x780dc7f000 |     DEVICE |          0 | 1.000 |    0   67  720 1600 |   0.0   0.0 720.0 1533.0 | com.oringnet.wm/com.oring.ble.BLECreateActivity@8772#0
07-08 16:09:30.809   800   800 I MiniDump: 0x7801231000 |     DEVICE |          0 | 0.824 |  298  757  422  881 |   0.0   0.0 126.0 126.0 | com.oringnet.wm/com.oring.ble.BLECreateActivity@8772#1
07-08 16:09:30.839  8772  8772 I CreateTest 0請求: 0103021000044474
07-08 16:09:30.840  8772  8772 I HEX:    : 
07-08 16:09:30.855  8772  8772 I CreateTest 2響應: 010308000000000000000095d7
07-08 16:09:30.863   800   800 I SurfaceFlinger: screenshot (com.oringnet.wm/com.oring.ble.BLECreateActivity@8772#0)
07-08 16:09:30.867   800   800 I SurfaceFlinger: Remove BufferLayer(0x780dd8e000) com.oringnet.wm/com.oring.ble.BLEScanActivity@8772#0 (-1 x -1)
07-08 16:09:30.867   800   800 I BufferQueue: [com.oringnet.wm/com.oring.ble.BLEScanActivity@8772#0](this:0x780dd5c000,id:421,api:1,p:-1,c:-1) ~BufferQueueCore
07-08 16:09:30.961   800   800 I SurfaceFlinger: screenshot (com.oringnet.wm/com.oring.ble.BLECreateActivity@8772#0)
07-08 16:09:30.963  8772  8772 I HEX:    : 
07-08 16:09:30.978  8772  8772 I CreateTest 3響應: 0104080000000000000000240d
07-08 16:09:30.978  8772  8772 I CreateTest 3請求: 010402140004b075
07-08 16:09:30.983   800   800 I SurfaceFlinger: Remove BufferLayer(0x7801231000) com.oringnet.wm/com.oring.ble.BLECreateActivity@8772#1 (-1 x -1)
07-08 16:09:31.059  8772  8772 I CreateTest 3請求: 010402270004407a
07-08 16:09:31.075   800   800 I SurfaceFlinger: screenshot (com.oringnet.wm/com.oring.ble.BLECreateActivity@8772#0)
07-08 16:09:31.080  8772  8772 I CreateTest 3響應: 010408363830373533343007d3
07-08 16:09:31.158  8772  8772 I CreateTest 3請求: 0104022B00048079
07-08 16:09:31.175  8772  8772 I CreateTest 3響應: 0104083632353237390038573a
07-08 16:09:31.192   800   800 I SurfaceFlinger: screenshot (com.oringnet.wm/com.oring.ble.BLECreateActivity@8772#0)
07-08 16:09:31.252  8772  8772 I CreateTest 3請求: 0104022F0004c1b8
07-08 16:09:31.260  8772  8772 I HEX:    : 36383037353334303632353237390038
07-08 16:09:31.278  8772  8772 I CreateTest 4響應: 0104080000000000000000240d
07-08 16:09:31.308   800   800 I SurfaceFlinger: screenshot (com.oringnet.wm/com.oring.ble.BLECreateActivity@8772#0)
07-08 16:09:31.351  8772  8772 I CreateTest 4請求: 010303E80004c479
07-08 16:09:31.352  8772  8772 I HEX:    : 323134333635
07-08 16:09:31.356  8772  8772 I Password: : 123456
07-08 16:09:31.383  8772  8797 D Surface : Surface::disconnect(this=0x78e4c77000,api=1)
07-08 16:09:31.384   800   831 I BufferQueueProducer: [com.oringnet.wm/com.oring.ble.BLECreateActivity@8772#1](this:0x7801157800,id:424,api:1,p:8772,c:800) disconnect(P): api 1
07-08 16:09:31.404  8772  8772 I CreateTest -1響應: 0103083231343336350000282f
07-08 16:09:31.412   800   800 I SurfaceFlinger: screenshot (com.oringnet.wm/com.oring.ble.BLECreateActivity@8772#0)
07-08 16:09:31.432  8772  8772 I TouchFilterInputStageHelper: [needTouchEventFilter] Displayid : 0
07-08 16:09:31.441  8772  8772 D BezellessGripSuppressionFilter: getdisplaysize, x : 720 y : 1600
07-08 16:09:31.516   800   800 I SurfaceFlinger: screenshot (com.oringnet.wm/com.oring.ble.BLECreateActivity@8772#0)
07-08 16:09:31.542   800   830 I BufferQueueProducer: [com.oringnet.wm/com.oring.ble.BLECreateActivity@8772#0](this:0x780dd84800,id:423,api:1,p:8772,c:800) queueBuffer: fps=1.93 dur=1038.49 max=905.72 min=132.78
07-08 16:09:31.557   800   831 I BufferQueueConsumer: [Toast@8772#0](this:0x78010ba800,id:425,api:0,p:-1,c:800) setConsumerName: Toast@8772#0
07-08 16:09:31.557   800   831 I BufferQueueConsumer: [Toast@8772#0](this:0x78010ba800,id:425,api:0,p:-1,c:800) setDefaultBufferSize: width=249 height=70
07-08 16:09:31.557   800   831 I SurfaceFlinger: Create BufferLayer(0x78011c7000) Toast@8772#0 (249 x 70)
07-08 16:09:31.569  8772  8797 D Surface : Surface::connect(this=0x78dfbf5000,api=1)
07-08 16:09:31.570   800  2204 I BufferQueueProducer: [Toast@8772#0](this:0x78010ba800,id:425,api:1,p:8772,c:800) connect(P): api=1 producer=(8772:com.oringnet.wm) producerControlledByApp=false
07-08 16:09:31.572   800   800 I MiniDump: 0x780dc7f000 |     DEVICE |          0 | 1.000 |    0   67  720 1600 |   0.0   0.0 720.0 1533.0 | com.oringnet.wm/com.oring.ble.BLECreateActivity@8772#0
07-08 16:09:31.573   800   800 I MiniDump: 0x780dc7f000 |     DEVICE |          0 | 1.000 |    0   67  720 1600 |   0.0   0.0 720.0 1533.0 | com.oringnet.wm/com.oring.ble.BLECreateActivity@8772#0
07-08 16:09:31.578  8772  8797 D Surface : Surface::setBufferCount(this=0x78dfbf5000,bufferCount=3)
07-08 16:09:31.578  8772  8797 D Surface : Surface::allocateBuffers(this=0x78dfbf5000)
07-08 16:09:31.629   800   800 I SurfaceFlinger: screenshot (com.oringnet.wm/com.oring.ble.BLECreateActivity@8772#0)
07-08 16:09:31.638   800   800 I MiniDump: 0x780dc7f000 |     DEVICE |          0 | 1.000 |    0   67  720 1600 |   0.0   0.0 720.0 1533.0 | com.oringnet.wm/com.oring.ble.BLECreateActivity@8772#0
07-08 16:09:31.638   800   800 I MiniDump: 0x78011c7000 |     DEVICE |          0 | 0.067 |  235 1460  484 1530 |   0.0   0.0 249.0  70.0 | Toast@8772#0
07-08 16:09:31.639   800   800 I MiniDump: 0x780dc7f000 |     DEVICE |          0 | 1.000 |    0   67  720 1600 |   0.0   0.0 720.0 1533.0 | com.oringnet.wm/com.oring.ble.BLECreateActivity@8772#0
07-08 16:09:31.639   800   800 I MiniDump: 0x78011c7000 |     DEVICE |          0 | 0.067 |  235 1460  484 1530 |   0.0   0.0 249.0  70.0 | Toast@8772#0
07-08 16:09:31.650   800   800 I SurfaceFlinger: Remove BufferLayer(0x7801231000) com.oringnet.wm/com.oring.ble.BLECreateActivity@8772#1 (-1 x -1)
07-08 16:09:31.650   800   800 I BufferQueue: [com.oringnet.wm/com.oring.ble.BLECreateActivity@8772#1](this:0x7801157800,id:424,api:1,p:-1,c:-1) ~BufferQueueCore
07-08 16:09:31.656   800   800 I MiniDump: 0x780dc7f000 |     DEVICE |          0 | 1.000 |    0   67  720 1600 |   0.0   0.0 720.0 1533.0 | com.oringnet.wm/com.oring.ble.BLECreateActivity@8772#0
07-08 16:09:31.656   800   800 I MiniDump: 0x78011c7000 |     DEVICE |          0 | 0.131 |  235 1460  484 1530 |   0.0   0.0 249.0  70.0 | Toast@8772#0
07-08 16:09:31.656   800   800 I MiniDump: 0x780dc7f000 |     DEVICE |          0 | 1.000 |    0   67  720 1600 |   0.0   0.0 720.0 1533.0 | com.oringnet.wm/com.oring.ble.BLECreateActivity@8772#0
07-08 16:09:31.656   800   800 I MiniDump: 0x78011c7000 |     DEVICE |          0 | 0.131 |  235 1460  484 1530 |   0.0   0.0 249.0  70.0 | Toast@8772#0
07-08 16:09:31.745   800   800 I SurfaceFlinger: screenshot (com.oringnet.wm/com.oring.ble.BLECreateActivity@8772#0)
07-08 16:09:31.846   800   800 I SurfaceFlinger: screenshot (com.oringnet.wm/com.oring.ble.BLECreateActivity@8772#0)
07-08 16:09:31.961   800   800 I SurfaceFlinger: screenshot (com.oringnet.wm/com.oring.ble.BLECreateActivity@8772#0)
07-08 16:09:32.062   800   800 I SurfaceFlinger: screenshot (com.oringnet.wm/com.oring.ble.BLECreateActivity@8772#0)
07-08 16:09:32.175   800   800 I SurfaceFlinger: screenshot (com.oringnet.wm/com.oring.ble.BLECreateActivity@8772#0)
07-08 16:09:32.275   800   800 I SurfaceFlinger: screenshot (com.oringnet.wm/com.oring.ble.BLECreateActivity@8772#0)
07-08 16:09:32.392   800   800 I SurfaceFlinger: screenshot (com.oringnet.wm/com.oring.ble.BLECreateActivity@8772#0)
07-08 16:09:32.508   800   800 I SurfaceFlinger: screenshot (com.oringnet.wm/com.oring.ble.BLECreateActivity@8772#0)
07-08 16:09:32.538   800   800 I SurfaceFlinger: screenshot (com.oringnet.wm/com.oring.ble.BLECreateActivity@8772#0)
07-08 16:09:32.538   800   800 I SurfaceFlinger: screenshot (Toast@8772#0)
07-08 16:09:33.122   800   830 I BufferQueueProducer: [com.oringnet.wm/com.oring.ble.BLECreateActivity@8772#0](this:0x780dd84800,id:423,api:1,p:8772,c:800) queueBuffer: fps=0.63 dur=1579.57 max=1579.57 min=1579.57
07-08 16:09:33.146   800   800 I SurfaceFlinger: screenshot (com.oringnet.wm/com.oring.ble.BLECreateActivity@8772#0)
07-08 16:09:33.678   800   800 I SurfaceFlinger: screenshot (com.oringnet.wm/com.oring.ble.BLECreateActivity@8772#0)
07-08 16:09:34.021   800   800 I SurfaceFlinger: screenshot (com.oringnet.wm/com.oring.ble.BLECreateActivity@8772#0)
07-08 16:09:34.021   800   800 I SurfaceFlinger: screenshot (Toast@8772#0)
07-08 16:09:34.717   800  2133 I BufferQueueProducer: [com.oringnet.wm/com.oring.ble.BLECreateActivity@8772#0](this:0x780dd84800,id:423,api:1,p:8772,c:800) queueBuffer: fps=1.25 dur=1594.81 max=1058.13 min=536.68
07-08 16:09:34.746   800   800 I SurfaceFlinger: screenshot (com.oringnet.wm/com.oring.ble.BLECreateActivity@8772#0)
07-08 16:09:34.885  8772  8797 D Surface : Surface::disconnect(this=0x78dfbf5000,api=1)
07-08 16:09:34.886   800  2133 I BufferQueueProducer: [Toast@8772#0](this:0x78010ba800,id:425,api:1,p:8772,c:800) disconnect(P): api 1
07-08 16:09:34.912   800   800 I SurfaceFlinger: screenshot (com.oringnet.wm/com.oring.ble.BLECreateActivity@8772#0)
07-08 16:09:35.012   800   800 I SurfaceFlinger: screenshot (com.oringnet.wm/com.oring.ble.BLECreateActivity@8772#0)
07-08 16:09:35.128   800   800 I SurfaceFlinger: screenshot (com.oringnet.wm/com.oring.ble.BLECreateActivity@8772#0)
07-08 16:09:35.229   800   800 I SurfaceFlinger: screenshot (com.oringnet.wm/com.oring.ble.BLECreateActivity@8772#0)
07-08 16:09:35.345   800   800 I SurfaceFlinger: screenshot (com.oringnet.wm/com.oring.ble.BLECreateActivity@8772#0)
07-08 16:09:35.406   800   800 I MiniDump: 0x780dc7f000 |     DEVICE |          0 | 1.000 |    0   67  720 1600 |   0.0   0.0 720.0 1533.0 | com.oringnet.wm/com.oring.ble.BLECreateActivity@8772#0
07-08 16:09:35.406   800   800 I MiniDump: 0x780dc7f000 |     DEVICE |          0 | 1.000 |    0   67  720 1600 |   0.0   0.0 720.0 1533.0 | com.oringnet.wm/com.oring.ble.BLECreateActivity@8772#0
07-08 16:09:35.417   800   800 I SurfaceFlinger: Remove BufferLayer(0x78011c7000) Toast@8772#0 (-1 x -1)
07-08 16:09:35.418   800   800 I BufferQueue: [Toast@8772#0](this:0x78010ba800,id:425,api:1,p:-1,c:-1) ~BufferQueueCore
07-08 16:09:35.446   800   800 I SurfaceFlinger: screenshot (com.oringnet.wm/com.oring.ble.BLECreateActivity@8772#0)
07-08 16:09:36.248   800   800 I SurfaceFlinger: screenshot (com.oringnet.wm/com.oring.ble.BLECreateActivity@8772#0)
07-08 16:09:36.787  8772  8772 I ViewRootImpl: ViewRoot's Touch Event : ACTION_DOWN
07-08 16:09:36.795   800   800 I SurfaceFlinger: screenshot (com.oringnet.wm/com.oring.ble.BLECreateActivity@8772#0)
07-08 16:09:36.799  8772  8772 I ViewRootImpl: ViewRoot's Touch Event : ACTION_UP
07-08 16:09:36.804  8772  8772 I CheckPW:: 123456
07-08 16:09:36.804  8772  8772 I blePassword:: 123456
07-08 16:09:36.845  1389  3065 I ActivityTaskManager: The Process com.oringnet.wm Already Exists in BG. So sending its PID: 8772
07-08 16:09:36.865  8772  8772 W ActivityThread: handleWindowVisibility: no activity for token android.os.BinderProxy@2af16b8
07-08 16:09:36.943   800   800 I SurfaceFlinger: screenshot (com.oringnet.wm/com.oring.ble.BLECreateActivity@8772#0)
07-08 16:09:37.079  8772  8772 D PhoneWindow: windowLightStatusBar : false, disable View.SYSTEM_UI_FLAG_LIGHT_STATUS_BAR
07-08 16:09:37.174  8772  8772 W com.oringnet.w: Accessing hidden method Landroid/view/View;->computeFitSystemWindows(Landroid/graphics/Rect;Landroid/graphics/Rect;)Z (greylist, reflection, allowed)
07-08 16:09:37.177  8772  8772 W com.oringnet.w: Accessing hidden method Landroid/view/ViewGroup;->makeOptionalFitsSystemWindows()V (greylist, reflection, allowed)
07-08 16:09:38.556  8772  8772 I bleDevName:  
07-08 16:09:38.602  8772  8772 D BluetoothGatt: setCharacteristicNotification() - uuid: 6e400003-b5a3-f393-e0a9-e50e24dcca9e enable: true
07-08 16:09:38.632  8772  8772 I TouchFilterInputStageHelper: [needTouchEventFilter] Displayid : 0
07-08 16:09:38.637  8772  8772 D BezellessGripSuppressionFilter: getdisplaysize, x : 720 y : 1600
07-08 16:09:38.645   800   800 I SurfaceFlinger: screenshot (com.oringnet.wm/com.oring.ble.BLECreateActivity@8772#0)
07-08 16:09:38.814   800  2133 I BufferQueueConsumer: [com.oringnet.wm/com.oring.SlideActivity@8772#0](this:0x78010a4000,id:426,api:0,p:-1,c:800) setConsumerName: com.oringnet.wm/com.oring.SlideActivity@8772#0
07-08 16:09:38.814   800  2133 I BufferQueueConsumer: [com.oringnet.wm/com.oring.SlideActivity@8772#0](this:0x78010a4000,id:426,api:0,p:-1,c:800) setDefaultBufferSize: width=720 height=1600
07-08 16:09:38.814   800  2133 I SurfaceFlinger: Create BufferLayer(0x78010bf000) com.oringnet.wm/com.oring.SlideActivity@8772#0 (720 x 1600)
07-08 16:09:38.826  8772  8797 D Surface : Surface::connect(this=0x78dfa82000,api=1)
07-08 16:09:38.827   800  2204 I BufferQueueProducer: [com.oringnet.wm/com.oring.SlideActivity@8772#0](this:0x78010a4000,id:426,api:1,p:8772,c:800) connect(P): api=1 producer=(8772:com.oringnet.wm) producerControlledByApp=false
07-08 16:09:38.829  8772  8797 D Surface : Surface::setBufferCount(this=0x78dfa82000,bufferCount=3)
07-08 16:09:38.829   800   800 I SurfaceFlinger: screenshot (com.oringnet.wm/com.oring.ble.BLECreateActivity@8772#0)
07-08 16:09:38.830  8772  8797 D Surface : Surface::allocateBuffers(this=0x78dfa82000)
07-08 16:09:39.110  8772  8873 I myPeriod_dashboard: 目前時間:2021/07/08 04:09:39
07-08 16:09:39.110  8772  8873 I myPeriod_dashboard: 目前timerCount:-1
07-08 16:09:39.110  8772  8873 I myPeriod_dashboard: is pendding -> -1
07-08 16:09:39.179  8772  8772 W com.oringnet.w: Accessing hidden field Landroid/view/View;->mAccessibilityDelegate:Landroid/view/View$AccessibilityDelegate; (greylist, reflection, allowed)
07-08 16:09:39.483  8772  8797 I OpenGLRenderer: Davey! duration=845ms; Flags=1, IntendedVsync=6467236623267, Vsync=6467253253900, OldestInputEvent=9223372036854775807, NewestInputEvent=0, HandleInputStart=6467266717497, AnimationStart=6467266896190, PerformTraversalsStart=6467266907574, DrawStart=6467943186488, SyncQueued=6468014734342, SyncStart=6468019012727, IssueDrawCommandsStart=6468019919650, SwapBuffers=6468079670117, FrameCompleted=6468085935503, DequeueBufferDuration=0, QueueBufferDuration=2074000, 
07-08 16:09:39.486  8772  8772 I Choreographer: Skipped 48 frames!  The application may be doing too much work on its main thread.
07-08 16:09:39.495   800   800 I SurfaceFlinger: screenshot (com.oringnet.wm/com.oring.ble.BLECreateActivity@8772#0)
07-08 16:09:39.539   800   800 I MiniDump: 0x780dc7f000 |     DEVICE |          0 | 0.994 |    0   67  720 1600 |   0.0   0.0 720.0 1533.0 | com.oringnet.wm/com.oring.ble.BLECreateActivity@8772#0
07-08 16:09:39.539   800   800 I MiniDump: 0x78010bf000 |     DEVICE |          0 | 0.232 |    0  317  720 1600 |   0.0   0.0 720.0 1283.0 | com.oringnet.wm/com.oring.SlideActivity@8772#0
07-08 16:09:39.540   800   800 I MiniDump: 0x780dc7f000 |     DEVICE |          0 | 0.994 |    0   67  720 1600 |   0.0   0.0 720.0 1533.0 | com.oringnet.wm/com.oring.ble.BLECreateActivity@8772#0
07-08 16:09:39.540   800   800 I MiniDump: 0x78010bf000 |     DEVICE |          0 | 0.232 |    0  317  720 1600 |   0.0   0.0 720.0 1283.0 | com.oringnet.wm/com.oring.SlideActivity@8772#0
07-08 16:09:39.557   800   800 I MiniDump: 0x780dc7f000 |     DEVICE |          0 | 0.975 |    0   66  720 1599 |   0.0   0.0 720.0 1533.0 | com.oringnet.wm/com.oring.ble.BLECreateActivity@8772#0
07-08 16:09:39.557   800   800 I MiniDump: 0x78010bf000 |     DEVICE |          0 | 0.713 |    0  307  720 1600 |   0.0   0.0 720.0 1293.0 | com.oringnet.wm/com.oring.SlideActivity@8772#0
07-08 16:09:39.558   800   800 I MiniDump: 0x780dc7f000 |     DEVICE |          0 | 0.975 |    0   66  720 1599 |   0.0   0.0 720.0 1533.0 | com.oringnet.wm/com.oring.ble.BLECreateActivity@8772#0
07-08 16:09:39.558   800   800 I MiniDump: 0x78010bf000 |     DEVICE |          0 | 0.713 |    0  307  720 1600 |   0.0   0.0 720.0 1293.0 | com.oringnet.wm/com.oring.SlideActivity@8772#0
07-08 16:09:39.597   800   800 I SurfaceFlinger: screenshot (com.oringnet.wm/com.oring.ble.BLECreateActivity@8772#0)
07-08 16:09:39.597   800   800 I SurfaceFlinger: screenshot (com.oringnet.wm/com.oring.SlideActivity@8772#0)
07-08 16:09:39.610  8772  8873 I myPeriod_dashboard: 目前時間:2021/07/08 04:09:39
07-08 16:09:39.610  8772  8873 I myPeriod_dashboard: 目前timerCount:0
07-08 16:09:39.610  8772  8873 I myPeriod_dashboard: 當前於輪詢中
07-08 16:09:39.691   800   800 I MiniDump: 0x78010bf000 |     DEVICE |          0 | 1.000 |    0   34  720 1600 |   0.0   0.0 720.0 1566.0 | com.oringnet.wm/com.oring.SlideActivity@8772#0
07-08 16:09:39.691   800   800 I MiniDump: 0x78010bf000 |     DEVICE |          0 | 1.000 |    0   34  720 1600 |   0.0   0.0 720.0 1566.0 | com.oringnet.wm/com.oring.SlideActivity@8772#0
07-08 16:09:39.700   800   800 I SurfaceFlinger: screenshot (com.oringnet.wm/com.oring.SlideActivity@8772#0)
07-08 16:09:39.710  8772  8772 W UiThreadStatement: Already on the UI thread, this method should not be called from the main application thread
07-08 16:09:39.710  8772  8772 I Dashboard: [Req]<Read DI Status> 01020000000479c9
07-08 16:09:39.711  8772  8772 I Dashboard: [Rsp]<Read DI Status> 01020100a188
07-08 16:09:39.791   800   800 I MiniDump: 0x78010bf000 |     DEVICE |          0 | 1.000 |    0    0  720 1600 |   0.0   0.0 720.0 1600.0 | com.oringnet.wm/com.oring.SlideActivity@8772#0
07-08 16:09:39.791   800   800 I MiniDump: 0x78010bf000 |     DEVICE |          0 | 1.000 |    0    0  720 1600 |   0.0   0.0 720.0 1600.0 | com.oringnet.wm/com.oring.SlideActivity@8772#0
07-08 16:09:39.812   800   800 I SurfaceFlinger: screenshot (com.oringnet.wm/com.oring.SlideActivity@8772#0)
07-08 16:09:39.944   800   800 I SurfaceFlinger: screenshot (com.oringnet.wm/com.oring.SlideActivity@8772#0)
07-08 16:09:39.982  8772  8797 D Surface : Surface::disconnect(this=0x7887668000,api=1)
07-08 16:09:39.983   800  2204 I BufferQueueProducer: [com.oringnet.wm/com.oring.ble.BLECreateActivity@8772#0](this:0x780dd84800,id:423,api:1,p:8772,c:800) disconnect(P): api 1
07-08 16:09:40.000  8772  8772 W UiThreadStatement: Already on the UI thread, this method should not be called from the main application thread
07-08 16:09:40.000  8772  8772 I Dashboard: [Req]<Read DO Status> 0101000000043dc9
07-08 16:09:40.000  8772  8772 I Dashboard: [Rsp]<Read DO Status> 010101005188
07-08 16:09:40.068  8772  8772 I Timeline: Timeline: Activity_idle id: android.os.BinderProxy@2af16b8 time:6468670
07-08 16:09:40.096   800   800 I SurfaceFlinger: screenshot (com.oringnet.wm/com.oring.SlideActivity@8772#0)
07-08 16:09:40.101   800   800 I SurfaceFlinger: Remove BufferLayer(0x780dc7f000) com.oringnet.wm/com.oring.ble.BLECreateActivity@8772#0 (-1 x -1)
07-08 16:09:40.102   800   800 I BufferQueue: [com.oringnet.wm/com.oring.ble.BLECreateActivity@8772#0](this:0x780dd84800,id:423,api:1,p:-1,c:-1) ~BufferQueueCore
07-08 16:09:40.106  8772  8772 W UiThreadStatement: Already on the UI thread, this method should not be called from the main application thread
07-08 16:09:40.106  8772  8772 I Dashboard: [Req]<Read RELAY Status> 010100040002fc0a
07-08 16:09:40.106  8772  8772 I Dashboard: [Rsp]<Read RELAY Status> 010101005188
07-08 16:09:40.110  8772  8873 I myPeriod_dashboard: 目前時間:2021/07/08 04:09:40
07-08 16:09:40.110  8772  8873 I myPeriod_dashboard: 目前timerCount:0
07-08 16:09:40.110  8772  8873 I myPeriod_dashboard: 當前於輪詢中
07-08 16:09:40.226  8772  8772 W UiThreadStatement: Already on the UI thread, this method should not be called from the main application thread
07-08 16:09:40.226  8772  8772 I Dashboard: [Req]<Read DI COUNTER> 010404310004a136
07-08 16:09:40.226  8772  8772 I Dashboard: [Rsp]<Read DI COUNTER> 0104080000000000000000240d
07-08 16:09:40.329   800   800 I SurfaceFlinger: screenshot (com.oringnet.wm/com.oring.SlideActivity@8772#0)
07-08 16:09:40.345  8772  8772 W UiThreadStatement: Already on the UI thread, this method should not be called from the main application thread
07-08 16:09:40.345  8772  8772 I Dashboard: [Req]<Read AI 0 Status> 01040000000271cb
07-08 16:09:40.346  8772  8772 I Dashboard: [Rsp]<Read AI 0 Status> 010404bc9b71bfca1b
07-08 16:09:40.395  8772  8772 I AI_value:: -0.019
07-08 16:09:40.395  8772  8772 I AI_raw: : bc9b71bf
