05-25 16:17:25.876   800   852 I BufferQueueProducer: [com.oringnet.wm/com.oring.SlideActivity@24995#0](this:0x798eb41800,id:3151,api:1,p:24995,c:800) queueBuffer: fps=60.37 dur=1010.37 max=31.80 min=7.79
05-25 16:17:25.957   800   800 I SurfaceFlinger: screenshot (com.oringnet.wm/com.oring.SlideActivity@24995#0)
05-25 16:17:26.255   800   800 I SurfaceFlinger: screenshot (com.oringnet.wm/com.oring.SlideActivity@24995#0)
05-25 16:17:26.314 24995 24995 I ViewRootImpl: ViewRoot's Touch Event : ACTION_DOWN
05-25 16:17:26.363 24995 24995 W UiThreadStatement: Already on the UI thread, this method should not be called from the main application thread
05-25 16:17:26.363 24995 24995 I Dashboard: [Req]<Read DI Status> 01020000000479c9
05-25 16:17:26.371   800   800 I SurfaceFlinger: screenshot (com.oringnet.wm/com.oring.SlideActivity@24995#0)
05-25 16:17:26.372 24995 24995 I Dashboard: [Rsp]<Read DI Status> 01020100a188
05-25 16:17:26.457 24995 24995 W UiThreadStatement: Already on the UI thread, this method should not be called from the main application thread
05-25 16:17:26.457 24995 24995 I Dashboard: [Req]<Read DO Status> 0101000000043dc9
05-25 16:17:26.458 24995 24995 I Dashboard: [Rsp]<Read DO Status> 010101005188
05-25 16:17:26.471   800   800 I SurfaceFlinger: screenshot (com.oringnet.wm/com.oring.SlideActivity@24995#0)
05-25 16:17:26.555 24995 24995 W UiThreadStatement: Already on the UI thread, this method should not be called from the main application thread
05-25 16:17:26.555 24995 24995 I Dashboard: [Req]<Read RELAY Status> 010100040002fc0a
05-25 16:17:26.556 24995 24995 I Dashboard: [Rsp]<Read RELAY Status> 010101005188
05-25 16:17:26.587   800   800 I SurfaceFlinger: screenshot (com.oringnet.wm/com.oring.SlideActivity@24995#0)
05-25 16:17:26.661 24995 24995 I Dashboard: [Rsp]<Read DI COUNTER> 0104080000000000000000240d
05-25 16:17:26.673 24995 24995 W UiThreadStatement: Already on the UI thread, this method should not be called from the main application thread
05-25 16:17:26.673 24995 24995 I Dashboard: [Req]<Read AI 0 Status> 010404310004a136
05-25 16:17:26.688   800   800 I SurfaceFlinger: screenshot (com.oringnet.wm/com.oring.SlideActivity@24995#0)
05-25 16:17:26.749 24995 24995 W UiThreadStatement: Already on the UI thread, this method should not be called from the main application thread
05-25 16:17:26.749 24995 24995 I Dashboard: [Req]<Read AI 0 Status> 01040000000271cb
05-25 16:17:26.754 24995 24995 I Dashboard: [Rsp]<Read AI 0 Status> 01040400000000fb84
05-25 16:17:26.783 24995 24995 I AI_value:: 0.0
05-25 16:17:26.784 24995 24995 I AI_raw: : 00000000
05-25 16:17:26.863   800   800 I SurfaceFlinger: screenshot (com.oringnet.wm/com.oring.SlideActivity@24995#0)
05-25 16:17:26.881   800   975 I BufferQueueProducer: [com.oringnet.wm/com.oring.SlideActivity@24995#0](this:0x798eb41800,id:3151,api:1,p:24995,c:800) queueBuffer: fps=50.79 dur=1004.15 max=74.72 min=5.61
05-25 16:17:26.899 24995 24995 W UiThreadStatement: Already on the UI thread, this method should not be called from the main application thread
05-25 16:17:26.899 24995 24995 I Dashboard: [Req]<Read AI 1 Status> 010400020002d00b
05-25 16:17:26.899 24995 24995 I Dashboard: [Rsp]<Read AI 1 Status> 01040400000000fb84
05-25 16:17:26.929 24995 24995 I AI_value:: 0.0
05-25 16:17:26.929 24995 24995 I AI_raw: : 00000000
05-25 16:17:26.988   800   800 I SurfaceFlinger: screenshot (com.oringnet.wm/com.oring.SlideActivity@24995#0)
05-25 16:17:27.042 24995 24995 W UiThreadStatement: Already on the UI thread, this method should not be called from the main application thread
05-25 16:17:27.042 24995 24995 I Dashboard: [Req]<Read AI 2 Status> 010400040002300a
05-25 16:17:27.043 24995 24995 I Dashboard: [Rsp]<Read AI 2 Status> 0104044412f99a8d4a
05-25 16:17:27.110 24995 24995 I AI_value:: 587.9
05-25 16:17:27.110 24995 24995 I AI_raw: : 4412f99a
05-25 16:17:27.173   800   800 I SurfaceFlinger: screenshot (com.oringnet.wm/com.oring.SlideActivity@24995#0)
05-25 16:17:27.189 24995 24995 W UiThreadStatement: Already on the UI thread, this method should not be called from the main application thread
05-25 16:17:27.189 24995 24995 I Dashboard: [Req]<Read AI 3 Status> 01040006000291ca
05-25 16:17:27.190 24995 24995 I Dashboard: [Rsp]<Read AI 3 Status> 0104044412f99a8d4a
05-25 16:17:27.260 24995 24995 I AI_value:: 587.9
05-25 16:17:27.260 24995 24995 I AI_raw: : 4412f99a
05-25 16:17:27.305   800   800 I SurfaceFlinger: screenshot (com.oringnet.wm/com.oring.SlideActivity@24995#0)
05-25 16:17:27.335 24995 24995 W UiThreadStatement: Already on the UI thread, this method should not be called from the main application thread
05-25 16:17:27.335 24995 24995 I Dashboard: [Req]<Read AI 4 Status> 010400080002f009
05-25 16:17:27.336 24995 24995 I Dashboard: [Rsp]<Read AI 4 Status> 01040400000000fb84
05-25 16:17:27.398 24995 24995 I AI_value:: 0.0
05-25 16:17:27.399 24995 24995 I AI_raw: : 00000000
05-25 16:17:27.474   800   800 I SurfaceFlinger: screenshot (com.oringnet.wm/com.oring.SlideActivity@24995#0)
05-25 16:17:27.482 24995 24995 I Dashboard: [Rsp]<Read AI 5 Status> 01040400000000fb84
05-25 16:17:27.554 24995 24995 I AI_value:: 0.0
05-25 16:17:27.554 24995 24995 I AI_raw: : 00000000
05-25 16:17:27.563 24995 24995 W UiThreadStatement: Already on the UI thread, this method should not be called from the main application thread
05-25 16:17:27.563 24995 24995 I Dashboard: [Req]<Read AI Type> 0104000A000251c9
05-25 16:17:27.613   800   800 I SurfaceFlinger: screenshot (com.oringnet.wm/com.oring.SlideActivity@24995#0)
05-25 16:17:27.635 24995 24995 W UiThreadStatement: Already on the UI thread, this method should not be called from the main application thread
05-25 16:17:27.635 24995 24995 I Dashboard: [Req]<Read AI Type> 010304000006c4f8
05-25 16:17:27.635 24995 24995 I Dashboard: [Rsp]<Read AI Type> 01030c000600060215021502150215bfb2
05-25 16:17:27.722   800   800 I SurfaceFlinger: screenshot (com.oringnet.wm/com.oring.SlideActivity@24995#0)
05-25 16:17:27.725 24995 24995 W UiThreadStatement: Already on the UI thread, this method should not be called from the main application thread
05-25 16:17:27.725 24995 24995 I Dashboard: [Req]<Read RTD 2 mode> 010303050004544c
05-25 16:17:27.726 24995 24995 I Dashboard: [Rsp]<Read RTD 2 mode> 010308000000000000000095d7
05-25 16:17:27.726 24995 24995 I RTD_mode:: 0000000000000000
05-25 16:17:27.726 24995 24995 I finish  : @@!!
05-25 16:17:27.823   800   800 I SurfaceFlinger: screenshot (com.oringnet.wm/com.oring.SlideActivity@24995#0)
05-25 16:17:27.891   800   852 I BufferQueueProducer: [com.oringnet.wm/com.oring.SlideActivity@24995#0](this:0x798eb41800,id:3151,api:1,p:24995,c:800) queueBuffer: fps=37.60 dur=1010.55 max=107.70 min=8.56
05-25 16:17:27.939   800   800 I SurfaceFlinger: screenshot (com.oringnet.wm/com.oring.SlideActivity@24995#0)
05-25 16:17:28.055   800   800 I SurfaceFlinger: screenshot (com.oringnet.wm/com.oring.SlideActivity@24995#0)
05-25 16:17:28.172   800   800 I SurfaceFlinger: screenshot (com.oringnet.wm/com.oring.SlideActivity@24995#0)
05-25 16:17:28.272   800   800 I SurfaceFlinger: screenshot (com.oringnet.wm/com.oring.SlideActivity@24995#0)
05-25 16:17:28.389   800   800 I SurfaceFlinger: screenshot (com.oringnet.wm/com.oring.SlideActivity@24995#0)
05-25 16:17:28.505   800   800 I SurfaceFlinger: screenshot (com.oringnet.wm/com.oring.SlideActivity@24995#0)
05-25 16:17:28.609   800   800 I SurfaceFlinger: screenshot (com.oringnet.wm/com.oring.SlideActivity@24995#0)
05-25 16:17:28.706   800   800 I SurfaceFlinger: screenshot (com.oringnet.wm/com.oring.SlideActivity@24995#0)
05-25 16:17:28.807   800   800 I SurfaceFlinger: screenshot (com.oringnet.wm/com.oring.SlideActivity@24995#0)
05-25 16:17:28.891   800  4119 I BufferQueueProducer: [com.oringnet.wm/com.oring.SlideActivity@24995#0](this:0x798eb41800,id:3151,api:1,p:24995,c:800) queueBuffer: fps=59.99 dur=1000.15 max=20.27 min=11.50
05-25 16:17:28.922   800   800 I SurfaceFlinger: screenshot (com.oringnet.wm/com.oring.SlideActivity@24995#0)
05-25 16:17:29.339   800   800 I SurfaceFlinger: screenshot (com.oringnet.wm/com.oring.SlideActivity@24995#0)
05-25 16:17:29.573   800   800 I SurfaceFlinger: screenshot (com.oringnet.wm/com.oring.SlideActivity@24995#0)
05-25 16:17:29.690   800   800 I SurfaceFlinger: screenshot (com.oringnet.wm/com.oring.SlideActivity@24995#0)
05-25 16:17:29.906   800   800 I SurfaceFlinger: screenshot (com.oringnet.wm/com.oring.SlideActivity@24995#0)
05-25 16:17:30.022   800   800 I SurfaceFlinger: screenshot (com.oringnet.wm/com.oring.SlideActivity@24995#0)
05-25 16:17:30.459   800   800 I SurfaceFlinger: screenshot (com.oringnet.wm/com.oring.SlideActivity@24995#0)
05-25 16:17:30.576   800   800 I SurfaceFlinger: screenshot (com.oringnet.wm/com.oring.SlideActivity@24995#0)
05-25 16:17:30.707   800   800 I SurfaceFlinger: screenshot (com.oringnet.wm/com.oring.SlideActivity@24995#0)
05-25 16:17:31.176   800   800 I SurfaceFlinger: screenshot (com.oringnet.wm/com.oring.SlideActivity@24995#0)
05-25 16:17:32.845 24995 24995 W UiThreadStatement: Already on the UI thread, this method should not be called from the main application thread
05-25 16:17:32.845 24995 24995 I Dashboard: [Req]<Read DI Status> 01020000000479c9
05-25 16:17:32.846 24995 24995 I Dashboard: [Rsp]<Read DI Status> 01020100a188
05-25 16:17:32.904   800   852 I BufferQueueProducer: [com.oringnet.wm/com.oring.SlideActivity@24995#0](this:0x798eb41800,id:3151,api:1,p:24995,c:800) queueBuffer: fps=8.30 dur=3011.46 max=2192.40 min=7.92
05-25 16:17:32.925   800   800 I SurfaceFlinger: screenshot (com.oringnet.wm/com.oring.SlideActivity@24995#0)
05-25 16:17:32.942 24995 24995 I Dashboard: [Rsp]<Read DO Status> 010101005188
05-25 16:17:32.959 24995 24995 W UiThreadStatement: Already on the UI thread, this method should not be called from the main application thread
05-25 16:17:32.960 24995 24995 I Dashboard: [Req]<Read RELAY Status> 0101000000043dc9
05-25 16:17:33.043 24995 24995 W UiThreadStatement: Already on the UI thread, this method should not be called from the main application thread
05-25 16:17:33.043 24995 24995 I Dashboard: [Req]<Read RELAY Status> 010100040002fc0a
05-25 16:17:33.044 24995 24995 I Dashboard: [Rsp]<Read RELAY Status> 010101005188
05-25 16:17:33.108   800   800 I SurfaceFlinger: screenshot (com.oringnet.wm/com.oring.SlideActivity@24995#0)
05-25 16:17:33.137 24995 24995 W UiThreadStatement: Already on the UI thread, this method should not be called from the main application thread
05-25 16:17:33.137 24995 24995 I Dashboard: [Req]<Read DI COUNTER> 010404310004a136
05-25 16:17:33.138 24995 24995 I Dashboard: [Rsp]<Read DI COUNTER> 0104080000000000000000240d
05-25 16:17:33.213   800   800 I SurfaceFlinger: screenshot (com.oringnet.wm/com.oring.SlideActivity@24995#0)
05-25 16:17:33.236 24995 24995 W UiThreadStatement: Already on the UI thread, this method should not be called from the main application thread
05-25 16:17:33.236 24995 24995 I Dashboard: [Req]<Read AI 0 Status> 01040000000271cb
05-25 16:17:33.237 24995 24995 I Dashboard: [Rsp]<Read AI 0 Status> 01040400000000fb84
05-25 16:17:33.273 24995 24995 I AI_value:: 0.0
05-25 16:17:33.273 24995 24995 I AI_raw: : 00000000
05-25 16:17:33.324   800   800 I SurfaceFlinger: screenshot (com.oringnet.wm/com.oring.SlideActivity@24995#0)
05-25 16:17:33.381 24995 24995 W UiThreadStatement: Already on the UI thread, this method should not be called from the main application thread
05-25 16:17:33.381 24995 24995 I Dashboard: [Req]<Read AI 1 Status> 010400020002d00b
05-25 16:17:33.382 24995 24995 I Dashboard: [Rsp]<Read AI 1 Status> 01040400000000fb84
05-25 16:17:33.420 24995 24995 I AI_value:: 0.0
05-25 16:17:33.420 24995 24995 I AI_raw: : 00000000
05-25 16:17:33.527 24995 24995 W UiThreadStatement: Already on the UI thread, this method should not be called from the main application thread
05-25 16:17:33.527 24995 24995 I Dashboard: [Req]<Read AI 2 Status> 010400040002300a
05-25 16:17:33.528 24995 24995 I Dashboard: [Rsp]<Read AI 2 Status> 0104044412f99a8d4a
05-25 16:17:33.605 24995 24995 I AI_value:: 587.9
05-25 16:17:33.605 24995 24995 I AI_raw: : 4412f99a
05-25 16:17:33.660   800   800 I SurfaceFlinger: screenshot (com.oringnet.wm/com.oring.SlideActivity@24995#0)
05-25 16:17:33.672 24995 24995 W UiThreadStatement: Already on the UI thread, this method should not be called from the main application thread
05-25 16:17:33.672 24995 24995 I Dashboard: [Req]<Read AI 3 Status> 01040006000291ca
05-25 16:17:33.673 24995 24995 I Dashboard: [Rsp]<Read AI 3 Status> 0104044412f99a8d4a
05-25 16:17:33.769 24995 24995 I AI_value:: 587.9
05-25 16:17:33.769 24995 24995 I AI_raw: : 4412f99a
05-25 16:17:33.843   800   800 I SurfaceFlinger: screenshot (com.oringnet.wm/com.oring.SlideActivity@24995#0)
05-25 16:17:33.869 24995 24995 W UiThreadStatement: Already on the UI thread, this method should not be called from the main application thread
05-25 16:17:33.869 24995 24995 I Dashboard: [Req]<Read AI 4 Status> 010400080002f009
05-25 16:17:33.870 24995 24995 I Dashboard: [Rsp]<Read AI 4 Status> 01040400000000fb84
05-25 16:17:33.960 24995 24995 I AI_value:: 0.0
05-25 16:17:33.960 24995 24995 I AI_raw: : 00000000
05-25 16:17:34.003   800   852 I BufferQueueProducer: [com.oringnet.wm/com.oring.SlideActivity@24995#0](this:0x798eb41800,id:3151,api:1,p:24995,c:800) queueBuffer: fps=7.28 dur=1099.09 max=187.93 min=91.22
05-25 16:17:34.030   800   800 I SurfaceFlinger: screenshot (com.oringnet.wm/com.oring.SlideActivity@24995#0)
05-25 16:17:34.063 24995 24995 W UiThreadStatement: Already on the UI thread, this method should not be called from the main application thread
05-25 16:17:34.064 24995 24995 I Dashboard: [Req]<Read AI 5 Status> 0104000A000251c9
05-25 16:17:34.065 24995 24995 I Dashboard: [Rsp]<Read AI 5 Status> 01040400000000fb84
05-25 16:17:34.141 24995 24995 I AI_value:: 0.0
05-25 16:17:34.141 24995 24995 I AI_raw: : 00000000
05-25 16:17:34.211   800   800 I SurfaceFlinger: screenshot (com.oringnet.wm/com.oring.SlideActivity@24995#0)
05-25 16:17:34.258 24995 24995 W UiThreadStatement: Already on the UI thread, this method should not be called from the main application thread
05-25 16:17:34.258 24995 24995 I Dashboard: [Req]<Read AI Type> 010304000006c4f8
05-25 16:17:34.259 24995 24995 I Dashboard: [Rsp]<Read AI Type> 01030c000600060215021502150215bfb2
05-25 16:17:34.324   800   800 I SurfaceFlinger: screenshot (com.oringnet.wm/com.oring.SlideActivity@24995#0)
05-25 16:17:34.356 24995 24995 W UiThreadStatement: Already on the UI thread, this method should not be called from the main application thread
05-25 16:17:34.356 24995 24995 I Dashboard: [Req]<Read RTD 2 mode> 010303050004544c
05-25 16:17:34.358 24995 24995 I Dashboard: [Rsp]<Read RTD 2 mode> 010308000000000000000095d7
05-25 16:17:34.358 24995 24995 I RTD_mode:: 0000000000000000
05-25 16:17:34.358 24995 24995 I finish  : @@!!
05-25 16:17:36.582 24995 24995 I ViewRootImpl: ViewRoot's Touch Event : ACTION_DOWN
05-25 16:17:36.595   800   800 I SurfaceFlinger: screenshot (com.oringnet.wm/com.oring.SlideActivity@24995#0)
05-25 16:17:36.632   800   975 I BufferQueueProducer: [com.oringnet.wm/com.oring.SlideActivity@24995#0](this:0x798eb41800,id:3151,api:1,p:24995,c:800) queueBuffer: fps=1.14 dur=2629.75 max=2328.50 min=122.75
05-25 16:17:36.708   800   800 I SurfaceFlinger: screenshot (com.oringnet.wm/com.oring.SlideActivity@24995#0)
05-25 16:17:36.824   800   800 I SurfaceFlinger: screenshot (com.oringnet.wm/com.oring.SlideActivity@24995#0)
05-25 16:17:36.925   800   800 I SurfaceFlinger: screenshot (com.oringnet.wm/com.oring.SlideActivity@24995#0)
05-25 16:17:37.027   800   800 I SurfaceFlinger: screenshot (com.oringnet.wm/com.oring.SlideActivity@24995#0)
05-25 16:17:37.143   800   800 I SurfaceFlinger: screenshot (com.oringnet.wm/com.oring.SlideActivity@24995#0)
05-25 16:17:37.261   800   800 I SurfaceFlinger: screenshot (com.oringnet.wm/com.oring.SlideActivity@24995#0)
05-25 16:17:37.374   800   800 I SurfaceFlinger: screenshot (com.oringnet.wm/com.oring.SlideActivity@24995#0)
05-25 16:17:37.477   800   800 I SurfaceFlinger: screenshot (com.oringnet.wm/com.oring.SlideActivity@24995#0)
05-25 16:17:37.575 24995 24995 I ViewRootImpl: ViewRoot's Touch Event : ACTION_UP
05-25 16:17:37.576 24995 24995 I TouchFlickNoti: CHANGE UP TO DOWN vectorVelocity:1009
05-25 16:17:37.592   800   800 I SurfaceFlinger: screenshot (com.oringnet.wm/com.oring.SlideActivity@24995#0)
05-25 16:17:37.643   800  4119 I BufferQueueProducer: [com.oringnet.wm/com.oring.SlideActivity@24995#0](this:0x798eb41800,id:3151,api:1,p:24995,c:800) queueBuffer: fps=55.39 dur=1011.00 max=38.46 min=9.98
05-25 16:17:37.708   800   800 I SurfaceFlinger: screenshot (com.oringnet.wm/com.oring.SlideActivity@24995#0)
05-25 16:17:37.823   800   800 I SurfaceFlinger: screenshot (com.oringnet.wm/com.oring.SlideActivity@24995#0)
05-25 16:17:37.925   800   800 I SurfaceFlinger: screenshot (com.oringnet.wm/com.oring.SlideActivity@24995#0)
05-25 16:17:38.040   800   800 I SurfaceFlinger: screenshot (com.oringnet.wm/com.oring.SlideActivity@24995#0)
05-25 16:17:38.141   800   800 I SurfaceFlinger: screenshot (com.oringnet.wm/com.oring.SlideActivity@24995#0)
05-25 16:17:38.257   800   800 I SurfaceFlinger: screenshot (com.oringnet.wm/com.oring.SlideActivity@24995#0)
05-25 16:17:38.374   800   800 I SurfaceFlinger: screenshot (com.oringnet.wm/com.oring.SlideActivity@24995#0)
05-25 16:17:38.574   800   800 I SurfaceFlinger: screenshot (com.oringnet.wm/com.oring.SlideActivity@24995#0)
05-25 16:17:38.644   800   975 I BufferQueueProducer: [com.oringnet.wm/com.oring.SlideActivity@24995#0](this:0x798eb41800,id:3151,api:1,p:24995,c:800) queueBuffer: fps=59.98 dur=1000.41 max=19.16 min=14.12
05-25 16:17:38.692   800   800 I SurfaceFlinger: screenshot (com.oringnet.wm/com.oring.SlideActivity@24995#0)
05-25 16:17:38.808   800   800 I SurfaceFlinger: screenshot (com.oringnet.wm/com.oring.SlideActivity@24995#0)
05-25 16:17:38.924   800   800 I SurfaceFlinger: screenshot (com.oringnet.wm/com.oring.SlideActivity@24995#0)
05-25 16:17:39.358   800   800 I SurfaceFlinger: screenshot (com.oringnet.wm/com.oring.SlideActivity@24995#0)
05-25 16:17:39.475   800   800 I SurfaceFlinger: screenshot (com.oringnet.wm/com.oring.SlideActivity@24995#0)
05-25 16:17:39.591   800   800 I SurfaceFlinger: screenshot (com.oringnet.wm/com.oring.SlideActivity@24995#0)
05-25 16:17:39.644   800  4119 I BufferQueueProducer: [com.oringnet.wm/com.oring.SlideActivity@24995#0](this:0x798eb41800,id:3151,api:1,p:24995,c:800) queueBuffer: fps=59.98 dur=1000.33 max=20.56 min=12.31
05-25 16:17:39.691   800   800 I SurfaceFlinger: screenshot (com.oringnet.wm/com.oring.SlideActivity@24995#0)
05-25 16:17:39.795   800   800 I SurfaceFlinger: screenshot (com.oringnet.wm/com.oring.SlideActivity@24995#0)
05-25 16:17:39.865 24995 24995 W UiThreadStatement: Already on the UI thread, this method should not be called from the main application thread
05-25 16:17:39.865 24995 24995 I Dashboard: [Req]<Read DI Status> 01020000000479c9
05-25 16:17:39.866 24995 24995 I Dashboard: [Rsp]<Read DI Status> 01020100a188
05-25 16:17:39.943   800   800 I SurfaceFlinger: screenshot (com.oringnet.wm/com.oring.SlideActivity@24995#0)
05-25 16:17:39.963 24995 24995 I Dashboard: [Rsp]<Read DO Status> 010101005188
05-25 16:17:39.979 24995 24995 W UiThreadStatement: Already on the UI thread, this method should not be called from the main application thread
05-25 16:17:39.979 24995 24995 I Dashboard: [Req]<Read RELAY Status> 0101000000043dc9
05-25 16:17:40.059 24995 24995 W UiThreadStatement: Already on the UI thread, this method should not be called from the main application thread
05-25 16:17:40.060 24995 24995 I Dashboard: [Req]<Read RELAY Status> 010100040002fc0a
05-25 16:17:40.060 24995 24995 I Dashboard: [Rsp]<Read RELAY Status> 010101005188
05-25 16:17:40.158 24995 24995 W UiThreadStatement: Already on the UI thread, this method should not be called from the main application thread
05-25 16:17:40.158 24995 24995 I Dashboard: [Req]<Read DI COUNTER> 010404310004a136
05-25 16:17:40.159 24995 24995 I Dashboard: [Rsp]<Read DI COUNTER> 0104080000000000000000240d
05-25 16:17:40.249   800   800 I SurfaceFlinger: screenshot (com.oringnet.wm/com.oring.SlideActivity@24995#0)
05-25 16:17:40.275 24995 24995 W UiThreadStatement: Already on the UI thread, this method should not be called from the main application thread
05-25 16:17:40.275 24995 24995 I Dashboard: [Req]<Read AI 0 Status> 01040000000271cb
05-25 16:17:40.278 24995 24995 I Dashboard: [Rsp]<Read AI 0 Status> 01040400000000fb84
05-25 16:17:40.319 24995 24995 I AI_value:: 0.0
05-25 16:17:40.319 24995 24995 I AI_raw: : 00000000
05-25 16:17:40.441 24995 24995 W UiThreadStatement: Already on the UI thread, this method should not be called from the main application thread
05-25 16:17:40.441 24995 24995 I Dashboard: [Req]<Read AI 1 Status> 010400020002d00b
05-25 16:17:40.442 24995 24995 I Dashboard: [Rsp]<Read AI 1 Status> 01040400000000fb84
05-25 16:17:40.445   800   800 I SurfaceFlinger: screenshot (com.oringnet.wm/com.oring.SlideActivity@24995#0)
05-25 16:17:40.477 24995 24995 I AI_value:: 0.0
05-25 16:17:40.477 24995 24995 I AI_raw: : 00000000
05-25 16:17:40.544   800   800 I SurfaceFlinger: screenshot (com.oringnet.wm/com.oring.SlideActivity@24995#0)
05-25 16:17:40.596 24995 24995 I Dashboard: [Rsp]<Read AI 2 Status> 0104044412f99a8d4a
05-25 16:17:40.667 24995 24995 I AI_value:: 587.9
05-25 16:17:40.667 24995 24995 I AI_raw: : 4412f99a
05-25 16:17:40.679 24995 24995 W UiThreadStatement: Already on the UI thread, this method should not be called from the main application thread
05-25 16:17:40.679 24995 24995 I Dashboard: [Req]<Read AI 3 Status> 010400040002300a
05-25 16:17:40.703   800   852 I BufferQueueProducer: [com.oringnet.wm/com.oring.SlideActivity@24995#0](this:0x798eb41800,id:3151,api:1,p:24995,c:800) queueBuffer: fps=26.45 dur=1058.63 max=169.28 min=6.09
05-25 16:17:40.728   800   800 I SurfaceFlinger: screenshot (com.oringnet.wm/com.oring.SlideActivity@24995#0)
05-25 16:17:40.740 24995 24995 W UiThreadStatement: Already on the UI thread, this method should not be called from the main application thread
05-25 16:17:40.740 24995 24995 I Dashboard: [Req]<Read AI 3 Status> 01040006000291ca
05-25 16:17:40.744 24995 24995 I Dashboard: [Rsp]<Read AI 3 Status> 0104044412f99a8d4a
05-25 16:17:40.824 24995 24995 I AI_value:: 587.9
05-25 16:17:40.824 24995 24995 I AI_raw: : 4412f99a
05-25 16:17:40.880   800   800 I SurfaceFlinger: screenshot (com.oringnet.wm/com.oring.SlideActivity@24995#0)
05-25 16:17:40.938 24995 24995 W UiThreadStatement: Already on the UI thread, this method should not be called from the main application thread
05-25 16:17:40.938 24995 24995 I Dashboard: [Req]<Read AI 4 Status> 010400080002f009
05-25 16:17:40.938 24995 24995 I Dashboard: [Rsp]<Read AI 4 Status> 01040400000000fb84
05-25 16:17:41.009 24995 24995 I AI_value:: 0.0
05-25 16:17:41.009 24995 24995 I AI_raw: : 00000000
05-25 16:17:41.081   800   800 I SurfaceFlinger: screenshot (com.oringnet.wm/com.oring.SlideActivity@24995#0)
05-25 16:17:41.083 24995 24995 I Dashboard: [Rsp]<Read AI 5 Status> 01040400000000fb84
05-25 16:17:41.154 24995 24995 I AI_value:: 0.0
05-25 16:17:41.154 24995 24995 I AI_raw: : 00000000
05-25 16:17:41.162 24995 24995 W UiThreadStatement: Already on the UI thread, this method should not be called from the main application thread
05-25 16:17:41.162 24995 24995 I Dashboard: [Req]<Read AI Type> 0104000A000251c9
05-25 16:17:41.212   800   800 I SurfaceFlinger: screenshot (com.oringnet.wm/com.oring.SlideActivity@24995#0)
05-25 16:17:41.231 24995 24995 I Dashboard: [Rsp]<Read AI Type> 01030c000600060215021502150215bfb2
05-25 16:17:41.249 24995 24995 W UiThreadStatement: Already on the UI thread, this method should not be called from the main application thread
05-25 16:17:41.249 24995 24995 I Dashboard: [Req]<Read RTD 2 mode> 010304000006c4f8
05-25 16:17:41.376 24995 24995 W UiThreadStatement: Already on the UI thread, this method should not be called from the main application thread
05-25 16:17:41.376 24995 24995 I Dashboard: [Req]<Read RTD 2 mode> 010303050004544c
05-25 16:17:41.377 24995 24995 I Dashboard: [Rsp]<Read RTD 2 mode> 010308000000000000000095d7
05-25 16:17:41.377 24995 24995 I RTD_mode:: 0000000000000000
05-25 16:17:41.377 24995 24995 I finish  : @@!!
05-25 16:17:41.833 24995 24995 I ViewRootImpl: ViewRoot's Touch Event : ACTION_DOWN
05-25 16:17:41.844   800   800 I SurfaceFlinger: screenshot (com.oringnet.wm/com.oring.SlideActivity@24995#0)
05-25 16:17:41.881   800  4119 I BufferQueueProducer: [com.oringnet.wm/com.oring.SlideActivity@24995#0](this:0x798eb41800,id:3151,api:1,p:24995,c:800) queueBuffer: fps=4.24 dur=1177.89 max=603.63 min=95.37
05-25 16:17:41.945   800   800 I SurfaceFlinger: screenshot (com.oringnet.wm/com.oring.SlideActivity@24995#0)
05-25 16:17:42.062   800   800 I SurfaceFlinger: screenshot (com.oringnet.wm/com.oring.SlideActivity@24995#0)
05-25 16:17:42.178   800   800 I SurfaceFlinger: screenshot (com.oringnet.wm/com.oring.SlideActivity@24995#0)
05-25 16:17:42.295   800   800 I SurfaceFlinger: screenshot (com.oringnet.wm/com.oring.SlideActivity@24995#0)
05-25 16:17:42.395   800   800 I SurfaceFlinger: screenshot (com.oringnet.wm/com.oring.SlideActivity@24995#0)
05-25 16:17:42.511   800   800 I SurfaceFlinger: screenshot (com.oringnet.wm/com.oring.SlideActivity@24995#0)
05-25 16:17:42.611   800   800 I SurfaceFlinger: screenshot (com.oringnet.wm/com.oring.SlideActivity@24995#0)
05-25 16:17:42.711   800   800 I SurfaceFlinger: screenshot (com.oringnet.wm/com.oring.SlideActivity@24995#0)
05-25 16:17:43.058   800   800 I SurfaceFlinger: screenshot (com.oringnet.wm/com.oring.SlideActivity@24995#0)
05-25 16:17:43.175   800   800 I SurfaceFlinger: screenshot (com.oringnet.wm/com.oring.SlideActivity@24995#0)
05-25 16:17:43.275   800   800 I SurfaceFlinger: screenshot (com.oringnet.wm/com.oring.SlideActivity@24995#0)
05-25 16:17:43.393   800   800 I SurfaceFlinger: screenshot (com.oringnet.wm/com.oring.SlideActivity@24995#0)
05-25 16:17:43.508   800   800 I SurfaceFlinger: screenshot (com.oringnet.wm/com.oring.SlideActivity@24995#0)
05-25 16:17:43.933 24995 24995 I ViewRootImpl: ViewRoot's Touch Event : ACTION_DOWN
05-25 16:17:43.942 24995 24995 I ViewRootImpl: ViewRoot's Touch Event : ACTION_UP
05-25 16:17:43.942   800   800 I SurfaceFlinger: screenshot (com.oringnet.wm/com.oring.SlideActivity@24995#0)
05-25 16:17:43.958   800  2411 I BufferQueueProducer: [com.oringnet.wm/com.oring.SlideActivity@24995#0](this:0x798eb41800,id:3151,api:1,p:24995,c:800) queueBuffer: fps=33.85 dur=1063.55 max=463.81 min=6.25
05-25 16:17:44.376   800   800 I SurfaceFlinger: screenshot (com.oringnet.wm/com.oring.SlideActivity@24995#0)
05-25 16:17:45.595   800   975 I BufferQueueProducer: [com.oringnet.wm/com.oring.SlideActivity@24995#0](this:0x798eb41800,id:3151,api:1,p:24995,c:800) queueBuffer: fps=16.49 dur=1637.17 max=1194.64 min=8.05
05-25 16:17:45.612   800   800 I SurfaceFlinger: screenshot (com.oringnet.wm/com.oring.SlideActivity@24995#0)
05-25 16:17:45.713   800   800 I SurfaceFlinger: screenshot (com.oringnet.wm/com.oring.SlideActivity@24995#0)
05-25 16:17:45.787 24995 24995 I ViewRootImpl: ViewRoot's Touch Event : ACTION_DOWN
05-25 16:17:45.804 24995 24995 I ViewRootImpl: ViewRoot's Touch Event : ACTION_UP
05-25 16:17:45.830   800   800 I SurfaceFlinger: screenshot (com.oringnet.wm/com.oring.SlideActivity@24995#0)
05-25 16:17:45.929   800   800 I SurfaceFlinger: screenshot (com.oringnet.wm/com.oring.SlideActivity@24995#0)
05-25 16:17:46.518 24995 24995 I SP_SW : : 初始 將第 0項, 設定成 0
05-25 16:17:46.583 24995 24995 I SP_SW : : 初始 將第 2項, 設定成 0
05-25 16:17:46.632 24995 24995 I EEWW:   : Willy_Appium_20210525160
05-25 16:17:46.657 24995 24995 I GetID   : androidx.navigation.NavController@4b6f983
05-25 16:17:46.685 24995 24995 D BluetoothGatt: setCharacteristicNotification() - uuid: 6e400003-b5a3-f393-e0a9-e50e24dcca9e enable: true
05-25 16:17:46.709 24995 24995 I Choreographer: Skipped 47 frames!  The application may be doing too much work on its main thread.
05-25 16:17:46.947 24995 24995 I SP_SW : : 初始 將第 0項, 設定成 0
05-25 16:17:47.029 24995 24995 I SP_SW : : 初始 將第 2項, 設定成 0
05-25 16:17:47.162   800   975 I BufferQueueProducer: [com.oringnet.wm/com.oring.SlideActivity@24995#0](this:0x798eb41800,id:3151,api:1,p:24995,c:800) queueBuffer: fps=18.51 dur=1567.06 max=1036.58 min=11.01
05-25 16:17:47.166 24995 25017 I OpenGLRenderer: Davey! duration=1250ms; Flags=0, IntendedVsync=425223944414509, Vsync=425224723721368, OldestInputEvent=9223372036854775807, NewestInputEvent=0, HandleInputStart=425224739758617, AnimationStart=425224739863924, PerformTraversalsStart=425224741629617, DrawStart=425225121812040, SyncQueued=425225170779814, SyncStart=425225172163583, IssueDrawCommandsStart=425225175160276, SwapBuffers=425225191286816, FrameCompleted=425225196530355, DequeueBufferDuration=639000, QueueBufferDuration=4234000, 
05-25 16:17:47.198   800   800 I SurfaceFlinger: screenshot (com.oringnet.wm/com.oring.SlideActivity@24995#0)
05-25 16:17:47.204 24995 24995 I sw_ini  : false
05-25 16:17:47.204 24995 24995 I SP_SW : : 觸發 將第 0項, 切換成 0
05-25 16:17:47.204 24995 24995 I swmodeHH: true
05-25 16:17:47.204 24995 24995 I swmode  : !!
05-25 16:17:47.213 24995 24995 W UiThreadStatement: Already on the UI thread, this method should not be called from the main application thread
05-25 16:17:47.218 24995 24995 I sw_ini  : false
05-25 16:17:47.218 24995 24995 I SP_SW : : 觸發 將第 2項, 切換成 0
05-25 16:17:47.218 24995 24995 I swmodeHH: true
05-25 16:17:47.218 24995 24995 I swmode  : !!
05-25 16:17:47.231 24995 24995 W UiThreadStatement: Already on the UI thread, this method should not be called from the main application thread
05-25 16:17:47.313   800   800 I SurfaceFlinger: screenshot (com.oringnet.wm/com.oring.SlideActivity@24995#0)
05-25 16:17:47.318 24995 24995 W UiThreadStatement: Already on the UI thread, this method should not be called from the main application thread
05-25 16:17:47.318 24995 24995 I I/O     : [Req]<Read DI Status> 0110030600010200009536
05-25 16:17:47.318 24995 24995 I I/O     : [Rsp]<Read DI Status> 01020100a188
05-25 16:17:47.416   800   800 I SurfaceFlinger: screenshot (com.oringnet.wm/com.oring.SlideActivity@24995#0)
05-25 16:17:47.420 24995 24995 I I/O     : [Rsp]<Read DO Status> 010101005188
05-25 16:17:47.475 24995 24995 W UiThreadStatement: Already on the UI thread, this method should not be called from the main application thread
05-25 16:17:47.475 24995 24995 I I/O     : [Req]<Read RELAY Status> 0101000000043dc9
05-25 16:17:47.518 24995 24995 W UiThreadStatement: Already on the UI thread, this method should not be called from the main application thread
05-25 16:17:47.518 24995 24995 I I/O     : [Req]<Read RELAY Status> 010100040002fc0a
05-25 16:17:47.520 24995 24995 I I/O     : [Rsp]<Read RELAY Status> 010101005188
05-25 16:17:47.595   800   800 I SurfaceFlinger: screenshot (com.oringnet.wm/com.oring.SlideActivity@24995#0)
05-25 16:17:47.615 24995 24995 W UiThreadStatement: Already on the UI thread, this method should not be called from the main application thread
05-25 16:17:47.615 24995 24995 I I/O     : [Req]<Read DI COUNTER> 010404310004a136
05-25 16:17:47.617 24995 24995 I I/O     : [Rsp]<Read DI COUNTER> 0104080000000000000000240d
05-25 16:17:47.696   800   800 I SurfaceFlinger: screenshot (com.oringnet.wm/com.oring.SlideActivity@24995#0)
05-25 16:17:47.713 24995 24995 W UiThreadStatement: Already on the UI thread, this method should not be called from the main application thread
05-25 16:17:47.714 24995 24995 I I/O     : [Req]<Read AI 0 Status> 01040000000271cb
05-25 16:17:47.714 24995 24995 I I/O     : [Rsp]<Read AI 0 Status> 01040400000000fb84
05-25 16:17:47.758 24995 24995 I AI_value:: 0.0
05-25 16:17:47.758 24995 24995 I AI_raw: : 00000000
05-25 16:17:47.832   800   800 I SurfaceFlinger: screenshot (com.oringnet.wm/com.oring.SlideActivity@24995#0)
05-25 16:17:47.860 24995 24995 W UiThreadStatement: Already on the UI thread, this method should not be called from the main application thread
05-25 16:17:47.861 24995 24995 I I/O     : [Req]<Read AI 1 Status> 010400020002d00b
05-25 16:17:47.866 24995 24995 I I/O     : [Rsp]<Read AI 1 Status> 01040400000000fb84
05-25 16:17:47.899 24995 24995 I AI_value:: 0.0
05-25 16:17:47.899 24995 24995 I AI_raw: : 00000000
05-25 16:17:47.966   800   800 I SurfaceFlinger: screenshot (com.oringnet.wm/com.oring.SlideActivity@24995#0)
05-25 16:17:48.005 24995 24995 W UiThreadStatement: Already on the UI thread, this method should not be called from the main application thread
05-25 16:17:48.005 24995 24995 I I/O     : [Req]<Read AI 2 Status> 010400040002300a
05-25 16:17:48.006 24995 24995 I I/O     : [Rsp]<Read AI 2 Status> 0104044412f99a8d4a
05-25 16:17:48.026 24995 24995 I SP_SW : : 初始 將第 0項, 設定成 0
05-25 16:17:48.068   800   800 I SurfaceFlinger: screenshot (com.oringnet.wm/com.oring.SlideActivity@24995#0)
05-25 16:17:48.072 24995 24995 I SP_SW : : 初始 將第 2項, 設定成 0
05-25 16:17:48.123 24995 24995 I AI_value:: 587.9
05-25 16:17:48.123 24995 24995 I AI_raw: : 4412f99a
05-25 16:17:48.155 24995 24995 I SP_SW : : 初始 將第 0項, 設定成 0
05-25 16:17:48.180 24995 24995 I SP_SW : : 初始 將第 2項, 設定成 0
05-25 16:17:48.215 24995 24995 W UiThreadStatement: Already on the UI thread, this method should not be called from the main application thread
05-25 16:17:48.215 24995 24995 I I/O     : [Req]<Read AI 3 Status> 01040006000291ca
05-25 16:17:48.215 24995 24995 I I/O     : [Rsp]<Read AI 3 Status> 0104044412f99a8d4a
05-25 16:17:48.223   800   975 I BufferQueueProducer: [com.oringnet.wm/com.oring.SlideActivity@24995#0](this:0x798eb41800,id:3151,api:1,p:24995,c:800) queueBuffer: fps=9.43 dur=1060.70 max=285.20 min=28.21
05-25 16:17:48.234 24995 24995 I SP_SW : : 初始 將第 0項, 設定成 0
05-25 16:17:48.247   800   800 I SurfaceFlinger: screenshot (com.oringnet.wm/com.oring.SlideActivity@24995#0)
05-25 16:17:48.295 24995 24995 I SP_SW : : 初始 將第 2項, 設定成 0
05-25 16:17:48.332 24995 24995 I AI_value:: 587.9
05-25 16:17:48.332 24995 24995 I AI_raw: : 4412f99a
05-25 16:17:48.357 24995 24995 I SP_SW : : 初始 將第 0項, 設定成 0
05-25 16:17:48.389 24995 24995 I SP_SW : : 初始 將第 2項, 設定成 0
05-25 16:17:48.456 24995 24995 W UiThreadStatement: Already on the UI thread, this method should not be called from the main application thread
05-25 16:17:48.456 24995 24995 I I/O     : [Req]<Read AI 4 Status> 010400080002f009
05-25 16:17:48.456 24995 24995 I I/O     : [Rsp]<Read AI 4 Status> 01040400000000fb84
05-25 16:17:48.462   800   800 I SurfaceFlinger: screenshot (com.oringnet.wm/com.oring.SlideActivity@24995#0)
05-25 16:17:48.469 24995 24995 I SP_SW : : 初始 將第 0項, 設定成 0
05-25 16:17:48.535 24995 24995 I SP_SW : : 初始 將第 2項, 設定成 0
05-25 16:17:48.573 24995 24995 I AI_value:: 0.0
05-25 16:17:48.573 24995 24995 I AI_raw: : 00000000
05-25 16:17:48.626   800   800 I SurfaceFlinger: screenshot (com.oringnet.wm/com.oring.SlideActivity@24995#0)
05-25 16:17:48.689 24995 24995 W UiThreadStatement: Already on the UI thread, this method should not be called from the main application thread
05-25 16:17:48.689 24995 24995 I I/O     : [Req]<Read AI 5 Status> 0104000A000251c9
05-25 16:17:48.690 24995 24995 I I/O     : [Rsp]<Read AI 5 Status> 01040400000000fb84
05-25 16:17:48.707 24995 24995 I SP_SW : : 初始 將第 0項, 設定成 0
05-25 16:17:48.784 24995 24995 I SP_SW : : 初始 將第 2項, 設定成 0
05-25 16:17:48.839 24995 24995 I AI_value:: 0.0
05-25 16:17:48.839 24995 24995 I AI_raw: : 00000000
05-25 16:17:48.915   800   800 I SurfaceFlinger: screenshot (com.oringnet.wm/com.oring.SlideActivity@24995#0)
05-25 16:17:48.932 24995 24995 W UiThreadStatement: Already on the UI thread, this method should not be called from the main application thread
05-25 16:17:48.932 24995 24995 I I/O     : [Req]<Read AI Type> 010304000006c4f8
05-25 16:17:48.933 24995 24995 I I/O     : [Rsp]<Read AI Type> 01030c000600060215021502150215bfb2
05-25 16:17:49.029 24995 24995 W UiThreadStatement: Already on the UI thread, this method should not be called from the main application thread
05-25 16:17:49.029 24995 24995 I I/O     : [Req]<Read RTD 2 mode> 010303050004544c
05-25 16:17:49.030 24995 24995 I I/O     : [Rsp]<Read RTD 2 mode> 010308000000000000000095d7
05-25 16:17:49.030 24995 24995 I RTD_mode:: 0000000000000000
05-25 16:17:49.030 24995 24995 I finish  : @@!!
05-25 16:17:50.068   800   800 I SurfaceFlinger: screenshot (com.oringnet.wm/com.oring.SlideActivity@24995#0)
05-25 16:17:52.200 24995 24995 W UiThreadStatement: Already on the UI thread, this method should not be called from the main application thread
05-25 16:17:52.503 24995 24995 I ViewRootImpl: ViewRoot's Touch Event : ACTION_DOWN
05-25 16:17:52.516   800   800 I SurfaceFlinger: screenshot (com.oringnet.wm/com.oring.SlideActivity@24995#0)
05-25 16:17:52.598   800   975 I BufferQueueProducer: [com.oringnet.wm/com.oring.SlideActivity@24995#0](this:0x798eb41800,id:3151,api:1,p:24995,c:800) queueBuffer: fps=1.83 dur=4375.25 max=3617.12 min=12.99
05-25 16:17:52.628   800   800 I SurfaceFlinger: screenshot (com.oringnet.wm/com.oring.SlideActivity@24995#0)
05-25 16:17:52.745   800   800 I SurfaceFlinger: screenshot (com.oringnet.wm/com.oring.SlideActivity@24995#0)
05-25 16:17:52.845   800   800 I SurfaceFlinger: screenshot (com.oringnet.wm/com.oring.SlideActivity@24995#0)
05-25 16:17:52.946   800   800 I SurfaceFlinger: screenshot (com.oringnet.wm/com.oring.SlideActivity@24995#0)
05-25 16:17:53.065   800   800 I SurfaceFlinger: screenshot (com.oringnet.wm/com.oring.SlideActivity@24995#0)
05-25 16:17:53.179   800   800 I SurfaceFlinger: screenshot (com.oringnet.wm/com.oring.SlideActivity@24995#0)
05-25 16:17:53.297   800   800 I SurfaceFlinger: screenshot (com.oringnet.wm/com.oring.SlideActivity@24995#0)
05-25 16:17:53.398   800   800 I SurfaceFlinger: screenshot (com.oringnet.wm/com.oring.SlideActivity@24995#0)
05-25 16:17:53.628   800   800 I SurfaceFlinger: screenshot (com.oringnet.wm/com.oring.SlideActivity@24995#0)
05-25 16:17:54.061   800   800 I SurfaceFlinger: screenshot (com.oringnet.wm/com.oring.SlideActivity@24995#0)
05-25 16:17:54.177   800   800 I SurfaceFlinger: screenshot (com.oringnet.wm/com.oring.SlideActivity@24995#0)
05-25 16:17:54.295   800   800 I SurfaceFlinger: screenshot (com.oringnet.wm/com.oring.SlideActivity@24995#0)
05-25 16:17:54.295 24995 24995 I I/O     : [Rsp]<Read DI Status> 01020100a188
05-25 16:17:54.307 24995 24995 W UiThreadStatement: Already on the UI thread, this method should not be called from the main application thread
05-25 16:17:54.307 24995 24995 I I/O     : [Req]<Read DO Status> 01020000000479c9
05-25 16:17:54.393 24995 24995 I I/O     : [Rsp]<Read DO Status> 010101005188
05-25 16:17:54.411   800   800 I SurfaceFlinger: screenshot (com.oringnet.wm/com.oring.SlideActivity@24995#0)
05-25 16:17:54.431 24995 24995 W UiThreadStatement: Already on the UI thread, this method should not be called from the main application thread
05-25 16:17:54.431 24995 24995 I I/O     : [Req]<Read RELAY Status> 0101000000043dc9
05-25 16:17:54.488 24995 24995 W UiThreadStatement: Already on the UI thread, this method should not be called from the main application thread
05-25 16:17:54.488 24995 24995 I I/O     : [Req]<Read RELAY Status> 010100040002fc0a
05-25 16:17:54.488 24995 24995 I I/O     : [Rsp]<Read RELAY Status> 010101005188
05-25 16:17:54.527   800   800 I SurfaceFlinger: screenshot (com.oringnet.wm/com.oring.SlideActivity@24995#0)
05-25 16:17:54.588 24995 24995 W UiThreadStatement: Already on the UI thread, this method should not be called from the main application thread
05-25 16:17:54.588 24995 24995 I I/O     : [Req]<Read DI COUNTER> 010404310004a136
05-25 16:17:54.588 24995 24995 I I/O     : [Rsp]<Read DI COUNTER> 0104080000000000000000240d
05-25 16:17:54.633   800  2411 I BufferQueueProducer: [com.oringnet.wm/com.oring.SlideActivity@24995#0](this:0x798eb41800,id:3151,api:1,p:24995,c:800) queueBuffer: fps=52.97 dur=1019.38 max=45.62 min=6.79
05-25 16:17:54.662   800   800 I SurfaceFlinger: screenshot (com.oringnet.wm/com.oring.SlideActivity@24995#0)
05-25 16:17:54.691 24995 24995 I I/O     : [Rsp]<Read AI 0 Status> 01040400000000fb84
05-25 16:17:54.717 24995 24995 I AI_value:: 0.0
05-25 16:17:54.718 24995 24995 I AI_raw: : 00000000
05-25 16:17:54.731 24995 24995 W UiThreadStatement: Already on the UI thread, this method should not be called from the main application thread
05-25 16:17:54.731 24995 24995 I I/O     : [Req]<Read AI 1 Status> 01040000000271cb
05-25 16:17:54.832 24995 24995 I I/O     : [Rsp]<Read AI 1 Status> 01040400000000fb84
05-25 16:17:54.855 24995 24995 I AI_value:: 0.0
05-25 16:17:54.855 24995 24995 I AI_raw: : 00000000
05-25 16:17:54.864 24995 24995 W UiThreadStatement: Already on the UI thread, this method should not be called from the main application thread
05-25 16:17:54.928   800   800 I SurfaceFlinger: screenshot (com.oringnet.wm/com.oring.SlideActivity@24995#0)
05-25 16:17:54.928 24995 24995 W UiThreadStatement: Already on the UI thread, this method should not be called from the main application thread
05-25 16:17:54.928 24995 24995 I I/O     : [Req]<Read AI 2 Status> 010400040002300a
05-25 16:17:54.930 24995 24995 I I/O     : [Rsp]<Read AI 2 Status> 0104044412f99a8d4a
05-25 16:17:54.945 24995 24995 I SP_SW : : 初始 將第 0項, 設定成 0
05-25 16:17:54.991 24995 24995 I SP_SW : : 初始 將第 2項, 設定成 0
05-25 16:17:55.022 24995 24995 I AI_value:: 587.9
05-25 16:17:55.022 24995 24995 I AI_raw: : 4412f99a
05-25 16:17:55.039 24995 24995 I SP_SW : : 初始 將第 0項, 設定成 0
05-25 16:17:55.060 24995 24995 I SP_SW : : 初始 將第 2項, 設定成 0
05-25 16:17:55.099 24995 24995 I ViewRootImpl: ViewRoot's Touch Event : ACTION_UP
05-25 16:17:55.099 24995 24995 I TouchFlickNoti: CHANGE DOWN TO UP vectorVelocity:-827
05-25 16:17:55.132   800   800 I SurfaceFlinger: screenshot (com.oringnet.wm/com.oring.SlideActivity@24995#0)
05-25 16:17:55.138 24995 24995 I I/O     : [Rsp]<Read AI 3 Status> 0104044412f99a8d4a
05-25 16:17:55.153 24995 24995 I SP_SW : : 初始 將第 0項, 設定成 0
05-25 16:17:55.200 24995 24995 I SP_SW : : 初始 將第 2項, 設定成 0
05-25 16:17:55.228 24995 24995 I AI_value:: 587.9
05-25 16:17:55.228 24995 24995 I AI_raw: : 4412f99a
05-25 16:17:55.238 24995 24995 W UiThreadStatement: Already on the UI thread, this method should not be called from the main application thread
05-25 16:17:55.238 24995 24995 I I/O     : [Req]<Read AI 4 Status> 01040006000291ca
05-25 16:17:55.280   800   800 I SurfaceFlinger: screenshot (com.oringnet.wm/com.oring.SlideActivity@24995#0)
05-25 16:17:55.338 24995 24995 W UiThreadStatement: Already on the UI thread, this method should not be called from the main application thread
05-25 16:17:55.338 24995 24995 I I/O     : [Req]<Read AI 4 Status> 010400080002f009
05-25 16:17:55.338 24995 24995 I I/O     : [Rsp]<Read AI 4 Status> 01040400000000fb84
05-25 16:17:55.350 24995 24995 I SP_SW : : 初始 將第 0項, 設定成 0
05-25 16:17:55.395 24995 24995 I SP_SW : : 初始 將第 2項, 設定成 0
05-25 16:17:55.427 24995 24995 I AI_value:: 0.0
05-25 16:17:55.427 24995 24995 I AI_raw: : 00000000
05-25 16:17:55.477   800   800 I SurfaceFlinger: screenshot (com.oringnet.wm/com.oring.SlideActivity@24995#0)
05-25 16:17:55.520 24995 24995 W UiThreadStatement: Already on the UI thread, this method should not be called from the main application thread
05-25 16:17:55.520 24995 24995 I I/O     : [Req]<Read AI 5 Status> 0104000A000251c9
05-25 16:17:55.520 24995 24995 I I/O     : [Rsp]<Read AI 5 Status> 01040400000000fb84
05-25 16:17:55.534 24995 24995 I SP_SW : : 初始 將第 0項, 設定成 0
05-25 16:17:55.576 24995 24995 I SP_SW : : 初始 將第 2項, 設定成 0
05-25 16:17:55.608 24995 24995 I AI_value:: 0.0
05-25 16:17:55.608 24995 24995 I AI_raw: : 00000000
05-25 16:17:55.642   800  2411 I BufferQueueProducer: [com.oringnet.wm/com.oring.SlideActivity@24995#0](this:0x798eb41800,id:3151,api:1,p:24995,c:800) queueBuffer: fps=30.72 dur=1008.97 max=159.48 min=6.26
05-25 16:17:55.663   800   800 I SurfaceFlinger: screenshot (com.oringnet.wm/com.oring.SlideActivity@24995#0)
05-25 16:17:55.720 24995 24995 W UiThreadStatement: Already on the UI thread, this method should not be called from the main application thread
05-25 16:17:55.721 24995 24995 I I/O     : [Req]<Read AI Type> 010304000006c4f8
05-25 16:17:55.721 24995 24995 I I/O     : [Rsp]<Read AI Type> 01030c000600060215021502150215bfb2
05-25 16:17:55.827 24995 24995 W UiThreadStatement: Already on the UI thread, this method should not be called from the main application thread
05-25 16:17:55.828 24995 24995 I I/O     : [Req]<Read RTD 2 mode> 010303050004544c
05-25 16:17:55.997   800   800 I SurfaceFlinger: screenshot (com.oringnet.wm/com.oring.SlideActivity@24995#0)
05-25 16:17:56.215   800   800 I SurfaceFlinger: screenshot (com.oringnet.wm/com.oring.SlideActivity@24995#0)
05-25 16:17:56.317   800   800 I SurfaceFlinger: screenshot (com.oringnet.wm/com.oring.SlideActivity@24995#0)
05-25 16:17:56.531   800   800 I SurfaceFlinger: screenshot (com.oringnet.wm/com.oring.SlideActivity@24995#0)
05-25 16:17:56.649   800   800 I SurfaceFlinger: screenshot (com.oringnet.wm/com.oring.SlideActivity@24995#0)
05-25 16:17:56.652   800   852 I BufferQueueProducer: [com.oringnet.wm/com.oring.SlideActivity@24995#0](this:0x798eb41800,id:3151,api:1,p:24995,c:800) queueBuffer: fps=59.41 dur=1009.89 max=24.11 min=10.57
05-25 16:17:56.864   800   800 I SurfaceFlinger: screenshot (com.oringnet.wm/com.oring.SlideActivity@24995#0)
05-25 16:17:56.965   800   800 I SurfaceFlinger: screenshot (com.oringnet.wm/com.oring.SlideActivity@24995#0)
05-25 16:17:57.081   800   800 I SurfaceFlinger: screenshot (com.oringnet.wm/com.oring.SlideActivity@24995#0)
05-25 16:17:57.711   800   852 I BufferQueueProducer: [com.oringnet.wm/com.oring.SlideActivity@24995#0](this:0x798eb41800,id:3151,api:1,p:24995,c:800) queueBuffer: fps=38.73 dur=1058.70 max=391.70 min=7.83
05-25 16:17:57.732   800   800 I SurfaceFlinger: screenshot (com.oringnet.wm/com.oring.SlideActivity@24995#0)
05-25 16:17:57.849   800   800 I SurfaceFlinger: screenshot (com.oringnet.wm/com.oring.SlideActivity@24995#0)
05-25 16:17:57.965   800   800 I SurfaceFlinger: screenshot (com.oringnet.wm/com.oring.SlideActivity@24995#0)
05-25 16:17:58.439   800   800 I SurfaceFlinger: screenshot (com.oringnet.wm/com.oring.SlideActivity@24995#0)
05-25 16:18:01.318 24995 24995 I I/O     : [Rsp]<Read DI Status> 01020100a188
05-25 16:18:01.334 24995 24995 W UiThreadStatement: Already on the UI thread, this method should not be called from the main application thread
05-25 16:18:01.335 24995 24995 I I/O     : [Req]<Read DO Status> 01020000000479c9
05-25 16:18:01.378   800   852 I BufferQueueProducer: [com.oringnet.wm/com.oring.SlideActivity@24995#0](this:0x798eb41800,id:3151,api:1,p:24995,c:800) queueBuffer: fps=3.82 dur=3667.43 max=3418.92 min=10.80
05-25 16:18:01.396   800   800 I SurfaceFlinger: screenshot (com.oringnet.wm/com.oring.SlideActivity@24995#0)
05-25 16:18:01.412 24995 24995 W UiThreadStatement: Already on the UI thread, this method should not be called from the main application thread
05-25 16:18:01.412 24995 24995 I I/O     : [Req]<Read DO Status> 0101000000043dc9
05-25 16:18:01.413 24995 24995 I I/O     : [Rsp]<Read DO Status> 010101005188
05-25 16:18:01.509 24995 24995 W UiThreadStatement: Already on the UI thread, this method should not be called from the main application thread
05-25 16:18:01.509 24995 24995 I I/O     : [Req]<Read RELAY Status> 010100040002fc0a
05-25 16:18:01.511 24995 24995 I I/O     : [Rsp]<Read RELAY Status> 010101005188
05-25 16:18:01.607 24995 24995 W UiThreadStatement: Already on the UI thread, this method should not be called from the main application thread
05-25 16:18:01.607 24995 24995 I I/O     : [Req]<Read DI COUNTER> 010404310004a136
05-25 16:18:01.608 24995 24995 I I/O     : [Rsp]<Read DI COUNTER> 0104080000000000000000240d
05-25 16:18:01.705 24995 24995 W UiThreadStatement: Already on the UI thread, this method should not be called from the main application thread
05-25 16:18:01.705 24995 24995 I I/O     : [Req]<Read AI 0 Status> 01040000000271cb
05-25 16:18:01.705 24995 24995 I I/O     : [Rsp]<Read AI 0 Status> 01040400000000fb84
05-25 16:18:01.738 24995 24995 I AI_value:: 0.0
05-25 16:18:01.738 24995 24995 I AI_raw: : 00000000
05-25 16:18:01.796   800   800 I SurfaceFlinger: screenshot (com.oringnet.wm/com.oring.SlideActivity@24995#0)
05-25 16:18:01.851 24995 24995 W UiThreadStatement: Already on the UI thread, this method should not be called from the main application thread
05-25 16:18:01.851 24995 24995 I I/O     : [Req]<Read AI 1 Status> 010400020002d00b
05-25 16:18:01.852 24995 24995 I I/O     : [Rsp]<Read AI 1 Status> 01040400000000fb84
05-25 16:18:01.889 24995 24995 I AI_value:: 0.0
05-25 16:18:01.889 24995 24995 I AI_raw: : 00000000
05-25 16:18:01.953   800   800 I SurfaceFlinger: screenshot (com.oringnet.wm/com.oring.SlideActivity@24995#0)
05-25 16:18:01.998 24995 24995 W UiThreadStatement: Already on the UI thread, this method should not be called from the main application thread
05-25 16:18:01.998 24995 24995 I I/O     : [Req]<Read AI 2 Status> 010400040002300a
05-25 16:18:01.998 24995 24995 I I/O     : [Rsp]<Read AI 2 Status> 0104044412f99a8d4a
05-25 16:18:02.015 24995 24995 I SP_SW : : 初始 將第 0項, 設定成 0
05-25 16:18:02.056 24995 24995 I SP_SW : : 初始 將第 2項, 設定成 0
05-25 16:18:02.102 24995 24995 I AI_value:: 587.9
05-25 16:18:02.102 24995 24995 I AI_raw: : 4412f99a
05-25 16:18:02.164   800   800 I SurfaceFlinger: screenshot (com.oringnet.wm/com.oring.SlideActivity@24995#0)
05-25 16:18:02.192 24995 24995 W UiThreadStatement: Already on the UI thread, this method should not be called from the main application thread
05-25 16:18:02.192 24995 24995 I I/O     : [Req]<Read AI 3 Status> 01040006000291ca
