07-08 16:11:37.231   800   800 I MiniDump: 0x78010bf000 |     DEVICE |          0 | 1.000 |    0    0  720 1600 |   0.0   0.0 720.0 1600.0 | com.oringnet.wm/com.oring.SlideActivity@8772#0
07-08 16:11:37.231   800   800 I MiniDump: 0x78010bf000 |     DEVICE |          0 | 1.000 |    0    0  720 1600 |   0.0   0.0 720.0 1600.0 | com.oringnet.wm/com.oring.SlideActivity@8772#0
07-08 16:11:37.243   800   800 I SurfaceFlinger: Remove BufferLayer(0x78010c8000) Toast@8772#0 (-1 x -1)
07-08 16:11:37.244   800   800 I BufferQueue: [Toast@8772#0](this:0x78010a5800,id:430,api:1,p:-1,c:-1) ~BufferQueueCore
07-08 16:11:37.271   800   800 I SurfaceFlinger: screenshot (com.oringnet.wm/com.oring.SlideActivity@8772#0)
07-08 16:11:38.036   800  2133 I BufferQueueProducer: [com.oringnet.wm/com.oring.SlideActivity@8772#0](this:0x78010a4000,id:426,api:1,p:8772,c:800) queueBuffer: fps=1.03 dur=1950.05 max=1196.71 min=753.34
07-08 16:11:38.053   800   800 I SurfaceFlinger: screenshot (com.oringnet.wm/com.oring.SlideActivity@8772#0)
07-08 16:11:38.258   800   800 I SurfaceFlinger: screenshot (com.oringnet.wm/com.oring.SlideActivity@8772#0)
07-08 16:11:38.552   800   800 I SurfaceFlinger: screenshot (com.oringnet.wm/com.oring.SlideActivity@8772#0)
07-08 16:11:39.792   800   800 I SurfaceFlinger: screenshot (com.oringnet.wm/com.oring.SlideActivity@8772#0)
07-08 16:11:41.381  8772  8772 I ViewRootImpl: ViewRoot's Touch Event : ACTION_DOWN
07-08 16:11:41.388   800   800 I SurfaceFlinger: screenshot (com.oringnet.wm/com.oring.SlideActivity@8772#0)
07-08 16:11:41.389  8772  8772 I ViewRootImpl: ViewRoot's Touch Event : ACTION_UP
07-08 16:11:41.422  8772  8772 I TouchFilterInputStageHelper: [needTouchEventFilter] Displayid : 0
07-08 16:11:41.426  8772  8772 D BezellessGripSuppressionFilter: getdisplaysize, x : 720 y : 1600
07-08 16:11:41.440   800  2133 I BufferQueueConsumer: [Toast@8772#0](this:0x7801157800,id:431,api:0,p:-1,c:800) setConsumerName: Toast@8772#0
07-08 16:11:41.440   800  2133 I BufferQueueConsumer: [Toast@8772#0](this:0x7801157800,id:431,api:0,p:-1,c:800) setDefaultBufferSize: width=346 height=70
07-08 16:11:41.440   800  2133 I SurfaceFlinger: Create BufferLayer(0x7801199000) Toast@8772#0 (346 x 70)
07-08 16:11:41.450  8772  8797 D Surface : Surface::connect(this=0x7877a7e000,api=1)
07-08 16:11:41.452   800  2133 I BufferQueueProducer: [Toast@8772#0](this:0x7801157800,id:431,api:1,p:8772,c:800) connect(P): api=1 producer=(8772:com.oringnet.wm) producerControlledByApp=false
07-08 16:11:41.455  8772  8797 D Surface : Surface::setBufferCount(this=0x7877a7e000,bufferCount=3)
07-08 16:11:41.455  8772  8797 D Surface : Surface::allocateBuffers(this=0x7877a7e000)
07-08 16:11:41.479   800  2133 I BufferQueueProducer: [com.oringnet.wm/com.oring.SlideActivity@8772#0](this:0x78010a4000,id:426,api:1,p:8772,c:800) queueBuffer: fps=0.58 dur=3443.00 max=2944.86 min=498.14
07-08 16:11:41.504   800   800 I SurfaceFlinger: screenshot (com.oringnet.wm/com.oring.SlideActivity@8772#0)
07-08 16:11:41.532   800   800 I MiniDump: 0x78010bf000 |     DEVICE |          0 | 1.000 |    0    0  720 1600 |   0.0   0.0 720.0 1600.0 | com.oringnet.wm/com.oring.SlideActivity@8772#0
07-08 16:11:41.532   800   800 I MiniDump: 0x7801199000 |     DEVICE |          0 | 0.067 |  187 1460  533 1530 |   0.0   0.0 346.0  70.0 | Toast@8772#0
07-08 16:11:41.532   800   800 I MiniDump: 0x78010bf000 |     DEVICE |          0 | 1.000 |    0    0  720 1600 |   0.0   0.0 720.0 1600.0 | com.oringnet.wm/com.oring.SlideActivity@8772#0
07-08 16:11:41.532   800   800 I MiniDump: 0x7801199000 |     DEVICE |          0 | 0.067 |  187 1460  533 1530 |   0.0   0.0 346.0  70.0 | Toast@8772#0
07-08 16:11:41.606   800   800 I SurfaceFlinger: screenshot (com.oringnet.wm/com.oring.SlideActivity@8772#0)
07-08 16:11:41.722   800   800 I SurfaceFlinger: screenshot (com.oringnet.wm/com.oring.SlideActivity@8772#0)
07-08 16:11:41.794   800   800 I SurfaceFlinger: screenshot (com.oringnet.wm/com.oring.SlideActivity@8772#0)
07-08 16:11:41.794   800   800 I SurfaceFlinger: screenshot (Toast@8772#0)
07-08 16:11:41.823   800   800 I SurfaceFlinger: screenshot (com.oringnet.wm/com.oring.SlideActivity@8772#0)
07-08 16:11:41.938   800   800 I SurfaceFlinger: screenshot (com.oringnet.wm/com.oring.SlideActivity@8772#0)
07-08 16:11:42.006   989 22254 D MtkOmxVenc: [0xe5725400] AVC EncTime=16685 (us), RGB_2_YUV=0, FrameCount= 84714, buf timestamp=6590587 (6590587722) IsKey(0), Size(1140)  Slotbitcount(443696) : in VA=0xE5D722E0, offset=0x00000000, len=12, flags=0x00000010 : out VA=0xE0845000, offset=0x00000000sec:0x0, 0x0, pending=2
07-08 16:11:42.053   800   800 I SurfaceFlinger: screenshot (com.oringnet.wm/com.oring.SlideActivity@8772#0)
07-08 16:11:42.356   800   800 I SurfaceFlinger: screenshot (com.oringnet.wm/com.oring.SlideActivity@8772#0)
07-08 16:11:42.953   800  2133 I BufferQueueProducer: [com.oringnet.wm/com.oring.SlideActivity@8772#0](this:0x78010a4000,id:426,api:1,p:8772,c:800) queueBuffer: fps=6.11 dur=1473.87 max=745.54 min=9.94
07-08 16:11:42.971   800   800 I SurfaceFlinger: screenshot (com.oringnet.wm/com.oring.SlideActivity@8772#0)
07-08 16:11:43.411  8772  8797 D Surface : Surface::disconnect(this=0x7877a7e000,api=1)
07-08 16:11:43.412   800  2133 I BufferQueueProducer: [Toast@8772#0](this:0x7801157800,id:431,api:1,p:8772,c:800) disconnect(P): api 1
07-08 16:11:43.426   800   800 I SurfaceFlinger: screenshot (com.oringnet.wm/com.oring.SlideActivity@8772#0)
07-08 16:11:43.539   800   800 I SurfaceFlinger: screenshot (com.oringnet.wm/com.oring.SlideActivity@8772#0)
07-08 16:11:43.655   800   800 I SurfaceFlinger: screenshot (com.oringnet.wm/com.oring.SlideActivity@8772#0)
07-08 16:11:43.756   800   800 I SurfaceFlinger: screenshot (com.oringnet.wm/com.oring.SlideActivity@8772#0)
07-08 16:11:43.857   800   800 I SurfaceFlinger: screenshot (com.oringnet.wm/com.oring.SlideActivity@8772#0)
07-08 16:11:43.932   800   800 I MiniDump: 0x78010bf000 |     DEVICE |          0 | 1.000 |    0    0  720 1600 |   0.0   0.0 720.0 1600.0 | com.oringnet.wm/com.oring.SlideActivity@8772#0
07-08 16:11:43.933   800   800 I MiniDump: 0x78010bf000 |     DEVICE |          0 | 1.000 |    0    0  720 1600 |   0.0   0.0 720.0 1600.0 | com.oringnet.wm/com.oring.SlideActivity@8772#0
07-08 16:11:43.945   800   800 I SurfaceFlinger: Remove BufferLayer(0x7801199000) Toast@8772#0 (-1 x -1)
07-08 16:11:43.945   800   800 I BufferQueue: [Toast@8772#0](this:0x7801157800,id:431,api:1,p:-1,c:-1) ~BufferQueueCore
07-08 16:11:43.973   800   800 I SurfaceFlinger: screenshot (com.oringnet.wm/com.oring.SlideActivity@8772#0)
07-08 16:11:44.804   800  2133 I BufferQueueProducer: [com.oringnet.wm/com.oring.SlideActivity@8772#0](this:0x78010a4000,id:426,api:1,p:8772,c:800) queueBuffer: fps=1.08 dur=1851.22 max=1132.77 min=718.46
07-08 16:11:44.823   800   800 I SurfaceFlinger: screenshot (com.oringnet.wm/com.oring.SlideActivity@8772#0)
07-08 16:11:45.489   800   800 I SurfaceFlinger: screenshot (com.oringnet.wm/com.oring.SlideActivity@8772#0)
07-08 16:11:46.789   800   800 I SurfaceFlinger: screenshot (com.oringnet.wm/com.oring.SlideActivity@8772#0)
07-08 16:11:48.297  8772  8772 I ViewRootImpl: ViewRoot's Touch Event : ACTION_DOWN
07-08 16:11:48.305   800   800 I SurfaceFlinger: screenshot (com.oringnet.wm/com.oring.SlideActivity@8772#0)
07-08 16:11:48.314  8772  8772 I ViewRootImpl: ViewRoot's Touch Event : ACTION_UP
07-08 16:11:48.355  8772  8772 I TouchFilterInputStageHelper: [needTouchEventFilter] Displayid : 0
07-08 16:11:48.359  8772  8772 D BezellessGripSuppressionFilter: getdisplaysize, x : 720 y : 1600
07-08 16:11:48.374   800  1415 I BufferQueueConsumer: [Toast@8772#0](this:0x780dc80800,id:432,api:0,p:-1,c:800) setConsumerName: Toast@8772#0
07-08 16:11:48.374   800  1415 I BufferQueueConsumer: [Toast@8772#0](this:0x780dc80800,id:432,api:0,p:-1,c:800) setDefaultBufferSize: width=346 height=70
07-08 16:11:48.374   800  1415 I SurfaceFlinger: Create BufferLayer(0x780dd39000) Toast@8772#0 (346 x 70)
07-08 16:11:48.384  8772  8797 D Surface : Surface::connect(this=0x7877a7e000,api=1)
07-08 16:11:48.385   800  2204 I BufferQueueProducer: [Toast@8772#0](this:0x780dc80800,id:432,api:1,p:8772,c:800) connect(P): api=1 producer=(8772:com.oringnet.wm) producerControlledByApp=false
07-08 16:11:48.390  8772  8797 D Surface : Surface::setBufferCount(this=0x7877a7e000,bufferCount=3)
07-08 16:11:48.391  8772  8797 D Surface : Surface::allocateBuffers(this=0x7877a7e000)
07-08 16:11:48.406   800   800 I SurfaceFlinger: screenshot (com.oringnet.wm/com.oring.SlideActivity@8772#0)
07-08 16:11:48.413   800  1415 I BufferQueueProducer: [com.oringnet.wm/com.oring.SlideActivity@8772#0](this:0x78010a4000,id:426,api:1,p:8772,c:800) queueBuffer: fps=0.55 dur=3609.42 max=2941.37 min=668.06
07-08 16:11:48.466   800   800 I MiniDump: 0x78010bf000 |     DEVICE |          0 | 1.000 |    0    0  720 1600 |   0.0   0.0 720.0 1600.0 | com.oringnet.wm/com.oring.SlideActivity@8772#0
07-08 16:11:48.466   800   800 I MiniDump: 0x780dd39000 |     DEVICE |          0 | 0.063 |  187 1460  533 1530 |   0.0   0.0 346.0  70.0 | Toast@8772#0
07-08 16:11:48.467   800   800 I MiniDump: 0x78010bf000 |     DEVICE |          0 | 1.000 |    0    0  720 1600 |   0.0   0.0 720.0 1600.0 | com.oringnet.wm/com.oring.SlideActivity@8772#0
07-08 16:11:48.467   800   800 I MiniDump: 0x780dd39000 |     DEVICE |          0 | 0.063 |  187 1460  533 1530 |   0.0   0.0 346.0  70.0 | Toast@8772#0
07-08 16:11:48.523   800   800 I SurfaceFlinger: screenshot (com.oringnet.wm/com.oring.SlideActivity@8772#0)
07-08 16:11:48.623   800   800 I SurfaceFlinger: screenshot (com.oringnet.wm/com.oring.SlideActivity@8772#0)
07-08 16:11:48.709   800   800 I SurfaceFlinger: screenshot (com.oringnet.wm/com.oring.SlideActivity@8772#0)
07-08 16:11:48.709   800   800 I SurfaceFlinger: screenshot (Toast@8772#0)
07-08 16:11:48.725   800   800 I SurfaceFlinger: screenshot (com.oringnet.wm/com.oring.SlideActivity@8772#0)
07-08 16:11:48.840   800   800 I SurfaceFlinger: screenshot (com.oringnet.wm/com.oring.SlideActivity@8772#0)
07-08 16:11:48.956   800   800 I SurfaceFlinger: screenshot (com.oringnet.wm/com.oring.SlideActivity@8772#0)
07-08 16:11:49.241   800   800 I SurfaceFlinger: screenshot (com.oringnet.wm/com.oring.SlideActivity@8772#0)
07-08 16:11:49.805   800  2133 I BufferQueueProducer: [com.oringnet.wm/com.oring.SlideActivity@8772#0](this:0x78010a4000,id:426,api:1,p:8772,c:800) queueBuffer: fps=6.47 dur=1391.63 max=691.75 min=8.70
07-08 16:11:49.824   800   800 I SurfaceFlinger: screenshot (com.oringnet.wm/com.oring.SlideActivity@8772#0)
07-08 16:11:50.336  8772  8797 D Surface : Surface::disconnect(this=0x7877a7e000,api=1)
07-08 16:11:50.337   800  2133 I BufferQueueProducer: [Toast@8772#0](this:0x780dc80800,id:432,api:1,p:8772,c:800) disconnect(P): api 1
07-08 16:11:50.360   800   800 I SurfaceFlinger: screenshot (com.oringnet.wm/com.oring.SlideActivity@8772#0)
07-08 16:11:50.473   800   800 I SurfaceFlinger: screenshot (com.oringnet.wm/com.oring.SlideActivity@8772#0)
07-08 16:11:50.574   800   800 I SurfaceFlinger: screenshot (com.oringnet.wm/com.oring.SlideActivity@8772#0)
07-08 16:11:50.675   800   800 I SurfaceFlinger: screenshot (com.oringnet.wm/com.oring.SlideActivity@8772#0)
07-08 16:11:50.791   800   800 I SurfaceFlinger: screenshot (com.oringnet.wm/com.oring.SlideActivity@8772#0)
07-08 16:11:50.867   800   800 I MiniDump: 0x78010bf000 |     DEVICE |          0 | 1.000 |    0    0  720 1600 |   0.0   0.0 720.0 1600.0 | com.oringnet.wm/com.oring.SlideActivity@8772#0
07-08 16:11:50.867   800   800 I MiniDump: 0x78010bf000 |     DEVICE |          0 | 1.000 |    0    0  720 1600 |   0.0   0.0 720.0 1600.0 | com.oringnet.wm/com.oring.SlideActivity@8772#0
07-08 16:11:50.880   800   800 I SurfaceFlinger: Remove BufferLayer(0x780dd39000) Toast@8772#0 (-1 x -1)
07-08 16:11:50.880   800   800 I BufferQueue: [Toast@8772#0](this:0x780dc80800,id:432,api:1,p:-1,c:-1) ~BufferQueueCore
07-08 16:11:50.891   800   800 I SurfaceFlinger: screenshot (com.oringnet.wm/com.oring.SlideActivity@8772#0)
07-08 16:11:51.755   800   830 I BufferQueueProducer: [com.oringnet.wm/com.oring.SlideActivity@8772#0](this:0x78010a4000,id:426,api:1,p:8772,c:800) queueBuffer: fps=1.03 dur=1950.28 max=1201.31 min=748.96
07-08 16:11:51.890   800   800 I SurfaceFlinger: screenshot (com.oringnet.wm/com.oring.SlideActivity@8772#0)
07-08 16:11:52.311   800   800 I SurfaceFlinger: screenshot (com.oringnet.wm/com.oring.SlideActivity@8772#0)
07-08 16:11:53.688   800   800 I SurfaceFlinger: screenshot (com.oringnet.wm/com.oring.SlideActivity@8772#0)
07-08 16:11:55.251  8772  8772 I ViewRootImpl: ViewRoot's Touch Event : ACTION_DOWN
07-08 16:11:55.261   800   800 I SurfaceFlinger: screenshot (com.oringnet.wm/com.oring.SlideActivity@8772#0)
07-08 16:11:55.272  8772  8772 I ViewRootImpl: ViewRoot's Touch Event : ACTION_UP
07-08 16:11:55.298  8772  8772 D PhoneWindow: windowLightStatusBar : false, disable View.SYSTEM_UI_FLAG_LIGHT_STATUS_BAR
07-08 16:11:55.321  8772  8772 I TouchFilterInputStageHelper: [needTouchEventFilter] Displayid : 0
07-08 16:11:55.324  8772  8772 D BezellessGripSuppressionFilter: getdisplaysize, x : 720 y : 1600
07-08 16:11:55.352   800   830 I BufferQueueConsumer: [com.oringnet.wm/com.oring.SlideActivity@8772#1](this:0x780dc7f000,id:433,api:0,p:-1,c:800) setConsumerName: com.oringnet.wm/com.oring.SlideActivity@8772#1
07-08 16:11:55.352   800   830 I BufferQueueConsumer: [com.oringnet.wm/com.oring.SlideActivity@8772#1](this:0x780dc7f000,id:433,api:0,p:-1,c:800) setDefaultBufferSize: width=126 height=126
07-08 16:11:55.352   800   830 I SurfaceFlinger: Create BufferLayer(0x780dd00000) com.oringnet.wm/com.oring.SlideActivity@8772#1 (126 x 126)
07-08 16:11:55.359  8772  8797 D Surface : Surface::connect(this=0x7877a8f000,api=1)
07-08 16:11:55.360   800   830 I BufferQueueProducer: [com.oringnet.wm/com.oring.SlideActivity@8772#1](this:0x780dc7f000,id:433,api:1,p:8772,c:800) connect(P): api=1 producer=(8772:com.oringnet.wm) producerControlledByApp=false
07-08 16:11:55.361  8772  8797 D Surface : Surface::setBufferCount(this=0x7877a8f000,bufferCount=3)
07-08 16:11:55.362  8772  8797 D Surface : Surface::allocateBuffers(this=0x7877a8f000)
07-08 16:11:55.374   800   800 I SurfaceFlinger: screenshot (com.oringnet.wm/com.oring.SlideActivity@8772#0)
07-08 16:11:55.415  8772  8772 W UiThreadStatement: Already on the UI thread, this method should not be called from the main application thread
07-08 16:11:55.415  8772  8772 I RTDPage : [Req]<WRITE CHANNEL ENABLE> 011004100001020014e10f
07-08 16:11:55.416  8772  8772 I RTDPage : [Rsp]<WRITE CHANNEL ENABLE> 011004100001013c
07-08 16:11:55.435   800   800 I MiniDump: 0x78010bf000 |     DEVICE |          0 | 1.000 |    0    0  720 1600 |   0.0   0.0 720.0 1600.0 | com.oringnet.wm/com.oring.SlideActivity@8772#0
07-08 16:11:55.435   800   800 I MiniDump: 0x780dd00000 |     DEVICE |          0 | 0.303 |  301  760  419  878 |   0.0   0.0 126.0 126.0 | com.oringnet.wm/com.oring.SlideActivity@8772#1
07-08 16:11:55.435   800   800 I MiniDump: 0x78010bf000 |     DEVICE |          0 | 1.000 |    0    0  720 1600 |   0.0   0.0 720.0 1600.0 | com.oringnet.wm/com.oring.SlideActivity@8772#0
07-08 16:11:55.435   800   800 I MiniDump: 0x780dd00000 |     DEVICE |          0 | 0.303 |  301  760  419  878 |   0.0   0.0 126.0 126.0 | com.oringnet.wm/com.oring.SlideActivity@8772#1
07-08 16:11:55.452   800   800 I MiniDump: 0x78010bf000 |     DEVICE |          0 | 1.000 |    0    0  720 1600 |   0.0   0.0 720.0 1600.0 | com.oringnet.wm/com.oring.SlideActivity@8772#0
07-08 16:11:55.452   800   800 I MiniDump: 0x780dd00000 |     DEVICE |          0 | 0.525 |  300  759  420  879 |   0.0   0.0 126.0 126.0 | com.oringnet.wm/com.oring.SlideActivity@8772#1
07-08 16:11:55.452   800   800 I MiniDump: 0x78010bf000 |     DEVICE |          0 | 1.000 |    0    0  720 1600 |   0.0   0.0 720.0 1600.0 | com.oringnet.wm/com.oring.SlideActivity@8772#0
07-08 16:11:55.452   800   800 I MiniDump: 0x780dd00000 |     DEVICE |          0 | 0.525 |  300  759  420  879 |   0.0   0.0 126.0 126.0 | com.oringnet.wm/com.oring.SlideActivity@8772#1
07-08 16:11:55.478   800   800 I SurfaceFlinger: screenshot (com.oringnet.wm/com.oring.SlideActivity@8772#0)
07-08 16:11:55.503  8772  8772 W UiThreadStatement: Already on the UI thread, this method should not be called from the main application thread
07-08 16:11:55.503  8772  8772 I RTDPage : [Req]<WRITE INPUT TYPE> 01100402000102021522dd
07-08 16:11:55.504  8772  8772 I RTDPage : [Rsp]<WRITE INPUT TYPE> 011004020001a139
07-08 16:11:55.591   800   800 I SurfaceFlinger: screenshot (com.oringnet.wm/com.oring.SlideActivity@8772#0)
07-08 16:11:55.601  8772  8772 I RTDPage : [Rsp]<WRITE HIGH ALARM ENABLE> 011004630001f0e7
07-08 16:11:55.610  8772  8772 W UiThreadStatement: Already on the UI thread, this method should not be called from the main application thread
07-08 16:11:55.610  8772  8772 I RTDPage : [Req]<WRITE HIGH ALARM> 011004630001020000ea03
07-08 16:11:55.691   800   800 I SurfaceFlinger: screenshot (com.oringnet.wm/com.oring.SlideActivity@8772#0)
07-08 16:11:55.699  8772  8772 W UiThreadStatement: Already on the UI thread, this method should not be called from the main application thread
07-08 16:11:55.699  8772  8772 I RTDPage : [Req]<WRITE HIGH ALARM> 011004660001020000ea56
07-08 16:11:55.699  8772  8772 I RTDPage : [Rsp]<WRITE HIGH ALARM> 011004660001e0e6
07-08 16:11:55.796  8772  8772 W UiThreadStatement: Already on the UI thread, this method should not be called from the main application thread
07-08 16:11:55.796  8772  8772 I RTDPage : [Req]<WRITE LOW ALARM ENABLE> 011004850001020000fc05
07-08 16:11:55.799  8772  8772 I RTDPage : [Rsp]<WRITE LOW ALARM ENABLE> 0110048500011110
07-08 16:11:55.872   800   800 I SurfaceFlinger: screenshot (com.oringnet.wm/com.oring.SlideActivity@8772#0)
07-08 16:11:55.894  8772  8772 I RTDPage : [Rsp]<WRITE LOW ALARM> 01100488000180d3
07-08 16:11:55.899  8772  8797 D Surface : Surface::disconnect(this=0x7877a8f000,api=1)
07-08 16:11:55.900   800  2133 I BufferQueueProducer: [com.oringnet.wm/com.oring.SlideActivity@8772#1](this:0x780dc7f000,id:433,api:1,p:8772,c:800) disconnect(P): api 1
07-08 16:11:55.921  8772  8772 W UiThreadStatement: Already on the UI thread, this method should not be called from the main application thread
07-08 16:11:55.921  8772  8772 I RTDPage : [Req]<WRITE LOW ALARM> 011004880001020000fd18
07-08 16:11:55.978   800   800 I SurfaceFlinger: screenshot (com.oringnet.wm/com.oring.SlideActivity@8772#0)
07-08 16:11:56.008   800   830 I BufferQueueProducer: [com.oringnet.wm/com.oring.SlideActivity@8772#0](this:0x78010a4000,id:426,api:1,p:8772,c:800) queueBuffer: fps=0.47 dur=4252.82 max=3725.78 min=527.04
07-08 16:11:56.079   800   800 I SurfaceFlinger: screenshot (com.oringnet.wm/com.oring.SlideActivity@8772#0)
07-08 16:11:56.088   800   800 I MiniDump: 0x78010bf000 |     DEVICE |          0 | 1.000 |    0    0  720 1600 |   0.0   0.0 720.0 1600.0 | com.oringnet.wm/com.oring.SlideActivity@8772#0
07-08 16:11:56.088   800   800 I MiniDump: 0x78010bf000 |     DEVICE |          0 | 1.000 |    0    0  720 1600 |   0.0   0.0 720.0 1600.0 | com.oringnet.wm/com.oring.SlideActivity@8772#0
07-08 16:11:56.164   800   800 I SurfaceFlinger: Remove BufferLayer(0x780dd00000) com.oringnet.wm/com.oring.SlideActivity@8772#1 (-1 x -1)
07-08 16:11:56.165   800   800 I BufferQueue: [com.oringnet.wm/com.oring.SlideActivity@8772#1](this:0x780dc7f000,id:433,api:1,p:-1,c:-1) ~BufferQueueCore
07-08 16:11:56.169   800   800 I MiniDump: 0x78010bf000 |     DEVICE |          0 | 1.000 |    0    0  720 1600 |   0.0   0.0 720.0 1600.0 | com.oringnet.wm/com.oring.SlideActivity@8772#0
07-08 16:11:56.169   800   800 I MiniDump: 0x78010bf000 |     DEVICE |          0 | 1.000 |    0    0  720 1600 |   0.0   0.0 720.0 1600.0 | com.oringnet.wm/com.oring.SlideActivity@8772#0
07-08 16:11:56.189   800   800 I SurfaceFlinger: screenshot (com.oringnet.wm/com.oring.SlideActivity@8772#0)
07-08 16:11:56.346  8772  8772 I bleDevName:  
07-08 16:11:56.359  8772  8772 I GetID   : androidx.navigation.NavController@f210fea
07-08 16:11:56.379  8772  8772 D BluetoothGatt: setCharacteristicNotification() - uuid: 6e400003-b5a3-f393-e0a9-e50e24dcca9e enable: true
07-08 16:11:56.440   800   800 I SurfaceFlinger: screenshot (com.oringnet.wm/com.oring.SlideActivity@8772#0)
07-08 16:11:56.658  8772  8797 I OpenGLRenderer: Davey! duration=727ms; Flags=0, IntendedVsync=6604532809048, Vsync=6604998466772, OldestInputEvent=9223372036854775807, NewestInputEvent=0, HandleInputStart=6605008507357, AnimationStart=6605008569126, PerformTraversalsStart=6605009329280, DrawStart=6605234527918, SyncQueued=6605250309073, SyncStart=6605250905612, IssueDrawCommandsStart=6605252253689, SwapBuffers=6605258937997, FrameCompleted=6605260642613, DequeueBufferDuration=214000, QueueBufferDuration=827000, 
07-08 16:11:56.705   800   800 I SurfaceFlinger: screenshot (com.oringnet.wm/com.oring.SlideActivity@8772#0)
07-08 16:11:56.773  8772  8772 W UiThreadStatement: Already on the UI thread, this method should not be called from the main application thread
07-08 16:11:56.774  8772  8772 I I/O     : [Req]<Read DI Status> 01020000000479c9
07-08 16:11:56.774  8772  8772 I I/O     : [Rsp]<Read DI Status> 01020100a188
07-08 16:11:56.869  8772  8772 I I/O     : [Rsp]<Read DO Status> 010101005188
07-08 16:11:56.878  8772  8772 W UiThreadStatement: Already on the UI thread, this method should not be called from the main application thread
07-08 16:11:56.879  8772  8772 I I/O     : [Req]<Read RELAY Status> 0101000000043dc9
07-08 16:11:56.886  8772  9089 I myPeriod_I/O: 目前時間:2021/07/08 04:11:56
07-08 16:11:56.886  8772  9089 I myPeriod_I/O: 目前timerCount:0
07-08 16:11:56.886  8772  9089 I myPeriod_I/O: 當前於輪詢中
07-08 16:11:56.889   800   800 I SurfaceFlinger: screenshot (com.oringnet.wm/com.oring.SlideActivity@8772#0)
07-08 16:11:56.966  8772  8772 W UiThreadStatement: Already on the UI thread, this method should not be called from the main application thread
07-08 16:11:56.966  8772  8772 I I/O     : [Req]<Read RELAY Status> 010100040002fc0a
07-08 16:11:56.967  8772  8772 I I/O     : [Rsp]<Read RELAY Status> 010101005188
07-08 16:11:57.023   800   800 I SurfaceFlinger: screenshot (com.oringnet.wm/com.oring.SlideActivity@8772#0)
07-08 16:11:57.064  8772  8772 W UiThreadStatement: Already on the UI thread, this method should not be called from the main application thread
07-08 16:11:57.064  8772  8772 I I/O     : [Req]<Read DI COUNTER> 010404310004a136
07-08 16:11:57.065  8772  8772 I I/O     : [Rsp]<Read DI COUNTER> 0104080000000000000000240d
07-08 16:11:57.105   800   830 I BufferQueueProducer: [com.oringnet.wm/com.oring.SlideActivity@8772#0](this:0x78010a4000,id:426,api:1,p:8772,c:800) queueBuffer: fps=4.56 dur=1096.79 max=649.20 min=97.33
07-08 16:11:57.162  8772  8772 W UiThreadStatement: Already on the UI thread, this method should not be called from the main application thread
07-08 16:11:57.162  8772  8772 I I/O     : [Req]<Read AI 0 Status> 01040000000271cb
07-08 16:11:57.162  8772  8772 I I/O     : [Rsp]<Read AI 0 Status> 010404bc9b3fbfffbb
07-08 16:11:57.192  8772  8772 I AI_value:: -0.019
07-08 16:11:57.192  8772  8772 I AI_raw: : bc9b3fbf
07-08 16:11:57.257   800   800 I SurfaceFlinger: screenshot (com.oringnet.wm/com.oring.SlideActivity@8772#0)
07-08 16:11:57.259  8772  8772 W UiThreadStatement: Already on the UI thread, this method should not be called from the main application thread
07-08 16:11:57.259  8772  8772 I I/O     : [Req]<Read AI 1 Status> 010400020002d00b
07-08 16:11:57.260  8772  8772 I I/O     : [Rsp]<Read AI 1 Status> 0104043dcc0509f541
07-08 16:11:57.291  8772  8772 I AI_value:: 0.1
07-08 16:11:57.291  8772  8772 I AI_raw: : 3dcc0509
07-08 16:11:57.339  8772  8785 I com.oringnet.w: Background young concurrent copying GC freed 201592(7965KB) AllocSpace objects, 3(60KB) LOS objects, 50% free, 7895KB/15MB, paused 1.036ms total 176.503ms
07-08 16:11:57.355  8772  8772 W UiThreadStatement: Already on the UI thread, this method should not be called from the main application thread
07-08 16:11:57.356  8772  8772 I I/O     : [Req]<Read AI 2 Status> 010400040002300a
07-08 16:11:57.357  8772  8772 I I/O     : [Rsp]<Read AI 2 Status> 0104044412f99a8d4a
07-08 16:11:57.385  8772  9089 I myPeriod_I/O: 目前時間:2021/07/08 04:11:57
07-08 16:11:57.385  8772  9089 I myPeriod_I/O: 目前timerCount:0
07-08 16:11:57.385  8772  9089 I myPeriod_I/O: 當前於輪詢中
07-08 16:11:57.430  8772  8772 I AI_value:: 587.9
07-08 16:11:57.430  8772  8772 I AI_raw: : 4412f99a
07-08 16:11:57.502  8772  8772 W UiThreadStatement: Already on the UI thread, this method should not be called from the main application thread
07-08 16:11:57.502  8772  8772 I I/O     : [Req]<Read AI 3 Status> 01040006000291ca
07-08 16:11:57.504  8772  8772 I I/O     : [Rsp]<Read AI 3 Status> 01040400000000fb84
07-08 16:11:57.507   800   800 I SurfaceFlinger: screenshot (com.oringnet.wm/com.oring.SlideActivity@8772#0)
07-08 16:11:57.577  8772  8772 I AI_value:: 0.0
07-08 16:11:57.577  8772  8772 I AI_raw: : 00000000
07-08 16:11:57.649  8772  8772 W UiThreadStatement: Already on the UI thread, this method should not be called from the main application thread
07-08 16:11:57.649  8772  8772 I I/O     : [Req]<Read AI 4 Status> 010400080002f009
07-08 16:11:57.650  8772  8772 I I/O     : [Rsp]<Read AI 4 Status> 0104044412f99a8d4a
07-08 16:11:57.706   800   800 I SurfaceFlinger: screenshot (com.oringnet.wm/com.oring.SlideActivity@8772#0)
07-08 16:11:57.715  8772  8772 I AI_value:: 587.9
07-08 16:11:57.715  8772  8772 I AI_raw: : 4412f99a
07-08 16:11:57.795  8772  8772 W UiThreadStatement: Already on the UI thread, this method should not be called from the main application thread
07-08 16:11:57.795  8772  8772 I I/O     : [Req]<Read AI 5 Status> 0104000A000251c9
07-08 16:11:57.796  8772  8772 I I/O     : [Rsp]<Read AI 5 Status> 01040400000000fb84
07-08 16:11:57.859  8772  8772 I AI_value:: 0.0
07-08 16:11:57.859  8772  8772 I AI_raw: : 00000000
07-08 16:11:57.885  8772  9089 I myPeriod_I/O: 目前時間:2021/07/08 04:11:57
07-08 16:11:57.885  8772  9089 I myPeriod_I/O: 目前timerCount:0
07-08 16:11:57.885  8772  9089 I myPeriod_I/O: 當前於輪詢中
07-08 16:11:57.907   800   800 I SurfaceFlinger: screenshot (com.oringnet.wm/com.oring.SlideActivity@8772#0)
07-08 16:11:57.941  8772  8772 I I/O     : [Rsp]<Read AI Type> 01030c000501020215031302150313dbb0
07-08 16:11:57.950  8772  8772 W UiThreadStatement: Already on the UI thread, this method should not be called from the main application thread
07-08 16:11:57.950  8772  8772 I I/O     : [Req]<Read RTD 2 mode> 010304000006c4f8
07-08 16:11:58.050  8772  8772 I I/O     : [Rsp]<Read RTD 2 mode> 0103080003000200000000df17
07-08 16:11:58.050  8772  8772 I RTD_mode:: 0003000200000000
07-08 16:11:58.050  8772  8772 I parseRTD_mode: SW index 0 = 3
07-08 16:11:58.050  8772  8772 I parseRTD_mode: SW index 2 = 2
07-08 16:11:58.050  8772  8772 I parseRTD_mode: SW index 1 = 0
07-08 16:11:58.050  8772  8772 I parseRTD_mode: SW index 3 = 0
07-08 16:11:58.061  8772  8772 W UiThreadStatement: Already on the UI thread, this method should not be called from the main application thread
07-08 16:11:58.061  8772  8772 I I/O     : [Req]<Read Mode> 010303050004544c
07-08 16:11:58.073   800   800 I SurfaceFlinger: screenshot (com.oringnet.wm/com.oring.SlideActivity@8772#0)
07-08 16:11:58.105   800  1415 I BufferQueueProducer: [com.oringnet.wm/com.oring.SlideActivity@8772#0](this:0x78010a4000,id:426,api:1,p:8772,c:800) queueBuffer: fps=14.00 dur=1000.36 max=169.77 min=7.95
07-08 16:11:58.108   989 22254 D MtkOmxVenc: [0xe5725400] AVC EncTime=16462 (us), RGB_2_YUV=0, FrameCount= 85072, buf timestamp=6606687 (6606687720) IsKey(0), Size(410)  Slotbitcount(100040) : in VA=0xE5D72260, offset=0x00000000, len=12, flags=0x00000010 : out VA=0xE1245000, offset=0x00000000sec:0x0, 0x0, pending=1
07-08 16:11:58.150  8772  8772 W UiThreadStatement: Already on the UI thread, this method should not be called from the main application thread
07-08 16:11:58.150  8772  8772 I I/O     : [Req]<Read Mode> 010403f90001e1bf
07-08 16:11:58.150  8772  8772 I I/O     : [Rsp]<Read Mode> 01040261021161
07-08 16:11:58.151  8772  8772 I MCU_MODE: Status = 24834
07-08 16:11:58.151  8772  8772 I finish  : @@!!
07-08 16:11:58.223   800   800 I SurfaceFlinger: screenshot (com.oringnet.wm/com.oring.SlideActivity@8772#0)
07-08 16:11:58.386  8772  9089 I myPeriod_I/O: 目前時間:2021/07/08 04:11:58
07-08 16:11:58.386  8772  9089 I myPeriod_I/O: 目前timerCount:-1
07-08 16:11:58.386  8772  9089 I myPeriod_I/O: is pendding -> 0
07-08 16:11:58.883  8772  8772 I ViewRootImpl: ViewRoot's Touch Event : ACTION_DOWN
07-08 16:11:58.887  8772  9089 I myPeriod_I/O: 目前時間:2021/07/08 04:11:58
07-08 16:11:58.887  8772  9089 I myPeriod_I/O: 目前timerCount:-1
07-08 16:11:58.887  8772  9089 I myPeriod_I/O: is pendding -> 1
07-08 16:11:58.888  8772  8772 I ViewRootImpl: ViewRoot's Touch Event : ACTION_UP
07-08 16:11:58.974   800   800 I SurfaceFlinger: screenshot (com.oringnet.wm/com.oring.SlideActivity@8772#0)
07-08 16:11:59.111   800  1415 I BufferQueueProducer: [com.oringnet.wm/com.oring.SlideActivity@8772#0](this:0x78010a4000,id:426,api:1,p:8772,c:800) queueBuffer: fps=21.87 dur=1005.83 max=664.22 min=8.36
07-08 16:11:59.174   800   800 I SurfaceFlinger: screenshot (com.oringnet.wm/com.oring.SlideActivity@8772#0)
07-08 16:11:59.386  8772  9089 I myPeriod_I/O: 目前時間:2021/07/08 04:11:59
07-08 16:11:59.386  8772  9089 I myPeriod_I/O: 目前timerCount:-1
07-08 16:11:59.386  8772  9089 I myPeriod_I/O: is pendding -> 2
07-08 16:11:59.886  8772  9089 I myPeriod_I/O: 目前時間:2021/07/08 04:11:59
07-08 16:11:59.886  8772  9089 I myPeriod_I/O: 目前timerCount:-1
07-08 16:11:59.886  8772  9089 I myPeriod_I/O: is pendding -> 3
07-08 16:12:00.107   800   800 I SurfaceFlinger: screenshot (com.oringnet.wm/com.oring.SlideActivity@8772#0)
07-08 16:12:00.386  8772  9089 I myPeriod_I/O: 目前時間:2021/07/08 04:12:00
07-08 16:12:00.386  8772  9089 I myPeriod_I/O: 目前timerCount:-1
07-08 16:12:00.386  8772  9089 I myPeriod_I/O: is pendding -> 4
07-08 16:12:00.544   800  2204 I BufferQueueProducer: [com.oringnet.wm/com.oring.SlideActivity@8772#0](this:0x78010a4000,id:426,api:1,p:8772,c:800) queueBuffer: fps=10.47 dur=1432.70 max=1200.10 min=15.04
07-08 16:12:00.558   800   800 I SurfaceFlinger: screenshot (com.oringnet.wm/com.oring.SlideActivity@8772#0)
07-08 16:12:00.690   800   800 I SurfaceFlinger: screenshot (com.oringnet.wm/com.oring.SlideActivity@8772#0)
07-08 16:12:00.885  8772  9089 I myPeriod_I/O: 目前時間:2021/07/08 04:12:00
07-08 16:12:00.886  8772  9089 I myPeriod_I/O: 目前timerCount:-1
07-08 16:12:00.886  8772  9089 I myPeriod_I/O: is pendding -> 5
07-08 16:12:01.050  8772  8772 I ViewRootImpl: ViewRoot's Touch Event : ACTION_DOWN
07-08 16:12:01.058  8772  8772 I ViewRootImpl: ViewRoot's Touch Event : ACTION_UP
07-08 16:12:01.174   800   800 I SurfaceFlinger: screenshot (com.oringnet.wm/com.oring.SlideActivity@8772#0)
07-08 16:12:01.245  8772  8772 I ModBusUtil: 10
07-08 16:12:01.363  8772  8772 I 通道: : false
07-08 16:12:01.367  8772  8772 I chatty  : uid=10326(com.oringnet.wm) identical 30 lines
07-08 16:12:01.368  8772  8772 I 通道: : false
07-08 16:12:01.385  8772  9089 I myPeriod_I/O: 目前時間:2021/07/08 04:12:01
07-08 16:12:01.385  8772  9089 I myPeriod_I/O: 目前timerCount:-1
07-08 16:12:01.385  8772  9089 I myPeriod_I/O: is pendding -> 6
07-08 16:12:01.393  8772  8772 I DataBits: >> 0
07-08 16:12:01.393  8772  8772 I mStopBits: 1
07-08 16:12:01.393  8772  8772 I mParity : 0
07-08 16:12:01.411  8772  8772 D BluetoothGatt: setCharacteristicNotification() - uuid: 6e400003-b5a3-f393-e0a9-e50e24dcca9e enable: true
07-08 16:12:01.576   800   830 I BufferQueueProducer: [com.oringnet.wm/com.oring.SlideActivity@8772#0](this:0x78010a4000,id:426,api:1,p:8772,c:800) queueBuffer: fps=30.03 dur=1032.46 max=279.67 min=7.18
07-08 16:12:01.593   800   800 I SurfaceFlinger: screenshot (com.oringnet.wm/com.oring.SlideActivity@8772#0)
07-08 16:12:01.740   800   800 I SurfaceFlinger: screenshot (com.oringnet.wm/com.oring.SlideActivity@8772#0)
07-08 16:12:01.919   800   800 I SurfaceFlinger: screenshot (com.oringnet.wm/com.oring.SlideActivity@8772#0)
07-08 16:12:02.401  8772  8772 I ViewRootImpl: ViewRoot's Touch Event : ACTION_DOWN
07-08 16:12:02.409   800   800 I SurfaceFlinger: screenshot (com.oringnet.wm/com.oring.SlideActivity@8772#0)
07-08 16:12:02.411  8772  8772 I ViewRootImpl: ViewRoot's Touch Event : ACTION_UP
07-08 16:12:02.436  8772  8772 D PhoneWindow: windowLightStatusBar : false, disable View.SYSTEM_UI_FLAG_LIGHT_STATUS_BAR
07-08 16:12:02.461  8772  8772 I TouchFilterInputStageHelper: [needTouchEventFilter] Displayid : 0
07-08 16:12:02.465  8772  8772 D BezellessGripSuppressionFilter: getdisplaysize, x : 720 y : 1600
07-08 16:12:02.476  8772  8772 D BluetoothGatt: setCharacteristicNotification() - uuid: 6e400003-b5a3-f393-e0a9-e50e24dcca9e enable: true
07-08 16:12:02.502   800   830 I BufferQueueConsumer: [com.oringnet.wm/com.oring.SlideActivity@8772#1](this:0x780dd59000,id:434,api:0,p:-1,c:800) setConsumerName: com.oringnet.wm/com.oring.SlideActivity@8772#1
07-08 16:12:02.502   800   830 I BufferQueueConsumer: [com.oringnet.wm/com.oring.SlideActivity@8772#1](this:0x780dd59000,id:434,api:0,p:-1,c:800) setDefaultBufferSize: width=126 height=126
07-08 16:12:02.502   800   830 I SurfaceFlinger: Create BufferLayer(0x780dd33000) com.oringnet.wm/com.oring.SlideActivity@8772#1 (126 x 126)
07-08 16:12:02.510   800   800 I SurfaceFlinger: screenshot (com.oringnet.wm/com.oring.SlideActivity@8772#0)
07-08 16:12:02.512  8772  8797 D Surface : Surface::connect(this=0x78e4ae5000,api=1)
07-08 16:12:02.513   800  2204 I BufferQueueProducer: [com.oringnet.wm/com.oring.SlideActivity@8772#1](this:0x780dd59000,id:434,api:1,p:8772,c:800) connect(P): api=1 producer=(8772:com.oringnet.wm) producerControlledByApp=false
07-08 16:12:02.516  8772  8797 D Surface : Surface::setBufferCount(this=0x78e4ae5000,bufferCount=3)
07-08 16:12:02.517  8772  8797 D Surface : Surface::allocateBuffers(this=0x78e4ae5000)
07-08 16:12:02.588   800   800 I MiniDump: 0x78010bf000 |     DEVICE |          0 | 1.000 |    0    0  720 1600 |   0.0   0.0 720.0 1600.0 | com.oringnet.wm/com.oring.SlideActivity@8772#0
07-08 16:12:02.588   800   800 I MiniDump: 0x780dd33000 |     DEVICE |          0 | 0.303 |  301  760  419  878 |   0.0   0.0 126.0 126.0 | com.oringnet.wm/com.oring.SlideActivity@8772#1
07-08 16:12:02.588   800   800 I MiniDump: 0x78010bf000 |     DEVICE |          0 | 1.000 |    0    0  720 1600 |   0.0   0.0 720.0 1600.0 | com.oringnet.wm/com.oring.SlideActivity@8772#0
07-08 16:12:02.588   800   800 I MiniDump: 0x780dd33000 |     DEVICE |          0 | 0.303 |  301  760  419  878 |   0.0   0.0 126.0 126.0 | com.oringnet.wm/com.oring.SlideActivity@8772#1
07-08 16:12:02.630   800   800 I SurfaceFlinger: screenshot (com.oringnet.wm/com.oring.SlideActivity@8772#0)
07-08 16:12:02.709   800   830 I BufferQueueProducer: [com.oringnet.wm/com.oring.SlideActivity@8772#0](this:0x78010a4000,id:426,api:1,p:8772,c:800) queueBuffer: fps=17.65 dur=1133.13 max=835.40 min=8.20
07-08 16:12:02.727   800   800 I SurfaceFlinger: screenshot (com.oringnet.wm/com.oring.SlideActivity@8772#0)
07-08 16:12:02.799   800   800 I SurfaceFlinger: Remove BufferLayer(0x780dd33000) com.oringnet.wm/com.oring.SlideActivity@8772#1 (-1 x -1)
07-08 16:12:02.817  8772  8772 W UiThreadStatement: Already on the UI thread, this method should not be called from the main application thread
07-08 16:12:02.817  8772  8772 I Gateway : [Req]<READ ENABLE LOW> 00030A4800010615
07-08 16:12:02.817  8772  8772 I Gateway : [Rsp]<READ ENABLE LOW> 00030200008584
07-08 16:12:02.818  8772  8772 I Req_Enable 0-15:: 0000
07-08 16:12:02.828   800   800 I SurfaceFlinger: screenshot (com.oringnet.wm/com.oring.SlideActivity@8772#0)
07-08 16:12:02.915  8772  8772 W UiThreadStatement: Already on the UI thread, this method should not be called from the main application thread
07-08 16:12:02.915  8772  8772 I Gateway : [Req]<READ ENABLE HIGH> 00030A49000157d5
07-08 16:12:02.920  8772  8772 I Gateway : [Rsp]<READ ENABLE HIGH> 00030200008584
07-08 16:12:02.921  8772  8772 I Req_Enable 16-31:: 0000
07-08 16:12:02.930  8772  8797 D Surface : Surface::disconnect(this=0x78e4ae5000,api=1)
07-08 16:12:02.931   800  1415 I BufferQueueProducer: [com.oringnet.wm/com.oring.SlideActivity@8772#1](this:0x780dd59000,id:434,api:1,p:8772,c:800) disconnect(P): api 1
07-08 16:12:02.941   800   800 I SurfaceFlinger: screenshot (com.oringnet.wm/com.oring.SlideActivity@8772#0)
07-08 16:12:03.047   800   800 I SurfaceFlinger: screenshot (com.oringnet.wm/com.oring.SlideActivity@8772#0)
07-08 16:12:03.121   800   800 I MiniDump: 0x78010bf000 |     DEVICE |          0 | 1.000 |    0    0  720 1600 |   0.0   0.0 720.0 1600.0 | com.oringnet.wm/com.oring.SlideActivity@8772#0
07-08 16:12:03.121   800   800 I MiniDump: 0x78010bf000 |     DEVICE |          0 | 1.000 |    0    0  720 1600 |   0.0   0.0 720.0 1600.0 | com.oringnet.wm/com.oring.SlideActivity@8772#0
07-08 16:12:03.162   800   800 I SurfaceFlinger: screenshot (com.oringnet.wm/com.oring.SlideActivity@8772#0)
07-08 16:12:03.199   800   800 I SurfaceFlinger: Remove BufferLayer(0x780dd33000) com.oringnet.wm/com.oring.SlideActivity@8772#1 (-1 x -1)
07-08 16:12:03.200   800   800 I BufferQueue: [com.oringnet.wm/com.oring.SlideActivity@8772#1](this:0x780dd59000,id:434,api:1,p:-1,c:-1) ~BufferQueueCore
07-08 16:12:03.205   800   800 I MiniDump: 0x78010bf000 |     DEVICE |          0 | 1.000 |    0    0  720 1600 |   0.0   0.0 720.0 1600.0 | com.oringnet.wm/com.oring.SlideActivity@8772#0
07-08 16:12:03.205   800   800 I MiniDump: 0x78010bf000 |     DEVICE |          0 | 1.000 |    0    0  720 1600 |   0.0   0.0 720.0 1600.0 | com.oringnet.wm/com.oring.SlideActivity@8772#0
07-08 16:12:03.423   800   800 I SurfaceFlinger: screenshot (com.oringnet.wm/com.oring.SlideActivity@8772#0)
07-08 16:12:03.574   800   800 I SurfaceFlinger: screenshot (com.oringnet.wm/com.oring.SlideActivity@8772#0)
07-08 16:12:03.709   800   800 I SurfaceFlinger: screenshot (com.oringnet.wm/com.oring.SlideActivity@8772#0)
07-08 16:12:03.824   800   800 I SurfaceFlinger: screenshot (com.oringnet.wm/com.oring.SlideActivity@8772#0)
07-08 16:12:03.890   800   800 I SurfaceFlinger: screenshot (com.oringnet.wm/com.oring.SlideActivity@8772#0)
07-08 16:12:03.925   800   800 I SurfaceFlinger: screenshot (com.oringnet.wm/com.oring.SlideActivity@8772#0)
07-08 16:12:04.058   800   800 I SurfaceFlinger: screenshot (com.oringnet.wm/com.oring.SlideActivity@8772#0)
07-08 16:12:04.158   800   800 I SurfaceFlinger: screenshot (com.oringnet.wm/com.oring.SlideActivity@8772#0)
07-08 16:12:04.258   800   800 I SurfaceFlinger: screenshot (com.oringnet.wm/com.oring.SlideActivity@8772#0)
07-08 16:12:04.374   800   800 I SurfaceFlinger: screenshot (com.oringnet.wm/com.oring.SlideActivity@8772#0)
07-08 16:12:04.475   800   800 I SurfaceFlinger: screenshot (com.oringnet.wm/com.oring.SlideActivity@8772#0)
07-08 16:12:04.551  8772  8772 I ViewRootImpl: ViewRoot's Touch Event : ACTION_DOWN
07-08 16:12:04.558  8772  8772 I ViewRootImpl: ViewRoot's Touch Event : ACTION_UP
07-08 16:12:04.575   800   831 I BufferQueueProducer: [com.oringnet.wm/com.oring.SlideActivity@8772#0](this:0x78010a4000,id:426,api:1,p:8772,c:800) queueBuffer: fps=13.93 dur=1866.31 max=1320.23 min=7.57
07-08 16:12:04.576   800   800 I SurfaceFlinger: screenshot (com.oringnet.wm/com.oring.SlideActivity@8772#0)
07-08 16:12:04.586  8772  8772 I 通道: : true
07-08 16:12:04.708   800   800 I SurfaceFlinger: screenshot (com.oringnet.wm/com.oring.SlideActivity@8772#0)
07-08 16:12:04.825   800   800 I SurfaceFlinger: screenshot (com.oringnet.wm/com.oring.SlideActivity@8772#0)
07-08 16:12:04.958   800   800 I SurfaceFlinger: screenshot (com.oringnet.wm/com.oring.SlideActivity@8772#0)
07-08 16:12:05.302  8772  8772 I ViewRootImpl: ViewRoot's Touch Event : ACTION_DOWN
07-08 16:12:05.311   800   800 I SurfaceFlinger: screenshot (com.oringnet.wm/com.oring.SlideActivity@8772#0)
07-08 16:12:05.312  8772  8772 I ViewRootImpl: ViewRoot's Touch Event : ACTION_UP
07-08 16:12:05.348  8772  8772 I 通道: : true
07-08 16:12:05.441   800   800 I SurfaceFlinger: screenshot (com.oringnet.wm/com.oring.SlideActivity@8772#0)
07-08 16:12:05.558   800   800 I SurfaceFlinger: screenshot (com.oringnet.wm/com.oring.SlideActivity@8772#0)
07-08 16:12:05.576   800  1415 I BufferQueueProducer: [com.oringnet.wm/com.oring.SlideActivity@8772#0](this:0x78010a4000,id:426,api:1,p:8772,c:800) queueBuffer: fps=40.98 dur=1000.47 max=337.24 min=12.84
07-08 16:12:05.691   800   800 I SurfaceFlinger: screenshot (com.oringnet.wm/com.oring.SlideActivity@8772#0)
07-08 16:12:06.051  8772  8772 I ViewRootImpl: ViewRoot's Touch Event : ACTION_DOWN
07-08 16:12:06.060  8772  8772 I ViewRootImpl: ViewRoot's Touch Event : ACTION_UP
07-08 16:12:06.060   800   800 I SurfaceFlinger: screenshot (com.oringnet.wm/com.oring.SlideActivity@8772#0)
07-08 16:12:06.103  8772  8772 I 通道: : true
07-08 16:12:06.208   800   800 I SurfaceFlinger: screenshot (com.oringnet.wm/com.oring.SlideActivity@8772#0)
07-08 16:12:06.341   800   800 I SurfaceFlinger: screenshot (com.oringnet.wm/com.oring.SlideActivity@8772#0)
07-08 16:12:06.442   800   800 I SurfaceFlinger: screenshot (com.oringnet.wm/com.oring.SlideActivity@8772#0)
07-08 16:12:06.820  8772  8772 I ViewRootImpl: ViewRoot's Touch Event : ACTION_DOWN
07-08 16:12:06.828   800   800 I SurfaceFlinger: screenshot (com.oringnet.wm/com.oring.SlideActivity@8772#0)
07-08 16:12:06.829  8772  8772 I ViewRootImpl: ViewRoot's Touch Event : ACTION_UP
07-08 16:12:06.843   800   831 I BufferQueueProducer: [com.oringnet.wm/com.oring.SlideActivity@8772#0](this:0x78010a4000,id:426,api:1,p:8772,c:800) queueBuffer: fps=26.84 dur=1266.97 max=369.21 min=12.43
07-08 16:12:06.853  8772  8772 I 通道: : true
07-08 16:12:06.959   800   800 I SurfaceFlinger: screenshot (com.oringnet.wm/com.oring.SlideActivity@8772#0)
07-08 16:12:07.092   800   800 I SurfaceFlinger: screenshot (com.oringnet.wm/com.oring.SlideActivity@8772#0)
07-08 16:12:07.225   800   800 I SurfaceFlinger: screenshot (com.oringnet.wm/com.oring.SlideActivity@8772#0)
07-08 16:12:07.570  8772  8772 I ViewRootImpl: ViewRoot's Touch Event : ACTION_DOWN
07-08 16:12:07.578   800   800 I SurfaceFlinger: screenshot (com.oringnet.wm/com.oring.SlideActivity@8772#0)
07-08 16:12:07.579  8772  8772 I ViewRootImpl: ViewRoot's Touch Event : ACTION_UP
07-08 16:12:07.603  8772  8772 I 通道: : true
07-08 16:12:07.693   800   800 I SurfaceFlinger: screenshot (com.oringnet.wm/com.oring.SlideActivity@8772#0)
07-08 16:12:07.842   800   800 I SurfaceFlinger: screenshot (com.oringnet.wm/com.oring.SlideActivity@8772#0)
07-08 16:12:07.844   800   831 I BufferQueueProducer: [com.oringnet.wm/com.oring.SlideActivity@8772#0](this:0x78010a4000,id:426,api:1,p:8772,c:800) queueBuffer: fps=40.93 dur=1001.61 max=335.80 min=14.62
07-08 16:12:07.975   800   800 I SurfaceFlinger: screenshot (com.oringnet.wm/com.oring.SlideActivity@8772#0)
07-08 16:12:08.319  8772  8772 I ViewRootImpl: ViewRoot's Touch Event : ACTION_DOWN
07-08 16:12:08.329  8772  8772 I ViewRootImpl: ViewRoot's Touch Event : ACTION_UP
07-08 16:12:08.332   800   800 I SurfaceFlinger: screenshot (com.oringnet.wm/com.oring.SlideActivity@8772#0)
07-08 16:12:08.355  8772  8772 I 通道: : true
07-08 16:12:08.492   800   800 I SurfaceFlinger: screenshot (com.oringnet.wm/com.oring.SlideActivity@8772#0)
07-08 16:12:08.592   800   800 I SurfaceFlinger: screenshot (com.oringnet.wm/com.oring.SlideActivity@8772#0)
07-08 16:12:08.725   800   800 I SurfaceFlinger: screenshot (com.oringnet.wm/com.oring.SlideActivity@8772#0)
07-08 16:12:09.069  8772  8772 I ViewRootImpl: ViewRoot's Touch Event : ACTION_DOWN
07-08 16:12:09.078   800   800 I SurfaceFlinger: screenshot (com.oringnet.wm/com.oring.SlideActivity@8772#0)
07-08 16:12:09.081  8772  8772 I ViewRootImpl: ViewRoot's Touch Event : ACTION_UP
07-08 16:12:09.110   800  1415 I BufferQueueProducer: [com.oringnet.wm/com.oring.SlideActivity@8772#0](this:0x78010a4000,id:426,api:1,p:8772,c:800) queueBuffer: fps=27.65 dur=1265.81 max=364.65 min=13.47
07-08 16:12:09.121  8772  8772 I 通道: : true
07-08 16:12:09.209   800   800 I SurfaceFlinger: screenshot (com.oringnet.wm/com.oring.SlideActivity@8772#0)
07-08 16:12:09.342   800   800 I SurfaceFlinger: screenshot (com.oringnet.wm/com.oring.SlideActivity@8772#0)
07-08 16:12:09.460   800   800 I SurfaceFlinger: screenshot (com.oringnet.wm/com.oring.SlideActivity@8772#0)
07-08 16:12:09.836  8772  8772 I ViewRootImpl: ViewRoot's Touch Event : ACTION_DOWN
07-08 16:12:09.844   800   800 I SurfaceFlinger: screenshot (com.oringnet.wm/com.oring.SlideActivity@8772#0)
07-08 16:12:09.846  8772  8772 I ViewRootImpl: ViewRoot's Touch Event : ACTION_UP
07-08 16:12:09.870  8772  8772 I 通道: : true
07-08 16:12:09.992   800   800 I SurfaceFlinger: screenshot (com.oringnet.wm/com.oring.SlideActivity@8772#0)
07-08 16:12:10.126   800   800 I SurfaceFlinger: screenshot (com.oringnet.wm/com.oring.SlideActivity@8772#0)
07-08 16:12:10.128   800  2133 I BufferQueueProducer: [com.oringnet.wm/com.oring.SlideActivity@8772#0](this:0x78010a4000,id:426,api:1,p:8772,c:800) queueBuffer: fps=39.32 dur=1017.34 max=367.97 min=12.62
07-08 16:12:10.242   800   800 I SurfaceFlinger: screenshot (com.oringnet.wm/com.oring.SlideActivity@8772#0)
07-08 16:12:10.275   800   800 I SurfaceFlinger: screenshot (com.oringnet.wm/com.oring.SlideActivity@8772#0)
07-08 16:12:10.820  8772  8772 I ViewRootImpl: ViewRoot's Touch Event : ACTION_DOWN
07-08 16:12:10.828  8772  8772 I ViewRootImpl: ViewRoot's Touch Event : ACTION_UP
07-08 16:12:10.830   800   800 I SurfaceFlinger: screenshot (com.oringnet.wm/com.oring.SlideActivity@8772#0)
07-08 16:12:10.835  8772  8772 I BitShift:: 00FF
07-08 16:12:10.835  8772  8772 I BitShift:: 0000
07-08 16:12:10.836  8772  8772 I BitShift:: 00FF0000
07-08 16:12:10.857  8772  8772 D PhoneWindow: windowLightStatusBar : false, disable View.SYSTEM_UI_FLAG_LIGHT_STATUS_BAR
07-08 16:12:10.880  8772  8772 I TouchFilterInputStageHelper: [needTouchEventFilter] Displayid : 0
07-08 16:12:10.884  8772  8772 D BezellessGripSuppressionFilter: getdisplaysize, x : 720 y : 1600
07-08 16:12:10.908   800   831 I BufferQueueConsumer: [com.oringnet.wm/com.oring.SlideActivity@8772#1](this:0x78011c7000,id:435,api:0,p:-1,c:800) setConsumerName: com.oringnet.wm/com.oring.SlideActivity@8772#1
07-08 16:12:10.908   800   831 I BufferQueueConsumer: [com.oringnet.wm/com.oring.SlideActivity@8772#1](this:0x78011c7000,id:435,api:0,p:-1,c:800) setDefaultBufferSize: width=126 height=126
07-08 16:12:10.908   800   831 I SurfaceFlinger: Create BufferLayer(0x78010c8000) com.oringnet.wm/com.oring.SlideActivity@8772#1 (126 x 126)
07-08 16:12:10.917  8772  8797 D Surface : Surface::connect(this=0x787c908000,api=1)
07-08 16:12:10.918   800   831 I BufferQueueProducer: [com.oringnet.wm/com.oring.SlideActivity@8772#1](this:0x78011c7000,id:435,api:1,p:8772,c:800) connect(P): api=1 producer=(8772:com.oringnet.wm) producerControlledByApp=false
07-08 16:12:10.920  8772  8797 D Surface : Surface::setBufferCount(this=0x787c908000,bufferCount=3)
07-08 16:12:10.922  8772  8797 D Surface : Surface::allocateBuffers(this=0x787c908000)
07-08 16:12:10.944   800   800 I SurfaceFlinger: screenshot (com.oringnet.wm/com.oring.SlideActivity@8772#0)
07-08 16:12:10.980  8772  8772 W UiThreadStatement: Already on the UI thread, this method should not be called from the main application thread
07-08 16:12:10.981  8772  8772 I Gateway : [Req]<WRITE ENABLE LOW> 00100A4800010200FF4e08
07-08 16:12:10.981  8772  8772 I Gateway : [Rsp]<WRITE ENABLE LOW> 00100a48000183d6
07-08 16:12:10.981  8772  8772 I BitShift:: 00FF
07-08 16:12:10.982  8772  8772 I BitShift:: 0000
07-08 16:12:10.982  8772  8772 I BitShift:: 00FF0000
07-08 16:12:10.990   800   800 I MiniDump: 0x78010bf000 |     DEVICE |          0 | 1.000 |    0    0  720 1600 |   0.0   0.0 720.0 1600.0 | com.oringnet.wm/com.oring.SlideActivity@8772#0
07-08 16:12:10.990   800   800 I MiniDump: 0x78010c8000 |     DEVICE |          0 | 0.303 |  301  760  419  878 |   0.0   0.0 126.0 126.0 | com.oringnet.wm/com.oring.SlideActivity@8772#1
07-08 16:12:10.990   800   800 I MiniDump: 0x78010bf000 |     DEVICE |          0 | 1.000 |    0    0  720 1600 |   0.0   0.0 720.0 1600.0 | com.oringnet.wm/com.oring.SlideActivity@8772#0
07-08 16:12:10.990   800   800 I MiniDump: 0x78010c8000 |     DEVICE |          0 | 0.303 |  301  760  419  878 |   0.0   0.0 126.0 126.0 | com.oringnet.wm/com.oring.SlideActivity@8772#1
07-08 16:12:11.008   800   800 I MiniDump: 0x78010bf000 |     DEVICE |          0 | 1.000 |    0    0  720 1600 |   0.0   0.0 720.0 1600.0 | com.oringnet.wm/com.oring.SlideActivity@8772#0
07-08 16:12:11.008   800   800 I MiniDump: 0x78010c8000 |     DEVICE |          0 | 0.538 |  300  759  420  879 |   0.0   0.0 126.0 126.0 | com.oringnet.wm/com.oring.SlideActivity@8772#1
07-08 16:12:11.009   800   800 I MiniDump: 0x78010bf000 |     DEVICE |          0 | 1.000 |    0    0  720 1600 |   0.0   0.0 720.0 1600.0 | com.oringnet.wm/com.oring.SlideActivity@8772#0
07-08 16:12:11.009   800   800 I MiniDump: 0x78010c8000 |     DEVICE |          0 | 0.538 |  300  759  420  879 |   0.0   0.0 126.0 126.0 | com.oringnet.wm/com.oring.SlideActivity@8772#1
07-08 16:12:11.062  8772  8772 I Gateway : [Rsp]<WRITE ENABLE HIGH> 00100a490001d216
07-08 16:12:11.066  8772  8797 D Surface : Surface::disconnect(this=0x787c908000,api=1)
07-08 16:12:11.068   800  2204 I BufferQueueProducer: [com.oringnet.wm/com.oring.SlideActivity@8772#1](this:0x78011c7000,id:435,api:1,p:8772,c:800) disconnect(P): api 1
