06-25 13:29:56.424   796   796 I SurfaceFlinger: screenshot (com.oringnet.wm/com.oring.SlideActivity@11439#0)
06-25 13:29:56.431 11439 11439 W UiThreadStatement: Already on the UI thread, this method should not be called from the main application thread
06-25 13:29:56.431 11439 11439 I ForcingPage: [Req]<READ DI STATUS> 01020000000479c9
06-25 13:29:56.435 11439 11439 I ForcingPage: [Rsp]<READ DO STATUS> 01020100a188
06-25 13:29:56.524   796   796 I SurfaceFlinger: screenshot (com.oringnet.wm/com.oring.SlideActivity@11439#0)
06-25 13:29:56.532 11439 11439 I ForcingPage: [Rsp]<READ RELAY STATUS> 010101005188
06-25 13:29:56.533 11439 11439 W UiThreadStatement: Already on the UI thread, this method should not be called from the main application thread
06-25 13:29:56.533 11439 11439 I ForcingPage: [Req]<READ RELAY STATUS> 0101000000043dc9
06-25 13:29:56.564   796   796 I SurfaceFlinger: screenshot (com.oringnet.wm/com.oring.SlideActivity@11439#0)
06-25 13:29:56.624   796   796 I SurfaceFlinger: screenshot (com.oringnet.wm/com.oring.SlideActivity@11439#0)
06-25 13:29:56.626 11439 11439 W UiThreadStatement: Already on the UI thread, this method should not be called from the main application thread
06-25 13:29:56.627 11439 11439 I ForcingPage: [Req]<READ RELAY STATUS> 010100040002fc0a
06-25 13:29:56.632 11439 11439 I ForcingPage: [Rsp]<READ AI STATUS> 010101005188
06-25 13:29:56.724   796   796 I SurfaceFlinger: screenshot (com.oringnet.wm/com.oring.SlideActivity@11439#0)
06-25 13:29:56.725 11439 11439 W UiThreadStatement: Already on the UI thread, this method should not be called from the main application thread
06-25 13:29:56.725 11439 11439 I ForcingPage: [Req]<READ AI STATUS> 01040000000271cb
06-25 13:29:56.736 11439 11439 I ForcingPage: [Rsp]<READ AI STATUS> 010404b92bb840dd20
06-25 13:29:56.794   796   833 I BufferQueueProducer: [com.oringnet.wm/com.oring.SlideActivity@11439#0](this:0x72a451a800,id:27,api:1,p:11439,c:796) queueBuffer: fps=50.33 dur=1013.40 max=202.92 min=5.04
06-25 13:29:56.821 11439 11439 W UiThreadStatement: Already on the UI thread, this method should not be called from the main application thread
06-25 13:29:56.821 11439 11439 I ForcingPage: [Req]<READ AI STATUS> 010400020002d00b
06-25 13:29:56.825   796   796 I SurfaceFlinger: screenshot (com.oringnet.wm/com.oring.SlideActivity@11439#0)
06-25 13:29:56.831 11439 11439 I ForcingPage: [Rsp]<READ AI STATUS> 01040400000000fb84
06-25 13:29:56.918 11439 11439 W UiThreadStatement: Already on the UI thread, this method should not be called from the main application thread
06-25 13:29:56.919 11439 11439 I ForcingPage: [Req]<READ AI STATUS> 010400040002300a
06-25 13:29:56.935 11439 11439 I ForcingPage: [Rsp]<READ AI STATUS> 0104044412f99a8d4a
06-25 13:29:56.941   796   796 I SurfaceFlinger: screenshot (com.oringnet.wm/com.oring.SlideActivity@11439#0)
06-25 13:29:57.029 11439 11439 I ForcingPage: [Rsp]<READ AI STATUS> 01040441fa0000cf89
06-25 13:29:57.029 11439 11439 W UiThreadStatement: Already on the UI thread, this method should not be called from the main application thread
06-25 13:29:57.029 11439 11439 I ForcingPage: [Req]<READ AI STATUS> 01040006000291ca
06-25 13:29:57.059   796   796 I SurfaceFlinger: screenshot (com.oringnet.wm/com.oring.SlideActivity@11439#0)
06-25 13:29:57.135 11439 11439 I ForcingPage: [Rsp]<READ AI STATUS> 01040400000000fb84
06-25 13:29:57.135 11439 11439 W UiThreadStatement: Already on the UI thread, this method should not be called from the main application thread
06-25 13:29:57.135 11439 11439 I ForcingPage: [Req]<READ AI STATUS> 010400080002f009
06-25 13:29:57.211 11439 11439 W UiThreadStatement: Already on the UI thread, this method should not be called from the main application thread
06-25 13:29:57.211 11439 11439 I ForcingPage: [Req]<READ AI STATUS> 0104000A000251c9
06-25 13:29:57.227 11439 11439 I ForcingPage: [Rsp]<READ AI TYPE> 01040441fa0000cf89
06-25 13:29:57.258   796   796 I SurfaceFlinger: screenshot (com.oringnet.wm/com.oring.SlideActivity@11439#0)
06-25 13:29:57.308 11439 11439 W UiThreadStatement: Already on the UI thread, this method should not be called from the main application thread
06-25 13:29:57.308 11439 11439 I ForcingPage: [Req]<READ AI TYPE> 010304000006c4f8
06-25 13:29:57.312 11439 11439 I ForcingPage: [Rsp]<READ FORCE STATUS> 01030c000600060006000600060006285b
06-25 13:29:57.406 11439 11439 I ForcingStatus: 2
06-25 13:29:57.406 11439 11439 I ForcingPage: [Rsp]<READ FORCE STATUS> 01030200023985
06-25 13:29:57.406 11439 11439 W UiThreadStatement: Already on the UI thread, this method should not be called from the main application thread
06-25 13:29:57.406 11439 11439 I ForcingPage: [Req]<READ FORCE STATUS> 010303f90001547f
06-25 13:29:57.862   796   833 I BufferQueueProducer: [com.oringnet.wm/com.oring.SlideActivity@11439#0](this:0x72a451a800,id:27,api:1,p:11439,c:796) queueBuffer: fps=12.17 dur=1067.81 max=532.05 min=5.72
06-25 13:29:57.875   796   796 I SurfaceFlinger: screenshot (com.oringnet.wm/com.oring.SlideActivity@11439#0)
06-25 13:29:57.991   796   796 I SurfaceFlinger: screenshot (com.oringnet.wm/com.oring.SlideActivity@11439#0)
06-25 13:30:01.011 11439 11439 I ViewRootImpl: ViewRoot's Touch Event : ACTION_DOWN
06-25 13:30:01.018 11439 11439 I ViewRootImpl: ViewRoot's Touch Event : ACTION_UP
06-25 13:30:01.033   796  2155 I BufferQueueProducer: [com.oringnet.wm/com.oring.SlideActivity@11439#0](this:0x72a451a800,id:27,api:1,p:11439,c:796) queueBuffer: fps=5.36 dur=3170.57 max=2901.37 min=14.89
06-25 13:30:01.043   796   796 I SurfaceFlinger: screenshot (com.oringnet.wm/com.oring.SlideActivity@11439#0)
06-25 13:30:01.133 11439 11439 I ForcingPage: [Rsp]<READ DI STATUS> 01050000ff008c3a
06-25 13:30:01.134 11439 11439 W UiThreadStatement: Already on the UI thread, this method should not be called from the main application thread
06-25 13:30:01.134 11439 11439 I ForcingPage: [Req]<READ DI STATUS> 01050000FF008c3a
06-25 13:30:01.160   796   796 I SurfaceFlinger: screenshot (com.oringnet.wm/com.oring.SlideActivity@11439#0)
06-25 13:30:01.236 11439 11439 I ForcingPage: [Rsp]<READ DO STATUS> 01020100a188
06-25 13:30:01.237 11439 11439 W UiThreadStatement: Already on the UI thread, this method should not be called from the main application thread
06-25 13:30:01.237 11439 11439 I ForcingPage: [Req]<READ DO STATUS> 01020000000479c9
06-25 13:30:01.315 11439 11439 I ForcingPage: [Rsp]<READ RELAY STATUS> 010101019048
06-25 13:30:01.337 11439 11439 W UiThreadStatement: Already on the UI thread, this method should not be called from the main application thread
06-25 13:30:01.337 11439 11439 I ForcingPage: [Req]<READ RELAY STATUS> 0101000000043dc9
06-25 13:30:01.416 11439 11439 I ForcingPage: [Rsp]<READ AI STATUS> 010101005188
06-25 13:30:01.417 11439 11439 W UiThreadStatement: Already on the UI thread, this method should not be called from the main application thread
06-25 13:30:01.417 11439 11439 I ForcingPage: [Req]<READ AI STATUS> 010100040002fc0a
06-25 13:30:01.461   796   796 I SurfaceFlinger: screenshot (com.oringnet.wm/com.oring.SlideActivity@11439#0)
06-25 13:30:01.503 11439 11439 W UiThreadStatement: Already on the UI thread, this method should not be called from the main application thread
06-25 13:30:01.503 11439 11439 I ForcingPage: [Req]<READ AI STATUS> 01040000000271cb
06-25 13:30:01.525 11439 11439 I ForcingPage: [Rsp]<READ AI STATUS> 010404b9337471c9f3
06-25 13:30:01.600 11439 11439 W UiThreadStatement: Already on the UI thread, this method should not be called from the main application thread
06-25 13:30:01.601 11439 11439 I ForcingPage: [Req]<READ AI STATUS> 010400020002d00b
06-25 13:30:01.625 11439 11439 I ForcingPage: [Rsp]<READ AI STATUS> 01040400000000fb84
06-25 13:30:01.738 11439 11439 I ForcingPage: [Rsp]<READ AI STATUS> 0104044412f99a8d4a
06-25 13:30:01.738 11439 11439 W UiThreadStatement: Already on the UI thread, this method should not be called from the main application thread
06-25 13:30:01.738 11439 11439 I ForcingPage: [Req]<READ AI STATUS> 010400040002300a
06-25 13:30:01.806   796   796 I SurfaceFlinger: screenshot (com.oringnet.wm/com.oring.SlideActivity@11439#0)
06-25 13:30:01.838 11439 11439 I ForcingPage: [Rsp]<READ AI STATUS> 01040441fa0000cf89
06-25 13:30:01.838 11439 11439 W UiThreadStatement: Already on the UI thread, this method should not be called from the main application thread
06-25 13:30:01.839 11439 11439 I ForcingPage: [Req]<READ AI STATUS> 01040006000291ca
06-25 13:30:01.977 11439 11439 I ForcingPage: [Rsp]<READ AI STATUS> 01040400000000fb84
06-25 13:30:01.978 11439 11439 W UiThreadStatement: Already on the UI thread, this method should not be called from the main application thread
06-25 13:30:01.978 11439 11439 I ForcingPage: [Req]<READ AI STATUS> 010400080002f009
06-25 13:30:02.021   796   796 I SurfaceFlinger: screenshot (com.oringnet.wm/com.oring.SlideActivity@11439#0)
06-25 13:30:02.077 11439 11439 I ForcingPage: [Rsp]<READ AI TYPE> 01040441fa0000cf89
06-25 13:30:02.077 11439 11439 W UiThreadStatement: Already on the UI thread, this method should not be called from the main application thread
06-25 13:30:02.077 11439 11439 I ForcingPage: [Req]<READ AI TYPE> 0104000A000251c9
06-25 13:30:02.093   796  2155 I BufferQueueProducer: [com.oringnet.wm/com.oring.SlideActivity@11439#0](this:0x72a451a800,id:27,api:1,p:11439,c:796) queueBuffer: fps=36.80 dur=1059.65 max=136.18 min=8.35
06-25 13:30:02.149 11439 11439 I ForcingPage: [Rsp]<READ FORCE STATUS> 01030c000600060006000600060006285b
06-25 13:30:02.150 11439 11439 W UiThreadStatement: Already on the UI thread, this method should not be called from the main application thread
06-25 13:30:02.150 11439 11439 I ForcingPage: [Req]<READ FORCE STATUS> 010304000006c4f8
06-25 13:30:02.206   796   796 I SurfaceFlinger: screenshot (com.oringnet.wm/com.oring.SlideActivity@11439#0)
06-25 13:30:02.235 11439 11439 I ForcingStatus: 2
06-25 13:30:02.235 11439 11439 I ForcingPage: [Rsp]<READ FORCE STATUS> 01030200023985
06-25 13:30:02.235 11439 11439 W UiThreadStatement: Already on the UI thread, this method should not be called from the main application thread
06-25 13:30:02.235 11439 11439 I ForcingPage: [Req]<READ FORCE STATUS> 010303f90001547f
06-25 13:30:03.029 11439 11439 I ViewRootImpl: ViewRoot's Touch Event : ACTION_DOWN
06-25 13:30:03.037 11439 11439 I ViewRootImpl: ViewRoot's Touch Event : ACTION_UP
06-25 13:30:03.078   796   796 I SurfaceFlinger: screenshot (com.oringnet.wm/com.oring.SlideActivity@11439#0)
06-25 13:30:03.102   796  2155 I BufferQueueProducer: [com.oringnet.wm/com.oring.SlideActivity@11439#0](this:0x72a451a800,id:27,api:1,p:11439,c:796) queueBuffer: fps=4.95 dur=1009.58 max=873.17 min=13.71
06-25 13:30:03.129 11439 11439 W UiThreadStatement: Already on the UI thread, this method should not be called from the main application thread
06-25 13:30:03.129 11439 11439 I ForcingPage: [Req]<READ FORCE STATUS> 01050001FF00ddfa
06-25 13:30:03.138 11439 11439 I ForcingPage: [Rsp]<READ DI STATUS> 01050001ff00ddfa
06-25 13:30:03.212 11439 11439 W UiThreadStatement: Already on the UI thread, this method should not be called from the main application thread
06-25 13:30:03.212 11439 11439 I ForcingPage: [Req]<READ DI STATUS> 01020000000479c9
06-25 13:30:03.238 11439 11439 I ForcingPage: [Rsp]<READ DO STATUS> 01020100a188
06-25 13:30:03.320 11439 11439 I ForcingPage: [Rsp]<READ RELAY STATUS> 010101031189
06-25 13:30:03.321 11439 11439 W UiThreadStatement: Already on the UI thread, this method should not be called from the main application thread
06-25 13:30:03.321 11439 11439 I ForcingPage: [Req]<READ RELAY STATUS> 0101000000043dc9
06-25 13:30:03.329   796   796 I SurfaceFlinger: screenshot (com.oringnet.wm/com.oring.SlideActivity@11439#0)
06-25 13:30:03.405 11439 11439 W UiThreadStatement: Already on the UI thread, this method should not be called from the main application thread
06-25 13:30:03.406 11439 11439 I ForcingPage: [Req]<READ RELAY STATUS> 010100040002fc0a
06-25 13:30:03.419 11439 11439 I ForcingPage: [Rsp]<READ AI STATUS> 010101005188
06-25 13:30:03.502 11439 11439 W UiThreadStatement: Already on the UI thread, this method should not be called from the main application thread
06-25 13:30:03.503 11439 11439 I ForcingPage: [Req]<READ AI STATUS> 01040000000271cb
06-25 13:30:03.532 11439 11439 I ForcingPage: [Rsp]<READ AI STATUS> 010404b9337471c9f3
06-25 13:30:03.600 11439 11439 W UiThreadStatement: Already on the UI thread, this method should not be called from the main application thread
06-25 13:30:03.600 11439 11439 I ForcingPage: [Req]<READ AI STATUS> 010400020002d00b
06-25 13:30:03.625 11439 11439 I ForcingPage: [Rsp]<READ AI STATUS> 01040400000000fb84
06-25 13:30:03.629   796   796 I SurfaceFlinger: screenshot (com.oringnet.wm/com.oring.SlideActivity@11439#0)
06-25 13:30:03.734 11439 11439 I ForcingPage: [Rsp]<READ AI STATUS> 0104044412f99a8d4a
06-25 13:30:03.734 11439 11439 W UiThreadStatement: Already on the UI thread, this method should not be called from the main application thread
06-25 13:30:03.734 11439 11439 I ForcingPage: [Req]<READ AI STATUS> 010400040002300a
06-25 13:30:03.808   796   796 I SurfaceFlinger: screenshot (com.oringnet.wm/com.oring.SlideActivity@11439#0)
06-25 13:30:03.845 11439 11439 I ForcingPage: [Rsp]<READ AI STATUS> 01040441fa0000cf89
06-25 13:30:03.846 11439 11439 W UiThreadStatement: Already on the UI thread, this method should not be called from the main application thread
06-25 13:30:03.846 11439 11439 I ForcingPage: [Req]<READ AI STATUS> 01040006000291ca
06-25 13:30:03.972 11439 11439 I ForcingPage: [Rsp]<READ AI STATUS> 01040400000000fb84
06-25 13:30:03.972 11439 11439 W UiThreadStatement: Already on the UI thread, this method should not be called from the main application thread
06-25 13:30:03.972 11439 11439 I ForcingPage: [Req]<READ AI STATUS> 010400080002f009
06-25 13:30:04.022   796   796 I SurfaceFlinger: screenshot (com.oringnet.wm/com.oring.SlideActivity@11439#0)
06-25 13:30:04.078 11439 11439 I ForcingPage: [Rsp]<READ AI TYPE> 01040441fa0000cf89
06-25 13:30:04.078 11439 11439 W UiThreadStatement: Already on the UI thread, this method should not be called from the main application thread
06-25 13:30:04.078 11439 11439 I ForcingPage: [Req]<READ AI TYPE> 0104000A000251c9
06-25 13:30:04.147 11439 11439 I ForcingPage: [Rsp]<READ FORCE STATUS> 01030c000600060006000600060006285b
06-25 13:30:04.147 11439 11439 W UiThreadStatement: Already on the UI thread, this method should not be called from the main application thread
06-25 13:30:04.147 11439 11439 I ForcingPage: [Req]<READ FORCE STATUS> 010304000006c4f8
06-25 13:30:04.166   796  2089 I BufferQueueProducer: [com.oringnet.wm/com.oring.SlideActivity@11439#0](this:0x72a451a800,id:27,api:1,p:11439,c:796) queueBuffer: fps=35.72 dur=1063.82 max=123.34 min=9.14
06-25 13:30:04.205   796   796 I SurfaceFlinger: screenshot (com.oringnet.wm/com.oring.SlideActivity@11439#0)
06-25 13:30:04.232 11439 11439 I ForcingStatus: 2
06-25 13:30:04.232 11439 11439 I ForcingPage: [Rsp]<READ FORCE STATUS> 01030200023985
06-25 13:30:04.233 11439 11439 W UiThreadStatement: Already on the UI thread, this method should not be called from the main application thread
06-25 13:30:04.233 11439 11439 I ForcingPage: [Req]<READ FORCE STATUS> 010303f90001547f
06-25 13:30:05.028 11439 11439 I ViewRootImpl: ViewRoot's Touch Event : ACTION_DOWN
06-25 13:30:05.036 11439 11439 I ViewRootImpl: ViewRoot's Touch Event : ACTION_UP
06-25 13:30:05.044   796   796 I SurfaceFlinger: screenshot (com.oringnet.wm/com.oring.SlideActivity@11439#0)
06-25 13:30:05.160   796   796 I SurfaceFlinger: screenshot (com.oringnet.wm/com.oring.SlideActivity@11439#0)
06-25 13:30:05.181   796  2155 I BufferQueueProducer: [com.oringnet.wm/com.oring.SlideActivity@11439#0](this:0x72a451a800,id:27,api:1,p:11439,c:796) queueBuffer: fps=8.87 dur=1015.15 max=883.46 min=14.13
06-25 13:30:05.261   796   796 I SurfaceFlinger: screenshot (com.oringnet.wm/com.oring.SlideActivity@11439#0)
06-25 13:30:05.268 11439 11439 I ForcingPage: [Rsp]<READ DI STATUS> 01050002ff002dfa
06-25 13:30:05.268 11439 11439 W UiThreadStatement: Already on the UI thread, this method should not be called from the main application thread
06-25 13:30:05.268 11439 11439 I ForcingPage: [Req]<READ DI STATUS> 01050002FF002dfa
06-25 13:30:05.353 11439 11439 W UiThreadStatement: Already on the UI thread, this method should not be called from the main application thread
06-25 13:30:05.353 11439 11439 I ForcingPage: [Req]<READ DI STATUS> 01020000000479c9
06-25 13:30:05.361   796   796 I SurfaceFlinger: screenshot (com.oringnet.wm/com.oring.SlideActivity@11439#0)
06-25 13:30:05.362 11439 11439 I ForcingPage: [Rsp]<READ DO STATUS> 01020100a188
06-25 13:30:05.451 11439 11439 W UiThreadStatement: Already on the UI thread, this method should not be called from the main application thread
06-25 13:30:05.451 11439 11439 I ForcingPage: [Req]<READ DO STATUS> 0101000000043dc9
06-25 13:30:05.459 11439 11439 I ForcingPage: [Rsp]<READ RELAY STATUS> 01010107104a
06-25 13:30:05.477   796   796 I SurfaceFlinger: screenshot (com.oringnet.wm/com.oring.SlideActivity@11439#0)
06-25 13:30:05.555 11439 11439 I ForcingPage: [Rsp]<READ AI STATUS> 010101005188
06-25 13:30:05.568 11439 11439 W UiThreadStatement: Already on the UI thread, this method should not be called from the main application thread
06-25 13:30:05.569 11439 11439 I ForcingPage: [Req]<READ AI STATUS> 010100040002fc0a
06-25 13:30:05.594   796   796 I SurfaceFlinger: screenshot (com.oringnet.wm/com.oring.SlideActivity@11439#0)
06-25 13:30:05.656 11439 11439 I ForcingPage: [Rsp]<READ AI STATUS> 010404b99b79d94d3d
06-25 13:30:05.656 11439 11439 W UiThreadStatement: Already on the UI thread, this method should not be called from the main application thread
06-25 13:30:05.656 11439 11439 I ForcingPage: [Req]<READ AI STATUS> 01040000000271cb
06-25 13:30:05.710   796   796 I SurfaceFlinger: screenshot (com.oringnet.wm/com.oring.SlideActivity@11439#0)
06-25 13:30:05.745 11439 11439 W UiThreadStatement: Already on the UI thread, this method should not be called from the main application thread
06-25 13:30:05.745 11439 11439 I ForcingPage: [Req]<READ AI STATUS> 010400020002d00b
06-25 13:30:05.763 11439 11439 I ForcingPage: [Rsp]<READ AI STATUS> 01040400000000fb84
06-25 13:30:05.885 11439 11439 I ForcingPage: [Rsp]<READ AI STATUS> 0104044412f99a8d4a
06-25 13:30:05.885 11439 11439 W UiThreadStatement: Already on the UI thread, this method should not be called from the main application thread
06-25 13:30:05.886 11439 11439 I ForcingPage: [Req]<READ AI STATUS> 010400040002300a
06-25 13:30:05.928   796   796 I SurfaceFlinger: screenshot (com.oringnet.wm/com.oring.SlideActivity@11439#0)
06-25 13:30:06.018 11439 11439 I ForcingPage: [Rsp]<READ AI STATUS> 01040441fa0000cf89
06-25 13:30:06.018 11439 11439 W UiThreadStatement: Already on the UI thread, this method should not be called from the main application thread
06-25 13:30:06.018 11439 11439 I ForcingPage: [Req]<READ AI STATUS> 01040006000291ca
06-25 13:30:06.085 11439 11439 W UiThreadStatement: Already on the UI thread, this method should not be called from the main application thread
06-25 13:30:06.086 11439 11439 I ForcingPage: [Req]<READ AI STATUS> 010400080002f009
06-25 13:30:06.131 11439 11439 I ForcingPage: [Rsp]<READ AI STATUS> 01040400000000fb84
06-25 13:30:06.231 11439 11439 W UiThreadStatement: Already on the UI thread, this method should not be called from the main application thread
06-25 13:30:06.231 11439 11439 I ForcingPage: [Req]<READ AI STATUS> 0104000A000251c9
06-25 13:30:06.260 11439 11439 I ForcingPage: [Rsp]<READ AI TYPE> 01040441fa0000cf89
06-25 13:30:06.280   796  2089 I BufferQueueProducer: [com.oringnet.wm/com.oring.SlideActivity@11439#0](this:0x72a451a800,id:27,api:1,p:11439,c:796) queueBuffer: fps=39.12 dur=1099.18 max=127.66 min=6.56
06-25 13:30:06.343 11439 11439 I ForcingPage: [Rsp]<READ FORCE STATUS> 01030c000600060006000600060006285b
06-25 13:30:06.343 11439 11439 W UiThreadStatement: Already on the UI thread, this method should not be called from the main application thread
06-25 13:30:06.344 11439 11439 I ForcingPage: [Req]<READ FORCE STATUS> 010304000006c4f8
06-25 13:30:06.427 11439 11439 W UiThreadStatement: Already on the UI thread, this method should not be called from the main application thread
06-25 13:30:06.427 11439 11439 I ForcingPage: [Req]<READ FORCE STATUS> 010303f90001547f
06-25 13:30:06.427 11439 11439 I ForcingStatus: 2
06-25 13:30:06.427 11439 11439 I ForcingPage: [Rsp]<READ FORCE STATUS> 01030200023985
06-25 13:30:07.285   796   796 I SurfaceFlinger: screenshot (com.oringnet.wm/com.oring.SlideActivity@11439#0)
06-25 13:30:07.778 11439 11439 I ViewRootImpl: ViewRoot's Touch Event : ACTION_DOWN
06-25 13:30:07.823   796  2089 I BufferQueueProducer: [com.oringnet.wm/com.oring.SlideActivity@11439#0](this:0x72a451a800,id:27,api:1,p:11439,c:796) queueBuffer: fps=1.30 dur=1542.51 max=1455.88 min=86.63
06-25 13:30:07.929   796   796 I SurfaceFlinger: screenshot (com.oringnet.wm/com.oring.SlideActivity@11439#0)
06-25 13:30:08.079   796   796 I SurfaceFlinger: screenshot (com.oringnet.wm/com.oring.SlideActivity@11439#0)
06-25 13:30:08.278   796   796 I SurfaceFlinger: screenshot (com.oringnet.wm/com.oring.SlideActivity@11439#0)
06-25 13:30:08.531   796   796 I SurfaceFlinger: screenshot (com.oringnet.wm/com.oring.SlideActivity@11439#0)
06-25 13:30:08.719 11439 11439 I ViewRootImpl: ViewRoot's Touch Event : ACTION_UP
06-25 13:30:08.720 11439 11439 I TouchFlickNoti: CHANGE UP TO DOWN vectorVelocity:1117
06-25 13:30:08.743   796   796 I SurfaceFlinger: screenshot (com.oringnet.wm/com.oring.SlideActivity@11439#0)
06-25 13:30:08.830   796  2155 I BufferQueueProducer: [com.oringnet.wm/com.oring.SlideActivity@11439#0](this:0x72a451a800,id:27,api:1,p:11439,c:796) queueBuffer: fps=60.58 dur=1006.85 max=21.59 min=13.36
06-25 13:30:08.844   796   796 I SurfaceFlinger: screenshot (com.oringnet.wm/com.oring.SlideActivity@11439#0)
06-25 13:30:08.944   796   796 I SurfaceFlinger: screenshot (com.oringnet.wm/com.oring.SlideActivity@11439#0)
06-25 13:30:08.960 11439 11439 I ViewRootImpl: ViewRoot's Touch Event : ACTION_DOWN
06-25 13:30:09.060   796   796 I SurfaceFlinger: screenshot (com.oringnet.wm/com.oring.SlideActivity@11439#0)
06-25 13:30:09.727   796   796 I SurfaceFlinger: screenshot (com.oringnet.wm/com.oring.SlideActivity@11439#0)
06-25 13:30:09.827   796   796 I SurfaceFlinger: screenshot (com.oringnet.wm/com.oring.SlideActivity@11439#0)
06-25 13:30:09.847   796  2155 I BufferQueueProducer: [com.oringnet.wm/com.oring.SlideActivity@11439#0](this:0x72a451a800,id:27,api:1,p:11439,c:796) queueBuffer: fps=59.97 dur=1017.12 max=18.52 min=14.86
06-25 13:30:09.867 11439 11439 I ViewRootImpl: ViewRoot's Touch Event : ACTION_UP
06-25 13:30:09.867 11439 11439 I TouchFlickNoti: CHANGE DOWN TO UP vectorVelocity:-1128
06-25 13:30:09.944   796   796 I SurfaceFlinger: screenshot (com.oringnet.wm/com.oring.SlideActivity@11439#0)
06-25 13:30:10.044   796   796 I SurfaceFlinger: screenshot (com.oringnet.wm/com.oring.SlideActivity@11439#0)
06-25 13:30:10.144   796   796 I SurfaceFlinger: screenshot (com.oringnet.wm/com.oring.SlideActivity@11439#0)
06-25 13:30:10.261   796   796 I SurfaceFlinger: screenshot (com.oringnet.wm/com.oring.SlideActivity@11439#0)
06-25 13:30:10.777   796   796 I SurfaceFlinger: screenshot (com.oringnet.wm/com.oring.SlideActivity@11439#0)
06-25 13:30:10.865   796  2155 I BufferQueueProducer: [com.oringnet.wm/com.oring.SlideActivity@11439#0](this:0x72a451a800,id:27,api:1,p:11439,c:796) queueBuffer: fps=59.89 dur=1018.55 max=18.63 min=15.93
06-25 13:30:10.878   796   796 I SurfaceFlinger: screenshot (com.oringnet.wm/com.oring.SlideActivity@11439#0)
06-25 13:30:11.761   796   796 I SurfaceFlinger: screenshot (com.oringnet.wm/com.oring.SlideActivity@11439#0)
06-25 13:30:11.836 11439 11439 W UiThreadStatement: Already on the UI thread, this method should not be called from the main application thread
06-25 13:30:11.836 11439 11439 I ForcingPage: [Req]<READ DI STATUS> 01020000000479c9
06-25 13:30:11.839 11439 11439 I ForcingPage: [Rsp]<READ DO STATUS> 01020100a188
06-25 13:30:11.861   796   796 I SurfaceFlinger: screenshot (com.oringnet.wm/com.oring.SlideActivity@11439#0)
06-25 13:30:11.881   796  2155 I BufferQueueProducer: [com.oringnet.wm/com.oring.SlideActivity@11439#0](this:0x72a451a800,id:27,api:1,p:11439,c:796) queueBuffer: fps=60.04 dur=1015.93 max=20.75 min=14.11
06-25 13:30:11.944 11439 11439 W UiThreadStatement: Already on the UI thread, this method should not be called from the main application thread
06-25 13:30:11.945 11439 11439 I ForcingPage: [Req]<READ DO STATUS> 0101000000043dc9
06-25 13:30:11.948 11439 11439 I ForcingPage: [Rsp]<READ RELAY STATUS> 01010107104a
06-25 13:30:11.978   796   796 I SurfaceFlinger: screenshot (com.oringnet.wm/com.oring.SlideActivity@11439#0)
06-25 13:30:12.031 11439 11439 W UiThreadStatement: Already on the UI thread, this method should not be called from the main application thread
06-25 13:30:12.031 11439 11439 I ForcingPage: [Req]<READ RELAY STATUS> 010100040002fc0a
06-25 13:30:12.035 11439 11439 I ForcingPage: [Rsp]<READ AI STATUS> 010101005188
06-25 13:30:12.094   796   796 I SurfaceFlinger: screenshot (com.oringnet.wm/com.oring.SlideActivity@11439#0)
06-25 13:30:12.129 11439 11439 W UiThreadStatement: Already on the UI thread, this method should not be called from the main application thread
06-25 13:30:12.129 11439 11439 I ForcingPage: [Req]<READ AI STATUS> 01040000000271cb
06-25 13:30:12.144 11439 11439 I ForcingPage: [Rsp]<READ AI STATUS> 010404b928a02c270d
06-25 13:30:12.252 11439 11439 I ForcingPage: [Rsp]<READ AI STATUS> 01040400000000fb84
06-25 13:30:12.252 11439 11439 W UiThreadStatement: Already on the UI thread, this method should not be called from the main application thread
06-25 13:30:12.252 11439 11439 I ForcingPage: [Req]<READ AI STATUS> 010400020002d00b
06-25 13:30:12.347   796   796 I SurfaceFlinger: screenshot (com.oringnet.wm/com.oring.SlideActivity@11439#0)
06-25 13:30:12.364 11439 11439 I ForcingPage: [Rsp]<READ AI STATUS> 0104044412f99a8d4a
06-25 13:30:12.365 11439 11439 W UiThreadStatement: Already on the UI thread, this method should not be called from the main application thread
06-25 13:30:12.365 11439 11439 I ForcingPage: [Req]<READ AI STATUS> 010400040002300a
06-25 13:30:12.465 11439 11439 I ForcingPage: [Rsp]<READ AI STATUS> 01040441fa0000cf89
06-25 13:30:12.465 11439 11439 W UiThreadStatement: Already on the UI thread, this method should not be called from the main application thread
06-25 13:30:12.465 11439 11439 I ForcingPage: [Req]<READ AI STATUS> 01040006000291ca
06-25 13:30:12.580 11439 11439 W UiThreadStatement: Already on the UI thread, this method should not be called from the main application thread
06-25 13:30:12.580 11439 11439 I ForcingPage: [Req]<READ AI STATUS> 010400080002f009
06-25 13:30:12.628 11439 11439 I ForcingPage: [Rsp]<READ AI STATUS> 01040400000000fb84
06-25 13:30:12.731   796   796 I SurfaceFlinger: screenshot (com.oringnet.wm/com.oring.SlideActivity@11439#0)
06-25 13:30:12.776 11439 11439 I ForcingPage: [Rsp]<READ AI TYPE> 01040441fa0000cf89
06-25 13:30:12.777 11439 11439 W UiThreadStatement: Already on the UI thread, this method should not be called from the main application thread
06-25 13:30:12.777 11439 11439 I ForcingPage: [Req]<READ AI TYPE> 0104000A000251c9
06-25 13:30:12.877 11439 11439 I ForcingPage: [Rsp]<READ FORCE STATUS> 01030c000600060006000600060006285b
06-25 13:30:12.878 11439 11439 W UiThreadStatement: Already on the UI thread, this method should not be called from the main application thread
06-25 13:30:12.878 11439 11439 I ForcingPage: [Req]<READ FORCE STATUS> 010304000006c4f8
06-25 13:30:12.901   796  2089 I BufferQueueProducer: [com.oringnet.wm/com.oring.SlideActivity@11439#0](this:0x72a451a800,id:27,api:1,p:11439,c:796) queueBuffer: fps=41.20 dur=1019.31 max=100.03 min=7.08
06-25 13:30:12.924   796   796 I SurfaceFlinger: screenshot (com.oringnet.wm/com.oring.SlideActivity@11439#0)
06-25 13:30:12.959 11439 11439 I ForcingStatus: 2
06-25 13:30:12.960 11439 11439 I ForcingPage: [Rsp]<READ FORCE STATUS> 01030200023985
06-25 13:30:12.960 11439 11439 W UiThreadStatement: Already on the UI thread, this method should not be called from the main application thread
06-25 13:30:12.960 11439 11439 I ForcingPage: [Req]<READ FORCE STATUS> 010303f90001547f
06-25 13:30:13.989   796   796 I SurfaceFlinger: screenshot (com.oringnet.wm/com.oring.SlideActivity@11439#0)
06-25 13:30:14.497 11439 11439 I ViewRootImpl: ViewRoot's Touch Event : ACTION_DOWN
06-25 13:30:14.542   796  2089 I BufferQueueProducer: [com.oringnet.wm/com.oring.SlideActivity@11439#0](this:0x72a451a800,id:27,api:1,p:11439,c:796) queueBuffer: fps=0.61 dur=1641.07 max=1641.07 min=1641.07
06-25 13:30:14.698   796   796 I SurfaceFlinger: screenshot (com.oringnet.wm/com.oring.SlideActivity@11439#0)
06-25 13:30:15.015   796   796 I SurfaceFlinger: screenshot (com.oringnet.wm/com.oring.SlideActivity@11439#0)
06-25 13:30:15.265   796   796 I SurfaceFlinger: screenshot (com.oringnet.wm/com.oring.SlideActivity@11439#0)
06-25 13:30:15.458 11439 11439 I ViewRootImpl: ViewRoot's Touch Event : ACTION_UP
06-25 13:30:15.459 11439 11439 I TouchFlickNoti: CHANGE UP TO DOWN vectorVelocity:1154
06-25 13:30:15.479   796   796 I SurfaceFlinger: screenshot (com.oringnet.wm/com.oring.SlideActivity@11439#0)
06-25 13:30:15.548   796   833 I BufferQueueProducer: [com.oringnet.wm/com.oring.SlideActivity@11439#0](this:0x72a451a800,id:27,api:1,p:11439,c:796) queueBuffer: fps=57.63 dur=1006.46 max=42.25 min=10.37
06-25 13:30:15.595   796   796 I SurfaceFlinger: screenshot (com.oringnet.wm/com.oring.SlideActivity@11439#0)
06-25 13:30:15.696   796   796 I SurfaceFlinger: screenshot (com.oringnet.wm/com.oring.SlideActivity@11439#0)
06-25 13:30:15.812   796   796 I SurfaceFlinger: screenshot (com.oringnet.wm/com.oring.SlideActivity@11439#0)
06-25 13:30:15.912   796   796 I SurfaceFlinger: screenshot (com.oringnet.wm/com.oring.SlideActivity@11439#0)
06-25 13:30:16.429   796   796 I SurfaceFlinger: screenshot (com.oringnet.wm/com.oring.SlideActivity@11439#0)
06-25 13:30:16.529   796   796 I SurfaceFlinger: screenshot (com.oringnet.wm/com.oring.SlideActivity@11439#0)
06-25 13:30:16.548   796  1305 I BufferQueueProducer: [com.oringnet.wm/com.oring.SlideActivity@11439#0](this:0x72a451a800,id:27,api:1,p:11439,c:796) queueBuffer: fps=59.97 dur=1000.49 max=18.00 min=15.74
06-25 13:30:16.645   796   796 I SurfaceFlinger: screenshot (com.oringnet.wm/com.oring.SlideActivity@11439#0)
06-25 13:30:16.762   796   796 I SurfaceFlinger: screenshot (com.oringnet.wm/com.oring.SlideActivity@11439#0)
06-25 13:30:16.862   796   796 I SurfaceFlinger: screenshot (com.oringnet.wm/com.oring.SlideActivity@11439#0)
06-25 13:30:17.029   796   796 I SurfaceFlinger: screenshot (com.oringnet.wm/com.oring.SlideActivity@11439#0)
06-25 13:30:17.346   796   796 I SurfaceFlinger: screenshot (com.oringnet.wm/com.oring.SlideActivity@11439#0)
06-25 13:30:17.416 11439 11439 I ViewRootImpl: ViewRoot's Touch Event : ACTION_DOWN
06-25 13:30:17.446   796   796 I SurfaceFlinger: screenshot (com.oringnet.wm/com.oring.SlideActivity@11439#0)
06-25 13:30:17.549   796  2155 I BufferQueueProducer: [com.oringnet.wm/com.oring.SlideActivity@11439#0](this:0x72a451a800,id:27,api:1,p:11439,c:796) queueBuffer: fps=57.99 dur=1000.17 max=66.81 min=3.85
06-25 13:30:17.562   796   796 I SurfaceFlinger: screenshot (com.oringnet.wm/com.oring.SlideActivity@11439#0)
06-25 13:30:17.679   796   796 I SurfaceFlinger: screenshot (com.oringnet.wm/com.oring.SlideActivity@11439#0)
06-25 13:30:17.781   796   796 I SurfaceFlinger: screenshot (com.oringnet.wm/com.oring.SlideActivity@11439#0)
06-25 13:30:17.947   796   796 I SurfaceFlinger: screenshot (com.oringnet.wm/com.oring.SlideActivity@11439#0)
06-25 13:30:18.315   796   796 I SurfaceFlinger: screenshot (com.oringnet.wm/com.oring.SlideActivity@11439#0)
06-25 13:30:18.339 11439 11439 I ViewRootImpl: ViewRoot's Touch Event : ACTION_UP
06-25 13:30:18.340 11439 11439 I TouchFlickNoti: CHANGE UP TO DOWN vectorVelocity:0
06-25 13:30:18.369 11439 11439 W UiThreadStatement: Already on the UI thread, this method should not be called from the main application thread
06-25 13:30:18.369 11439 11439 I ForcingPage: [Req]<READ DI STATUS> 01020000000479c9
06-25 13:30:18.373 11439 11439 I ForcingPage: [Rsp]<READ DO STATUS> 01020100a188
06-25 13:30:18.430   796   796 I SurfaceFlinger: screenshot (com.oringnet.wm/com.oring.SlideActivity@11439#0)
06-25 13:30:18.478 11439 11439 I ForcingPage: [Rsp]<READ RELAY STATUS> 01010107104a
06-25 13:30:18.478 11439 11439 W UiThreadStatement: Already on the UI thread, this method should not be called from the main application thread
06-25 13:30:18.478 11439 11439 I ForcingPage: [Req]<READ RELAY STATUS> 0101000000043dc9
06-25 13:30:18.555   796   833 I BufferQueueProducer: [com.oringnet.wm/com.oring.SlideActivity@11439#0](this:0x72a451a800,id:27,api:1,p:11439,c:796) queueBuffer: fps=59.60 dur=1006.72 max=18.99 min=12.28
06-25 13:30:18.573 11439 11439 W UiThreadStatement: Already on the UI thread, this method should not be called from the main application thread
06-25 13:30:18.573 11439 11439 I ForcingPage: [Req]<READ RELAY STATUS> 010100040002fc0a
06-25 13:30:18.581 11439 11439 I ForcingPage: [Rsp]<READ AI STATUS> 010101005188
06-25 13:30:18.673 11439 11439 W UiThreadStatement: Already on the UI thread, this method should not be called from the main application thread
06-25 13:30:18.673 11439 11439 I ForcingPage: [Req]<READ AI STATUS> 01040000000271cb
06-25 13:30:18.682   796   796 I SurfaceFlinger: screenshot (com.oringnet.wm/com.oring.SlideActivity@11439#0)
06-25 13:30:18.699 11439 11439 I ForcingPage: [Rsp]<READ AI STATUS> 010404b8e4f5aa583c
06-25 13:30:18.765 11439 11439 W UiThreadStatement: Already on the UI thread, this method should not be called from the main application thread
06-25 13:30:18.765 11439 11439 I ForcingPage: [Req]<READ AI STATUS> 010400020002d00b
06-25 13:30:18.788 11439 11439 I ForcingPage: [Rsp]<READ AI STATUS> 01040400000000fb84
06-25 13:30:18.830   796   796 I SurfaceFlinger: screenshot (com.oringnet.wm/com.oring.SlideActivity@11439#0)
06-25 13:30:18.908 11439 11439 I ForcingPage: [Rsp]<READ AI STATUS> 0104044412f99a8d4a
06-25 13:30:18.908 11439 11439 W UiThreadStatement: Already on the UI thread, this method should not be called from the main application thread
06-25 13:30:18.908 11439 11439 I ForcingPage: [Req]<READ AI STATUS> 010400040002300a
06-25 13:30:19.006 11439 11439 W UiThreadStatement: Already on the UI thread, this method should not be called from the main application thread
06-25 13:30:19.006 11439 11439 I ForcingPage: [Req]<READ AI STATUS> 01040006000291ca
06-25 13:30:19.034 11439 11439 I ForcingPage: [Rsp]<READ AI STATUS> 01040441fa0000cf89
06-25 13:30:19.109   796   796 I SurfaceFlinger: screenshot (com.oringnet.wm/com.oring.SlideActivity@11439#0)
06-25 13:30:19.143 11439 11439 I ForcingPage: [Rsp]<READ AI STATUS> 01040400000000fb84
06-25 13:30:19.143 11439 11439 W UiThreadStatement: Already on the UI thread, this method should not be called from the main application thread
06-25 13:30:19.144 11439 11439 I ForcingPage: [Req]<READ AI STATUS> 010400080002f009
06-25 13:30:19.243 11439 11439 I ForcingPage: [Rsp]<READ AI TYPE> 01040441fa0000cf89
06-25 13:30:19.244 11439 11439 W UiThreadStatement: Already on the UI thread, this method should not be called from the main application thread
06-25 13:30:19.244 11439 11439 I ForcingPage: [Req]<READ AI TYPE> 0104000A000251c9
06-25 13:30:19.276   796   796 I SurfaceFlinger: screenshot (com.oringnet.wm/com.oring.SlideActivity@11439#0)
06-25 13:30:19.359 11439 11439 I ForcingPage: [Rsp]<READ FORCE STATUS> 01030c000600060006000600060006285b
06-25 13:30:19.359 11439 11439 W UiThreadStatement: Already on the UI thread, this method should not be called from the main application thread
06-25 13:30:19.359 11439 11439 I ForcingPage: [Req]<READ FORCE STATUS> 010304000006c4f8
06-25 13:30:19.444 11439 11439 I ForcingStatus: 2
06-25 13:30:19.444 11439 11439 I ForcingPage: [Rsp]<READ FORCE STATUS> 01030200023985
06-25 13:30:19.445 11439 11439 W UiThreadStatement: Already on the UI thread, this method should not be called from the main application thread
06-25 13:30:19.445 11439 11439 I ForcingPage: [Req]<READ FORCE STATUS> 010303f90001547f
06-25 13:30:20.998 11439 11439 I ViewRootImpl: ViewRoot's Touch Event : ACTION_DOWN
06-25 13:30:21.006 11439 11439 I ViewRootImpl: ViewRoot's Touch Event : ACTION_UP
06-25 13:30:21.172 11439 11439 I EEWW:   : 
06-25 13:30:21.178 11439 11439 I GetID   : b.a.e@3966b7c
06-25 13:30:21.190 11439 11439 D BluetoothGatt: setCharacteristicNotification() - uuid: 6e400003-b5a3-f393-e0a9-e50e24dcca9e enable: true
06-25 13:30:21.198 11439 11439 W UiThreadStatement: Already on the UI thread, this method should not be called from the main application thread
06-25 13:30:21.319 11439 11439 I ForcingPage: [Rsp]<READ FORCE STATUS> 010504000000ccfa
06-25 13:30:21.319 11439 11439 W UiThreadStatement: Already on the UI thread, this method should not be called from the main application thread
06-25 13:30:21.319 11439 11439 I ForcingPage: [Req]<READ FORCE STATUS> 010504000000ccfa
06-25 13:30:21.323   796  2155 I BufferQueueProducer: [com.oringnet.wm/com.oring.SlideActivity@11439#0](this:0x72a451a800,id:27,api:1,p:11439,c:796) queueBuffer: fps=10.84 dur=2767.72 max=1933.50 min=8.41
06-25 13:30:21.398   796   796 I SurfaceFlinger: screenshot (com.oringnet.wm/com.oring.SlideActivity@11439#0)
06-25 13:30:21.441 11439 11439 W UiThreadStatement: Already on the UI thread, this method should not be called from the main application thread
06-25 13:30:21.441 11439 11439 I I/O     : [Req]<Read DI Status> 01020000000479c9
06-25 13:30:21.441 11439 11439 I I/O     : [Rsp]<Read DI Status> 01020100a188
06-25 13:30:21.514   796   796 I SurfaceFlinger: screenshot (com.oringnet.wm/com.oring.SlideActivity@11439#0)
06-25 13:30:21.539 11439 11439 W UiThreadStatement: Already on the UI thread, this method should not be called from the main application thread
06-25 13:30:21.539 11439 11439 I I/O     : [Req]<Read DO Status> 0101000000043dc9
06-25 13:30:21.539 11439 11439 I I/O     : [Rsp]<Read DO Status> 010101005188
06-25 13:30:21.638 11439 11439 I I/O     : [Rsp]<Read RELAY Status> 010101005188
06-25 13:30:21.658 11439 11439 W UiThreadStatement: Already on the UI thread, this method should not be called from the main application thread
06-25 13:30:21.658 11439 11439 I I/O     : [Req]<Read DI COUNTER> 010100040002fc0a
06-25 13:30:21.735 11439 11439 W UiThreadStatement: Already on the UI thread, this method should not be called from the main application thread
06-25 13:30:21.735 11439 11439 I I/O     : [Req]<Read DI COUNTER> 010404310004a136
06-25 13:30:21.736 11439 11439 I I/O     : [Rsp]<Read DI COUNTER> 0104080000000000000000240d
06-25 13:30:21.788   796   796 I SurfaceFlinger: screenshot (com.oringnet.wm/com.oring.SlideActivity@11439#0)
06-25 13:30:21.832 11439 11439 I I/O     : [Rsp]<Read AI 0 Status> 010404b912f7a37894
06-25 13:30:21.854 11439 11439 I AI_value:: 0.0
06-25 13:30:21.855 11439 11439 I AI_raw: : b912f7a3
06-25 13:30:21.864 11439 11439 W UiThreadStatement: Already on the UI thread, this method should not be called from the main application thread
06-25 13:30:21.865 11439 11439 I I/O     : [Req]<Read AI 1 Status> 01040000000271cb
06-25 13:30:21.929 11439 11439 W UiThreadStatement: Already on the UI thread, this method should not be called from the main application thread
06-25 13:30:21.930 11439 11439 I I/O     : [Req]<Read AI 1 Status> 010400020002d00b
06-25 13:30:21.931 11439 11439 I I/O     : [Rsp]<Read AI 1 Status> 01040400000000fb84
06-25 13:30:21.949 11439 11439 I AI_value:: 0.0
06-25 13:30:21.949 11439 11439 I AI_raw: : 00000000
06-25 13:30:21.981   796   796 I SurfaceFlinger: screenshot (com.oringnet.wm/com.oring.SlideActivity@11439#0)
06-25 13:30:22.027 11439 11439 I I/O     : [Rsp]<Read AI 2 Status> 0104044412f99a8d4a
06-25 13:30:22.058 11439 11439 I AI_value:: 587.9
06-25 13:30:22.058 11439 11439 I AI_raw: : 4412f99a
06-25 13:30:22.063 11439 11439 W UiThreadStatement: Already on the UI thread, this method should not be called from the main application thread
06-25 13:30:22.063 11439 11439 I I/O     : [Req]<Read AI 3 Status> 010400040002300a
06-25 13:30:22.122   796   796 I SurfaceFlinger: screenshot (com.oringnet.wm/com.oring.SlideActivity@11439#0)
06-25 13:30:22.125 11439 11439 W UiThreadStatement: Already on the UI thread, this method should not be called from the main application thread
06-25 13:30:22.125 11439 11439 I I/O     : [Req]<Read AI 3 Status> 01040006000291ca
06-25 13:30:22.125 11439 11439 I I/O     : [Rsp]<Read AI 3 Status> 01040441fa0000cf89
06-25 13:30:22.159 11439 11439 I AI_value:: 31.25
06-25 13:30:22.159 11439 11439 I AI_raw: : 41fa0000
06-25 13:30:22.223 11439 11439 W UiThreadStatement: Already on the UI thread, this method should not be called from the main application thread
06-25 13:30:22.223 11439 11439 I I/O     : [Req]<Read AI 4 Status> 010400080002f009
06-25 13:30:22.223 11439 11439 I I/O     : [Rsp]<Read AI 4 Status> 01040400000000fb84
06-25 13:30:22.256 11439 11439 I AI_value:: 0.0
06-25 13:30:22.256 11439 11439 I AI_raw: : 00000000
06-25 13:30:22.321 11439 11439 W UiThreadStatement: Already on the UI thread, this method should not be called from the main application thread
06-25 13:30:22.321 11439 11439 I I/O     : [Req]<Read AI 5 Status> 0104000A000251c9
06-25 13:30:22.322 11439 11439 I I/O     : [Rsp]<Read AI 5 Status> 01040441fa0000cf89
06-25 13:30:22.385 11439 11439 I AI_value:: 31.25
06-25 13:30:22.386 11439 11439 I AI_raw: : 41fa0000
06-25 13:30:22.432   796   833 I BufferQueueProducer: [com.oringnet.wm/com.oring.SlideActivity@11439#0](this:0x72a451a800,id:27,api:1,p:11439,c:796) queueBuffer: fps=18.94 dur=1108.84 max=151.43 min=5.26
06-25 13:30:22.466 11439 11439 I I/O     : [Rsp]<Read AI Type> 01030c000600060006000600060006285b
06-25 13:30:22.475 11439 11439 W UiThreadStatement: Already on the UI thread, this method should not be called from the main application thread
06-25 13:30:22.475 11439 11439 I I/O     : [Req]<Read RTD 2 mode> 010304000006c4f8
06-25 13:30:22.502 11439 11451 I com.oringnet.w: Background young concurrent copying GC freed 225805(10MB) AllocSpace objects, 0(0B) LOS objects, 68% free, 5009KB/15MB, paused 825us total 140.603ms
06-25 13:30:22.542   796   796 I SurfaceFlinger: screenshot (com.oringnet.wm/com.oring.SlideActivity@11439#0)
06-25 13:30:22.563 11439 11439 I I/O     : [Rsp]<Read RTD 2 mode> 010308000000000000000095d7
06-25 13:30:22.563 11439 11439 I RTD_mode:: 0000000000000000
06-25 13:30:22.563 11439 11439 I parseRTD_mode: SW index 0 = 0
06-25 13:30:22.563 11439 11439 I parseRTD_mode: SW index 2 = 0
06-25 13:30:22.563 11439 11439 I parseRTD_mode: SW index 1 = 0
06-25 13:30:22.563 11439 11439 I parseRTD_mode: SW index 3 = 0
06-25 13:30:22.573 11439 11439 W UiThreadStatement: Already on the UI thread, this method should not be called from the main application thread
06-25 13:30:22.573 11439 11439 I I/O     : [Req]<Read RTD 2 mode> 010303050004544c
06-25 13:30:22.661 11439 11439 I I/O     : [Rsp]<Read RTD 2 mode> 0103020000b844
06-25 13:30:22.661 11439 11439 I finish  : @@!!
06-25 13:30:22.662 11439 11439 W UiThreadStatement: Already on the UI thread, this method should not be called from the main application thread
06-25 13:30:22.662 11439 11439 I I/O     : [Req]<Read RTD 2 mode> 010303f90001547f
06-25 13:30:22.965   796   796 I SurfaceFlinger: screenshot (com.oringnet.wm/com.oring.SlideActivity@11439#0)
06-25 13:30:23.251 11439 11439 I ViewRootImpl: ViewRoot's Touch Event : ACTION_DOWN
06-25 13:30:23.261 11439 11439 I ViewRootImpl: ViewRoot's Touch Event : ACTION_UP
06-25 13:30:23.263 11439 11439 I PortN:  : 項目 0/名稱 DI0
06-25 13:30:23.263 11439 11439 I Lang:   : zh
06-25 13:30:23.369 11439 11439 D BluetoothGatt: setCharacteristicNotification() - uuid: 6e400003-b5a3-f393-e0a9-e50e24dcca9e enable: true
06-25 13:30:23.448   796  1305 I BufferQueueProducer: [com.oringnet.wm/com.oring.SlideActivity@11439#0](this:0x72a451a800,id:27,api:1,p:11439,c:796) queueBuffer: fps=18.70 dur=1016.00 max=393.39 min=14.42
06-25 13:30:23.498   796   796 I SurfaceFlinger: screenshot (com.oringnet.wm/com.oring.SlideActivity@11439#0)
06-25 13:30:23.537 11439 11439 I DiPage  : [Rsp]<READ CHANNEL ENABLE> 0103020000b844
06-25 13:30:23.539 11439 11439 I test_ENABLE:: 0
06-25 13:30:23.544 11439 11439 W UiThreadStatement: Already on the UI thread, this method should not be called from the main application thread
06-25 13:30:23.544 11439 11439 I DiPage  : [Req]<READ INVERT> 01030A87000137fb
06-25 13:30:23.570   796   796 I SurfaceFlinger: screenshot (com.oringnet.wm/com.oring.SlideActivity@11439#0)
06-25 13:30:23.615   796   796 I SurfaceFlinger: screenshot (com.oringnet.wm/com.oring.SlideActivity@11439#0)
06-25 13:30:23.649 11439 11439 I DiPage  : [Rsp]<READ INVERT> 0103020000b844
06-25 13:30:23.655 11439 11439 W UiThreadStatement: Already on the UI thread, this method should not be called from the main application thread
06-25 13:30:23.655 11439 11439 I DiPage  : [Req]<READ FILTER> 01030A740001c7c8
06-25 13:30:23.748 11439 11439 I DiPage  : [Rsp]<READ FILTER> 0103020000b844
06-25 13:30:23.758 11439 11439 W UiThreadStatement: Already on the UI thread, this method should not be called from the main application thread
06-25 13:30:23.759 11439 11439 I DiPage  : [Req]<READ REPORTING> 01030A620001260c
06-25 13:30:23.831 11439 11439 I DiPage  : [Rsp]<READ REPORTING> 01030200057847
06-25 13:30:23.832   796   796 I SurfaceFlinger: screenshot (com.oringnet.wm/com.oring.SlideActivity@11439#0)
06-25 13:30:23.841 11439 11439 W UiThreadStatement: Already on the UI thread, this method should not be called from the main application thread
06-25 13:30:23.842 11439 11439 I DiPage  : [Req]<READ Trigger ENABLE> 0103022000018478
06-25 13:30:23.927 11439 11439 I DiPage  : [Rsp]<READ Trigger ENABLE> 0103020000b844
06-25 13:30:23.935 11439 11439 W UiThreadStatement: Already on the UI thread, this method should not be called from the main application thread
06-25 13:30:23.935 11439 11439 I DiPage  : [Req]<READ Trigger Index> 01030A860001663b
06-25 13:30:24.025 11439 11439 I DiPage  : [Rsp]<READ Trigger Index> 0103020000b844
06-25 13:30:24.026 11439 11439 W UiThreadStatement: Already on the UI thread, this method should not be called from the main application thread
06-25 13:30:24.026 11439 11439 I DiPage  : [Req]<READ Trigger Index> 01030A7600016608
06-25 13:30:24.062   796   796 I SurfaceFlinger: screenshot (com.oringnet.wm/com.oring.SlideActivity@11439#0)
06-25 13:30:24.565 11439 11439 I ViewRootImpl: ViewRoot's Touch Event : ACTION_DOWN
06-25 13:30:24.575   796   796 I SurfaceFlinger: screenshot (com.oringnet.wm/com.oring.SlideActivity@11439#0)
06-25 13:30:24.575 11439 11439 I ViewRootImpl: ViewRoot's Touch Event : ACTION_UP
06-25 13:30:24.619   796   833 I BufferQueueProducer: [com.oringnet.wm/com.oring.SlideActivity@11439#0](this:0x72a451a800,id:27,api:1,p:11439,c:796) queueBuffer: fps=21.35 dur=1170.93 max=579.84 min=6.69
06-25 13:30:24.835   796   796 I SurfaceFlinger: screenshot (com.oringnet.wm/com.oring.SlideActivity@11439#0)
06-25 13:30:25.101   796   796 I SurfaceFlinger: screenshot (com.oringnet.wm/com.oring.SlideActivity@11439#0)
06-25 13:30:25.679   796   796 I SurfaceFlinger: screenshot (com.oringnet.wm/com.oring.SlideActivity@11439#0)
06-25 13:30:26.014 11439 11439 I ViewRootImpl: ViewRoot's Touch Event : ACTION_DOWN
06-25 13:30:26.015   796   796 I SurfaceFlinger: screenshot (com.oringnet.wm/com.oring.SlideActivity@11439#0)
06-25 13:30:26.019 11439 11439 I ViewRootImpl: ViewRoot's Touch Event : ACTION_UP
06-25 13:30:26.036   796   833 I BufferQueueProducer: [com.oringnet.wm/com.oring.SlideActivity@11439#0](this:0x72a451a800,id:27,api:1,p:11439,c:796) queueBuffer: fps=26.82 dur=1416.86 max=798.92 min=10.74
06-25 13:30:26.132   796   796 I SurfaceFlinger: screenshot (com.oringnet.wm/com.oring.SlideActivity@11439#0)
06-25 13:30:26.248   796   796 I SurfaceFlinger: screenshot (com.oringnet.wm/com.oring.SlideActivity@11439#0)
06-25 13:30:26.308   796   796 I SurfaceFlinger: screenshot (com.oringnet.wm/com.oring.SlideActivity@11439#0)
06-25 13:30:26.365   796   796 I SurfaceFlinger: screenshot (com.oringnet.wm/com.oring.SlideActivity@11439#0)
06-25 13:30:30.235 11439 11439 I ViewRootImpl: ViewRoot's Touch Event : ACTION_DOWN
06-25 13:30:30.243 11439 11439 I ViewRootImpl: ViewRoot's Touch Event : ACTION_UP
06-25 13:30:30.243   796   796 I SurfaceFlinger: screenshot (com.oringnet.wm/com.oring.SlideActivity@11439#0)
06-25 13:30:30.259 11439 11439 D PhoneWindow: windowLightStatusBar : false, disable View.SYSTEM_UI_FLAG_LIGHT_STATUS_BAR
06-25 13:30:30.291 11439 11439 I TouchFilterInputStageHelper: [needTouchEventFilter] Displayid : 0
06-25 13:30:30.295 11439 11439 D BezellessGripSuppressionFilter: getdisplaysize, x : 720 y : 1600
06-25 13:30:30.323   796  1305 I BufferQueueConsumer: [com.oringnet.wm/com.oring.SlideActivity@11439#1](this:0x72a4513000,id:28,api:0,p:-1,c:796) setConsumerName: com.oringnet.wm/com.oring.SlideActivity@11439#1
06-25 13:30:30.323   796  1305 I BufferQueueConsumer: [com.oringnet.wm/com.oring.SlideActivity@11439#1](this:0x72a4513000,id:28,api:0,p:-1,c:796) setDefaultBufferSize: width=126 height=126
06-25 13:30:30.323   796  1305 I SurfaceFlinger: Create BufferLayer(0x72a440f000) com.oringnet.wm/com.oring.SlideActivity@11439#1 (126 x 126)
06-25 13:30:30.330 11439 11463 D Surface : Surface::connect(this=0x758008e000,api=1)
