06-16 17:50:59.428  7643  7643 W UiThreadStatement: Already on the UI thread, this method should not be called from the main application thread
06-16 17:50:59.478   793   793 I SurfaceFlinger: screenshot (com.oringnet.wm/com.oring.SlideActivity@7643#0)
06-16 17:50:59.759  7643  7643 W UiThreadStatement: Already on the UI thread, this method should not be called from the main application thread
06-16 17:50:59.917  7643  7643 I ViewRootImpl: ViewRoot's Touch Event : ACTION_DOWN
06-16 17:50:59.924  7643  7643 I ViewRootImpl: ViewRoot's Touch Event : ACTION_UP
06-16 17:50:59.945   793   826 I BufferQueueProducer: [com.oringnet.wm/com.oring.SlideActivity@7643#0](this:0x7854a28800,id:2870,api:1,p:7643,c:793) queueBuffer: fps=20.80 dur=1490.17 max=989.40 min=13.02
06-16 17:50:59.951   793   793 I SurfaceFlinger: screenshot (com.oringnet.wm/com.oring.SlideActivity@7643#0)
06-16 17:51:00.051   793   793 I SurfaceFlinger: screenshot (com.oringnet.wm/com.oring.SlideActivity@7643#0)
06-16 17:51:00.152   793   793 I SurfaceFlinger: screenshot (com.oringnet.wm/com.oring.SlideActivity@7643#0)
06-16 17:51:00.837   793   793 I SurfaceFlinger: screenshot (com.oringnet.wm/com.oring.SlideActivity@7643#0)
06-16 17:51:01.251  7643  7643 I ViewRootImpl: ViewRoot's Touch Event : ACTION_DOWN
06-16 17:51:01.263  7643  7643 I ViewRootImpl: ViewRoot's Touch Event : ACTION_UP
06-16 17:51:01.279  7643  7643 D PhoneWindow: windowLightStatusBar : false, disable View.SYSTEM_UI_FLAG_LIGHT_STATUS_BAR
06-16 17:51:01.300  7643  7643 I TouchFilterInputStageHelper: [needTouchEventFilter] Displayid : 0
06-16 17:51:01.310  7643  7643 D BezellessGripSuppressionFilter: getdisplaysize, x : 720 y : 1600
06-16 17:51:01.321   793   793 I SurfaceFlinger: screenshot (com.oringnet.wm/com.oring.SlideActivity@7643#0)
06-16 17:51:01.344   793   826 I BufferQueueConsumer: [com.oringnet.wm/com.oring.SlideActivity@7643#1](this:0x78612f0800,id:2871,api:0,p:-1,c:793) setConsumerName: com.oringnet.wm/com.oring.SlideActivity@7643#1
06-16 17:51:01.344   793   826 I BufferQueueConsumer: [com.oringnet.wm/com.oring.SlideActivity@7643#1](this:0x78612f0800,id:2871,api:0,p:-1,c:793) setDefaultBufferSize: width=126 height=126
06-16 17:51:01.344   793   826 I SurfaceFlinger: Create BufferLayer(0x7861285000) com.oringnet.wm/com.oring.SlideActivity@7643#1 (126 x 126)
06-16 17:51:01.352  7643  7666 D Surface : Surface::connect(this=0x7c29cdc000,api=1)
06-16 17:51:01.354   793  2100 I BufferQueueProducer: [com.oringnet.wm/com.oring.SlideActivity@7643#1](this:0x78612f0800,id:2871,api:1,p:7643,c:793) connect(P): api=1 producer=(7643:com.oringnet.wm) producerControlledByApp=false
06-16 17:51:01.357  7643  7666 D Surface : Surface::setBufferCount(this=0x7c29cdc000,bufferCount=3)
06-16 17:51:01.358  7643  7666 D Surface : Surface::allocateBuffers(this=0x7c29cdc000)
06-16 17:51:01.419  7643  7643 W UiThreadStatement: Already on the UI thread, this method should not be called from the main application thread
06-16 17:51:01.419  7643  7643 I DiPage  : [Req]<READ Trigger Index> 01100A870001020001d3e7
06-16 17:51:01.419  7643  7643 I DiPage  : [Rsp]<READ Trigger Index> 01100a870001b238
06-16 17:51:01.453   793   793 I MiniDump: 0x7854a7a000 |     DEVICE |          0 | 1.000 |    0    0  720 1600 |   0.0   0.0 720.0 1600.0 | com.oringnet.wm/com.oring.SlideActivity@7643#0
06-16 17:51:01.453   793   793 I MiniDump: 0x7861285000 |     DEVICE |          0 | 0.287 |  301  760  419  878 |   0.0   0.0 126.0 126.0 | com.oringnet.wm/com.oring.SlideActivity@7643#1
06-16 17:51:01.463   793   793 I SurfaceFlinger: screenshot (com.oringnet.wm/com.oring.SlideActivity@7643#0)
06-16 17:51:01.527  7643  7643 I DiPage  : [Rsp]<READ Trigger Index> 01100a740001420b
06-16 17:51:01.543  7643  7643 W UiThreadStatement: Already on the UI thread, this method should not be called from the main application thread
06-16 17:51:01.543  7643  7643 I DiPage  : [Req]<READ Trigger Index> 01100A74000102000006e4
06-16 17:51:01.625  7643  7643 W UiThreadStatement: Already on the UI thread, this method should not be called from the main application thread
06-16 17:51:01.625  7643  7643 I DiPage  : [Req]<READ Trigger Index> 01100A6200010200000412
06-16 17:51:01.626  7643  7643 I DiPage  : [Rsp]<READ Trigger Index> 01100a620001a3cf
06-16 17:51:01.722  7643  7643 W UiThreadStatement: Already on the UI thread, this method should not be called from the main application thread
06-16 17:51:01.723  7643  7643 I DiPage  : [Req]<READ Trigger Index> 01100220000102000542f3
06-16 17:51:01.723  7643  7643 I DiPage  : [Rsp]<READ Trigger Index> 01100220000101bb
06-16 17:51:01.819  7643  7643 W UiThreadStatement: Already on the UI thread, this method should not be called from the main application thread
06-16 17:51:01.819  7643  7643 I DiPage  : [Req]<READ Trigger Index> 01100A860001020001d236
06-16 17:51:01.819  7643  7643 I DiPage  : [Rsp]<READ Trigger Index> 01100a860001e3f8
06-16 17:51:01.918  7643  7643 W UiThreadStatement: Already on the UI thread, this method should not be called from the main application thread
06-16 17:51:01.918  7643  7643 I DiPage  : [Req]<READ Trigger Index> 01100A7600010200000706
06-16 17:51:01.918  7643  7643 I DiPage  : [Rsp]<READ Trigger Index> 01100a760001e3cb
06-16 17:51:01.927  7643  7666 D Surface : Surface::disconnect(this=0x7c29cdc000,api=1)
06-16 17:51:01.928   793  1642 I BufferQueueProducer: [com.oringnet.wm/com.oring.SlideActivity@7643#1](this:0x78612f0800,id:2871,api:1,p:7643,c:793) disconnect(P): api 1
06-16 17:51:01.957   793   793 I SurfaceFlinger: screenshot (com.oringnet.wm/com.oring.SlideActivity@7643#0)
06-16 17:51:02.012   793  2100 I BufferQueueProducer: [com.oringnet.wm/com.oring.SlideActivity@7643#0](this:0x7854a28800,id:2870,api:1,p:7643,c:793) queueBuffer: fps=11.62 dur=2066.23 max=1685.83 min=13.01
06-16 17:51:02.063   793   793 I SurfaceFlinger: screenshot (com.oringnet.wm/com.oring.SlideActivity@7643#0)
06-16 17:51:02.119   793   793 I MiniDump: 0x7854a7a000 |     DEVICE |          0 | 1.000 |    0    0  720 1600 |   0.0   0.0 720.0 1600.0 | com.oringnet.wm/com.oring.SlideActivity@7643#0
06-16 17:51:02.199   793   793 I SurfaceFlinger: Remove BufferLayer(0x7861285000) com.oringnet.wm/com.oring.SlideActivity@7643#1 (-1 x -1)
06-16 17:51:02.200   793   793 I BufferQueue: [com.oringnet.wm/com.oring.SlideActivity@7643#1](this:0x78612f0800,id:2871,api:1,p:-1,c:-1) ~BufferQueueCore
06-16 17:51:02.204   793   793 I MiniDump: 0x7854a7a000 |     DEVICE |          0 | 1.000 |    0    0  720 1600 |   0.0   0.0 720.0 1600.0 | com.oringnet.wm/com.oring.SlideActivity@7643#0
06-16 17:51:02.209   793   793 I SurfaceFlinger: screenshot (com.oringnet.wm/com.oring.SlideActivity@7643#0)
06-16 17:51:02.307  7643  7643 I EEWW:   : 
06-16 17:51:02.318  7643  7643 I GetID   : b.a.e@97c868f
06-16 17:51:02.341  7643  7643 D BluetoothGatt: setCharacteristicNotification() - uuid: 6e400003-b5a3-f393-e0a9-e50e24dcca9e enable: true
06-16 17:51:02.486   793   793 I SurfaceFlinger: screenshot (com.oringnet.wm/com.oring.SlideActivity@7643#0)
06-16 17:51:02.701  7643  7643 W UiThreadStatement: Already on the UI thread, this method should not be called from the main application thread
06-16 17:51:02.701  7643  7643 I I/O     : [Req]<Read DI Status> 01020000000479c9
06-16 17:51:02.701  7643  7643 I I/O     : [Rsp]<Read DI Status> 01020100a188
06-16 17:51:02.753   793   793 I SurfaceFlinger: screenshot (com.oringnet.wm/com.oring.SlideActivity@7643#0)
06-16 17:51:02.795  7643  7643 W UiThreadStatement: Already on the UI thread, this method should not be called from the main application thread
06-16 17:51:02.796  7643  7643 I I/O     : [Req]<Read DO Status> 0101000000043dc9
06-16 17:51:02.796  7643  7643 I I/O     : [Rsp]<Read DO Status> 01010107104a
06-16 17:51:02.892  7643  7643 W UiThreadStatement: Already on the UI thread, this method should not be called from the main application thread
06-16 17:51:02.892  7643  7643 I I/O     : [Req]<Read RELAY Status> 010100040002fc0a
06-16 17:51:02.893  7643  7643 I I/O     : [Rsp]<Read RELAY Status> 010101005188
06-16 17:51:02.935   793   793 I SurfaceFlinger: screenshot (com.oringnet.wm/com.oring.SlideActivity@7643#0)
06-16 17:51:02.990  7643  7643 W UiThreadStatement: Already on the UI thread, this method should not be called from the main application thread
06-16 17:51:02.990  7643  7643 I I/O     : [Req]<Read DI COUNTER> 010404310004a136
06-16 17:51:02.990  7643  7643 I I/O     : [Rsp]<Read DI COUNTER> 0104080000000000000000240d
06-16 17:51:03.033   793  2100 I BufferQueueProducer: [com.oringnet.wm/com.oring.SlideActivity@7643#0](this:0x7854a28800,id:2870,api:1,p:7643,c:793) queueBuffer: fps=4.90 dur=1021.03 max=607.46 min=92.05
06-16 17:51:03.088  7643  7643 W UiThreadStatement: Already on the UI thread, this method should not be called from the main application thread
06-16 17:51:03.088  7643  7643 I I/O     : [Req]<Read AI 0 Status> 01040000000271cb
06-16 17:51:03.088  7643  7643 I I/O     : [Rsp]<Read AI 0 Status> 010404b98f198a6504
06-16 17:51:03.110  7643  7643 I AI_value:: 0.0
06-16 17:51:03.110  7643  7643 I AI_raw: : b98f198a
06-16 17:51:03.152   793   793 I SurfaceFlinger: screenshot (com.oringnet.wm/com.oring.SlideActivity@7643#0)
06-16 17:51:03.185  7643  7643 W UiThreadStatement: Already on the UI thread, this method should not be called from the main application thread
06-16 17:51:03.185  7643  7643 I I/O     : [Req]<Read AI 1 Status> 010400020002d00b
06-16 17:51:03.185  7643  7643 I I/O     : [Rsp]<Read AI 1 Status> 01040400000000fb84
06-16 17:51:03.206  7643  7643 I AI_value:: 0.0
06-16 17:51:03.206  7643  7643 I AI_raw: : 00000000
06-16 17:51:03.268   793   793 I SurfaceFlinger: screenshot (com.oringnet.wm/com.oring.SlideActivity@7643#0)
06-16 17:51:03.330  7643  7643 W UiThreadStatement: Already on the UI thread, this method should not be called from the main application thread
06-16 17:51:03.330  7643  7643 I I/O     : [Req]<Read AI 2 Status> 010400040002300a
06-16 17:51:03.331  7643  7643 I I/O     : [Rsp]<Read AI 2 Status> 0104044412f99a8d4a
06-16 17:51:03.368   793   793 I SurfaceFlinger: screenshot (com.oringnet.wm/com.oring.SlideActivity@7643#0)
06-16 17:51:03.381  7643  7643 I AI_value:: 587.9
06-16 17:51:03.381  7643  7643 I AI_raw: : 4412f99a
06-16 17:51:03.468   793   793 I SurfaceFlinger: screenshot (com.oringnet.wm/com.oring.SlideActivity@7643#0)
06-16 17:51:03.477  7643  7643 W UiThreadStatement: Already on the UI thread, this method should not be called from the main application thread
06-16 17:51:03.477  7643  7643 I I/O     : [Req]<Read AI 3 Status> 01040006000291ca
06-16 17:51:03.525  7643  7643 I I/O     : [Rsp]<Read AI 3 Status> 01040441fa0000cf89
06-16 17:51:03.571  7643  7643 I AI_value:: 31.25
06-16 17:51:03.571  7643  7643 I AI_raw: : 41fa0000
06-16 17:51:03.585   793   793 I SurfaceFlinger: screenshot (com.oringnet.wm/com.oring.SlideActivity@7643#0)
06-16 17:51:03.672  7643  7643 W UiThreadStatement: Already on the UI thread, this method should not be called from the main application thread
06-16 17:51:03.672  7643  7643 I I/O     : [Req]<Read AI 4 Status> 010400080002f009
06-16 17:51:03.672  7643  7643 I I/O     : [Rsp]<Read AI 4 Status> 01040400000000fb84
06-16 17:51:03.701   793   793 I SurfaceFlinger: screenshot (com.oringnet.wm/com.oring.SlideActivity@7643#0)
06-16 17:51:03.712  7643  7643 I AI_value:: 0.0
06-16 17:51:03.712  7643  7643 I AI_raw: : 00000000
06-16 17:51:03.823  7643  7643 W UiThreadStatement: Already on the UI thread, this method should not be called from the main application thread
06-16 17:51:03.823  7643  7643 I I/O     : [Req]<Read AI 5 Status> 0104000A000251c9
06-16 17:51:03.825  7643  7643 I I/O     : [Rsp]<Read AI 5 Status> 01040441fa0000cf89
06-16 17:51:03.867  7643  7643 I AI_value:: 31.25
06-16 17:51:03.867  7643  7643 I AI_raw: : 41fa0000
06-16 17:51:03.936   793   793 I SurfaceFlinger: screenshot (com.oringnet.wm/com.oring.SlideActivity@7643#0)
06-16 17:51:03.970  7643  7643 I I/O     : [Rsp]<Read AI Type> 01030c000600060006000600060006285b
06-16 17:51:03.980  7643  7643 W UiThreadStatement: Already on the UI thread, this method should not be called from the main application thread
06-16 17:51:03.980  7643  7643 I I/O     : [Req]<Read RTD 2 mode> 010304000006c4f8
06-16 17:51:04.040   793  1642 I BufferQueueProducer: [com.oringnet.wm/com.oring.SlideActivity@7643#0](this:0x7854a28800,id:2870,api:1,p:7643,c:793) queueBuffer: fps=13.90 dur=1007.03 max=195.08 min=10.40
06-16 17:51:04.052   793   793 I SurfaceFlinger: screenshot (com.oringnet.wm/com.oring.SlideActivity@7643#0)
06-16 17:51:04.068  7643  7643 W UiThreadStatement: Already on the UI thread, this method should not be called from the main application thread
06-16 17:51:04.068  7643  7643 I I/O     : [Req]<Read RTD 2 mode> 010303050004544c
06-16 17:51:04.068  7643  7643 I I/O     : [Rsp]<Read RTD 2 mode> 010308000000000000000095d7
06-16 17:51:04.068  7643  7643 I RTD_mode:: 0000000000000000
06-16 17:51:04.069  7643  7643 I parseRTD_mode: SW index 0 = 0
06-16 17:51:04.069  7643  7643 I parseRTD_mode: SW index 2 = 0
06-16 17:51:04.069  7643  7643 I parseRTD_mode: SW index 1 = 0
06-16 17:51:04.069  7643  7643 I parseRTD_mode: SW index 3 = 0
06-16 17:51:04.168  7643  7643 I I/O     : [Rsp]<Read RTD 2 mode> 01030200023985
06-16 17:51:04.168  7643  7643 I finish  : @@!!
06-16 17:51:04.168  7643  7643 W UiThreadStatement: Already on the UI thread, this method should not be called from the main application thread
06-16 17:51:04.168  7643  7643 I I/O     : [Req]<Read RTD 2 mode> 010303f90001547f
06-16 17:51:04.168   793   793 I SurfaceFlinger: screenshot (com.oringnet.wm/com.oring.SlideActivity@7643#0)
06-16 17:51:04.717  7643  7643 I ViewRootImpl: ViewRoot's Touch Event : ACTION_DOWN
06-16 17:51:04.719   793   793 I SurfaceFlinger: screenshot (com.oringnet.wm/com.oring.SlideActivity@7643#0)
06-16 17:51:04.723  7643  7643 I ViewRootImpl: ViewRoot's Touch Event : ACTION_UP
06-16 17:51:04.725  7643  7643 I PortN:  : 項目 0/名稱 DO0
06-16 17:51:04.726  7643  7643 I Lang:   : zh
06-16 17:51:04.796  7643  7643 D BluetoothGatt: setCharacteristicNotification() - uuid: 6e400003-b5a3-f393-e0a9-e50e24dcca9e enable: true
06-16 17:51:04.877   793   793 I SurfaceFlinger: screenshot (com.oringnet.wm/com.oring.SlideActivity@7643#0)
06-16 17:51:04.894  7643  7643 I refresh_step_Read: 0
06-16 17:51:04.963   793   793 I SurfaceFlinger: screenshot (com.oringnet.wm/com.oring.SlideActivity@7643#0)
06-16 17:51:04.985   793   793 I SurfaceFlinger: screenshot (com.oringnet.wm/com.oring.SlideActivity@7643#0)
06-16 17:51:04.989  7643  7643 W UiThreadStatement: Already on the UI thread, this method should not be called from the main application thread
06-16 17:51:04.989  7643  7643 I DoPage  : [Req]<READ CHANNEL ENABLE> 01030A310001d61d
06-16 17:51:05.053   793  1642 I BufferQueueProducer: [com.oringnet.wm/com.oring.SlideActivity@7643#0](this:0x7854a28800,id:2870,api:1,p:7643,c:793) queueBuffer: fps=22.69 dur=1013.48 max=664.86 min=5.19
06-16 17:51:05.102   793   793 I SurfaceFlinger: screenshot (com.oringnet.wm/com.oring.SlideActivity@7643#0)
06-16 17:51:05.329  7643  7643 I DoPage  : [Rsp]<READ CHANNEL ENABLE> 0103020000b844
06-16 17:51:05.331  7643  7643 I refresh_step_Read: 1
06-16 17:51:05.385   793   793 I SurfaceFlinger: screenshot (com.oringnet.wm/com.oring.SlideActivity@7643#0)
06-16 17:51:05.437  7643  7643 W UiThreadStatement: Already on the UI thread, this method should not be called from the main application thread
06-16 17:51:05.437  7643  7643 I DoPage  : [Req]<READ INVERT> 01030A7500019608
06-16 17:51:05.437  7643  7643 I DoPage  : [Rsp]<READ INVERT> 0103020000b844
06-16 17:51:05.438  7643  7643 I refresh_step_Read: 2
06-16 17:51:05.485   793   793 I SurfaceFlinger: screenshot (com.oringnet.wm/com.oring.SlideActivity@7643#0)
06-16 17:51:05.536  7643  7643 W UiThreadStatement: Already on the UI thread, this method should not be called from the main application thread
06-16 17:51:05.536  7643  7643 I DoPage  : [Req]<READ FILTER> 01030A8C00014639
06-16 17:51:05.536  7643  7643 I DoPage  : [Rsp]<READ FILTER> 0103020000b844
06-16 17:51:05.537  7643  7643 I refresh_step_Read: 3
06-16 17:51:05.602   793   793 I SurfaceFlinger: screenshot (com.oringnet.wm/com.oring.SlideActivity@7643#0)
06-16 17:51:05.621  7643  7643 W UiThreadStatement: Already on the UI thread, this method should not be called from the main application thread
06-16 17:51:05.621  7643  7643 I DoPage  : [Req]<READ MODE> 01030A00000187d2
06-16 17:51:05.670  7643  7643 I DoPage  : [Rsp]<READ MODE> 0103020000b844
06-16 17:51:05.670  7643  7643 I refresh_step_Read: 4
06-16 17:51:05.767  7643  7643 W UiThreadStatement: Already on the UI thread, this method should not be called from the main application thread
06-16 17:51:05.767  7643  7643 I DoPage  : [Req]<READ PULSE HIGH> 01030A010001d612
06-16 17:51:05.769  7643  7643 I DoPage  : [Rsp]<READ PULSE HIGH> 0103020000b844
06-16 17:51:05.770  7643  7643 I refresh_step_Read: 5
06-16 17:51:05.867  7643  7643 I DoPage  : [Rsp]<READ PULSE LOW> 0103020000b844
06-16 17:51:05.868  7643  7643 I refresh_step_Read: 6
06-16 17:51:05.879  7643  7643 W UiThreadStatement: Already on the UI thread, this method should not be called from the main application thread
06-16 17:51:05.879  7643  7643 I DoPage  : [Req]<READ PULSE CYCLE> 01030A110001d7d7
06-16 17:51:06.012  7643  7643 W UiThreadStatement: Already on the UI thread, this method should not be called from the main application thread
06-16 17:51:06.013  7643  7643 I DoPage  : [Req]<READ PULSE CYCLE> 01030A210001d7d8
06-16 17:51:06.030  7643  7643 I DoPage  : [Rsp]<READ PULSE CYCLE> 0103020000b844
06-16 17:51:06.031  7643  7643 I refresh_step_Read: 7
06-16 17:51:06.041  7643  7643 I ViewRootImpl: ViewRoot's Touch Event : ACTION_DOWN
06-16 17:51:06.050  7643  7643 I ViewRootImpl: ViewRoot's Touch Event : ACTION_UP
06-16 17:51:06.079   793  1642 I BufferQueueProducer: [com.oringnet.wm/com.oring.SlideActivity@7643#0](this:0x7854a28800,id:2870,api:1,p:7643,c:793) queueBuffer: fps=19.49 dur=1025.99 max=490.63 min=7.85
06-16 17:51:06.114  7643  7643 I DoPage  : [Rsp]<READ SAFE ENABLE> 010302003ff854
06-16 17:51:06.114  7643  7643 I refresh_step_Read: 8
06-16 17:51:06.119   793   793 I SurfaceFlinger: screenshot (com.oringnet.wm/com.oring.SlideActivity@7643#0)
06-16 17:51:06.121  7643  7643 W UiThreadStatement: Already on the UI thread, this method should not be called from the main application thread
06-16 17:51:06.121  7643  7643 I DoPage  : [Req]<READ SAFE VALUE> 01030A340001c61c
06-16 17:51:06.218  7643  7643 I DoPage  : [Rsp]<READ SAFE VALUE> 0103020000b844
06-16 17:51:06.219  7643  7643 W UiThreadStatement: Already on the UI thread, this method should not be called from the main application thread
06-16 17:51:06.219  7643  7643 I DoPage  : [Req]<READ SAFE VALUE> 01030A35000197dc
06-16 17:51:06.236   793   793 I SurfaceFlinger: screenshot (com.oringnet.wm/com.oring.SlideActivity@7643#0)
06-16 17:51:06.352   793   793 I SurfaceFlinger: screenshot (com.oringnet.wm/com.oring.SlideActivity@7643#0)
06-16 17:51:06.686   793   793 I SurfaceFlinger: screenshot (com.oringnet.wm/com.oring.SlideActivity@7643#0)
06-16 17:51:07.621   793   793 I SurfaceFlinger: screenshot (com.oringnet.wm/com.oring.SlideActivity@7643#0)
06-16 17:51:07.984  7643  7643 I ViewRootImpl: ViewRoot's Touch Event : ACTION_DOWN
06-16 17:51:07.986   793   793 I SurfaceFlinger: screenshot (com.oringnet.wm/com.oring.SlideActivity@7643#0)
06-16 17:51:07.996  7643  7643 I ViewRootImpl: ViewRoot's Touch Event : ACTION_UP
06-16 17:51:08.006  7643  7643 D PhoneWindow: windowLightStatusBar : false, disable View.SYSTEM_UI_FLAG_LIGHT_STATUS_BAR
06-16 17:51:08.026  7643  7643 I TouchFilterInputStageHelper: [needTouchEventFilter] Displayid : 0
06-16 17:51:08.029  7643  7643 D BezellessGripSuppressionFilter: getdisplaysize, x : 720 y : 1600
06-16 17:51:08.029  7643  7643 I refresh_step: 1
06-16 17:51:08.029  7643  7643 I refresh_step@: @@0
06-16 17:51:08.054   793  1642 I BufferQueueConsumer: [com.oringnet.wm/com.oring.SlideActivity@7643#1](this:0x78612f0800,id:2872,api:0,p:-1,c:793) setConsumerName: com.oringnet.wm/com.oring.SlideActivity@7643#1
06-16 17:51:08.054   793  1642 I BufferQueueConsumer: [com.oringnet.wm/com.oring.SlideActivity@7643#1](this:0x78612f0800,id:2872,api:0,p:-1,c:793) setDefaultBufferSize: width=126 height=126
06-16 17:51:08.054   793  1642 I SurfaceFlinger: Create BufferLayer(0x7861317000) com.oringnet.wm/com.oring.SlideActivity@7643#1 (126 x 126)
06-16 17:51:08.061  7643  7666 D Surface : Surface::connect(this=0x7c29d84000,api=1)
06-16 17:51:08.062   793   826 I BufferQueueProducer: [com.oringnet.wm/com.oring.SlideActivity@7643#1](this:0x78612f0800,id:2872,api:1,p:7643,c:793) connect(P): api=1 producer=(7643:com.oringnet.wm) producerControlledByApp=false
06-16 17:51:08.064  7643  7666 D Surface : Surface::setBufferCount(this=0x7c29d84000,bufferCount=3)
06-16 17:51:08.065  7643  7666 D Surface : Surface::allocateBuffers(this=0x7c29d84000)
06-16 17:51:08.111  7643  7643 W UiThreadStatement: Already on the UI thread, this method should not be called from the main application thread
06-16 17:51:08.111  7643  7643 I DoPage  : [Req]<READ SAFE VALUE> 01100A310001020001c9b1
06-16 17:51:08.111  7643  7643 I DoPage  : [Rsp]<READ SAFE VALUE> 01100a31000153de
06-16 17:51:08.111  7643  7643 I refresh_step: 2
06-16 17:51:08.111  7643  7643 I refresh_step@: @@1
06-16 17:51:08.113   793   826 I BufferQueueProducer: [com.oringnet.wm/com.oring.SlideActivity@7643#0](this:0x7854a28800,id:2870,api:1,p:7643,c:793) queueBuffer: fps=18.19 dur=2034.06 max=1443.51 min=12.29
06-16 17:51:08.137   793   793 I MiniDump: 0x7854a7a000 |     DEVICE |          0 | 1.000 |    0    0  720 1600 |   0.0   0.0 720.0 1600.0 | com.oringnet.wm/com.oring.SlideActivity@7643#0
06-16 17:51:08.137   793   793 I MiniDump: 0x7861317000 |     DEVICE |          0 | 0.303 |  301  760  419  878 |   0.0   0.0 126.0 126.0 | com.oringnet.wm/com.oring.SlideActivity@7643#1
06-16 17:51:08.144   793   793 I SurfaceFlinger: screenshot (com.oringnet.wm/com.oring.SlideActivity@7643#0)
06-16 17:51:08.206  7643  7643 W UiThreadStatement: Already on the UI thread, this method should not be called from the main application thread
06-16 17:51:08.206  7643  7643 I DoPage  : [Req]<READ SAFE VALUE> 01100A7500010200000735
06-16 17:51:08.207  7643  7643 I DoPage  : [Rsp]<READ SAFE VALUE> 01100a75000113cb
06-16 17:51:08.207  7643  7643 I refresh_step: 3
06-16 17:51:08.207  7643  7643 I refresh_step@: @@2
06-16 17:51:08.302  7643  7643 W UiThreadStatement: Already on the UI thread, this method should not be called from the main application thread
06-16 17:51:08.302  7643  7643 I DoPage  : [Req]<READ SAFE VALUE> 01100A8C0001020000135c
06-16 17:51:08.302  7643  7643 I DoPage  : [Rsp]<READ SAFE VALUE> 01100a8c0001c3fa
06-16 17:51:08.302  7643  7643 I refresh_step: 4
06-16 17:51:08.303  7643  7643 I refresh_step@: @@3
06-16 17:51:08.400  7643  7643 W UiThreadStatement: Already on the UI thread, this method should not be called from the main application thread
06-16 17:51:08.400  7643  7643 I DoPage  : [Req]<READ SAFE VALUE> 01100A0000010200000c50
06-16 17:51:08.401  7643  7643 I DoPage  : [Rsp]<READ SAFE VALUE> 01100a0000010211
06-16 17:51:08.401  7643  7643 I refresh_step: 5
06-16 17:51:08.401  7643  7643 I refresh_step@: @@4
06-16 17:51:08.498  7643  7643 W UiThreadStatement: Already on the UI thread, this method should not be called from the main application thread
06-16 17:51:08.498  7643  7643 I DoPage  : [Req]<READ SAFE VALUE> 01100A0100010200000d81
06-16 17:51:08.499  7643  7643 I DoPage  : [Rsp]<READ SAFE VALUE> 01100a01000153d1
06-16 17:51:08.499  7643  7643 I refresh_step: 6
06-16 17:51:08.499  7643  7643 I refresh_step@: @@5
06-16 17:51:08.596  7643  7643 W UiThreadStatement: Already on the UI thread, this method should not be called from the main application thread
06-16 17:51:08.596  7643  7643 I DoPage  : [Req]<READ SAFE VALUE> 01100A1100010200000f11
06-16 17:51:08.596  7643  7643 I DoPage  : [Rsp]<READ SAFE VALUE> 01100a1100015214
06-16 17:51:08.596  7643  7643 I refresh_step: 7
06-16 17:51:08.596  7643  7643 I refresh_step@: @@6
06-16 17:51:08.692  7643  7643 W UiThreadStatement: Already on the UI thread, this method should not be called from the main application thread
06-16 17:51:08.693  7643  7643 I DoPage  : [Req]<READ SAFE VALUE> 01100A2100010200000ae1
06-16 17:51:08.693  7643  7643 I DoPage  : [Rsp]<READ SAFE VALUE> 01100a210001521b
06-16 17:51:08.693  7643  7643 I refresh_step: 8
06-16 17:51:08.693  7643  7643 I refresh_step@: @@7
06-16 17:51:08.791  7643  7643 W UiThreadStatement: Already on the UI thread, this method should not be called from the main application thread
06-16 17:51:08.791  7643  7643 I DoPage  : [Req]<READ SAFE VALUE> 01100A34000102003F4834
06-16 17:51:08.792  7643  7643 I DoPage  : [Rsp]<READ SAFE VALUE> 01100a34000143df
06-16 17:51:08.793  7643  7643 I refresh_step: 9
06-16 17:51:08.793  7643  7643 I SAFE_VALUE: OK
06-16 17:51:08.890  7643  7643 I DoPage  : [Rsp]<READ SAFE VALUE> 01100a350001121f
06-16 17:51:08.900  7643  7666 D Surface : Surface::disconnect(this=0x7c29d84000,api=1)
06-16 17:51:08.901   793   826 I BufferQueueProducer: [com.oringnet.wm/com.oring.SlideActivity@7643#1](this:0x78612f0800,id:2872,api:1,p:7643,c:793) disconnect(P): api 1
06-16 17:51:08.941   793   793 I SurfaceFlinger: screenshot (com.oringnet.wm/com.oring.SlideActivity@7643#0)
06-16 17:51:08.951  7643  7643 W UiThreadStatement: Already on the UI thread, this method should not be called from the main application thread
06-16 17:51:08.951  7643  7643 I DoPage  : [Req]<READ SAFE VALUE> 01100A35000102000009f5
06-16 17:51:09.059   793   793 I SurfaceFlinger: screenshot (com.oringnet.wm/com.oring.SlideActivity@7643#0)
06-16 17:51:09.103   793   793 I MiniDump: 0x7854a7a000 |     DEVICE |          0 | 1.000 |    0    0  720 1600 |   0.0   0.0 720.0 1600.0 | com.oringnet.wm/com.oring.SlideActivity@7643#0
06-16 17:51:09.155  7643  7643 I EEWW:   : 
06-16 17:51:09.159  7643  7643 I GetID   : b.a.e@97c868f
06-16 17:51:09.170  7643  7643 D BluetoothGatt: setCharacteristicNotification() - uuid: 6e400003-b5a3-f393-e0a9-e50e24dcca9e enable: true
06-16 17:51:09.184   793   793 I SurfaceFlinger: Remove BufferLayer(0x7861317000) com.oringnet.wm/com.oring.SlideActivity@7643#1 (-1 x -1)
06-16 17:51:09.184   793   793 I BufferQueue: [com.oringnet.wm/com.oring.SlideActivity@7643#1](this:0x78612f0800,id:2872,api:1,p:-1,c:-1) ~BufferQueueCore
06-16 17:51:09.187   793   793 I MiniDump: 0x7854a7a000 |     DEVICE |          0 | 1.000 |    0    0  720 1600 |   0.0   0.0 720.0 1600.0 | com.oringnet.wm/com.oring.SlideActivity@7643#0
06-16 17:51:09.236   793   793 I SurfaceFlinger: screenshot (com.oringnet.wm/com.oring.SlideActivity@7643#0)
06-16 17:51:09.326   793   826 I BufferQueueProducer: [com.oringnet.wm/com.oring.SlideActivity@7643#0](this:0x7854a28800,id:2870,api:1,p:7643,c:793) queueBuffer: fps=6.59 dur=1213.12 max=780.00 min=15.55
06-16 17:51:09.353   793   793 I SurfaceFlinger: screenshot (com.oringnet.wm/com.oring.SlideActivity@7643#0)
06-16 17:51:09.425  7643  7643 W UiThreadStatement: Already on the UI thread, this method should not be called from the main application thread
06-16 17:51:09.425  7643  7643 I I/O     : [Req]<Read DI Status> 01020000000479c9
06-16 17:51:09.426  7643  7643 I I/O     : [Rsp]<Read DI Status> 01020100a188
06-16 17:51:09.470   793   793 I SurfaceFlinger: screenshot (com.oringnet.wm/com.oring.SlideActivity@7643#0)
06-16 17:51:09.522  7643  7643 W UiThreadStatement: Already on the UI thread, this method should not be called from the main application thread
06-16 17:51:09.523  7643  7643 I I/O     : [Req]<Read DO Status> 0101000000043dc9
06-16 17:51:09.523  7643  7643 I I/O     : [Rsp]<Read DO Status> 01010107104a
06-16 17:51:09.586   793   793 I SurfaceFlinger: screenshot (com.oringnet.wm/com.oring.SlideActivity@7643#0)
06-16 17:51:09.619  7643  7643 W UiThreadStatement: Already on the UI thread, this method should not be called from the main application thread
06-16 17:51:09.619  7643  7643 I I/O     : [Req]<Read RELAY Status> 010100040002fc0a
06-16 17:51:09.620  7643  7643 I I/O     : [Rsp]<Read RELAY Status> 010101005188
06-16 17:51:09.686   793   793 I SurfaceFlinger: screenshot (com.oringnet.wm/com.oring.SlideActivity@7643#0)
06-16 17:51:09.717  7643  7643 W UiThreadStatement: Already on the UI thread, this method should not be called from the main application thread
06-16 17:51:09.717  7643  7643 I I/O     : [Req]<Read DI COUNTER> 010404310004a136
06-16 17:51:09.717  7643  7643 I I/O     : [Rsp]<Read DI COUNTER> 0104080000000000000000240d
06-16 17:51:09.803   793   793 I SurfaceFlinger: screenshot (com.oringnet.wm/com.oring.SlideActivity@7643#0)
06-16 17:51:09.813  7643  7643 W UiThreadStatement: Already on the UI thread, this method should not be called from the main application thread
06-16 17:51:09.814  7643  7643 I I/O     : [Req]<Read AI 0 Status> 01040000000271cb
06-16 17:51:09.814  7643  7643 I I/O     : [Rsp]<Read AI 0 Status> 010404b992f7a3797c
06-16 17:51:09.826  7643  7643 I AI_value:: 0.0
06-16 17:51:09.826  7643  7643 I AI_raw: : b992f7a3
06-16 17:51:09.911  7643  7643 W UiThreadStatement: Already on the UI thread, this method should not be called from the main application thread
06-16 17:51:09.911  7643  7643 I I/O     : [Req]<Read AI 1 Status> 010400020002d00b
06-16 17:51:09.912  7643  7643 I I/O     : [Rsp]<Read AI 1 Status> 01040400000000fb84
06-16 17:51:09.920   793   793 I SurfaceFlinger: screenshot (com.oringnet.wm/com.oring.SlideActivity@7643#0)
06-16 17:51:09.923  7643  7643 I AI_value:: 0.0
06-16 17:51:09.923  7643  7643 I AI_raw: : 00000000
06-16 17:51:10.010  7643  7643 W UiThreadStatement: Already on the UI thread, this method should not be called from the main application thread
06-16 17:51:10.010  7643  7643 I I/O     : [Req]<Read AI 2 Status> 010400040002300a
06-16 17:51:10.012  7643  7643 I I/O     : [Rsp]<Read AI 2 Status> 0104044412f99a8d4a
06-16 17:51:10.036   793   793 I SurfaceFlinger: screenshot (com.oringnet.wm/com.oring.SlideActivity@7643#0)
06-16 17:51:10.064  7643  7643 I AI_value:: 587.9
06-16 17:51:10.064  7643  7643 I AI_raw: : 4412f99a
06-16 17:51:10.136   793   793 I SurfaceFlinger: screenshot (com.oringnet.wm/com.oring.SlideActivity@7643#0)
06-16 17:51:10.156  7643  7643 I I/O     : [Rsp]<Read AI 3 Status> 01040441fa0000cf89
06-16 17:51:10.189  7643  7643 I AI_value:: 31.25
06-16 17:51:10.189  7643  7643 I AI_raw: : 41fa0000
06-16 17:51:10.193  7643  7643 W UiThreadStatement: Already on the UI thread, this method should not be called from the main application thread
06-16 17:51:10.193  7643  7643 I I/O     : [Req]<Read AI 4 Status> 01040006000291ca
06-16 17:51:10.252   793   793 I SurfaceFlinger: screenshot (com.oringnet.wm/com.oring.SlideActivity@7643#0)
06-16 17:51:10.253  7643  7643 W UiThreadStatement: Already on the UI thread, this method should not be called from the main application thread
06-16 17:51:10.253  7643  7643 I I/O     : [Req]<Read AI 4 Status> 010400080002f009
06-16 17:51:10.254  7643  7643 I I/O     : [Rsp]<Read AI 4 Status> 01040400000000fb84
06-16 17:51:10.288  7643  7643 I AI_value:: 0.0
06-16 17:51:10.288  7643  7643 I AI_raw: : 00000000
06-16 17:51:10.350  7643  7643 W UiThreadStatement: Already on the UI thread, this method should not be called from the main application thread
06-16 17:51:10.350  7643  7643 I I/O     : [Req]<Read AI 5 Status> 0104000A000251c9
06-16 17:51:10.351  7643  7643 I I/O     : [Rsp]<Read AI 5 Status> 01040441fa0000cf89
06-16 17:51:10.353   793   793 I SurfaceFlinger: screenshot (com.oringnet.wm/com.oring.SlideActivity@7643#0)
06-16 17:51:10.391  7643  7643 I AI_value:: 31.25
06-16 17:51:10.391  7643  7643 I AI_raw: : 41fa0000
06-16 17:51:10.431   793  1642 I BufferQueueProducer: [com.oringnet.wm/com.oring.SlideActivity@7643#0](this:0x7854a28800,id:2870,api:1,p:7643,c:793) queueBuffer: fps=9.96 dur=1104.37 max=152.51 min=7.78
06-16 17:51:10.469   793   793 I SurfaceFlinger: screenshot (com.oringnet.wm/com.oring.SlideActivity@7643#0)
06-16 17:51:10.545  7643  7643 W UiThreadStatement: Already on the UI thread, this method should not be called from the main application thread
06-16 17:51:10.545  7643  7643 I I/O     : [Req]<Read AI Type> 010304000006c4f8
06-16 17:51:10.545  7643  7643 I I/O     : [Rsp]<Read AI Type> 01030c000600060006000600060006285b
06-16 17:51:10.570   793   793 I SurfaceFlinger: screenshot (com.oringnet.wm/com.oring.SlideActivity@7643#0)
06-16 17:51:10.643  7643  7643 W UiThreadStatement: Already on the UI thread, this method should not be called from the main application thread
06-16 17:51:10.643  7643  7643 I I/O     : [Req]<Read RTD 2 mode> 010303050004544c
06-16 17:51:10.643  7643  7643 I I/O     : [Rsp]<Read RTD 2 mode> 010308000000000000000095d7
06-16 17:51:10.643  7643  7643 I RTD_mode:: 0000000000000000
06-16 17:51:10.643  7643  7643 I parseRTD_mode: SW index 0 = 0
06-16 17:51:10.643  7643  7643 I parseRTD_mode: SW index 2 = 0
06-16 17:51:10.643  7643  7643 I parseRTD_mode: SW index 1 = 0
06-16 17:51:10.643  7643  7643 I parseRTD_mode: SW index 3 = 0
06-16 17:51:10.686   793   793 I SurfaceFlinger: screenshot (com.oringnet.wm/com.oring.SlideActivity@7643#0)
06-16 17:51:10.740  7643  7643 W UiThreadStatement: Already on the UI thread, this method should not be called from the main application thread
06-16 17:51:10.740  7643  7643 I I/O     : [Req]<Read RTD 2 mode> 010303f90001547f
06-16 17:51:10.741  7643  7643 I I/O     : [Rsp]<Read RTD 2 mode> 01030200023985
06-16 17:51:10.741  7643  7643 I finish  : @@!!
06-16 17:51:10.786   793   793 I SurfaceFlinger: screenshot (com.oringnet.wm/com.oring.SlideActivity@7643#0)
06-16 17:51:11.039   793   793 I SurfaceFlinger: screenshot (com.oringnet.wm/com.oring.SlideActivity@7643#0)
06-16 17:51:11.147   793   793 I SurfaceFlinger: screenshot (com.oringnet.wm/com.oring.SlideActivity@7643#0)
06-16 17:51:11.771  7643  7643 I ViewRootImpl: ViewRoot's Touch Event : ACTION_DOWN
06-16 17:51:11.827   793  2100 I BufferQueueProducer: [com.oringnet.wm/com.oring.SlideActivity@7643#0](this:0x7854a28800,id:2870,api:1,p:7643,c:793) queueBuffer: fps=13.61 dur=1395.99 max=784.33 min=14.39
06-16 17:51:11.837   793   793 I SurfaceFlinger: screenshot (com.oringnet.wm/com.oring.SlideActivity@7643#0)
06-16 17:51:11.954   793   793 I SurfaceFlinger: screenshot (com.oringnet.wm/com.oring.SlideActivity@7643#0)
06-16 17:51:12.054   793   793 I SurfaceFlinger: screenshot (com.oringnet.wm/com.oring.SlideActivity@7643#0)
06-16 17:51:12.306   793   793 I SurfaceFlinger: screenshot (com.oringnet.wm/com.oring.SlideActivity@7643#0)
06-16 17:51:12.454   793   793 I SurfaceFlinger: screenshot (com.oringnet.wm/com.oring.SlideActivity@7643#0)
06-16 17:51:12.588   793   793 I SurfaceFlinger: screenshot (com.oringnet.wm/com.oring.SlideActivity@7643#0)
06-16 17:51:12.680  7643  7643 I ViewRootImpl: ViewRoot's Touch Event : ACTION_UP
06-16 17:51:12.681  7643  7643 I TouchFlickNoti: CHANGE UP TO DOWN vectorVelocity:1117
06-16 17:51:12.703   793   793 I SurfaceFlinger: screenshot (com.oringnet.wm/com.oring.SlideActivity@7643#0)
06-16 17:51:12.803   793   793 I SurfaceFlinger: screenshot (com.oringnet.wm/com.oring.SlideActivity@7643#0)
06-16 17:51:12.839   793  2231 I BufferQueueProducer: [com.oringnet.wm/com.oring.SlideActivity@7643#0](this:0x7854a28800,id:2870,api:1,p:7643,c:793) queueBuffer: fps=60.25 dur=1012.43 max=20.50 min=13.10
06-16 17:51:12.903   793   793 I SurfaceFlinger: screenshot (com.oringnet.wm/com.oring.SlideActivity@7643#0)
06-16 17:51:12.936  7643  7643 I ViewRootImpl: ViewRoot's Touch Event : ACTION_DOWN
06-16 17:51:13.019   793   793 I SurfaceFlinger: screenshot (com.oringnet.wm/com.oring.SlideActivity@7643#0)
06-16 17:51:13.136   793   793 I SurfaceFlinger: screenshot (com.oringnet.wm/com.oring.SlideActivity@7643#0)
06-16 17:51:13.236   793   793 I SurfaceFlinger: screenshot (com.oringnet.wm/com.oring.SlideActivity@7643#0)
06-16 17:51:13.336   793   793 I SurfaceFlinger: screenshot (com.oringnet.wm/com.oring.SlideActivity@7643#0)
06-16 17:51:13.786   793   793 I SurfaceFlinger: screenshot (com.oringnet.wm/com.oring.SlideActivity@7643#0)
06-16 17:51:13.842  7643  7643 I ViewRootImpl: ViewRoot's Touch Event : ACTION_UP
06-16 17:51:13.842  7643  7643 I TouchFlickNoti: CHANGE DOWN TO UP vectorVelocity:-1118
06-16 17:51:13.857   793   826 I BufferQueueProducer: [com.oringnet.wm/com.oring.SlideActivity@7643#0](this:0x7854a28800,id:2870,api:1,p:7643,c:793) queueBuffer: fps=59.89 dur=1018.46 max=19.44 min=13.81
06-16 17:51:13.887   793   793 I SurfaceFlinger: screenshot (com.oringnet.wm/com.oring.SlideActivity@7643#0)
06-16 17:51:14.003   793   793 I SurfaceFlinger: screenshot (com.oringnet.wm/com.oring.SlideActivity@7643#0)
06-16 17:51:14.120   793   793 I SurfaceFlinger: screenshot (com.oringnet.wm/com.oring.SlideActivity@7643#0)
06-16 17:51:14.220   793   793 I SurfaceFlinger: screenshot (com.oringnet.wm/com.oring.SlideActivity@7643#0)
06-16 17:51:14.320   793   793 I SurfaceFlinger: screenshot (com.oringnet.wm/com.oring.SlideActivity@7643#0)
06-16 17:51:14.870   793   793 I SurfaceFlinger: screenshot (com.oringnet.wm/com.oring.SlideActivity@7643#0)
06-16 17:51:14.872   793  2231 I BufferQueueProducer: [com.oringnet.wm/com.oring.SlideActivity@7643#0](this:0x7854a28800,id:2870,api:1,p:7643,c:793) queueBuffer: fps=60.15 dur=1014.21 max=18.61 min=14.28
06-16 17:51:14.970   793   793 I SurfaceFlinger: screenshot (com.oringnet.wm/com.oring.SlideActivity@7643#0)
06-16 17:51:15.086   793   793 I SurfaceFlinger: screenshot (com.oringnet.wm/com.oring.SlideActivity@7643#0)
06-16 17:51:15.186   793   793 I SurfaceFlinger: screenshot (com.oringnet.wm/com.oring.SlideActivity@7643#0)
06-16 17:51:15.287   793   793 I SurfaceFlinger: screenshot (com.oringnet.wm/com.oring.SlideActivity@7643#0)
06-16 17:51:15.404   793   793 I SurfaceFlinger: screenshot (com.oringnet.wm/com.oring.SlideActivity@7643#0)
06-16 17:51:15.504   793   793 I SurfaceFlinger: screenshot (com.oringnet.wm/com.oring.SlideActivity@7643#0)
06-16 17:51:15.620   793   793 I SurfaceFlinger: screenshot (com.oringnet.wm/com.oring.SlideActivity@7643#0)
06-16 17:51:15.837   793   793 I SurfaceFlinger: screenshot (com.oringnet.wm/com.oring.SlideActivity@7643#0)
06-16 17:51:15.872   793  1642 I BufferQueueProducer: [com.oringnet.wm/com.oring.SlideActivity@7643#0](this:0x7854a28800,id:2870,api:1,p:7643,c:793) queueBuffer: fps=59.96 dur=1000.60 max=20.05 min=14.20
06-16 17:51:15.953   793   793 I SurfaceFlinger: screenshot (com.oringnet.wm/com.oring.SlideActivity@7643#0)
06-16 17:51:16.053   793   793 I SurfaceFlinger: screenshot (com.oringnet.wm/com.oring.SlideActivity@7643#0)
06-16 17:51:16.521   793   793 I SurfaceFlinger: screenshot (com.oringnet.wm/com.oring.SlideActivity@7643#0)
06-16 17:51:16.621   793   793 I SurfaceFlinger: screenshot (com.oringnet.wm/com.oring.SlideActivity@7643#0)
06-16 17:51:16.704  7643  7657 I com.oringnet.w: Background concurrent copying GC freed 431313(19MB) AllocSpace objects, 3(60KB) LOS objects, 66% free, 6094KB/17MB, paused 1.546ms total 219.265ms
06-16 17:51:16.721   793   793 I SurfaceFlinger: screenshot (com.oringnet.wm/com.oring.SlideActivity@7643#0)
06-16 17:51:18.887  7643  7643 I ViewRootImpl: ViewRoot's Touch Event : ACTION_DOWN
06-16 17:51:18.889   793   793 I SurfaceFlinger: screenshot (com.oringnet.wm/com.oring.SlideActivity@7643#0)
06-16 17:51:18.896  7643  7643 I ViewRootImpl: ViewRoot's Touch Event : ACTION_UP
06-16 17:51:18.898  7643  7643 I PortN:  : 項目 0/名稱 AI0
06-16 17:51:18.898  7643  7643 I Lang:   : zh
06-16 17:51:18.990  7643  7643 D BluetoothGatt: setCharacteristicNotification() - uuid: 6e400003-b5a3-f393-e0a9-e50e24dcca9e enable: true
06-16 17:51:19.078   793  1642 I BufferQueueProducer: [com.oringnet.wm/com.oring.SlideActivity@7643#0](this:0x7854a28800,id:2870,api:1,p:7643,c:793) queueBuffer: fps=9.67 dur=3206.11 max=2321.83 min=13.93
06-16 17:51:19.081  7643  7643 I JJTT:   : 123
06-16 17:51:19.105   793   793 I SurfaceFlinger: screenshot (com.oringnet.wm/com.oring.SlideActivity@7643#0)
06-16 17:51:19.152   793   793 I SurfaceFlinger: screenshot (com.oringnet.wm/com.oring.SlideActivity@7643#0)
06-16 17:51:19.176  7643  7643 W UiThreadStatement: Already on the UI thread, this method should not be called from the main application thread
06-16 17:51:19.176  7643  7643 I AiPage  : [Req]<READ CHANNEL ENABLE> 01030410000184ff
06-16 17:51:19.186  7643  7643 I AiPage  : [Rsp]<READ SAMPLING> 0103020000b844
06-16 17:51:19.220   793   793 I SurfaceFlinger: screenshot (com.oringnet.wm/com.oring.SlideActivity@7643#0)
06-16 17:51:19.294  7643  7643 W UiThreadStatement: Already on the UI thread, this method should not be called from the main application thread
06-16 17:51:19.294  7643  7643 I AiPage  : [Req]<READ SAMPLING> 010304110001d53f
06-16 17:51:19.300  7643  7643 I AiPage  : [Rsp]<READ INPUT TYPE> 0103020000b844
06-16 17:51:19.321   793   793 I SurfaceFlinger: screenshot (com.oringnet.wm/com.oring.SlideActivity@7643#0)
06-16 17:51:19.376  7643  7643 W UiThreadStatement: Already on the UI thread, this method should not be called from the main application thread
06-16 17:51:19.376  7643  7643 I AiPage  : [Req]<READ INPUT TYPE> 010304000001853a
06-16 17:51:19.383  7643  7643 I AiPage  : [Rsp]<READ REPORTING> 01030200063846
06-16 17:51:19.421   793   793 I SurfaceFlinger: screenshot (com.oringnet.wm/com.oring.SlideActivity@7643#0)
06-16 17:51:19.466  7643  7643 W UiThreadStatement: Already on the UI thread, this method should not be called from the main application thread
06-16 17:51:19.466  7643  7643 I AiPage  : [Req]<READ REPORTING> 0103024000018466
06-16 17:51:19.475  7643  7643 I AiPage  : [Rsp]<READ HIGH ALARM ENABLE> 01030200057847
06-16 17:51:19.564  7643  7643 W UiThreadStatement: Already on the UI thread, this method should not be called from the main application thread
06-16 17:51:19.564  7643  7643 I AiPage  : [Req]<READ HIGH ALARM ENABLE> 0103046300017524
06-16 17:51:19.572  7643  7643 I AiPage  : [Rsp]<READ HIGH ALARM> 0103020000b844
06-16 17:51:19.661  7643  7643 W UiThreadStatement: Already on the UI thread, this method should not be called from the main application thread
06-16 17:51:19.661  7643  7643 I AiPage  : [Req]<READ HIGH ALARM> 010304640001c4e5
06-16 17:51:19.670  7643  7643 I AiPage  : [Rsp]<READ LOW ALARM ENABLE> 0103020000b844
06-16 17:51:19.689   793   793 I SurfaceFlinger: screenshot (com.oringnet.wm/com.oring.SlideActivity@7643#0)
06-16 17:51:19.759  7643  7643 W UiThreadStatement: Already on the UI thread, this method should not be called from the main application thread
06-16 17:51:19.759  7643  7643 I AiPage  : [Req]<READ LOW ALARM ENABLE> 01030485000194d3
06-16 17:51:19.768  7643  7643 I AiPage  : [Rsp]<READ LOW ALARM> 0103020000b844
06-16 17:51:19.860  7643  7643 I AiPage  : [Rsp]<READ LOW ALARM> 0103020000b844
06-16 17:51:19.861  7643  7643 W UiThreadStatement: Already on the UI thread, this method should not be called from the main application thread
06-16 17:51:19.861  7643  7643 I AiPage  : [Req]<READ LOW ALARM> 01030486000164d3
06-16 17:51:20.421  7643  7643 I ViewRootImpl: ViewRoot's Touch Event : ACTION_DOWN
06-16 17:51:20.427  7643  7643 I ViewRootImpl: ViewRoot's Touch Event : ACTION_UP
06-16 17:51:20.447   793  1642 I BufferQueueProducer: [com.oringnet.wm/com.oring.SlideActivity@7643#0](this:0x7854a28800,id:2870,api:1,p:7643,c:793) queueBuffer: fps=21.19 dur=1368.50 max=569.32 min=8.03
06-16 17:51:20.456   793   793 I SurfaceFlinger: screenshot (com.oringnet.wm/com.oring.SlideActivity@7643#0)
06-16 17:51:20.556   793   793 I SurfaceFlinger: screenshot (com.oringnet.wm/com.oring.SlideActivity@7643#0)
06-16 17:51:20.839   793   793 I SurfaceFlinger: screenshot (com.oringnet.wm/com.oring.SlideActivity@7643#0)
06-16 17:51:20.873   793   793 I SurfaceFlinger: screenshot (com.oringnet.wm/com.oring.SlideActivity@7643#0)
06-16 17:51:21.305  7643  7643 I ViewRootImpl: ViewRoot's Touch Event : ACTION_DOWN
06-16 17:51:21.306   793   793 I SurfaceFlinger: screenshot (com.oringnet.wm/com.oring.SlideActivity@7643#0)
06-16 17:51:21.310  7643  7643 I ViewRootImpl: ViewRoot's Touch Event : ACTION_UP
06-16 17:51:21.422   793   793 I SurfaceFlinger: screenshot (com.oringnet.wm/com.oring.SlideActivity@7643#0)
06-16 17:51:21.463   793  1642 I BufferQueueProducer: [com.oringnet.wm/com.oring.SlideActivity@7643#0](this:0x7854a28800,id:2870,api:1,p:7643,c:793) queueBuffer: fps=34.45 dur=1015.95 max=449.24 min=13.74
06-16 17:51:21.522   793   793 I SurfaceFlinger: screenshot (com.oringnet.wm/com.oring.SlideActivity@7643#0)
06-16 17:51:21.639   793   793 I SurfaceFlinger: screenshot (com.oringnet.wm/com.oring.SlideActivity@7643#0)
06-16 17:51:22.088  7643  7643 I ViewRootImpl: ViewRoot's Touch Event : ACTION_DOWN
06-16 17:51:22.096  7643  7643 I ViewRootImpl: ViewRoot's Touch Event : ACTION_UP
06-16 17:51:22.222   793   793 I SurfaceFlinger: screenshot (com.oringnet.wm/com.oring.SlideActivity@7643#0)
06-16 17:51:22.339   793   793 I SurfaceFlinger: screenshot (com.oringnet.wm/com.oring.SlideActivity@7643#0)
06-16 17:51:22.456   793   793 I SurfaceFlinger: screenshot (com.oringnet.wm/com.oring.SlideActivity@7643#0)
06-16 17:51:22.463   793   826 I BufferQueueProducer: [com.oringnet.wm/com.oring.SlideActivity@7643#0](this:0x7854a28800,id:2870,api:1,p:7643,c:793) queueBuffer: fps=35.98 dur=1000.59 max=403.86 min=9.65
06-16 17:51:22.693   793   793 I SurfaceFlinger: screenshot (com.oringnet.wm/com.oring.SlideActivity@7643#0)
06-16 17:51:23.107  7643  7643 I ViewRootImpl: ViewRoot's Touch Event : ACTION_DOWN
06-16 17:51:23.155   793   793 I SurfaceFlinger: screenshot (com.oringnet.wm/com.oring.SlideActivity@7643#0)
06-16 17:51:23.273   793   793 I SurfaceFlinger: screenshot (com.oringnet.wm/com.oring.SlideActivity@7643#0)
06-16 17:51:23.389   793   793 I SurfaceFlinger: screenshot (com.oringnet.wm/com.oring.SlideActivity@7643#0)
06-16 17:51:23.479   793  2231 I BufferQueueProducer: [com.oringnet.wm/com.oring.SlideActivity@7643#0](this:0x7854a28800,id:2870,api:1,p:7643,c:793) queueBuffer: fps=21.66 dur=1015.69 max=665.51 min=14.50
06-16 17:51:23.522   793   793 I SurfaceFlinger: screenshot (com.oringnet.wm/com.oring.SlideActivity@7643#0)
06-16 17:51:23.991   793   793 I SurfaceFlinger: screenshot (com.oringnet.wm/com.oring.SlideActivity@7643#0)
06-16 17:51:24.014  7643  7643 I ViewRootImpl: ViewRoot's Touch Event : ACTION_UP
06-16 17:51:24.014  7643  7643 I TouchFlickNoti: CHANGE UP TO DOWN vectorVelocity:1055
06-16 17:51:24.105   793   793 I SurfaceFlinger: screenshot (com.oringnet.wm/com.oring.SlideActivity@7643#0)
06-16 17:51:24.205   793   793 I SurfaceFlinger: screenshot (com.oringnet.wm/com.oring.SlideActivity@7643#0)
06-16 17:51:24.255  7643  7643 I ViewRootImpl: ViewRoot's Touch Event : ACTION_DOWN
06-16 17:51:24.305   793   793 I SurfaceFlinger: screenshot (com.oringnet.wm/com.oring.SlideActivity@7643#0)
06-16 17:51:24.406   793   793 I SurfaceFlinger: screenshot (com.oringnet.wm/com.oring.SlideActivity@7643#0)
06-16 17:51:24.495   793  1642 I BufferQueueProducer: [com.oringnet.wm/com.oring.SlideActivity@7643#0](this:0x7854a28800,id:2870,api:1,p:7643,c:793) queueBuffer: fps=60.06 dur=1015.65 max=28.77 min=4.77
06-16 17:51:24.522   793   793 I SurfaceFlinger: screenshot (com.oringnet.wm/com.oring.SlideActivity@7643#0)
06-16 17:51:25.055   793   793 I SurfaceFlinger: screenshot (com.oringnet.wm/com.oring.SlideActivity@7643#0)
06-16 17:51:25.161  7643  7643 I ViewRootImpl: ViewRoot's Touch Event : ACTION_UP
06-16 17:51:25.161  7643  7643 I TouchFlickNoti: CHANGE DOWN TO UP vectorVelocity:-1187
06-16 17:51:25.173   793   793 I SurfaceFlinger: screenshot (com.oringnet.wm/com.oring.SlideActivity@7643#0)
06-16 17:51:25.289   793   793 I SurfaceFlinger: screenshot (com.oringnet.wm/com.oring.SlideActivity@7643#0)
06-16 17:51:25.389   793   793 I SurfaceFlinger: screenshot (com.oringnet.wm/com.oring.SlideActivity@7643#0)
06-16 17:51:25.489   793   793 I SurfaceFlinger: screenshot (com.oringnet.wm/com.oring.SlideActivity@7643#0)
06-16 17:51:25.511   793  2231 I BufferQueueProducer: [com.oringnet.wm/com.oring.SlideActivity@7643#0](this:0x7854a28800,id:2870,api:1,p:7643,c:793) queueBuffer: fps=60.03 dur=1016.17 max=19.03 min=13.94
06-16 17:51:25.556  7643  7643 I ViewRootImpl: ViewRoot's Touch Event : ACTION_DOWN
06-16 17:51:25.560  7643  7643 I ViewRootImpl: ViewRoot's Touch Event : ACTION_UP
06-16 17:51:25.582  7643  7643 D PhoneWindow: windowLightStatusBar : false, disable View.SYSTEM_UI_FLAG_LIGHT_STATUS_BAR
06-16 17:51:25.589   793   793 I SurfaceFlinger: screenshot (com.oringnet.wm/com.oring.SlideActivity@7643#0)
06-16 17:51:25.598  7643  7643 I TouchFilterInputStageHelper: [needTouchEventFilter] Displayid : 0
06-16 17:51:25.601  7643  7643 D BezellessGripSuppressionFilter: getdisplaysize, x : 720 y : 1600
06-16 17:51:25.636   793   826 I BufferQueueConsumer: [com.oringnet.wm/com.oring.SlideActivity@7643#1](this:0x7861309800,id:2873,api:0,p:-1,c:793) setConsumerName: com.oringnet.wm/com.oring.SlideActivity@7643#1
06-16 17:51:25.636   793   826 I BufferQueueConsumer: [com.oringnet.wm/com.oring.SlideActivity@7643#1](this:0x7861309800,id:2873,api:0,p:-1,c:793) setDefaultBufferSize: width=126 height=126
06-16 17:51:25.636   793   826 I SurfaceFlinger: Create BufferLayer(0x78612f9000) com.oringnet.wm/com.oring.SlideActivity@7643#1 (126 x 126)
06-16 17:51:25.643  7643  7666 D Surface : Surface::connect(this=0x7c26f80000,api=1)
06-16 17:51:25.644   793   826 I BufferQueueProducer: [com.oringnet.wm/com.oring.SlideActivity@7643#1](this:0x7861309800,id:2873,api:1,p:7643,c:793) connect(P): api=1 producer=(7643:com.oringnet.wm) producerControlledByApp=false
