05-27 19:13:12.863   800   852 I BufferQueueProducer: [com.oringnet.wm/com.oring.SlideActivity@18443#0](this:0x798ebef800,id:4479,api:1,p:18443,c:800) queueBuffer: fps=3.63 dur=1376.70 max=1169.68 min=5.46
05-27 19:13:12.878   800   800 I SurfaceFlinger: screenshot (com.oringnet.wm/com.oring.SlideActivity@18443#0)
05-27 19:13:12.889   800   800 I MiniDump: 0x797e3fe000 |     DEVICE |          0 | 1.000 |    0    0  720 1600 |   0.0   0.0 720.0 1600.0 | com.oringnet.wm/com.oring.SlideActivity@18443#0
05-27 19:13:12.889   800   800 I MiniDump: 0x798229c000 |     DEVICE |          0 | 0.037 |  303  762  417  876 |   0.0   0.0 126.0 126.0 | com.oringnet.wm/com.oring.SlideActivity@18443#2
05-27 19:13:12.889   800   800 I MiniDump: 0x798eb53000 |     DEVICE |          0 | 0.303 |  301  760  419  878 |   0.0   0.0 126.0 126.0 | com.oringnet.wm/com.oring.SlideActivity@18443#1
05-27 19:13:12.889   800   800 I MiniDump: 0x797e3fe000 |     DEVICE |          0 | 1.000 |    0    0  720 1600 |   0.0   0.0 720.0 1600.0 | com.oringnet.wm/com.oring.SlideActivity@18443#0
05-27 19:13:12.889   800   800 I MiniDump: 0x798229c000 |     DEVICE |          0 | 0.037 |  303  762  417  876 |   0.0   0.0 126.0 126.0 | com.oringnet.wm/com.oring.SlideActivity@18443#2
05-27 19:13:12.889   800   800 I MiniDump: 0x798eb53000 |     DEVICE |          0 | 0.303 |  301  760  419  878 |   0.0   0.0 126.0 126.0 | com.oringnet.wm/com.oring.SlideActivity@18443#1
05-27 19:13:12.938   800   800 I MiniDump: 0x797e3fe000 |     DEVICE |          0 | 1.000 |    0    0  720 1600 |   0.0   0.0 720.0 1600.0 | com.oringnet.wm/com.oring.SlideActivity@18443#0
05-27 19:13:12.938   800   800 I MiniDump: 0x798eb53000 |     DEVICE |          0 | 0.831 |  298  757  422  881 |   0.0   0.0 126.0 126.0 | com.oringnet.wm/com.oring.SlideActivity@18443#1
05-27 19:13:12.939   800   800 I MiniDump: 0x797e3fe000 |     DEVICE |          0 | 1.000 |    0    0  720 1600 |   0.0   0.0 720.0 1600.0 | com.oringnet.wm/com.oring.SlideActivity@18443#0
05-27 19:13:12.939   800   800 I MiniDump: 0x798eb53000 |     DEVICE |          0 | 0.831 |  298  757  422  881 |   0.0   0.0 126.0 126.0 | com.oringnet.wm/com.oring.SlideActivity@18443#1
05-27 19:13:12.993   800   800 I SurfaceFlinger: screenshot (com.oringnet.wm/com.oring.SlideActivity@18443#0)
05-27 19:13:13.018   800   800 I SurfaceFlinger: Remove BufferLayer(0x798229c000) com.oringnet.wm/com.oring.SlideActivity@18443#2 (-1 x -1)
05-27 19:13:13.018   800   800 I BufferQueue: [com.oringnet.wm/com.oring.SlideActivity@18443#2](this:0x79821bf000,id:4488,api:1,p:-1,c:-1) ~BufferQueueCore
05-27 19:13:13.023   800   800 I MiniDump: 0x797e3fe000 |     DEVICE |          0 | 1.000 |    0    0  720 1600 |   0.0   0.0 720.0 1600.0 | com.oringnet.wm/com.oring.SlideActivity@18443#0
05-27 19:13:13.023   800   800 I MiniDump: 0x798eb53000 |     DEVICE |          0 | 1.000 |  297  756  423  882 |   0.0   0.0 126.0 126.0 | com.oringnet.wm/com.oring.SlideActivity@18443#1
05-27 19:13:13.023   800   800 I MiniDump: 0x797e3fe000 |     DEVICE |          0 | 1.000 |    0    0  720 1600 |   0.0   0.0 720.0 1600.0 | com.oringnet.wm/com.oring.SlideActivity@18443#0
05-27 19:13:13.023   800   800 I MiniDump: 0x798eb53000 |     DEVICE |          0 | 1.000 |  297  756  423  882 |   0.0   0.0 126.0 126.0 | com.oringnet.wm/com.oring.SlideActivity@18443#1
05-27 19:13:13.094   800   800 I SurfaceFlinger: screenshot (com.oringnet.wm/com.oring.SlideActivity@18443#0)
05-27 19:13:13.101   800   800 I SurfaceFlinger: Remove BufferLayer(0x798eb53000) com.oringnet.wm/com.oring.SlideActivity@18443#1 (-1 x -1)
05-27 19:13:13.172 18443 18464 D Surface : Surface::disconnect(this=0x776c50e000,api=1)
05-27 19:13:13.173   800   851 I BufferQueueProducer: [com.oringnet.wm/com.oring.SlideActivity@18443#1](this:0x797e431800,id:4489,api:1,p:18443,c:800) disconnect(P): api 1
05-27 19:13:13.187 18443 18443 I GetApiKEY: rezifmj75mbzw3ow1rkau8
05-27 19:13:13.195   800   800 I SurfaceFlinger: screenshot (com.oringnet.wm/com.oring.SlideActivity@18443#0)
05-27 19:13:13.196 18443 18443 D PhoneWindow: windowLightStatusBar : false, disable View.SYSTEM_UI_FLAG_LIGHT_STATUS_BAR
05-27 19:13:13.213 18443 18443 I TouchFilterInputStageHelper: [needTouchEventFilter] Displayid : 0
05-27 19:13:13.216 18443 18443 D BezellessGripSuppressionFilter: getdisplaysize, x : 720 y : 1600
05-27 19:13:13.216 18443 18443 I refresh_step_1: 20
05-27 19:13:13.216 18443 18443 I @W@     : here5
05-27 19:13:13.216 18443 18443 I @W@     : -> c =0
05-27 19:13:13.236   800   851 I BufferQueueConsumer: [com.oringnet.wm/com.oring.SlideActivity@18443#2](this:0x798eb97000,id:4490,api:0,p:-1,c:800) setConsumerName: com.oringnet.wm/com.oring.SlideActivity@18443#2
05-27 19:13:13.236   800   851 I BufferQueueConsumer: [com.oringnet.wm/com.oring.SlideActivity@18443#2](this:0x798eb97000,id:4490,api:0,p:-1,c:800) setDefaultBufferSize: width=126 height=126
05-27 19:13:13.236   800   851 I SurfaceFlinger: Create BufferLayer(0x797e3e2000) com.oringnet.wm/com.oring.SlideActivity@18443#2 (126 x 126)
05-27 19:13:13.241 18443 18464 D Surface : Surface::connect(this=0x776c544000,api=1)
05-27 19:13:13.242   800   852 I BufferQueueProducer: [com.oringnet.wm/com.oring.SlideActivity@18443#2](this:0x798eb97000,id:4490,api:1,p:18443,c:800) connect(P): api=1 producer=(18443:com.oringnet.wm) producerControlledByApp=false
05-27 19:13:13.243 18443 18464 D Surface : Surface::setBufferCount(this=0x776c544000,bufferCount=3)
05-27 19:13:13.244 18443 18464 D Surface : Surface::allocateBuffers(this=0x776c544000)
05-27 19:13:13.298   800   800 I SurfaceFlinger: screenshot (com.oringnet.wm/com.oring.SlideActivity@18443#0)
05-27 19:13:13.308   800   800 I MiniDump: 0x797e3fe000 |     DEVICE |          0 | 1.000 |    0    0  720 1600 |   0.0   0.0 720.0 1600.0 | com.oringnet.wm/com.oring.SlideActivity@18443#0
05-27 19:13:13.308   800   800 I MiniDump: 0x798eb53000 |     DEVICE |          0 | 0.037 |  303  762  417  876 |   0.0   0.0 126.0 126.0 | com.oringnet.wm/com.oring.SlideActivity@18443#1
05-27 19:13:13.308   800   800 I MiniDump: 0x797e3e2000 |     DEVICE |          0 | 0.287 |  301  760  419  878 |   0.0   0.0 126.0 126.0 | com.oringnet.wm/com.oring.SlideActivity@18443#2
05-27 19:13:13.308   800   800 I MiniDump: 0x797e3fe000 |     DEVICE |          0 | 1.000 |    0    0  720 1600 |   0.0   0.0 720.0 1600.0 | com.oringnet.wm/com.oring.SlideActivity@18443#0
05-27 19:13:13.308   800   800 I MiniDump: 0x798eb53000 |     DEVICE |          0 | 0.037 |  303  762  417  876 |   0.0   0.0 126.0 126.0 | com.oringnet.wm/com.oring.SlideActivity@18443#1
05-27 19:13:13.308   800   800 I MiniDump: 0x797e3e2000 |     DEVICE |          0 | 0.287 |  301  760  419  878 |   0.0   0.0 126.0 126.0 | com.oringnet.wm/com.oring.SlideActivity@18443#2
05-27 19:13:13.320 18443 18443 I Cloud:  : 011002100004c1b7
05-27 19:13:13.320 18443 18443 I Address_Compare:: 0210/03f8
05-27 19:13:13.320 18443 18443 I @WD     : 4
05-27 19:13:13.320 18443 18443 I refresh_step_1: 20
05-27 19:13:13.320 18443 18443 I @W@     : here5
05-27 19:13:13.320 18443 18443 I @W@     : -> c =8
05-27 19:13:13.324   800   800 I MiniDump: 0x797e3fe000 |     DEVICE |          0 | 1.000 |    0    0  720 1600 |   0.0   0.0 720.0 1600.0 | com.oringnet.wm/com.oring.SlideActivity@18443#0
05-27 19:13:13.324   800   800 I MiniDump: 0x798eb53000 |     DEVICE |          0 | 0.011 |  303  762  417  876 |   0.0   0.0 126.0 126.0 | com.oringnet.wm/com.oring.SlideActivity@18443#1
05-27 19:13:13.324   800   800 I MiniDump: 0x797e3e2000 |     DEVICE |          0 | 0.525 |  300  759  420  879 |   0.0   0.0 126.0 126.0 | com.oringnet.wm/com.oring.SlideActivity@18443#2
05-27 19:13:13.324   800   800 I MiniDump: 0x797e3fe000 |     DEVICE |          0 | 1.000 |    0    0  720 1600 |   0.0   0.0 720.0 1600.0 | com.oringnet.wm/com.oring.SlideActivity@18443#0
05-27 19:13:13.324   800   800 I MiniDump: 0x798eb53000 |     DEVICE |          0 | 0.011 |  303  762  417  876 |   0.0   0.0 126.0 126.0 | com.oringnet.wm/com.oring.SlideActivity@18443#1
05-27 19:13:13.324   800   800 I MiniDump: 0x797e3e2000 |     DEVICE |          0 | 0.525 |  300  759  420  879 |   0.0   0.0 126.0 126.0 | com.oringnet.wm/com.oring.SlideActivity@18443#2
05-27 19:13:13.327 18443 18443 I CloudSetting 19響應: 011002100004c1b7
05-27 19:13:13.327 18443 18443 W UiThreadStatement: Already on the UI thread, this method should not be called from the main application thread
05-27 19:13:13.327 18443 18443 I CloudSetting 20請求: 011002100004086572697a6d66376a5e88
05-27 19:13:13.356   800   800 I MiniDump: 0x797e3fe000 |     DEVICE |          0 | 1.000 |    0    0  720 1600 |   0.0   0.0 720.0 1600.0 | com.oringnet.wm/com.oring.SlideActivity@18443#0
05-27 19:13:13.356   800   800 I MiniDump: 0x797e3e2000 |     DEVICE |          0 | 0.824 |  298  757  422  881 |   0.0   0.0 126.0 126.0 | com.oringnet.wm/com.oring.SlideActivity@18443#2
05-27 19:13:13.357   800   800 I MiniDump: 0x797e3fe000 |     DEVICE |          0 | 1.000 |    0    0  720 1600 |   0.0   0.0 720.0 1600.0 | com.oringnet.wm/com.oring.SlideActivity@18443#0
05-27 19:13:13.357   800   800 I MiniDump: 0x797e3e2000 |     DEVICE |          0 | 0.824 |  298  757  422  881 |   0.0   0.0 126.0 126.0 | com.oringnet.wm/com.oring.SlideActivity@18443#2
05-27 19:13:13.410   800   800 I SurfaceFlinger: screenshot (com.oringnet.wm/com.oring.SlideActivity@18443#0)
05-27 19:13:13.419 18443 18443 I Cloud:  : 0110021400048076
05-27 19:13:13.419 18443 18443 I Address_Compare:: 0214/03f8
05-27 19:13:13.419 18443 18443 I @WD     : 4
05-27 19:13:13.419 18443 18443 I refresh_step_1: 20
05-27 19:13:13.420 18443 18443 I @W@     : here5
05-27 19:13:13.420 18443 18443 I @W@     : -> c =16
05-27 19:13:13.425 18443 18443 I CloudSetting 19響應: 0110021400048076
05-27 19:13:13.425 18443 18443 W UiThreadStatement: Already on the UI thread, this method should not be called from the main application thread
05-27 19:13:13.425 18443 18443 I CloudSetting 20請求: 011002140004086d357a623377776f096a
05-27 19:13:13.434   800   800 I SurfaceFlinger: Remove BufferLayer(0x798eb53000) com.oringnet.wm/com.oring.SlideActivity@18443#1 (-1 x -1)
05-27 19:13:13.435   800   800 I BufferQueue: [com.oringnet.wm/com.oring.SlideActivity@18443#1](this:0x797e431800,id:4489,api:1,p:-1,c:-1) ~BufferQueueCore
05-27 19:13:13.440   800   800 I MiniDump: 0x797e3fe000 |     DEVICE |          0 | 1.000 |    0    0  720 1600 |   0.0   0.0 720.0 1600.0 | com.oringnet.wm/com.oring.SlideActivity@18443#0
05-27 19:13:13.440   800   800 I MiniDump: 0x797e3e2000 |     DEVICE |          0 | 1.000 |  297  756  423  882 |   0.0   0.0 126.0 126.0 | com.oringnet.wm/com.oring.SlideActivity@18443#2
05-27 19:13:13.440   800   800 I MiniDump: 0x797e3fe000 |     DEVICE |          0 | 1.000 |    0    0  720 1600 |   0.0   0.0 720.0 1600.0 | com.oringnet.wm/com.oring.SlideActivity@18443#0
05-27 19:13:13.440   800   800 I MiniDump: 0x797e3e2000 |     DEVICE |          0 | 1.000 |  297  756  423  882 |   0.0   0.0 126.0 126.0 | com.oringnet.wm/com.oring.SlideActivity@18443#2
05-27 19:13:13.508 18443 18443 W UiThreadStatement: Already on the UI thread, this method should not be called from the main application thread
05-27 19:13:13.508 18443 18443 I CloudSetting 20請求: 011002180004087231616b387500000624
05-27 19:13:13.509 18443 18443 I Cloud:  : 0110021800044075
05-27 19:13:13.509 18443 18443 I Address_Compare:: 0218/03f8
05-27 19:13:13.509 18443 18443 I @WD     : 4
05-27 19:13:13.509 18443 18443 I refresh_step_1: 20
05-27 19:13:13.509 18443 18443 I @W@     : here5
05-27 19:13:13.509 18443 18443 I @W@     : -> c =24
05-27 19:13:13.512   800   800 I SurfaceFlinger: screenshot (com.oringnet.wm/com.oring.SlideActivity@18443#0)
05-27 19:13:13.516 18443 18443 I CloudSetting 19響應: 0110021800044075
05-27 19:13:13.606 18443 18443 W UiThreadStatement: Already on the UI thread, this method should not be called from the main application thread
05-27 19:13:13.606 18443 18443 I CloudSetting 20請求: 0110021C000408000000000000000060d7
05-27 19:13:13.606 18443 18443 I Cloud:  : 0110021c000401b4
05-27 19:13:13.606 18443 18443 I Address_Compare:: 021c/03f8
05-27 19:13:13.606 18443 18443 I @WD     : 4
05-27 19:13:13.606 18443 18443 I @Write  : 4
05-27 19:13:13.609 18443 18464 D Surface : Surface::disconnect(this=0x776c544000,api=1)
05-27 19:13:13.610   800  4119 I BufferQueueProducer: [com.oringnet.wm/com.oring.SlideActivity@18443#2](this:0x798eb97000,id:4490,api:1,p:18443,c:800) disconnect(P): api 1
05-27 19:13:13.621 18443 18443 I CloudSetting -1響應: 0110021c000401b4
05-27 19:13:13.628   800   800 I SurfaceFlinger: screenshot (com.oringnet.wm/com.oring.SlideActivity@18443#0)
05-27 19:13:13.728   800   800 I SurfaceFlinger: screenshot (com.oringnet.wm/com.oring.SlideActivity@18443#0)
05-27 19:13:13.789   800   800 I MiniDump: 0x797e3fe000 |     DEVICE |          0 | 1.000 |    0    0  720 1600 |   0.0   0.0 720.0 1600.0 | com.oringnet.wm/com.oring.SlideActivity@18443#0
05-27 19:13:13.789   800   800 I MiniDump: 0x797e3fe000 |     DEVICE |          0 | 1.000 |    0    0  720 1600 |   0.0   0.0 720.0 1600.0 | com.oringnet.wm/com.oring.SlideActivity@18443#0
05-27 19:13:13.859   800   800 I SurfaceFlinger: screenshot (com.oringnet.wm/com.oring.SlideActivity@18443#0)
05-27 19:13:13.868   800   800 I SurfaceFlinger: Remove BufferLayer(0x797e3e2000) com.oringnet.wm/com.oring.SlideActivity@18443#2 (-1 x -1)
05-27 19:13:13.868   800   800 I BufferQueue: [com.oringnet.wm/com.oring.SlideActivity@18443#2](this:0x798eb97000,id:4490,api:1,p:-1,c:-1) ~BufferQueueCore
05-27 19:13:13.873   800   800 I MiniDump: 0x797e3fe000 |     DEVICE |          0 | 1.000 |    0    0  720 1600 |   0.0   0.0 720.0 1600.0 | com.oringnet.wm/com.oring.SlideActivity@18443#0
05-27 19:13:13.873   800   800 I MiniDump: 0x797e3fe000 |     DEVICE |          0 | 1.000 |    0    0  720 1600 |   0.0   0.0 720.0 1600.0 | com.oringnet.wm/com.oring.SlideActivity@18443#0
05-27 19:13:14.123   800   800 I SurfaceFlinger: screenshot (com.oringnet.wm/com.oring.SlideActivity@18443#0)
05-27 19:13:14.303 18443 18443 I ViewRootImpl: ViewRoot's Touch Event : ACTION_DOWN
05-27 19:13:14.308 18443 18443 I ViewRootImpl: ViewRoot's Touch Event : ACTION_UP
05-27 19:13:14.326   800   852 I BufferQueueProducer: [com.oringnet.wm/com.oring.SlideActivity@18443#0](this:0x798ebef800,id:4479,api:1,p:18443,c:800) queueBuffer: fps=11.62 dur=1462.37 max=821.29 min=8.56
05-27 19:13:14.390   800   800 I SurfaceFlinger: screenshot (com.oringnet.wm/com.oring.SlideActivity@18443#0)
05-27 19:13:14.640   800   800 I SurfaceFlinger: screenshot (com.oringnet.wm/com.oring.SlideActivity@18443#0)
05-27 19:13:14.891   800   800 I SurfaceFlinger: screenshot (com.oringnet.wm/com.oring.SlideActivity@18443#0)
05-27 19:13:15.159   800   800 I SurfaceFlinger: screenshot (com.oringnet.wm/com.oring.SlideActivity@18443#0)
05-27 19:13:15.425   800   800 I SurfaceFlinger: screenshot (com.oringnet.wm/com.oring.SlideActivity@18443#0)
05-27 19:13:15.536 18443 18443 I ViewRootImpl: ViewRoot's Touch Event : ACTION_DOWN
05-27 19:13:15.542 18443 18443 I ViewRootImpl: ViewRoot's Touch Event : ACTION_UP
05-27 19:13:15.543   800   800 I SurfaceFlinger: screenshot (com.oringnet.wm/com.oring.SlideActivity@18443#0)
05-27 19:13:15.558   800  4119 I BufferQueueProducer: [com.oringnet.wm/com.oring.SlideActivity@18443#0](this:0x798ebef800,id:4479,api:1,p:18443,c:800) queueBuffer: fps=21.91 dur=1232.24 max=801.38 min=9.59
05-27 19:13:15.602 18443 18443 I YYTT    : 4
05-27 19:13:15.676 18443 18443 I EEWW:   : WillyAppium_202105271912
05-27 19:13:15.686 18443 18443 D BluetoothGatt: setCharacteristicNotification() - uuid: 6e400003-b5a3-f393-e0a9-e50e24dcca9e enable: true
05-27 19:13:15.806   800   800 I SurfaceFlinger: screenshot (com.oringnet.wm/com.oring.SlideActivity@18443#0)
05-27 19:13:15.903 18443 18443 W UiThreadStatement: Already on the UI thread, this method should not be called from the main application thread
05-27 19:13:15.903 18443 18443 I Dashboard: [Req]<Read DI Status> 01020000000479c9
05-27 19:13:15.903 18443 18443 I Dashboard: [Rsp]<Read DI Status> 01020100a188
05-27 19:13:16.003 18443 18443 W UiThreadStatement: Already on the UI thread, this method should not be called from the main application thread
05-27 19:13:16.003 18443 18443 I Dashboard: [Req]<Read DO Status> 0101000000043dc9
05-27 19:13:16.003 18443 18443 I Dashboard: [Rsp]<Read DO Status> 010101005188
05-27 19:13:16.057   800   800 I SurfaceFlinger: screenshot (com.oringnet.wm/com.oring.SlideActivity@18443#0)
05-27 19:13:16.104 18443 18443 W UiThreadStatement: Already on the UI thread, this method should not be called from the main application thread
05-27 19:13:16.105 18443 18443 I Dashboard: [Req]<Read RELAY Status> 010100040002fc0a
05-27 19:13:16.105 18443 18443 I Dashboard: [Rsp]<Read RELAY Status> 010101005188
05-27 19:13:16.190 18443 18443 W UiThreadStatement: Already on the UI thread, this method should not be called from the main application thread
05-27 19:13:16.190 18443 18443 I Dashboard: [Req]<Read DI COUNTER> 010404310004a136
05-27 19:13:16.191 18443 18443 I Dashboard: [Rsp]<Read DI COUNTER> 0104080000000000000000240d
05-27 19:13:16.288 18443 18443 I Dashboard: [Rsp]<Read AI 0 Status> 010404b75e9fce5586
05-27 19:13:16.303 18443 18443 I AI_value:: 0.0
05-27 19:13:16.303 18443 18443 I AI_raw: : b75e9fce
05-27 19:13:16.311 18443 18443 W UiThreadStatement: Already on the UI thread, this method should not be called from the main application thread
05-27 19:13:16.311 18443 18443 I Dashboard: [Req]<Read AI 1 Status> 01040000000271cb
05-27 19:13:16.385 18443 18443 I Dashboard: [Rsp]<Read AI 1 Status> 01040400000000fb84
05-27 19:13:16.398 18443 18443 I AI_value:: 0.0
05-27 19:13:16.398 18443 18443 I AI_raw: : 00000000
05-27 19:13:16.405 18443 18443 W UiThreadStatement: Already on the UI thread, this method should not be called from the main application thread
05-27 19:13:16.405 18443 18443 I Dashboard: [Req]<Read AI 2 Status> 010400020002d00b
05-27 19:13:16.483 18443 18443 I Dashboard: [Rsp]<Read AI 2 Status> 0104044412f99a8d4a
05-27 19:13:16.511 18443 18443 I AI_value:: 587.9
05-27 19:13:16.511 18443 18443 I AI_raw: : 4412f99a
05-27 19:13:16.518 18443 18443 W UiThreadStatement: Already on the UI thread, this method should not be called from the main application thread
05-27 19:13:16.519 18443 18443 I Dashboard: [Req]<Read AI 3 Status> 010400040002300a
05-27 19:13:16.564   800   800 I SurfaceFlinger: screenshot (com.oringnet.wm/com.oring.SlideActivity@18443#0)
05-27 19:13:16.580 18443 18443 W UiThreadStatement: Already on the UI thread, this method should not be called from the main application thread
05-27 19:13:16.580 18443 18443 I Dashboard: [Req]<Read AI 3 Status> 01040006000291ca
05-27 19:13:16.580 18443 18443 I Dashboard: [Rsp]<Read AI 3 Status> 01040400000000fb84
05-27 19:13:16.602 18443 18443 I AI_value:: 0.0
05-27 19:13:16.602 18443 18443 I AI_raw: : 00000000
05-27 19:13:16.632   800   975 I BufferQueueProducer: [com.oringnet.wm/com.oring.SlideActivity@18443#0](this:0x798ebef800,id:4479,api:1,p:18443,c:800) queueBuffer: fps=36.31 dur=1074.07 max=117.57 min=11.33
05-27 19:13:16.678 18443 18443 W UiThreadStatement: Already on the UI thread, this method should not be called from the main application thread
05-27 19:13:16.678 18443 18443 I Dashboard: [Req]<Read AI 4 Status> 010400080002f009
05-27 19:13:17.020 18443 18443 I Dashboard: [Rsp]<Read AI 4 Status> 0104044412f99a8d4a
05-27 19:13:17.074 18443 18443 I AI_value:: 587.9
05-27 19:13:17.074 18443 18443 I AI_raw: : 4412f99a
05-27 19:13:17.130   800   800 I SurfaceFlinger: screenshot (com.oringnet.wm/com.oring.SlideActivity@18443#0)
05-27 19:13:17.166 18443 18443 W UiThreadStatement: Already on the UI thread, this method should not be called from the main application thread
05-27 19:13:17.166 18443 18443 I Dashboard: [Req]<Read AI 5 Status> 0104000A000251c9
05-27 19:13:17.167 18443 18443 I Dashboard: [Rsp]<Read AI 5 Status> 01040400000000fb84
05-27 19:13:17.196 18443 18443 I AI_value:: 0.0
05-27 19:13:17.196 18443 18443 I AI_raw: : 00000000
05-27 19:13:17.243   800   800 I SurfaceFlinger: screenshot (com.oringnet.wm/com.oring.SlideActivity@18443#0)
05-27 19:13:17.263 18443 18443 W UiThreadStatement: Already on the UI thread, this method should not be called from the main application thread
05-27 19:13:17.263 18443 18443 I Dashboard: [Req]<Read AI Type> 010304000006c4f8
05-27 19:13:17.263 18443 18443 I Dashboard: [Rsp]<Read AI Type> 01030c000501020215031302150313dbb0
05-27 19:13:17.361   800   800 I SurfaceFlinger: screenshot (com.oringnet.wm/com.oring.SlideActivity@18443#0)
05-27 19:13:17.370 18443 18443 I Dashboard: [Rsp]<Read RTD 2 mode> 0103080003000200000000df17
05-27 19:13:17.371 18443 18443 I RTD_mode:: 0003000200000000
05-27 19:13:17.371 18443 18443 I finish  : @@!!
05-27 19:13:17.371 18443 18443 W UiThreadStatement: Already on the UI thread, this method should not be called from the main application thread
05-27 19:13:17.371 18443 18443 I Dashboard: [Req]<Read RTD 2 mode> 010303050004544c
05-27 19:13:17.461   800   800 I SurfaceFlinger: screenshot (com.oringnet.wm/com.oring.SlideActivity@18443#0)
05-27 19:13:20.995   800   800 I SurfaceFlinger: screenshot (com.oringnet.wm/com.oring.SlideActivity@18443#0)
05-27 19:13:21.622 18443 18443 I ViewRootImpl: ViewRoot's Touch Event : ACTION_DOWN
05-27 19:13:21.629   800   800 I SurfaceFlinger: screenshot (com.oringnet.wm/com.oring.SlideActivity@18443#0)
05-27 19:13:21.632 18443 18443 I ViewRootImpl: ViewRoot's Touch Event : ACTION_UP
05-27 19:13:21.644   800   852 I BufferQueueProducer: [com.oringnet.wm/com.oring.SlideActivity@18443#0](this:0x798ebef800,id:4479,api:1,p:18443,c:800) queueBuffer: fps=4.19 dur=5011.38 max=4086.56 min=11.48
05-27 19:13:21.893   800   800 I SurfaceFlinger: screenshot (com.oringnet.wm/com.oring.SlideActivity@18443#0)
05-27 19:13:23.229 18443 18443 I ViewRootImpl: ViewRoot's Touch Event : ACTION_DOWN
05-27 19:13:23.235   800   800 I SurfaceFlinger: screenshot (com.oringnet.wm/com.oring.SlideActivity@18443#0)
05-27 19:13:23.236 18443 18443 I ViewRootImpl: ViewRoot's Touch Event : ACTION_UP
05-27 19:13:23.261   800   852 I BufferQueueProducer: [com.oringnet.wm/com.oring.SlideActivity@18443#0](this:0x798ebef800,id:4479,api:1,p:18443,c:800) queueBuffer: fps=16.69 dur=1617.85 max=1184.58 min=13.81
05-27 19:13:23.346 18443 18443 D BluetoothGatt: setCharacteristicNotification() - uuid: 6e400003-b5a3-f393-e0a9-e50e24dcca9e enable: true
05-27 19:13:23.426 18443 18443 D PhoneWindow: windowLightStatusBar : false, disable View.SYSTEM_UI_FLAG_LIGHT_STATUS_BAR
05-27 19:13:23.443 18443 18443 I TouchFilterInputStageHelper: [needTouchEventFilter] Displayid : 0
05-27 19:13:23.445   800   800 I SurfaceFlinger: screenshot (com.oringnet.wm/com.oring.SlideActivity@18443#0)
05-27 19:13:23.446 18443 18443 D BezellessGripSuppressionFilter: getdisplaysize, x : 720 y : 1600
05-27 19:13:23.475   800   852 I BufferQueueConsumer: [com.oringnet.wm/com.oring.SlideActivity@18443#1](this:0x79821c0800,id:4491,api:0,p:-1,c:800) setConsumerName: com.oringnet.wm/com.oring.SlideActivity@18443#1
05-27 19:13:23.475   800   852 I BufferQueueConsumer: [com.oringnet.wm/com.oring.SlideActivity@18443#1](this:0x79821c0800,id:4491,api:0,p:-1,c:800) setDefaultBufferSize: width=126 height=126
05-27 19:13:23.475   800   852 I SurfaceFlinger: Create BufferLayer(0x7982329000) com.oringnet.wm/com.oring.SlideActivity@18443#1 (126 x 126)
05-27 19:13:23.480 18443 18464 D Surface : Surface::connect(this=0x770fe44000,api=1)
05-27 19:13:23.481   800   975 I BufferQueueProducer: [com.oringnet.wm/com.oring.SlideActivity@18443#1](this:0x79821c0800,id:4491,api:1,p:18443,c:800) connect(P): api=1 producer=(18443:com.oringnet.wm) producerControlledByApp=false
05-27 19:13:23.482 18443 18464 D Surface : Surface::setBufferCount(this=0x770fe44000,bufferCount=3)
05-27 19:13:23.483 18443 18464 D Surface : Surface::allocateBuffers(this=0x770fe44000)
05-27 19:13:23.540   800   800 I MiniDump: 0x797e3fe000 |     DEVICE |          0 | 1.000 |    0    0  720 1600 |   0.0   0.0 720.0 1600.0 | com.oringnet.wm/com.oring.SlideActivity@18443#0
05-27 19:13:23.540   800   800 I MiniDump: 0x7982329000 |     DEVICE |          0 | 0.303 |  301  760  419  878 |   0.0   0.0 126.0 126.0 | com.oringnet.wm/com.oring.SlideActivity@18443#1
05-27 19:13:23.540   800   800 I MiniDump: 0x797e3fe000 |     DEVICE |          0 | 1.000 |    0    0  720 1600 |   0.0   0.0 720.0 1600.0 | com.oringnet.wm/com.oring.SlideActivity@18443#0
05-27 19:13:23.540   800   800 I MiniDump: 0x7982329000 |     DEVICE |          0 | 0.303 |  301  760  419  878 |   0.0   0.0 126.0 126.0 | com.oringnet.wm/com.oring.SlideActivity@18443#1
05-27 19:13:23.550   800   800 I SurfaceFlinger: screenshot (com.oringnet.wm/com.oring.SlideActivity@18443#0)
05-27 19:13:23.560   800   800 I MiniDump: 0x797e3fe000 |     DEVICE |          0 | 1.000 |    0    0  720 1600 |   0.0   0.0 720.0 1600.0 | com.oringnet.wm/com.oring.SlideActivity@18443#0
05-27 19:13:23.560   800   800 I MiniDump: 0x7982329000 |     DEVICE |          0 | 0.525 |  300  759  420  879 |   0.0   0.0 126.0 126.0 | com.oringnet.wm/com.oring.SlideActivity@18443#1
05-27 19:13:23.560   800   800 I MiniDump: 0x797e3fe000 |     DEVICE |          0 | 1.000 |    0    0  720 1600 |   0.0   0.0 720.0 1600.0 | com.oringnet.wm/com.oring.SlideActivity@18443#0
05-27 19:13:23.560   800   800 I MiniDump: 0x7982329000 |     DEVICE |          0 | 0.525 |  300  759  420  879 |   0.0   0.0 126.0 126.0 | com.oringnet.wm/com.oring.SlideActivity@18443#1
05-27 19:13:23.574 18443 18443 W UiThreadStatement: Already on the UI thread, this method should not be called from the main application thread
05-27 19:13:23.574 18443 18443 I CloudSetting 1請求: 010303f8000105bf
05-27 19:13:23.574 18443 18443 I Cloud:  : 01030200017984
05-27 19:13:23.574 18443 18443 I CS_Info : CLOUD_CONFIG:0001
05-27 19:13:23.580 18443 18443 I CloudSetting 1響應: 01030200017984
05-27 19:13:23.655 18443 18443 W UiThreadStatement: Already on the UI thread, this method should not be called from the main application thread
05-27 19:13:23.655 18443 18443 I CloudSetting 2請求: 0103021000044474
05-27 19:13:23.655 18443 18443 I Cloud:  : 0103086572697a6d66376abb98
05-27 19:13:23.660 18443 18443 I CloudSetting 1響應: 0103086572697a6d66376abb98
05-27 19:13:23.662   800   800 I SurfaceFlinger: screenshot (com.oringnet.wm/com.oring.SlideActivity@18443#0)
05-27 19:13:23.755 18443 18443 W UiThreadStatement: Already on the UI thread, this method should not be called from the main application thread
05-27 19:13:23.755 18443 18443 I CloudSetting 2請求: 01030214000405b5
05-27 19:13:23.755 18443 18443 I Cloud:  : 0103086d357a623377776f1db5
05-27 19:13:23.760 18443 18443 I CloudSetting 1響應: 0103086d357a623377776f1db5
05-27 19:13:23.765   800   800 I SurfaceFlinger: screenshot (com.oringnet.wm/com.oring.SlideActivity@18443#0)
05-27 19:13:23.843 18443 18443 W UiThreadStatement: Already on the UI thread, this method should not be called from the main application thread
05-27 19:13:23.843 18443 18443 I CloudSetting 2請求: 010302180004c5b6
05-27 19:13:23.843 18443 18443 I Cloud:  : 0103087231616b3875000002eb
05-27 19:13:23.843 18443 18443 I HEX:    : 6572697a6d66376a6d357a623377776f7231616b3875
05-27 19:13:23.845 18443 18443 I CS_Info : Api KEY:rezifmj75mbzw3ow1rkau8
05-27 19:13:23.846 18443 18443 I CS_Info : ApiKEY is activated
05-27 19:13:23.850 18443 18443 I CloudSetting 2響應: 0103087231616b3875000002eb
05-27 19:13:23.942 18443 18443 W UiThreadStatement: Already on the UI thread, this method should not be called from the main application thread
05-27 19:13:23.942 18443 18443 I CloudSetting 3請求: 01030BB80004c608
05-27 19:13:23.942 18443 18443 I Cloud:  : 010308716d74742f3a6d2f10d3
05-27 19:13:23.947 18443 18443 I CloudSetting 2響應: 010308716d74742f3a6d2f10d3
05-27 19:13:24.026   800   800 I SurfaceFlinger: screenshot (com.oringnet.wm/com.oring.SlideActivity@18443#0)
05-27 19:13:24.042 18443 18443 W UiThreadStatement: Already on the UI thread, this method should not be called from the main application thread
05-27 19:13:24.042 18443 18443 I CloudSetting 3請求: 01030BBC000487c9
05-27 19:13:24.043 18443 18443 I Cloud:  : 01030874712e7461707361bebd
05-27 19:13:24.049 18443 18443 I CloudSetting 2響應: 01030874712e7461707361bebd
05-27 19:13:24.138 18443 18443 W UiThreadStatement: Already on the UI thread, this method should not be called from the main application thread
05-27 19:13:24.138 18443 18443 I CloudSetting 3請求: 01030BC000044611
05-27 19:13:24.138 18443 18443 I Cloud:  : 0103086f2e6972676e656ef89a
05-27 19:13:24.144 18443 18443 I CloudSetting 2響應: 0103086f2e6972676e656ef89a
05-27 19:13:24.145   800   800 I SurfaceFlinger: screenshot (com.oringnet.wm/com.oring.SlideActivity@18443#0)
05-27 19:13:24.233 18443 18443 W UiThreadStatement: Already on the UI thread, this method should not be called from the main application thread
05-27 19:13:24.234 18443 18443 I CloudSetting 3請求: 01030BC4000407d0
05-27 19:13:24.234 18443 18443 I Cloud:  : 0103082e746c63756f0064c4da
05-27 19:13:24.239 18443 18443 I CloudSetting 2響應: 0103082e746c63756f0064c4da
05-27 19:13:24.332 18443 18443 W UiThreadStatement: Already on the UI thread, this method should not be called from the main application thread
05-27 19:13:24.332 18443 18443 I CloudSetting 3請求: 01030BC80004c7d3
05-27 19:13:24.332 18443 18443 I Cloud:  : 010308000000000000000095d7
05-27 19:13:24.332 18443 18443 I HEX:    : 716d74742f3a6d2f74712e74617073616f2e6972676e656e2e746c63756f0064
05-27 19:13:24.335 18443 18443 I CS_Info : MQTT Broker:mqtt://mqtt.paas.oringnet.cloud
05-27 19:13:24.341 18443 18443 I CloudSetting 3響應: 010308000000000000000095d7
05-27 19:13:24.355   800   851 I BufferQueueProducer: [com.oringnet.wm/com.oring.SlideActivity@18443#0](this:0x798ebef800,id:4479,api:1,p:18443,c:800) queueBuffer: fps=44.81 dur=1093.46 max=198.50 min=7.60
05-27 19:13:24.410   800   800 I SurfaceFlinger: screenshot (com.oringnet.wm/com.oring.SlideActivity@18443#0)
05-27 19:13:24.429 18443 18443 I Cloud:  : 010302075bfb8f
05-27 19:13:24.429 18443 18443 I CS_Info : BROKER_PORT:075b
05-27 19:13:24.435 18443 18443 I CloudSetting 4響應: 010302075bfb8f
05-27 19:13:24.445 18443 18443 W UiThreadStatement: Already on the UI thread, this method should not be called from the main application thread
05-27 19:13:24.445 18443 18443 I CloudSetting 5請求: 010302840001c59b
05-27 19:13:24.527 18443 18443 I Cloud:  : 010308000000000000000095d7
05-27 19:13:24.527 18443 18443 I HEX:    : 
05-27 19:13:24.527 18443 18443 I CS_Info : CLIENT ID:
05-27 19:13:24.534 18443 18443 I CloudSetting 5響應: 010308000000000000000095d7
05-27 19:13:24.534 18443 18443 W UiThreadStatement: Already on the UI thread, this method should not be called from the main application thread
05-27 19:13:24.534 18443 18443 I CloudSetting 6請求: 0103028500045458
05-27 19:13:24.624 18443 18443 I Cloud:  : 010308000000000000000095d7
05-27 19:13:24.624 18443 18443 I HEX:    : 
05-27 19:13:24.624 18443 18443 I CS_Info : USER NAME:
05-27 19:13:24.630 18443 18443 I CloudSetting 6響應: 010308000000000000000095d7
05-27 19:13:24.644 18443 18443 W UiThreadStatement: Already on the UI thread, this method should not be called from the main application thread
05-27 19:13:24.644 18443 18443 I CloudSetting 7請求: 010302950004559d
05-27 19:13:24.676   800   800 I SurfaceFlinger: screenshot (com.oringnet.wm/com.oring.SlideActivity@18443#0)
05-27 19:13:24.722 18443 18443 W UiThreadStatement: Already on the UI thread, this method should not be called from the main application thread
05-27 19:13:24.722 18443 18443 I CloudSetting 7請求: 010302A500045592
05-27 19:13:24.722 18443 18443 I Cloud:  : 010308000000000000000095d7
05-27 19:13:24.722 18443 18443 I HEX:    : 
05-27 19:13:24.722 18443 18443 I CS_Info : USER PASSWORD:
05-27 19:13:24.726 18443 18464 D Surface : Surface::disconnect(this=0x770fe44000,api=1)
05-27 19:13:24.726   800   975 I BufferQueueProducer: [com.oringnet.wm/com.oring.SlideActivity@18443#1](this:0x79821c0800,id:4491,api:1,p:18443,c:800) disconnect(P): api 1
05-27 19:13:24.740 18443 18443 I CloudSetting -1響應: 010308000000000000000095d7
05-27 19:13:24.785   800   800 I SurfaceFlinger: screenshot (com.oringnet.wm/com.oring.SlideActivity@18443#0)
05-27 19:13:24.897   800   800 I SurfaceFlinger: screenshot (com.oringnet.wm/com.oring.SlideActivity@18443#0)
05-27 19:13:24.908   800   800 I MiniDump: 0x797e3fe000 |     DEVICE |          0 | 1.000 |    0    0  720 1600 |   0.0   0.0 720.0 1600.0 | com.oringnet.wm/com.oring.SlideActivity@18443#0
05-27 19:13:24.908   800   800 I MiniDump: 0x797e3fe000 |     DEVICE |          0 | 1.000 |    0    0  720 1600 |   0.0   0.0 720.0 1600.0 | com.oringnet.wm/com.oring.SlideActivity@18443#0
05-27 19:13:24.987   800   800 I SurfaceFlinger: Remove BufferLayer(0x7982329000) com.oringnet.wm/com.oring.SlideActivity@18443#1 (-1 x -1)
05-27 19:13:24.987   800   800 I BufferQueue: [com.oringnet.wm/com.oring.SlideActivity@18443#1](this:0x79821c0800,id:4491,api:1,p:-1,c:-1) ~BufferQueueCore
05-27 19:13:24.992   800   800 I MiniDump: 0x797e3fe000 |     DEVICE |          0 | 1.000 |    0    0  720 1600 |   0.0   0.0 720.0 1600.0 | com.oringnet.wm/com.oring.SlideActivity@18443#0
05-27 19:13:24.993   800   800 I MiniDump: 0x797e3fe000 |     DEVICE |          0 | 1.000 |    0    0  720 1600 |   0.0   0.0 720.0 1600.0 | com.oringnet.wm/com.oring.SlideActivity@18443#0
05-27 19:13:25.000   800   800 I SurfaceFlinger: screenshot (com.oringnet.wm/com.oring.SlideActivity@18443#0)
05-27 19:13:25.260   800   800 I SurfaceFlinger: screenshot (com.oringnet.wm/com.oring.SlideActivity@18443#0)
05-27 19:13:25.428   800   800 I SurfaceFlinger: screenshot (com.oringnet.wm/com.oring.SlideActivity@18443#0)
05-27 19:13:25.659   800   800 I SurfaceFlinger: screenshot (com.oringnet.wm/com.oring.SlideActivity@18443#0)
05-27 19:13:25.693   800   800 I SurfaceFlinger: screenshot (com.oringnet.wm/com.oring.SlideActivity@18443#0)
05-27 19:13:25.960   800   800 I SurfaceFlinger: screenshot (com.oringnet.wm/com.oring.SlideActivity@18443#0)
05-27 19:13:26.211   800   800 I SurfaceFlinger: screenshot (com.oringnet.wm/com.oring.SlideActivity@18443#0)
05-27 19:13:26.362   800  4119 I BufferQueueProducer: [com.oringnet.wm/com.oring.SlideActivity@18443#0](this:0x798ebef800,id:4479,api:1,p:18443,c:800) queueBuffer: fps=4.98 dur=2007.32 max=1593.19 min=5.08
05-27 19:13:26.478   800   800 I SurfaceFlinger: screenshot (com.oringnet.wm/com.oring.SlideActivity@18443#0)
