06-25 13:29:01.439   654   654 D Zygote  : Forked child process 11439
06-25 13:29:01.444  1405  1444 I ActivityManager: Start proc 11439:com.oringnet.wm/u0a316 for activity {com.oringnet.wm/com.oring.LoginActivity}
06-25 13:29:01.464 11439 11439 E com.oringnet.w: Not starting debugger since process cannot load the jdwp agent.
06-25 13:29:01.496 11439 11439 I Typeface: Current DefaultTypeface ( default_roboto )
06-25 13:29:01.563 11439 11439 I MultiDex: VM with version 2.1.0 has multidex support
06-25 13:29:01.563 11439 11439 I MultiDex: Installing application
06-25 13:29:01.563 11439 11439 I MultiDex: VM has multidex support, MultiDex support library is disabled.
06-25 13:29:01.563 11439 11439 I MultiDex: Installing application
06-25 13:29:01.563 11439 11439 I MultiDex: VM has multidex support, MultiDex support library is disabled.
06-25 13:29:01.574 11439 11439 I FirebaseInitProvider: FirebaseApp initialization unsuccessful
06-25 13:29:01.602 11439 11463 I com.oringnet.w: Starting a blocking GC Alloc
06-25 13:29:01.602 11439 11463 I com.oringnet.w: Starting a blocking GC Alloc
06-25 13:29:01.611 11439 11439 I com.oringnet.w: Waiting for a blocking GC Alloc
06-25 13:29:01.623 11439 11439 I com.oringnet.w: WaitForGcToComplete blocked Alloc on AddRemoveAppImageSpace for 12.402ms
06-25 13:29:01.623 11439 11439 I com.oringnet.w: Starting a blocking GC Alloc
06-25 13:29:01.673 11439 11439 D PhoneWindow: windowLightStatusBar : false, disable View.SYSTEM_UI_FLAG_LIGHT_STATUS_BAR
06-25 13:29:01.723 11439 11439 I Mode_EXTRA: = 0
06-25 13:29:01.723 11439 11439 I ShowFilePath: /storage/emulated/0/Download
06-25 13:29:01.745 11439 11439 I SQLiteOpenHelper: Create ODimmingSQL.db
06-25 13:29:01.779 11439 11439 I Now@_1  : 0
06-25 13:29:01.779 11439 11439 I Now@_1  : 0
06-25 13:29:01.870 11439 11439 I TouchFilterInputStageHelper: [needTouchEventFilter] Displayid : 0
06-25 13:29:01.873 11439 11439 D BezellessGripSuppressionFilter: getdisplaysize, x : 720 y : 1600
06-25 13:29:01.885 11439 11439 I TouchFilterInputStageHelper: [needTouchEventFilter] Displayid : 0
06-25 13:29:01.887 11439 11439 D BezellessGripSuppressionFilter: getdisplaysize, x : 720 y : 1600
06-25 13:29:01.906   796  1305 I BufferQueueConsumer: [com.oringnet.wm/com.oring.LoginActivity@11439#0](this:0x72a4413800,id:19,api:0,p:-1,c:796) setConsumerName: com.oringnet.wm/com.oring.LoginActivity@11439#0
06-25 13:29:01.906   796  1305 I BufferQueueConsumer: [com.oringnet.wm/com.oring.LoginActivity@11439#0](this:0x72a4413800,id:19,api:0,p:-1,c:796) setDefaultBufferSize: width=720 height=1600
06-25 13:29:01.906   796  1305 I SurfaceFlinger: Create BufferLayer(0x72a441b000) com.oringnet.wm/com.oring.LoginActivity@11439#0 (720 x 1600)
06-25 13:29:01.914 11439 11463 I GPUD    : @gpudInitialize: successfully initialized with 1, dbg=0 mmdump_dbg=0
06-25 13:29:01.939 11439 11463 D Surface : Surface::connect(this=0x75e9200000,api=1)
06-25 13:29:01.940   796  2089 I BufferQueueProducer: [com.oringnet.wm/com.oring.LoginActivity@11439#0](this:0x72a4413800,id:19,api:1,p:11439,c:796) connect(P): api=1 producer=(11439:com.oringnet.wm) producerControlledByApp=false
06-25 13:29:01.942 11439 11463 D Surface : Surface::setBufferCount(this=0x75e9200000,bufferCount=3)
06-25 13:29:01.942 11439 11463 D Surface : Surface::allocateBuffers(this=0x75e9200000)
06-25 13:29:01.950 11439 11463 W Gralloc3: mapper 3.x is not supported
06-25 13:29:01.953 11439 11463 E ion     : ioctl c0044901 failed with code -1: Invalid argument
06-25 13:29:02.034   796  1305 I BufferQueueConsumer: [Toast@11439#0](this:0x72a4513000,id:20,api:0,p:-1,c:796) setConsumerName: Toast@11439#0
06-25 13:29:02.034   796  1305 I BufferQueueConsumer: [Toast@11439#0](this:0x72a4513000,id:20,api:0,p:-1,c:796) setDefaultBufferSize: width=285 height=70
06-25 13:29:02.034   796  1305 I SurfaceFlinger: Create BufferLayer(0x72a4427000) Toast@11439#0 (285 x 70)
06-25 13:29:02.039 11439 11463 D Surface : Surface::connect(this=0x75e92a4000,api=1)
06-25 13:29:02.039   796  1305 I BufferQueueProducer: [Toast@11439#0](this:0x72a4513000,id:20,api:1,p:11439,c:796) connect(P): api=1 producer=(11439:com.oringnet.wm) producerControlledByApp=false
06-25 13:29:02.040 11439 11463 D Surface : Surface::setBufferCount(this=0x75e92a4000,bufferCount=3)
06-25 13:29:02.041 11439 11463 D Surface : Surface::allocateBuffers(this=0x75e92a4000)
06-25 13:29:02.181   796   796 I MiniDump: 0x72a4427000 |     DEVICE |          0 | 0.067 |  217 1460  502 1530 |   0.0   0.0 285.0  70.0 | Toast@11439#0
06-25 13:29:02.191 11439 11439 I Timeline: Timeline: Activity_idle id: android.os.BinderProxy@70e1225 time:106793
06-25 13:29:02.213   796   796 I MiniDump: 0x72a441b000 |     DEVICE |          0 | 1.000 |    0    0  720 1600 |   0.0   0.0 720.0 1600.0 | com.oringnet.wm/com.oring.LoginActivity@11439#0
06-25 13:29:02.213   796   796 I MiniDump: 0x72a4427000 |     DEVICE |          0 | 0.190 |  217 1460  502 1530 |   0.0   0.0 285.0  70.0 | Toast@11439#0
06-25 13:29:02.255   796   796 I SurfaceFlinger: screenshot (com.oringnet.wm/com.oring.LoginActivity@11439#0)
06-25 13:29:02.347   796   796 I MiniDump: 0x72a441b000 |     DEVICE |          0 | 1.000 |    0    0  720 1600 |   0.0   0.0 720.0 1600.0 | com.oringnet.wm/com.oring.LoginActivity@11439#0
06-25 13:29:02.347   796   796 I MiniDump: 0x72a4427000 |     DEVICE |          0 | 0.601 |  217 1460  502 1530 |   0.0   0.0 285.0  70.0 | Toast@11439#0
06-25 13:29:02.515   796   796 I SurfaceFlinger: screenshot (com.oringnet.wm/com.oring.LoginActivity@11439#0)
06-25 13:29:02.681   796   796 I SurfaceFlinger: screenshot (com.oringnet.wm/com.oring.LoginActivity@11439#0)
06-25 13:29:02.739   796   796 I SurfaceFlinger: screenshot (com.oringnet.wm/com.oring.LoginActivity@11439#0)
06-25 13:29:02.739   796   796 I SurfaceFlinger: screenshot (Toast@11439#0)
06-25 13:29:02.797   796   796 I SurfaceFlinger: screenshot (com.oringnet.wm/com.oring.LoginActivity@11439#0)
06-25 13:29:02.914   796   796 I SurfaceFlinger: screenshot (com.oringnet.wm/com.oring.LoginActivity@11439#0)
06-25 13:29:03.030   796   796 I SurfaceFlinger: screenshot (com.oringnet.wm/com.oring.LoginActivity@11439#0)
06-25 13:29:03.130   796   796 I SurfaceFlinger: screenshot (com.oringnet.wm/com.oring.LoginActivity@11439#0)
06-25 13:29:03.247   796   796 I SurfaceFlinger: screenshot (com.oringnet.wm/com.oring.LoginActivity@11439#0)
06-25 13:29:03.316 11439 11439 I ViewRootImpl: ViewRoot's Touch Event : ACTION_DOWN
06-25 13:29:03.323 11439 11439 I ViewRootImpl: ViewRoot's Touch Event : ACTION_UP
06-25 13:29:03.329 11439 11439 I MODECHECK: 02
06-25 13:29:03.359  1405  2923 I ActivityTaskManager: The Process com.oringnet.wm Already Exists in BG. So sending its PID: 11439
06-25 13:29:03.371 11439 11439 W ActivityThread: handleWindowVisibility: no activity for token android.os.BinderProxy@c0666ba
06-25 13:29:03.380   796   796 I SurfaceFlinger: screenshot (com.oringnet.wm/com.oring.LoginActivity@11439#0)
06-25 13:29:03.390 11439 11439 D PhoneWindow: windowLightStatusBar : false, disable View.SYSTEM_UI_FLAG_LIGHT_STATUS_BAR
06-25 13:29:03.435 11439 11439 D BluetoothAdapter: startLeScan(): null
06-25 13:29:03.438 11439 11439 D BluetoothAdapter: isLeEnabled(): ON
06-25 13:29:03.452 11439 11456 D BluetoothLeScanner: onScannerRegistered() - status=0 scannerId=8 mScannerId=0
06-25 13:29:03.499   796   796 I SurfaceFlinger: screenshot (com.oringnet.wm/com.oring.LoginActivity@11439#0)
06-25 13:29:03.613   796   796 I SurfaceFlinger: screenshot (com.oringnet.wm/com.oring.LoginActivity@11439#0)
06-25 13:29:03.713   796   796 I SurfaceFlinger: screenshot (com.oringnet.wm/com.oring.LoginActivity@11439#0)
06-25 13:29:03.739 11439 11439 I TouchFilterInputStageHelper: [needTouchEventFilter] Displayid : 0
06-25 13:29:03.742 11439 11439 D BezellessGripSuppressionFilter: getdisplaysize, x : 720 y : 1600
06-25 13:29:03.768   796  2089 I BufferQueueConsumer: [com.oringnet.wm/com.oring.ble.BLEScanActivity@11439#0](this:0x72a440f000,id:21,api:0,p:-1,c:796) setConsumerName: com.oringnet.wm/com.oring.ble.BLEScanActivity@11439#0
06-25 13:29:03.768   796  2089 I BufferQueueConsumer: [com.oringnet.wm/com.oring.ble.BLEScanActivity@11439#0](this:0x72a440f000,id:21,api:0,p:-1,c:796) setDefaultBufferSize: width=720 height=1533
06-25 13:29:03.768   796  2089 I SurfaceFlinger: Create BufferLayer(0x72a44f5000) com.oringnet.wm/com.oring.ble.BLEScanActivity@11439#0 (720 x 1533)
06-25 13:29:03.779 11439 11463 D Surface : Surface::connect(this=0x75e935e000,api=1)
06-25 13:29:03.780   796  2089 I BufferQueueProducer: [com.oringnet.wm/com.oring.ble.BLEScanActivity@11439#0](this:0x72a440f000,id:21,api:1,p:11439,c:796) connect(P): api=1 producer=(11439:com.oringnet.wm) producerControlledByApp=false
06-25 13:29:03.782 11439 11463 D Surface : Surface::setBufferCount(this=0x75e935e000,bufferCount=3)
06-25 13:29:03.782 11439 11463 D Surface : Surface::allocateBuffers(this=0x75e935e000)
06-25 13:29:03.843   796   833 I BufferQueueProducer: [com.oringnet.wm/com.oring.LoginActivity@11439#0](this:0x72a4413800,id:19,api:1,p:11439,c:796) queueBuffer: fps=1.65 dur=1819.24 max=1664.41 min=25.71
06-25 13:29:03.905 11439 11463 D Surface : Surface::disconnect(this=0x75e92a4000,api=1)
06-25 13:29:03.905   796  2089 I BufferQueueProducer: [Toast@11439#0](this:0x72a4513000,id:20,api:1,p:11439,c:796) disconnect(P): api 1
06-25 13:29:03.909 11439 11692 I FastBle : device detected  ------  name: WM_  mac: 18:04:ED:6E:60:56  Rssi: -68  scanRecord: 02 01 06 11 06 9e ca dc 24 0e e5 a9 e0 93 f3 a3 b5 01 00 40 6e 06 ff 0d 00 c0 ff ee 15 09 57 4d 5f 69 6f 74 5f 74 65 73 74 30 39 00 00 00 00 00 00 00 05 12 50 00 20 03 02 0a 00 00 00 00
06-25 13:29:03.914   796   796 I MiniDump: 0x72a441b000 |     DEVICE |          0 | 0.994 |    0    0  720 1600 |   0.0   0.0 720.0 1600.0 | com.oringnet.wm/com.oring.LoginActivity@11439#0
06-25 13:29:03.914   796   796 I MiniDump: 0x72a44f5000 |     DEVICE |          0 | 0.232 |    0  384  720 1600 |   0.0   0.0 720.0 1216.0 | com.oringnet.wm/com.oring.ble.BLEScanActivity@11439#0
06-25 13:29:03.914   796   796 I MiniDump: 0x72a4427000 |     DEVICE |          0 | 0.990 |  217 1460  502 1530 |   0.0   0.0 285.0  70.0 | Toast@11439#0
06-25 13:29:04.002   796   796 I SurfaceFlinger: screenshot (com.oringnet.wm/com.oring.LoginActivity@11439#0)
06-25 13:29:04.003   796   796 I SurfaceFlinger: screenshot (com.oringnet.wm/com.oring.ble.BLEScanActivity@11439#0)
06-25 13:29:04.031 11439 11439 I Timeline: Timeline: Activity_idle id: android.os.BinderProxy@c0666ba time:108633
06-25 13:29:04.084   796   796 I SurfaceFlinger: screenshot (com.oringnet.wm/com.oring.LoginActivity@11439#0)
06-25 13:29:04.084   796   796 I SurfaceFlinger: screenshot (com.oringnet.wm/com.oring.ble.BLEScanActivity@11439#0)
06-25 13:29:04.084   796   796 I SurfaceFlinger: screenshot (Toast@11439#0)
06-25 13:29:04.165   796   796 I MiniDump: 0x72a44f5000 |     DEVICE |          0 | 1.000 |    0   67  720 1600 |   0.0   0.0 720.0 1533.0 | com.oringnet.wm/com.oring.ble.BLEScanActivity@11439#0
06-25 13:29:04.165   796   796 I MiniDump: 0x72a4427000 |     DEVICE |          0 | 0.638 |  217 1460  502 1530 |   0.0   0.0 285.0  70.0 | Toast@11439#0
06-25 13:29:04.165 11439 11463 D Surface : Surface::disconnect(this=0x75e9200000,api=1)
06-25 13:29:04.166   796   833 I BufferQueueProducer: [com.oringnet.wm/com.oring.LoginActivity@11439#0](this:0x72a4413800,id:19,api:1,p:11439,c:796) disconnect(P): api 1
06-25 13:29:04.195   796   796 I SurfaceFlinger: Remove BufferLayer(0x72a441b000) com.oringnet.wm/com.oring.LoginActivity@11439#0 (-1 x -1)
06-25 13:29:04.211   796   796 I SurfaceFlinger: Remove BufferLayer(0x72a441b000) com.oringnet.wm/com.oring.LoginActivity@11439#0 (-1 x -1)
06-25 13:29:04.212   796   796 I BufferQueue: [com.oringnet.wm/com.oring.LoginActivity@11439#0](this:0x72a4413800,id:19,api:1,p:-1,c:-1) ~BufferQueueCore
06-25 13:29:04.231   796   796 I MiniDump: 0x72a44f5000 |     DEVICE |          0 | 1.000 |    0   67  720 1600 |   0.0   0.0 720.0 1533.0 | com.oringnet.wm/com.oring.ble.BLEScanActivity@11439#0
06-25 13:29:04.231   796   796 I MiniDump: 0x72a4427000 |     DEVICE |          0 | 0.461 |  217 1460  502 1530 |   0.0   0.0 285.0  70.0 | Toast@11439#0
06-25 13:29:04.250   796   796 I SurfaceFlinger: screenshot (com.oringnet.wm/com.oring.ble.BLEScanActivity@11439#0)
06-25 13:29:04.364   796   796 I MiniDump: 0x72a44f5000 |     DEVICE |          0 | 1.000 |    0   67  720 1600 |   0.0   0.0 720.0 1533.0 | com.oringnet.wm/com.oring.ble.BLEScanActivity@11439#0
06-25 13:29:04.378   796   796 I SurfaceFlinger: Remove BufferLayer(0x72a4427000) Toast@11439#0 (-1 x -1)
06-25 13:29:04.379   796   796 I BufferQueue: [Toast@11439#0](this:0x72a4513000,id:20,api:1,p:-1,c:-1) ~BufferQueueCore
06-25 13:29:04.414   796   796 I SurfaceFlinger: screenshot (com.oringnet.wm/com.oring.ble.BLEScanActivity@11439#0)
06-25 13:29:04.531   796   796 I SurfaceFlinger: screenshot (com.oringnet.wm/com.oring.ble.BLEScanActivity@11439#0)
06-25 13:29:04.631   796   796 I SurfaceFlinger: screenshot (com.oringnet.wm/com.oring.ble.BLEScanActivity@11439#0)
06-25 13:29:04.747   796   796 I SurfaceFlinger: screenshot (com.oringnet.wm/com.oring.ble.BLEScanActivity@11439#0)
06-25 13:29:04.847   796   796 I SurfaceFlinger: screenshot (com.oringnet.wm/com.oring.ble.BLEScanActivity@11439#0)
06-25 13:29:04.964   796   796 I SurfaceFlinger: screenshot (com.oringnet.wm/com.oring.ble.BLEScanActivity@11439#0)
06-25 13:29:05.064   796   796 I SurfaceFlinger: screenshot (com.oringnet.wm/com.oring.ble.BLEScanActivity@11439#0)
06-25 13:29:05.181   796   796 I SurfaceFlinger: screenshot (com.oringnet.wm/com.oring.ble.BLEScanActivity@11439#0)
06-25 13:29:05.297   796   796 I SurfaceFlinger: screenshot (com.oringnet.wm/com.oring.ble.BLEScanActivity@11439#0)
06-25 13:29:05.398   796   796 I SurfaceFlinger: screenshot (com.oringnet.wm/com.oring.ble.BLEScanActivity@11439#0)
06-25 13:29:05.514   796   796 I SurfaceFlinger: screenshot (com.oringnet.wm/com.oring.ble.BLEScanActivity@11439#0)
06-25 13:29:05.614   796   796 I SurfaceFlinger: screenshot (com.oringnet.wm/com.oring.ble.BLEScanActivity@11439#0)
06-25 13:29:05.731   796   796 I SurfaceFlinger: screenshot (com.oringnet.wm/com.oring.ble.BLEScanActivity@11439#0)
06-25 13:29:05.831   796   796 I SurfaceFlinger: screenshot (com.oringnet.wm/com.oring.ble.BLEScanActivity@11439#0)
06-25 13:29:05.931   796   796 I SurfaceFlinger: screenshot (com.oringnet.wm/com.oring.ble.BLEScanActivity@11439#0)
06-25 13:29:08.197 11439 11439 I ViewRootImpl: ViewRoot's Touch Event : ACTION_DOWN
06-25 13:29:08.198   796   796 I SurfaceFlinger: screenshot (com.oringnet.wm/com.oring.ble.BLEScanActivity@11439#0)
06-25 13:29:08.202 11439 11439 I ViewRootImpl: ViewRoot's Touch Event : ACTION_UP
06-25 13:29:08.209 11439 11439 D PhoneWindow: windowLightStatusBar : false, disable View.SYSTEM_UI_FLAG_LIGHT_STATUS_BAR
06-25 13:29:08.223 11439 11439 I TouchFilterInputStageHelper: [needTouchEventFilter] Displayid : 0
06-25 13:29:08.225 11439 11439 D BezellessGripSuppressionFilter: getdisplaysize, x : 720 y : 1600
06-25 13:29:08.231 11439 11439 I FastBle : connect device: WM_
06-25 13:29:08.231 11439 11439 I FastBle : mac: 18:04:ED:6E:60:56
06-25 13:29:08.231 11439 11439 I FastBle : autoConnect: false
06-25 13:29:08.231 11439 11439 I FastBle : currentThread: 2
06-25 13:29:08.231 11439 11439 I FastBle : connectCount:1
06-25 13:29:08.232 11439 11439 D BluetoothGatt: connect() - device: 18:04:ED:6E:60:56, auto: false
06-25 13:29:08.232 11439 11439 D BluetoothGatt: registerApp()
06-25 13:29:08.233 11439 11439 D BluetoothGatt: registerApp() - UUID=1b714ddc-25f1-4e20-aaf3-045efcbc2657
06-25 13:29:08.238 11439 11459 D BluetoothGatt: onClientRegistered() - status=0 clientIf=9
06-25 13:29:08.251   796   832 I BufferQueueConsumer: [com.oringnet.wm/com.oring.ble.BLEScanActivity@11439#1](this:0x72a451a800,id:22,api:0,p:-1,c:796) setConsumerName: com.oringnet.wm/com.oring.ble.BLEScanActivity@11439#1
06-25 13:29:08.252   796   832 I BufferQueueConsumer: [com.oringnet.wm/com.oring.ble.BLEScanActivity@11439#1](this:0x72a451a800,id:22,api:0,p:-1,c:796) setDefaultBufferSize: width=126 height=126
06-25 13:29:08.252   796   832 I SurfaceFlinger: Create BufferLayer(0x7295df7000) com.oringnet.wm/com.oring.ble.BLEScanActivity@11439#1 (126 x 126)
06-25 13:29:08.256 11439 11463 D Surface : Surface::connect(this=0x75e9342000,api=1)
06-25 13:29:08.257   796   832 I BufferQueueProducer: [com.oringnet.wm/com.oring.ble.BLEScanActivity@11439#1](this:0x72a451a800,id:22,api:1,p:11439,c:796) connect(P): api=1 producer=(11439:com.oringnet.wm) producerControlledByApp=false
06-25 13:29:08.258 11439 11463 D Surface : Surface::setBufferCount(this=0x75e9342000,bufferCount=3)
06-25 13:29:08.259 11439 11463 D Surface : Surface::allocateBuffers(this=0x75e9342000)
06-25 13:29:08.314   796   796 I MiniDump: 0x72a44f5000 |     DEVICE |          0 | 1.000 |    0   67  720 1600 |   0.0   0.0 720.0 1533.0 | com.oringnet.wm/com.oring.ble.BLEScanActivity@11439#0
06-25 13:29:08.314   796   796 I MiniDump: 0x7295df7000 |     DEVICE |          0 | 0.287 |  301  760  419  878 |   0.0   0.0 126.0 126.0 | com.oringnet.wm/com.oring.ble.BLEScanActivity@11439#1
06-25 13:29:08.331   796   796 I MiniDump: 0x72a44f5000 |     DEVICE |          0 | 1.000 |    0   67  720 1600 |   0.0   0.0 720.0 1533.0 | com.oringnet.wm/com.oring.ble.BLEScanActivity@11439#0
06-25 13:29:08.331   796   796 I MiniDump: 0x7295df7000 |     DEVICE |          0 | 0.525 |  300  759  420  879 |   0.0   0.0 126.0 126.0 | com.oringnet.wm/com.oring.ble.BLEScanActivity@11439#1
06-25 13:29:08.452   796   796 I SurfaceFlinger: screenshot (com.oringnet.wm/com.oring.ble.BLEScanActivity@11439#0)
06-25 13:29:08.571 11439 11459 D BluetoothGatt: onClientConnectionState() - status=0 clientIf=9 device=18:04:ED:6E:60:56
06-25 13:29:08.572 11439 11459 I FastBle : BluetoothGattCallback：onConnectionStateChange 
06-25 13:29:08.572 11439 11459 I FastBle : status: 0
06-25 13:29:08.572 11439 11459 I FastBle : newState: 2
06-25 13:29:08.572 11439 11459 I FastBle : currentThread: 723
06-25 13:29:08.722 11439 11439 D BluetoothAdapter: stopLeScan()
06-25 13:29:08.725 11439 11439 D BluetoothAdapter: isLeEnabled(): ON
06-25 13:29:08.762   796   832 I BufferQueueProducer: [com.oringnet.wm/com.oring.ble.BLEScanActivity@11439#0](this:0x72a440f000,id:21,api:1,p:11439,c:796) queueBuffer: fps=0.61 dur=4925.38 max=4800.91 min=37.51
06-25 13:29:08.782   796   796 I SurfaceFlinger: screenshot (com.oringnet.wm/com.oring.ble.BLEScanActivity@11439#0)
06-25 13:29:08.948   796   796 I SurfaceFlinger: screenshot (com.oringnet.wm/com.oring.ble.BLEScanActivity@11439#0)
06-25 13:29:09.001 11439 11459 D BluetoothGatt: onConnectionUpdated() - Device=18:04:ED:6E:60:56 interval=6 latency=0 timeout=500 status=0
06-25 13:29:09.065   796   796 I SurfaceFlinger: screenshot (com.oringnet.wm/com.oring.ble.BLEScanActivity@11439#0)
06-25 13:29:09.073 11439 11439 D BluetoothGatt: discoverServices() - device: 18:04:ED:6E:60:56
06-25 13:29:09.181 11439 11459 D BluetoothGatt: onSearchComplete() = Device=18:04:ED:6E:60:56 Status=0
06-25 13:29:09.181 11439 11459 I FastBle : BluetoothGattCallback：onServicesDiscovered 
06-25 13:29:09.181 11439 11459 I FastBle : status: 0
06-25 13:29:09.181 11439 11459 I FastBle : currentThread: 723
06-25 13:29:09.189 11439 11463 D Surface : Surface::disconnect(this=0x75e9342000,api=1)
06-25 13:29:09.189   796  2155 I BufferQueueProducer: [com.oringnet.wm/com.oring.ble.BLEScanActivity@11439#1](this:0x72a451a800,id:22,api:1,p:11439,c:796) disconnect(P): api 1
06-25 13:29:09.227 11439 11439 D BluetoothAdapter: stopLeScan()
06-25 13:29:09.228 11439 11439 D BluetoothAdapter: scan not started yet
06-25 13:29:09.229  1405  1424 I ActivityTaskManager: The Process com.oringnet.wm Already Exists in BG. So sending its PID: 11439
06-25 13:29:09.240 11439 11439 W ActivityThread: handleWindowVisibility: no activity for token android.os.BinderProxy@82796b3
06-25 13:29:09.253 11439 11439 D PhoneWindow: windowLightStatusBar : false, disable View.SYSTEM_UI_FLAG_LIGHT_STATUS_BAR
06-25 13:29:09.289 11439 11459 D BluetoothGatt: onConnectionUpdated() - Device=18:04:ED:6E:60:56 interval=39 latency=0 timeout=500 status=0
06-25 13:29:09.298 11439 11439 D BluetoothGatt: setCharacteristicNotification() - uuid: 6e400003-b5a3-f393-e0a9-e50e24dcca9e enable: true
06-25 13:29:09.310 11439 11439 I TouchFilterInputStageHelper: [needTouchEventFilter] Displayid : 0
06-25 13:29:09.312 11439 11439 D BezellessGripSuppressionFilter: getdisplaysize, x : 720 y : 1600
06-25 13:29:09.338   796   832 I BufferQueueConsumer: [com.oringnet.wm/com.oring.ble.BLECreateActivity@11439#0](this:0x72a4410800,id:23,api:0,p:-1,c:796) setConsumerName: com.oringnet.wm/com.oring.ble.BLECreateActivity@11439#0
06-25 13:29:09.338   796   832 I BufferQueueConsumer: [com.oringnet.wm/com.oring.ble.BLECreateActivity@11439#0](this:0x72a4410800,id:23,api:0,p:-1,c:796) setDefaultBufferSize: width=720 height=1533
06-25 13:29:09.338   796   832 I SurfaceFlinger: Create BufferLayer(0x72a4427000) com.oringnet.wm/com.oring.ble.BLECreateActivity@11439#0 (720 x 1533)
06-25 13:29:09.344 11439 11463 D Surface : Surface::connect(this=0x7580d98000,api=1)
06-25 13:29:09.345   796  2155 I BufferQueueProducer: [com.oringnet.wm/com.oring.ble.BLECreateActivity@11439#0](this:0x72a4410800,id:23,api:1,p:11439,c:796) connect(P): api=1 producer=(11439:com.oringnet.wm) producerControlledByApp=false
06-25 13:29:09.347 11439 11463 D Surface : Surface::setBufferCount(this=0x7580d98000,bufferCount=3)
06-25 13:29:09.348 11439 11463 D Surface : Surface::allocateBuffers(this=0x7580d98000)
06-25 13:29:09.353   796   796 I SurfaceFlinger: screenshot (com.oringnet.wm/com.oring.ble.BLEScanActivity@11439#0)
06-25 13:29:09.365   796   796 I MiniDump: 0x72a44f5000 |     DEVICE |          0 | 1.000 |    0   67  720 1600 |   0.0   0.0 720.0 1533.0 | com.oringnet.wm/com.oring.ble.BLEScanActivity@11439#0
06-25 13:29:09.393 11439 11439 D PhoneWindow: windowLightStatusBar : false, disable View.SYSTEM_UI_FLAG_LIGHT_STATUS_BAR
06-25 13:29:09.406 11439 11439 I TouchFilterInputStageHelper: [needTouchEventFilter] Displayid : 0
06-25 13:29:09.408 11439 11439 D BezellessGripSuppressionFilter: getdisplaysize, x : 720 y : 1600
06-25 13:29:09.415   796   796 I MiniDump: 0x72a44f5000 |     DEVICE |          0 | 0.974 |    0   66  720 1599 |   0.0   0.0 720.0 1533.0 | com.oringnet.wm/com.oring.ble.BLEScanActivity@11439#0
06-25 13:29:09.415   796   796 I MiniDump: 0x72a4427000 |     DEVICE |          0 | 0.741 |    0  373  720 1600 |   0.0   0.0 720.0 1227.0 | com.oringnet.wm/com.oring.ble.BLECreateActivity@11439#0
06-25 13:29:09.424   796   832 I BufferQueueConsumer: [com.oringnet.wm/com.oring.ble.BLECreateActivity@11439#1](this:0x72a4513000,id:24,api:0,p:-1,c:796) setConsumerName: com.oringnet.wm/com.oring.ble.BLECreateActivity@11439#1
06-25 13:29:09.424   796   832 I BufferQueueConsumer: [com.oringnet.wm/com.oring.ble.BLECreateActivity@11439#1](this:0x72a4513000,id:24,api:0,p:-1,c:796) setDefaultBufferSize: width=126 height=126
06-25 13:29:09.425   796   832 I SurfaceFlinger: Create BufferLayer(0x72a44e0000) com.oringnet.wm/com.oring.ble.BLECreateActivity@11439#1 (126 x 126)
06-25 13:29:09.429 11439 11463 D Surface : Surface::connect(this=0x7580c9c000,api=1)
06-25 13:29:09.429   796  2089 I BufferQueueProducer: [com.oringnet.wm/com.oring.ble.BLECreateActivity@11439#1](this:0x72a4513000,id:24,api:1,p:11439,c:796) connect(P): api=1 producer=(11439:com.oringnet.wm) producerControlledByApp=false
06-25 13:29:09.430 11439 11463 D Surface : Surface::setBufferCount(this=0x7580c9c000,bufferCount=3)
06-25 13:29:09.431 11439 11463 D Surface : Surface::allocateBuffers(this=0x7580c9c000)
06-25 13:29:09.446   796   796 I SurfaceFlinger: Remove BufferLayer(0x7295df7000) com.oringnet.wm/com.oring.ble.BLEScanActivity@11439#1 (-1 x -1)
06-25 13:29:09.446   796   796 I BufferQueue: [com.oringnet.wm/com.oring.ble.BLEScanActivity@11439#1](this:0x72a451a800,id:22,api:1,p:-1,c:-1) ~BufferQueueCore
06-25 13:29:09.449   796   796 I MiniDump: 0x72a44f5000 |     DEVICE |          0 | 0.898 |    0   59  720 1592 |   0.0   0.0 720.0 1533.0 | com.oringnet.wm/com.oring.ble.BLEScanActivity@11439#0
06-25 13:29:09.449   796   796 I MiniDump: 0x72a4427000 |     DEVICE |          0 | 1.000 |    0  312  720 1600 |   0.0   0.0 720.0 1288.0 | com.oringnet.wm/com.oring.ble.BLECreateActivity@11439#0
06-25 13:29:09.468 11439 11439 I Timeline: Timeline: Activity_idle id: android.os.BinderProxy@82796b3 time:114071
06-25 13:29:09.486 11439 11439 I HEX:    : 
06-25 13:29:09.486 11439 11439 I DeviceName:: NULL
06-25 13:29:09.486 11439 11439 I DeviceName:: 
06-25 13:29:09.491 11439 11439 I CreateTest 0響應: 010308000000000000000095d7
06-25 13:29:09.491 11439 11439 I CreateTest 0請求: 01030200000445b1
06-25 13:29:09.498   796   796 I MiniDump: 0x72a44f5000 |     DEVICE |          0 | 0.718 |    0   45  720 1578 |   0.0   0.0 720.0 1533.0 | com.oringnet.wm/com.oring.ble.BLEScanActivity@11439#0
06-25 13:29:09.498   796   796 I MiniDump: 0x72a4427000 |     DEVICE |          0 | 1.000 |    0  168  720 1600 |   0.0   0.0 720.0 1432.0 | com.oringnet.wm/com.oring.ble.BLECreateActivity@11439#0
06-25 13:29:09.498   796   796 I MiniDump: 0x72a44e0000 |     DEVICE |          0 | 0.303 |  301  861  419  979 |   0.0   0.0 126.0 126.0 | com.oringnet.wm/com.oring.ble.BLECreateActivity@11439#1
06-25 13:29:09.504   796   796 I SurfaceFlinger: screenshot (com.oringnet.wm/com.oring.ble.BLEScanActivity@11439#0)
06-25 13:29:09.505   796   796 I SurfaceFlinger: screenshot (com.oringnet.wm/com.oring.ble.BLECreateActivity@11439#0)
06-25 13:29:09.582 11439 11439 I CreateTest 0請求: 0103021000044474
06-25 13:29:09.583 11439 11439 I HEX:    : 
06-25 13:29:09.590 11439 11439 I CreateTest 2響應: 010308000000000000000095d7
06-25 13:29:09.648 11439 11463 D Surface : Surface::disconnect(this=0x75e935e000,api=1)
06-25 13:29:09.649   796   833 I BufferQueueProducer: [com.oringnet.wm/com.oring.ble.BLEScanActivity@11439#0](this:0x72a440f000,id:21,api:1,p:11439,c:796) disconnect(P): api 1
06-25 13:29:09.651   796   796 I MiniDump: 0x72a4427000 |     DEVICE |          0 | 1.000 |    0   67  720 1600 |   0.0   0.0 720.0 1533.0 | com.oringnet.wm/com.oring.ble.BLECreateActivity@11439#0
06-25 13:29:09.651   796   796 I MiniDump: 0x72a44e0000 |     DEVICE |          0 | 1.000 |  297  756  423  882 |   0.0   0.0 126.0 126.0 | com.oringnet.wm/com.oring.ble.BLECreateActivity@11439#1
06-25 13:29:09.655   796   796 I SurfaceFlinger: screenshot (com.oringnet.wm/com.oring.ble.BLECreateActivity@11439#0)
06-25 13:29:09.680   796   796 I SurfaceFlinger: Remove BufferLayer(0x72a44f5000) com.oringnet.wm/com.oring.ble.BLEScanActivity@11439#0 (-1 x -1)
06-25 13:29:09.680   796   796 I BufferQueue: [com.oringnet.wm/com.oring.ble.BLEScanActivity@11439#0](this:0x72a440f000,id:21,api:1,p:-1,c:-1) ~BufferQueueCore
06-25 13:29:09.681 11439 11439 I CreateTest 2請求: 010402140004b075
06-25 13:29:09.688 11439 11439 I CreateTest 2響應: 0104086f695f74657474731ff4
06-25 13:29:09.766   796   796 I SurfaceFlinger: screenshot (com.oringnet.wm/com.oring.ble.BLECreateActivity@11439#0)
06-25 13:29:09.779 11439 11439 I HEX:    : 6f695f74657474733930
06-25 13:29:09.788 11439 11439 I CreateTest 3響應: 0104083930000000000000d770
06-25 13:29:09.789 11439 11439 I CreateTest 3請求: 0104021800047076
06-25 13:29:09.877 11439 11439 I CreateTest 3請求: 010402270004407a
06-25 13:29:09.879 11439 11439 I HEX:    : 
06-25 13:29:09.893 11439 11439 I CreateTest 4響應: 0104080000000000000000240d
06-25 13:29:09.915   796   796 I SurfaceFlinger: screenshot (com.oringnet.wm/com.oring.ble.BLECreateActivity@11439#0)
06-25 13:29:09.975 11439 11439 I HEX:    : 
06-25 13:29:09.975 11439 11439 I Password: : 
06-25 13:29:09.995 11439 11439 I CreateTest 5響應: 010308000000000000000095d7
06-25 13:29:09.996 11439 11439 I CreateTest 5請求: 010303E80004c479
06-25 13:29:10.012 11439 11439 I TouchFilterInputStageHelper: [needTouchEventFilter] Displayid : 0
06-25 13:29:10.017 11439 11439 D BezellessGripSuppressionFilter: getdisplaysize, x : 720 y : 1600
06-25 13:29:10.028   796  2089 I BufferQueueConsumer: [Toast@11439#0](this:0x72a440f000,id:25,api:0,p:-1,c:796) setConsumerName: Toast@11439#0
06-25 13:29:10.028   796  2089 I BufferQueueConsumer: [Toast@11439#0](this:0x72a440f000,id:25,api:0,p:-1,c:796) setDefaultBufferSize: width=171 height=70
06-25 13:29:10.028   796  2089 I SurfaceFlinger: Create BufferLayer(0x72a4568000) Toast@11439#0 (171 x 70)
06-25 13:29:10.034 11439 11463 D Surface : Surface::connect(this=0x75e935e000,api=1)
06-25 13:29:10.035   796  2089 I BufferQueueProducer: [Toast@11439#0](this:0x72a440f000,id:25,api:1,p:11439,c:796) connect(P): api=1 producer=(11439:com.oringnet.wm) producerControlledByApp=false
06-25 13:29:10.036 11439 11463 D Surface : Surface::setBufferCount(this=0x75e935e000,bufferCount=3)
06-25 13:29:10.037 11439 11463 D Surface : Surface::allocateBuffers(this=0x75e935e000)
06-25 13:29:10.070 11439 11439 I CloudConfig: : 0
06-25 13:29:10.075 11439 11439 I CreateTest 6響應: 0103020000b844
06-25 13:29:10.075 11439 11439 I CreateTest 6請求: 010303F8000105bf
06-25 13:29:10.099   796   796 I MiniDump: 0x72a4427000 |     DEVICE |          0 | 1.000 |    0   67  720 1600 |   0.0   0.0 720.0 1533.0 | com.oringnet.wm/com.oring.ble.BLECreateActivity@11439#0
06-25 13:29:10.099   796   796 I MiniDump: 0x72a44e0000 |     DEVICE |          0 | 1.000 |  297  756  423  882 |   0.0   0.0 126.0 126.0 | com.oringnet.wm/com.oring.ble.BLECreateActivity@11439#1
06-25 13:29:10.099   796   796 I MiniDump: 0x72a4568000 |     DEVICE |          0 | 0.063 |  274 1460  445 1530 |   0.0   0.0 171.0  70.0 | Toast@11439#0
06-25 13:29:10.168 11439 11439 I fc_Status:: 00false
06-25 13:29:10.170   796   796 I SurfaceFlinger: screenshot (com.oringnet.wm/com.oring.ble.BLECreateActivity@11439#0)
06-25 13:29:10.171 11439 11463 D Surface : Surface::disconnect(this=0x7580c9c000,api=1)
06-25 13:29:10.172   796   833 I BufferQueueProducer: [com.oringnet.wm/com.oring.ble.BLECreateActivity@11439#1](this:0x72a4513000,id:24,api:1,p:11439,c:796) disconnect(P): api 1
06-25 13:29:10.189 11439 11439 I CreateTest -1響應: 010101005188
06-25 13:29:10.189 11439 11439 I CreateTest -1請求: 010104000001fcfa
06-25 13:29:10.274   796   796 I SurfaceFlinger: screenshot (com.oringnet.wm/com.oring.ble.BLECreateActivity@11439#0)
06-25 13:29:10.350   796   796 I MiniDump: 0x72a4427000 |     DEVICE |          0 | 1.000 |    0   67  720 1600 |   0.0   0.0 720.0 1533.0 | com.oringnet.wm/com.oring.ble.BLECreateActivity@11439#0
06-25 13:29:10.350   796   796 I MiniDump: 0x72a4568000 |     DEVICE |          0 | 0.781 |  274 1460  445 1530 |   0.0   0.0 171.0  70.0 | Toast@11439#0
06-25 13:29:10.406   796   796 I SurfaceFlinger: screenshot (com.oringnet.wm/com.oring.ble.BLECreateActivity@11439#0)
06-25 13:29:10.430   796   796 I SurfaceFlinger: Remove BufferLayer(0x72a44e0000) com.oringnet.wm/com.oring.ble.BLECreateActivity@11439#1 (-1 x -1)
06-25 13:29:10.431   796   796 I BufferQueue: [com.oringnet.wm/com.oring.ble.BLECreateActivity@11439#1](this:0x72a4513000,id:24,api:1,p:-1,c:-1) ~BufferQueueCore
06-25 13:29:10.434   796   796 I MiniDump: 0x72a4427000 |     DEVICE |          0 | 1.000 |    0   67  720 1600 |   0.0   0.0 720.0 1533.0 | com.oringnet.wm/com.oring.ble.BLECreateActivity@11439#0
06-25 13:29:10.434   796   796 I MiniDump: 0x72a4568000 |     DEVICE |          0 | 0.910 |  274 1460  445 1530 |   0.0   0.0 171.0  70.0 | Toast@11439#0
06-25 13:29:10.522   796   796 I SurfaceFlinger: screenshot (com.oringnet.wm/com.oring.ble.BLECreateActivity@11439#0)
06-25 13:29:10.580   796   796 I SurfaceFlinger: Remove BufferLayer(0x72a4568000) Toast@11439#0 (-1 x -1)
06-25 13:29:10.783   796   796 I SurfaceFlinger: screenshot (com.oringnet.wm/com.oring.ble.BLECreateActivity@11439#0)
06-25 13:29:10.899   796   796 I SurfaceFlinger: screenshot (com.oringnet.wm/com.oring.ble.BLECreateActivity@11439#0)
06-25 13:29:11.015   796   796 I SurfaceFlinger: screenshot (com.oringnet.wm/com.oring.ble.BLECreateActivity@11439#0)
06-25 13:29:11.071   796   796 I SurfaceFlinger: screenshot (com.oringnet.wm/com.oring.ble.BLECreateActivity@11439#0)
06-25 13:29:11.072   796   796 I SurfaceFlinger: screenshot (Toast@11439#0)
06-25 13:29:11.115   796   796 I SurfaceFlinger: screenshot (com.oringnet.wm/com.oring.ble.BLECreateActivity@11439#0)
06-25 13:29:11.232   796   796 I SurfaceFlinger: screenshot (com.oringnet.wm/com.oring.ble.BLECreateActivity@11439#0)
06-25 13:29:11.332   796   796 I SurfaceFlinger: screenshot (com.oringnet.wm/com.oring.ble.BLECreateActivity@11439#0)
06-25 13:29:11.402   796  2155 I BufferQueueProducer: [com.oringnet.wm/com.oring.ble.BLECreateActivity@11439#0](this:0x72a4410800,id:23,api:1,p:11439,c:796) queueBuffer: fps=1.47 dur=2040.70 max=1139.94 min=55.28
06-25 13:29:11.932   796   796 I SurfaceFlinger: screenshot (com.oringnet.wm/com.oring.ble.BLECreateActivity@11439#0)
06-25 13:29:12.520   796  2155 I BufferQueueProducer: [com.oringnet.wm/com.oring.ble.BLECreateActivity@11439#0](this:0x72a4410800,id:23,api:1,p:11439,c:796) queueBuffer: fps=1.79 dur=1118.85 max=600.47 min=518.38
06-25 13:29:13.385   796   796 I SurfaceFlinger: screenshot (com.oringnet.wm/com.oring.ble.BLECreateActivity@11439#0)
06-25 13:29:13.385   796   796 I SurfaceFlinger: screenshot (Toast@11439#0)
06-25 13:29:13.493 11439 11463 D Surface : Surface::disconnect(this=0x75e935e000,api=1)
06-25 13:29:13.494   796  2089 I BufferQueueProducer: [Toast@11439#0](this:0x72a440f000,id:25,api:1,p:11439,c:796) disconnect(P): api 1
06-25 13:29:13.573   796   796 I SurfaceFlinger: screenshot (com.oringnet.wm/com.oring.ble.BLECreateActivity@11439#0)
06-25 13:29:13.756   796   796 I SurfaceFlinger: screenshot (com.oringnet.wm/com.oring.ble.BLECreateActivity@11439#0)
06-25 13:29:14.017   796   796 I MiniDump: 0x72a4427000 |     DEVICE |          0 | 1.000 |    0   67  720 1600 |   0.0   0.0 720.0 1533.0 | com.oringnet.wm/com.oring.ble.BLECreateActivity@11439#0
06-25 13:29:14.018 11439 11439 I ViewRootImpl: ViewRoot's Touch Event : ACTION_DOWN
06-25 13:29:14.021   796   796 I SurfaceFlinger: screenshot (com.oringnet.wm/com.oring.ble.BLECreateActivity@11439#0)
06-25 13:29:14.025 11439 11439 I ViewRootImpl: ViewRoot's Touch Event : ACTION_UP
06-25 13:29:14.031   796   796 I SurfaceFlinger: Remove BufferLayer(0x72a4568000) Toast@11439#0 (-1 x -1)
06-25 13:29:14.031   796   796 I BufferQueue: [Toast@11439#0](this:0x72a440f000,id:25,api:1,p:-1,c:-1) ~BufferQueueCore
06-25 13:29:14.035 11439 11439 D PhoneWindow: windowLightStatusBar : false, disable View.SYSTEM_UI_FLAG_LIGHT_STATUS_BAR
06-25 13:29:14.055 11439 11439 I TouchFilterInputStageHelper: [needTouchEventFilter] Displayid : 0
06-25 13:29:14.058 11439 11439 D BezellessGripSuppressionFilter: getdisplaysize, x : 720 y : 1600
06-25 13:29:14.075   796   833 I BufferQueueConsumer: [com.oringnet.wm/com.oring.ble.BLECreateActivity@11439#1](this:0x729790f800,id:26,api:0,p:-1,c:796) setConsumerName: com.oringnet.wm/com.oring.ble.BLECreateActivity@11439#1
06-25 13:29:14.075   796   833 I BufferQueueConsumer: [com.oringnet.wm/com.oring.ble.BLECreateActivity@11439#1](this:0x729790f800,id:26,api:0,p:-1,c:796) setDefaultBufferSize: width=126 height=126
06-25 13:29:14.075   796   833 I SurfaceFlinger: Create BufferLayer(0x72978ef000) com.oringnet.wm/com.oring.ble.BLECreateActivity@11439#1 (126 x 126)
06-25 13:29:14.080 11439 11463 D Surface : Surface::connect(this=0x7580d2f000,api=1)
06-25 13:29:14.081   796   833 I BufferQueueProducer: [com.oringnet.wm/com.oring.ble.BLECreateActivity@11439#1](this:0x729790f800,id:26,api:1,p:11439,c:796) connect(P): api=1 producer=(11439:com.oringnet.wm) producerControlledByApp=false
06-25 13:29:14.082 11439 11463 D Surface : Surface::setBufferCount(this=0x7580d2f000,bufferCount=3)
06-25 13:29:14.082 11439 11463 D Surface : Surface::allocateBuffers(this=0x7580d2f000)
06-25 13:29:14.133   796   796 I SurfaceFlinger: screenshot (com.oringnet.wm/com.oring.ble.BLECreateActivity@11439#0)
06-25 13:29:14.136 11439 11439 I CreateTest 8響應: 011003e8000441ba
06-25 13:29:14.136 11439 11439 I CreateTest 8請求: 011003E800040832313433363500006d60
06-25 13:29:14.149   796   796 I MiniDump: 0x72a4427000 |     DEVICE |          0 | 1.000 |    0   67  720 1600 |   0.0   0.0 720.0 1533.0 | com.oringnet.wm/com.oring.ble.BLECreateActivity@11439#0
06-25 13:29:14.149   796   796 I MiniDump: 0x72978ef000 |     DEVICE |          0 | 0.303 |  301  760  419  878 |   0.0   0.0 126.0 126.0 | com.oringnet.wm/com.oring.ble.BLECreateActivity@11439#1
06-25 13:29:14.224 11439 11439 I CreateTest 8響應: 011003ec0004007b
06-25 13:29:14.224 11439 11439 I CreateTest 8請求: 011003EC00040800000000000000002157
06-25 13:29:14.256   796   796 I SurfaceFlinger: screenshot (com.oringnet.wm/com.oring.ble.BLECreateActivity@11439#0)
06-25 13:29:14.313 11439 11439 I CreateTest 8請求: 011003F00004080000000000000000f0b8
06-25 13:29:14.327 11439 11439 I CreateTest 8響應: 011003f00004c1bd
06-25 13:29:14.356   796   796 I SurfaceFlinger: screenshot (com.oringnet.wm/com.oring.ble.BLECreateActivity@11439#0)
06-25 13:29:14.415 11439 11463 D Surface : Surface::disconnect(this=0x7580d2f000,api=1)
06-25 13:29:14.416   796  2089 I BufferQueueProducer: [com.oringnet.wm/com.oring.ble.BLECreateActivity@11439#1](this:0x729790f800,id:26,api:1,p:11439,c:796) disconnect(P): api 1
06-25 13:29:14.443 11439 11439 I CreateTest 8響應: 011003f40004807c
06-25 13:29:14.444 11439 11439 I CreateTest 8請求: 011003F400040800000000000000000177
06-25 13:29:14.463   796   833 I BufferQueueProducer: [com.oringnet.wm/com.oring.ble.BLECreateActivity@11439#0](this:0x72a4410800,id:23,api:1,p:11439,c:796) queueBuffer: fps=1.03 dur=1942.57 max=1421.91 min=520.66
06-25 13:29:14.476   796   796 I SurfaceFlinger: screenshot (com.oringnet.wm/com.oring.ble.BLECreateActivity@11439#0)
06-25 13:29:14.579   796   796 I SurfaceFlinger: screenshot (com.oringnet.wm/com.oring.ble.BLECreateActivity@11439#0)
06-25 13:29:14.605   796   796 I MiniDump: 0x72a4427000 |     DEVICE |          0 | 1.000 |    0   67  720 1600 |   0.0   0.0 720.0 1533.0 | com.oringnet.wm/com.oring.ble.BLECreateActivity@11439#0
06-25 13:29:14.681   796   796 I SurfaceFlinger: Remove BufferLayer(0x72978ef000) com.oringnet.wm/com.oring.ble.BLECreateActivity@11439#1 (-1 x -1)
06-25 13:29:14.690   796   796 I SurfaceFlinger: screenshot (com.oringnet.wm/com.oring.ble.BLECreateActivity@11439#0)
06-25 13:29:14.697   796   796 I SurfaceFlinger: Remove BufferLayer(0x72978ef000) com.oringnet.wm/com.oring.ble.BLECreateActivity@11439#1 (-1 x -1)
06-25 13:29:14.698   796   796 I BufferQueue: [com.oringnet.wm/com.oring.ble.BLECreateActivity@11439#1](this:0x729790f800,id:26,api:1,p:-1,c:-1) ~BufferQueueCore
06-25 13:29:14.702   796   796 I MiniDump: 0x72a4427000 |     DEVICE |          0 | 1.000 |    0   67  720 1600 |   0.0   0.0 720.0 1533.0 | com.oringnet.wm/com.oring.ble.BLECreateActivity@11439#0
06-25 13:29:15.457   796   796 I SurfaceFlinger: screenshot (com.oringnet.wm/com.oring.ble.BLECreateActivity@11439#0)
06-25 13:29:15.806   796   833 I BufferQueueProducer: [com.oringnet.wm/com.oring.ble.BLECreateActivity@11439#0](this:0x72a4410800,id:23,api:1,p:11439,c:796) queueBuffer: fps=0.74 dur=1343.33 max=1343.33 min=1343.33
06-25 13:29:15.834   796   796 I SurfaceFlinger: screenshot (com.oringnet.wm/com.oring.ble.BLECreateActivity@11439#0)
06-25 13:29:16.049   796   796 I SurfaceFlinger: screenshot (com.oringnet.wm/com.oring.ble.BLECreateActivity@11439#0)
06-25 13:29:17.419   796   796 I SurfaceFlinger: screenshot (com.oringnet.wm/com.oring.ble.BLECreateActivity@11439#0)
06-25 13:29:17.833 11439 11439 I ViewRootImpl: ViewRoot's Touch Event : ACTION_DOWN
06-25 13:29:17.839 11439 11439 I ViewRootImpl: ViewRoot's Touch Event : ACTION_UP
06-25 13:29:17.841 11439 11439 I CheckPW:: 123456
06-25 13:29:17.841 11439 11439 I blePassword:: 123456
06-25 13:29:17.868   796   796 I SurfaceFlinger: screenshot (com.oringnet.wm/com.oring.ble.BLECreateActivity@11439#0)
06-25 13:29:17.884  1405  2477 I ActivityTaskManager: The Process com.oringnet.wm Already Exists in BG. So sending its PID: 11439
06-25 13:29:17.895 11439 11439 W ActivityThread: handleWindowVisibility: no activity for token android.os.BinderProxy@663c4c0
06-25 13:29:17.925 11439 11439 D PhoneWindow: windowLightStatusBar : false, disable View.SYSTEM_UI_FLAG_LIGHT_STATUS_BAR
06-25 13:29:18.045 11439 11439 I YYTT    : 4
06-25 13:29:18.127 11439 11439 I EEWW:   : 
06-25 13:29:18.139 11439 11439 D BluetoothGatt: setCharacteristicNotification() - uuid: 6e400003-b5a3-f393-e0a9-e50e24dcca9e enable: true
06-25 13:29:18.152 11439 11439 I TouchFilterInputStageHelper: [needTouchEventFilter] Displayid : 0
06-25 13:29:18.154 11439 11439 D BezellessGripSuppressionFilter: getdisplaysize, x : 720 y : 1600
06-25 13:29:18.184   796   796 I SurfaceFlinger: screenshot (com.oringnet.wm/com.oring.ble.BLECreateActivity@11439#0)
06-25 13:29:18.192   796  2089 I BufferQueueConsumer: [com.oringnet.wm/com.oring.SlideActivity@11439#0](this:0x72a451a800,id:27,api:0,p:-1,c:796) setConsumerName: com.oringnet.wm/com.oring.SlideActivity@11439#0
06-25 13:29:18.192   796  2089 I BufferQueueConsumer: [com.oringnet.wm/com.oring.SlideActivity@11439#0](this:0x72a451a800,id:27,api:0,p:-1,c:796) setDefaultBufferSize: width=720 height=1600
06-25 13:29:18.192   796  2089 I SurfaceFlinger: Create BufferLayer(0x72a44b0000) com.oringnet.wm/com.oring.SlideActivity@11439#0 (720 x 1600)
06-25 13:29:18.198 11439 11463 D Surface : Surface::connect(this=0x7580ee3000,api=1)
06-25 13:29:18.198   796   833 I BufferQueueProducer: [com.oringnet.wm/com.oring.SlideActivity@11439#0](this:0x72a451a800,id:27,api:1,p:11439,c:796) connect(P): api=1 producer=(11439:com.oringnet.wm) producerControlledByApp=false
06-25 13:29:18.200 11439 11463 D Surface : Surface::setBufferCount(this=0x7580ee3000,bufferCount=3)
06-25 13:29:18.200 11439 11463 D Surface : Surface::allocateBuffers(this=0x7580ee3000)
06-25 13:29:18.367   796   796 I SurfaceFlinger: screenshot (com.oringnet.wm/com.oring.ble.BLECreateActivity@11439#0)
06-25 13:29:18.400   796   796 I MiniDump: 0x72a4427000 |     DEVICE |          0 | 0.994 |    0   67  720 1600 |   0.0   0.0 720.0 1533.0 | com.oringnet.wm/com.oring.ble.BLECreateActivity@11439#0
06-25 13:29:18.400   796   796 I MiniDump: 0x72a44b0000 |     DEVICE |          0 | 0.232 |    0  317  720 1600 |   0.0   0.0 720.0 1283.0 | com.oringnet.wm/com.oring.SlideActivity@11439#0
06-25 13:29:18.417   796   796 I MiniDump: 0x72a4427000 |     DEVICE |          0 | 0.974 |    0   66  720 1599 |   0.0   0.0 720.0 1533.0 | com.oringnet.wm/com.oring.ble.BLECreateActivity@11439#0
06-25 13:29:18.417   796   796 I MiniDump: 0x72a44b0000 |     DEVICE |          0 | 0.741 |    0  306  720 1600 |   0.0   0.0 720.0 1294.0 | com.oringnet.wm/com.oring.SlideActivity@11439#0
06-25 13:29:18.439 11439 11439 I Timeline: Timeline: Activity_idle id: android.os.BinderProxy@663c4c0 time:123042
06-25 13:29:18.458 11439 11439 W UiThreadStatement: Already on the UI thread, this method should not be called from the main application thread
06-25 13:29:18.458 11439 11439 I Dashboard: [Req]<Read DI Status> 01020000000479c9
06-25 13:29:18.458 11439 11439 I Dashboard: [Rsp]<Read DI Status> 01020100a188
06-25 13:29:18.473   796   796 I SurfaceFlinger: screenshot (com.oringnet.wm/com.oring.ble.BLECreateActivity@11439#0)
06-25 13:29:18.473   796   796 I SurfaceFlinger: screenshot (com.oringnet.wm/com.oring.SlideActivity@11439#0)
06-25 13:29:18.551   796   796 I MiniDump: 0x72a44b0000 |     DEVICE |          0 | 1.000 |    0   34  720 1600 |   0.0   0.0 720.0 1566.0 | com.oringnet.wm/com.oring.SlideActivity@11439#0
06-25 13:29:18.553 11439 11439 W UiThreadStatement: Already on the UI thread, this method should not be called from the main application thread
06-25 13:29:18.554 11439 11439 I Dashboard: [Req]<Read DO Status> 0101000000043dc9
06-25 13:29:18.554 11439 11439 I Dashboard: [Rsp]<Read DO Status> 010101005188
06-25 13:29:18.652   796   796 I MiniDump: 0x72a44b0000 |     DEVICE |          0 | 1.000 |    0    0  720 1600 |   0.0   0.0 720.0 1600.0 | com.oringnet.wm/com.oring.SlideActivity@11439#0
06-25 13:29:18.652 11439 11463 D Surface : Surface::disconnect(this=0x7580d98000,api=1)
06-25 13:29:18.654   796  2089 I BufferQueueProducer: [com.oringnet.wm/com.oring.ble.BLECreateActivity@11439#0](this:0x72a4410800,id:23,api:1,p:11439,c:796) disconnect(P): api 1
06-25 13:29:18.682   796   796 I SurfaceFlinger: Remove BufferLayer(0x72a4427000) com.oringnet.wm/com.oring.ble.BLECreateActivity@11439#0 (-1 x -1)
06-25 13:29:18.682   796   796 I BufferQueue: [com.oringnet.wm/com.oring.ble.BLECreateActivity@11439#0](this:0x72a4410800,id:23,api:1,p:-1,c:-1) ~BufferQueueCore
06-25 13:29:18.687 11439 11439 I Dashboard: [Rsp]<Read RELAY Status> 010101005188
06-25 13:29:18.696 11439 11439 W UiThreadStatement: Already on the UI thread, this method should not be called from the main application thread
06-25 13:29:18.697 11439 11439 I Dashboard: [Req]<Read DI COUNTER> 010100040002fc0a
06-25 13:29:18.734   796   796 I SurfaceFlinger: screenshot (com.oringnet.wm/com.oring.SlideActivity@11439#0)
06-25 13:29:18.799 11439 11439 W UiThreadStatement: Already on the UI thread, this method should not be called from the main application thread
06-25 13:29:18.799 11439 11439 I Dashboard: [Req]<Read DI COUNTER> 010404310004a136
06-25 13:29:18.800 11439 11439 I Dashboard: [Rsp]<Read DI COUNTER> 0104080000000000000000240d
06-25 13:29:18.894 11439 11439 W UiThreadStatement: Already on the UI thread, this method should not be called from the main application thread
06-25 13:29:18.895 11439 11439 I Dashboard: [Req]<Read AI 0 Status> 01040000000271cb
06-25 13:29:18.896 11439 11439 I Dashboard: [Rsp]<Read AI 0 Status> 010404b909af6872c4
06-25 13:29:18.918   796   796 I SurfaceFlinger: screenshot (com.oringnet.wm/com.oring.SlideActivity@11439#0)
06-25 13:29:18.922 11439 11439 I AI_value:: 0.0
06-25 13:29:18.922 11439 11439 I AI_raw: : b909af68
06-25 13:29:18.993 11439 11439 I Dashboard: [Rsp]<Read AI 1 Status> 01040400000000fb84
06-25 13:29:19.008 11439 11439 I AI_value:: 0.0
06-25 13:29:19.009 11439 11439 I AI_raw: : 00000000
06-25 13:29:19.015 11439 11439 W UiThreadStatement: Already on the UI thread, this method should not be called from the main application thread
06-25 13:29:19.015 11439 11439 I Dashboard: [Req]<Read AI 2 Status> 010400020002d00b
06-25 13:29:19.091 11439 11439 W UiThreadStatement: Already on the UI thread, this method should not be called from the main application thread
06-25 13:29:19.091 11439 11439 I Dashboard: [Req]<Read AI 2 Status> 010400040002300a
06-25 13:29:19.091 11439 11439 I Dashboard: [Rsp]<Read AI 2 Status> 0104044412f99a8d4a
06-25 13:29:19.139 11439 11439 I AI_value:: 587.9
06-25 13:29:19.139 11439 11439 I AI_raw: : 4412f99a
06-25 13:29:19.169   796   796 I SurfaceFlinger: screenshot (com.oringnet.wm/com.oring.SlideActivity@11439#0)
06-25 13:29:19.287 11439 11439 W UiThreadStatement: Already on the UI thread, this method should not be called from the main application thread
06-25 13:29:19.287 11439 11439 I Dashboard: [Req]<Read AI 3 Status> 01040006000291ca
06-25 13:29:19.288 11439 11439 I Dashboard: [Rsp]<Read AI 3 Status> 01040441fa0000cf89
06-25 13:29:19.349 11439 11439 I AI_value:: 31.25
06-25 13:29:19.349 11439 11439 I AI_raw: : 41fa0000
06-25 13:29:19.383   796  2155 I BufferQueueProducer: [com.oringnet.wm/com.oring.SlideActivity@11439#0](this:0x72a451a800,id:27,api:1,p:11439,c:796) queueBuffer: fps=10.69 dur=1029.46 max=212.31 min=20.08
06-25 13:29:19.418   796   796 I SurfaceFlinger: screenshot (com.oringnet.wm/com.oring.SlideActivity@11439#0)
06-25 13:29:19.434 11439 11439 I Dashboard: [Rsp]<Read AI 4 Status> 01040400000000fb84
06-25 13:29:19.485 11439 11439 I AI_value:: 0.0
06-25 13:29:19.486 11439 11439 I AI_raw: : 00000000
06-25 13:29:19.496 11439 11439 W UiThreadStatement: Already on the UI thread, this method should not be called from the main application thread
06-25 13:29:19.496 11439 11439 I Dashboard: [Req]<Read AI 5 Status> 010400080002f009
06-25 13:29:19.579 11439 11439 I Dashboard: [Rsp]<Read AI 5 Status> 01040441fa0000cf89
06-25 13:29:19.636 11439 11439 I AI_value:: 31.25
06-25 13:29:19.636 11439 11439 I AI_raw: : 41fa0000
06-25 13:29:19.648 11439 11439 W UiThreadStatement: Already on the UI thread, this method should not be called from the main application thread
06-25 13:29:19.648 11439 11439 I Dashboard: [Req]<Read AI Type> 0104000A000251c9
06-25 13:29:19.669   796   796 I SurfaceFlinger: screenshot (com.oringnet.wm/com.oring.SlideActivity@11439#0)
06-25 13:29:19.725 11439 11439 W UiThreadStatement: Already on the UI thread, this method should not be called from the main application thread
06-25 13:29:19.725 11439 11439 I Dashboard: [Req]<Read AI Type> 010304000006c4f8
06-25 13:29:19.725 11439 11439 I Dashboard: [Rsp]<Read AI Type> 01030c000600060006000600060006285b
06-25 13:29:19.834 11439 11439 I Dashboard: [Rsp]<Read RTD 2 mode> 010308000000000000000095d7
06-25 13:29:19.834 11439 11439 I RTD_mode:: 0000000000000000
06-25 13:29:19.834 11439 11439 I finish  : @@!!
06-25 13:29:19.835 11439 11439 W UiThreadStatement: Already on the UI thread, this method should not be called from the main application thread
06-25 13:29:19.835 11439 11439 I Dashboard: [Req]<Read RTD 2 mode> 010303050004544c
06-25 13:29:19.867   796   796 I SurfaceFlinger: screenshot (com.oringnet.wm/com.oring.SlideActivity@11439#0)
06-25 13:29:19.968   796   796 I SurfaceFlinger: screenshot (com.oringnet.wm/com.oring.SlideActivity@11439#0)
06-25 13:29:20.068   796   796 I SurfaceFlinger: screenshot (com.oringnet.wm/com.oring.SlideActivity@11439#0)
06-25 13:29:21.200 11439 11439 I ViewRootImpl: ViewRoot's Touch Event : ACTION_DOWN
