05-25 16:13:57.135  1412  1463 I AutomaticBrightnessControllerEx: [MultiALC] lux = 9.0, time = 424995165
05-25 16:13:57.734  1412  1463 I AutomaticBrightnessControllerEx: [MultiALC] lux = 10.0, time = 424995764
05-25 16:13:57.934  1412  1463 I AutomaticBrightnessControllerEx: [MultiALC] lux = 9.0, time = 424995964
05-25 16:16:47.321   664   664 D Zygote  : Forked child process 24995
05-25 16:16:47.332  1412  1451 I ActivityManager: Start proc 24995:com.oringnet.wm/u0a305 for activity {com.oringnet.wm/com.oring.LoginActivity}
05-25 16:16:47.350 24995 24995 I com.oringnet.w: Late-enabling -Xcheck:jni
05-25 16:16:47.400 24995 24995 E com.oringnet.w: Unknown bits set in runtime_flags: 0x8000
05-25 16:16:47.532 24995 24995 I Typeface: Current DefaultTypeface ( default_roboto )
05-25 16:16:48.533 24995 24995 I MultiDex: VM with version 2.1.0 has multidex support
05-25 16:16:48.534 24995 24995 I MultiDex: Installing application
05-25 16:16:48.534 24995 24995 I MultiDex: VM has multidex support, MultiDex support library is disabled.
05-25 16:16:48.534 24995 24995 I MultiDex: Installing application
05-25 16:16:48.534 24995 24995 I MultiDex: VM has multidex support, MultiDex support library is disabled.
05-25 16:16:48.561 24995 24995 I FirebaseInitProvider: FirebaseApp initialization unsuccessful
05-25 16:16:48.740 24995 24995 D PhoneWindow: windowLightStatusBar : false, disable View.SYSTEM_UI_FLAG_LIGHT_STATUS_BAR
05-25 16:16:48.949 24995 24995 I ShowFilePath: /storage/emulated/0/Download
05-25 16:16:48.999 24995 24995 I SQLiteOpenHelper: Create ODimmingSQL.db
05-25 16:16:49.074 24995 24995 I Now@_1  : 0
05-25 16:16:49.075 24995 24995 I Now@_1  : 0
05-25 16:16:49.231 24995 24995 I TouchFilterInputStageHelper: [needTouchEventFilter] Displayid : 0
05-25 16:16:49.239 24995 24995 D BezellessGripSuppressionFilter: getdisplaysize, x : 720 y : 1600
05-25 16:16:49.270 24995 24995 I TouchFilterInputStageHelper: [needTouchEventFilter] Displayid : 0
05-25 16:16:49.277 24995 24995 D BezellessGripSuppressionFilter: getdisplaysize, x : 720 y : 1600
05-25 16:16:49.337   800   975 I BufferQueueConsumer: [com.oringnet.wm/com.oring.LoginActivity@24995#0](this:0x798eb3d000,id:3144,api:0,p:-1,c:800) setConsumerName: com.oringnet.wm/com.oring.LoginActivity@24995#0
05-25 16:16:49.337   800   975 I BufferQueueConsumer: [com.oringnet.wm/com.oring.LoginActivity@24995#0](this:0x798eb3d000,id:3144,api:0,p:-1,c:800) setDefaultBufferSize: width=720 height=1600
05-25 16:16:49.337   800   975 I SurfaceFlinger: Create BufferLayer(0x798eb0e000) com.oringnet.wm/com.oring.LoginActivity@24995#0 (720 x 1600)
05-25 16:16:49.356 24995 25017 I GPUD    : @gpudInitialize: successfully initialized with 1, dbg=0 mmdump_dbg=0
05-25 16:16:49.391 24995 25017 D Surface : Surface::connect(this=0x776b6b6000,api=1)
05-25 16:16:49.392   800   975 I BufferQueueProducer: [com.oringnet.wm/com.oring.LoginActivity@24995#0](this:0x798eb3d000,id:3144,api:1,p:24995,c:800) connect(P): api=1 producer=(24995:com.oringnet.wm) producerControlledByApp=false
05-25 16:16:49.395 24995 25017 D Surface : Surface::setBufferCount(this=0x776b6b6000,bufferCount=3)
05-25 16:16:49.395 24995 25017 D Surface : Surface::allocateBuffers(this=0x776b6b6000)
05-25 16:16:49.415 24995 25017 W Gralloc3: mapper 3.x is not supported
05-25 16:16:49.420 24995 25017 E ion     : ioctl c0044901 failed with code -1: Invalid argument
05-25 16:16:49.553   800  2411 I BufferQueueConsumer: [Toast@24995#0](this:0x798ebbb800,id:3145,api:0,p:-1,c:800) setConsumerName: Toast@24995#0
05-25 16:16:49.553   800  2411 I BufferQueueConsumer: [Toast@24995#0](this:0x798ebbb800,id:3145,api:0,p:-1,c:800) setDefaultBufferSize: width=285 height=70
05-25 16:16:49.553   800  2411 I SurfaceFlinger: Create BufferLayer(0x798eb19000) Toast@24995#0 (285 x 70)
05-25 16:16:49.564 24995 25017 D Surface : Surface::connect(this=0x776b79a000,api=1)
05-25 16:16:49.565   800  2411 I BufferQueueProducer: [Toast@24995#0](this:0x798ebbb800,id:3145,api:1,p:24995,c:800) connect(P): api=1 producer=(24995:com.oringnet.wm) producerControlledByApp=false
05-25 16:16:49.566 24995 25017 D Surface : Surface::setBufferCount(this=0x776b79a000,bufferCount=3)
05-25 16:16:49.567 24995 25017 D Surface : Surface::allocateBuffers(this=0x776b79a000)
05-25 16:16:49.756   800   800 I MiniDump: 0x798eb19000 |     DEVICE |          0 | 0.067 |  217 1460  502 1530 |   0.0   0.0 285.0  70.0 | Toast@24995#0
05-25 16:16:49.757   800   800 I MiniDump: 0x798eb19000 |     DEVICE |          0 | 0.067 |  217 1460  502 1530 |   0.0   0.0 285.0  70.0 | Toast@24995#0
05-25 16:16:49.783 24995 24995 I Timeline: Timeline: Activity_idle id: android.os.BinderProxy@c6b8896 time:425167813
05-25 16:16:49.807   800   800 I MiniDump: 0x798eb0e000 |     DEVICE |          0 | 1.000 |    0    0  720 1600 |   0.0   0.0 720.0 1600.0 | com.oringnet.wm/com.oring.LoginActivity@24995#0
05-25 16:16:49.807   800   800 I MiniDump: 0x798eb19000 |     DEVICE |          0 | 0.250 |  217 1460  502 1530 |   0.0   0.0 285.0  70.0 | Toast@24995#0
05-25 16:16:49.807   800   800 I MiniDump: 0x798eb0e000 |     DEVICE |          0 | 1.000 |    0    0  720 1600 |   0.0   0.0 720.0 1600.0 | com.oringnet.wm/com.oring.LoginActivity@24995#0
05-25 16:16:49.807   800   800 I MiniDump: 0x798eb19000 |     DEVICE |          0 | 0.250 |  217 1460  502 1530 |   0.0   0.0 285.0  70.0 | Toast@24995#0
05-25 16:16:49.819   800   800 I SurfaceFlinger: screenshot (com.oringnet.wm/com.oring.LoginActivity@24995#0)
05-25 16:16:49.932   800   800 I SurfaceFlinger: screenshot (com.oringnet.wm/com.oring.LoginActivity@24995#0)
05-25 16:16:49.941   800   800 I MiniDump: 0x798eb0e000 |     DEVICE |          0 | 1.000 |    0    0  720 1600 |   0.0   0.0 720.0 1600.0 | com.oringnet.wm/com.oring.LoginActivity@24995#0
05-25 16:16:49.941   800   800 I MiniDump: 0x798eb19000 |     DEVICE |          0 | 0.640 |  217 1460  502 1530 |   0.0   0.0 285.0  70.0 | Toast@24995#0
05-25 16:16:49.941   800   800 I MiniDump: 0x798eb0e000 |     DEVICE |          0 | 1.000 |    0    0  720 1600 |   0.0   0.0 720.0 1600.0 | com.oringnet.wm/com.oring.LoginActivity@24995#0
05-25 16:16:49.941   800   800 I MiniDump: 0x798eb19000 |     DEVICE |          0 | 0.640 |  217 1460  502 1530 |   0.0   0.0 285.0  70.0 | Toast@24995#0
05-25 16:16:50.048   800   800 I SurfaceFlinger: screenshot (com.oringnet.wm/com.oring.LoginActivity@24995#0)
05-25 16:16:50.148   800   800 I SurfaceFlinger: screenshot (com.oringnet.wm/com.oring.LoginActivity@24995#0)
05-25 16:16:50.263   800   800 I SurfaceFlinger: screenshot (com.oringnet.wm/com.oring.LoginActivity@24995#0)
05-25 16:16:50.852   800   800 I SurfaceFlinger: screenshot (com.oringnet.wm/com.oring.LoginActivity@24995#0)
05-25 16:16:50.852   800   800 I SurfaceFlinger: screenshot (Toast@24995#0)
05-25 16:16:50.895   800   975 I BufferQueueProducer: [com.oringnet.wm/com.oring.LoginActivity@24995#0](this:0x798eb3d000,id:3144,api:1,p:24995,c:800) queueBuffer: fps=2.20 dur=1363.39 max=1128.52 min=37.45
05-25 16:16:50.916   800   800 I SurfaceFlinger: screenshot (com.oringnet.wm/com.oring.LoginActivity@24995#0)
05-25 16:16:51.031   800   800 I SurfaceFlinger: screenshot (com.oringnet.wm/com.oring.LoginActivity@24995#0)
05-25 16:16:51.132   800   800 I SurfaceFlinger: screenshot (com.oringnet.wm/com.oring.LoginActivity@24995#0)
05-25 16:16:51.154 24995 25017 D Surface : Surface::disconnect(this=0x776b79a000,api=1)
05-25 16:16:51.154   800  4119 I BufferQueueProducer: [Toast@24995#0](this:0x798ebbb800,id:3145,api:1,p:24995,c:800) disconnect(P): api 1
05-25 16:16:51.235   800   800 I SurfaceFlinger: screenshot (com.oringnet.wm/com.oring.LoginActivity@24995#0)
05-25 16:16:51.350   800   800 I SurfaceFlinger: screenshot (com.oringnet.wm/com.oring.LoginActivity@24995#0)
05-25 16:16:51.467   800   800 I SurfaceFlinger: screenshot (com.oringnet.wm/com.oring.LoginActivity@24995#0)
05-25 16:16:51.567   800   800 I SurfaceFlinger: screenshot (com.oringnet.wm/com.oring.LoginActivity@24995#0)
05-25 16:16:51.673 24995 24995 I ViewRootImpl: ViewRoot's Touch Event : ACTION_DOWN
05-25 16:16:51.677   800   800 I MiniDump: 0x798eb0e000 |     DEVICE |          0 | 1.000 |    0    0  720 1600 |   0.0   0.0 720.0 1600.0 | com.oringnet.wm/com.oring.LoginActivity@24995#0
05-25 16:16:51.678   800   800 I MiniDump: 0x798eb0e000 |     DEVICE |          0 | 1.000 |    0    0  720 1600 |   0.0   0.0 720.0 1600.0 | com.oringnet.wm/com.oring.LoginActivity@24995#0
05-25 16:16:51.682 24995 24995 I ViewRootImpl: ViewRoot's Touch Event : ACTION_UP
05-25 16:16:51.689   800   800 I SurfaceFlinger: screenshot (com.oringnet.wm/com.oring.LoginActivity@24995#0)
05-25 16:16:51.692   800   800 I SurfaceFlinger: Remove BufferLayer(0x798eb19000) Toast@24995#0 (-1 x -1)
05-25 16:16:51.692   800   800 I BufferQueue: [Toast@24995#0](this:0x798ebbb800,id:3145,api:1,p:-1,c:-1) ~BufferQueueCore
05-25 16:16:51.735  1412  3158 I ActivityTaskManager: The Process com.oringnet.wm Already Exists in BG. So sending its PID: 24995
05-25 16:16:51.754 24995 24995 W ActivityThread: handleWindowVisibility: no activity for token android.os.BinderProxy@46b36e2
05-25 16:16:51.813   800   800 I SurfaceFlinger: screenshot (com.oringnet.wm/com.oring.LoginActivity@24995#0)
05-25 16:16:51.818 24995 24995 D PhoneWindow: windowLightStatusBar : false, disable View.SYSTEM_UI_FLAG_LIGHT_STATUS_BAR
05-25 16:16:51.943 24995 24995 D BluetoothAdapter: startLeScan(): null
05-25 16:16:51.949 24995 24995 D BluetoothAdapter: isLeEnabled(): ON
05-25 16:16:51.959 24995 25012 D BluetoothLeScanner: onScannerRegistered() - status=0 scannerId=8 mScannerId=0
05-25 16:16:52.002   800   800 I SurfaceFlinger: screenshot (com.oringnet.wm/com.oring.LoginActivity@24995#0)
05-25 16:16:52.052 24995 24995 I TouchFilterInputStageHelper: [needTouchEventFilter] Displayid : 0
05-25 16:16:52.061 24995 24995 D BezellessGripSuppressionFilter: getdisplaysize, x : 720 y : 1600
05-25 16:16:52.096   800  2411 I BufferQueueConsumer: [com.oringnet.wm/com.oring.ble.BLEScanActivity@24995#0](this:0x797e3df000,id:3146,api:0,p:-1,c:800) setConsumerName: com.oringnet.wm/com.oring.ble.BLEScanActivity@24995#0
05-25 16:16:52.096   800  2411 I BufferQueueConsumer: [com.oringnet.wm/com.oring.ble.BLEScanActivity@24995#0](this:0x797e3df000,id:3146,api:0,p:-1,c:800) setDefaultBufferSize: width=720 height=1533
05-25 16:16:52.096   800  2411 I SurfaceFlinger: Create BufferLayer(0x798eb8b000) com.oringnet.wm/com.oring.ble.BLEScanActivity@24995#0 (720 x 1533)
05-25 16:16:52.116 24995 25017 D Surface : Surface::connect(this=0x7713b40000,api=1)
05-25 16:16:52.116   800   800 I SurfaceFlinger: screenshot (com.oringnet.wm/com.oring.LoginActivity@24995#0)
05-25 16:16:52.117   800  2411 I BufferQueueProducer: [com.oringnet.wm/com.oring.ble.BLEScanActivity@24995#0](this:0x797e3df000,id:3146,api:1,p:24995,c:800) connect(P): api=1 producer=(24995:com.oringnet.wm) producerControlledByApp=false
05-25 16:16:52.119 24995 25017 D Surface : Surface::setBufferCount(this=0x7713b40000,bufferCount=3)
05-25 16:16:52.119 24995 25017 D Surface : Surface::allocateBuffers(this=0x7713b40000)
05-25 16:16:52.232   800   800 I SurfaceFlinger: screenshot (com.oringnet.wm/com.oring.LoginActivity@24995#0)
05-25 16:16:52.291   800   800 I MiniDump: 0x798eb0e000 |     DEVICE |          0 | 0.974 |    0    0  720 1599 |   0.0   1.0 720.0 1600.0 | com.oringnet.wm/com.oring.LoginActivity@24995#0
05-25 16:16:52.291   800   800 I MiniDump: 0x798eb8b000 |     DEVICE |          0 | 0.741 |    0  373  720 1600 |   0.0   0.0 720.0 1227.0 | com.oringnet.wm/com.oring.ble.BLEScanActivity@24995#0
05-25 16:16:52.291   800   800 I MiniDump: 0x798eb0e000 |     DEVICE |          0 | 0.974 |    0    0  720 1599 |   0.0   1.0 720.0 1600.0 | com.oringnet.wm/com.oring.LoginActivity@24995#0
05-25 16:16:52.291   800   800 I MiniDump: 0x798eb8b000 |     DEVICE |          0 | 0.741 |    0  373  720 1600 |   0.0   0.0 720.0 1227.0 | com.oringnet.wm/com.oring.ble.BLEScanActivity@24995#0
05-25 16:16:53.097   800   800 I SurfaceFlinger: screenshot (com.oringnet.wm/com.oring.ble.BLEScanActivity@24995#0)
05-25 16:16:53.663   800   800 I SurfaceFlinger: screenshot (com.oringnet.wm/com.oring.ble.BLEScanActivity@24995#0)
05-25 16:16:54.215   800   800 I SurfaceFlinger: screenshot (com.oringnet.wm/com.oring.ble.BLEScanActivity@24995#0)
05-25 16:16:54.331   800   800 I SurfaceFlinger: screenshot (com.oringnet.wm/com.oring.ble.BLEScanActivity@24995#0)
05-25 16:16:55.789 24995 24995 I ViewRootImpl: ViewRoot's Touch Event : ACTION_DOWN
05-25 16:16:55.798   800   800 I SurfaceFlinger: screenshot (com.oringnet.wm/com.oring.ble.BLEScanActivity@24995#0)
05-25 16:16:55.901   800   800 I SurfaceFlinger: screenshot (com.oringnet.wm/com.oring.ble.BLEScanActivity@24995#0)
05-25 16:16:55.987 24995 25017 D Surface : Surface::connect(this=0x7713c71000,api=1)
05-25 16:16:56.535 24995 25012 D BluetoothGatt: onClientConnectionState() - status=0 clientIf=9 device=18:04:ED:6E:5F:53
05-25 16:16:56.536 24995 25012 I FastBle : BluetoothGattCallback：onConnectionStateChange 
05-25 16:16:56.536 24995 25012 I FastBle : status: 0
05-25 16:16:56.536 24995 25012 I FastBle : newState: 2
05-25 16:16:56.536 24995 25012 I FastBle : currentThread: 11511
05-25 16:16:56.968 24995 25012 D BluetoothGatt: onConnectionUpdated() - Device=18:04:ED:6E:5F:53 interval=6 latency=0 timeout=500 status=0
05-25 16:16:57.007 24995 24995 D BluetoothAdapter: stopLeScan()
05-25 16:16:57.012 24995 24995 D BluetoothAdapter: isLeEnabled(): ON
05-25 16:16:57.132 24995 24995 D BluetoothGatt: discoverServices() - device: 18:04:ED:6E:5F:53
05-25 16:16:57.135   800  2411 I BufferQueueProducer: [com.oringnet.wm/com.oring.ble.BLEScanActivity@24995#0](this:0x797e3df000,id:3146,api:1,p:24995,c:800) queueBuffer: fps=0.61 dur=4924.51 max=4622.63 min=94.30
05-25 16:16:57.149   800   800 I SurfaceFlinger: screenshot (com.oringnet.wm/com.oring.ble.BLEScanActivity@24995#0)
05-25 16:16:57.154 24995 25012 D BluetoothGatt: onSearchComplete() = Device=18:04:ED:6E:5F:53 Status=0
05-25 16:16:57.155 24995 25012 I FastBle : BluetoothGattCallback：onServicesDiscovered 
05-25 16:16:57.155 24995 25012 I FastBle : status: 0
05-25 16:16:57.155 24995 25012 I FastBle : currentThread: 11511
05-25 16:16:57.183 24995 25017 D Surface : Surface::disconnect(this=0x7713c71000,api=1)
05-25 16:16:57.184   800  2411 I BufferQueueProducer: [com.oringnet.wm/com.oring.ble.BLEScanActivity@24995#1](this:0x79821c2000,id:3147,api:1,p:24995,c:800) disconnect(P): api 1
05-25 16:16:57.252 24995 24995 D BluetoothAdapter: stopLeScan()
05-25 16:16:57.253 24995 24995 D BluetoothAdapter: scan not started yet
05-25 16:16:57.254   800   800 I SurfaceFlinger: screenshot (com.oringnet.wm/com.oring.ble.BLEScanActivity@24995#0)
05-25 16:16:57.255  1412  4040 I ActivityTaskManager: The Process com.oringnet.wm Already Exists in BG. So sending its PID: 24995
05-25 16:16:57.255 24995 25012 D BluetoothGatt: onConnectionUpdated() - Device=18:04:ED:6E:5F:53 interval=39 latency=0 timeout=500 status=0
05-25 16:16:57.272 24995 24995 W ActivityThread: handleWindowVisibility: no activity for token android.os.BinderProxy@87d674a
05-25 16:16:57.454   800   800 I SurfaceFlinger: Remove BufferLayer(0x7982171000) com.oringnet.wm/com.oring.ble.BLEScanActivity@24995#1 (-1 x -1)
05-25 16:16:57.683 24995 24995 D BluetoothGatt: setCharacteristicNotification() - uuid: 6e400003-b5a3-f393-e0a9-e50e24dcca9e enable: true
05-25 16:16:57.711 24995 24995 I TouchFilterInputStageHelper: [needTouchEventFilter] Displayid : 0
05-25 16:16:57.715 24995 24995 D BezellessGripSuppressionFilter: getdisplaysize, x : 720 y : 1600
05-25 16:16:57.735   800   800 I SurfaceFlinger: screenshot (com.oringnet.wm/com.oring.ble.BLEScanActivity@24995#0)
05-25 16:16:57.849   800   800 I SurfaceFlinger: screenshot (com.oringnet.wm/com.oring.ble.BLEScanActivity@24995#0)
05-25 16:16:57.866   800  2411 I BufferQueueConsumer: [com.oringnet.wm/com.oring.ble.BLECreateActivity@24995#0](this:0x798eb40000,id:3148,api:0,p:-1,c:800) setConsumerName: com.oringnet.wm/com.oring.ble.BLECreateActivity@24995#0
05-25 16:16:57.866   800  2411 I BufferQueueConsumer: [com.oringnet.wm/com.oring.ble.BLECreateActivity@24995#0](this:0x798eb40000,id:3148,api:0,p:-1,c:800) setDefaultBufferSize: width=720 height=1533
05-25 16:16:57.866   800  2411 I SurfaceFlinger: Create BufferLayer(0x798eb18000) com.oringnet.wm/com.oring.ble.BLECreateActivity@24995#0 (720 x 1533)
05-25 16:16:57.890   800  2411 I BufferQueueProducer: [com.oringnet.wm/com.oring.ble.BLECreateActivity@24995#0](this:0x798eb40000,id:3148,api:1,p:24995,c:800) connect(P): api=1 producer=(24995:com.oringnet.wm) producerControlledByApp=false
05-25 16:16:57.967   800   800 I SurfaceFlinger: screenshot (com.oringnet.wm/com.oring.ble.BLEScanActivity@24995#0)
05-25 16:16:58.186   800   800 I SurfaceFlinger: screenshot (com.oringnet.wm/com.oring.ble.BLECreateActivity@24995#0)
05-25 16:16:58.228   800   800 I MiniDump: 0x798eb8b000 |     DEVICE |          0 | 0.326 |    0   35  720 1568 |   0.0   0.0 720.0 1533.0 | com.oringnet.wm/com.oring.ble.BLEScanActivity@24995#0
05-25 16:16:58.228   800   800 I MiniDump: 0x798eb18000 |     DEVICE |          0 | 1.000 |    0   70  720 1600 |   0.0   0.0 720.0 1530.0 | com.oringnet.wm/com.oring.ble.BLECreateActivity@24995#0
05-25 16:16:58.331   800   800 I SurfaceFlinger: Remove BufferLayer(0x798eb8b000) com.oringnet.wm/com.oring.ble.BLEScanActivity@24995#0 (-1 x -1)
05-25 16:16:58.442   800   800 I SurfaceFlinger: Remove BufferLayer(0x797e418000) com.oringnet.wm/com.oring.ble.BLECreateActivity@24995#1 (-1 x -1)
05-25 16:16:58.509 24995 24995 I CreateTest 0響應: 010308000000000000000095d7
05-25 16:16:59.234   800   800 I MiniDump: 0x798eb18000 |     DEVICE |          0 | 1.000 |    0   67  720 1600 |   0.0   0.0 720.0 1533.0 | com.oringnet.wm/com.oring.ble.BLECreateActivity@24995#0
05-25 16:16:59.234   800   800 I MiniDump: 0x797e418000 |     DEVICE |          0 | 1.000 |  297  756  423  882 |   0.0   0.0 126.0 126.0 | com.oringnet.wm/com.oring.ble.BLECreateActivity@24995#1
05-25 16:16:59.234   800   800 I MiniDump: 0x797e436000 |     DEVICE |          0 | 0.067 |  235 1460  484 1530 |   0.0   0.0 249.0  70.0 | Toast@24995#0
05-25 16:16:59.301   800   800 I SurfaceFlinger: screenshot (com.oringnet.wm/com.oring.ble.BLECreateActivity@24995#0)
05-25 16:16:59.411   800   851 I BufferQueueProducer: [com.oringnet.wm/com.oring.ble.BLECreateActivity@24995#0](this:0x798eb40000,id:3148,api:1,p:24995,c:800) queueBuffer: fps=1.37 dur=1463.25 max=1319.68 min=143.57
05-25 16:16:59.415   800   800 I SurfaceFlinger: screenshot (com.oringnet.wm/com.oring.ble.BLECreateActivity@24995#0)
05-25 16:16:59.481   800   800 I MiniDump: 0x798eb18000 |     DEVICE |          0 | 1.000 |    0   67  720 1600 |   0.0   0.0 720.0 1533.0 | com.oringnet.wm/com.oring.ble.BLECreateActivity@24995#0
05-25 16:16:59.481   800   800 I MiniDump: 0x797e436000 |     DEVICE |          0 | 0.750 |  235 1460  484 1530 |   0.0   0.0 249.0  70.0 | Toast@24995#0
05-25 16:16:59.482   800   800 I MiniDump: 0x798eb18000 |     DEVICE |          0 | 1.000 |    0   67  720 1600 |   0.0   0.0 720.0 1533.0 | com.oringnet.wm/com.oring.ble.BLECreateActivity@24995#0
05-25 16:16:59.482   800   800 I MiniDump: 0x797e436000 |     DEVICE |          0 | 0.750 |  235 1460  484 1530 |   0.0   0.0 249.0  70.0 | Toast@24995#0
05-25 16:16:59.530   800   800 I SurfaceFlinger: Remove BufferLayer(0x797e418000) com.oringnet.wm/com.oring.ble.BLECreateActivity@24995#1 (-1 x -1)
05-25 16:16:59.535   800   800 I MiniDump: 0x798eb18000 |     DEVICE |          0 | 1.000 |    0   67  720 1600 |   0.0   0.0 720.0 1533.0 | com.oringnet.wm/com.oring.ble.BLECreateActivity@24995#0
05-25 16:16:59.535   800   800 I MiniDump: 0x797e436000 |     DEVICE |          0 | 0.840 |  235 1460  484 1530 |   0.0   0.0 249.0  70.0 | Toast@24995#0
05-25 16:16:59.536   800   800 I MiniDump: 0x798eb18000 |     DEVICE |          0 | 1.000 |    0   67  720 1600 |   0.0   0.0 720.0 1533.0 | com.oringnet.wm/com.oring.ble.BLECreateActivity@24995#0
05-25 16:16:59.536   800   800 I MiniDump: 0x797e436000 |     DEVICE |          0 | 0.840 |  235 1460  484 1530 |   0.0   0.0 249.0  70.0 | Toast@24995#0
05-25 16:16:59.547   800   800 I SurfaceFlinger: screenshot (com.oringnet.wm/com.oring.ble.BLECreateActivity@24995#0)
05-25 16:16:59.984   800   800 I SurfaceFlinger: screenshot (com.oringnet.wm/com.oring.ble.BLECreateActivity@24995#0)
05-25 16:17:00.204   800   800 I SurfaceFlinger: screenshot (com.oringnet.wm/com.oring.ble.BLECreateActivity@24995#0)
05-25 16:17:00.389   800   800 I SurfaceFlinger: screenshot (com.oringnet.wm/com.oring.ble.BLECreateActivity@24995#0)
05-25 16:17:00.389   800   800 I SurfaceFlinger: screenshot (Toast@24995#0)
05-25 16:17:01.135   800   975 I BufferQueueProducer: [com.oringnet.wm/com.oring.ble.BLECreateActivity@24995#0](this:0x798eb40000,id:3148,api:1,p:24995,c:800) queueBuffer: fps=0.58 dur=1724.17 max=1724.17 min=1724.17
05-25 16:17:01.151   800   800 I SurfaceFlinger: screenshot (com.oringnet.wm/com.oring.ble.BLECreateActivity@24995#0)
05-25 16:17:01.686   800   800 I SurfaceFlinger: screenshot (com.oringnet.wm/com.oring.ble.BLECreateActivity@24995#0)
05-25 16:17:02.049   800   800 I SurfaceFlinger: screenshot (com.oringnet.wm/com.oring.ble.BLECreateActivity@24995#0)
05-25 16:17:02.049   800   800 I SurfaceFlinger: screenshot (Toast@24995#0)
05-25 16:17:02.501 24995 25017 D Surface : Surface::disconnect(this=0x7713b40000,api=1)
05-25 16:17:02.501   800   975 I BufferQueueProducer: [Toast@24995#0](this:0x797e43a800,id:3150,api:1,p:24995,c:800) disconnect(P): api 1
05-25 16:17:02.538   800   800 I SurfaceFlinger: screenshot (com.oringnet.wm/com.oring.ble.BLECreateActivity@24995#0)
05-25 16:17:02.665   800   800 I SurfaceFlinger: screenshot (com.oringnet.wm/com.oring.ble.BLECreateActivity@24995#0)
05-25 16:17:02.737   800   852 I BufferQueueProducer: [com.oringnet.wm/com.oring.ble.BLECreateActivity@24995#0](this:0x798eb40000,id:3148,api:1,p:24995,c:800) queueBuffer: fps=1.25 dur=1602.34 max=1070.24 min=532.09
05-25 16:17:02.775   800   800 I SurfaceFlinger: screenshot (com.oringnet.wm/com.oring.ble.BLECreateActivity@24995#0)
05-25 16:17:02.884   800   800 I SurfaceFlinger: screenshot (com.oringnet.wm/com.oring.ble.BLECreateActivity@24995#0)
05-25 16:17:02.999   800   800 I SurfaceFlinger: screenshot (com.oringnet.wm/com.oring.ble.BLECreateActivity@24995#0)
05-25 16:17:03.040   800   800 I SurfaceFlinger: Remove BufferLayer(0x797e436000) Toast@24995#0 (-1 x -1)
05-25 16:17:03.046   800   800 I MiniDump: 0x798eb18000 |     DEVICE |          0 | 1.000 |    0   67  720 1600 |   0.0   0.0 720.0 1533.0 | com.oringnet.wm/com.oring.ble.BLECreateActivity@24995#0
05-25 16:17:03.047   800   800 I MiniDump: 0x798eb18000 |     DEVICE |          0 | 1.000 |    0   67  720 1600 |   0.0   0.0 720.0 1533.0 | com.oringnet.wm/com.oring.ble.BLECreateActivity@24995#0
05-25 16:17:03.059   800   800 I SurfaceFlinger: Remove BufferLayer(0x797e436000) Toast@24995#0 (-1 x -1)
05-25 16:17:03.059   800   800 I BufferQueue: [Toast@24995#0](this:0x797e43a800,id:3150,api:1,p:-1,c:-1) ~BufferQueueCore
05-25 16:17:03.091   800   800 I SurfaceFlinger: screenshot (com.oringnet.wm/com.oring.ble.BLECreateActivity@24995#0)
05-25 16:17:03.287   800   800 I SurfaceFlinger: screenshot (com.oringnet.wm/com.oring.ble.BLECreateActivity@24995#0)
05-25 16:17:04.259   800   800 I SurfaceFlinger: screenshot (com.oringnet.wm/com.oring.ble.BLECreateActivity@24995#0)
05-25 16:17:04.859 24995 24995 I ViewRootImpl: ViewRoot's Touch Event : ACTION_DOWN
05-25 16:17:04.870 24995 24995 I ViewRootImpl: ViewRoot's Touch Event : ACTION_UP
05-25 16:17:04.872   800   800 I SurfaceFlinger: screenshot (com.oringnet.wm/com.oring.ble.BLECreateActivity@24995#0)
05-25 16:17:04.876 24995 24995 I CheckPW:: 123456
05-25 16:17:04.876 24995 24995 I blePassword:: 123456
05-25 16:17:04.919  1412  3159 I ActivityTaskManager: The Process com.oringnet.wm Already Exists in BG. So sending its PID: 24995
05-25 16:17:04.933 24995 24995 W ActivityThread: handleWindowVisibility: no activity for token android.os.BinderProxy@d140c74
05-25 16:17:04.999   800   800 I SurfaceFlinger: screenshot (com.oringnet.wm/com.oring.ble.BLECreateActivity@24995#0)
05-25 16:17:05.127 24995 24995 D PhoneWindow: windowLightStatusBar : false, disable View.SYSTEM_UI_FLAG_LIGHT_STATUS_BAR
05-25 16:17:05.213 24995 24995 W com.oringnet.w: Accessing hidden method Landroid/view/View;->computeFitSystemWindows(Landroid/graphics/Rect;Landroid/graphics/Rect;)Z (greylist, reflection, allowed)
05-25 16:17:05.215 24995 24995 W com.oringnet.w: Accessing hidden method Landroid/view/ViewGroup;->makeOptionalFitsSystemWindows()V (greylist, reflection, allowed)
05-25 16:17:06.583 24995 24995 I EEWW:   : Willy_Appium_20210525160
05-25 16:17:06.610 24995 24995 I GetID   : androidx.navigation.NavController@4b6f983
05-25 16:17:06.628 24995 24995 D BluetoothGatt: setCharacteristicNotification() - uuid: 6e400003-b5a3-f393-e0a9-e50e24dcca9e enable: true
05-25 16:17:06.660 24995 24995 I TouchFilterInputStageHelper: [needTouchEventFilter] Displayid : 0
05-25 16:17:06.666 24995 24995 D BezellessGripSuppressionFilter: getdisplaysize, x : 720 y : 1600
05-25 16:17:06.668   800   800 I SurfaceFlinger: screenshot (com.oringnet.wm/com.oring.ble.BLECreateActivity@24995#0)
05-25 16:17:06.880   800   975 I BufferQueueConsumer: [com.oringnet.wm/com.oring.SlideActivity@24995#0](this:0x798eb41800,id:3151,api:0,p:-1,c:800) setConsumerName: com.oringnet.wm/com.oring.SlideActivity@24995#0
05-25 16:17:06.881   800   975 I BufferQueueConsumer: [com.oringnet.wm/com.oring.SlideActivity@24995#0](this:0x798eb41800,id:3151,api:0,p:-1,c:800) setDefaultBufferSize: width=720 height=1600
05-25 16:17:06.881   800   975 I SurfaceFlinger: Create BufferLayer(0x798ebe4000) com.oringnet.wm/com.oring.SlideActivity@24995#0 (720 x 1600)
05-25 16:17:06.898 24995 25017 D Surface : Surface::connect(this=0x7713b1f000,api=1)
05-25 16:17:06.900   800   975 I BufferQueueProducer: [com.oringnet.wm/com.oring.SlideActivity@24995#0](this:0x798eb41800,id:3151,api:1,p:24995,c:800) connect(P): api=1 producer=(24995:com.oringnet.wm) producerControlledByApp=false
05-25 16:17:06.903 24995 25017 D Surface : Surface::setBufferCount(this=0x7713b1f000,bufferCount=3)
05-25 16:17:06.903   800   800 I SurfaceFlinger: screenshot (com.oringnet.wm/com.oring.ble.BLECreateActivity@24995#0)
05-25 16:17:06.905 24995 25017 D Surface : Surface::allocateBuffers(this=0x7713b1f000)
05-25 16:17:07.369 24995 24995 W com.oringnet.w: Accessing hidden field Landroid/view/View;->mAccessibilityDelegate:Landroid/view/View$AccessibilityDelegate; (greylist, reflection, allowed)
05-25 16:17:07.706 24995 25017 I OpenGLRenderer: Davey! duration=1046ms; Flags=1, IntendedVsync=425184685385718, Vsync=425184718547712, OldestInputEvent=9223372036854775807, NewestInputEvent=0, HandleInputStart=425184723918536, AnimationStart=425184724056074, PerformTraversalsStart=425184724066920, DrawStart=425185618321548, SyncQueued=425185679420555, SyncStart=425185682880863, IssueDrawCommandsStart=425185683451555, SwapBuffers=425185733054021, FrameCompleted=425185735350714, DequeueBufferDuration=0, QueueBufferDuration=1702000, 
05-25 16:17:07.719   800   800 I SurfaceFlinger: screenshot (com.oringnet.wm/com.oring.ble.BLECreateActivity@24995#0)
05-25 16:17:07.778   800   800 I MiniDump: 0x798eb18000 |     DEVICE |          0 | 0.974 |    0   66  720 1599 |   0.0   0.0 720.0 1533.0 | com.oringnet.wm/com.oring.ble.BLECreateActivity@24995#0
05-25 16:17:07.778   800   800 I MiniDump: 0x798ebe4000 |     DEVICE |          0 | 0.741 |    0  306  720 1600 |   0.0   0.0 720.0 1294.0 | com.oringnet.wm/com.oring.SlideActivity@24995#0
05-25 16:17:07.779   800   800 I MiniDump: 0x798eb18000 |     DEVICE |          0 | 0.974 |    0   66  720 1599 |   0.0   0.0 720.0 1533.0 | com.oringnet.wm/com.oring.ble.BLECreateActivity@24995#0
05-25 16:17:07.779   800   800 I MiniDump: 0x798ebe4000 |     DEVICE |          0 | 0.741 |    0  306  720 1600 |   0.0   0.0 720.0 1294.0 | com.oringnet.wm/com.oring.SlideActivity@24995#0
05-25 16:17:07.788 24995 24995 I Choreographer: Skipped 64 frames!  The application may be doing too much work on its main thread.
05-25 16:17:07.795   800   800 I MiniDump: 0x798eb18000 |     DEVICE |          0 | 0.942 |    0   63  720 1596 |   0.0   0.0 720.0 1533.0 | com.oringnet.wm/com.oring.ble.BLECreateActivity@24995#0
05-25 16:17:07.795   800   800 I MiniDump: 0x798ebe4000 |     DEVICE |          0 | 0.999 |    0  284  720 1600 |   0.0   0.0 720.0 1316.0 | com.oringnet.wm/com.oring.SlideActivity@24995#0
05-25 16:17:07.795   800   800 I MiniDump: 0x798eb18000 |     DEVICE |          0 | 0.942 |    0   63  720 1596 |   0.0   0.0 720.0 1533.0 | com.oringnet.wm/com.oring.ble.BLECreateActivity@24995#0
05-25 16:17:07.795   800   800 I MiniDump: 0x798ebe4000 |     DEVICE |          0 | 0.999 |    0  284  720 1600 |   0.0   0.0 720.0 1316.0 | com.oringnet.wm/com.oring.SlideActivity@24995#0
05-25 16:17:07.837   800   800 I SurfaceFlinger: screenshot (com.oringnet.wm/com.oring.ble.BLECreateActivity@24995#0)
05-25 16:17:07.837   800   800 I SurfaceFlinger: screenshot (com.oringnet.wm/com.oring.SlideActivity@24995#0)
05-25 16:17:07.844 24995 25017 I OpenGLRenderer: Davey! duration=1120ms; Flags=0, IntendedVsync=425184752473905, Vsync=425185813657713, OldestInputEvent=9223372036854775807, NewestInputEvent=0, HandleInputStart=425185818700338, AnimationStart=425185818929722, PerformTraversalsStart=425185820440799, DrawStart=425185856476111, SyncQueued=425185864015496, SyncStart=425185865868496, IssueDrawCommandsStart=425185866508035, SwapBuffers=425185873207266, FrameCompleted=425185874710497, DequeueBufferDuration=2920000, QueueBufferDuration=957000, 
05-25 16:17:07.912   800   800 I MiniDump: 0x798ebe4000 |     DEVICE |          0 | 1.000 |    0   34  720 1600 |   0.0   0.0 720.0 1566.0 | com.oringnet.wm/com.oring.SlideActivity@24995#0
05-25 16:17:07.912   800   800 I MiniDump: 0x798ebe4000 |     DEVICE |          0 | 1.000 |    0   34  720 1600 |   0.0   0.0 720.0 1566.0 | com.oringnet.wm/com.oring.SlideActivity@24995#0
05-25 16:17:07.936   800   800 I SurfaceFlinger: screenshot (com.oringnet.wm/com.oring.SlideActivity@24995#0)
05-25 16:17:07.944 24995 24995 W UiThreadStatement: Already on the UI thread, this method should not be called from the main application thread
05-25 16:17:07.944 24995 24995 I Dashboard: [Req]<Read DI Status> 01020000000479c9
05-25 16:17:07.944 24995 24995 I Dashboard: [Rsp]<Read DI Status> 01020100a188
05-25 16:17:08.012   800   800 I MiniDump: 0x798ebe4000 |     DEVICE |          0 | 1.000 |    0    0  720 1600 |   0.0   0.0 720.0 1600.0 | com.oringnet.wm/com.oring.SlideActivity@24995#0
05-25 16:17:08.012   800   800 I MiniDump: 0x798ebe4000 |     DEVICE |          0 | 1.000 |    0    0  720 1600 |   0.0   0.0 720.0 1600.0 | com.oringnet.wm/com.oring.SlideActivity@24995#0
05-25 16:17:08.036   800   800 I SurfaceFlinger: screenshot (com.oringnet.wm/com.oring.SlideActivity@24995#0)
05-25 16:17:08.150   800   800 I SurfaceFlinger: screenshot (com.oringnet.wm/com.oring.SlideActivity@24995#0)
05-25 16:17:08.192 24995 25017 D Surface : Surface::disconnect(this=0x7713e3d000,api=1)
05-25 16:17:08.193   800   975 I BufferQueueProducer: [com.oringnet.wm/com.oring.ble.BLECreateActivity@24995#0](this:0x798eb40000,id:3148,api:1,p:24995,c:800) disconnect(P): api 1
05-25 16:17:08.268   800   800 I SurfaceFlinger: screenshot (com.oringnet.wm/com.oring.SlideActivity@24995#0)
05-25 16:17:08.356 24995 24995 W UiThreadStatement: Already on the UI thread, this method should not be called from the main application thread
05-25 16:17:08.356 24995 24995 I Dashboard: [Req]<Read RELAY Status> 010100040002fc0a
05-25 16:17:08.384   800   800 I SurfaceFlinger: screenshot (com.oringnet.wm/com.oring.SlideActivity@24995#0)
05-25 16:17:08.487   800   800 I SurfaceFlinger: screenshot (com.oringnet.wm/com.oring.SlideActivity@24995#0)
05-25 16:17:08.585   800   800 I SurfaceFlinger: screenshot (com.oringnet.wm/com.oring.SlideActivity@24995#0)
05-25 16:17:08.702   800   800 I SurfaceFlinger: screenshot (com.oringnet.wm/com.oring.SlideActivity@24995#0)
05-25 16:17:08.862 24995 24995 W UiThreadStatement: Already on the UI thread, this method should not be called from the main application thread
05-25 16:17:08.863 24995 24995 I Dashboard: [Req]<Read AI 2 Status> 010400020002d00b
05-25 16:17:08.986 24995 24995 W UiThreadStatement: Already on the UI thread, this method should not be called from the main application thread
05-25 16:17:09.555 24995 24995 W UiThreadStatement: Already on the UI thread, this method should not be called from the main application thread
05-25 16:17:09.689 24995 24995 I AI_value:: 0.0
05-25 16:17:09.689 24995 24995 I AI_raw: : 00000000
05-25 16:17:09.906 24995 24995 I AI_value:: 0.0
05-25 16:17:09.906 24995 24995 I AI_raw: : 00000000
05-25 16:17:09.982 24995 24995 W UiThreadStatement: Already on the UI thread, this method should not be called from the main application thread
05-25 16:17:09.982 24995 24995 I Dashboard: [Req]<Read AI Type> 010304000006c4f8
05-25 16:17:09.983 24995 24995 I Dashboard: [Rsp]<Read AI Type> 01030c000600060215021502150215bfb2
05-25 16:17:10.005   800   800 I SurfaceFlinger: screenshot (com.oringnet.wm/com.oring.SlideActivity@24995#0)
05-25 16:17:10.079 24995 24995 W UiThreadStatement: Already on the UI thread, this method should not be called from the main application thread
05-25 16:17:10.079 24995 24995 I Dashboard: [Req]<Read RTD 2 mode> 010303050004544c
05-25 16:17:10.080 24995 24995 I Dashboard: [Rsp]<Read RTD 2 mode> 010308000000000000000095d7
05-25 16:17:10.080 24995 24995 I RTD_mode:: 0000000000000000
05-25 16:17:10.080 24995 24995 I finish  : @@!!
05-25 16:17:11.411 24995 24995 I ViewRootImpl: ViewRoot's Touch Event : ACTION_DOWN
05-25 16:17:11.423   800   800 I SurfaceFlinger: screenshot (com.oringnet.wm/com.oring.SlideActivity@24995#0)
05-25 16:17:11.432 24995 24995 I ViewRootImpl: ViewRoot's Touch Event : ACTION_UP
05-25 16:17:11.464   800  4119 I BufferQueueProducer: [com.oringnet.wm/com.oring.SlideActivity@24995#0](this:0x798eb41800,id:3151,api:1,p:24995,c:800) queueBuffer: fps=1.76 dur=1705.48 max=1412.15 min=64.45
05-25 16:17:11.523   800   800 I SurfaceFlinger: screenshot (com.oringnet.wm/com.oring.SlideActivity@24995#0)
05-25 16:17:11.639   800   800 I SurfaceFlinger: screenshot (com.oringnet.wm/com.oring.SlideActivity@24995#0)
05-25 16:17:11.755   800   800 I SurfaceFlinger: screenshot (com.oringnet.wm/com.oring.SlideActivity@24995#0)
05-25 16:17:13.109   800   975 I BufferQueueProducer: [com.oringnet.wm/com.oring.SlideActivity@24995#0](this:0x798eb41800,id:3151,api:1,p:24995,c:800) queueBuffer: fps=15.80 dur=1645.30 max=1183.72 min=9.97
05-25 16:17:13.138   800   800 I SurfaceFlinger: screenshot (com.oringnet.wm/com.oring.SlideActivity@24995#0)
05-25 16:17:13.240   800   800 I SurfaceFlinger: screenshot (com.oringnet.wm/com.oring.SlideActivity@24995#0)
05-25 16:17:13.356   800   800 I SurfaceFlinger: screenshot (com.oringnet.wm/com.oring.SlideActivity@24995#0)
05-25 16:17:13.543   800   800 I SurfaceFlinger: screenshot (com.oringnet.wm/com.oring.SlideActivity@24995#0)
05-25 16:17:15.247 24995 24995 W UiThreadStatement: Already on the UI thread, this method should not be called from the main application thread
05-25 16:17:15.247 24995 24995 I Dashboard: [Req]<Read DI Status> 01020000000479c9
05-25 16:17:15.247 24995 24995 I Dashboard: [Rsp]<Read DI Status> 01020100a188
05-25 16:17:15.333   800  4119 I BufferQueueProducer: [com.oringnet.wm/com.oring.SlideActivity@24995#0](this:0x798eb41800,id:3151,api:1,p:24995,c:800) queueBuffer: fps=7.19 dur=2224.02 max=1972.75 min=8.77
05-25 16:17:15.345 24995 24995 W UiThreadStatement: Already on the UI thread, this method should not be called from the main application thread
05-25 16:17:15.345 24995 24995 I Dashboard: [Req]<Read DO Status> 0101000000043dc9
05-25 16:17:15.346 24995 24995 I Dashboard: [Rsp]<Read DO Status> 010101005188
05-25 16:17:15.354   800   800 I SurfaceFlinger: screenshot (com.oringnet.wm/com.oring.SlideActivity@24995#0)
05-25 16:17:15.442 24995 24995 W UiThreadStatement: Already on the UI thread, this method should not be called from the main application thread
05-25 16:17:15.443 24995 24995 I Dashboard: [Req]<Read RELAY Status> 010100040002fc0a
05-25 16:17:15.444 24995 24995 I Dashboard: [Rsp]<Read RELAY Status> 010101005188
05-25 16:17:15.539 24995 24995 W UiThreadStatement: Already on the UI thread, this method should not be called from the main application thread
05-25 16:17:15.539 24995 24995 I Dashboard: [Req]<Read DI COUNTER> 010404310004a136
05-25 16:17:15.539 24995 24995 I Dashboard: [Rsp]<Read DI COUNTER> 0104080000000000000000240d
05-25 16:17:15.560   800   800 I SurfaceFlinger: screenshot (com.oringnet.wm/com.oring.SlideActivity@24995#0)
05-25 16:17:15.634 24995 24995 I Dashboard: [Rsp]<Read AI 0 Status> 01040400000000fb84
05-25 16:17:15.677   800   800 I SurfaceFlinger: screenshot (com.oringnet.wm/com.oring.SlideActivity@24995#0)
05-25 16:17:15.687 24995 24995 I AI_value:: 0.0
05-25 16:17:15.687 24995 24995 I AI_raw: : 00000000
05-25 16:17:15.706 24995 24995 W UiThreadStatement: Already on the UI thread, this method should not be called from the main application thread
05-25 16:17:15.707 24995 24995 I Dashboard: [Req]<Read AI 1 Status> 01040000000271cb
05-25 16:17:15.781 24995 24995 W UiThreadStatement: Already on the UI thread, this method should not be called from the main application thread
05-25 16:17:15.781 24995 24995 I Dashboard: [Req]<Read AI 1 Status> 010400020002d00b
05-25 16:17:15.784 24995 24995 I Dashboard: [Rsp]<Read AI 1 Status> 01040400000000fb84
05-25 16:17:15.787   800   800 I SurfaceFlinger: screenshot (com.oringnet.wm/com.oring.SlideActivity@24995#0)
05-25 16:17:15.847 24995 24995 I AI_value:: 0.0
05-25 16:17:15.847 24995 24995 I AI_raw: : 00000000
05-25 16:17:15.923   800   800 I SurfaceFlinger: screenshot (com.oringnet.wm/com.oring.SlideActivity@24995#0)
05-25 16:17:15.928 24995 24995 W UiThreadStatement: Already on the UI thread, this method should not be called from the main application thread
05-25 16:17:15.928 24995 24995 I Dashboard: [Req]<Read AI 2 Status> 010400040002300a
05-25 16:17:15.928 24995 24995 I Dashboard: [Rsp]<Read AI 2 Status> 0104044412f99a8d4a
05-25 16:17:16.064 24995 24995 I AI_value:: 587.9
05-25 16:17:16.065 24995 24995 I AI_raw: : 4412f99a
05-25 16:17:16.171 24995 24995 W UiThreadStatement: Already on the UI thread, this method should not be called from the main application thread
05-25 16:17:16.171   800   800 I SurfaceFlinger: screenshot (com.oringnet.wm/com.oring.SlideActivity@24995#0)
05-25 16:17:16.171 24995 24995 I Dashboard: [Req]<Read AI 3 Status> 01040006000291ca
05-25 16:17:16.172 24995 24995 I Dashboard: [Rsp]<Read AI 3 Status> 0104044412f99a8d4a
05-25 16:17:16.304 24995 24995 I AI_value:: 587.9
05-25 16:17:16.304 24995 24995 I AI_raw: : 4412f99a
05-25 16:17:16.366   800  4119 I BufferQueueProducer: [com.oringnet.wm/com.oring.SlideActivity@24995#0](this:0x798eb41800,id:3151,api:1,p:24995,c:800) queueBuffer: fps=13.55 dur=1033.13 max=236.48 min=6.72
05-25 16:17:16.391   800   800 I SurfaceFlinger: screenshot (com.oringnet.wm/com.oring.SlideActivity@24995#0)
05-25 16:17:16.416 24995 24995 I Dashboard: [Rsp]<Read AI 4 Status> 01040400000000fb84
05-25 16:17:16.536 24995 24995 I AI_value:: 0.0
05-25 16:17:16.536 24995 24995 I AI_raw: : 00000000
05-25 16:17:16.554 24995 24995 W UiThreadStatement: Already on the UI thread, this method should not be called from the main application thread
05-25 16:17:16.554 24995 24995 I Dashboard: [Req]<Read AI 5 Status> 010400080002f009
05-25 16:17:16.610 24995 24995 W UiThreadStatement: Already on the UI thread, this method should not be called from the main application thread
05-25 16:17:16.610 24995 24995 I Dashboard: [Req]<Read AI 5 Status> 0104000A000251c9
05-25 16:17:16.611 24995 24995 I Dashboard: [Rsp]<Read AI 5 Status> 01040400000000fb84
05-25 16:17:16.620   800   800 I SurfaceFlinger: screenshot (com.oringnet.wm/com.oring.SlideActivity@24995#0)
05-25 16:17:16.739 24995 24995 I AI_value:: 0.0
05-25 16:17:16.739 24995 24995 I AI_raw: : 00000000
05-25 16:17:16.805 24995 24995 W UiThreadStatement: Already on the UI thread, this method should not be called from the main application thread
05-25 16:17:16.805 24995 24995 I Dashboard: [Req]<Read AI Type> 010304000006c4f8
05-25 16:17:16.806 24995 24995 I Dashboard: [Rsp]<Read AI Type> 01030c000600060215021502150215bfb2
05-25 16:17:16.822   800   800 I SurfaceFlinger: screenshot (com.oringnet.wm/com.oring.SlideActivity@24995#0)
05-25 16:17:16.904 24995 24995 W UiThreadStatement: Already on the UI thread, this method should not be called from the main application thread
05-25 16:17:16.904 24995 24995 I Dashboard: [Req]<Read RTD 2 mode> 010303050004544c
05-25 16:17:16.904 24995 24995 I Dashboard: [Rsp]<Read RTD 2 mode> 010308000000000000000095d7
05-25 16:17:16.904 24995 24995 I RTD_mode:: 0000000000000000
05-25 16:17:16.904 24995 24995 I finish  : @@!!
05-25 16:17:17.794 24995 24995 I ViewRootImpl: ViewRoot's Touch Event : ACTION_DOWN
05-25 16:17:17.805   800   800 I SurfaceFlinger: screenshot (com.oringnet.wm/com.oring.SlideActivity@24995#0)
05-25 16:17:17.810 24995 24995 I ViewRootImpl: ViewRoot's Touch Event : ACTION_UP
05-25 16:17:17.906   800   800 I SurfaceFlinger: screenshot (com.oringnet.wm/com.oring.SlideActivity@24995#0)
05-25 16:17:18.023   800   800 I SurfaceFlinger: screenshot (com.oringnet.wm/com.oring.SlideActivity@24995#0)
05-25 16:17:18.681 24995 24995 I EEWW:   : Willy_Appium_20210525160
05-25 16:17:18.709 24995 24995 I GetID   : androidx.navigation.NavController@4b6f983
05-25 16:17:18.730 24995 24995 D BluetoothGatt: setCharacteristicNotification() - uuid: 6e400003-b5a3-f393-e0a9-e50e24dcca9e enable: true
05-25 16:17:18.743 24995 24995 W com.oringnet.w: Accessing hidden field Landroid/view/animation/Animation;->mListener:Landroid/view/animation/Animation$AnimationListener; (greylist-max-p, reflection, allowed)
05-25 16:17:18.764 24995 24995 I Choreographer: Skipped 54 frames!  The application may be doing too much work on its main thread.
05-25 16:17:19.286   800   975 I BufferQueueProducer: [com.oringnet.wm/com.oring.SlideActivity@24995#0](this:0x798eb41800,id:3151,api:1,p:24995,c:800) queueBuffer: fps=9.73 dur=1439.44 max=1209.92 min=14.09
05-25 16:17:19.290 24995 25017 I OpenGLRenderer: Davey! duration=1431ms; Flags=0, IntendedVsync=425195888205568, Vsync=425196783579406, OldestInputEvent=9223372036854775807, NewestInputEvent=0, HandleInputStart=425196795110590, AnimationStart=425196795287898, PerformTraversalsStart=425196796904436, DrawStart=425197218877171, SyncQueued=425197277220407, SyncStart=425197278441407, IssueDrawCommandsStart=425197287961485, SwapBuffers=425197314998103, FrameCompleted=425197320470412, DequeueBufferDuration=1214000, QueueBufferDuration=4447000, 
05-25 16:17:19.304   800   800 I SurfaceFlinger: screenshot (com.oringnet.wm/com.oring.SlideActivity@24995#0)
05-25 16:17:19.307 24995 24995 I Choreographer: Skipped 32 frames!  The application may be doing too much work on its main thread.
05-25 16:17:19.461 24995 24995 W UiThreadStatement: Already on the UI thread, this method should not be called from the main application thread
05-25 16:17:19.461 24995 24995 I Dashboard: [Req]<Read DI Status> 01020000000479c9
05-25 16:17:19.461 24995 24995 I Dashboard: [Rsp]<Read DI Status> 01020100a188
05-25 16:17:19.536 24995 24995 I Dashboard: [Rsp]<Read DO Status> 010101005188
05-25 16:17:19.548 24995 24995 W UiThreadStatement: Already on the UI thread, this method should not be called from the main application thread
05-25 16:17:19.548 24995 24995 I Dashboard: [Req]<Read RELAY Status> 0101000000043dc9
05-25 16:17:19.579   800   800 I SurfaceFlinger: screenshot (com.oringnet.wm/com.oring.SlideActivity@24995#0)
05-25 16:17:19.635 24995 24995 W UiThreadStatement: Already on the UI thread, this method should not be called from the main application thread
05-25 16:17:19.635 24995 24995 I Dashboard: [Req]<Read RELAY Status> 010100040002fc0a
05-25 16:17:19.641 24995 24995 I Dashboard: [Rsp]<Read RELAY Status> 010101005188
05-25 16:17:19.704   800   800 I SurfaceFlinger: screenshot (com.oringnet.wm/com.oring.SlideActivity@24995#0)
05-25 16:17:19.731 24995 24995 W UiThreadStatement: Already on the UI thread, this method should not be called from the main application thread
05-25 16:17:19.731 24995 24995 I Dashboard: [Req]<Read DI COUNTER> 010404310004a136
05-25 16:17:19.732 24995 24995 I Dashboard: [Rsp]<Read DI COUNTER> 0104080000000000000000240d
05-25 16:17:19.829 24995 24995 W UiThreadStatement: Already on the UI thread, this method should not be called from the main application thread
05-25 16:17:19.829 24995 24995 I Dashboard: [Req]<Read AI 0 Status> 01040000000271cb
05-25 16:17:19.830 24995 24995 I Dashboard: [Rsp]<Read AI 0 Status> 01040400000000fb84
05-25 16:17:19.876 24995 24995 I AI_value:: 0.0
05-25 16:17:19.876 24995 24995 I AI_raw: : 00000000
05-25 16:17:19.956   800   800 I SurfaceFlinger: screenshot (com.oringnet.wm/com.oring.SlideActivity@24995#0)
05-25 16:17:19.976 24995 24995 W UiThreadStatement: Already on the UI thread, this method should not be called from the main application thread
05-25 16:17:19.976 24995 24995 I Dashboard: [Req]<Read AI 1 Status> 010400020002d00b
05-25 16:17:19.976 24995 24995 I Dashboard: [Rsp]<Read AI 1 Status> 01040400000000fb84
05-25 16:17:20.021 24995 24995 I AI_value:: 0.0
05-25 16:17:20.021 24995 24995 I AI_raw: : 00000000
05-25 16:17:20.110   800   800 I SurfaceFlinger: screenshot (com.oringnet.wm/com.oring.SlideActivity@24995#0)
05-25 16:17:20.120 24995 24995 W UiThreadStatement: Already on the UI thread, this method should not be called from the main application thread
05-25 16:17:20.120 24995 24995 I Dashboard: [Req]<Read AI 2 Status> 010400040002300a
05-25 16:17:20.121 24995 24995 I Dashboard: [Rsp]<Read AI 2 Status> 0104044412f99a8d4a
05-25 16:17:20.210 24995 24995 I AI_value:: 587.9
05-25 16:17:20.210 24995 24995 I AI_raw: : 4412f99a
05-25 16:17:20.304   800  4119 I BufferQueueProducer: [com.oringnet.wm/com.oring.SlideActivity@24995#0](this:0x798eb41800,id:3151,api:1,p:24995,c:800) queueBuffer: fps=10.80 dur=1018.09 max=192.89 min=26.73
05-25 16:17:20.308   800   800 I SurfaceFlinger: screenshot (com.oringnet.wm/com.oring.SlideActivity@24995#0)
05-25 16:17:20.331 24995 24995 I Dashboard: [Rsp]<Read AI 3 Status> 0104044412f99a8d4a
05-25 16:17:20.411   800   800 I SurfaceFlinger: screenshot (com.oringnet.wm/com.oring.SlideActivity@24995#0)
05-25 16:17:20.435 24995 24995 I AI_value:: 587.9
05-25 16:17:20.435 24995 24995 I AI_raw: : 4412f99a
05-25 16:17:20.458 24995 24995 W UiThreadStatement: Already on the UI thread, this method should not be called from the main application thread
05-25 16:17:20.458 24995 24995 I Dashboard: [Req]<Read AI 4 Status> 01040006000291ca
05-25 16:17:20.524   800   800 I SurfaceFlinger: screenshot (com.oringnet.wm/com.oring.SlideActivity@24995#0)
05-25 16:17:20.569 24995 24995 W UiThreadStatement: Already on the UI thread, this method should not be called from the main application thread
05-25 16:17:20.569 24995 24995 I Dashboard: [Req]<Read AI 4 Status> 010400080002f009
05-25 16:17:20.570 24995 24995 I Dashboard: [Rsp]<Read AI 4 Status> 01040400000000fb84
05-25 16:17:20.676 24995 24995 I AI_value:: 0.0
05-25 16:17:20.676 24995 24995 I AI_raw: : 00000000
05-25 16:17:20.850 24995 24995 I AI_value:: 0.0
05-25 16:17:20.850 24995 24995 I AI_raw: : 00000000
05-25 16:17:20.926   800   800 I SurfaceFlinger: screenshot (com.oringnet.wm/com.oring.SlideActivity@24995#0)
05-25 16:17:20.950 24995 24995 I Dashboard: [Rsp]<Read AI Type> 01030c000600060215021502150215bfb2
05-25 16:17:21.047 24995 24995 I Dashboard: [Rsp]<Read RTD 2 mode> 010308000000000000000095d7
05-25 16:17:21.048 24995 24995 I RTD_mode:: 0000000000000000
05-25 16:17:21.048 24995 24995 I finish  : @@!!
05-25 16:17:21.048 24995 24995 W UiThreadStatement: Already on the UI thread, this method should not be called from the main application thread
05-25 16:17:21.048 24995 24995 I Dashboard: [Req]<Read RTD 2 mode> 010303050004544c
05-25 16:17:24.815 24995 24995 I ViewRootImpl: ViewRoot's Touch Event : ACTION_DOWN
05-25 16:17:24.825   800   800 I SurfaceFlinger: screenshot (com.oringnet.wm/com.oring.SlideActivity@24995#0)
05-25 16:17:24.866   800   975 I BufferQueueProducer: [com.oringnet.wm/com.oring.SlideActivity@24995#0](this:0x798eb41800,id:3151,api:1,p:24995,c:800) queueBuffer: fps=2.63 dur=4562.14 max=3868.85 min=8.69
05-25 16:17:24.939   800   800 I SurfaceFlinger: screenshot (com.oringnet.wm/com.oring.SlideActivity@24995#0)
05-25 16:17:25.055   800   800 I SurfaceFlinger: screenshot (com.oringnet.wm/com.oring.SlideActivity@24995#0)
05-25 16:17:25.157   800   800 I SurfaceFlinger: screenshot (com.oringnet.wm/com.oring.SlideActivity@24995#0)
05-25 16:17:25.276   800   800 I SurfaceFlinger: screenshot (com.oringnet.wm/com.oring.SlideActivity@24995#0)
05-25 16:17:25.391   800   800 I SurfaceFlinger: screenshot (com.oringnet.wm/com.oring.SlideActivity@24995#0)
05-25 16:17:25.507   800   800 I SurfaceFlinger: screenshot (com.oringnet.wm/com.oring.SlideActivity@24995#0)
05-25 16:17:25.607   800   800 I SurfaceFlinger: screenshot (com.oringnet.wm/com.oring.SlideActivity@24995#0)
05-25 16:17:25.724   800   800 I SurfaceFlinger: screenshot (com.oringnet.wm/com.oring.SlideActivity@24995#0)
05-25 16:17:25.839   800   800 I SurfaceFlinger: screenshot (com.oringnet.wm/com.oring.SlideActivity@24995#0)
