07-18 23:35:21.878 13990 14212 I myPeriod_I/O: 目前時間:2021/07/18 11:35:21
07-18 23:35:21.878 13990 14212 I myPeriod_I/O: 目前timerCount:0
07-18 23:35:21.878 13990 14212 I myPeriod_I/O: 當前於輪詢中
07-18 23:35:21.932 13990 13990 I I/O     : [Rsp]<Read AI 0 Status> 010404bc9d20ff167a
07-18 23:35:21.945 13990 13990 I AI_value:: -0.019
07-18 23:35:21.945 13990 13990 I AI_raw: : bc9d20ff
07-18 23:35:21.950 13990 13990 W UiThreadStatement: Already on the UI thread, this method should not be called from the main application thread
07-18 23:35:21.950 13990 13990 I I/O     : [Req]<Read AI 1 Status> 01040000000271cb
07-18 23:35:21.994   797   797 I SurfaceFlinger: screenshot (com.oringnet.wm/com.oring.SlideActivity@13990#0)
07-18 23:35:22.030 13990 13990 I I/O     : [Rsp]<Read AI 1 Status> 0104043dcc0abab104
07-18 23:35:22.047 13990 13990 I AI_value:: 0.1
07-18 23:35:22.048 13990 13990 I AI_raw: : 3dcc0aba
07-18 23:35:22.054 13990 13990 W UiThreadStatement: Already on the UI thread, this method should not be called from the main application thread
07-18 23:35:22.054 13990 13990 I I/O     : [Req]<Read AI 2 Status> 010400020002d00b
07-18 23:35:22.129 13990 13990 W UiThreadStatement: Already on the UI thread, this method should not be called from the main application thread
07-18 23:35:22.129 13990 13990 I I/O     : [Req]<Read AI 2 Status> 010400040002300a
07-18 23:35:22.130 13990 13990 I I/O     : [Rsp]<Read AI 2 Status> 0104044412f99a8d4a
07-18 23:35:22.173 13990 13990 I AI_value:: 587.9
07-18 23:35:22.173 13990 13990 I AI_raw: : 4412f99a
07-18 23:35:22.277 13990 13990 I I/O     : [Rsp]<Read AI 3 Status> 01040400000000fb84
07-18 23:35:22.305 13990 13990 I AI_value:: 0.0
07-18 23:35:22.305 13990 13990 I AI_raw: : 00000000
07-18 23:35:22.310 13990 13990 W UiThreadStatement: Already on the UI thread, this method should not be called from the main application thread
07-18 23:35:22.310 13990 13990 I I/O     : [Req]<Read AI 4 Status> 01040006000291ca
07-18 23:35:22.374 13990 13990 I I/O     : [Rsp]<Read AI 4 Status> 0104044412f99a8d4a
07-18 23:35:22.378 13990 14212 I myPeriod_I/O: 目前時間:2021/07/18 11:35:22
07-18 23:35:22.378 13990 14212 I myPeriod_I/O: 目前timerCount:0
07-18 23:35:22.378 13990 14212 I myPeriod_I/O: 當前於輪詢中
07-18 23:35:22.436 13990 13990 I AI_value:: 587.9
07-18 23:35:22.436 13990 13990 I AI_raw: : 4412f99a
07-18 23:35:22.444 13990 13990 W UiThreadStatement: Already on the UI thread, this method should not be called from the main application thread
07-18 23:35:22.444 13990 13990 I I/O     : [Req]<Read AI 5 Status> 010400080002f009
07-18 23:35:22.461   797   797 I SurfaceFlinger: screenshot (com.oringnet.wm/com.oring.SlideActivity@13990#0)
07-18 23:35:22.517 13990 13990 W UiThreadStatement: Already on the UI thread, this method should not be called from the main application thread
07-18 23:35:22.517 13990 13990 I I/O     : [Req]<Read AI 5 Status> 0104000A000251c9
07-18 23:35:22.517 13990 13990 I I/O     : [Rsp]<Read AI 5 Status> 01040400000000fb84
07-18 23:35:22.563 13990 13990 I AI_value:: 0.0
07-18 23:35:22.563 13990 13990 I AI_raw: : 00000000
07-18 23:35:22.620   797   797 I SurfaceFlinger: screenshot (com.oringnet.wm/com.oring.SlideActivity@13990#0)
07-18 23:35:22.664 13990 13990 W UiThreadStatement: Already on the UI thread, this method should not be called from the main application thread
07-18 23:35:22.664 13990 13990 I I/O     : [Req]<Read AI Type> 010304000006c4f8
07-18 23:35:22.664 13990 13990 I I/O     : [Rsp]<Read AI Type> 01030c000501020215031302150313dbb0
07-18 23:35:22.761 13990 13990 I I/O     : [Rsp]<Read RTD 2 mode> 0103080003000200000000df17
07-18 23:35:22.761 13990 13990 I RTD_mode:: 0003000200000000
07-18 23:35:22.761 13990 13990 I parseRTD_mode: SW index 0 = 3
07-18 23:35:22.761 13990 13990 I parseRTD_mode: SW index 2 = 2
07-18 23:35:22.761 13990 13990 I parseRTD_mode: SW index 1 = 0
07-18 23:35:22.761 13990 13990 I parseRTD_mode: SW index 3 = 0
07-18 23:35:22.767 13990 13990 W UiThreadStatement: Already on the UI thread, this method should not be called from the main application thread
07-18 23:35:22.767 13990 13990 I I/O     : [Req]<Read Mode> 010303050004544c
07-18 23:35:22.861 13990 13990 I I/O     : [Rsp]<Read Mode> 01040261021161
07-18 23:35:22.861 13990 13990 I MCU_MODE: Status = 24834
07-18 23:35:22.861 13990 13990 I finish  : @@!!
07-18 23:35:22.861 13990 13990 W UiThreadStatement: Already on the UI thread, this method should not be called from the main application thread
07-18 23:35:22.861 13990 13990 I I/O     : [Req]<Read Mode> 010403f90001e1bf
07-18 23:35:22.878 13990 14212 I myPeriod_I/O: 目前時間:2021/07/18 11:35:22
07-18 23:35:22.878 13990 14212 I myPeriod_I/O: 目前timerCount:-1
07-18 23:35:22.878 13990 14212 I myPeriod_I/O: is pendding -> 0
07-18 23:35:23.380 13990 14212 I myPeriod_I/O: 目前時間:2021/07/18 11:35:23
07-18 23:35:23.380 13990 14212 I myPeriod_I/O: 目前timerCount:-1
07-18 23:35:23.380 13990 14212 I myPeriod_I/O: is pendding -> 1
07-18 23:35:23.880 13990 14212 I myPeriod_I/O: 目前時間:2021/07/18 11:35:23
07-18 23:35:23.881 13990 14212 I myPeriod_I/O: 目前timerCount:-1
07-18 23:35:23.881 13990 14212 I myPeriod_I/O: is pendding -> 2
07-18 23:35:24.381 13990 14212 I myPeriod_I/O: 目前時間:2021/07/18 11:35:24
07-18 23:35:24.381 13990 14212 I myPeriod_I/O: 目前timerCount:-1
07-18 23:35:24.381 13990 14212 I myPeriod_I/O: is pendding -> 3
07-18 23:35:24.881 13990 14212 I myPeriod_I/O: 目前時間:2021/07/18 11:35:24
07-18 23:35:24.881 13990 14212 I myPeriod_I/O: 目前timerCount:-1
07-18 23:35:24.881 13990 14212 I myPeriod_I/O: is pendding -> 4
07-18 23:35:25.379 13990 13990 I ViewRootImpl: ViewRoot's Touch Event : ACTION_DOWN
07-18 23:35:25.383 13990 14212 I myPeriod_I/O: 目前時間:2021/07/18 11:35:25
07-18 23:35:25.383 13990 14212 I myPeriod_I/O: 目前timerCount:-1
07-18 23:35:25.383 13990 14212 I myPeriod_I/O: is pendding -> 5
07-18 23:35:25.389 13990 13990 I ViewRootImpl: ViewRoot's Touch Event : ACTION_UP
07-18 23:35:25.393 13990 13990 I PortN:  : 項目 0/名稱 R0
07-18 23:35:25.393 13990 13990 I Lang:   : zh
07-18 23:35:25.393 13990 13990 I YYTT:   : @@
07-18 23:35:25.533 13990 13990 I bleConfigPort: 2
07-18 23:35:25.542 13990 13990 D BluetoothGatt: setCharacteristicNotification() - uuid: 6e400003-b5a3-f393-e0a9-e50e24dcca9e enable: true
07-18 23:35:25.661   797  2128 I BufferQueueProducer: [com.oringnet.wm/com.oring.SlideActivity@13990#0](this:0x7556dc3800,id:754,api:1,p:13990,c:797) queueBuffer: fps=2.37 dur=3804.26 max=2869.44 min=94.42
07-18 23:35:25.664 13990 13990 I @Select : Pt100, -200 to 850°C
07-18 23:35:25.665 13990 13990 I refresh_step_R: 1
07-18 23:35:25.695   797   797 I SurfaceFlinger: screenshot (com.oringnet.wm/com.oring.SlideActivity@13990#0)
07-18 23:35:25.735 13990 13990 W UiThreadStatement: Already on the UI thread, this method should not be called from the main application thread
07-18 23:35:25.735 13990 13990 I RTDPage : [Req]<READ CHANNEL ENABLE> 01030410000184ff
07-18 23:35:25.735 13990 13990 I RTDPage : [Rsp]<READ CHANNEL ENABLE> 01030200017984
07-18 23:35:25.735 13990 13990 I MyCount : 0/-1
07-18 23:35:25.736 13990 13990 I refresh_step: 1
07-18 23:35:25.737   797   797 I SurfaceFlinger: screenshot (com.oringnet.wm/com.oring.SlideActivity@13990#0)
07-18 23:35:25.737 13990 13990 I refresh_step_R: 2
07-18 23:35:25.811   797   797 I SurfaceFlinger: screenshot (com.oringnet.wm/com.oring.SlideActivity@13990#0)
07-18 23:35:25.848 13990 13990 I RTDPage : [Rsp]<READ INPUT TYPE> 010302021578eb
07-18 23:35:25.849 13990 13990 I MyCount : 0/-1
07-18 23:35:25.849 13990 13990 I refresh_step: 2
07-18 23:35:25.849 13990 13990 I refresh_step_R: 3
07-18 23:35:25.858 13990 13990 W UiThreadStatement: Already on the UI thread, this method should not be called from the main application thread
07-18 23:35:25.858 13990 13990 I RTDPage : [Req]<READ HIGH ALARM ENABLE> 01030402000124fa
07-18 23:35:25.911   797   797 I SurfaceFlinger: screenshot (com.oringnet.wm/com.oring.SlideActivity@13990#0)
07-18 23:35:25.949 13990 13990 I RTDPage : [Rsp]<READ HIGH ALARM ENABLE> 0103020000b844
07-18 23:35:25.949 13990 13990 I MyCount : 0/-1
07-18 23:35:25.949 13990 13990 I refresh_step: 3
07-18 23:35:25.949 13990 13990 I refresh_step_R: 4
07-18 23:35:25.956 13990 13990 W UiThreadStatement: Already on the UI thread, this method should not be called from the main application thread
07-18 23:35:25.956 13990 13990 I RTDPage : [Req]<READ HIGH ALARM> 0103046300017524
07-18 23:35:26.028   797   797 I SurfaceFlinger: screenshot (com.oringnet.wm/com.oring.SlideActivity@13990#0)
07-18 23:35:26.030 13990 13990 W UiThreadStatement: Already on the UI thread, this method should not be called from the main application thread
07-18 23:35:26.030 13990 13990 I RTDPage : [Req]<READ HIGH ALARM> 0103046600016525
07-18 23:35:26.030 13990 13990 I RTDPage : [Rsp]<READ HIGH ALARM> 0103020000b844
07-18 23:35:26.030 13990 13990 I MyCount : 0/-1
07-18 23:35:26.030 13990 13990 I refresh_step: 4
07-18 23:35:26.031 13990 13990 I Float   : 0000
07-18 23:35:26.032 13990 13990 I refresh_step_R: 5
07-18 23:35:26.126 13990 13990 I RTDPage : [Rsp]<READ LOW ALARM ENABLE> 0103020000b844
07-18 23:35:26.126 13990 13990 I MyCount : 1/-1
07-18 23:35:26.126 13990 13990 I refresh_step: 5
07-18 23:35:26.127 13990 13990 I refresh_step_R: 6
07-18 23:35:26.134 13990 13990 W UiThreadStatement: Already on the UI thread, this method should not be called from the main application thread
07-18 23:35:26.135 13990 13990 I RTDPage : [Req]<READ LOW ALARM> 01030485000194d3
07-18 23:35:26.224 13990 13990 I RTDPage : [Rsp]<READ LOW ALARM> 0103020000b844
07-18 23:35:26.225 13990 13990 I MyCount : 0/-1
07-18 23:35:26.225 13990 13990 I refresh_step: 6
07-18 23:35:26.227 13990 13990 I refresh_step_R: 7
07-18 23:35:26.237 13990 13990 W UiThreadStatement: Already on the UI thread, this method should not be called from the main application thread
07-18 23:35:26.237 13990 13990 I RTDPage : [Req]<READ THRESHOLD> 0103048800010510
07-18 23:35:26.322 13990 13990 W UiThreadStatement: Already on the UI thread, this method should not be called from the main application thread
07-18 23:35:26.322 13990 13990 I RTDPage : [Req]<READ THRESHOLD> 010304A90001551a
07-18 23:35:26.326 13990 13990 I RTDPage : [Rsp]<READ THRESHOLD> 010302000bf983
07-18 23:35:26.326 13990 13990 I MyCount : 0/-1
07-18 23:35:26.326 13990 13990 I refresh_step: 7
07-18 23:35:26.328 13990 13990 I refresh_step_R: 8
07-18 23:35:26.372   797   797 I SurfaceFlinger: screenshot (com.oringnet.wm/com.oring.SlideActivity@13990#0)
07-18 23:35:26.418 13990 13990 W UiThreadStatement: Already on the UI thread, this method should not be called from the main application thread
07-18 23:35:26.418 13990 13990 I RTDPage : [Req]<READ XY%_THRESHOLD> 01030CE6000166ad
07-18 23:35:26.418 13990 13990 I RTDPage : [Rsp]<READ XY%_THRESHOLD> 010302000a3843
07-18 23:35:26.418 13990 13990 I MyCount : 0/-1
07-18 23:35:26.418 13990 13990 I refresh_step: 8
07-18 23:35:26.421 13990 13990 I refresh_step_R: 9
07-18 23:35:26.514 13990 13990 W UiThreadStatement: Already on the UI thread, this method should not be called from the main application thread
07-18 23:35:26.514 13990 13990 I RTDPage : [Req]<READ XY% ENABLE> 01030C80000186b2
07-18 23:35:26.515 13990 13990 I RTDPage : [Rsp]<READ XY% ENABLE> 018302c0f1010302561c862d
07-18 23:35:26.515 13990 13990 I MyCount : 0/-1
07-18 23:35:26.727 13990 13990 I ViewRootImpl: ViewRoot's Touch Event : ACTION_DOWN
07-18 23:35:26.728   797   797 I SurfaceFlinger: screenshot (com.oringnet.wm/com.oring.SlideActivity@13990#0)
07-18 23:35:26.732 13990 13990 I ViewRootImpl: ViewRoot's Touch Event : ACTION_UP
07-18 23:35:26.750   797  2128 I BufferQueueProducer: [com.oringnet.wm/com.oring.SlideActivity@13990#0](this:0x7556dc3800,id:754,api:1,p:13990,c:797) queueBuffer: fps=25.70 dur=1089.61 max=310.66 min=9.67
07-18 23:35:26.777 13990 13990 I @Select : 500 Ω
07-18 23:35:26.829   797   797 I SurfaceFlinger: screenshot (com.oringnet.wm/com.oring.SlideActivity@13990#0)
07-18 23:35:26.947   797   797 I SurfaceFlinger: screenshot (com.oringnet.wm/com.oring.SlideActivity@13990#0)
07-18 23:35:26.953   797   797 I SurfaceFlinger: screenshot (com.oringnet.wm/com.oring.SlideActivity@13990#0)
07-18 23:35:27.061   797   797 I SurfaceFlinger: screenshot (com.oringnet.wm/com.oring.SlideActivity@13990#0)
07-18 23:35:27.162   797   797 I SurfaceFlinger: screenshot (com.oringnet.wm/com.oring.SlideActivity@13990#0)
07-18 23:35:27.263   797   797 I SurfaceFlinger: screenshot (com.oringnet.wm/com.oring.SlideActivity@13990#0)
07-18 23:35:27.696   797   797 I SurfaceFlinger: screenshot (com.oringnet.wm/com.oring.SlideActivity@13990#0)
07-18 23:35:28.215   797  2128 I BufferQueueProducer: [com.oringnet.wm/com.oring.SlideActivity@13990#0](this:0x7556dc3800,id:754,api:1,p:13990,c:797) queueBuffer: fps=28.67 dur=1465.03 max=530.31 min=11.15
07-18 23:35:29.368   797  2128 I BufferQueueProducer: [com.oringnet.wm/com.oring.SlideActivity@13990#0](this:0x7556dc3800,id:754,api:1,p:13990,c:797) queueBuffer: fps=0.87 dur=1152.26 max=1152.26 min=1152.26
07-18 23:35:29.880   797   797 I SurfaceFlinger: screenshot (com.oringnet.wm/com.oring.SlideActivity@13990#0)
07-18 23:35:31.080 13990 13990 I ViewRootImpl: ViewRoot's Touch Event : ACTION_DOWN
07-18 23:35:31.091 13990 13990 I ViewRootImpl: ViewRoot's Touch Event : ACTION_UP
07-18 23:35:31.124   797  2128 I BufferQueueProducer: [com.oringnet.wm/com.oring.SlideActivity@13990#0](this:0x7556dc3800,id:754,api:1,p:13990,c:797) queueBuffer: fps=1.14 dur=1756.22 max=1254.96 min=501.26
07-18 23:35:31.147   797   797 I SurfaceFlinger: screenshot (com.oringnet.wm/com.oring.SlideActivity@13990#0)
07-18 23:35:31.263   797   797 I SurfaceFlinger: screenshot (com.oringnet.wm/com.oring.SlideActivity@13990#0)
07-18 23:35:31.811 13990 13990 I ViewRootImpl: ViewRoot's Touch Event : ACTION_DOWN
07-18 23:35:31.814   797   797 I SurfaceFlinger: screenshot (com.oringnet.wm/com.oring.SlideActivity@13990#0)
07-18 23:35:31.816 13990 13990 I ViewRootImpl: ViewRoot's Touch Event : ACTION_UP
07-18 23:35:31.929   797   797 I SurfaceFlinger: screenshot (com.oringnet.wm/com.oring.SlideActivity@13990#0)
07-18 23:35:32.138   797  2128 I BufferQueueProducer: [com.oringnet.wm/com.oring.SlideActivity@13990#0](this:0x7556dc3800,id:754,api:1,p:13990,c:797) queueBuffer: fps=40.41 dur=1014.53 max=346.80 min=11.73
07-18 23:35:32.182   797   797 I SurfaceFlinger: screenshot (com.oringnet.wm/com.oring.SlideActivity@13990#0)
07-18 23:35:32.613 13990 13990 I ViewRootImpl: ViewRoot's Touch Event : ACTION_DOWN
07-18 23:35:32.663   797   797 I SurfaceFlinger: screenshot (com.oringnet.wm/com.oring.SlideActivity@13990#0)
07-18 23:35:33.014   797   797 I SurfaceFlinger: screenshot (com.oringnet.wm/com.oring.SlideActivity@13990#0)
07-18 23:35:33.154   797  2127 I BufferQueueProducer: [com.oringnet.wm/com.oring.SlideActivity@13990#0](this:0x7556dc3800,id:754,api:1,p:13990,c:797) queueBuffer: fps=35.43 dur=1016.04 max=433.11 min=14.36
07-18 23:35:33.265   797   797 I SurfaceFlinger: screenshot (com.oringnet.wm/com.oring.SlideActivity@13990#0)
07-18 23:35:33.530   797   797 I SurfaceFlinger: screenshot (com.oringnet.wm/com.oring.SlideActivity@13990#0)
07-18 23:35:33.553 13990 13990 I ViewRootImpl: ViewRoot's Touch Event : ACTION_UP
07-18 23:35:33.553 13990 13990 I TouchFlickNoti: CHANGE UP TO DOWN vectorVelocity:0
07-18 23:35:33.646   797   797 I SurfaceFlinger: screenshot (com.oringnet.wm/com.oring.SlideActivity@13990#0)
07-18 23:35:33.762   797   797 I SurfaceFlinger: screenshot (com.oringnet.wm/com.oring.SlideActivity@13990#0)
07-18 23:35:33.796 13990 13990 I ViewRootImpl: ViewRoot's Touch Event : ACTION_DOWN
07-18 23:35:33.862   797   797 I SurfaceFlinger: screenshot (com.oringnet.wm/com.oring.SlideActivity@13990#0)
07-18 23:35:34.062   797   797 I SurfaceFlinger: screenshot (com.oringnet.wm/com.oring.SlideActivity@13990#0)
07-18 23:35:34.165   797  2127 I BufferQueueProducer: [com.oringnet.wm/com.oring.SlideActivity@13990#0](this:0x7556dc3800,id:754,api:1,p:13990,c:797) queueBuffer: fps=59.33 dur=1011.22 max=42.43 min=8.89
07-18 23:35:34.180   797   797 I SurfaceFlinger: screenshot (com.oringnet.wm/com.oring.SlideActivity@13990#0)
07-18 23:35:34.396   797   797 I SurfaceFlinger: screenshot (com.oringnet.wm/com.oring.SlideActivity@13990#0)
07-18 23:35:34.497   797   797 I SurfaceFlinger: screenshot (com.oringnet.wm/com.oring.SlideActivity@13990#0)
07-18 23:35:34.614   797   797 I SurfaceFlinger: screenshot (com.oringnet.wm/com.oring.SlideActivity@13990#0)
07-18 23:35:34.701 13990 13990 I ViewRootImpl: ViewRoot's Touch Event : ACTION_UP
07-18 23:35:34.701 13990 13990 I TouchFlickNoti: CHANGE DOWN TO UP vectorVelocity:-1187
07-18 23:35:34.729   797   797 I SurfaceFlinger: screenshot (com.oringnet.wm/com.oring.SlideActivity@13990#0)
07-18 23:35:34.846   797   797 I SurfaceFlinger: screenshot (com.oringnet.wm/com.oring.SlideActivity@13990#0)
07-18 23:35:34.946   797   797 I SurfaceFlinger: screenshot (com.oringnet.wm/com.oring.SlideActivity@13990#0)
07-18 23:35:35.047   797   797 I SurfaceFlinger: screenshot (com.oringnet.wm/com.oring.SlideActivity@13990#0)
07-18 23:35:35.163   797   797 I SurfaceFlinger: screenshot (com.oringnet.wm/com.oring.SlideActivity@13990#0)
07-18 23:35:35.166   797  2128 I BufferQueueProducer: [com.oringnet.wm/com.oring.SlideActivity@13990#0](this:0x7556dc3800,id:754,api:1,p:13990,c:797) queueBuffer: fps=59.97 dur=1000.51 max=19.04 min=14.58
07-18 23:35:35.214   797   797 I SurfaceFlinger: screenshot (com.oringnet.wm/com.oring.SlideActivity@13990#0)
07-18 23:35:35.263   797   797 I SurfaceFlinger: screenshot (com.oringnet.wm/com.oring.SlideActivity@13990#0)
07-18 23:35:35.379   797   797 I SurfaceFlinger: screenshot (com.oringnet.wm/com.oring.SlideActivity@13990#0)
07-18 23:35:37.647 13990 13990 I ViewRootImpl: ViewRoot's Touch Event : ACTION_DOWN
07-18 23:35:37.647   797   797 I SurfaceFlinger: screenshot (com.oringnet.wm/com.oring.SlideActivity@13990#0)
07-18 23:35:37.651 13990 13990 I ViewRootImpl: ViewRoot's Touch Event : ACTION_UP
07-18 23:35:37.659 13990 13990 D PhoneWindow: windowLightStatusBar : false, disable View.SYSTEM_UI_FLAG_LIGHT_STATUS_BAR
07-18 23:35:37.674 13990 13990 I TouchFilterInputStageHelper: [needTouchEventFilter] Displayid : 0
07-18 23:35:37.676 13990 13990 D BezellessGripSuppressionFilter: getdisplaysize, x : 720 y : 1600
07-18 23:35:37.699   797  2128 I BufferQueueConsumer: [com.oringnet.wm/com.oring.SlideActivity@13990#1](this:0x75654b2800,id:758,api:0,p:-1,c:797) setConsumerName: com.oringnet.wm/com.oring.SlideActivity@13990#1
07-18 23:35:37.699   797  2128 I BufferQueueConsumer: [com.oringnet.wm/com.oring.SlideActivity@13990#1](this:0x75654b2800,id:758,api:0,p:-1,c:797) setDefaultBufferSize: width=126 height=126
07-18 23:35:37.699   797  2128 I SurfaceFlinger: Create BufferLayer(0x75654ae000) com.oringnet.wm/com.oring.SlideActivity@13990#1 (126 x 126)
07-18 23:35:37.706 13990 14011 D Surface : Surface::connect(this=0x737803d000,api=1)
07-18 23:35:37.707   797  2127 I BufferQueueProducer: [com.oringnet.wm/com.oring.SlideActivity@13990#1](this:0x75654b2800,id:758,api:1,p:13990,c:797) connect(P): api=1 producer=(13990:com.oringnet.wm) producerControlledByApp=false
07-18 23:35:37.708 13990 14011 D Surface : Surface::setBufferCount(this=0x737803d000,bufferCount=3)
07-18 23:35:37.709 13990 14011 D Surface : Surface::allocateBuffers(this=0x737803d000)
07-18 23:35:37.750   797  2127 I BufferQueueProducer: [com.oringnet.wm/com.oring.SlideActivity@13990#0](this:0x7556dc3800,id:754,api:1,p:13990,c:797) queueBuffer: fps=5.03 dur=2583.72 max=2384.16 min=15.36
07-18 23:35:37.776 13990 13990 W UiThreadStatement: Already on the UI thread, this method should not be called from the main application thread
07-18 23:35:37.776 13990 13990 I RTDPage : [Req]<WRITE CHANNEL ENABLE> 0110041000010200052103
07-18 23:35:37.776 13990 13990 I RTDPage : [Rsp]<WRITE CHANNEL ENABLE> 011004100001013c
07-18 23:35:37.776 13990 13990 I MyCount : -1/0
07-18 23:35:37.781   797   797 I MiniDump: 0x75654ab000 |     DEVICE |          0 | 1.000 |    0    0  720 1600 |   0.0   0.0 720.0 1600.0 | com.oringnet.wm/com.oring.SlideActivity@13990#0
07-18 23:35:37.781   797   797 I MiniDump: 0x75654ae000 |     DEVICE |          0 | 0.303 |  301  760  419  878 |   0.0   0.0 126.0 126.0 | com.oringnet.wm/com.oring.SlideActivity@13990#1
07-18 23:35:37.788   797   797 I SurfaceFlinger: screenshot (com.oringnet.wm/com.oring.SlideActivity@13990#0)
07-18 23:35:37.874 13990 13990 I RTDPage : [Rsp]<WRITE INPUT TYPE> 011004020001a139
07-18 23:35:37.874 13990 13990 I MyCount : -1/0
07-18 23:35:37.881 13990 13990 W UiThreadStatement: Already on the UI thread, this method should not be called from the main application thread
07-18 23:35:37.881 13990 13990 I RTDPage : [Req]<WRITE HIGH ALARM ENABLE> 01100402000102021522dd
07-18 23:35:37.972 13990 13990 W UiThreadStatement: Already on the UI thread, this method should not be called from the main application thread
07-18 23:35:37.972 13990 13990 I RTDPage : [Req]<WRITE HIGH ALARM ENABLE> 011004630001020004ebc0
07-18 23:35:37.972 13990 13990 I RTDPage : [Rsp]<WRITE HIGH ALARM ENABLE> 011004630001f0e7
07-18 23:35:37.972 13990 13990 I MyCount : -1/0
07-18 23:35:38.031   797   797 I SurfaceFlinger: screenshot (com.oringnet.wm/com.oring.SlideActivity@13990#0)
07-18 23:35:38.069 13990 13990 W UiThreadStatement: Already on the UI thread, this method should not be called from the main application thread
07-18 23:35:38.069 13990 13990 I RTDPage : [Req]<WRITE HIGH ALARM> 011004660001020000ea56
07-18 23:35:38.069 13990 13990 I RTDPage : [Rsp]<WRITE HIGH ALARM> 011004660001e0e6
07-18 23:35:38.069 13990 13990 I MyCount : -1/1
07-18 23:35:38.148   797   797 I SurfaceFlinger: screenshot (com.oringnet.wm/com.oring.SlideActivity@13990#0)
07-18 23:35:38.167 13990 13990 I RTDPage : [Rsp]<WRITE LOW ALARM ENABLE> 0110048500011110
07-18 23:35:38.167 13990 13990 I MyCount : -1/0
07-18 23:35:38.176 13990 13990 W UiThreadStatement: Already on the UI thread, this method should not be called from the main application thread
07-18 23:35:38.176 13990 13990 I RTDPage : [Req]<WRITE LOW ALARM> 011004850001020004fdc6
07-18 23:35:38.265   797   797 I SurfaceFlinger: screenshot (com.oringnet.wm/com.oring.SlideActivity@13990#0)
07-18 23:35:38.265 13990 13990 W UiThreadStatement: Already on the UI thread, this method should not be called from the main application thread
07-18 23:35:38.266 13990 13990 I RTDPage : [Req]<WRITE LOW ALARM> 011004880001020000fd18
07-18 23:35:38.266 13990 13990 I RTDPage : [Rsp]<WRITE LOW ALARM> 01100488000180d3
07-18 23:35:38.266 13990 13990 I MyCount : -1/0
07-18 23:35:38.371 13990 13990 I RTDPage : [Rsp]<WRITE THRESHOLD> 011004a90001d0d9
07-18 23:35:38.371 13990 13990 I MyCount : -1/0
07-18 23:35:38.381 13990 13990 W UiThreadStatement: Already on the UI thread, this method should not be called from the main application thread
07-18 23:35:38.381 13990 13990 I RTDPage : [Req]<WRITE XY%_THRESHOLD> 011004A900010204567957
07-18 23:35:38.459 13990 13990 I RTDPage : [Rsp]<WRITE XY%_THRESHOLD> 01100ce60001e36e
07-18 23:35:38.459 13990 13990 I MyCount : -1/0
07-18 23:35:38.475 13990 13990 W UiThreadStatement: Already on the UI thread, this method should not be called from the main application thread
07-18 23:35:38.475 13990 13990 I RTDPage : [Req]<WRITE XY% ENABLE> 01100CE6000102000Afc51
07-18 23:35:38.550   797   797 I SurfaceFlinger: screenshot (com.oringnet.wm/com.oring.SlideActivity@13990#0)
07-18 23:35:38.558 13990 13990 I RTDPage : [Rsp]<WRITE XY% ENABLE> 019002cdc1
07-18 23:35:38.558 13990 13990 I MyCount : -1/1
07-18 23:35:38.563 13990 14011 D Surface : Surface::disconnect(this=0x737803d000,api=1)
07-18 23:35:38.564   797  2128 I BufferQueueProducer: [com.oringnet.wm/com.oring.SlideActivity@13990#1](this:0x75654b2800,id:758,api:1,p:13990,c:797) disconnect(P): api 1
07-18 23:35:38.584 13990 13990 W UiThreadStatement: Already on the UI thread, this method should not be called from the main application thread
07-18 23:35:38.585 13990 13990 I RTDPage : [Req]<WRITE XY% ENABLE> 01100C8000010200047453
07-18 23:35:38.654   797   797 I SurfaceFlinger: screenshot (com.oringnet.wm/com.oring.SlideActivity@13990#0)
07-18 23:35:38.748   797   797 I MiniDump: 0x75654ab000 |     DEVICE |          0 | 1.000 |    0    0  720 1600 |   0.0   0.0 720.0 1600.0 | com.oringnet.wm/com.oring.SlideActivity@13990#0
07-18 23:35:38.828   797   797 I SurfaceFlinger: Remove BufferLayer(0x75654ae000) com.oringnet.wm/com.oring.SlideActivity@13990#1 (-1 x -1)
07-18 23:35:38.829   797   797 I BufferQueue: [com.oringnet.wm/com.oring.SlideActivity@13990#1](this:0x75654b2800,id:758,api:1,p:-1,c:-1) ~BufferQueueCore
07-18 23:35:38.832 13990 13990 I bleDevName:  
07-18 23:35:38.832   797   797 I MiniDump: 0x75654ab000 |     DEVICE |          0 | 1.000 |    0    0  720 1600 |   0.0   0.0 720.0 1600.0 | com.oringnet.wm/com.oring.SlideActivity@13990#0
07-18 23:35:38.836 13990 13990 I GetID   : b.a.e@520f62b
07-18 23:35:38.850 13990 13990 D BluetoothGatt: setCharacteristicNotification() - uuid: 6e400003-b5a3-f393-e0a9-e50e24dcca9e enable: true
07-18 23:35:38.881   797   797 I SurfaceFlinger: screenshot (com.oringnet.wm/com.oring.SlideActivity@13990#0)
07-18 23:35:38.998   797   797 I SurfaceFlinger: screenshot (com.oringnet.wm/com.oring.SlideActivity@13990#0)
07-18 23:35:39.002   797   826 I BufferQueueProducer: [com.oringnet.wm/com.oring.SlideActivity@13990#0](this:0x7556dc3800,id:754,api:1,p:13990,c:797) queueBuffer: fps=6.39 dur=1252.54 max=780.03 min=13.34
07-18 23:35:39.092 13990 13990 W UiThreadStatement: Already on the UI thread, this method should not be called from the main application thread
07-18 23:35:39.093 13990 13990 I I/O     : [Req]<Read DI Status> 01020000000479c9
07-18 23:35:39.093 13990 13990 I I/O     : [Rsp]<Read DI Status> 01020100a188
07-18 23:35:39.098   797   797 I SurfaceFlinger: screenshot (com.oringnet.wm/com.oring.SlideActivity@13990#0)
07-18 23:35:39.191 13990 13990 I I/O     : [Rsp]<Read DO Status> 010101005188
07-18 23:35:39.203 13990 13990 W UiThreadStatement: Already on the UI thread, this method should not be called from the main application thread
07-18 23:35:39.203 13990 13990 I I/O     : [Req]<Read RELAY Status> 0101000000043dc9
07-18 23:35:39.289 13990 13990 W UiThreadStatement: Already on the UI thread, this method should not be called from the main application thread
07-18 23:35:39.290 13990 13990 I I/O     : [Req]<Read RELAY Status> 010100040002fc0a
07-18 23:35:39.291 13990 13990 I I/O     : [Rsp]<Read RELAY Status> 010101005188
07-18 23:35:39.349   797   797 I SurfaceFlinger: screenshot (com.oringnet.wm/com.oring.SlideActivity@13990#0)
07-18 23:35:39.358 13990 14237 I myPeriod_I/O: 目前時間:2021/07/18 11:35:39
07-18 23:35:39.358 13990 14237 I myPeriod_I/O: 目前timerCount:0
07-18 23:35:39.358 13990 14237 I myPeriod_I/O: 當前於輪詢中
07-18 23:35:39.389 13990 13990 I I/O     : [Rsp]<Read DI COUNTER> 0104080000000000000000240d
07-18 23:35:39.399 13990 13990 W UiThreadStatement: Already on the UI thread, this method should not be called from the main application thread
07-18 23:35:39.399 13990 13990 I I/O     : [Req]<Read AI 0 Status> 010404310004a136
07-18 23:35:39.483 13990 13990 W UiThreadStatement: Already on the UI thread, this method should not be called from the main application thread
07-18 23:35:39.483 13990 13990 I I/O     : [Req]<Read AI 0 Status> 01040000000271cb
07-18 23:35:39.483 13990 13990 I I/O     : [Rsp]<Read AI 0 Status> 010404bc9d04df0ca2
07-18 23:35:39.499   797   797 I SurfaceFlinger: screenshot (com.oringnet.wm/com.oring.SlideActivity@13990#0)
07-18 23:35:39.500 13990 13990 I AI_value:: -0.019
07-18 23:35:39.500 13990 13990 I AI_raw: : bc9d04df
07-18 23:35:39.581 13990 13990 W UiThreadStatement: Already on the UI thread, this method should not be called from the main application thread
07-18 23:35:39.581 13990 13990 I I/O     : [Req]<Read AI 1 Status> 010400020002d00b
07-18 23:35:39.581 13990 13990 I I/O     : [Rsp]<Read AI 1 Status> 0104043dcc07e1f46f
07-18 23:35:39.599 13990 13990 I AI_value:: 0.1
07-18 23:35:39.599 13990 13990 I AI_raw: : 3dcc07e1
07-18 23:35:39.615   797   797 I SurfaceFlinger: screenshot (com.oringnet.wm/com.oring.SlideActivity@13990#0)
07-18 23:35:39.678 13990 13990 W UiThreadStatement: Already on the UI thread, this method should not be called from the main application thread
07-18 23:35:39.678 13990 13990 I I/O     : [Req]<Read AI 2 Status> 010400040002300a
07-18 23:35:39.680 13990 13990 I I/O     : [Rsp]<Read AI 2 Status> 0104044412f99a8d4a
07-18 23:35:39.727 13990 13990 I AI_value:: 587.9
07-18 23:35:39.727 13990 13990 I AI_raw: : 4412f99a
07-18 23:35:39.731   797   797 I SurfaceFlinger: screenshot (com.oringnet.wm/com.oring.SlideActivity@13990#0)
07-18 23:35:39.824 13990 13990 I I/O     : [Rsp]<Read AI 3 Status> 01040400000000fb84
07-18 23:35:39.847   797   797 I SurfaceFlinger: screenshot (com.oringnet.wm/com.oring.SlideActivity@13990#0)
07-18 23:35:39.857 13990 13990 I AI_value:: 0.0
07-18 23:35:39.857 13990 13990 I AI_raw: : 00000000
07-18 23:35:39.858 13990 14237 I myPeriod_I/O: 目前時間:2021/07/18 11:35:39
07-18 23:35:39.858 13990 14237 I myPeriod_I/O: 目前timerCount:0
07-18 23:35:39.858 13990 14237 I myPeriod_I/O: 當前於輪詢中
07-18 23:35:39.863 13990 13990 W UiThreadStatement: Already on the UI thread, this method should not be called from the main application thread
07-18 23:35:39.864 13990 13990 I I/O     : [Req]<Read AI 4 Status> 01040006000291ca
07-18 23:35:39.921 13990 13990 W UiThreadStatement: Already on the UI thread, this method should not be called from the main application thread
07-18 23:35:39.921 13990 13990 I I/O     : [Req]<Read AI 4 Status> 010400080002f009
07-18 23:35:39.922 13990 13990 I I/O     : [Rsp]<Read AI 4 Status> 0104044412f99a8d4a
07-18 23:35:39.947   797   797 I SurfaceFlinger: screenshot (com.oringnet.wm/com.oring.SlideActivity@13990#0)
07-18 23:35:39.957 13990 13990 I AI_value:: 587.9
07-18 23:35:39.957 13990 13990 I AI_raw: : 4412f99a
07-18 23:35:40.019 13990 13990 I I/O     : [Rsp]<Read AI 5 Status> 01040400000000fb84
07-18 23:35:40.048   797   797 I SurfaceFlinger: screenshot (com.oringnet.wm/com.oring.SlideActivity@13990#0)
07-18 23:35:40.056 13990 13990 I AI_value:: 0.0
07-18 23:35:40.056 13990 13990 I AI_raw: : 00000000
07-18 23:35:40.062 13990 13990 W UiThreadStatement: Already on the UI thread, this method should not be called from the main application thread
07-18 23:35:40.062 13990 13990 I I/O     : [Req]<Read AI Type> 0104000A000251c9
07-18 23:35:40.074   797  2128 I BufferQueueProducer: [com.oringnet.wm/com.oring.SlideActivity@13990#0](this:0x7556dc3800,id:754,api:1,p:13990,c:797) queueBuffer: fps=10.26 dur=1071.83 max=151.06 min=6.23
07-18 23:35:40.148   797   797 I SurfaceFlinger: screenshot (com.oringnet.wm/com.oring.SlideActivity@13990#0)
07-18 23:35:40.165 13990 13990 I I/O     : [Rsp]<Read AI Type> 01030c000501020215031302150313dbb0
07-18 23:35:40.175 13990 13990 W UiThreadStatement: Already on the UI thread, this method should not be called from the main application thread
07-18 23:35:40.175 13990 13990 I I/O     : [Req]<Read RTD 2 mode> 010304000006c4f8
07-18 23:35:40.262 13990 13990 I I/O     : [Rsp]<Read RTD 2 mode> 0103080003000200000000df17
07-18 23:35:40.263 13990 13990 I RTD_mode:: 0003000200000000
07-18 23:35:40.263 13990 13990 I parseRTD_mode: SW index 0 = 3
07-18 23:35:40.263 13990 13990 I parseRTD_mode: SW index 2 = 2
07-18 23:35:40.263 13990 13990 I parseRTD_mode: SW index 1 = 0
07-18 23:35:40.263 13990 13990 I parseRTD_mode: SW index 3 = 0
07-18 23:35:40.265   797   797 I SurfaceFlinger: screenshot (com.oringnet.wm/com.oring.SlideActivity@13990#0)
07-18 23:35:40.283 13990 13990 W UiThreadStatement: Already on the UI thread, this method should not be called from the main application thread
07-18 23:35:40.284 13990 13990 I I/O     : [Req]<Read Mode> 010303050004544c
07-18 23:35:40.357 13990 14237 I myPeriod_I/O: 目前時間:2021/07/18 11:35:40
07-18 23:35:40.358 13990 14237 I myPeriod_I/O: 目前timerCount:0
07-18 23:35:40.358 13990 14237 I myPeriod_I/O: 當前於輪詢中
07-18 23:35:40.361 13990 13990 I I/O     : [Rsp]<Read Mode> 01040261021161
07-18 23:35:40.361 13990 13990 I MCU_MODE: Status = 24834
07-18 23:35:40.361 13990 13990 I finish  : @@!!
07-18 23:35:40.361 13990 13990 W UiThreadStatement: Already on the UI thread, this method should not be called from the main application thread
07-18 23:35:40.361 13990 13990 I I/O     : [Req]<Read Mode> 010403f90001e1bf
07-18 23:35:40.399   797   797 I SurfaceFlinger: screenshot (com.oringnet.wm/com.oring.SlideActivity@13990#0)
07-18 23:35:40.515   797   797 I SurfaceFlinger: screenshot (com.oringnet.wm/com.oring.SlideActivity@13990#0)
07-18 23:35:40.632   797   797 I SurfaceFlinger: screenshot (com.oringnet.wm/com.oring.SlideActivity@13990#0)
07-18 23:35:40.747   797   797 I SurfaceFlinger: screenshot (com.oringnet.wm/com.oring.SlideActivity@13990#0)
07-18 23:35:40.848 13990 13990 I ViewRootImpl: ViewRoot's Touch Event : ACTION_DOWN
07-18 23:35:40.857 13990 14237 I myPeriod_I/O: 目前時間:2021/07/18 11:35:40
07-18 23:35:40.858 13990 14237 I myPeriod_I/O: 目前timerCount:-1
07-18 23:35:40.858 13990 14237 I myPeriod_I/O: is pendding -> 0
07-18 23:35:40.949   797   797 I SurfaceFlinger: screenshot (com.oringnet.wm/com.oring.SlideActivity@13990#0)
07-18 23:35:41.089   797   826 I BufferQueueProducer: [com.oringnet.wm/com.oring.SlideActivity@13990#0](this:0x7556dc3800,id:754,api:1,p:13990,c:797) queueBuffer: fps=30.56 dur=1014.45 max=184.65 min=8.02
07-18 23:35:41.201   797   797 I SurfaceFlinger: screenshot (com.oringnet.wm/com.oring.SlideActivity@13990#0)
07-18 23:35:41.358 13990 14237 I myPeriod_I/O: 目前時間:2021/07/18 11:35:41
07-18 23:35:41.358 13990 14237 I myPeriod_I/O: 目前timerCount:-1
07-18 23:35:41.358 13990 14237 I myPeriod_I/O: is pendding -> 1
07-18 23:35:41.467   797   797 I SurfaceFlinger: screenshot (com.oringnet.wm/com.oring.SlideActivity@13990#0)
07-18 23:35:41.582   797   797 I SurfaceFlinger: screenshot (com.oringnet.wm/com.oring.SlideActivity@13990#0)
07-18 23:35:41.749   797   797 I SurfaceFlinger: screenshot (com.oringnet.wm/com.oring.SlideActivity@13990#0)
07-18 23:35:41.774 13990 13990 I ViewRootImpl: ViewRoot's Touch Event : ACTION_UP
07-18 23:35:41.775 13990 13990 I TouchFlickNoti: CHANGE UP TO DOWN vectorVelocity:1357
07-18 23:35:41.858 13990 14237 I myPeriod_I/O: 目前時間:2021/07/18 11:35:41
07-18 23:35:41.858 13990 14237 I myPeriod_I/O: 目前timerCount:-1
07-18 23:35:41.858 13990 14237 I myPeriod_I/O: is pendding -> 2
07-18 23:35:41.865   797   797 I SurfaceFlinger: screenshot (com.oringnet.wm/com.oring.SlideActivity@13990#0)
07-18 23:35:41.981   797   797 I SurfaceFlinger: screenshot (com.oringnet.wm/com.oring.SlideActivity@13990#0)
07-18 23:35:42.032 13990 13990 I ViewRootImpl: ViewRoot's Touch Event : ACTION_DOWN
07-18 23:35:42.081   797   797 I SurfaceFlinger: screenshot (com.oringnet.wm/com.oring.SlideActivity@13990#0)
07-18 23:35:42.100   797  2127 I BufferQueueProducer: [com.oringnet.wm/com.oring.SlideActivity@13990#0](this:0x7556dc3800,id:754,api:1,p:13990,c:797) queueBuffer: fps=60.30 dur=1011.63 max=19.60 min=11.55
07-18 23:35:42.198   797   797 I SurfaceFlinger: screenshot (com.oringnet.wm/com.oring.SlideActivity@13990#0)
07-18 23:35:42.314   797   797 I SurfaceFlinger: screenshot (com.oringnet.wm/com.oring.SlideActivity@13990#0)
07-18 23:35:42.357 13990 14237 I myPeriod_I/O: 目前時間:2021/07/18 11:35:42
07-18 23:35:42.358 13990 14237 I myPeriod_I/O: 目前timerCount:-1
07-18 23:35:42.358 13990 14237 I myPeriod_I/O: is pendding -> 3
07-18 23:35:42.431   797   797 I SurfaceFlinger: screenshot (com.oringnet.wm/com.oring.SlideActivity@13990#0)
07-18 23:35:42.532   797   797 I SurfaceFlinger: screenshot (com.oringnet.wm/com.oring.SlideActivity@13990#0)
07-18 23:35:42.648   797   797 I SurfaceFlinger: screenshot (com.oringnet.wm/com.oring.SlideActivity@13990#0)
07-18 23:35:42.764   797   797 I SurfaceFlinger: screenshot (com.oringnet.wm/com.oring.SlideActivity@13990#0)
07-18 23:35:42.857 13990 14237 I myPeriod_I/O: 目前時間:2021/07/18 11:35:42
07-18 23:35:42.857 13990 14237 I myPeriod_I/O: 目前timerCount:-1
07-18 23:35:42.857 13990 14237 I myPeriod_I/O: is pendding -> 4
07-18 23:35:42.865   797   797 I SurfaceFlinger: screenshot (com.oringnet.wm/com.oring.SlideActivity@13990#0)
07-18 23:35:42.937 13990 13990 I ViewRootImpl: ViewRoot's Touch Event : ACTION_UP
07-18 23:35:42.937 13990 13990 I TouchFlickNoti: CHANGE DOWN TO UP vectorVelocity:-1192
07-18 23:35:42.981   797   797 I SurfaceFlinger: screenshot (com.oringnet.wm/com.oring.SlideActivity@13990#0)
07-18 23:35:43.081   797   797 I SurfaceFlinger: screenshot (com.oringnet.wm/com.oring.SlideActivity@13990#0)
07-18 23:35:43.101   797  2127 I BufferQueueProducer: [com.oringnet.wm/com.oring.SlideActivity@13990#0](this:0x7556dc3800,id:754,api:1,p:13990,c:797) queueBuffer: fps=59.97 dur=1000.48 max=18.43 min=14.85
07-18 23:35:43.198   797   797 I SurfaceFlinger: screenshot (com.oringnet.wm/com.oring.SlideActivity@13990#0)
07-18 23:35:43.314   797   797 I SurfaceFlinger: screenshot (com.oringnet.wm/com.oring.SlideActivity@13990#0)
07-18 23:35:43.358 13990 14237 I myPeriod_I/O: 目前時間:2021/07/18 11:35:43
07-18 23:35:43.358 13990 14237 I myPeriod_I/O: 目前timerCount:-1
07-18 23:35:43.358 13990 14237 I myPeriod_I/O: is pendding -> 5
07-18 23:35:43.415   797   797 I SurfaceFlinger: screenshot (com.oringnet.wm/com.oring.SlideActivity@13990#0)
07-18 23:35:43.515   797   797 I SurfaceFlinger: screenshot (com.oringnet.wm/com.oring.SlideActivity@13990#0)
07-18 23:35:43.615   797   797 I SurfaceFlinger: screenshot (com.oringnet.wm/com.oring.SlideActivity@13990#0)
07-18 23:35:43.731   797   797 I SurfaceFlinger: screenshot (com.oringnet.wm/com.oring.SlideActivity@13990#0)
07-18 23:35:43.831   797   797 I SurfaceFlinger: screenshot (com.oringnet.wm/com.oring.SlideActivity@13990#0)
07-18 23:35:43.857 13990 14237 I myPeriod_I/O: 目前時間:2021/07/18 11:35:43
07-18 23:35:43.858 13990 14237 I myPeriod_I/O: 目前timerCount:-1
07-18 23:35:43.858 13990 14237 I myPeriod_I/O: is pendding -> 6
07-18 23:35:43.931   797   797 I SurfaceFlinger: screenshot (com.oringnet.wm/com.oring.SlideActivity@13990#0)
07-18 23:35:44.032   797   797 I SurfaceFlinger: screenshot (com.oringnet.wm/com.oring.SlideActivity@13990#0)
07-18 23:35:44.118   797  2128 I BufferQueueProducer: [com.oringnet.wm/com.oring.SlideActivity@13990#0](this:0x7556dc3800,id:754,api:1,p:13990,c:797) queueBuffer: fps=59.98 dur=1017.00 max=19.62 min=14.52
07-18 23:35:44.148   797   797 I SurfaceFlinger: screenshot (com.oringnet.wm/com.oring.SlideActivity@13990#0)
07-18 23:35:44.248   797   797 I SurfaceFlinger: screenshot (com.oringnet.wm/com.oring.SlideActivity@13990#0)
07-18 23:35:44.357 13990 14237 I myPeriod_I/O: 目前時間:2021/07/18 11:35:44
07-18 23:35:44.357 13990 14237 I myPeriod_I/O: 目前timerCount:-1
07-18 23:35:44.357 13990 14237 I myPeriod_I/O: is pendding -> 7
07-18 23:35:44.365   797   797 I SurfaceFlinger: screenshot (com.oringnet.wm/com.oring.SlideActivity@13990#0)
07-18 23:35:44.465   797   797 I SurfaceFlinger: screenshot (com.oringnet.wm/com.oring.SlideActivity@13990#0)
07-18 23:35:44.565   797   797 I SurfaceFlinger: screenshot (com.oringnet.wm/com.oring.SlideActivity@13990#0)
07-18 23:35:44.665   797   797 I SurfaceFlinger: screenshot (com.oringnet.wm/com.oring.SlideActivity@13990#0)
07-18 23:35:44.782   797   797 I SurfaceFlinger: screenshot (com.oringnet.wm/com.oring.SlideActivity@13990#0)
07-18 23:35:44.858 13990 14237 I myPeriod_I/O: 目前時間:2021/07/18 11:35:44
07-18 23:35:44.858 13990 14237 I myPeriod_I/O: 目前timerCount:-1
07-18 23:35:44.858 13990 14237 I myPeriod_I/O: is pendding -> 8
07-18 23:35:44.882   797   797 I SurfaceFlinger: screenshot (com.oringnet.wm/com.oring.SlideActivity@13990#0)
07-18 23:35:45.098   797   797 I SurfaceFlinger: screenshot (com.oringnet.wm/com.oring.SlideActivity@13990#0)
07-18 23:35:45.118   797  2128 I BufferQueueProducer: [com.oringnet.wm/com.oring.SlideActivity@13990#0](this:0x7556dc3800,id:754,api:1,p:13990,c:797) queueBuffer: fps=59.99 dur=1000.10 max=17.83 min=15.09
07-18 23:35:45.198   797   797 I SurfaceFlinger: screenshot (com.oringnet.wm/com.oring.SlideActivity@13990#0)
07-18 23:35:45.359 13990 14237 I myPeriod_I/O: 目前時間:2021/07/18 11:35:45
07-18 23:35:45.359 13990 14237 I myPeriod_I/O: 目前timerCount:-1
07-18 23:35:45.359 13990 14237 I myPeriod_I/O: is pendding -> 9
07-18 23:35:45.616   797   797 I SurfaceFlinger: screenshot (com.oringnet.wm/com.oring.SlideActivity@13990#0)
07-18 23:35:45.716   797   797 I SurfaceFlinger: screenshot (com.oringnet.wm/com.oring.SlideActivity@13990#0)
07-18 23:35:45.832   797   797 I SurfaceFlinger: screenshot (com.oringnet.wm/com.oring.SlideActivity@13990#0)
07-18 23:35:45.859 13990 14237 I myPeriod_I/O: 目前時間:2021/07/18 11:35:45
07-18 23:35:45.859 13990 14237 I myPeriod_I/O: 目前timerCount:-1
07-18 23:35:45.859 13990 14237 I myPeriod_I/O: is pendding -> 10
07-18 23:35:45.859 13990 14237 I myPeriod_I/O: 開始下一次 輪詢序列
07-18 23:35:45.967 13990 13990 I I/O     : [Rsp]<Read DI Status> 01020100a188
07-18 23:35:45.977 13990 13990 W UiThreadStatement: Already on the UI thread, this method should not be called from the main application thread
07-18 23:35:45.977 13990 13990 I I/O     : [Req]<Read DO Status> 01020000000479c9
07-18 23:35:46.066 13990 13990 I I/O     : [Rsp]<Read DO Status> 010101005188
07-18 23:35:46.078 13990 13990 W UiThreadStatement: Already on the UI thread, this method should not be called from the main application thread
07-18 23:35:46.078 13990 13990 I I/O     : [Req]<Read RELAY Status> 0101000000043dc9
07-18 23:35:46.163 13990 13990 I I/O     : [Rsp]<Read RELAY Status> 010101005188
07-18 23:35:46.181 13990 13990 W UiThreadStatement: Already on the UI thread, this method should not be called from the main application thread
07-18 23:35:46.181 13990 13990 I I/O     : [Req]<Read DI COUNTER> 010100040002fc0a
07-18 23:35:46.197   797  2128 I BufferQueueProducer: [com.oringnet.wm/com.oring.SlideActivity@13990#0](this:0x7556dc3800,id:754,api:1,p:13990,c:797) queueBuffer: fps=23.17 dur=1079.13 max=403.79 min=14.80
07-18 23:35:46.260 13990 13990 I I/O     : [Rsp]<Read DI COUNTER> 0104080000000000000000240d
07-18 23:35:46.273 13990 13990 W UiThreadStatement: Already on the UI thread, this method should not be called from the main application thread
07-18 23:35:46.273 13990 13990 I I/O     : [Req]<Read AI 0 Status> 010404310004a136
07-18 23:35:46.312   797   797 I SurfaceFlinger: screenshot (com.oringnet.wm/com.oring.SlideActivity@13990#0)
07-18 23:35:46.358 13990 13990 I I/O     : [Rsp]<Read AI 0 Status> 010404bc9df25f4aa2
07-18 23:35:46.359 13990 14237 I myPeriod_I/O: 目前時間:2021/07/18 11:35:46
07-18 23:35:46.359 13990 14237 I myPeriod_I/O: 目前timerCount:0
07-18 23:35:46.359 13990 14237 I myPeriod_I/O: 當前於輪詢中
07-18 23:35:46.382 13990 13990 I AI_value:: -0.019
07-18 23:35:46.382 13990 13990 I AI_raw: : bc9df25f
07-18 23:35:46.393 13990 13990 W UiThreadStatement: Already on the UI thread, this method should not be called from the main application thread
07-18 23:35:46.393 13990 13990 I I/O     : [Req]<Read AI 1 Status> 01040000000271cb
07-18 23:35:46.453 13990 13990 W UiThreadStatement: Already on the UI thread, this method should not be called from the main application thread
07-18 23:35:46.454 13990 13990 I I/O     : [Req]<Read AI 1 Status> 010400020002d00b
07-18 23:35:46.454 13990 13990 I I/O     : [Rsp]<Read AI 1 Status> 0104043dcc0abab104
07-18 23:35:46.472 13990 13990 I AI_value:: 0.1
07-18 23:35:46.472 13990 13990 I AI_raw: : 3dcc0aba
07-18 23:35:46.516   797   797 I SurfaceFlinger: screenshot (com.oringnet.wm/com.oring.SlideActivity@13990#0)
07-18 23:35:46.551 13990 13990 W UiThreadStatement: Already on the UI thread, this method should not be called from the main application thread
07-18 23:35:46.552 13990 13990 I I/O     : [Req]<Read AI 2 Status> 010400040002300a
07-18 23:35:46.552 13990 13990 I I/O     : [Rsp]<Read AI 2 Status> 0104044412f99a8d4a
07-18 23:35:46.595 13990 13990 I AI_value:: 587.9
07-18 23:35:46.595 13990 13990 I AI_raw: : 4412f99a
07-18 23:35:46.697 13990 13990 I I/O     : [Rsp]<Read AI 3 Status> 01040400000000fb84
07-18 23:35:46.740 13990 13990 I AI_value:: 0.0
07-18 23:35:46.740 13990 13990 I AI_raw: : 00000000
07-18 23:35:46.746 13990 13990 W UiThreadStatement: Already on the UI thread, this method should not be called from the main application thread
07-18 23:35:46.746 13990 13990 I I/O     : [Req]<Read AI 4 Status> 01040006000291ca
07-18 23:35:46.844 13990 13990 W UiThreadStatement: Already on the UI thread, this method should not be called from the main application thread
07-18 23:35:46.844 13990 13990 I I/O     : [Req]<Read AI 4 Status> 010400080002f009
07-18 23:35:46.847 13990 13990 I I/O     : [Rsp]<Read AI 4 Status> 0104044412f99a8d4a
07-18 23:35:46.859 13990 14237 I myPeriod_I/O: 目前時間:2021/07/18 11:35:46
07-18 23:35:46.859 13990 14237 I myPeriod_I/O: 目前timerCount:0
07-18 23:35:46.859 13990 14237 I myPeriod_I/O: 當前於輪詢中
07-18 23:35:46.891 13990 13990 I AI_value:: 587.9
07-18 23:35:46.891 13990 13990 I AI_raw: : 4412f99a
07-18 23:35:46.993 13990 13990 I I/O     : [Rsp]<Read AI 5 Status> 01040400000000fb84
07-18 23:35:47.056 13990 13990 I AI_value:: 0.0
07-18 23:35:47.056 13990 13990 I AI_raw: : 00000000
07-18 23:35:47.063 13990 13990 W UiThreadStatement: Already on the UI thread, this method should not be called from the main application thread
07-18 23:35:47.063 13990 13990 I I/O     : [Req]<Read AI Type> 0104000A000251c9
07-18 23:35:47.138 13990 13990 I I/O     : [Rsp]<Read AI Type> 01030c000501020215031302150313dbb0
07-18 23:35:47.155 13990 13990 W UiThreadStatement: Already on the UI thread, this method should not be called from the main application thread
07-18 23:35:47.156 13990 13990 I I/O     : [Req]<Read RTD 2 mode> 010304000006c4f8
07-18 23:35:47.194   797   797 I SurfaceFlinger: screenshot (com.oringnet.wm/com.oring.SlideActivity@13990#0)
07-18 23:35:47.235 13990 13990 I I/O     : [Rsp]<Read RTD 2 mode> 0103080003000200000000df17
07-18 23:35:47.236 13990 13990 I RTD_mode:: 0003000200000000
07-18 23:35:47.236 13990 13990 I parseRTD_mode: SW index 0 = 3
07-18 23:35:47.236 13990 13990 I parseRTD_mode: SW index 2 = 2
07-18 23:35:47.236 13990 13990 I parseRTD_mode: SW index 1 = 0
07-18 23:35:47.236 13990 13990 I parseRTD_mode: SW index 3 = 0
07-18 23:35:47.261 13990 13990 W UiThreadStatement: Already on the UI thread, this method should not be called from the main application thread
07-18 23:35:47.261 13990 13990 I I/O     : [Req]<Read Mode> 010303050004544c
07-18 23:35:47.268   797  2128 I BufferQueueProducer: [com.oringnet.wm/com.oring.SlideActivity@13990#0](this:0x7556dc3800,id:754,api:1,p:13990,c:797) queueBuffer: fps=8.41 dur=1070.70 max=163.18 min=67.90
07-18 23:35:47.334 13990 13990 I I/O     : [Rsp]<Read Mode> 01040261021161
07-18 23:35:47.334 13990 13990 I MCU_MODE: Status = 24834
07-18 23:35:47.334 13990 13990 I finish  : @@!!
07-18 23:35:47.335 13990 13990 W UiThreadStatement: Already on the UI thread, this method should not be called from the main application thread
07-18 23:35:47.335 13990 13990 I I/O     : [Req]<Read Mode> 010403f90001e1bf
07-18 23:35:47.359 13990 14237 I myPeriod_I/O: 目前時間:2021/07/18 11:35:47
07-18 23:35:47.359 13990 14237 I myPeriod_I/O: 目前timerCount:-1
07-18 23:35:47.359 13990 14237 I myPeriod_I/O: is pendding -> 0
07-18 23:35:47.859 13990 14237 I myPeriod_I/O: 目前時間:2021/07/18 11:35:47
07-18 23:35:47.859 13990 14237 I myPeriod_I/O: 目前timerCount:-1
07-18 23:35:47.859 13990 14237 I myPeriod_I/O: is pendding -> 1
07-18 23:35:48.133 13990 13990 I ViewRootImpl: ViewRoot's Touch Event : ACTION_DOWN
07-18 23:35:48.143 13990 13990 I ViewRootImpl: ViewRoot's Touch Event : ACTION_UP
07-18 23:35:48.146 13990 13990 I PortN:  : 項目 0/名稱 R0
07-18 23:35:48.146 13990 13990 I Lang:   : zh
07-18 23:35:48.146 13990 13990 I YYTT:   : @@
07-18 23:35:48.243 13990 13990 I bleConfigPort: 2
07-18 23:35:48.250 13990 13990 D BluetoothGatt: setCharacteristicNotification() - uuid: 6e400003-b5a3-f393-e0a9-e50e24dcca9e enable: true
07-18 23:35:48.311   797  2127 I BufferQueueProducer: [com.oringnet.wm/com.oring.SlideActivity@13990#0](this:0x7556dc3800,id:754,api:1,p:13990,c:797) queueBuffer: fps=0.96 dur=1043.80 max=1043.80 min=1043.80
07-18 23:35:48.314 13990 13990 I @Select : Pt100, -200 to 850°C
07-18 23:35:48.334   797   797 I SurfaceFlinger: screenshot (com.oringnet.wm/com.oring.SlideActivity@13990#0)
07-18 23:35:48.355 13990 13990 I refresh_step_R: 1
07-18 23:35:48.400   797   797 I SurfaceFlinger: screenshot (com.oringnet.wm/com.oring.SlideActivity@13990#0)
07-18 23:35:48.449   797   797 I SurfaceFlinger: screenshot (com.oringnet.wm/com.oring.SlideActivity@13990#0)
07-18 23:35:48.453 13990 13990 W UiThreadStatement: Already on the UI thread, this method should not be called from the main application thread
07-18 23:35:48.453 13990 13990 I RTDPage : [Req]<READ CHANNEL ENABLE> 01030410000184ff
07-18 23:35:48.455 13990 13990 I RTDPage : [Rsp]<READ CHANNEL ENABLE> 01030200057847
07-18 23:35:48.455 13990 13990 I MyCount : 0/-1
07-18 23:35:48.455 13990 13990 I refresh_step: 1
07-18 23:35:48.455 13990 13990 I refresh_step_R: 2
07-18 23:35:48.549   797   797 I SurfaceFlinger: screenshot (com.oringnet.wm/com.oring.SlideActivity@13990#0)
07-18 23:35:48.550 13990 13990 W UiThreadStatement: Already on the UI thread, this method should not be called from the main application thread
07-18 23:35:48.550 13990 13990 I RTDPage : [Req]<READ INPUT TYPE> 01030402000124fa
07-18 23:35:48.550 13990 13990 I RTDPage : [Rsp]<READ INPUT TYPE> 010302021578eb
07-18 23:35:48.550 13990 13990 I MyCount : 0/-1
07-18 23:35:48.550 13990 13990 I refresh_step: 2
07-18 23:35:48.551 13990 13990 I refresh_step_R: 3
07-18 23:35:48.572 13990 13990 I @Select : 500 Ω
07-18 23:35:48.650   797   797 I SurfaceFlinger: screenshot (com.oringnet.wm/com.oring.SlideActivity@13990#0)
