05-25 16:18:02.193 24995 24995 I I/O     : [Rsp]<Read AI 3 Status> 0104044412f99a8d4a
05-25 16:18:02.212 24995 24995 I SP_SW : : 初始 將第 0項, 設定成 0
05-25 16:18:02.270 24995 24995 I SP_SW : : 初始 將第 2項, 設定成 0
05-25 16:18:02.310 24995 24995 I AI_value:: 587.9
05-25 16:18:02.310 24995 24995 I AI_raw: : 4412f99a
05-25 16:18:02.369   800   800 I SurfaceFlinger: screenshot (com.oringnet.wm/com.oring.SlideActivity@24995#0)
05-25 16:18:02.387 24995 24995 W UiThreadStatement: Already on the UI thread, this method should not be called from the main application thread
05-25 16:18:02.387 24995 24995 I I/O     : [Req]<Read AI 4 Status> 010400080002f009
05-25 16:18:02.388 24995 24995 I I/O     : [Rsp]<Read AI 4 Status> 01040400000000fb84
05-25 16:18:02.405 24995 24995 I SP_SW : : 初始 將第 0項, 設定成 0
05-25 16:18:02.453 24995 24995 I SP_SW : : 初始 將第 2項, 設定成 0
05-25 16:18:02.490 24995 24995 I AI_value:: 0.0
05-25 16:18:02.490 24995 24995 I AI_raw: : 00000000
05-25 16:18:02.530   800  4119 I BufferQueueProducer: [com.oringnet.wm/com.oring.SlideActivity@24995#0](this:0x798eb41800,id:3151,api:1,p:24995,c:800) queueBuffer: fps=6.95 dur=1151.68 max=215.86 min=90.09
05-25 16:18:02.553   800   800 I SurfaceFlinger: screenshot (com.oringnet.wm/com.oring.SlideActivity@24995#0)
05-25 16:18:02.582 24995 24995 I I/O     : [Rsp]<Read AI 5 Status> 01040400000000fb84
05-25 16:18:02.599 24995 24995 I SP_SW : : 初始 將第 0項, 設定成 0
05-25 16:18:02.641 24995 24995 I SP_SW : : 初始 將第 2項, 設定成 0
05-25 16:18:02.688 24995 24995 I AI_value:: 0.0
05-25 16:18:02.688 24995 24995 I AI_raw: : 00000000
05-25 16:18:02.706 24995 24995 W UiThreadStatement: Already on the UI thread, this method should not be called from the main application thread
05-25 16:18:02.706 24995 24995 I I/O     : [Req]<Read AI Type> 0104000A000251c9
05-25 16:18:02.747   800   800 I SurfaceFlinger: screenshot (com.oringnet.wm/com.oring.SlideActivity@24995#0)
05-25 16:18:02.777 24995 24995 W UiThreadStatement: Already on the UI thread, this method should not be called from the main application thread
05-25 16:18:02.777 24995 24995 I I/O     : [Req]<Read AI Type> 010304000006c4f8
05-25 16:18:02.779 24995 24995 I I/O     : [Rsp]<Read AI Type> 01030c000600060215021502150215bfb2
05-25 16:18:02.873 24995 24995 W UiThreadStatement: Already on the UI thread, this method should not be called from the main application thread
05-25 16:18:02.873 24995 24995 I I/O     : [Req]<Read RTD 2 mode> 010303050004544c
05-25 16:18:02.874 24995 24995 I I/O     : [Rsp]<Read RTD 2 mode> 010308000000000000000095d7
05-25 16:18:02.874 24995 24995 I RTD_mode:: 0000000000000000
05-25 16:18:02.874 24995 24995 I finish  : @@!!
05-25 16:18:04.605 24995 24995 I ViewRootImpl: ViewRoot's Touch Event : ACTION_DOWN
05-25 16:18:04.615   800   800 I SurfaceFlinger: screenshot (com.oringnet.wm/com.oring.SlideActivity@24995#0)
05-25 16:18:04.668   800   852 I BufferQueueProducer: [com.oringnet.wm/com.oring.SlideActivity@24995#0](this:0x798eb41800,id:3151,api:1,p:24995,c:800) queueBuffer: fps=1.40 dur=2138.19 max=1843.33 min=93.40
05-25 16:18:04.735   800   800 I SurfaceFlinger: screenshot (com.oringnet.wm/com.oring.SlideActivity@24995#0)
05-25 16:18:04.851   800   800 I SurfaceFlinger: screenshot (com.oringnet.wm/com.oring.SlideActivity@24995#0)
05-25 16:18:04.951   800   800 I SurfaceFlinger: screenshot (com.oringnet.wm/com.oring.SlideActivity@24995#0)
05-25 16:18:05.084   800   800 I SurfaceFlinger: screenshot (com.oringnet.wm/com.oring.SlideActivity@24995#0)
05-25 16:18:05.203   800   800 I SurfaceFlinger: screenshot (com.oringnet.wm/com.oring.SlideActivity@24995#0)
05-25 16:18:05.316   800   800 I SurfaceFlinger: screenshot (com.oringnet.wm/com.oring.SlideActivity@24995#0)
05-25 16:18:05.417   800   800 I SurfaceFlinger: screenshot (com.oringnet.wm/com.oring.SlideActivity@24995#0)
05-25 16:18:05.534   800   800 I SurfaceFlinger: screenshot (com.oringnet.wm/com.oring.SlideActivity@24995#0)
05-25 16:18:05.585 24995 24995 I ViewRootImpl: ViewRoot's Touch Event : ACTION_UP
05-25 16:18:05.586 24995 24995 I TouchFlickNoti: CHANGE UP TO DOWN vectorVelocity:1140
05-25 16:18:05.646   800   800 I SurfaceFlinger: screenshot (com.oringnet.wm/com.oring.SlideActivity@24995#0)
05-25 16:18:05.684   800  4119 I BufferQueueProducer: [com.oringnet.wm/com.oring.SlideActivity@24995#0](this:0x798eb41800,id:3151,api:1,p:24995,c:800) queueBuffer: fps=56.15 dur=1015.14 max=35.52 min=9.46
05-25 16:18:05.746   800   800 I SurfaceFlinger: screenshot (com.oringnet.wm/com.oring.SlideActivity@24995#0)
05-25 16:18:05.847   800   800 I SurfaceFlinger: screenshot (com.oringnet.wm/com.oring.SlideActivity@24995#0)
05-25 16:18:05.947   800   800 I SurfaceFlinger: screenshot (com.oringnet.wm/com.oring.SlideActivity@24995#0)
05-25 16:18:06.064   800   800 I SurfaceFlinger: screenshot (com.oringnet.wm/com.oring.SlideActivity@24995#0)
05-25 16:18:06.180   800   800 I SurfaceFlinger: screenshot (com.oringnet.wm/com.oring.SlideActivity@24995#0)
05-25 16:18:06.281   800   800 I SurfaceFlinger: screenshot (com.oringnet.wm/com.oring.SlideActivity@24995#0)
05-25 16:18:06.396   800   800 I SurfaceFlinger: screenshot (com.oringnet.wm/com.oring.SlideActivity@24995#0)
05-25 16:18:06.496   800   800 I SurfaceFlinger: screenshot (com.oringnet.wm/com.oring.SlideActivity@24995#0)
05-25 16:18:06.697   800   800 I SurfaceFlinger: screenshot (com.oringnet.wm/com.oring.SlideActivity@24995#0)
05-25 16:18:06.702   800   852 I BufferQueueProducer: [com.oringnet.wm/com.oring.SlideActivity@24995#0](this:0x798eb41800,id:3151,api:1,p:24995,c:800) queueBuffer: fps=53.01 dur=1018.63 max=136.36 min=7.63
05-25 16:18:06.797   800   800 I SurfaceFlinger: screenshot (com.oringnet.wm/com.oring.SlideActivity@24995#0)
05-25 16:18:06.914   800   800 I SurfaceFlinger: screenshot (com.oringnet.wm/com.oring.SlideActivity@24995#0)
05-25 16:18:07.005 24995 24995 I ViewRootImpl: ViewRoot's Touch Event : ACTION_DOWN
05-25 16:18:07.014   800   800 I SurfaceFlinger: screenshot (com.oringnet.wm/com.oring.SlideActivity@24995#0)
05-25 16:18:07.132   800   800 I SurfaceFlinger: screenshot (com.oringnet.wm/com.oring.SlideActivity@24995#0)
05-25 16:18:07.247   800   800 I SurfaceFlinger: screenshot (com.oringnet.wm/com.oring.SlideActivity@24995#0)
05-25 16:18:07.364   800   800 I SurfaceFlinger: screenshot (com.oringnet.wm/com.oring.SlideActivity@24995#0)
05-25 16:18:07.597   800   800 I SurfaceFlinger: screenshot (com.oringnet.wm/com.oring.SlideActivity@24995#0)
05-25 16:18:07.697   800   800 I SurfaceFlinger: screenshot (com.oringnet.wm/com.oring.SlideActivity@24995#0)
05-25 16:18:07.719   800   852 I BufferQueueProducer: [com.oringnet.wm/com.oring.SlideActivity@24995#0](this:0x798eb41800,id:3151,api:1,p:24995,c:800) queueBuffer: fps=59.98 dur=1017.09 max=21.47 min=12.60
05-25 16:18:07.814   800   800 I SurfaceFlinger: screenshot (com.oringnet.wm/com.oring.SlideActivity@24995#0)
05-25 16:18:07.913 24995 24995 I ViewRootImpl: ViewRoot's Touch Event : ACTION_UP
05-25 16:18:07.915   800   800 I SurfaceFlinger: screenshot (com.oringnet.wm/com.oring.SlideActivity@24995#0)
05-25 16:18:08.030   800   800 I SurfaceFlinger: screenshot (com.oringnet.wm/com.oring.SlideActivity@24995#0)
05-25 16:18:08.131   800   800 I SurfaceFlinger: screenshot (com.oringnet.wm/com.oring.SlideActivity@24995#0)
05-25 16:18:08.248   800   800 I SurfaceFlinger: screenshot (com.oringnet.wm/com.oring.SlideActivity@24995#0)
05-25 16:18:08.340 24995 24995 I I/O     : [Rsp]<Read DI Status> 01020100a188
05-25 16:18:08.352 24995 24995 W UiThreadStatement: Already on the UI thread, this method should not be called from the main application thread
05-25 16:18:08.352 24995 24995 I I/O     : [Req]<Read DO Status> 01020000000479c9
05-25 16:18:08.363   800   800 I SurfaceFlinger: screenshot (com.oringnet.wm/com.oring.SlideActivity@24995#0)
05-25 16:18:08.456 24995 24995 I I/O     : [Rsp]<Read DO Status> 010101005188
05-25 16:18:08.464   800   800 I SurfaceFlinger: screenshot (com.oringnet.wm/com.oring.SlideActivity@24995#0)
05-25 16:18:08.468 24995 24995 W UiThreadStatement: Already on the UI thread, this method should not be called from the main application thread
05-25 16:18:08.468 24995 24995 I I/O     : [Req]<Read RELAY Status> 0101000000043dc9
05-25 16:18:08.539 24995 24995 W UiThreadStatement: Already on the UI thread, this method should not be called from the main application thread
05-25 16:18:08.539 24995 24995 I I/O     : [Req]<Read RELAY Status> 010100040002fc0a
05-25 16:18:08.539 24995 24995 I I/O     : [Rsp]<Read RELAY Status> 010101005188
05-25 16:18:08.564   800   800 I SurfaceFlinger: screenshot (com.oringnet.wm/com.oring.SlideActivity@24995#0)
05-25 16:18:08.626 24995 24995 W UiThreadStatement: Already on the UI thread, this method should not be called from the main application thread
05-25 16:18:08.626 24995 24995 I I/O     : [Req]<Read DI COUNTER> 010404310004a136
05-25 16:18:08.629 24995 24995 I I/O     : [Rsp]<Read DI COUNTER> 0104080000000000000000240d
05-25 16:18:08.706   800   800 I SurfaceFlinger: screenshot (com.oringnet.wm/com.oring.SlideActivity@24995#0)
05-25 16:18:08.724 24995 24995 W UiThreadStatement: Already on the UI thread, this method should not be called from the main application thread
05-25 16:18:08.724 24995 24995 I I/O     : [Req]<Read AI 0 Status> 01040000000271cb
05-25 16:18:08.724 24995 24995 I I/O     : [Rsp]<Read AI 0 Status> 01040400000000fb84
05-25 16:18:08.744 24995 24995 I AI_value:: 0.0
05-25 16:18:08.744 24995 24995 I AI_raw: : 00000000
05-25 16:18:08.771   800   852 I BufferQueueProducer: [com.oringnet.wm/com.oring.SlideActivity@24995#0](this:0x798eb41800,id:3151,api:1,p:24995,c:800) queueBuffer: fps=49.43 dur=1052.08 max=108.00 min=6.17
05-25 16:18:08.820 24995 24995 W UiThreadStatement: Already on the UI thread, this method should not be called from the main application thread
05-25 16:18:08.842 24995 24995 I AI_value:: 0.0
05-25 16:18:08.843 24995 24995 I AI_raw: : 00000000
05-25 16:18:08.897   800   800 I SurfaceFlinger: screenshot (com.oringnet.wm/com.oring.SlideActivity@24995#0)
05-25 16:18:08.919 24995 24995 W UiThreadStatement: Already on the UI thread, this method should not be called from the main application thread
05-25 16:18:08.919 24995 24995 I I/O     : [Req]<Read AI 2 Status> 010400040002300a
05-25 16:18:08.920 24995 24995 I I/O     : [Rsp]<Read AI 2 Status> 0104044412f99a8d4a
05-25 16:18:08.932 24995 24995 I SP_SW : : 初始 將第 0項, 設定成 0
05-25 16:18:08.969 24995 24995 I SP_SW : : 初始 將第 2項, 設定成 0
05-25 16:18:08.996 24995 24995 I AI_value:: 587.9
05-25 16:18:08.996 24995 24995 I AI_raw: : 4412f99a
05-25 16:18:09.050   800   800 I SurfaceFlinger: screenshot (com.oringnet.wm/com.oring.SlideActivity@24995#0)
05-25 16:18:09.064 24995 24995 W UiThreadStatement: Already on the UI thread, this method should not be called from the main application thread
05-25 16:18:09.064 24995 24995 I I/O     : [Req]<Read AI 3 Status> 01040006000291ca
05-25 16:18:09.065 24995 24995 I I/O     : [Rsp]<Read AI 3 Status> 0104044412f99a8d4a
05-25 16:18:09.076 24995 24995 I SP_SW : : 初始 將第 0項, 設定成 0
05-25 16:18:09.113 24995 24995 I SP_SW : : 初始 將第 2項, 設定成 0
05-25 16:18:09.141 24995 24995 I AI_value:: 587.9
05-25 16:18:09.142 24995 24995 I AI_raw: : 4412f99a
05-25 16:18:09.198   800   800 I SurfaceFlinger: screenshot (com.oringnet.wm/com.oring.SlideActivity@24995#0)
05-25 16:18:09.211 24995 24995 W UiThreadStatement: Already on the UI thread, this method should not be called from the main application thread
05-25 16:18:09.211 24995 24995 I I/O     : [Req]<Read AI 4 Status> 010400080002f009
05-25 16:18:09.212 24995 24995 I I/O     : [Rsp]<Read AI 4 Status> 01040400000000fb84
05-25 16:18:09.221 24995 24995 I SP_SW : : 初始 將第 0項, 設定成 0
05-25 16:18:09.259 24995 24995 I SP_SW : : 初始 將第 2項, 設定成 0
05-25 16:18:09.286 24995 24995 I AI_value:: 0.0
05-25 16:18:09.286 24995 24995 I AI_raw: : 00000000
05-25 16:18:09.357 24995 24995 W UiThreadStatement: Already on the UI thread, this method should not be called from the main application thread
05-25 16:18:09.357 24995 24995 I I/O     : [Req]<Read AI 5 Status> 0104000A000251c9
05-25 16:18:09.358 24995 24995 I I/O     : [Rsp]<Read AI 5 Status> 01040400000000fb84
05-25 16:18:09.368 24995 24995 I SP_SW : : 初始 將第 0項, 設定成 0
05-25 16:18:09.406 24995 24995 I SP_SW : : 初始 將第 2項, 設定成 0
05-25 16:18:09.435 24995 24995 I AI_value:: 0.0
05-25 16:18:09.435 24995 24995 I AI_raw: : 00000000
05-25 16:18:09.482   800   800 I SurfaceFlinger: screenshot (com.oringnet.wm/com.oring.SlideActivity@24995#0)
05-25 16:18:09.503 24995 24995 W UiThreadStatement: Already on the UI thread, this method should not be called from the main application thread
05-25 16:18:09.503 24995 24995 I I/O     : [Req]<Read AI Type> 010304000006c4f8
05-25 16:18:09.503 24995 24995 I I/O     : [Rsp]<Read AI Type> 01030c000600060215021502150215bfb2
05-25 16:18:09.601 24995 24995 W UiThreadStatement: Already on the UI thread, this method should not be called from the main application thread
05-25 16:18:09.601 24995 24995 I I/O     : [Req]<Read RTD 2 mode> 010303050004544c
05-25 16:18:09.602 24995 24995 I I/O     : [Rsp]<Read RTD 2 mode> 010308000000000000000095d7
05-25 16:18:09.602 24995 24995 I RTD_mode:: 0000000000000000
05-25 16:18:09.602 24995 24995 I finish  : @@!!
05-25 16:18:11.639 24995 24995 I ViewRootImpl: ViewRoot's Touch Event : ACTION_DOWN
05-25 16:18:11.650 24995 24995 I ViewRootImpl: ViewRoot's Touch Event : ACTION_UP
05-25 16:18:11.651   800   800 I SurfaceFlinger: screenshot (com.oringnet.wm/com.oring.SlideActivity@24995#0)
05-25 16:18:11.687   800   852 I BufferQueueProducer: [com.oringnet.wm/com.oring.SlideActivity@24995#0](this:0x798eb41800,id:3151,api:1,p:24995,c:800) queueBuffer: fps=2.40 dur=2915.64 max=2148.85 min=76.25
05-25 16:18:11.766   800   800 I SurfaceFlinger: screenshot (com.oringnet.wm/com.oring.SlideActivity@24995#0)
05-25 16:18:11.883   800   800 I SurfaceFlinger: screenshot (com.oringnet.wm/com.oring.SlideActivity@24995#0)
05-25 16:18:11.983   800   800 I SurfaceFlinger: screenshot (com.oringnet.wm/com.oring.SlideActivity@24995#0)
05-25 16:18:12.084   800   800 I SurfaceFlinger: screenshot (com.oringnet.wm/com.oring.SlideActivity@24995#0)
05-25 16:18:13.317   800   852 I BufferQueueProducer: [com.oringnet.wm/com.oring.SlideActivity@24995#0](this:0x798eb41800,id:3151,api:1,p:24995,c:800) queueBuffer: fps=16.56 dur=1630.17 max=1189.91 min=12.21
05-25 16:18:13.332   800   800 I SurfaceFlinger: screenshot (com.oringnet.wm/com.oring.SlideActivity@24995#0)
05-25 16:18:13.436   800   800 I SurfaceFlinger: screenshot (com.oringnet.wm/com.oring.SlideActivity@24995#0)
05-25 16:18:13.553   800   800 I SurfaceFlinger: screenshot (com.oringnet.wm/com.oring.SlideActivity@24995#0)
05-25 16:18:13.570 24995 24995 I ViewRootImpl: ViewRoot's Touch Event : ACTION_DOWN
05-25 16:18:13.582 24995 24995 I ViewRootImpl: ViewRoot's Touch Event : ACTION_UP
05-25 16:18:13.653   800   800 I SurfaceFlinger: screenshot (com.oringnet.wm/com.oring.SlideActivity@24995#0)
05-25 16:18:13.767   800   800 I SurfaceFlinger: screenshot (com.oringnet.wm/com.oring.SlideActivity@24995#0)
05-25 16:18:13.869   800   800 I SurfaceFlinger: screenshot (com.oringnet.wm/com.oring.SlideActivity@24995#0)
05-25 16:18:14.100 24995 24995 I 通道: : false
05-25 16:18:14.101 24995 24995 I chatty  : uid=10305(com.oringnet.wm) identical 10 lines
05-25 16:18:14.101 24995 24995 I 通道: : false
05-25 16:18:14.128 24995 24995 I DataBits: >> 0
05-25 16:18:14.159 24995 24995 D BluetoothGatt: setCharacteristicNotification() - uuid: 6e400003-b5a3-f393-e0a9-e50e24dcca9e enable: true
05-25 16:18:14.183 24995 24995 I Choreographer: Skipped 33 frames!  The application may be doing too much work on its main thread.
05-25 16:18:14.373   800  4119 I BufferQueueProducer: [com.oringnet.wm/com.oring.SlideActivity@24995#0](this:0x798eb41800,id:3151,api:1,p:24995,c:800) queueBuffer: fps=28.40 dur=1056.35 max=518.92 min=8.71
05-25 16:18:14.375 24995 25017 I OpenGLRenderer: Davey! duration=754ms; Flags=0, IntendedVsync=425251650352929, Vsync=425252197525830, OldestInputEvent=9223372036854775807, NewestInputEvent=0, HandleInputStart=425252213634827, AnimationStart=425252213741904, PerformTraversalsStart=425252217176905, DrawStart=425252369918612, SyncQueued=425252380446844, SyncStart=425252381000921, IssueDrawCommandsStart=425252382256229, SwapBuffers=425252402639923, FrameCompleted=425252405171154, DequeueBufferDuration=568000, QueueBufferDuration=1582000, 
05-25 16:18:14.404   800   800 I SurfaceFlinger: screenshot (com.oringnet.wm/com.oring.SlideActivity@24995#0)
05-25 16:18:14.518   800   800 I SurfaceFlinger: screenshot (com.oringnet.wm/com.oring.SlideActivity@24995#0)
05-25 16:18:14.619   800   800 I SurfaceFlinger: screenshot (com.oringnet.wm/com.oring.SlideActivity@24995#0)
05-25 16:18:14.867   800   800 I SurfaceFlinger: screenshot (com.oringnet.wm/com.oring.SlideActivity@24995#0)
05-25 16:18:15.391 24995 24995 I ViewRootImpl: ViewRoot's Touch Event : ACTION_DOWN
05-25 16:18:15.401   800   800 I SurfaceFlinger: screenshot (com.oringnet.wm/com.oring.SlideActivity@24995#0)
05-25 16:18:15.404 24995 24995 I ViewRootImpl: ViewRoot's Touch Event : ACTION_UP
05-25 16:18:15.447 24995 24995 D PhoneWindow: windowLightStatusBar : false, disable View.SYSTEM_UI_FLAG_LIGHT_STATUS_BAR
05-25 16:18:15.490 24995 24995 I TouchFilterInputStageHelper: [needTouchEventFilter] Displayid : 0
05-25 16:18:15.499 24995 24995 D BezellessGripSuppressionFilter: getdisplaysize, x : 720 y : 1600
05-25 16:18:15.505   800   800 I SurfaceFlinger: screenshot (com.oringnet.wm/com.oring.SlideActivity@24995#0)
05-25 16:18:15.522 24995 24995 D BluetoothGatt: setCharacteristicNotification() - uuid: 6e400003-b5a3-f393-e0a9-e50e24dcca9e enable: true
05-25 16:18:15.584 24995 25017 D Surface : Surface::connect(this=0x7705d37000,api=1)
05-25 16:18:15.638   800   800 I SurfaceFlinger: screenshot (com.oringnet.wm/com.oring.SlideActivity@24995#0)
05-25 16:18:15.695   800   800 I MiniDump: 0x798ebe4000 |     DEVICE |          0 | 1.000 |    0    0  720 1600 |   0.0   0.0 720.0 1600.0 | com.oringnet.wm/com.oring.SlideActivity@24995#0
05-25 16:18:15.695   800   800 I MiniDump: 0x79821c5000 |     DEVICE |          0 | 0.303 |  301  760  419  878 |   0.0   0.0 126.0 126.0 | com.oringnet.wm/com.oring.SlideActivity@24995#1
05-25 16:18:15.771   800   800 I SurfaceFlinger: screenshot (com.oringnet.wm/com.oring.SlideActivity@24995#0)
05-25 16:18:15.887   800   800 I SurfaceFlinger: screenshot (com.oringnet.wm/com.oring.SlideActivity@24995#0)
05-25 16:18:16.388   800   800 I SurfaceFlinger: Remove BufferLayer(0x79821c5000) com.oringnet.wm/com.oring.SlideActivity@24995#1 (-1 x -1)
05-25 16:18:16.985   800   800 I SurfaceFlinger: screenshot (com.oringnet.wm/com.oring.SlideActivity@24995#0)
05-25 16:18:17.086   800   800 I SurfaceFlinger: screenshot (com.oringnet.wm/com.oring.SlideActivity@24995#0)
05-25 16:18:17.090   800   800 I SurfaceFlinger: screenshot (com.oringnet.wm/com.oring.SlideActivity@24995#0)
05-25 16:18:17.200   800   800 I SurfaceFlinger: screenshot (com.oringnet.wm/com.oring.SlideActivity@24995#0)
05-25 16:18:17.302   800   800 I SurfaceFlinger: screenshot (com.oringnet.wm/com.oring.SlideActivity@24995#0)
05-25 16:18:17.403   800   800 I SurfaceFlinger: screenshot (com.oringnet.wm/com.oring.SlideActivity@24995#0)
05-25 16:18:17.519   800   800 I SurfaceFlinger: screenshot (com.oringnet.wm/com.oring.SlideActivity@24995#0)
05-25 16:18:17.620   800   800 I SurfaceFlinger: screenshot (com.oringnet.wm/com.oring.SlideActivity@24995#0)
05-25 16:18:17.719   800   800 I SurfaceFlinger: screenshot (com.oringnet.wm/com.oring.SlideActivity@24995#0)
05-25 16:18:17.749   800   851 I BufferQueueProducer: [com.oringnet.wm/com.oring.SlideActivity@24995#0](this:0x798eb41800,id:3151,api:1,p:24995,c:800) queueBuffer: fps=9.84 dur=1828.73 max=1261.69 min=10.26
05-25 16:18:18.400   800   800 I SurfaceFlinger: screenshot (com.oringnet.wm/com.oring.SlideActivity@24995#0)
05-25 16:18:18.520   800   800 I SurfaceFlinger: screenshot (com.oringnet.wm/com.oring.SlideActivity@24995#0)
05-25 16:18:18.953   800   800 I SurfaceFlinger: screenshot (com.oringnet.wm/com.oring.SlideActivity@24995#0)
05-25 16:18:19.070   800   800 I SurfaceFlinger: screenshot (com.oringnet.wm/com.oring.SlideActivity@24995#0)
05-25 16:18:19.183   800   800 I SurfaceFlinger: screenshot (com.oringnet.wm/com.oring.SlideActivity@24995#0)
05-25 16:18:19.300   800   800 I SurfaceFlinger: screenshot (com.oringnet.wm/com.oring.SlideActivity@24995#0)
05-25 16:18:19.591 24995 24995 I ViewRootImpl: ViewRoot's Touch Event : ACTION_DOWN
05-25 16:18:19.601 24995 24995 I ViewRootImpl: ViewRoot's Touch Event : ACTION_UP
05-25 16:18:19.603   800   800 I SurfaceFlinger: screenshot (com.oringnet.wm/com.oring.SlideActivity@24995#0)
05-25 16:18:19.652 24995 24995 I 通道: : false
05-25 16:18:19.717   800   800 I SurfaceFlinger: screenshot (com.oringnet.wm/com.oring.SlideActivity@24995#0)
05-25 16:18:19.817   800   800 I SurfaceFlinger: screenshot (com.oringnet.wm/com.oring.SlideActivity@24995#0)
05-25 16:18:19.872   800   975 I BufferQueueProducer: [com.oringnet.wm/com.oring.SlideActivity@24995#0](this:0x798eb41800,id:3151,api:1,p:24995,c:800) queueBuffer: fps=38.88 dur=1003.15 max=354.14 min=11.37
05-25 16:18:19.917   800   800 I SurfaceFlinger: screenshot (com.oringnet.wm/com.oring.SlideActivity@24995#0)
05-25 16:18:20.017   800   800 I SurfaceFlinger: screenshot (com.oringnet.wm/com.oring.SlideActivity@24995#0)
05-25 16:18:20.341 24995 24995 I ViewRootImpl: ViewRoot's Touch Event : ACTION_DOWN
05-25 16:18:20.351   800   800 I SurfaceFlinger: screenshot (com.oringnet.wm/com.oring.SlideActivity@24995#0)
05-25 16:18:20.353 24995 24995 I ViewRootImpl: ViewRoot's Touch Event : ACTION_UP
05-25 16:18:20.403 24995 24995 I 通道: : false
05-25 16:18:20.467   800   800 I SurfaceFlinger: screenshot (com.oringnet.wm/com.oring.SlideActivity@24995#0)
05-25 16:18:20.568   800   800 I SurfaceFlinger: screenshot (com.oringnet.wm/com.oring.SlideActivity@24995#0)
05-25 16:18:20.684   800   800 I SurfaceFlinger: screenshot (com.oringnet.wm/com.oring.SlideActivity@24995#0)
05-25 16:18:20.784   800   800 I SurfaceFlinger: screenshot (com.oringnet.wm/com.oring.SlideActivity@24995#0)
05-25 16:18:21.108 24995 24995 I ViewRootImpl: ViewRoot's Touch Event : ACTION_DOWN
05-25 16:18:21.117   800   800 I SurfaceFlinger: screenshot (com.oringnet.wm/com.oring.SlideActivity@24995#0)
05-25 16:18:21.122 24995 24995 I ViewRootImpl: ViewRoot's Touch Event : ACTION_UP
05-25 16:18:21.153   800   975 I BufferQueueProducer: [com.oringnet.wm/com.oring.SlideActivity@24995#0](this:0x798eb41800,id:3151,api:1,p:24995,c:800) queueBuffer: fps=27.31 dur=1281.78 max=370.23 min=11.82
05-25 16:18:21.170 24995 24995 I 通道: : false
05-25 16:18:21.218   800   800 I SurfaceFlinger: screenshot (com.oringnet.wm/com.oring.SlideActivity@24995#0)
05-25 16:18:21.333   800   800 I SurfaceFlinger: screenshot (com.oringnet.wm/com.oring.SlideActivity@24995#0)
05-25 16:18:21.435   800   800 I SurfaceFlinger: screenshot (com.oringnet.wm/com.oring.SlideActivity@24995#0)
05-25 16:18:21.551   800   800 I SurfaceFlinger: screenshot (com.oringnet.wm/com.oring.SlideActivity@24995#0)
05-25 16:18:21.874 24995 24995 I ViewRootImpl: ViewRoot's Touch Event : ACTION_DOWN
05-25 16:18:21.884 24995 24995 I ViewRootImpl: ViewRoot's Touch Event : ACTION_UP
05-25 16:18:21.886   800   800 I SurfaceFlinger: screenshot (com.oringnet.wm/com.oring.SlideActivity@24995#0)
05-25 16:18:22.155   800  2411 I BufferQueueProducer: [com.oringnet.wm/com.oring.SlideActivity@24995#0](this:0x798eb41800,id:3151,api:1,p:24995,c:800) queueBuffer: fps=37.94 dur=1001.45 max=350.45 min=8.50
05-25 16:18:22.301   800   800 I SurfaceFlinger: screenshot (com.oringnet.wm/com.oring.SlideActivity@24995#0)
05-25 16:18:22.608 24995 24995 I ViewRootImpl: ViewRoot's Touch Event : ACTION_DOWN
05-25 16:18:22.617 24995 24995 I ViewRootImpl: ViewRoot's Touch Event : ACTION_UP
05-25 16:18:22.620   800   800 I SurfaceFlinger: screenshot (com.oringnet.wm/com.oring.SlideActivity@24995#0)
05-25 16:18:22.652 24995 24995 I 通道: : false
05-25 16:18:22.750   800   800 I SurfaceFlinger: screenshot (com.oringnet.wm/com.oring.SlideActivity@24995#0)
05-25 16:18:22.852   800   800 I SurfaceFlinger: screenshot (com.oringnet.wm/com.oring.SlideActivity@24995#0)
05-25 16:18:22.968   800   800 I SurfaceFlinger: screenshot (com.oringnet.wm/com.oring.SlideActivity@24995#0)
05-25 16:18:23.068   800   800 I SurfaceFlinger: screenshot (com.oringnet.wm/com.oring.SlideActivity@24995#0)
05-25 16:18:23.359 24995 24995 I ViewRootImpl: ViewRoot's Touch Event : ACTION_DOWN
05-25 16:18:23.368   800   800 I SurfaceFlinger: screenshot (com.oringnet.wm/com.oring.SlideActivity@24995#0)
05-25 16:18:23.370 24995 24995 I ViewRootImpl: ViewRoot's Touch Event : ACTION_UP
05-25 16:18:23.404   800   975 I BufferQueueProducer: [com.oringnet.wm/com.oring.SlideActivity@24995#0](this:0x798eb41800,id:3151,api:1,p:24995,c:800) queueBuffer: fps=28.82 dur=1249.09 max=350.13 min=9.06
05-25 16:18:23.424 24995 24995 I 通道: : false
05-25 16:18:23.468   800   800 I SurfaceFlinger: screenshot (com.oringnet.wm/com.oring.SlideActivity@24995#0)
05-25 16:18:23.585   800   800 I SurfaceFlinger: screenshot (com.oringnet.wm/com.oring.SlideActivity@24995#0)
05-25 16:18:23.685   800   800 I SurfaceFlinger: screenshot (com.oringnet.wm/com.oring.SlideActivity@24995#0)
05-25 16:18:23.801   800   800 I SurfaceFlinger: screenshot (com.oringnet.wm/com.oring.SlideActivity@24995#0)
05-25 16:18:23.862   800   800 I SurfaceFlinger: screenshot (com.oringnet.wm/com.oring.SlideActivity@24995#0)
05-25 16:18:24.341 24995 24995 I ViewRootImpl: ViewRoot's Touch Event : ACTION_DOWN
05-25 16:18:24.350 24995 24995 I ViewRootImpl: ViewRoot's Touch Event : ACTION_UP
05-25 16:18:24.351   800   800 I SurfaceFlinger: screenshot (com.oringnet.wm/com.oring.SlideActivity@24995#0)
05-25 16:18:24.358 24995 24995 I BitShift:: 0000
05-25 16:18:24.358 24995 24995 I BitShift:: 0000
05-25 16:18:24.359 24995 24995 I BitShift:: 00000000
05-25 16:18:24.385 24995 24995 D PhoneWindow: windowLightStatusBar : false, disable View.SYSTEM_UI_FLAG_LIGHT_STATUS_BAR
05-25 16:18:24.414 24995 24995 I TouchFilterInputStageHelper: [needTouchEventFilter] Displayid : 0
05-25 16:18:24.421 24995 24995 D BezellessGripSuppressionFilter: getdisplaysize, x : 720 y : 1600
05-25 16:18:24.453   800   800 I SurfaceFlinger: screenshot (com.oringnet.wm/com.oring.SlideActivity@24995#0)
05-25 16:18:24.600   800  2411 I BufferQueueProducer: [com.oringnet.wm/com.oring.SlideActivity@24995#0](this:0x798eb41800,id:3151,api:1,p:24995,c:800) queueBuffer: fps=20.06 dur=1196.48 max=795.72 min=8.35
05-25 16:18:24.942   800   800 I SurfaceFlinger: screenshot (com.oringnet.wm/com.oring.SlideActivity@24995#0)
05-25 16:18:25.409 24995 24995 I ViewRootImpl: ViewRoot's Touch Event : ACTION_DOWN
05-25 16:18:25.417   800   800 I SurfaceFlinger: screenshot (com.oringnet.wm/com.oring.SlideActivity@24995#0)
05-25 16:18:25.417 24995 24995 I ViewRootImpl: ViewRoot's Touch Event : ACTION_UP
05-25 16:18:25.437 24995 24995 D PhoneWindow: windowLightStatusBar : false, disable View.SYSTEM_UI_FLAG_LIGHT_STATUS_BAR
05-25 16:18:25.470 24995 24995 I TouchFilterInputStageHelper: [needTouchEventFilter] Displayid : 0
05-25 16:18:25.687   800   800 I SurfaceFlinger: screenshot (com.oringnet.wm/com.oring.SlideActivity@24995#0)
05-25 16:18:26.021   800   800 I MiniDump: 0x798ebe4000 |     DEVICE |          0 | 1.000 |    0    0  720 1600 |   0.0   0.0 720.0 1600.0 | com.oringnet.wm/com.oring.SlideActivity@24995#0
05-25 16:18:26.021   800   800 I MiniDump: 0x798ebe4000 |     DEVICE |          0 | 1.000 |    0    0  720 1600 |   0.0   0.0 720.0 1600.0 | com.oringnet.wm/com.oring.SlideActivity@24995#0
05-25 16:18:26.050   800   800 I SurfaceFlinger: screenshot (com.oringnet.wm/com.oring.SlideActivity@24995#0)
05-25 16:18:26.149   800   800 I SurfaceFlinger: screenshot (com.oringnet.wm/com.oring.SlideActivity@24995#0)
05-25 16:18:26.251   800   800 I SurfaceFlinger: screenshot (com.oringnet.wm/com.oring.SlideActivity@24995#0)
05-25 16:18:26.452   800   800 I SurfaceFlinger: screenshot (com.oringnet.wm/com.oring.SlideActivity@24995#0)
05-25 16:18:26.553   800   800 I SurfaceFlinger: screenshot (com.oringnet.wm/com.oring.SlideActivity@24995#0)
05-25 16:18:26.592 24995 24995 I ViewRootImpl: ViewRoot's Touch Event : ACTION_DOWN
05-25 16:18:26.603 24995 24995 I ViewRootImpl: ViewRoot's Touch Event : ACTION_UP
05-25 16:18:26.651   800  2411 I BufferQueueProducer: [com.oringnet.wm/com.oring.SlideActivity@24995#0](this:0x798eb41800,id:3151,api:1,p:24995,c:800) queueBuffer: fps=22.88 dur=1005.42 max=511.44 min=7.44
05-25 16:18:26.786   800   800 I SurfaceFlinger: screenshot (com.oringnet.wm/com.oring.SlideActivity@24995#0)
05-25 16:18:27.003   800   800 I SurfaceFlinger: screenshot (com.oringnet.wm/com.oring.SlideActivity@24995#0)
05-25 16:18:27.102   800   800 I SurfaceFlinger: screenshot (com.oringnet.wm/com.oring.SlideActivity@24995#0)
05-25 16:18:27.219   800   800 I SurfaceFlinger: screenshot (com.oringnet.wm/com.oring.SlideActivity@24995#0)
05-25 16:18:27.319   800   800 I SurfaceFlinger: screenshot (com.oringnet.wm/com.oring.SlideActivity@24995#0)
05-25 16:18:27.376 24995 24995 I ViewRootImpl: ViewRoot's Touch Event : ACTION_DOWN
05-25 16:18:27.387 24995 24995 I ViewRootImpl: ViewRoot's Touch Event : ACTION_UP
05-25 16:18:27.422   800   800 I SurfaceFlinger: screenshot (com.oringnet.wm/com.oring.SlideActivity@24995#0)
05-25 16:18:27.537   800   800 I SurfaceFlinger: screenshot (com.oringnet.wm/com.oring.SlideActivity@24995#0)
05-25 16:18:27.637   800   800 I SurfaceFlinger: screenshot (com.oringnet.wm/com.oring.SlideActivity@24995#0)
05-25 16:18:27.652   800   851 I BufferQueueProducer: [com.oringnet.wm/com.oring.SlideActivity@24995#0](this:0x798eb41800,id:3151,api:1,p:24995,c:800) queueBuffer: fps=37.94 dur=1001.46 max=366.50 min=11.66
05-25 16:18:27.738   800   800 I SurfaceFlinger: screenshot (com.oringnet.wm/com.oring.SlideActivity@24995#0)
05-25 16:18:28.142 24995 24995 I ViewRootImpl: ViewRoot's Touch Event : ACTION_DOWN
05-25 16:18:28.151 24995 24995 I ViewRootImpl: ViewRoot's Touch Event : ACTION_UP
05-25 16:18:28.154   800   800 I SurfaceFlinger: screenshot (com.oringnet.wm/com.oring.SlideActivity@24995#0)
05-25 16:18:28.210 24995 24995 I 通道: : true
05-25 16:18:28.269   800   800 I SurfaceFlinger: screenshot (com.oringnet.wm/com.oring.SlideActivity@24995#0)
05-25 16:18:28.370   800   800 I SurfaceFlinger: screenshot (com.oringnet.wm/com.oring.SlideActivity@24995#0)
05-25 16:18:28.487   800   800 I SurfaceFlinger: screenshot (com.oringnet.wm/com.oring.SlideActivity@24995#0)
05-25 16:18:28.603   800   800 I SurfaceFlinger: screenshot (com.oringnet.wm/com.oring.SlideActivity@24995#0)
05-25 16:18:28.909 24995 24995 I ViewRootImpl: ViewRoot's Touch Event : ACTION_DOWN
05-25 16:18:28.918 24995 24995 I ViewRootImpl: ViewRoot's Touch Event : ACTION_UP
05-25 16:18:28.919   800   800 I SurfaceFlinger: screenshot (com.oringnet.wm/com.oring.SlideActivity@24995#0)
05-25 16:18:29.236   800   800 I SurfaceFlinger: screenshot (com.oringnet.wm/com.oring.SlideActivity@24995#0)
05-25 16:18:29.353   800   800 I SurfaceFlinger: screenshot (com.oringnet.wm/com.oring.SlideActivity@24995#0)
05-25 16:18:29.659 24995 24995 I ViewRootImpl: ViewRoot's Touch Event : ACTION_DOWN
05-25 16:18:29.670 24995 24995 I ViewRootImpl: ViewRoot's Touch Event : ACTION_UP
05-25 16:18:29.672   800   800 I SurfaceFlinger: screenshot (com.oringnet.wm/com.oring.SlideActivity@24995#0)
05-25 16:18:29.713 24995 24995 I 通道: : true
05-25 16:18:30.021   800   800 I SurfaceFlinger: screenshot (com.oringnet.wm/com.oring.SlideActivity@24995#0)
05-25 16:18:30.409 24995 24995 I ViewRootImpl: ViewRoot's Touch Event : ACTION_DOWN
05-25 16:18:30.418 24995 24995 I ViewRootImpl: ViewRoot's Touch Event : ACTION_UP
05-25 16:18:30.421   800   800 I SurfaceFlinger: screenshot (com.oringnet.wm/com.oring.SlideActivity@24995#0)
05-25 16:18:30.459 24995 24995 I 通道: : true
05-25 16:18:30.537   800   800 I SurfaceFlinger: screenshot (com.oringnet.wm/com.oring.SlideActivity@24995#0)
05-25 16:18:30.654   800   800 I SurfaceFlinger: screenshot (com.oringnet.wm/com.oring.SlideActivity@24995#0)
05-25 16:18:31.142 24995 24995 I ViewRootImpl: ViewRoot's Touch Event : ACTION_DOWN
05-25 16:18:31.151 24995 24995 I ViewRootImpl: ViewRoot's Touch Event : ACTION_UP
05-25 16:18:31.153   800   800 I SurfaceFlinger: screenshot (com.oringnet.wm/com.oring.SlideActivity@24995#0)
05-25 16:18:31.169   800   851 I BufferQueueProducer: [com.oringnet.wm/com.oring.SlideActivity@24995#0](this:0x798eb41800,id:3151,api:1,p:24995,c:800) queueBuffer: fps=28.46 dur=1229.82 max=333.37 min=10.06
05-25 16:18:31.178 24995 24995 I 通道: : true
05-25 16:18:31.254   800   800 I SurfaceFlinger: screenshot (com.oringnet.wm/com.oring.SlideActivity@24995#0)
05-25 16:18:31.370   800   800 I SurfaceFlinger: screenshot (com.oringnet.wm/com.oring.SlideActivity@24995#0)
05-25 16:18:31.470   800   800 I SurfaceFlinger: screenshot (com.oringnet.wm/com.oring.SlideActivity@24995#0)
05-25 16:18:31.588   800   800 I SurfaceFlinger: screenshot (com.oringnet.wm/com.oring.SlideActivity@24995#0)
05-25 16:18:31.876 24995 24995 I ViewRootImpl: ViewRoot's Touch Event : ACTION_DOWN
05-25 16:18:32.121   800   800 I SurfaceFlinger: screenshot (com.oringnet.wm/com.oring.SlideActivity@24995#0)
05-25 16:18:32.175   800  2411 I BufferQueueProducer: [com.oringnet.wm/com.oring.SlideActivity@24995#0](this:0x798eb41800,id:3151,api:1,p:24995,c:800) queueBuffer: fps=42.73 dur=1006.32 max=285.99 min=7.31
05-25 16:18:32.238   800   800 I SurfaceFlinger: screenshot (com.oringnet.wm/com.oring.SlideActivity@24995#0)
05-25 16:18:32.338   800   800 I SurfaceFlinger: screenshot (com.oringnet.wm/com.oring.SlideActivity@24995#0)
05-25 16:18:32.413   800   800 I SurfaceFlinger: screenshot (com.oringnet.wm/com.oring.SlideActivity@24995#0)
05-25 16:18:32.943 24995 24995 I ViewRootImpl: ViewRoot's Touch Event : ACTION_DOWN
05-25 16:18:32.953 24995 24995 I ViewRootImpl: ViewRoot's Touch Event : ACTION_UP
05-25 16:18:32.953   800   800 I SurfaceFlinger: screenshot (com.oringnet.wm/com.oring.SlideActivity@24995#0)
05-25 16:18:32.961 24995 24995 I BitShift:: 00FF
05-25 16:18:33.470   800   800 I MiniDump: 0x798ebe4000 |     DEVICE |          0 | 1.000 |    0    0  720 1600 |   0.0   0.0 720.0 1600.0 | com.oringnet.wm/com.oring.SlideActivity@24995#0
05-25 16:18:33.470   800   800 I MiniDump: 0x798ebe4000 |     DEVICE |          0 | 1.000 |    0    0  720 1600 |   0.0   0.0 720.0 1600.0 | com.oringnet.wm/com.oring.SlideActivity@24995#0
05-25 16:18:33.517   800   800 I SurfaceFlinger: Remove BufferLayer(0x7982169000) com.oringnet.wm/com.oring.SlideActivity@24995#1 (-1 x -1)
05-25 16:18:33.654   800   800 I SurfaceFlinger: screenshot (com.oringnet.wm/com.oring.SlideActivity@24995#0)
05-25 16:18:34.906 24995 24995 I GatewayTest 12響應: 00030200008584
05-25 16:18:35.355   800   800 I SurfaceFlinger: screenshot (com.oringnet.wm/com.oring.SlideActivity@24995#0)
05-25 16:18:35.472   800   800 I SurfaceFlinger: screenshot (com.oringnet.wm/com.oring.SlideActivity@24995#0)
05-25 16:18:35.587   800   800 I SurfaceFlinger: screenshot (com.oringnet.wm/com.oring.SlideActivity@24995#0)
05-25 16:18:35.703   800   800 I SurfaceFlinger: screenshot (com.oringnet.wm/com.oring.SlideActivity@24995#0)
05-25 16:18:35.805   800   800 I SurfaceFlinger: screenshot (com.oringnet.wm/com.oring.SlideActivity@24995#0)
05-25 16:18:35.922   800   800 I SurfaceFlinger: screenshot (com.oringnet.wm/com.oring.SlideActivity@24995#0)
05-25 16:18:35.974   800   800 I SurfaceFlinger: screenshot (com.oringnet.wm/com.oring.SlideActivity@24995#0)
05-25 16:18:36.037   800   800 I SurfaceFlinger: screenshot (com.oringnet.wm/com.oring.SlideActivity@24995#0)
05-25 16:18:36.238   800   800 I SurfaceFlinger: screenshot (com.oringnet.wm/com.oring.SlideActivity@24995#0)
05-25 16:18:36.355   800   800 I SurfaceFlinger: screenshot (com.oringnet.wm/com.oring.SlideActivity@24995#0)
05-25 16:18:36.455   800   800 I SurfaceFlinger: screenshot (com.oringnet.wm/com.oring.SlideActivity@24995#0)
05-25 16:18:36.555   800   800 I SurfaceFlinger: screenshot (com.oringnet.wm/com.oring.SlideActivity@24995#0)
05-25 16:18:36.578 24995 24995 I ViewRootImpl: ViewRoot's Touch Event : ACTION_DOWN
05-25 16:18:36.586 24995 24995 I ViewRootImpl: ViewRoot's Touch Event : ACTION_UP
05-25 16:18:36.630   800   975 I BufferQueueProducer: [com.oringnet.wm/com.oring.SlideActivity@24995#0](this:0x798eb41800,id:3151,api:1,p:24995,c:800) queueBuffer: fps=4.09 dur=2201.05 max=1641.00 min=20.37
05-25 16:18:36.888   800   800 I SurfaceFlinger: screenshot (com.oringnet.wm/com.oring.SlideActivity@24995#0)
05-25 16:18:37.344 24995 24995 I ViewRootImpl: ViewRoot's Touch Event : ACTION_DOWN
05-25 16:18:37.353 24995 24995 I ViewRootImpl: ViewRoot's Touch Event : ACTION_UP
05-25 16:18:37.355   800   800 I SurfaceFlinger: screenshot (com.oringnet.wm/com.oring.SlideActivity@24995#0)
05-25 16:18:37.373 24995 24995 D PhoneWindow: windowLightStatusBar : false, disable View.SYSTEM_UI_FLAG_LIGHT_STATUS_BAR
05-25 16:18:37.409 24995 24995 I TouchFilterInputStageHelper: [needTouchEventFilter] Displayid : 0
05-25 16:18:37.656   800   800 I SurfaceFlinger: screenshot (com.oringnet.wm/com.oring.SlideActivity@24995#0)
05-25 16:18:37.869   800   800 I SurfaceFlinger: screenshot (com.oringnet.wm/com.oring.SlideActivity@24995#0)
05-25 16:18:37.972   800   800 I SurfaceFlinger: screenshot (com.oringnet.wm/com.oring.SlideActivity@24995#0)
05-25 16:18:38.074   800   800 I SurfaceFlinger: screenshot (com.oringnet.wm/com.oring.SlideActivity@24995#0)
05-25 16:18:38.189   800   800 I SurfaceFlinger: screenshot (com.oringnet.wm/com.oring.SlideActivity@24995#0)
05-25 16:18:38.290   800   800 I SurfaceFlinger: screenshot (com.oringnet.wm/com.oring.SlideActivity@24995#0)
05-25 16:18:38.389   800   800 I SurfaceFlinger: screenshot (com.oringnet.wm/com.oring.SlideActivity@24995#0)
05-25 16:18:38.506   800   800 I SurfaceFlinger: screenshot (com.oringnet.wm/com.oring.SlideActivity@24995#0)
05-25 16:18:38.606   800   800 I SurfaceFlinger: screenshot (com.oringnet.wm/com.oring.SlideActivity@24995#0)
05-25 16:18:38.725   800   800 I SurfaceFlinger: screenshot (com.oringnet.wm/com.oring.SlideActivity@24995#0)
05-25 16:18:38.856   800   800 I SurfaceFlinger: screenshot (com.oringnet.wm/com.oring.SlideActivity@24995#0)
05-25 16:18:38.885   800   851 I BufferQueueProducer: [com.oringnet.wm/com.oring.SlideActivity@24995#0](this:0x798eb41800,id:3151,api:1,p:24995,c:800) queueBuffer: fps=4.43 dur=2255.06 max=1352.70 min=8.41
05-25 16:18:38.935 24995 25017 I OpenGLRenderer: Davey! duration=1313ms; Flags=0, IntendedVsync=425275638795832, Vsync=425276932113598, OldestInputEvent=9223372036854775807, NewestInputEvent=0, HandleInputStart=425276933937070, AnimationStart=425276934037839, PerformTraversalsStart=425276935990686, DrawStart=425276944773225, SyncQueued=425276945460687, SyncStart=425276958016919, IssueDrawCommandsStart=425276958422226, SwapBuffers=425276962228688, FrameCompleted=425276965233150, DequeueBufferDuration=0, QueueBufferDuration=2217000, 
05-25 16:18:39.173   800   800 I SurfaceFlinger: screenshot (com.oringnet.wm/com.oring.SlideActivity@24995#0)
05-25 16:18:39.291   800   800 I SurfaceFlinger: screenshot (com.oringnet.wm/com.oring.SlideActivity@24995#0)
05-25 16:18:39.292 24995 24995 I R_item  : enable: 0
05-25 16:18:39.388 24995 24995 W UiThreadStatement: Already on the UI thread, this method should not be called from the main application thread
05-25 16:18:39.388 24995 24995 I GatewayTest 2請求: 000307D000018556
05-25 16:18:39.389 24995 24995 I GatewayTest 2響應: 00030200008584
05-25 16:18:39.390 24995 24995 I R_item  : 0 NET_ID 0000
05-25 16:18:39.407   800   800 I SurfaceFlinger: screenshot (com.oringnet.wm/com.oring.SlideActivity@24995#0)
05-25 16:18:39.523   800   800 I SurfaceFlinger: screenshot (com.oringnet.wm/com.oring.SlideActivity@24995#0)
05-25 16:18:39.569 24995 24995 I GatewayTest 3響應: 00030200008584
05-25 16:18:39.570 24995 24995 I R_item  : 0 IO_TYPE 0000
05-25 16:18:39.580 24995 24995 W UiThreadStatement: Already on the UI thread, this method should not be called from the main application thread
05-25 16:18:39.580 24995 24995 I GatewayTest 4請求: 000308340001c675
05-25 16:18:39.708 24995 24995 W UiThreadStatement: Already on the UI thread, this method should not be called from the main application thread
05-25 16:18:39.708 24995 24995 I GatewayTest 4請求: 0003089800010654
05-25 16:18:39.708 24995 24995 I GatewayTest 4響應: 00030200008584
05-25 16:18:39.708 24995 24995 I R_item  : 0 ADDRESS 0000
05-25 16:18:39.725   800   800 I SurfaceFlinger: screenshot (com.oringnet.wm/com.oring.SlideActivity@24995#0)
05-25 16:18:39.839 24995 24995 W UiThreadStatement: Already on the UI thread, this method should not be called from the main application thread
05-25 16:18:39.839 24995 24995 I GatewayTest 5請求: 000308FC0001478b
05-25 16:18:39.960   800  2411 I BufferQueueProducer: [com.oringnet.wm/com.oring.SlideActivity@24995#0](this:0x798eb41800,id:3151,api:1,p:24995,c:800) queueBuffer: fps=9.30 dur=1074.79 max=399.06 min=6.82
05-25 16:18:39.963 24995 24995 W UiThreadStatement: Already on the UI thread, this method should not be called from the main application thread
05-25 16:18:39.963 24995 24995 I GatewayTest 7請求: 0003096000018659
05-25 16:18:39.963 24995 24995 I GatewayTest 7響應: 00030200008584
05-25 16:18:39.963 24995 24995 I R_item  : 0 DATA_FORMAT 0000
05-25 16:18:40.026   800   800 I SurfaceFlinger: screenshot (com.oringnet.wm/com.oring.SlideActivity@24995#0)
05-25 16:18:40.099 24995 24995 I GatewayTest 6響應: 00030200008584
05-25 16:18:40.099 24995 24995 I R_item  : 0 INTERVAL 0000
05-25 16:18:40.099 24995 24995 I R_item  : enable: 1
05-25 16:18:40.109 24995 24995 W UiThreadStatement: Already on the UI thread, this method should not be called from the main application thread
05-25 16:18:40.110 24995 24995 I GatewayTest 2請求: 000309C40001c7ba
05-25 16:18:40.145   800   800 I SurfaceFlinger: screenshot (com.oringnet.wm/com.oring.SlideActivity@24995#0)
05-25 16:18:40.224 24995 24995 W UiThreadStatement: Already on the UI thread, this method should not be called from the main application thread
05-25 16:18:40.224 24995 24995 I GatewayTest 2請求: 000307D10001d496
05-25 16:18:40.224 24995 24995 I GatewayTest 2響應: 00030200008584
05-25 16:18:40.224 24995 24995 I R_item  : 1 NET_ID 0000
05-25 16:18:40.345 24995 24995 I GatewayTest 3響應: 00030200008584
05-25 16:18:40.345 24995 24995 I R_item  : 1 IO_TYPE 0000
05-25 16:18:40.357 24995 24995 W UiThreadStatement: Already on the UI thread, this method should not be called from the main application thread
05-25 16:18:40.357 24995 24995 I GatewayTest 4請求: 00030835000197b5
05-25 16:18:40.374   800   800 I SurfaceFlinger: screenshot (com.oringnet.wm/com.oring.SlideActivity@24995#0)
05-25 16:18:40.471 24995 24995 I GatewayTest 4響應: 00030200008584
05-25 16:18:40.471 24995 24995 I R_item  : 1 ADDRESS 0000
05-25 16:18:40.480 24995 24995 W UiThreadStatement: Already on the UI thread, this method should not be called from the main application thread
05-25 16:18:40.481 24995 24995 I GatewayTest 5請求: 0003089900015794
05-25 16:18:40.511   800   800 I SurfaceFlinger: screenshot (com.oringnet.wm/com.oring.SlideActivity@24995#0)
05-25 16:18:40.587 24995 24995 W UiThreadStatement: Already on the UI thread, this method should not be called from the main application thread
05-25 16:18:40.587 24995 24995 I GatewayTest 5請求: 000308FD0001164b
05-25 16:18:40.587 24995 24995 I GatewayTest 5響應: 00030200008584
05-25 16:18:40.587 24995 24995 I R_item  : 1 DATA_NUM 0000
05-25 16:18:40.628   800   800 I SurfaceFlinger: screenshot (com.oringnet.wm/com.oring.SlideActivity@24995#0)
05-25 16:18:40.688 24995 24995 W UiThreadStatement: Already on the UI thread, this method should not be called from the main application thread
05-25 16:18:40.689 24995 24995 I GatewayTest 7請求: 000309610001d799
05-25 16:18:40.689 24995 24995 I GatewayTest 7響應: 00030200008584
05-25 16:18:40.689 24995 24995 I R_item  : 1 DATA_FORMAT 0000
05-25 16:18:40.789   800   800 I SurfaceFlinger: screenshot (com.oringnet.wm/com.oring.SlideActivity@24995#0)
05-25 16:18:40.914 24995 24995 W UiThreadStatement: Already on the UI thread, this method should not be called from the main application thread
05-25 16:18:40.914 24995 24995 I GatewayTest 2請求: 000307D200012496
05-25 16:18:40.914 24995 24995 I GatewayTest 2響應: 00030200008584
05-25 16:18:40.914 24995 24995 I R_item  : 2 NET_ID 0000
05-25 16:18:40.941   800   800 I SurfaceFlinger: screenshot (com.oringnet.wm/com.oring.SlideActivity@24995#0)
05-25 16:18:41.015   800  2411 I BufferQueueProducer: [com.oringnet.wm/com.oring.SlideActivity@24995#0](this:0x798eb41800,id:3151,api:1,p:24995,c:800) queueBuffer: fps=17.05 dur=1055.53 max=132.00 min=7.13
05-25 16:18:41.018 24995 24995 W UiThreadStatement: Already on the UI thread, this method should not be called from the main application thread
05-25 16:18:41.018 24995 24995 I GatewayTest 3請求: 00030836000167b5
05-25 16:18:41.018 24995 24995 I GatewayTest 3響應: 00030200008584
05-25 16:18:41.018 24995 24995 I R_item  : 2 IO_TYPE 0000
05-25 16:18:41.062   800   800 I SurfaceFlinger: screenshot (com.oringnet.wm/com.oring.SlideActivity@24995#0)
05-25 16:18:41.119 24995 24995 W UiThreadStatement: Already on the UI thread, this method should not be called from the main application thread
05-25 16:18:41.119 24995 24995 I GatewayTest 4請求: 0003089A0001a794
05-25 16:18:41.119 24995 24995 I GatewayTest 4響應: 00030200008584
05-25 16:18:41.119 24995 24995 I R_item  : 2 ADDRESS 0000
05-25 16:18:41.220 24995 24995 W UiThreadStatement: Already on the UI thread, this method should not be called from the main application thread
05-25 16:18:41.220 24995 24995 I GatewayTest 5請求: 000308FE0001e64b
05-25 16:18:41.220 24995 24995 I GatewayTest 5響應: 00030200008584
05-25 16:18:41.220 24995 24995 I R_item  : 2 DATA_NUM 0000
05-25 16:18:41.240   800   800 I SurfaceFlinger: screenshot (com.oringnet.wm/com.oring.SlideActivity@24995#0)
05-25 16:18:41.326 24995 24995 W UiThreadStatement: Already on the UI thread, this method should not be called from the main application thread
05-25 16:18:41.326 24995 24995 I GatewayTest 7請求: 0003096200012799
05-25 16:18:41.327 24995 24995 I GatewayTest 7響應: 00030200008584
05-25 16:18:41.327 24995 24995 I R_item  : 2 DATA_FORMAT 0000
05-25 16:18:41.378   800   800 I SurfaceFlinger: screenshot (com.oringnet.wm/com.oring.SlideActivity@24995#0)
05-25 16:18:41.440 24995 24995 W UiThreadStatement: Already on the UI thread, this method should not be called from the main application thread
05-25 16:18:41.440 24995 24995 I GatewayTest 6請求: 000309C60001667a
05-25 16:18:41.440 24995 24995 I GatewayTest 6響應: 00030200008584
05-25 16:18:41.440 24995 24995 I R_item  : 2 INTERVAL 0000
05-25 16:18:41.441 24995 24995 I R_item  : enable: 3
05-25 16:18:41.496   800   800 I SurfaceFlinger: screenshot (com.oringnet.wm/com.oring.SlideActivity@24995#0)
05-25 16:18:41.547 24995 24995 W UiThreadStatement: Already on the UI thread, this method should not be called from the main application thread
05-25 16:18:41.548 24995 24995 I GatewayTest 2請求: 000307D300017556
05-25 16:18:41.548 24995 24995 I GatewayTest 2響應: 00030200008584
05-25 16:18:41.548 24995 24995 I R_item  : 3 NET_ID 0000
05-25 16:18:41.663 24995 24995 W UiThreadStatement: Already on the UI thread, this method should not be called from the main application thread
05-25 16:18:41.663 24995 24995 I GatewayTest 3請求: 0003083700013675
05-25 16:18:41.663 24995 24995 I GatewayTest 3響應: 00030200008584
05-25 16:18:41.663 24995 24995 I R_item  : 3 IO_TYPE 0000
05-25 16:18:41.690   800   800 I SurfaceFlinger: screenshot (com.oringnet.wm/com.oring.SlideActivity@24995#0)
05-25 16:18:41.781 24995 24995 I GatewayTest 4響應: 00030200008584
05-25 16:18:41.781 24995 24995 I R_item  : 3 ADDRESS 0000
05-25 16:18:41.790 24995 24995 W UiThreadStatement: Already on the UI thread, this method should not be called from the main application thread
05-25 16:18:41.827   800   800 I SurfaceFlinger: screenshot (com.oringnet.wm/com.oring.SlideActivity@24995#0)
05-25 16:18:41.890 24995 24995 W UiThreadStatement: Already on the UI thread, this method should not be called from the main application thread
05-25 16:18:41.890 24995 24995 I GatewayTest 5請求: 000308FF0001b78b
05-25 16:18:41.890 24995 24995 I GatewayTest 5響應: 00030200008584
05-25 16:18:41.890 24995 24995 I R_item  : 3 DATA_NUM 0000
05-25 16:18:41.946   800   800 I SurfaceFlinger: screenshot (com.oringnet.wm/com.oring.SlideActivity@24995#0)
05-25 16:18:41.997 24995 24995 W UiThreadStatement: Already on the UI thread, this method should not be called from the main application thread
05-25 16:18:41.998 24995 24995 I GatewayTest 7請求: 0003096300017659
05-25 16:18:41.998 24995 24995 I GatewayTest 7響應: 00030200008584
05-25 16:18:41.998 24995 24995 I R_item  : 3 DATA_FORMAT 0000
05-25 16:18:42.101   800   852 I BufferQueueProducer: [com.oringnet.wm/com.oring.SlideActivity@24995#0](this:0x798eb41800,id:3151,api:1,p:24995,c:800) queueBuffer: fps=18.42 dur=1085.91 max=108.40 min=6.79
05-25 16:18:42.104 24995 24995 W UiThreadStatement: Already on the UI thread, this method should not be called from the main application thread
05-25 16:18:42.104 24995 24995 I GatewayTest 6請求: 000309C7000137ba
05-25 16:18:42.104 24995 24995 I GatewayTest 6響應: 00030200008584
05-25 16:18:42.104 24995 24995 I R_item  : 3 INTERVAL 0000
05-25 16:18:42.105 24995 24995 I R_item  : enable: 4
05-25 16:18:42.124   800   800 I SurfaceFlinger: screenshot (com.oringnet.wm/com.oring.SlideActivity@24995#0)
