05-21 16:22:13.781   800  2411 I BufferQueueProducer: [com.oringnet.wm/com.oring.ble.BLECreateActivity@504#0](this:0x7982145000,id:1505,api:1,p:504,c:800) queueBuffer: fps=0.69 dur=1444.11 max=1444.11 min=1444.11
05-21 16:22:15.312   800   800 I SurfaceFlinger: screenshot (com.oringnet.wm/com.oring.ble.BLECreateActivity@504#0)
05-21 16:22:15.312   800   800 I SurfaceFlinger: screenshot (Toast@504#0)
05-21 16:22:15.531   504   555 D Surface : Surface::disconnect(this=0x776b54b000,api=1)
05-21 16:22:15.532   800   852 I BufferQueueProducer: [Toast@504#0](this:0x798ea0a000,id:1507,api:1,p:504,c:800) disconnect(P): api 1
05-21 16:22:15.667   800   800 I SurfaceFlinger: screenshot (com.oringnet.wm/com.oring.ble.BLECreateActivity@504#0)
05-21 16:22:15.783   800   800 I SurfaceFlinger: screenshot (com.oringnet.wm/com.oring.ble.BLECreateActivity@504#0)
05-21 16:22:16.054   800   800 I SurfaceFlinger: screenshot (com.oringnet.wm/com.oring.ble.BLECreateActivity@504#0)
05-21 16:22:16.068   800   800 I MiniDump: 0x79820ab000 |     DEVICE |          0 | 1.000 |    0   67  720 1600 |   0.0   0.0 720.0 1533.0 | com.oringnet.wm/com.oring.ble.BLECreateActivity@504#0
05-21 16:22:16.070   504   504 I ViewRootImpl: ViewRoot's Touch Event : ACTION_DOWN
05-21 16:22:16.075   800   800 I SurfaceFlinger: Remove BufferLayer(0x798eaf2000) Toast@504#0 (-1 x -1)
05-21 16:22:16.090   504   504 I ViewRootImpl: ViewRoot's Touch Event : ACTION_UP
05-21 16:22:16.092   800   800 I SurfaceFlinger: Remove BufferLayer(0x798eaf2000) Toast@504#0 (-1 x -1)
05-21 16:22:16.092   800   800 I BufferQueue: [Toast@504#0](this:0x798ea0a000,id:1507,api:1,p:-1,c:-1) ~BufferQueueCore
05-21 16:22:16.097   504   504 I CheckPW:: 123456
05-21 16:22:16.098   504   504 I blePassword:: 123456
05-21 16:22:16.171  1412  3156 I ActivityTaskManager: The Process com.oringnet.wm Already Exists in BG. So sending its PID: 504
05-21 16:22:16.182   504   504 W ActivityThread: handleWindowVisibility: no activity for token android.os.BinderProxy@2805461
05-21 16:22:16.245   800   800 I SurfaceFlinger: screenshot (com.oringnet.wm/com.oring.ble.BLECreateActivity@504#0)
05-21 16:22:16.277   800   800 I MiniDump: 0x79820ab000 |     DEVICE |          0 | 1.000 |    0   67  720 1600 |   0.0   0.0 720.0 1533.0 | com.oringnet.wm/com.oring.ble.BLECreateActivity@504#0
05-21 16:22:16.294   800   800 I MiniDump: 0x79820ab000 |     DEVICE |          0 | 1.000 |    2   71  718 1596 |   0.0   0.0 720.0 1533.0 | com.oringnet.wm/com.oring.ble.BLECreateActivity@504#0
05-21 16:22:16.301   800   800 I SurfaceFlinger: screenshot (com.oringnet.wm/com.oring.ble.BLECreateActivity@504#0)
05-21 16:22:16.311   800   800 I MiniDump: 0x79820ab000 |     DEVICE |          0 | 1.000 |    0   74  537 1592 | 178.0   0.0 720.0 1533.0 | com.oringnet.wm/com.oring.ble.BLECreateActivity@504#0
05-21 16:22:16.340   504   504 D PhoneWindow: windowLightStatusBar : false, disable View.SYSTEM_UI_FLAG_LIGHT_STATUS_BAR
05-21 16:22:16.389   504   504 W com.oringnet.w: Accessing hidden method Landroid/view/View;->computeFitSystemWindows(Landroid/graphics/Rect;Landroid/graphics/Rect;)Z (greylist, reflection, allowed)
05-21 16:22:16.391   504   504 W com.oringnet.w: Accessing hidden method Landroid/view/ViewGroup;->makeOptionalFitsSystemWindows()V (greylist, reflection, allowed)
05-21 16:22:17.161   504   504 I SP_SW : : 初始 將第 0項, 設定成 0
05-21 16:22:17.208   504   504 I SP_SW : : 初始 將第 2項, 設定成 0
05-21 16:22:17.247   504   504 I EEWW:   : fuxkingGoodByAppium
05-21 16:22:17.271   504   504 D BluetoothGatt: setCharacteristicNotification() - uuid: 6e400003-b5a3-f393-e0a9-e50e24dcca9e enable: true
05-21 16:22:17.295   504   504 I TouchFilterInputStageHelper: [needTouchEventFilter] Displayid : 0
05-21 16:22:17.299   504   504 D BezellessGripSuppressionFilter: getdisplaysize, x : 720 y : 1600
05-21 16:22:17.419   800   852 I BufferQueueConsumer: [com.oringnet.wm/com.oring.SlideActivity@504#0](this:0x7982146800,id:1509,api:0,p:-1,c:800) setConsumerName: com.oringnet.wm/com.oring.SlideActivity@504#0
05-21 16:22:17.419   800   852 I BufferQueueConsumer: [com.oringnet.wm/com.oring.SlideActivity@504#0](this:0x7982146800,id:1509,api:0,p:-1,c:800) setDefaultBufferSize: width=720 height=1600
05-21 16:22:17.419   800   852 I SurfaceFlinger: Create BufferLayer(0x798216d000) com.oringnet.wm/com.oring.SlideActivity@504#0 (720 x 1600)
05-21 16:22:17.430   504   555 D Surface : Surface::connect(this=0x7712ef4000,api=1)
05-21 16:22:17.431   800  4119 I BufferQueueProducer: [com.oringnet.wm/com.oring.SlideActivity@504#0](this:0x7982146800,id:1509,api:1,p:504,c:800) connect(P): api=1 producer=(504:com.oringnet.wm) producerControlledByApp=false
05-21 16:22:17.432   504   555 D Surface : Surface::setBufferCount(this=0x7712ef4000,bufferCount=3)
05-21 16:22:17.432   504   555 D Surface : Surface::allocateBuffers(this=0x7712ef4000)
05-21 16:22:17.683   504   504 I SP_SW : : 初始 將第 0項, 設定成 0
05-21 16:22:17.745   504   504 I SP_SW : : 初始 將第 2項, 設定成 0
05-21 16:22:17.797   504   504 W com.oringnet.w: Accessing hidden field Landroid/view/View;->mAccessibilityDelegate:Landroid/view/View$AccessibilityDelegate; (greylist, reflection, allowed)
05-21 16:22:17.996   504   555 D Surface : Surface::disconnect(this=0x776b7a2000,api=1)
05-21 16:22:17.996   800   975 I BufferQueueProducer: [com.oringnet.wm/com.oring.ble.BLECreateActivity@504#0](this:0x7982145000,id:1505,api:1,p:504,c:800) disconnect(P): api 1
05-21 16:22:18.049   504   504 I Choreographer: Skipped 42 frames!  The application may be doing too much work on its main thread.
05-21 16:22:18.072   504   555 I OpenGLRenderer: Davey! duration=730ms; Flags=0, IntendedVsync=310069937053534, Vsync=310070633455408, OldestInputEvent=9223372036854775807, NewestInputEvent=0, HandleInputStart=310070646030472, AnimationStart=310070646177318, PerformTraversalsStart=310070647460703, DrawStart=310070658230011, SyncQueued=310070661714473, SyncStart=310070662026243, IssueDrawCommandsStart=310070662647858, SwapBuffers=310070667064397, FrameCompleted=310070668102705, DequeueBufferDuration=1656000, QueueBufferDuration=385000, 
05-21 16:22:18.078   800   800 I MiniDump: 0x798216d000 |     DEVICE |          0 | 1.000 |    0    0  720 1600 |   0.0   0.0 720.0 1600.0 | com.oringnet.wm/com.oring.SlideActivity@504#0
05-21 16:22:18.090   504   504 I sw_ini  : true
05-21 16:22:18.111   504   504 I Timeline: Timeline: Activity_idle id: android.os.BinderProxy@2805461 time:310070707
05-21 16:22:18.093   504   504 I sw_ini  : true
05-21 16:22:18.140   504   504 I DashboardTest 1響應: 01020100a188
05-21 16:22:18.142   800   800 I SurfaceFlinger: Remove BufferLayer(0x79820ab000) com.oringnet.wm/com.oring.ble.BLECreateActivity@504#0 (-1 x -1)
05-21 16:22:18.142   800   800 I BufferQueue: [com.oringnet.wm/com.oring.ble.BLECreateActivity@504#0](this:0x7982145000,id:1505,api:1,p:-1,c:-1) ~BufferQueueCore
05-21 16:22:18.152   800   800 I SurfaceFlinger: screenshot (com.oringnet.wm/com.oring.SlideActivity@504#0)
05-21 16:22:18.166   504   504 W UiThreadStatement: Already on the UI thread, this method should not be called from the main application thread
05-21 16:22:18.166   504   504 I DashboardTest 2請求: 01020000000479c9
05-21 16:22:18.214   800   800 I MiniDump: 0x798216d000 |     DEVICE |          0 | 1.000 |    0    0  720 1600 |   0.0   0.0 720.0 1600.0 | com.oringnet.wm/com.oring.SlideActivity@504#0
05-21 16:22:18.236   504   504 I DashboardTest 2響應: 010101005188
05-21 16:22:18.248   504   504 W UiThreadStatement: Already on the UI thread, this method should not be called from the main application thread
05-21 16:22:18.248   504   504 I DashboardTest 3請求: 0101000000043dc9
05-21 16:22:18.261   800   800 I SurfaceFlinger: screenshot (com.oringnet.wm/com.oring.SlideActivity@504#0)
05-21 16:22:18.330   504   504 W UiThreadStatement: Already on the UI thread, this method should not be called from the main application thread
05-21 16:22:18.330   504   504 I DashboardTest 3請求: 010100040002fc0a
05-21 16:22:18.331   504   504 I DashboardTest 3響應: 010101005188
05-21 16:22:18.378   800   800 I SurfaceFlinger: screenshot (com.oringnet.wm/com.oring.SlideActivity@504#0)
05-21 16:22:18.428   504   504 W UiThreadStatement: Already on the UI thread, this method should not be called from the main application thread
05-21 16:22:18.428   504   504 I DashboardTest 4請求: 010404310004a136
05-21 16:22:18.431   504   504 I DashboardTest 4響應: 0104080000000000000000240d
05-21 16:22:18.494   800   800 I SurfaceFlinger: screenshot (com.oringnet.wm/com.oring.SlideActivity@504#0)
05-21 16:22:18.524   504   504 W UiThreadStatement: Already on the UI thread, this method should not be called from the main application thread
05-21 16:22:18.524   504   504 I DashboardTest 5請求: 01040000000271cb
05-21 16:22:18.524   504   504 I DashboardTest 5響應: 01040400000000fb84
05-21 16:22:18.556   504   504 I AI_value:: 0.0
05-21 16:22:18.556   504   504 I AI_raw: : 00000000
05-21 16:22:18.621   504   504 I DashboardTest 5響應: 01040400000000fb84
05-21 16:22:18.646   504   504 I AI_value:: 0.0
05-21 16:22:18.646   504   504 I AI_raw: : 00000000
05-21 16:22:18.655   504   504 W UiThreadStatement: Already on the UI thread, this method should not be called from the main application thread
05-21 16:22:18.655   504   504 I DashboardTest 5請求: 010400020002d00b
05-21 16:22:18.720   504   504 I DashboardTest 5響應: 0104044412f99a8d4a
05-21 16:22:18.735   504   504 I SP_SW : : 初始 將第 0項, 設定成 0
05-21 16:22:18.777   504   504 I SP_SW : : 初始 將第 2項, 設定成 0
05-21 16:22:18.807   504   504 I AI_value:: 587.9
05-21 16:22:18.807   504   504 I AI_raw: : 4412f99a
05-21 16:22:18.814   504   504 W UiThreadStatement: Already on the UI thread, this method should not be called from the main application thread
05-21 16:22:18.814   504   504 I DashboardTest 5請求: 010400040002300a
05-21 16:22:18.829   504   504 I SP_SW : : 初始 將第 0項, 設定成 0
05-21 16:22:18.845   504   504 I SP_SW : : 初始 將第 2項, 設定成 0
05-21 16:22:18.878   800   800 I SurfaceFlinger: screenshot (com.oringnet.wm/com.oring.SlideActivity@504#0)
05-21 16:22:18.930   504   504 I DashboardTest 5響應: 0104044412f99a8d4a
05-21 16:22:18.951   504   504 I SP_SW : : 初始 將第 0項, 設定成 0
05-21 16:22:19.009   504   504 I SP_SW : : 初始 將第 2項, 設定成 0
05-21 16:22:19.040   504   504 I AI_value:: 587.9
05-21 16:22:19.040   504   504 I AI_raw: : 4412f99a
05-21 16:22:19.048   504   504 W UiThreadStatement: Already on the UI thread, this method should not be called from the main application thread
05-21 16:22:19.048   504   504 I DashboardTest 5請求: 01040006000291ca
05-21 16:22:19.062   504   504 I SP_SW : : 初始 將第 0項, 設定成 0
05-21 16:22:19.079   504   504 I SP_SW : : 初始 將第 2項, 設定成 0
05-21 16:22:19.122   800  2411 I BufferQueueProducer: [com.oringnet.wm/com.oring.SlideActivity@504#0](this:0x7982146800,id:1509,api:1,p:504,c:800) queueBuffer: fps=9.73 dur=1130.63 max=191.86 min=35.56
05-21 16:22:19.125   504   504 I DashboardTest 5響應: 01040400000000fb84
05-21 16:22:19.140   504   504 I SP_SW : : 初始 將第 0項, 設定成 0
05-21 16:22:19.183   504   504 I SP_SW : : 初始 將第 2項, 設定成 0
05-21 16:22:19.207   504   504 I AI_value:: 0.0
05-21 16:22:19.207   504   504 I AI_raw: : 00000000
05-21 16:22:19.214   504   504 W UiThreadStatement: Already on the UI thread, this method should not be called from the main application thread
05-21 16:22:19.214   504   504 I DashboardTest 5請求: 010400080002f009
05-21 16:22:19.244   800   800 I SurfaceFlinger: screenshot (com.oringnet.wm/com.oring.SlideActivity@504#0)
05-21 16:22:19.306   504   504 I DashboardTest 5響應: 01040400000000fb84
05-21 16:22:19.321   504   504 I SP_SW : : 初始 將第 0項, 設定成 0
05-21 16:22:19.362   504   504 I SP_SW : : 初始 將第 2項, 設定成 0
05-21 16:22:19.391   504   504 I AI_value:: 0.0
05-21 16:22:19.391   504   504 I AI_raw: : 00000000
05-21 16:22:19.397   504   504 W UiThreadStatement: Already on the UI thread, this method should not be called from the main application thread
05-21 16:22:19.398   504   504 I DashboardTest 6請求: 0104000A000251c9
05-21 16:22:19.499   504   504 W UiThreadStatement: Already on the UI thread, this method should not be called from the main application thread
05-21 16:22:19.499   504   504 I DashboardTest 6請求: 010304000006c4f8
05-21 16:22:19.499   504   504 I DashboardTest 6響應: 01030c000600060215021502150215bfb2
05-21 16:22:19.599   504   504 I DashboardTest 7響應: 010308000000000000000095d7
05-21 16:22:19.599   504   504 I RTD_mode:: 0000000000000000
05-21 16:22:19.599   504   504 I finish  : @@!!
05-21 16:22:19.601   504   504 W UiThreadStatement: Already on the UI thread, this method should not be called from the main application thread
05-21 16:22:19.601   504   504 I DashboardTest 0請求: 010303050004544c
05-21 16:22:20.728   800   800 I SurfaceFlinger: screenshot (com.oringnet.wm/com.oring.SlideActivity@504#0)
05-21 16:22:22.449  1412  1463 I AutomaticBrightnessControllerEx: [MultiALC] lux = 158.0, time = 310075045
05-21 16:22:23.564   504   504 I ViewRootImpl: ViewRoot's Touch Event : ACTION_DOWN
05-21 16:22:23.663   800   852 I BufferQueueProducer: [com.oringnet.wm/com.oring.SlideActivity@504#0](this:0x7982146800,id:1509,api:1,p:504,c:800) queueBuffer: fps=1.32 dur=4540.67 max=4128.94 min=4.54
05-21 16:22:23.781   800   800 I SurfaceFlinger: screenshot (com.oringnet.wm/com.oring.SlideActivity@504#0)
05-21 16:22:24.047   800   800 I SurfaceFlinger: screenshot (com.oringnet.wm/com.oring.SlideActivity@504#0)
05-21 16:22:24.316   800   800 I SurfaceFlinger: screenshot (com.oringnet.wm/com.oring.SlideActivity@504#0)
05-21 16:22:24.539   504   504 I ViewRootImpl: ViewRoot's Touch Event : ACTION_UP
05-21 16:22:24.540   504   504 I TouchFlickNoti: CHANGE UP TO DOWN vectorVelocity:1187
05-21 16:22:24.562   800   800 I SurfaceFlinger: screenshot (com.oringnet.wm/com.oring.SlideActivity@504#0)
05-21 16:22:24.664   800  2411 I BufferQueueProducer: [com.oringnet.wm/com.oring.SlideActivity@504#0](this:0x7982146800,id:1509,api:1,p:504,c:800) queueBuffer: fps=60.87 dur=1002.06 max=22.85 min=7.73
05-21 16:22:24.678   800   800 I SurfaceFlinger: screenshot (com.oringnet.wm/com.oring.SlideActivity@504#0)
05-21 16:22:24.779   800   800 I SurfaceFlinger: screenshot (com.oringnet.wm/com.oring.SlideActivity@504#0)
05-21 16:22:24.812   504   504 I ViewRootImpl: ViewRoot's Touch Event : ACTION_DOWN
05-21 16:22:24.865   504   504 I DashboardTest 1響應: 01020100a188
05-21 16:22:24.873   504   504 W UiThreadStatement: Already on the UI thread, this method should not be called from the main application thread
05-21 16:22:24.873   504   504 I DashboardTest 2請求: 01020000000479c9
05-21 16:22:24.895   800   800 I SurfaceFlinger: screenshot (com.oringnet.wm/com.oring.SlideActivity@504#0)
05-21 16:22:24.959   504   504 I DashboardTest 2響應: 010101005188
05-21 16:22:24.968   504   504 W UiThreadStatement: Already on the UI thread, this method should not be called from the main application thread
05-21 16:22:24.969   504   504 I DashboardTest 3請求: 0101000000043dc9
05-21 16:22:25.011   800   800 I SurfaceFlinger: screenshot (com.oringnet.wm/com.oring.SlideActivity@504#0)
05-21 16:22:25.056   504   504 W UiThreadStatement: Already on the UI thread, this method should not be called from the main application thread
05-21 16:22:25.056   504   504 I DashboardTest 3請求: 010100040002fc0a
05-21 16:22:25.056   504   504 I DashboardTest 3響應: 010101005188
05-21 16:22:25.111   800   800 I SurfaceFlinger: screenshot (com.oringnet.wm/com.oring.SlideActivity@504#0)
05-21 16:22:25.153   504   504 W UiThreadStatement: Already on the UI thread, this method should not be called from the main application thread
05-21 16:22:25.153   504   504 I DashboardTest 4請求: 010404310004a136
05-21 16:22:25.154   504   504 I DashboardTest 4響應: 0104080000000000000000240d
05-21 16:22:25.211   800   800 I SurfaceFlinger: screenshot (com.oringnet.wm/com.oring.SlideActivity@504#0)
05-21 16:22:25.251   504   504 W UiThreadStatement: Already on the UI thread, this method should not be called from the main application thread
05-21 16:22:25.251   504   504 I DashboardTest 5請求: 01040000000271cb
05-21 16:22:25.252   504   504 I DashboardTest 5響應: 01040400000000fb84
05-21 16:22:25.271   504   504 I AI_value:: 0.0
05-21 16:22:25.271   504   504 I AI_raw: : 00000000
05-21 16:22:25.328   800   800 I SurfaceFlinger: screenshot (com.oringnet.wm/com.oring.SlideActivity@504#0)
05-21 16:22:25.348   504   504 W UiThreadStatement: Already on the UI thread, this method should not be called from the main application thread
05-21 16:22:25.348   504   504 I DashboardTest 5請求: 010400020002d00b
05-21 16:22:25.349   504   504 I DashboardTest 5響應: 01040400000000fb84
05-21 16:22:25.366   504   504 I AI_value:: 0.0
05-21 16:22:25.366   504   504 I AI_raw: : 00000000
05-21 16:22:25.429   800   800 I SurfaceFlinger: screenshot (com.oringnet.wm/com.oring.SlideActivity@504#0)
05-21 16:22:25.450   504   504 W UiThreadStatement: Already on the UI thread, this method should not be called from the main application thread
05-21 16:22:25.450   504   504 I DashboardTest 5請求: 010400040002300a
05-21 16:22:25.450   504   504 I DashboardTest 5響應: 0104044412f99a8d4a
05-21 16:22:25.469   504   504 I SP_SW : : 初始 將第 0項, 設定成 0
05-21 16:22:25.512   504   504 I SP_SW : : 初始 將第 2項, 設定成 0
05-21 16:22:25.532   504   504 I AI_value:: 587.9
05-21 16:22:25.532   504   504 I AI_raw: : 4412f99a
05-21 16:22:25.548   504   504 I SP_SW : : 初始 將第 0項, 設定成 0
05-21 16:22:25.560   504   504 I SP_SW : : 初始 將第 2項, 設定成 0
05-21 16:22:25.595   800   800 I SurfaceFlinger: screenshot (com.oringnet.wm/com.oring.SlideActivity@504#0)
05-21 16:22:25.643   504   504 W UiThreadStatement: Already on the UI thread, this method should not be called from the main application thread
05-21 16:22:25.643   504   504 I DashboardTest 5請求: 01040006000291ca
05-21 16:22:25.644   504   504 I DashboardTest 5響應: 0104044412f99a8d4a
05-21 16:22:25.654   504   504 I SP_SW : : 初始 將第 0項, 設定成 0
05-21 16:22:25.678   504   504 I SP_SW : : 初始 將第 2項, 設定成 0
05-21 16:22:25.697   504   504 I AI_value:: 587.9
05-21 16:22:25.697   504   504 I AI_raw: : 4412f99a
05-21 16:22:25.722   800   851 I BufferQueueProducer: [com.oringnet.wm/com.oring.SlideActivity@504#0](this:0x7982146800,id:1509,api:1,p:504,c:800) queueBuffer: fps=45.39 dur=1057.42 max=129.17 min=3.86
05-21 16:22:25.754   800   800 I SurfaceFlinger: screenshot (com.oringnet.wm/com.oring.SlideActivity@504#0)
05-21 16:22:25.787   504   504 W UiThreadStatement: Already on the UI thread, this method should not be called from the main application thread
05-21 16:22:25.787   504   504 I DashboardTest 5請求: 010400080002f009
05-21 16:22:25.788   504   504 I DashboardTest 5響應: 01040400000000fb84
05-21 16:22:25.797   504   504 I SP_SW : : 初始 將第 0項, 設定成 0
05-21 16:22:25.823   504   504 I SP_SW : : 初始 將第 2項, 設定成 0
05-21 16:22:25.843   504   504 I AI_value:: 0.0
05-21 16:22:25.843   504   504 I AI_raw: : 00000000
05-21 16:22:25.904   800   800 I SurfaceFlinger: screenshot (com.oringnet.wm/com.oring.SlideActivity@504#0)
05-21 16:22:25.983   504   504 W UiThreadStatement: Already on the UI thread, this method should not be called from the main application thread
05-21 16:22:25.983   504   504 I DashboardTest 5請求: 0104000A000251c9
05-21 16:22:25.985   504   504 I DashboardTest 5響應: 01040400000000fb84
05-21 16:22:26.001   504   504 I SP_SW : : 初始 將第 0項, 設定成 0
05-21 16:22:26.026   504   504 I SP_SW : : 初始 將第 2項, 設定成 0
05-21 16:22:26.045   504   504 I AI_value:: 0.0
05-21 16:22:26.045   504   504 I AI_raw: : 00000000
05-21 16:22:26.078   800   800 I SurfaceFlinger: screenshot (com.oringnet.wm/com.oring.SlideActivity@504#0)
05-21 16:22:26.102   504   504 I ViewRootImpl: ViewRoot's Touch Event : ACTION_UP
05-21 16:22:26.103   504   504 I TouchFlickNoti: CHANGE DOWN TO UP vectorVelocity:-791
05-21 16:22:26.146   504   504 W UiThreadStatement: Already on the UI thread, this method should not be called from the main application thread
05-21 16:22:26.146   504   504 I DashboardTest 6請求: 010304000006c4f8
05-21 16:22:26.146   504   504 I DashboardTest 6響應: 01030c000600060215021502150215bfb2
05-21 16:22:26.179   800   800 I SurfaceFlinger: screenshot (com.oringnet.wm/com.oring.SlideActivity@504#0)
05-21 16:22:26.229   504   504 W UiThreadStatement: Already on the UI thread, this method should not be called from the main application thread
05-21 16:22:26.230   504   504 I DashboardTest 7請求: 010303050004544c
05-21 16:22:26.230   504   504 I DashboardTest 7響應: 010308000000000000000095d7
05-21 16:22:26.230   504   504 I RTD_mode:: 0000000000000000
05-21 16:22:26.230   504   504 I finish  : @@!!
05-21 16:22:26.295   800   800 I SurfaceFlinger: screenshot (com.oringnet.wm/com.oring.SlideActivity@504#0)
05-21 16:22:26.395   800   800 I SurfaceFlinger: screenshot (com.oringnet.wm/com.oring.SlideActivity@504#0)
05-21 16:22:26.512   800   800 I SurfaceFlinger: screenshot (com.oringnet.wm/com.oring.SlideActivity@504#0)
05-21 16:22:26.612   800   800 I SurfaceFlinger: screenshot (com.oringnet.wm/com.oring.SlideActivity@504#0)
05-21 16:22:26.712   800   800 I SurfaceFlinger: screenshot (com.oringnet.wm/com.oring.SlideActivity@504#0)
05-21 16:22:26.732   800   851 I BufferQueueProducer: [com.oringnet.wm/com.oring.SlideActivity@504#0](this:0x7982146800,id:1509,api:1,p:504,c:800) queueBuffer: fps=52.49 dur=1009.72 max=84.85 min=6.82
05-21 16:22:26.828   800   800 I SurfaceFlinger: screenshot (com.oringnet.wm/com.oring.SlideActivity@504#0)
05-21 16:22:26.929   800   800 I SurfaceFlinger: screenshot (com.oringnet.wm/com.oring.SlideActivity@504#0)
05-21 16:22:27.045   800   800 I SurfaceFlinger: screenshot (com.oringnet.wm/com.oring.SlideActivity@504#0)
05-21 16:22:27.345   800   800 I SurfaceFlinger: screenshot (com.oringnet.wm/com.oring.SlideActivity@504#0)
05-21 16:22:27.446   800   800 I SurfaceFlinger: screenshot (com.oringnet.wm/com.oring.SlideActivity@504#0)
05-21 16:22:27.562   800   800 I SurfaceFlinger: screenshot (com.oringnet.wm/com.oring.SlideActivity@504#0)
05-21 16:22:27.679   800   800 I SurfaceFlinger: screenshot (com.oringnet.wm/com.oring.SlideActivity@504#0)
05-21 16:22:27.732   800   851 I BufferQueueProducer: [com.oringnet.wm/com.oring.SlideActivity@504#0](this:0x7982146800,id:1509,api:1,p:504,c:800) queueBuffer: fps=59.99 dur=1000.14 max=18.81 min=15.03
05-21 16:22:27.795   800   800 I SurfaceFlinger: screenshot (com.oringnet.wm/com.oring.SlideActivity@504#0)
05-21 16:22:28.229   800   800 I SurfaceFlinger: screenshot (com.oringnet.wm/com.oring.SlideActivity@504#0)
05-21 16:22:28.734   800  2411 I BufferQueueProducer: [com.oringnet.wm/com.oring.SlideActivity@504#0](this:0x7982146800,id:1509,api:1,p:504,c:800) queueBuffer: fps=35.90 dur=1002.71 max=404.37 min=16.08
05-21 16:22:28.763   800   800 I SurfaceFlinger: screenshot (com.oringnet.wm/com.oring.SlideActivity@504#0)
05-21 16:22:29.222   800   800 I SurfaceFlinger: screenshot (com.oringnet.wm/com.oring.SlideActivity@504#0)
05-21 16:22:29.504  1412  1440 V GnssLocationProvider: [SV INFO] Toal Cnt: 42 , Top4 CnoAvg: 0.0 (POOR)
05-21 16:22:29.504  1412  1440 V GnssLocationProvider: [SV INFO] GPS - #19(0.0, L1, ea), #17(0.0, L1, ea), #6(0.0, L1, ea), #28(0.0, L1, ea), #9(0.0, L1, ea), #2(0.0, L1, ea), #14(0.0, L1, ea), #4(0.0, L1, ea), #12(0.0, L1, ea), #5(0.0, L1, ea), #3(0.0, L1, ea), 
05-21 16:22:29.504  1412  1440 V GnssLocationProvider: [SV INFO] GLO - #67(0.0, L1, ea), #66(0.0, L1, ea), #81(0.0, L1, ea), #82(0.0, L1, ea), #68(0.0, L1, ea), #80(0.0, L1, ea), #79(0.0, L1, ea), #83(0.0, L1, ea), #88(0.0, L1, ea), 
05-21 16:22:29.504  1412  1440 V GnssLocationProvider: [SV INFO] BDS - #214(0.0, B1, ea), #210(0.0, B1, ea), #203(0.0, B1, ea), #211(0.0, B1, ea), #208(0.0, B1, ea), #207(0.0, B1, ea), #201(0.0, B1, ea), #213(0.0, B1, ea), #202(0.0, B1, ea), #204(0.0, B1, ea), #221(0.0, B1, ea), #212(0.0, B1, ea), #205(0.0, B1, ea), #206(0.0, B1, ea), #223(0.0, B1, ea), #216(0.0, B1, ea), #225(0.0, B1, ea), #228(0.0, B1, ea), #209(0.0, B1, ea), 
05-21 16:22:29.504  1412  1440 V GnssLocationProvider: [SV INFO] QZSS - #193(0.0, L1, -), #194(0.0, L1, -), #195(0.0, L1, -), 
05-21 16:22:31.396   504   504 I DashboardTest 1響應: 01020100a188
05-21 16:22:31.469   504   504 W UiThreadStatement: Already on the UI thread, this method should not be called from the main application thread
05-21 16:22:31.470   504   504 I DashboardTest 2請求: 01020000000479c9
05-21 16:22:31.474   800  2411 I BufferQueueProducer: [com.oringnet.wm/com.oring.SlideActivity@504#0](this:0x7982146800,id:1509,api:1,p:504,c:800) queueBuffer: fps=5.11 dur=2739.86 max=2522.13 min=7.72
05-21 16:22:31.501   504   504 W UiThreadStatement: Already on the UI thread, this method should not be called from the main application thread
05-21 16:22:31.501   504   504 I DashboardTest 2請求: 0101000000043dc9
05-21 16:22:31.502   504   504 I DashboardTest 2響應: 010101005188
05-21 16:22:31.591   800   800 I SurfaceFlinger: screenshot (com.oringnet.wm/com.oring.SlideActivity@504#0)
05-21 16:22:31.592   504   504 I DashboardTest 3響應: 010101005188
05-21 16:22:31.602   504   504 W UiThreadStatement: Already on the UI thread, this method should not be called from the main application thread
05-21 16:22:31.603   504   504 I DashboardTest 4請求: 010100040002fc0a
05-21 16:22:31.691   504   504 I DashboardTest 4響應: 0104080000000000000000240d
05-21 16:22:31.701   504   504 W UiThreadStatement: Already on the UI thread, this method should not be called from the main application thread
05-21 16:22:31.702   504   504 I DashboardTest 5請求: 010404310004a136
05-21 16:22:31.760   800   800 I SurfaceFlinger: screenshot (com.oringnet.wm/com.oring.SlideActivity@504#0)
05-21 16:22:31.785   504   504 I DashboardTest 5響應: 01040400000000fb84
05-21 16:22:31.811   504   504 I AI_value:: 0.0
05-21 16:22:31.811   504   504 I AI_raw: : 00000000
05-21 16:22:31.819   504   504 W UiThreadStatement: Already on the UI thread, this method should not be called from the main application thread
05-21 16:22:31.819   504   504 I DashboardTest 5請求: 01040000000271cb
05-21 16:22:31.884   504   504 I DashboardTest 5響應: 01040400000000fb84
05-21 16:22:31.909   504   504 I AI_value:: 0.0
05-21 16:22:31.910   504   504 I AI_raw: : 00000000
05-21 16:22:31.919   504   504 W UiThreadStatement: Already on the UI thread, this method should not be called from the main application thread
05-21 16:22:31.920   504   504 I DashboardTest 5請求: 010400020002d00b
05-21 16:22:31.981   504   504 I DashboardTest 5響應: 0104044412f99a8d4a
05-21 16:22:31.997   504   504 I SP_SW : : 初始 將第 0項, 設定成 0
05-21 16:22:32.038   504   504 I SP_SW : : 初始 將第 2項, 設定成 0
05-21 16:22:32.067   504   504 I AI_value:: 587.9
05-21 16:22:32.067   504   504 I AI_raw: : 4412f99a
05-21 16:22:32.075   504   504 W UiThreadStatement: Already on the UI thread, this method should not be called from the main application thread
05-21 16:22:32.075   504   504 I DashboardTest 5請求: 010400040002300a
05-21 16:22:32.178   504   504 I DashboardTest 5響應: 0104044412f99a8d4a
05-21 16:22:32.203   504   504 I SP_SW : : 初始 將第 0項, 設定成 0
05-21 16:22:32.275   504   504 I SP_SW : : 初始 將第 2項, 設定成 0
05-21 16:22:32.321   504   504 I AI_value:: 587.9
05-21 16:22:32.321   504   504 I AI_raw: : 4412f99a
05-21 16:22:32.337   504   504 W UiThreadStatement: Already on the UI thread, this method should not be called from the main application thread
05-21 16:22:32.338   504   504 I DashboardTest 5請求: 01040006000291ca
05-21 16:22:32.419   504   504 W UiThreadStatement: Already on the UI thread, this method should not be called from the main application thread
05-21 16:22:32.419   504   504 I DashboardTest 5請求: 010400080002f009
05-21 16:22:32.453  1412  1463 I AutomaticBrightnessControllerEx: [MultiALC] lux = 147.0, time = 310085049
05-21 16:22:32.468   504   504 I DashboardTest 5響應: 01040400000000fb84
05-21 16:22:32.495   504   504 I SP_SW : : 初始 將第 0項, 設定成 0
05-21 16:22:32.557   504   504 I SP_SW : : 初始 將第 2項, 設定成 0
05-21 16:22:32.588   504   504 I AI_value:: 0.0
05-21 16:22:32.588   504   504 I AI_raw: : 00000000
05-21 16:22:32.617   800   851 I BufferQueueProducer: [com.oringnet.wm/com.oring.SlideActivity@504#0](this:0x7982146800,id:1509,api:1,p:504,c:800) queueBuffer: fps=7.00 dur=1142.71 max=264.45 min=73.81
05-21 16:22:32.664   504   504 W UiThreadStatement: Already on the UI thread, this method should not be called from the main application thread
05-21 16:22:32.664   504   504 I DashboardTest 5請求: 0104000A000251c9
05-21 16:22:32.665   504   504 I DashboardTest 5響應: 01040400000000fb84
05-21 16:22:32.677   504   504 I SP_SW : : 初始 將第 0項, 設定成 0
05-21 16:22:32.712   504   504 I SP_SW : : 初始 將第 2項, 設定成 0
05-21 16:22:32.739   504   504 I AI_value:: 0.0
05-21 16:22:32.739   504   504 I AI_raw: : 00000000
05-21 16:22:32.810   504   504 W UiThreadStatement: Already on the UI thread, this method should not be called from the main application thread
05-21 16:22:32.810   504   504 I DashboardTest 6請求: 010304000006c4f8
05-21 16:22:32.812   504   504 I DashboardTest 6響應: 01030c000600060215021502150215bfb2
05-21 16:22:32.908   504   504 W UiThreadStatement: Already on the UI thread, this method should not be called from the main application thread
05-21 16:22:32.909   504   504 I DashboardTest 7請求: 010303050004544c
05-21 16:22:32.911   504   504 I DashboardTest 7響應: 010308000000000000000095d7
05-21 16:22:32.911   504   504 I RTD_mode:: 0000000000000000
05-21 16:22:32.911   504   504 I finish  : @@!!
05-21 16:22:33.452  1412  1440 D GnssStatusListenerHelper: onNmeaReceived re-check permissions of listeners size = 3 mLastCheckTime = 310085047405990
05-21 16:22:34.164   504   504 I ViewRootImpl: ViewRoot's Touch Event : ACTION_DOWN
05-21 16:22:34.223   800  2411 I BufferQueueProducer: [com.oringnet.wm/com.oring.SlideActivity@504#0](this:0x7982146800,id:1509,api:1,p:504,c:800) queueBuffer: fps=1.87 dur=1606.07 max=1353.26 min=100.47
05-21 16:22:34.266   800   800 I SurfaceFlinger: screenshot (com.oringnet.wm/com.oring.SlideActivity@504#0)
05-21 16:22:34.566   800   800 I SurfaceFlinger: screenshot (com.oringnet.wm/com.oring.SlideActivity@504#0)
05-21 16:22:35.100   800   800 I SurfaceFlinger: screenshot (com.oringnet.wm/com.oring.SlideActivity@504#0)
05-21 16:22:35.108   504   504 I ViewRootImpl: ViewRoot's Touch Event : ACTION_UP
05-21 16:22:35.109   504   504 I TouchFlickNoti: CHANGE UP TO DOWN vectorVelocity:1090
05-21 16:22:35.214   800   800 I SurfaceFlinger: screenshot (com.oringnet.wm/com.oring.SlideActivity@504#0)
05-21 16:22:35.233   800   851 I BufferQueueProducer: [com.oringnet.wm/com.oring.SlideActivity@504#0](this:0x7982146800,id:1509,api:1,p:504,c:800) queueBuffer: fps=58.42 dur=1009.85 max=33.17 min=11.21
05-21 16:22:35.314   800   800 I SurfaceFlinger: screenshot (com.oringnet.wm/com.oring.SlideActivity@504#0)
05-21 16:22:35.414   800   800 I SurfaceFlinger: screenshot (com.oringnet.wm/com.oring.SlideActivity@504#0)
05-21 16:22:35.514   800   800 I SurfaceFlinger: screenshot (com.oringnet.wm/com.oring.SlideActivity@504#0)
05-21 16:22:35.847   800   800 I SurfaceFlinger: screenshot (com.oringnet.wm/com.oring.SlideActivity@504#0)
05-21 16:22:35.947   800   800 I SurfaceFlinger: screenshot (com.oringnet.wm/com.oring.SlideActivity@504#0)
05-21 16:22:36.164   800   800 I SurfaceFlinger: screenshot (com.oringnet.wm/com.oring.SlideActivity@504#0)
05-21 16:22:36.244   800   851 I BufferQueueProducer: [com.oringnet.wm/com.oring.SlideActivity@504#0](this:0x7982146800,id:1509,api:1,p:504,c:800) queueBuffer: fps=57.38 dur=1010.76 max=68.05 min=3.34
05-21 16:22:36.281   800   800 I SurfaceFlinger: screenshot (com.oringnet.wm/com.oring.SlideActivity@504#0)
05-21 16:22:36.381   800   800 I SurfaceFlinger: screenshot (com.oringnet.wm/com.oring.SlideActivity@504#0)
05-21 16:22:36.474   504   504 I ViewRootImpl: ViewRoot's Touch Event : ACTION_DOWN
05-21 16:22:36.497   800   800 I SurfaceFlinger: screenshot (com.oringnet.wm/com.oring.SlideActivity@504#0)
05-21 16:22:37.148   800   800 I SurfaceFlinger: screenshot (com.oringnet.wm/com.oring.SlideActivity@504#0)
05-21 16:22:37.248   800   800 I SurfaceFlinger: screenshot (com.oringnet.wm/com.oring.SlideActivity@504#0)
05-21 16:22:37.261   800   852 I BufferQueueProducer: [com.oringnet.wm/com.oring.SlideActivity@504#0](this:0x7982146800,id:1509,api:1,p:504,c:800) queueBuffer: fps=59.94 dur=1017.62 max=20.62 min=11.37
05-21 16:22:37.364   800   800 I SurfaceFlinger: screenshot (com.oringnet.wm/com.oring.SlideActivity@504#0)
05-21 16:22:37.391   504   504 I ViewRootImpl: ViewRoot's Touch Event : ACTION_UP
05-21 16:22:37.392   504   504 I TouchFlickNoti: CHANGE UP TO DOWN vectorVelocity:1117
05-21 16:22:37.465   800   800 I SurfaceFlinger: screenshot (com.oringnet.wm/com.oring.SlideActivity@504#0)
05-21 16:22:37.581   800   800 I SurfaceFlinger: screenshot (com.oringnet.wm/com.oring.SlideActivity@504#0)
05-21 16:22:37.681   800   800 I SurfaceFlinger: screenshot (com.oringnet.wm/com.oring.SlideActivity@504#0)
05-21 16:22:37.797   800   800 I SurfaceFlinger: screenshot (com.oringnet.wm/com.oring.SlideActivity@504#0)
05-21 16:22:37.998   800   800 I SurfaceFlinger: screenshot (com.oringnet.wm/com.oring.SlideActivity@504#0)
05-21 16:22:38.181   504   504 I ViewRootImpl: ViewRoot's Touch Event : ACTION_DOWN
05-21 16:22:38.187   504   504 I ViewRootImpl: ViewRoot's Touch Event : ACTION_UP
05-21 16:22:38.191   800   800 I SurfaceFlinger: screenshot (com.oringnet.wm/com.oring.SlideActivity@504#0)
05-21 16:22:38.269   800   851 I BufferQueueProducer: [com.oringnet.wm/com.oring.SlideActivity@504#0](this:0x7982146800,id:1509,api:1,p:504,c:800) queueBuffer: fps=52.58 dur=1008.07 max=143.47 min=5.04
05-21 16:22:38.298   800   800 I SurfaceFlinger: screenshot (com.oringnet.wm/com.oring.SlideActivity@504#0)
05-21 16:22:38.382   504   504 W UiThreadStatement: Already on the UI thread, this method should not be called from the main application thread
05-21 16:22:38.382   504   504 I DashboardTest 1請求: 01020000000479c9
05-21 16:22:38.382   504   504 I DashboardTest 1響應: 01020100a188
05-21 16:22:38.398   800   800 I SurfaceFlinger: screenshot (com.oringnet.wm/com.oring.SlideActivity@504#0)
05-21 16:22:38.476   504   504 W UiThreadStatement: Already on the UI thread, this method should not be called from the main application thread
05-21 16:22:38.476   504   504 I DashboardTest 2請求: 0101000000043dc9
05-21 16:22:38.476   504   504 I DashboardTest 2響應: 010101005188
05-21 16:22:38.498   800   800 I SurfaceFlinger: screenshot (com.oringnet.wm/com.oring.SlideActivity@504#0)
05-21 16:22:38.566   504   504 W UiThreadStatement: Already on the UI thread, this method should not be called from the main application thread
05-21 16:22:38.566   504   504 I DashboardTest 3請求: 010100040002fc0a
05-21 16:22:38.566   504   504 I DashboardTest 3響應: 010101005188
05-21 16:22:38.598   800   800 I SurfaceFlinger: screenshot (com.oringnet.wm/com.oring.SlideActivity@504#0)
05-21 16:22:38.657   504   504 W UiThreadStatement: Already on the UI thread, this method should not be called from the main application thread
05-21 16:22:38.657   504   504 I DashboardTest 4請求: 010404310004a136
05-21 16:22:38.657   504   504 I DashboardTest 4響應: 0104080000000000000000240d
05-21 16:22:38.715   800   800 I SurfaceFlinger: screenshot (com.oringnet.wm/com.oring.SlideActivity@504#0)
05-21 16:22:38.755   504   504 W UiThreadStatement: Already on the UI thread, this method should not be called from the main application thread
05-21 16:22:38.755   504   504 I DashboardTest 5請求: 01040000000271cb
05-21 16:22:38.755   504   504 I DashboardTest 5響應: 01040400000000fb84
05-21 16:22:38.773   504   504 I AI_value:: 0.0
05-21 16:22:38.773   504   504 I AI_raw: : 00000000
05-21 16:22:38.853   504   504 I DashboardTest 5響應: 01040400000000fb84
05-21 16:22:38.868   504   504 I AI_value:: 0.0
05-21 16:22:38.868   504   504 I AI_raw: : 00000000
05-21 16:22:38.874   504   504 W UiThreadStatement: Already on the UI thread, this method should not be called from the main application thread
05-21 16:22:38.874   504   504 I DashboardTest 5請求: 010400020002d00b
05-21 16:22:38.907   800   800 I SurfaceFlinger: screenshot (com.oringnet.wm/com.oring.SlideActivity@504#0)
05-21 16:22:38.910   800   800 I SurfaceFlinger: screenshot (com.oringnet.wm/com.oring.SlideActivity@504#0)
05-21 16:22:38.950   504   504 I DashboardTest 5響應: 0104044412f99a8d4a
05-21 16:22:38.960   504   504 I SP_SW : : 初始 將第 0項, 設定成 0
05-21 16:22:38.986   504   504 I SP_SW : : 初始 將第 2項, 設定成 0
05-21 16:22:39.004   504   504 I AI_value:: 587.9
05-21 16:22:39.004   504   504 I AI_raw: : 4412f99a
05-21 16:22:39.012   504   504 W UiThreadStatement: Already on the UI thread, this method should not be called from the main application thread
05-21 16:22:39.013   504   504 I DashboardTest 5請求: 010400040002300a
05-21 16:22:39.031   800   800 I SurfaceFlinger: screenshot (com.oringnet.wm/com.oring.SlideActivity@504#0)
05-21 16:22:39.096   504   504 W UiThreadStatement: Already on the UI thread, this method should not be called from the main application thread
05-21 16:22:39.096   504   504 I DashboardTest 5請求: 01040006000291ca
05-21 16:22:39.097   504   504 I DashboardTest 5響應: 0104044412f99a8d4a
05-21 16:22:39.105   504   504 I SP_SW : : 初始 將第 0項, 設定成 0
05-21 16:22:39.132   504   504 I SP_SW : : 初始 將第 2項, 設定成 0
05-21 16:22:39.152   504   504 I AI_value:: 587.9
05-21 16:22:39.152   504   504 I AI_raw: : 4412f99a
05-21 16:22:39.191   800   800 I SurfaceFlinger: screenshot (com.oringnet.wm/com.oring.SlideActivity@504#0)
05-21 16:22:39.243   504   504 W UiThreadStatement: Already on the UI thread, this method should not be called from the main application thread
05-21 16:22:39.243   504   504 I DashboardTest 5請求: 010400080002f009
05-21 16:22:39.243   504   504 I DashboardTest 5響應: 01040400000000fb84
05-21 16:22:39.254   504   504 I SP_SW : : 初始 將第 0項, 設定成 0
05-21 16:22:39.276   504   504 I SP_SW : : 初始 將第 2項, 設定成 0
05-21 16:22:39.293   504   504 I AI_value:: 0.0
05-21 16:22:39.293   504   504 I AI_raw: : 00000000
05-21 16:22:39.311   800   852 I BufferQueueProducer: [com.oringnet.wm/com.oring.SlideActivity@504#0](this:0x7982146800,id:1509,api:1,p:504,c:800) queueBuffer: fps=30.71 dur=1042.09 max=137.59 min=5.07
05-21 16:22:39.331   800   800 I SurfaceFlinger: screenshot (com.oringnet.wm/com.oring.SlideActivity@504#0)
05-21 16:22:39.389   504   504 W UiThreadStatement: Already on the UI thread, this method should not be called from the main application thread
05-21 16:22:39.389   504   504 I DashboardTest 5請求: 0104000A000251c9
05-21 16:22:39.390   504   504 I DashboardTest 5響應: 01040400000000fb84
05-21 16:22:39.399   504   504 I SP_SW : : 初始 將第 0項, 設定成 0
05-21 16:22:39.422   504   504 I SP_SW : : 初始 將第 2項, 設定成 0
05-21 16:22:39.449   504   504 I AI_value:: 0.0
05-21 16:22:39.449   504   504 I AI_raw: : 00000000
05-21 16:22:39.481   800   800 I SurfaceFlinger: screenshot (com.oringnet.wm/com.oring.SlideActivity@504#0)
05-21 16:22:39.535   504   504 W UiThreadStatement: Already on the UI thread, this method should not be called from the main application thread
05-21 16:22:39.535   504   504 I DashboardTest 6請求: 010304000006c4f8
05-21 16:22:39.535   504   504 I DashboardTest 6響應: 01030c000600060215021502150215bfb2
05-21 16:22:39.632   504   504 I DashboardTest 7響應: 010308000000000000000095d7
05-21 16:22:39.632   504   504 I RTD_mode:: 0000000000000000
05-21 16:22:39.632   504   504 I finish  : @@!!
05-21 16:22:39.633   504   504 W UiThreadStatement: Already on the UI thread, this method should not be called from the main application thread
05-21 16:22:39.633   504   504 I DashboardTest 0請求: 010303050004544c
05-21 16:22:40.019   800   800 I SurfaceFlinger: screenshot (com.oringnet.wm/com.oring.SlideActivity@504#0)
05-21 16:22:40.867   504   504 I ViewRootImpl: ViewRoot's Touch Event : ACTION_DOWN
05-21 16:22:40.882   504   504 I ViewRootImpl: ViewRoot's Touch Event : ACTION_UP
05-21 16:22:40.907   800   852 I BufferQueueProducer: [com.oringnet.wm/com.oring.SlideActivity@504#0](this:0x7982146800,id:1509,api:1,p:504,c:800) queueBuffer: fps=13.79 dur=1595.46 max=816.45 min=8.78
05-21 16:22:40.950   800   800 I SurfaceFlinger: screenshot (com.oringnet.wm/com.oring.SlideActivity@504#0)
05-21 16:22:41.152   504   504 D BluetoothGatt: setCharacteristicNotification() - uuid: 6e400003-b5a3-f393-e0a9-e50e24dcca9e enable: true
05-21 16:22:41.157   504   504 W com.oringnet.w: Accessing hidden field Landroid/view/animation/Animation;->mListener:Landroid/view/animation/Animation$AnimationListener; (greylist-max-p, reflection, allowed)
05-21 16:22:41.305   504   504 D PhoneWindow: windowLightStatusBar : false, disable View.SYSTEM_UI_FLAG_LIGHT_STATUS_BAR
05-21 16:22:41.344   504   504 I TouchFilterInputStageHelper: [needTouchEventFilter] Displayid : 0
05-21 16:22:41.351   504   504 D BezellessGripSuppressionFilter: getdisplaysize, x : 720 y : 1600
05-21 16:22:41.383   800   800 I SurfaceFlinger: screenshot (com.oringnet.wm/com.oring.SlideActivity@504#0)
05-21 16:22:41.395   800   852 I BufferQueueConsumer: [com.oringnet.wm/com.oring.SlideActivity@504#1](this:0x7981e38800,id:1510,api:0,p:-1,c:800) setConsumerName: com.oringnet.wm/com.oring.SlideActivity@504#1
05-21 16:22:41.395   800   852 I BufferQueueConsumer: [com.oringnet.wm/com.oring.SlideActivity@504#1](this:0x7981e38800,id:1510,api:0,p:-1,c:800) setDefaultBufferSize: width=126 height=126
05-21 16:22:41.395   800   852 I SurfaceFlinger: Create BufferLayer(0x7982125000) com.oringnet.wm/com.oring.SlideActivity@504#1 (126 x 126)
05-21 16:22:41.406   504   555 D Surface : Surface::connect(this=0x77093b1000,api=1)
05-21 16:22:41.407   800   851 I BufferQueueProducer: [com.oringnet.wm/com.oring.SlideActivity@504#1](this:0x7981e38800,id:1510,api:1,p:504,c:800) connect(P): api=1 producer=(504:com.oringnet.wm) producerControlledByApp=false
05-21 16:22:41.408   504   555 D Surface : Surface::setBufferCount(this=0x77093b1000,bufferCount=3)
05-21 16:22:41.408   504   555 D Surface : Surface::allocateBuffers(this=0x77093b1000)
05-21 16:22:41.467   504   504 I DeviceInfoTest 1響應: 01030875666b786e69476742f5
05-21 16:22:41.468   504   504 W UiThreadStatement: Already on the UI thread, this method should not be called from the main application thread
05-21 16:22:41.468   504   504 I DeviceInfoTest 2請求: 01030200000445b1
05-21 16:22:41.483   800   800 I MiniDump: 0x798216d000 |     DEVICE |          0 | 1.000 |    0    0  720 1600 |   0.0   0.0 720.0 1600.0 | com.oringnet.wm/com.oring.SlideActivity@504#0
05-21 16:22:41.483   800   800 I MiniDump: 0x7982125000 |     DEVICE |          0 | 0.287 |  301  760  419  878 |   0.0   0.0 126.0 126.0 | com.oringnet.wm/com.oring.SlideActivity@504#1
05-21 16:22:41.491   800   800 I SurfaceFlinger: screenshot (com.oringnet.wm/com.oring.SlideActivity@504#0)
05-21 16:22:41.605   504   504 I DeviceInfoTest 1響應: 0103086f6f426441797070d392
05-21 16:22:41.605   504   504 W UiThreadStatement: Already on the UI thread, this method should not be called from the main application thread
05-21 16:22:41.605   504   504 I DeviceInfoTest 2請求: 0103020400040470
05-21 16:22:41.681   504   504 I HEX:    : 75666b786e6947676f6f4264417970707569006d
05-21 16:22:41.685   504   504 I DeviceName:: fuxkingGoodByAppium
05-21 16:22:41.691   800   800 I SurfaceFlinger: screenshot (com.oringnet.wm/com.oring.SlideActivity@504#0)
05-21 16:22:41.702   504   504 I DeviceInfoTest 0響應: 0103087569006d000000000603
05-21 16:22:41.702   504   504 W UiThreadStatement: Already on the UI thread, this method should not be called from the main application thread
05-21 16:22:41.703   504   504 I DeviceInfoTest 1請求: 010302080004c473
05-21 16:22:41.781   504   504 I HEX:    : 
05-21 16:22:41.798   504   504 I DeviceInfoTest 2響應: 010308000000000000000095d7
05-21 16:22:41.798   504   504 W UiThreadStatement: Already on the UI thread, this method should not be called from the main application thread
05-21 16:22:41.799   504   504 I DeviceInfoTest 3請求: 0103021000044474
05-21 16:22:41.889   504   504 I DeviceInfoTest 2響應: 0104086f695f74657474731ff4
05-21 16:22:41.890   504   504 W UiThreadStatement: Already on the UI thread, this method should not be called from the main application thread
05-21 16:22:41.890   504   504 I DeviceInfoTest 3請求: 010402140004b075
05-21 16:22:41.952   800   800 I SurfaceFlinger: screenshot (com.oringnet.wm/com.oring.SlideActivity@504#0)
05-21 16:22:42.023   504   504 I HEX:    : 6f695f74657474733830
05-21 16:22:42.036   504   504 I DeviceInfoTest 3響應: 010408383000000000000016bc
05-21 16:22:42.037   504   504 W UiThreadStatement: Already on the UI thread, this method should not be called from the main application thread
05-21 16:22:42.037   504   504 I DeviceInfoTest 4請求: 0104021800047076
05-21 16:22:42.061   800   851 I BufferQueueProducer: [com.oringnet.wm/com.oring.SlideActivity@504#0](this:0x7982146800,id:1509,api:1,p:504,c:800) queueBuffer: fps=20.79 dur=1154.19 max=458.01 min=7.56
05-21 16:22:42.120   504   504 W UiThreadStatement: Already on the UI thread, this method should not be called from the main application thread
05-21 16:22:42.120   504   504 I DeviceInfoTest 4請求: 0104022400017079
05-21 16:22:42.121   504   504 I NB_RSSI : ff91
05-21 16:22:42.131   504   504 I DeviceInfoTest 4響應: 010402ff91396c
05-21 16:22:42.219   800   800 I SurfaceFlinger: screenshot (com.oringnet.wm/com.oring.SlideActivity@504#0)
05-21 16:22:42.220   504   504 W UiThreadStatement: Already on the UI thread, this method should not be called from the main application thread
05-21 16:22:42.220   504   504 I DeviceInfoTest 5請求: 0104024700018067
05-21 16:22:42.223   504   504 I NB_RSRQ : fffa
05-21 16:22:42.241   504   504 I DeviceInfoTest 5響應: 010402fffa7883
05-21 16:22:42.316   504   504 W UiThreadStatement: Already on the UI thread, this method should not be called from the main application thread
05-21 16:22:42.316   504   504 I DeviceInfoTest 6請求: 010402480001b064
05-21 16:22:42.321   504   504 I NB_RSRP : ff89
05-21 16:22:42.336   504   504 I DeviceInfoTest 6響應: 010402ff893966
05-21 16:22:42.412   504   504 W UiThreadStatement: Already on the UI thread, this method should not be called from the main application thread
05-21 16:22:42.412   504   504 I DeviceInfoTest 7請求: 010402490001e1a4
05-21 16:22:42.418   504   504 I NB_SINR : 0000
05-21 16:22:42.434   504   504 I DeviceInfoTest 7響應: 0104020000b930
05-21 16:22:42.450  1412  1463 I AutomaticBrightnessControllerEx: [MultiALC] lux = 159.0, time = 310095046
05-21 16:22:42.483   800   800 I SurfaceFlinger: screenshot (com.oringnet.wm/com.oring.SlideActivity@504#0)
05-21 16:22:42.509   504   504 W UiThreadStatement: Already on the UI thread, this method should not be called from the main application thread
05-21 16:22:42.510   504   504 I DeviceInfoTest 8請求: 010402270004407a
05-21 16:22:42.510   504   504 I HEX:    : ff89fffffffa
05-21 16:22:42.522   504   504 I DeviceInfoTest 8響應: 0104080000ff89fffffffa2c4a
05-21 16:22:42.599   800   800 I SurfaceFlinger: screenshot (com.oringnet.wm/com.oring.SlideActivity@504#0)
05-21 16:22:42.607   504   504 W UiThreadStatement: Already on the UI thread, this method should not be called from the main application thread
05-21 16:22:42.607   504   504 I DeviceInfoTest 9請求: 010303E80004c479
05-21 16:22:42.607   504   504 I HEX:    : 323134333635
05-21 16:22:42.608   504   504 I Password: : 123456
05-21 16:22:42.616   504   504 I DeviceInfoTest 10響應: 0103083231343336350000282f
05-21 16:22:42.700   800   800 I SurfaceFlinger: screenshot (com.oringnet.wm/com.oring.SlideActivity@504#0)
05-21 16:22:42.704   504   504 I KeepALive: 003c
05-21 16:22:42.714   504   504 I DeviceInfoTest 11響應: 010302003cb855
05-21 16:22:42.714   504   504 W UiThreadStatement: Already on the UI thread, this method should not be called from the main application thread
05-21 16:22:42.714   504   504 I DeviceInfoTest 12請求: 010302B600016454
05-21 16:22:42.802   504   504 W UiThreadStatement: Already on the UI thread, this method should not be called from the main application thread
05-21 16:22:42.802   504   504 I DeviceInfoTest 12請求: 010104000001fcfa
05-21 16:22:42.803   504   504 I fc_Status:: 00false
05-21 16:22:42.811   504   555 D Surface : Surface::disconnect(this=0x77093b1000,api=1)
05-21 16:22:42.812   800   851 I BufferQueueProducer: [com.oringnet.wm/com.oring.SlideActivity@504#1](this:0x7981e38800,id:1510,api:1,p:504,c:800) disconnect(P): api 1
05-21 16:22:42.843   504   504 I DeviceInfoTest -1響應: 010101005188
05-21 16:22:42.877   800   800 I SurfaceFlinger: screenshot (com.oringnet.wm/com.oring.SlideActivity@504#0)
05-21 16:22:42.990   800   800 I SurfaceFlinger: screenshot (com.oringnet.wm/com.oring.SlideActivity@504#0)
05-21 16:22:43.001   800   800 I MiniDump: 0x798216d000 |     DEVICE |          0 | 1.000 |    0    0  720 1600 |   0.0   0.0 720.0 1600.0 | com.oringnet.wm/com.oring.SlideActivity@504#0
05-21 16:22:43.081   800   800 I SurfaceFlinger: Remove BufferLayer(0x7982125000) com.oringnet.wm/com.oring.SlideActivity@504#1 (-1 x -1)
05-21 16:22:43.081   800   800 I BufferQueue: [com.oringnet.wm/com.oring.SlideActivity@504#1](this:0x7981e38800,id:1510,api:1,p:-1,c:-1) ~BufferQueueCore
05-21 16:22:43.086   800   800 I MiniDump: 0x798216d000 |     DEVICE |          0 | 1.000 |    0    0  720 1600 |   0.0   0.0 720.0 1600.0 | com.oringnet.wm/com.oring.SlideActivity@504#0
05-21 16:22:43.093   800   800 I SurfaceFlinger: screenshot (com.oringnet.wm/com.oring.SlideActivity@504#0)
05-21 16:22:43.353   800   800 I SurfaceFlinger: screenshot (com.oringnet.wm/com.oring.SlideActivity@504#0)
05-21 16:22:43.549   800   800 I SurfaceFlinger: screenshot (com.oringnet.wm/com.oring.SlideActivity@504#0)
05-21 16:22:43.716   800   800 I SurfaceFlinger: screenshot (com.oringnet.wm/com.oring.SlideActivity@504#0)
05-21 16:22:43.833   800   800 I SurfaceFlinger: screenshot (com.oringnet.wm/com.oring.SlideActivity@504#0)
