07-18 23:36:52.169 13990 13990 W UiThreadStatement: Already on the UI thread, this method should not be called from the main application thread
07-18 23:36:52.169 13990 13990 I Gateway : [Req]<READ INTERVAL> 000309C50001967a
07-18 23:36:52.169 13990 13990 I Gateway : [Rsp]<READ INTERVAL> 000302003c8595
07-18 23:36:52.169 13990 13990 I R_item  : 1 INTERVAL 003c
07-18 23:36:52.169 13990 13990 I R_item  : enable: 2
07-18 23:36:52.182 13990 13990 I itemMapping: 0
07-18 23:36:52.182 13990 13990 I MydataType: 0>0
07-18 23:36:52.184 13990 13990 I itemMapping: 0
07-18 23:36:52.184 13990 13990 I MydataType: 1>0
07-18 23:36:52.186 13990 13990 I itemMapping: 0
07-18 23:36:52.186 13990 13990 I MydataType: 2>0
07-18 23:36:52.189 13990 13990 I itemMapping: 0
07-18 23:36:52.189 13990 13990 I MydataType: 3>0
07-18 23:36:52.191 13990 13990 I itemMapping: 0
07-18 23:36:52.193   797   797 I SurfaceFlinger: screenshot (com.oringnet.wm/com.oring.SlideActivity@13990#0)
07-18 23:36:52.195 13990 13990 I MydataType: 4>0
07-18 23:36:52.197 13990 13990 I itemMapping: 0
07-18 23:36:52.198 13990 13990 I MydataType: 5>0
07-18 23:36:52.200 13990 13990 I itemMapping: 0
07-18 23:36:52.200 13990 13990 I MydataType: 6>0
07-18 23:36:52.266 13990 13990 W UiThreadStatement: Already on the UI thread, this method should not be called from the main application thread
07-18 23:36:52.266 13990 13990 I Gateway : [Req]<READ NET_ID> 000307D200012496
07-18 23:36:52.266 13990 13990 I Gateway : [Rsp]<READ NET_ID> 00030200008584
07-18 23:36:52.266 13990 13990 I R_item  : 2 NET_ID 0000
07-18 23:36:52.281 13990 13990 I itemMapping: 0
07-18 23:36:52.282 13990 13990 I MydataType: 0>0
07-18 23:36:52.284 13990 13990 I itemMapping: 0
07-18 23:36:52.284 13990 13990 I MydataType: 1>0
07-18 23:36:52.286 13990 13990 I itemMapping: 0
07-18 23:36:52.287 13990 13990 I MydataType: 2>0
07-18 23:36:52.289 13990 13990 I itemMapping: 0
07-18 23:36:52.289 13990 13990 I MydataType: 3>0
07-18 23:36:52.291 13990 13990 I itemMapping: 0
07-18 23:36:52.292 13990 13990 I MydataType: 4>0
07-18 23:36:52.294 13990 13990 I itemMapping: 0
07-18 23:36:52.294 13990 13990 I MydataType: 5>0
07-18 23:36:52.296 13990 13990 I itemMapping: 0
07-18 23:36:52.296 13990 13990 I MydataType: 6>0
07-18 23:36:52.346   797   797 I SurfaceFlinger: screenshot (com.oringnet.wm/com.oring.SlideActivity@13990#0)
07-18 23:36:52.363 13990 13990 W UiThreadStatement: Already on the UI thread, this method should not be called from the main application thread
07-18 23:36:52.363 13990 13990 I Gateway : [Req]<READ IO_TYPE> 00030836000167b5
07-18 23:36:52.364 13990 13990 I Gateway : [Rsp]<READ IO_TYPE> 00030200008584
07-18 23:36:52.364 13990 13990 I R_item  : 2 IO_TYPE 0000
07-18 23:36:52.381 13990 13990 I itemMapping: 0
07-18 23:36:52.381 13990 13990 I MydataType: 0>0
07-18 23:36:52.384 13990 13990 I itemMapping: 0
07-18 23:36:52.384 13990 13990 I MydataType: 1>0
07-18 23:36:52.386 13990 13990 I itemMapping: 0
07-18 23:36:52.386 13990 13990 I MydataType: 2>0
07-18 23:36:52.389 13990 13990 I itemMapping: 0
07-18 23:36:52.389 13990 13990 I MydataType: 3>0
07-18 23:36:52.391 13990 13990 I itemMapping: 0
07-18 23:36:52.391 13990 13990 I MydataType: 4>0
07-18 23:36:52.394 13990 13990 I itemMapping: 0
07-18 23:36:52.394 13990 13990 I MydataType: 5>0
07-18 23:36:52.396 13990 13990 I itemMapping: 0
07-18 23:36:52.397 13990 13990 I MydataType: 6>0
07-18 23:36:52.456   797   797 I SurfaceFlinger: screenshot (com.oringnet.wm/com.oring.SlideActivity@13990#0)
07-18 23:36:52.460 13990 13990 W UiThreadStatement: Already on the UI thread, this method should not be called from the main application thread
07-18 23:36:52.461 13990 13990 I Gateway : [Req]<READ ADDRESS> 0003089A0001a794
07-18 23:36:52.461 13990 13990 I Gateway : [Rsp]<READ ADDRESS> 00030200008584
07-18 23:36:52.461 13990 13990 I R_item  : 2 ADDRESS 0000
07-18 23:36:52.482 13990 13990 I itemMapping: 0
07-18 23:36:52.482 13990 13990 I MydataType: 0>0
07-18 23:36:52.484 13990 13990 I itemMapping: 0
07-18 23:36:52.485 13990 13990 I MydataType: 1>0
07-18 23:36:52.487 13990 13990 I itemMapping: 0
07-18 23:36:52.487 13990 13990 I MydataType: 2>0
07-18 23:36:52.489 13990 13990 I itemMapping: 0
07-18 23:36:52.490 13990 13990 I MydataType: 3>0
07-18 23:36:52.492 13990 13990 I itemMapping: 0
07-18 23:36:52.492 13990 13990 I MydataType: 4>0
07-18 23:36:52.494 13990 13990 I itemMapping: 0
07-18 23:36:52.494 13990 13990 I MydataType: 5>0
07-18 23:36:52.496 13990 13990 I itemMapping: 0
07-18 23:36:52.497 13990 13990 I MydataType: 6>0
07-18 23:36:52.556   797   797 I SurfaceFlinger: screenshot (com.oringnet.wm/com.oring.SlideActivity@13990#0)
07-18 23:36:52.559 13990 13990 I Gateway : [Rsp]<READ DATA_NUM> 00030200014444
07-18 23:36:52.559 13990 13990 I R_item  : 2 DATA_NUM 0001
07-18 23:36:52.566 13990 13990 W UiThreadStatement: Already on the UI thread, this method should not be called from the main application thread
07-18 23:36:52.566 13990 13990 I Gateway : [Req]<READ DATA_FORMAT> 000308FE0001e64b
07-18 23:36:52.582 13990 13990 I itemMapping: 0
07-18 23:36:52.582 13990 13990 I MydataType: 0>0
07-18 23:36:52.584 13990 13990 I itemMapping: 0
07-18 23:36:52.584 13990 13990 I MydataType: 1>0
07-18 23:36:52.587 13990 13990 I itemMapping: 0
07-18 23:36:52.587 13990 13990 I MydataType: 2>0
07-18 23:36:52.589 13990 13990 I itemMapping: 0
07-18 23:36:52.589 13990 13990 I MydataType: 3>0
07-18 23:36:52.591 13990 13990 I itemMapping: 0
07-18 23:36:52.591 13990 13990 I MydataType: 4>0
07-18 23:36:52.593 13990 13990 I itemMapping: 0
07-18 23:36:52.593 13990 13990 I MydataType: 5>0
07-18 23:36:52.595 13990 13990 I itemMapping: 0
07-18 23:36:52.596 13990 13990 I MydataType: 6>0
07-18 23:36:52.657 13990 13990 W UiThreadStatement: Already on the UI thread, this method should not be called from the main application thread
07-18 23:36:52.657 13990 13990 I Gateway : [Req]<READ DATA_FORMAT> 0003096200012799
07-18 23:36:52.657 13990 13990 I Gateway : [Rsp]<READ DATA_FORMAT> 00030200008584
07-18 23:36:52.657   797   797 I SurfaceFlinger: screenshot (com.oringnet.wm/com.oring.SlideActivity@13990#0)
07-18 23:36:52.657 13990 13990 I R_item  : 2 DATA_FORMAT 0000
07-18 23:36:52.671 13990 13990 I itemMapping: 0
07-18 23:36:52.671 13990 13990 I MydataType: 0>0
07-18 23:36:52.674 13990 13990 I itemMapping: 0
07-18 23:36:52.674 13990 13990 I MydataType: 1>0
07-18 23:36:52.676 13990 13990 I itemMapping: 0
07-18 23:36:52.676 13990 13990 I MydataType: 2>0
07-18 23:36:52.678 13990 13990 I itemMapping: 0
07-18 23:36:52.678 13990 13990 I MydataType: 3>0
07-18 23:36:52.680 13990 13990 I itemMapping: 0
07-18 23:36:52.680 13990 13990 I MydataType: 4>0
07-18 23:36:52.682 13990 13990 I itemMapping: 0
07-18 23:36:52.682 13990 13990 I MydataType: 5>0
07-18 23:36:52.684 13990 13990 I itemMapping: 0
07-18 23:36:52.685 13990 13990 I MydataType: 6>0
07-18 23:36:52.754 13990 13990 W UiThreadStatement: Already on the UI thread, this method should not be called from the main application thread
07-18 23:36:52.754 13990 13990 I Gateway : [Req]<READ INTERVAL> 000309C60001667a
07-18 23:36:52.754 13990 13990 I Gateway : [Rsp]<READ INTERVAL> 000302003c8595
07-18 23:36:52.754 13990 13990 I R_item  : 2 INTERVAL 003c
07-18 23:36:52.754 13990 13990 I R_item  : enable: 3
07-18 23:36:52.764   797   797 I SurfaceFlinger: screenshot (com.oringnet.wm/com.oring.SlideActivity@13990#0)
07-18 23:36:52.782 13990 13990 I itemMapping: 0
07-18 23:36:52.782 13990 13990 I MydataType: 0>0
07-18 23:36:52.784 13990 13990 I itemMapping: 0
07-18 23:36:52.785 13990 13990 I MydataType: 1>0
07-18 23:36:52.787 13990 13990 I itemMapping: 0
07-18 23:36:52.787 13990 13990 I MydataType: 2>0
07-18 23:36:52.789 13990 13990 I itemMapping: 0
07-18 23:36:52.789 13990 13990 I MydataType: 3>0
07-18 23:36:52.792 13990 13990 I itemMapping: 0
07-18 23:36:52.792 13990 13990 I MydataType: 4>0
07-18 23:36:52.794 13990 13990 I itemMapping: 0
07-18 23:36:52.795 13990 13990 I MydataType: 5>0
07-18 23:36:52.797 13990 13990 I itemMapping: 0
07-18 23:36:52.797 13990 13990 I MydataType: 6>0
07-18 23:36:52.839   797  1247 I BufferQueueProducer: [com.oringnet.wm/com.oring.SlideActivity@13990#0](this:0x7556dc3800,id:754,api:1,p:13990,c:797) queueBuffer: fps=20.51 dur=1072.74 max=99.88 min=4.62
07-18 23:36:52.851 13990 13990 W UiThreadStatement: Already on the UI thread, this method should not be called from the main application thread
07-18 23:36:52.851 13990 13990 I Gateway : [Req]<READ NET_ID> 000307D300017556
07-18 23:36:52.851 13990 13990 I Gateway : [Rsp]<READ NET_ID> 00030200008584
07-18 23:36:52.852 13990 13990 I R_item  : 3 NET_ID 0000
07-18 23:36:52.868 13990 13990 I itemMapping: 0
07-18 23:36:52.868 13990 13990 I MydataType: 0>0
07-18 23:36:52.870 13990 13990 I itemMapping: 0
07-18 23:36:52.870 13990 13990 I MydataType: 1>0
07-18 23:36:52.872 13990 13990 I itemMapping: 0
07-18 23:36:52.873 13990 13990 I MydataType: 2>0
07-18 23:36:52.875 13990 13990 I itemMapping: 0
07-18 23:36:52.875 13990 13990 I MydataType: 3>0
07-18 23:36:52.877 13990 13990 I itemMapping: 0
07-18 23:36:52.877 13990 13990 I MydataType: 4>0
07-18 23:36:52.879 13990 13990 I itemMapping: 0
07-18 23:36:52.880 13990 13990 I MydataType: 5>0
07-18 23:36:52.882 13990 13990 I itemMapping: 0
07-18 23:36:52.882 13990 13990 I MydataType: 6>0
07-18 23:36:52.949 13990 13990 W UiThreadStatement: Already on the UI thread, this method should not be called from the main application thread
07-18 23:36:52.949 13990 13990 I Gateway : [Req]<READ IO_TYPE> 0003083700013675
07-18 23:36:52.949 13990 13990 I Gateway : [Rsp]<READ IO_TYPE> 00030200008584
07-18 23:36:52.949 13990 13990 I R_item  : 3 IO_TYPE 0000
07-18 23:36:52.960   797   797 I SurfaceFlinger: screenshot (com.oringnet.wm/com.oring.SlideActivity@13990#0)
07-18 23:36:52.965 13990 13990 I itemMapping: 0
07-18 23:36:52.966 13990 13990 I MydataType: 0>0
07-18 23:36:52.967 13990 13990 I itemMapping: 0
07-18 23:36:52.968 13990 13990 I MydataType: 1>0
07-18 23:36:52.969 13990 13990 I itemMapping: 0
07-18 23:36:52.970 13990 13990 I MydataType: 2>0
07-18 23:36:52.972 13990 13990 I itemMapping: 0
07-18 23:36:52.972 13990 13990 I MydataType: 3>0
07-18 23:36:52.974 13990 13990 I itemMapping: 0
07-18 23:36:52.974 13990 13990 I MydataType: 4>0
07-18 23:36:52.977 13990 13990 I itemMapping: 0
07-18 23:36:52.977 13990 13990 I MydataType: 5>0
07-18 23:36:52.979 13990 13990 I itemMapping: 0
07-18 23:36:52.980 13990 13990 I MydataType: 6>0
07-18 23:36:53.046 13990 13990 I Gateway : [Rsp]<READ ADDRESS> 00030200008584
07-18 23:36:53.046 13990 13990 I R_item  : 3 ADDRESS 0000
07-18 23:36:53.053 13990 13990 W UiThreadStatement: Already on the UI thread, this method should not be called from the main application thread
07-18 23:36:53.053 13990 13990 I Gateway : [Req]<READ DATA_NUM> 0003089B0001f654
07-18 23:36:53.060   797   797 I SurfaceFlinger: screenshot (com.oringnet.wm/com.oring.SlideActivity@13990#0)
07-18 23:36:53.065 13990 13990 I itemMapping: 0
07-18 23:36:53.066 13990 13990 I MydataType: 0>0
07-18 23:36:53.068 13990 13990 I itemMapping: 0
07-18 23:36:53.068 13990 13990 I MydataType: 1>0
07-18 23:36:53.070 13990 13990 I itemMapping: 0
07-18 23:36:53.071 13990 13990 I MydataType: 2>0
07-18 23:36:53.072 13990 13990 I itemMapping: 0
07-18 23:36:53.073 13990 13990 I MydataType: 3>0
07-18 23:36:53.075 13990 13990 I itemMapping: 0
07-18 23:36:53.075 13990 13990 I MydataType: 4>0
07-18 23:36:53.077 13990 13990 I itemMapping: 0
07-18 23:36:53.078 13990 13990 I MydataType: 5>0
07-18 23:36:53.080 13990 13990 I itemMapping: 0
07-18 23:36:53.080 13990 13990 I MydataType: 6>0
07-18 23:36:53.143 13990 13990 W UiThreadStatement: Already on the UI thread, this method should not be called from the main application thread
07-18 23:36:53.143 13990 13990 I Gateway : [Req]<READ DATA_NUM> 000308FF0001b78b
07-18 23:36:53.143 13990 13990 I Gateway : [Rsp]<READ DATA_NUM> 00030200014444
07-18 23:36:53.144 13990 13990 I R_item  : 3 DATA_NUM 0001
07-18 23:36:53.165 13990 13990 I itemMapping: 0
07-18 23:36:53.165 13990 13990 I MydataType: 0>0
07-18 23:36:53.167 13990 13990 I itemMapping: 0
07-18 23:36:53.167 13990 13990 I MydataType: 1>0
07-18 23:36:53.169 13990 13990 I itemMapping: 0
07-18 23:36:53.170 13990 13990 I MydataType: 2>0
07-18 23:36:53.172 13990 13990 I itemMapping: 0
07-18 23:36:53.172 13990 13990 I MydataType: 3>0
07-18 23:36:53.174 13990 13990 I itemMapping: 0
07-18 23:36:53.175 13990 13990 I MydataType: 4>0
07-18 23:36:53.177 13990 13990 I itemMapping: 0
07-18 23:36:53.177 13990 13990 I MydataType: 5>0
07-18 23:36:53.179 13990 13990 I itemMapping: 0
07-18 23:36:53.180 13990 13990 I MydataType: 6>0
07-18 23:36:53.239   797   797 I SurfaceFlinger: screenshot (com.oringnet.wm/com.oring.SlideActivity@13990#0)
07-18 23:36:53.241 13990 13990 W UiThreadStatement: Already on the UI thread, this method should not be called from the main application thread
07-18 23:36:53.241 13990 13990 I Gateway : [Req]<READ DATA_FORMAT> 0003096300017659
07-18 23:36:53.241 13990 13990 I Gateway : [Rsp]<READ DATA_FORMAT> 00030200008584
07-18 23:36:53.241 13990 13990 I R_item  : 3 DATA_FORMAT 0000
07-18 23:36:53.265 13990 13990 I itemMapping: 0
07-18 23:36:53.265 13990 13990 I MydataType: 0>0
07-18 23:36:53.267 13990 13990 I itemMapping: 0
07-18 23:36:53.268 13990 13990 I MydataType: 1>0
07-18 23:36:53.270 13990 13990 I itemMapping: 0
07-18 23:36:53.270 13990 13990 I MydataType: 2>0
07-18 23:36:53.272 13990 13990 I itemMapping: 0
07-18 23:36:53.272 13990 13990 I MydataType: 3>0
07-18 23:36:53.274 13990 13990 I itemMapping: 0
07-18 23:36:53.275 13990 13990 I MydataType: 4>0
07-18 23:36:53.277 13990 13990 I itemMapping: 0
07-18 23:36:53.277 13990 13990 I MydataType: 5>0
07-18 23:36:53.279 13990 13990 I itemMapping: 0
07-18 23:36:53.279 13990 13990 I MydataType: 6>0
07-18 23:36:53.339 13990 13990 W UiThreadStatement: Already on the UI thread, this method should not be called from the main application thread
07-18 23:36:53.339 13990 13990 I Gateway : [Req]<READ INTERVAL> 000309C7000137ba
07-18 23:36:53.340 13990 13990 I Gateway : [Rsp]<READ INTERVAL> 000302003c8595
07-18 23:36:53.340 13990 13990 I R_item  : 3 INTERVAL 003c
07-18 23:36:53.340   797   797 I SurfaceFlinger: screenshot (com.oringnet.wm/com.oring.SlideActivity@13990#0)
07-18 23:36:53.340 13990 13990 I R_item  : enable: 4
07-18 23:36:53.365 13990 13990 I itemMapping: 0
07-18 23:36:53.365 13990 13990 I MydataType: 0>0
07-18 23:36:53.367 13990 13990 I itemMapping: 0
07-18 23:36:53.368 13990 13990 I MydataType: 1>0
07-18 23:36:53.370 13990 13990 I itemMapping: 0
07-18 23:36:53.370 13990 13990 I MydataType: 2>0
07-18 23:36:53.372 13990 13990 I itemMapping: 0
07-18 23:36:53.373 13990 13990 I MydataType: 3>0
07-18 23:36:53.375 13990 13990 I itemMapping: 0
07-18 23:36:53.375 13990 13990 I MydataType: 4>0
07-18 23:36:53.378 13990 13990 I itemMapping: 0
07-18 23:36:53.378 13990 13990 I MydataType: 5>0
07-18 23:36:53.380 13990 13990 I itemMapping: 0
07-18 23:36:53.381 13990 13990 I MydataType: 6>0
07-18 23:36:53.436 13990 13990 W UiThreadStatement: Already on the UI thread, this method should not be called from the main application thread
07-18 23:36:53.436 13990 13990 I Gateway : [Req]<READ NET_ID> 000307D40001c497
07-18 23:36:53.437 13990 13990 I Gateway : [Rsp]<READ NET_ID> 00030200008584
07-18 23:36:53.437 13990 13990 I R_item  : 4 NET_ID 0000
07-18 23:36:53.440   797   797 I SurfaceFlinger: screenshot (com.oringnet.wm/com.oring.SlideActivity@13990#0)
07-18 23:36:53.465 13990 13990 I itemMapping: 0
07-18 23:36:53.466 13990 13990 I MydataType: 0>0
07-18 23:36:53.468 13990 13990 I itemMapping: 0
07-18 23:36:53.468 13990 13990 I MydataType: 1>0
07-18 23:36:53.470 13990 13990 I itemMapping: 0
07-18 23:36:53.470 13990 13990 I MydataType: 2>0
07-18 23:36:53.472 13990 13990 I itemMapping: 0
07-18 23:36:53.472 13990 13990 I MydataType: 3>0
07-18 23:36:53.474 13990 13990 I itemMapping: 0
07-18 23:36:53.475 13990 13990 I MydataType: 4>0
07-18 23:36:53.477 13990 13990 I itemMapping: 0
07-18 23:36:53.477 13990 13990 I MydataType: 5>0
07-18 23:36:53.479 13990 13990 I itemMapping: 0
07-18 23:36:53.479 13990 13990 I MydataType: 6>0
07-18 23:36:53.539 13990 13990 W UiThreadStatement: Already on the UI thread, this method should not be called from the main application thread
07-18 23:36:53.539 13990 13990 I Gateway : [Req]<READ IO_TYPE> 0003083800010676
07-18 23:36:53.539 13990 13990 I Gateway : [Rsp]<READ IO_TYPE> 00030200008584
07-18 23:36:53.539 13990 13990 I R_item  : 4 IO_TYPE 0000
07-18 23:36:53.548   797   797 I SurfaceFlinger: screenshot (com.oringnet.wm/com.oring.SlideActivity@13990#0)
07-18 23:36:53.560 13990 13990 I itemMapping: 0
07-18 23:36:53.560 13990 13990 I MydataType: 0>0
07-18 23:36:53.562 13990 13990 I itemMapping: 0
07-18 23:36:53.562 13990 13990 I MydataType: 1>0
07-18 23:36:53.564 13990 13990 I itemMapping: 0
07-18 23:36:53.564 13990 13990 I MydataType: 2>0
07-18 23:36:53.566 13990 13990 I itemMapping: 0
07-18 23:36:53.566 13990 13990 I MydataType: 3>0
07-18 23:36:53.568 13990 13990 I itemMapping: 0
07-18 23:36:53.568 13990 13990 I MydataType: 4>0
07-18 23:36:53.570 13990 13990 I itemMapping: 0
07-18 23:36:53.570 13990 13990 I MydataType: 5>0
07-18 23:36:53.573 13990 13990 I itemMapping: 0
07-18 23:36:53.573 13990 13990 I MydataType: 6>0
07-18 23:36:53.632 13990 13990 W UiThreadStatement: Already on the UI thread, this method should not be called from the main application thread
07-18 23:36:53.632 13990 13990 I Gateway : [Req]<READ ADDRESS> 0003089C00014795
07-18 23:36:53.632 13990 13990 I Gateway : [Rsp]<READ ADDRESS> 00030200008584
07-18 23:36:53.632 13990 13990 I R_item  : 4 ADDRESS 0000
07-18 23:36:53.648 13990 13990 I itemMapping: 0
07-18 23:36:53.649 13990 13990 I MydataType: 0>0
07-18 23:36:53.650 13990 13990 I itemMapping: 0
07-18 23:36:53.650 13990 13990 I MydataType: 1>0
07-18 23:36:53.652 13990 13990 I itemMapping: 0
07-18 23:36:53.652 13990 13990 I MydataType: 2>0
07-18 23:36:53.653 13990 13990 I itemMapping: 0
07-18 23:36:53.654 13990 13990 I MydataType: 3>0
07-18 23:36:53.656 13990 13990 I itemMapping: 0
07-18 23:36:53.656 13990 13990 I MydataType: 4>0
07-18 23:36:53.656   797   797 I SurfaceFlinger: screenshot (com.oringnet.wm/com.oring.SlideActivity@13990#0)
07-18 23:36:53.658 13990 13990 I itemMapping: 0
07-18 23:36:53.658 13990 13990 I MydataType: 5>0
07-18 23:36:53.660 13990 13990 I itemMapping: 0
07-18 23:36:53.660 13990 13990 I MydataType: 6>0
07-18 23:36:53.729 13990 13990 W UiThreadStatement: Already on the UI thread, this method should not be called from the main application thread
07-18 23:36:53.729 13990 13990 I Gateway : [Req]<READ DATA_NUM> 0003090000018647
07-18 23:36:53.730 13990 13990 I Gateway : [Rsp]<READ DATA_NUM> 00030200014444
07-18 23:36:53.730 13990 13990 I R_item  : 4 DATA_NUM 0001
07-18 23:36:53.749 13990 13990 I itemMapping: 0
07-18 23:36:53.749 13990 13990 I MydataType: 0>0
07-18 23:36:53.751 13990 13990 I itemMapping: 0
07-18 23:36:53.751 13990 13990 I MydataType: 1>0
07-18 23:36:53.752 13990 13990 I itemMapping: 0
07-18 23:36:53.753 13990 13990 I MydataType: 2>0
07-18 23:36:53.754 13990 13990 I itemMapping: 0
07-18 23:36:53.755 13990 13990 I MydataType: 3>0
07-18 23:36:53.757 13990 13990 I itemMapping: 0
07-18 23:36:53.757 13990 13990 I MydataType: 4>0
07-18 23:36:53.759 13990 13990 I itemMapping: 0
07-18 23:36:53.759 13990 13990 I MydataType: 5>0
07-18 23:36:53.761 13990 13990 I itemMapping: 0
07-18 23:36:53.761 13990 13990 I MydataType: 6>0
07-18 23:36:53.824   797   797 I SurfaceFlinger: screenshot (com.oringnet.wm/com.oring.SlideActivity@13990#0)
07-18 23:36:53.826 13990 13990 W UiThreadStatement: Already on the UI thread, this method should not be called from the main application thread
07-18 23:36:53.826 13990 13990 I Gateway : [Req]<READ DATA_FORMAT> 000309640001c798
07-18 23:36:53.826 13990 13990 I Gateway : [Rsp]<READ DATA_FORMAT> 00030200008584
07-18 23:36:53.826 13990 13990 I R_item  : 4 DATA_FORMAT 0000
07-18 23:36:53.849 13990 13990 I itemMapping: 0
07-18 23:36:53.849 13990 13990 I MydataType: 0>0
07-18 23:36:53.851 13990 13990 I itemMapping: 0
07-18 23:36:53.851 13990 13990 I MydataType: 1>0
07-18 23:36:53.852 13990 13990 I itemMapping: 0
07-18 23:36:53.853 13990 13990 I MydataType: 2>0
07-18 23:36:53.854 13990 13990 I itemMapping: 0
07-18 23:36:53.854 13990 13990 I MydataType: 3>0
07-18 23:36:53.856 13990 13990 I itemMapping: 0
07-18 23:36:53.856 13990 13990 I MydataType: 4>0
07-18 23:36:53.858 13990 13990 I itemMapping: 0
07-18 23:36:53.858 13990 13990 I MydataType: 5>0
07-18 23:36:53.860 13990 13990 I itemMapping: 0
07-18 23:36:53.860 13990 13990 I MydataType: 6>0
07-18 23:36:53.905   797  1247 I BufferQueueProducer: [com.oringnet.wm/com.oring.SlideActivity@13990#0](this:0x7556dc3800,id:754,api:1,p:13990,c:797) queueBuffer: fps=20.64 dur=1065.71 max=112.03 min=4.13
07-18 23:36:53.924 13990 13990 W UiThreadStatement: Already on the UI thread, this method should not be called from the main application thread
07-18 23:36:53.924 13990 13990 I Gateway : [Req]<READ INTERVAL> 000309C8000107b9
07-18 23:36:53.924 13990 13990 I Gateway : [Rsp]<READ INTERVAL> 000302003c8595
07-18 23:36:53.924 13990 13990 I R_item  : 4 INTERVAL 003c
07-18 23:36:53.925 13990 13990 I R_item  : enable: 5
07-18 23:36:53.931   797   797 I SurfaceFlinger: screenshot (com.oringnet.wm/com.oring.SlideActivity@13990#0)
07-18 23:36:53.949 13990 13990 I itemMapping: 0
07-18 23:36:53.949 13990 13990 I MydataType: 0>0
07-18 23:36:53.951 13990 13990 I itemMapping: 0
07-18 23:36:53.951 13990 13990 I MydataType: 1>0
07-18 23:36:53.954 13990 13990 I itemMapping: 0
07-18 23:36:53.954 13990 13990 I MydataType: 2>0
07-18 23:36:53.956 13990 13990 I itemMapping: 0
07-18 23:36:53.956 13990 13990 I MydataType: 3>0
07-18 23:36:53.958 13990 13990 I itemMapping: 0
07-18 23:36:53.958 13990 13990 I MydataType: 4>0
07-18 23:36:53.960 13990 13990 I itemMapping: 0
07-18 23:36:53.960 13990 13990 I MydataType: 5>0
07-18 23:36:53.962 13990 13990 I itemMapping: 0
07-18 23:36:53.962 13990 13990 I MydataType: 6>0
07-18 23:36:54.021 13990 13990 W UiThreadStatement: Already on the UI thread, this method should not be called from the main application thread
07-18 23:36:54.021 13990 13990 I Gateway : [Req]<READ NET_ID> 000307D500019557
07-18 23:36:54.021 13990 13990 I Gateway : [Rsp]<READ NET_ID> 00030200008584
07-18 23:36:54.021 13990 13990 I R_item  : 5 NET_ID 0000
07-18 23:36:54.047 13990 13990 I itemMapping: 0
07-18 23:36:54.048 13990 13990 I MydataType: 0>0
07-18 23:36:54.049 13990 13990 I itemMapping: 0
07-18 23:36:54.049 13990 13990 I MydataType: 1>0
07-18 23:36:54.051 13990 13990 I itemMapping: 0
07-18 23:36:54.051 13990 13990 I MydataType: 2>0
07-18 23:36:54.053 13990 13990 I itemMapping: 0
07-18 23:36:54.053 13990 13990 I MydataType: 3>0
07-18 23:36:54.055 13990 13990 I itemMapping: 0
07-18 23:36:54.055 13990 13990 I MydataType: 4>0
07-18 23:36:54.057 13990 13990 I itemMapping: 0
07-18 23:36:54.057 13990 13990 I MydataType: 5>0
07-18 23:36:54.059 13990 13990 I itemMapping: 0
07-18 23:36:54.059 13990 13990 I MydataType: 6>0
07-18 23:36:54.118 13990 13990 W UiThreadStatement: Already on the UI thread, this method should not be called from the main application thread
07-18 23:36:54.118 13990 13990 I Gateway : [Req]<READ IO_TYPE> 00030839000157b6
07-18 23:36:54.119 13990 13990 I Gateway : [Rsp]<READ IO_TYPE> 00030200008584
07-18 23:36:54.119 13990 13990 I R_item  : 5 IO_TYPE 0000
07-18 23:36:54.124   797   797 I SurfaceFlinger: screenshot (com.oringnet.wm/com.oring.SlideActivity@13990#0)
07-18 23:36:54.132 13990 13990 I itemMapping: 0
07-18 23:36:54.132 13990 13990 I MydataType: 0>0
07-18 23:36:54.134 13990 13990 I itemMapping: 0
07-18 23:36:54.134 13990 13990 I MydataType: 1>0
07-18 23:36:54.136 13990 13990 I itemMapping: 0
07-18 23:36:54.136 13990 13990 I MydataType: 2>0
07-18 23:36:54.138 13990 13990 I itemMapping: 0
07-18 23:36:54.138 13990 13990 I MydataType: 3>0
07-18 23:36:54.140 13990 13990 I itemMapping: 0
07-18 23:36:54.140 13990 13990 I MydataType: 4>0
07-18 23:36:54.142 13990 13990 I itemMapping: 0
07-18 23:36:54.142 13990 13990 I MydataType: 5>0
07-18 23:36:54.144 13990 13990 I itemMapping: 0
07-18 23:36:54.144 13990 13990 I MydataType: 6>0
07-18 23:36:54.216 13990 13990 W UiThreadStatement: Already on the UI thread, this method should not be called from the main application thread
07-18 23:36:54.216 13990 13990 I Gateway : [Req]<READ ADDRESS> 0003089D00011655
07-18 23:36:54.217 13990 13990 I Gateway : [Rsp]<READ ADDRESS> 00030200008584
07-18 23:36:54.217 13990 13990 I R_item  : 5 ADDRESS 0000
07-18 23:36:54.224   797   797 I SurfaceFlinger: screenshot (com.oringnet.wm/com.oring.SlideActivity@13990#0)
07-18 23:36:54.232 13990 13990 I itemMapping: 0
07-18 23:36:54.232 13990 13990 I MydataType: 0>0
07-18 23:36:54.234 13990 13990 I itemMapping: 0
07-18 23:36:54.234 13990 13990 I MydataType: 1>0
07-18 23:36:54.236 13990 13990 I itemMapping: 0
07-18 23:36:54.236 13990 13990 I MydataType: 2>0
07-18 23:36:54.238 13990 13990 I itemMapping: 0
07-18 23:36:54.238 13990 13990 I MydataType: 3>0
07-18 23:36:54.240 13990 13990 I itemMapping: 0
07-18 23:36:54.240 13990 13990 I MydataType: 4>0
07-18 23:36:54.242 13990 13990 I itemMapping: 0
07-18 23:36:54.242 13990 13990 I MydataType: 5>0
07-18 23:36:54.244 13990 13990 I itemMapping: 0
07-18 23:36:54.245 13990 13990 I MydataType: 6>0
07-18 23:36:54.314 13990 13990 W UiThreadStatement: Already on the UI thread, this method should not be called from the main application thread
07-18 23:36:54.314 13990 13990 I Gateway : [Req]<READ DATA_NUM> 000309010001d787
07-18 23:36:54.314 13990 13990 I Gateway : [Rsp]<READ DATA_NUM> 00030200014444
07-18 23:36:54.314 13990 13990 I R_item  : 5 DATA_NUM 0001
07-18 23:36:54.327   797   797 I SurfaceFlinger: screenshot (com.oringnet.wm/com.oring.SlideActivity@13990#0)
07-18 23:36:54.332 13990 13990 I itemMapping: 0
07-18 23:36:54.332 13990 13990 I MydataType: 0>0
07-18 23:36:54.334 13990 13990 I itemMapping: 0
07-18 23:36:54.334 13990 13990 I MydataType: 1>0
07-18 23:36:54.336 13990 13990 I itemMapping: 0
07-18 23:36:54.336 13990 13990 I MydataType: 2>0
07-18 23:36:54.338 13990 13990 I itemMapping: 0
07-18 23:36:54.338 13990 13990 I MydataType: 3>0
07-18 23:36:54.339 13990 13990 I itemMapping: 0
07-18 23:36:54.340 13990 13990 I MydataType: 4>0
07-18 23:36:54.342 13990 13990 I itemMapping: 0
07-18 23:36:54.342 13990 13990 I MydataType: 5>0
07-18 23:36:54.344 13990 13990 I itemMapping: 0
07-18 23:36:54.344 13990 13990 I MydataType: 6>0
07-18 23:36:54.411 13990 13990 I Gateway : [Rsp]<READ DATA_FORMAT> 00030200008584
07-18 23:36:54.411 13990 13990 I R_item  : 5 DATA_FORMAT 0000
07-18 23:36:54.418 13990 13990 W UiThreadStatement: Already on the UI thread, this method should not be called from the main application thread
07-18 23:36:54.418 13990 13990 I Gateway : [Req]<READ INTERVAL> 0003096500019658
07-18 23:36:54.432 13990 13990 I itemMapping: 0
07-18 23:36:54.432 13990 13990 I MydataType: 0>0
07-18 23:36:54.433 13990 13990 I itemMapping: 0
07-18 23:36:54.434 13990 13990 I MydataType: 1>0
07-18 23:36:54.435 13990 13990 I itemMapping: 0
07-18 23:36:54.435 13990 13990 I MydataType: 2>0
07-18 23:36:54.437 13990 13990 I itemMapping: 0
07-18 23:36:54.437 13990 13990 I MydataType: 3>0
07-18 23:36:54.439 13990 13990 I itemMapping: 0
07-18 23:36:54.439 13990 13990 I MydataType: 4>0
07-18 23:36:54.442 13990 13990 I itemMapping: 0
07-18 23:36:54.442 13990 13990 I MydataType: 5>0
07-18 23:36:54.444 13990 13990 I itemMapping: 0
07-18 23:36:54.444 13990 13990 I MydataType: 6>0
07-18 23:36:54.507   797   797 I SurfaceFlinger: screenshot (com.oringnet.wm/com.oring.SlideActivity@13990#0)
07-18 23:36:54.509 13990 13990 W UiThreadStatement: Already on the UI thread, this method should not be called from the main application thread
07-18 23:36:54.509 13990 13990 I Gateway : [Req]<READ INTERVAL> 000309C900015679
07-18 23:36:54.509 13990 13990 I Gateway : [Rsp]<READ INTERVAL> 000302003c8595
07-18 23:36:54.509 13990 13990 I R_item  : 5 INTERVAL 003c
07-18 23:36:54.510 13990 13990 I R_item  : enable: 6
07-18 23:36:54.532 13990 13990 I itemMapping: 0
07-18 23:36:54.532 13990 13990 I MydataType: 0>0
07-18 23:36:54.534 13990 13990 I itemMapping: 0
07-18 23:36:54.534 13990 13990 I MydataType: 1>0
07-18 23:36:54.536 13990 13990 I itemMapping: 0
07-18 23:36:54.536 13990 13990 I MydataType: 2>0
07-18 23:36:54.537 13990 13990 I itemMapping: 0
07-18 23:36:54.538 13990 13990 I MydataType: 3>0
07-18 23:36:54.539 13990 13990 I itemMapping: 0
07-18 23:36:54.539 13990 13990 I MydataType: 4>0
07-18 23:36:54.541 13990 13990 I itemMapping: 0
07-18 23:36:54.542 13990 13990 I MydataType: 5>0
07-18 23:36:54.543 13990 13990 I itemMapping: 0
07-18 23:36:54.544 13990 13990 I MydataType: 6>0
07-18 23:36:54.606 13990 13990 W UiThreadStatement: Already on the UI thread, this method should not be called from the main application thread
07-18 23:36:54.606 13990 13990 I Gateway : [Req]<READ NET_ID> 000307D600016557
07-18 23:36:54.607 13990 13990 I Gateway : [Rsp]<READ NET_ID> 00030200008584
07-18 23:36:54.607 13990 13990 I R_item  : 6 NET_ID 0000
07-18 23:36:54.614   797   797 I SurfaceFlinger: screenshot (com.oringnet.wm/com.oring.SlideActivity@13990#0)
07-18 23:36:54.632 13990 13990 I itemMapping: 0
07-18 23:36:54.632 13990 13990 I MydataType: 0>0
07-18 23:36:54.634 13990 13990 I itemMapping: 0
07-18 23:36:54.635 13990 13990 I MydataType: 1>0
07-18 23:36:54.636 13990 13990 I itemMapping: 0
07-18 23:36:54.637 13990 13990 I MydataType: 2>0
07-18 23:36:54.638 13990 13990 I itemMapping: 0
07-18 23:36:54.638 13990 13990 I MydataType: 3>0
07-18 23:36:54.640 13990 13990 I itemMapping: 0
07-18 23:36:54.640 13990 13990 I MydataType: 4>0
07-18 23:36:54.642 13990 13990 I itemMapping: 0
07-18 23:36:54.642 13990 13990 I MydataType: 5>0
07-18 23:36:54.644 13990 13990 I itemMapping: 0
07-18 23:36:54.644 13990 13990 I MydataType: 6>0
07-18 23:36:54.704 13990 13990 W UiThreadStatement: Already on the UI thread, this method should not be called from the main application thread
07-18 23:36:54.704 13990 13990 I Gateway : [Req]<READ IO_TYPE> 0003083A0001a7b6
07-18 23:36:54.704 13990 13990 I Gateway : [Rsp]<READ IO_TYPE> 00030200008584
07-18 23:36:54.704 13990 13990 I R_item  : 6 IO_TYPE 0000
07-18 23:36:54.732 13990 13990 I itemMapping: 0
07-18 23:36:54.732 13990 13990 I MydataType: 0>0
07-18 23:36:54.734 13990 13990 I itemMapping: 0
07-18 23:36:54.734 13990 13990 I MydataType: 1>0
07-18 23:36:54.736 13990 13990 I itemMapping: 0
07-18 23:36:54.737 13990 13990 I MydataType: 2>0
07-18 23:36:54.738 13990 13990 I itemMapping: 0
07-18 23:36:54.739 13990 13990 I MydataType: 3>0
07-18 23:36:54.740 13990 13990 I itemMapping: 0
07-18 23:36:54.741 13990 13990 I MydataType: 4>0
07-18 23:36:54.743 13990 13990 I itemMapping: 0
07-18 23:36:54.743 13990 13990 I MydataType: 5>0
07-18 23:36:54.744 13990 13990 I itemMapping: 0
07-18 23:36:54.745 13990 13990 I MydataType: 6>0
07-18 23:36:54.798   797   797 I SurfaceFlinger: screenshot (com.oringnet.wm/com.oring.SlideActivity@13990#0)
07-18 23:36:54.802 13990 13990 W UiThreadStatement: Already on the UI thread, this method should not be called from the main application thread
07-18 23:36:54.802 13990 13990 I Gateway : [Req]<READ ADDRESS> 0003089E0001e655
07-18 23:36:54.802 13990 13990 I Gateway : [Rsp]<READ ADDRESS> 00030200008584
07-18 23:36:54.802 13990 13990 I R_item  : 6 ADDRESS 0000
07-18 23:36:54.816 13990 13990 I itemMapping: 0
07-18 23:36:54.816 13990 13990 I MydataType: 0>0
07-18 23:36:54.818 13990 13990 I itemMapping: 0
07-18 23:36:54.818 13990 13990 I MydataType: 1>0
07-18 23:36:54.820 13990 13990 I itemMapping: 0
07-18 23:36:54.820 13990 13990 I MydataType: 2>0
07-18 23:36:54.822 13990 13990 I itemMapping: 0
07-18 23:36:54.822 13990 13990 I MydataType: 3>0
07-18 23:36:54.824 13990 13990 I itemMapping: 0
07-18 23:36:54.824 13990 13990 I MydataType: 4>0
07-18 23:36:54.826 13990 13990 I itemMapping: 0
07-18 23:36:54.826 13990 13990 I MydataType: 5>0
07-18 23:36:54.828 13990 13990 I itemMapping: 0
07-18 23:36:54.828 13990 13990 I MydataType: 6>0
07-18 23:36:54.899 13990 13990 W UiThreadStatement: Already on the UI thread, this method should not be called from the main application thread
07-18 23:36:54.899 13990 13990 I Gateway : [Req]<READ DATA_NUM> 0003090200012787
07-18 23:36:54.900 13990 13990 I Gateway : [Rsp]<READ DATA_NUM> 00030200014444
07-18 23:36:54.900 13990 13990 I R_item  : 6 DATA_NUM 0001
07-18 23:36:54.910   797   797 I SurfaceFlinger: screenshot (com.oringnet.wm/com.oring.SlideActivity@13990#0)
07-18 23:36:54.916 13990 13990 I itemMapping: 0
07-18 23:36:54.916 13990 13990 I MydataType: 0>0
07-18 23:36:54.918 13990 13990 I itemMapping: 0
07-18 23:36:54.918 13990 13990 I MydataType: 1>0
07-18 23:36:54.920 13990 13990 I itemMapping: 0
07-18 23:36:54.920 13990 13990 I MydataType: 2>0
07-18 23:36:54.922 13990 13990 I itemMapping: 0
07-18 23:36:54.922 13990 13990 I MydataType: 3>0
07-18 23:36:54.924 13990 13990 I itemMapping: 0
07-18 23:36:54.924 13990 13990 I MydataType: 4>0
07-18 23:36:54.926 13990 13990 I itemMapping: 0
07-18 23:36:54.927 13990 13990 I MydataType: 5>0
07-18 23:36:54.929 13990 13990 I itemMapping: 0
07-18 23:36:54.929 13990 13990 I MydataType: 6>0
07-18 23:36:54.977   797  1247 I BufferQueueProducer: [com.oringnet.wm/com.oring.SlideActivity@13990#0](this:0x7556dc3800,id:754,api:1,p:13990,c:797) queueBuffer: fps=20.53 dur=1071.48 max=97.04 min=4.17
07-18 23:36:54.996 13990 13990 I Gateway : [Rsp]<READ DATA_FORMAT> 00030200008584
07-18 23:36:54.996 13990 13990 I R_item  : 6 DATA_FORMAT 0000
07-18 23:36:55.003 13990 13990 W UiThreadStatement: Already on the UI thread, this method should not be called from the main application thread
07-18 23:36:55.003 13990 13990 I Gateway : [Req]<READ INTERVAL> 0003096600016658
07-18 23:36:55.007   797   797 I SurfaceFlinger: screenshot (com.oringnet.wm/com.oring.SlideActivity@13990#0)
07-18 23:36:55.015 13990 13990 I itemMapping: 0
07-18 23:36:55.016 13990 13990 I MydataType: 0>0
07-18 23:36:55.017 13990 13990 I itemMapping: 0
07-18 23:36:55.018 13990 13990 I MydataType: 1>0
07-18 23:36:55.020 13990 13990 I itemMapping: 0
07-18 23:36:55.020 13990 13990 I MydataType: 2>0
07-18 23:36:55.021 13990 13990 I itemMapping: 0
07-18 23:36:55.022 13990 13990 I MydataType: 3>0
07-18 23:36:55.023 13990 13990 I itemMapping: 0
07-18 23:36:55.024 13990 13990 I MydataType: 4>0
07-18 23:36:55.026 13990 13990 I itemMapping: 0
07-18 23:36:55.026 13990 13990 I MydataType: 5>0
07-18 23:36:55.028 13990 13990 I itemMapping: 0
07-18 23:36:55.028 13990 13990 I MydataType: 6>0
07-18 23:36:55.094 13990 13990 I Gateway : [Rsp]<READ INTERVAL> 000302003c8595
07-18 23:36:55.094 13990 13990 I R_item  : 6 INTERVAL 003c
07-18 23:36:55.094 13990 13990 I R_item  : enable: 7
07-18 23:36:55.099 13990 13990 W UiThreadStatement: Already on the UI thread, this method should not be called from the main application thread
07-18 23:36:55.099 13990 13990 I Gateway : [Req]<READ NET_ID> 000309CA0001a679
07-18 23:36:55.110   797   797 I SurfaceFlinger: screenshot (com.oringnet.wm/com.oring.SlideActivity@13990#0)
07-18 23:36:55.116 13990 13990 I itemMapping: 0
07-18 23:36:55.116 13990 13990 I MydataType: 0>0
07-18 23:36:55.117 13990 13990 I itemMapping: 0
07-18 23:36:55.118 13990 13990 I MydataType: 1>0
07-18 23:36:55.119 13990 13990 I itemMapping: 0
07-18 23:36:55.119 13990 13990 I MydataType: 2>0
07-18 23:36:55.121 13990 13990 I itemMapping: 0
07-18 23:36:55.121 13990 13990 I MydataType: 3>0
07-18 23:36:55.123 13990 13990 I itemMapping: 0
07-18 23:36:55.123 13990 13990 I MydataType: 4>0
07-18 23:36:55.125 13990 13990 I itemMapping: 0
07-18 23:36:55.125 13990 13990 I MydataType: 5>0
07-18 23:36:55.126 13990 13990 I itemMapping: 0
07-18 23:36:55.126 13990 13990 I MydataType: 6>0
07-18 23:36:55.191 13990 13990 W UiThreadStatement: Already on the UI thread, this method should not be called from the main application thread
07-18 23:36:55.191 13990 13990 I Gateway : [Req]<READ NET_ID> 000307D700013497
07-18 23:36:55.191 13990 13990 I Gateway : [Rsp]<READ NET_ID> 00030200008584
07-18 23:36:55.191 13990 13990 I R_item  : 7 NET_ID 0000
07-18 23:36:55.215 13990 13990 I itemMapping: 0
07-18 23:36:55.215 13990 13990 I MydataType: 0>0
07-18 23:36:55.217 13990 13990 I itemMapping: 0
07-18 23:36:55.217 13990 13990 I MydataType: 1>0
07-18 23:36:55.218 13990 13990 I itemMapping: 0
07-18 23:36:55.218 13990 13990 I MydataType: 2>0
07-18 23:36:55.220 13990 13990 I itemMapping: 0
07-18 23:36:55.220 13990 13990 I MydataType: 3>0
07-18 23:36:55.222 13990 13990 I itemMapping: 0
07-18 23:36:55.222 13990 13990 I MydataType: 4>0
07-18 23:36:55.223 13990 13990 I itemMapping: 0
07-18 23:36:55.224 13990 13990 I MydataType: 5>0
07-18 23:36:55.225 13990 13990 I itemMapping: 0
07-18 23:36:55.225 13990 13990 I MydataType: 6>0
07-18 23:36:55.280   797   797 I SurfaceFlinger: screenshot (com.oringnet.wm/com.oring.SlideActivity@13990#0)
07-18 23:36:55.289 13990 13990 W UiThreadStatement: Already on the UI thread, this method should not be called from the main application thread
07-18 23:36:55.289 13990 13990 I Gateway : [Req]<READ IO_TYPE> 0003083B0001f676
07-18 23:36:55.289 13990 13990 I Gateway : [Rsp]<READ IO_TYPE> 00030200008584
07-18 23:36:55.289 13990 13990 I R_item  : 7 IO_TYPE 0000
07-18 23:36:55.314 13990 13990 I itemMapping: 0
07-18 23:36:55.314 13990 13990 I MydataType: 0>0
07-18 23:36:55.315 13990 13990 I itemMapping: 0
07-18 23:36:55.316 13990 13990 I MydataType: 1>0
07-18 23:36:55.317 13990 13990 I itemMapping: 0
07-18 23:36:55.317 13990 13990 I MydataType: 2>0
07-18 23:36:55.319 13990 13990 I itemMapping: 0
07-18 23:36:55.319 13990 13990 I MydataType: 3>0
07-18 23:36:55.321 13990 13990 I itemMapping: 0
07-18 23:36:55.321 13990 13990 I MydataType: 4>0
07-18 23:36:55.323 13990 13990 I itemMapping: 0
07-18 23:36:55.323 13990 13990 I MydataType: 5>0
07-18 23:36:55.325 13990 13990 I itemMapping: 0
07-18 23:36:55.325 13990 13990 I MydataType: 6>0
07-18 23:36:55.386 13990 13990 W UiThreadStatement: Already on the UI thread, this method should not be called from the main application thread
07-18 23:36:55.386 13990 13990 I Gateway : [Req]<READ ADDRESS> 0003089F0001b795
07-18 23:36:55.386 13990 13990 I Gateway : [Rsp]<READ ADDRESS> 00030200008584
07-18 23:36:55.386 13990 13990 I R_item  : 7 ADDRESS 0000
07-18 23:36:55.390   797   797 I SurfaceFlinger: screenshot (com.oringnet.wm/com.oring.SlideActivity@13990#0)
07-18 23:36:55.399 13990 13990 I itemMapping: 0
07-18 23:36:55.400 13990 13990 I MydataType: 0>0
07-18 23:36:55.401 13990 13990 I itemMapping: 0
07-18 23:36:55.401 13990 13990 I MydataType: 1>0
07-18 23:36:55.404 13990 13990 I itemMapping: 0
07-18 23:36:55.404 13990 13990 I MydataType: 2>0
07-18 23:36:55.406 13990 13990 I itemMapping: 0
07-18 23:36:55.406 13990 13990 I MydataType: 3>0
07-18 23:36:55.407 13990 13990 I itemMapping: 0
07-18 23:36:55.407 13990 13990 I MydataType: 4>0
07-18 23:36:55.409 13990 13990 I itemMapping: 0
07-18 23:36:55.409 13990 13990 I MydataType: 5>0
07-18 23:36:55.411 13990 13990 I itemMapping: 0
07-18 23:36:55.411 13990 13990 I MydataType: 6>0
07-18 23:36:55.483 13990 13990 W UiThreadStatement: Already on the UI thread, this method should not be called from the main application thread
07-18 23:36:55.483 13990 13990 I Gateway : [Req]<READ DATA_NUM> 0003090300017647
07-18 23:36:55.484 13990 13990 I Gateway : [Rsp]<READ DATA_NUM> 00030200014444
07-18 23:36:55.484 13990 13990 I R_item  : 7 DATA_NUM 0001
07-18 23:36:55.490   797   797 I SurfaceFlinger: screenshot (com.oringnet.wm/com.oring.SlideActivity@13990#0)
07-18 23:36:55.499 13990 13990 I itemMapping: 0
07-18 23:36:55.499 13990 13990 I MydataType: 0>0
07-18 23:36:55.500 13990 13990 I itemMapping: 0
07-18 23:36:55.501 13990 13990 I MydataType: 1>0
07-18 23:36:55.502 13990 13990 I itemMapping: 0
07-18 23:36:55.502 13990 13990 I MydataType: 2>0
07-18 23:36:55.504 13990 13990 I itemMapping: 0
07-18 23:36:55.504 13990 13990 I MydataType: 3>0
07-18 23:36:55.506 13990 13990 I itemMapping: 0
07-18 23:36:55.506 13990 13990 I MydataType: 4>0
07-18 23:36:55.508 13990 13990 I itemMapping: 0
07-18 23:36:55.508 13990 13990 I MydataType: 5>0
07-18 23:36:55.510 13990 13990 I itemMapping: 0
07-18 23:36:55.510 13990 13990 I MydataType: 6>0
07-18 23:36:55.581 13990 13990 W UiThreadStatement: Already on the UI thread, this method should not be called from the main application thread
07-18 23:36:55.582 13990 13990 I Gateway : [Req]<READ DATA_FORMAT> 0003096700013798
07-18 23:36:55.582 13990 13990 I Gateway : [Rsp]<READ DATA_FORMAT> 00030200008584
07-18 23:36:55.582 13990 13990 I R_item  : 7 DATA_FORMAT 0000
07-18 23:36:55.593   797   797 I SurfaceFlinger: screenshot (com.oringnet.wm/com.oring.SlideActivity@13990#0)
07-18 23:36:55.599 13990 13990 I itemMapping: 0
07-18 23:36:55.599 13990 13990 I MydataType: 0>0
07-18 23:36:55.601 13990 13990 I itemMapping: 0
07-18 23:36:55.601 13990 13990 I MydataType: 1>0
07-18 23:36:55.603 13990 13990 I itemMapping: 0
07-18 23:36:55.604 13990 13990 I MydataType: 2>0
07-18 23:36:55.605 13990 13990 I itemMapping: 0
07-18 23:36:55.605 13990 13990 I MydataType: 3>0
07-18 23:36:55.607 13990 13990 I itemMapping: 0
07-18 23:36:55.608 13990 13990 I MydataType: 4>0
07-18 23:36:55.609 13990 13990 I itemMapping: 0
07-18 23:36:55.610 13990 13990 I MydataType: 5>0
07-18 23:36:55.611 13990 13990 I itemMapping: 0
07-18 23:36:55.612 13990 13990 I MydataType: 6>0
07-18 23:36:55.623 13990 14002 I com.oringnet.w: Background young concurrent copying GC freed 243292(10MB) AllocSpace objects, 0(0B) LOS objects, 52% free, 9506KB/19MB, paused 596us total 115.455ms
07-18 23:36:55.678 13990 13990 W UiThreadStatement: Already on the UI thread, this method should not be called from the main application thread
07-18 23:36:55.678 13990 13990 I Gateway : [Req]<READ INTERVAL> 000309CB0001f7b9
07-18 23:36:55.679 13990 13990 I Gateway : [Rsp]<READ INTERVAL> 000302003c8595
07-18 23:36:55.679 13990 13990 I R_item  : 7 INTERVAL 003c
07-18 23:36:55.679 13990 13990 I R_item  : enable: 8
07-18 23:36:55.683 13990 14011 D Surface : Surface::disconnect(this=0x73d825b000,api=1)
07-18 23:36:55.684   797  2128 I BufferQueueProducer: [com.oringnet.wm/com.oring.SlideActivity@13990#1](this:0x75654b2800,id:769,api:1,p:13990,c:797) disconnect(P): api 1
07-18 23:36:55.700 13990 13990 I itemMapping: 0
07-18 23:36:55.700 13990 13990 I MydataType: 0>0
07-18 23:36:55.702 13990 13990 I itemMapping: 0
07-18 23:36:55.702 13990 13990 I MydataType: 1>0
07-18 23:36:55.704 13990 13990 I itemMapping: 0
07-18 23:36:55.704 13990 13990 I MydataType: 2>0
07-18 23:36:55.705 13990 13990 I itemMapping: 0
07-18 23:36:55.706 13990 13990 I MydataType: 3>0
07-18 23:36:55.707 13990 13990 I itemMapping: 0
07-18 23:36:55.707 13990 13990 I MydataType: 4>0
07-18 23:36:55.709 13990 13990 I itemMapping: 0
07-18 23:36:55.709 13990 13990 I MydataType: 5>0
07-18 23:36:55.711 13990 13990 I itemMapping: 0
07-18 23:36:55.711 13990 13990 I MydataType: 6>0
07-18 23:36:55.737   797   797 I SurfaceFlinger: screenshot (com.oringnet.wm/com.oring.SlideActivity@13990#0)
07-18 23:36:55.864   797   797 I MiniDump: 0x75654ab000 |     DEVICE |          0 | 1.000 |    0    0  720 1600 |   0.0   0.0 720.0 1600.0 | com.oringnet.wm/com.oring.SlideActivity@13990#0
07-18 23:36:55.945   797   797 I SurfaceFlinger: Remove BufferLayer(0x75655bc000) com.oringnet.wm/com.oring.SlideActivity@13990#1 (-1 x -1)
07-18 23:36:55.945   797   797 I BufferQueue: [com.oringnet.wm/com.oring.SlideActivity@13990#1](this:0x75654b2800,id:769,api:1,p:-1,c:-1) ~BufferQueueCore
07-18 23:36:55.948   797   797 I MiniDump: 0x75654ab000 |     DEVICE |          0 | 1.000 |    0    0  720 1600 |   0.0   0.0 720.0 1600.0 | com.oringnet.wm/com.oring.SlideActivity@13990#0
07-18 23:36:55.981   797   797 I SurfaceFlinger: screenshot (com.oringnet.wm/com.oring.SlideActivity@13990#0)
07-18 23:36:56.098   797   797 I SurfaceFlinger: screenshot (com.oringnet.wm/com.oring.SlideActivity@13990#0)
07-18 23:36:56.265   797   797 I SurfaceFlinger: screenshot (com.oringnet.wm/com.oring.SlideActivity@13990#0)
07-18 23:36:56.382   797   797 I SurfaceFlinger: screenshot (com.oringnet.wm/com.oring.SlideActivity@13990#0)
07-18 23:36:56.515   797   797 I SurfaceFlinger: screenshot (com.oringnet.wm/com.oring.SlideActivity@13990#0)
07-18 23:36:56.631   797   797 I SurfaceFlinger: screenshot (com.oringnet.wm/com.oring.SlideActivity@13990#0)
07-18 23:36:56.642   797   797 I SurfaceFlinger: screenshot (com.oringnet.wm/com.oring.SlideActivity@13990#0)
07-18 23:36:56.748   797   797 I SurfaceFlinger: screenshot (com.oringnet.wm/com.oring.SlideActivity@13990#0)
07-18 23:36:56.864   797   797 I SurfaceFlinger: screenshot (com.oringnet.wm/com.oring.SlideActivity@13990#0)
07-18 23:36:56.965   797   797 I SurfaceFlinger: screenshot (com.oringnet.wm/com.oring.SlideActivity@13990#0)
07-18 23:36:57.047 13990 13990 I ViewRootImpl: ViewRoot's Touch Event : ACTION_DOWN
07-18 23:36:57.052 13990 13990 I ViewRootImpl: ViewRoot's Touch Event : ACTION_UP
07-18 23:36:57.059 13990 13990 D PhoneWindow: windowLightStatusBar : false, disable View.SYSTEM_UI_FLAG_LIGHT_STATUS_BAR
07-18 23:36:57.075 13990 13990 I TouchFilterInputStageHelper: [needTouchEventFilter] Displayid : 0
07-18 23:36:57.077 13990 13990 D BezellessGripSuppressionFilter: getdisplaysize, x : 720 y : 1600
07-18 23:36:57.086 13990 13990 D BluetoothGatt: setCharacteristicNotification() - uuid: 6e400003-b5a3-f393-e0a9-e50e24dcca9e enable: true
07-18 23:36:57.108   797  2128 I BufferQueueConsumer: [com.oringnet.wm/com.oring.SlideActivity@13990#1](this:0x7565552000,id:770,api:0,p:-1,c:797) setConsumerName: com.oringnet.wm/com.oring.SlideActivity@13990#1
07-18 23:36:57.108   797  2128 I BufferQueueConsumer: [com.oringnet.wm/com.oring.SlideActivity@13990#1](this:0x7565552000,id:770,api:0,p:-1,c:797) setDefaultBufferSize: width=126 height=126
07-18 23:36:57.108   797  2128 I SurfaceFlinger: Create BufferLayer(0x7556d85000) com.oringnet.wm/com.oring.SlideActivity@13990#1 (126 x 126)
07-18 23:36:57.115 13990 14011 D Surface : Surface::connect(this=0x746ce5e000,api=1)
07-18 23:36:57.116   797  2128 I BufferQueueProducer: [com.oringnet.wm/com.oring.SlideActivity@13990#1](this:0x7565552000,id:770,api:1,p:13990,c:797) connect(P): api=1 producer=(13990:com.oringnet.wm) producerControlledByApp=false
07-18 23:36:57.117 13990 14011 D Surface : Surface::setBufferCount(this=0x746ce5e000,bufferCount=3)
07-18 23:36:57.118 13990 14011 D Surface : Surface::allocateBuffers(this=0x746ce5e000)
07-18 23:36:57.129 13990 13990 I itemMapping: 0
07-18 23:36:57.129 13990 13990 I MydataType: 0>0
07-18 23:36:57.148   797   797 I SurfaceFlinger: screenshot (com.oringnet.wm/com.oring.SlideActivity@13990#0)
07-18 23:36:57.177   797  2128 I BufferQueueProducer: [com.oringnet.wm/com.oring.SlideActivity@13990#0](this:0x7556dc3800,id:754,api:1,p:13990,c:797) queueBuffer: fps=8.18 dur=2200.90 max=1406.36 min=4.10
07-18 23:36:57.231   797   797 I MiniDump: 0x75654ab000 |     DEVICE |          0 | 1.000 |    0    0  720 1600 |   0.0   0.0 720.0 1600.0 | com.oringnet.wm/com.oring.SlideActivity@13990#0
07-18 23:36:57.231   797   797 I MiniDump: 0x7556d85000 |     DEVICE |          0 | 0.287 |  301  760  419  878 |   0.0   0.0 126.0 126.0 | com.oringnet.wm/com.oring.SlideActivity@13990#1
07-18 23:36:57.289 13990 13990 W UiThreadStatement: Already on the UI thread, this method should not be called from the main application thread
07-18 23:36:57.289 13990 13990 I Gateway : [Req]<READ ENABLE LOW> 00030A4800010615
07-18 23:36:57.289 13990 13990 I Gateway : [Rsp]<READ ENABLE LOW> 0003020007c446
07-18 23:36:57.289 13990 13990 I Req_Enable 0-15:: 0007
07-18 23:36:57.294 13990 13990 I 通道: : true
07-18 23:36:57.294 13990 13990 I chatty  : uid=10335(com.oringnet.wm) identical 1 line
07-18 23:36:57.294 13990 13990 I 通道: : true
07-18 23:36:57.301 13990 13990 I itemMapping: 0
07-18 23:36:57.302 13990 13990 I MydataType: 0>0
07-18 23:36:57.385 13990 13990 I Gateway : [Rsp]<READ ENABLE HIGH> 00030200008584
07-18 23:36:57.385 13990 13990 I Req_Enable 16-31:: 0000
07-18 23:36:57.392 13990 13990 D BluetoothGatt: setCharacteristicNotification() - uuid: 6e400003-b5a3-f393-e0a9-e50e24dcca9e enable: true
07-18 23:36:57.395 13990 13990 W UiThreadStatement: Already on the UI thread, this method should not be called from the main application thread
07-18 23:36:57.395 13990 13990 I Gateway : [Req]<READ ENABLE HIGH> 00030A49000157d5
07-18 23:36:57.400   797   797 I SurfaceFlinger: screenshot (com.oringnet.wm/com.oring.SlideActivity@13990#0)
07-18 23:36:57.483 13990 13990 I R_item  : enable: 0
07-18 23:36:57.515   797   797 I SurfaceFlinger: screenshot (com.oringnet.wm/com.oring.SlideActivity@13990#0)
07-18 23:36:57.579 13990 13990 W UiThreadStatement: Already on the UI thread, this method should not be called from the main application thread
07-18 23:36:57.579 13990 13990 I Gateway : [Req]<READ NET_ID> 000307D000018556
07-18 23:36:57.579 13990 13990 I Gateway : [Rsp]<READ NET_ID> 00030200008584
07-18 23:36:57.579 13990 13990 I R_item  : 0 NET_ID 0000
07-18 23:36:57.604 13990 13990 I itemMapping: 0
07-18 23:36:57.605 13990 13990 I MydataType: 0>0
07-18 23:36:57.615   797   797 I SurfaceFlinger: screenshot (com.oringnet.wm/com.oring.SlideActivity@13990#0)
07-18 23:36:57.678 13990 13990 W UiThreadStatement: Already on the UI thread, this method should not be called from the main application thread
07-18 23:36:57.678 13990 13990 I Gateway : [Req]<READ IO_TYPE> 000308340001c675
07-18 23:36:57.678 13990 13990 I Gateway : [Rsp]<READ IO_TYPE> 00030200008584
07-18 23:36:57.678 13990 13990 I R_item  : 0 IO_TYPE 0000
07-18 23:36:57.703 13990 13990 I itemMapping: 0
07-18 23:36:57.704 13990 13990 I MydataType: 0>0
07-18 23:36:57.732   797   797 I SurfaceFlinger: screenshot (com.oringnet.wm/com.oring.SlideActivity@13990#0)
