06-21 20:58:50.089 17258 17258 I DoPage  : [Rsp]<READ SAFE VALUE> 01100a01000153d1
06-21 20:58:50.089 17258 17258 I refresh_step: 6
06-21 20:58:50.089 17258 17258 I refresh_step@: @@5
06-21 20:58:50.228   792   792 I SurfaceFlinger: screenshot (com.oringnet.wm/com.oring.SlideActivity@17258#0)
06-21 20:58:50.713   792   792 I SurfaceFlinger: screenshot (com.oringnet.wm/com.oring.SlideActivity@17258#0)
06-21 20:58:51.064 17258 17258 I I/O     : [Rsp]<Read DI Status> 01020100a188
06-21 20:58:51.072 17258 17258 W UiThreadStatement: Already on the UI thread, this method should not be called from the main application thread
06-21 20:58:51.072 17258 17258 I I/O     : [Req]<Read DO Status> 01020000000479c9
06-21 20:58:51.161 17258 17258 W UiThreadStatement: Already on the UI thread, this method should not be called from the main application thread
06-21 20:58:51.243   792   792 I SurfaceFlinger: screenshot (com.oringnet.wm/com.oring.SlideActivity@17258#0)
06-21 20:58:51.260 17258 17258 I I/O     : [Rsp]<Read RELAY Status> 010101005188
06-21 20:58:51.282 17258 17258 W UiThreadStatement: Already on the UI thread, this method should not be called from the main application thread
06-21 20:58:51.282 17258 17258 I I/O     : [Req]<Read DI COUNTER> 010100040002fc0a
06-21 20:58:51.356 17258 17258 W UiThreadStatement: Already on the UI thread, this method should not be called from the main application thread
06-21 20:58:51.356 17258 17258 I I/O     : [Req]<Read DI COUNTER> 010404310004a136
06-21 20:58:51.356 17258 17258 I I/O     : [Rsp]<Read DI COUNTER> 0104080000000000000000240d
06-21 20:58:51.454 17258 17258 W UiThreadStatement: Already on the UI thread, this method should not be called from the main application thread
06-21 20:58:51.454 17258 17258 I I/O     : [Req]<Read AI 0 Status> 01040000000271cb
06-21 20:58:51.454 17258 17258 I I/O     : [Rsp]<Read AI 0 Status> 010404b985d14fd295
06-21 20:58:51.470 17258 17258 I AI_value:: 0.0
06-21 20:58:51.471 17258 17258 I AI_raw: : b985d14f
06-21 20:58:51.495   792   792 I SurfaceFlinger: screenshot (com.oringnet.wm/com.oring.SlideActivity@17258#0)
06-21 20:58:51.552 17258 17258 I I/O     : [Rsp]<Read AI 1 Status> 01040400000000fb84
06-21 20:58:51.566 17258 17258 I AI_value:: 0.0
06-21 20:58:51.566 17258 17258 I AI_raw: : 00000000
06-21 20:58:51.574 17258 17258 W UiThreadStatement: Already on the UI thread, this method should not be called from the main application thread
06-21 20:58:51.574 17258 17258 I I/O     : [Req]<Read AI 2 Status> 010400020002d00b
06-21 20:58:51.650 17258 17258 I I/O     : [Rsp]<Read AI 2 Status> 0104044412f99a8d4a
06-21 20:58:51.695 17258 17258 I AI_value:: 587.9
06-21 20:58:51.695 17258 17258 I AI_raw: : 4412f99a
06-21 20:58:51.704 17258 17258 W UiThreadStatement: Already on the UI thread, this method should not be called from the main application thread
06-21 20:58:51.704 17258 17258 I I/O     : [Req]<Read AI 3 Status> 010400040002300a
06-21 20:58:51.761   792   792 I SurfaceFlinger: screenshot (com.oringnet.wm/com.oring.SlideActivity@17258#0)
06-21 20:58:51.796 17258 17258 W UiThreadStatement: Already on the UI thread, this method should not be called from the main application thread
06-21 20:58:51.796 17258 17258 I I/O     : [Req]<Read AI 3 Status> 01040006000291ca
06-21 20:58:51.796 17258 17258 I I/O     : [Rsp]<Read AI 3 Status> 01040441fa0000cf89
06-21 20:58:51.841 17258 17258 I AI_value:: 31.25
06-21 20:58:51.841 17258 17258 I AI_raw: : 41fa0000
06-21 20:58:51.941 17258 17258 W UiThreadStatement: Already on the UI thread, this method should not be called from the main application thread
06-21 20:58:51.942 17258 17258 I I/O     : [Req]<Read AI 4 Status> 010400080002f009
06-21 20:58:51.942 17258 17258 I I/O     : [Rsp]<Read AI 4 Status> 01040400000000fb84
06-21 20:58:51.995 17258 17258 I AI_value:: 0.0
06-21 20:58:51.995 17258 17258 I AI_raw: : 00000000
06-21 20:58:52.017   792   824 I BufferQueueProducer: [com.oringnet.wm/com.oring.SlideActivity@17258#0](this:0x7f65ce6800,id:1566,api:1,p:17258,c:792) queueBuffer: fps=9.44 dur=1059.76 max=157.71 min=8.45
06-21 20:58:52.019   792   792 I SurfaceFlinger: screenshot (com.oringnet.wm/com.oring.SlideActivity@17258#0)
06-21 20:58:52.039 17258 17270 I com.oringnet.w: Background concurrent copying GC freed 428731(19MB) AllocSpace objects, 3(60KB) LOS objects, 66% free, 6254KB/18MB, paused 129us total 219.375ms
06-21 20:58:52.088 17258 17258 I I/O     : [Rsp]<Read AI 5 Status> 01040441fa0000cf89
06-21 20:58:52.129 17258 17258 I AI_value:: 31.25
06-21 20:58:52.129 17258 17258 I AI_raw: : 41fa0000
06-21 20:58:52.234 17258 17258 W UiThreadStatement: Already on the UI thread, this method should not be called from the main application thread
06-21 20:58:52.234 17258 17258 I I/O     : [Req]<Read AI Type> 010304000006c4f8
06-21 20:58:52.234 17258 17258 I I/O     : [Rsp]<Read AI Type> 01030c000600060006000600060006285b
06-21 20:58:52.278   792   792 I SurfaceFlinger: screenshot (com.oringnet.wm/com.oring.SlideActivity@17258#0)
06-21 20:58:52.332 17258 17258 W UiThreadStatement: Already on the UI thread, this method should not be called from the main application thread
06-21 20:58:52.332 17258 17258 I I/O     : [Req]<Read RTD 2 mode> 010303050004544c
06-21 20:58:52.332 17258 17258 I I/O     : [Rsp]<Read RTD 2 mode> 010308000000000000000095d7
06-21 20:58:52.332 17258 17258 I RTD_mode:: 0000000000000000
06-21 20:58:52.332 17258 17258 I parseRTD_mode: SW index 0 = 0
06-21 20:58:52.332 17258 17258 I parseRTD_mode: SW index 2 = 0
06-21 20:58:52.332 17258 17258 I parseRTD_mode: SW index 1 = 0
06-21 20:58:52.332 17258 17258 I parseRTD_mode: SW index 3 = 0
06-21 20:58:52.441 17258 17258 W UiThreadStatement: Already on the UI thread, this method should not be called from the main application thread
06-21 20:58:52.441 17258 17258 I I/O     : [Req]<Read RTD 2 mode> 010303f90001547f
06-21 20:58:52.441 17258 17258 I I/O     : [Rsp]<Read RTD 2 mode> 0103020000b844
06-21 20:58:52.441 17258 17258 I finish  : @@!!
06-21 20:58:52.545   792   792 I SurfaceFlinger: screenshot (com.oringnet.wm/com.oring.SlideActivity@17258#0)
06-21 20:58:52.890 17258 17258 I ViewRootImpl: ViewRoot's Touch Event : ACTION_DOWN
06-21 20:58:53.027   792  1237 I BufferQueueProducer: [com.oringnet.wm/com.oring.SlideActivity@17258#0](this:0x7f65ce6800,id:1566,api:1,p:17258,c:792) queueBuffer: fps=24.75 dur=1010.25 max=315.04 min=13.76
06-21 20:58:53.095   792   792 I SurfaceFlinger: screenshot (com.oringnet.wm/com.oring.SlideActivity@17258#0)
06-21 20:58:53.362   792   792 I SurfaceFlinger: screenshot (com.oringnet.wm/com.oring.SlideActivity@17258#0)
06-21 20:58:53.628   792   792 I SurfaceFlinger: screenshot (com.oringnet.wm/com.oring.SlideActivity@17258#0)
06-21 20:58:53.798 17258 17258 I ViewRootImpl: ViewRoot's Touch Event : ACTION_UP
06-21 20:58:53.798 17258 17258 I TouchFlickNoti: CHANGE UP TO DOWN vectorVelocity:1187
06-21 20:58:53.895   792   792 I SurfaceFlinger: screenshot (com.oringnet.wm/com.oring.SlideActivity@17258#0)
06-21 20:58:54.031   792   823 I BufferQueueProducer: [com.oringnet.wm/com.oring.SlideActivity@17258#0](this:0x7f65ce6800,id:1566,api:1,p:17258,c:792) queueBuffer: fps=59.77 dur=1003.85 max=19.93 min=13.00
06-21 20:58:54.059 17258 17258 I ViewRootImpl: ViewRoot's Touch Event : ACTION_DOWN
06-21 20:58:54.145   792   792 I SurfaceFlinger: screenshot (com.oringnet.wm/com.oring.SlideActivity@17258#0)
06-21 20:58:54.411   792   792 I SurfaceFlinger: screenshot (com.oringnet.wm/com.oring.SlideActivity@17258#0)
06-21 20:58:54.662   792   792 I SurfaceFlinger: screenshot (com.oringnet.wm/com.oring.SlideActivity@17258#0)
06-21 20:58:54.929   792   792 I SurfaceFlinger: screenshot (com.oringnet.wm/com.oring.SlideActivity@17258#0)
06-21 20:58:54.965 17258 17258 I ViewRootImpl: ViewRoot's Touch Event : ACTION_UP
06-21 20:58:54.965 17258 17258 I TouchFlickNoti: CHANGE DOWN TO UP vectorVelocity:-1114
06-21 20:58:55.032   792   823 I BufferQueueProducer: [com.oringnet.wm/com.oring.SlideActivity@17258#0](this:0x7f65ce6800,id:1566,api:1,p:17258,c:792) queueBuffer: fps=59.98 dur=1000.31 max=19.88 min=13.57
06-21 20:58:55.195   792   792 I SurfaceFlinger: screenshot (com.oringnet.wm/com.oring.SlideActivity@17258#0)
06-21 20:58:55.462   792   792 I SurfaceFlinger: screenshot (com.oringnet.wm/com.oring.SlideActivity@17258#0)
06-21 20:58:55.713   792   792 I SurfaceFlinger: screenshot (com.oringnet.wm/com.oring.SlideActivity@17258#0)
06-21 20:58:55.979   792   792 I SurfaceFlinger: screenshot (com.oringnet.wm/com.oring.SlideActivity@17258#0)
06-21 20:58:56.050   792   823 I BufferQueueProducer: [com.oringnet.wm/com.oring.SlideActivity@17258#0](this:0x7f65ce6800,id:1566,api:1,p:17258,c:792) queueBuffer: fps=59.88 dur=1018.69 max=21.34 min=12.10
06-21 20:58:56.246   792   792 I SurfaceFlinger: screenshot (com.oringnet.wm/com.oring.SlideActivity@17258#0)
06-21 20:58:56.512   792   792 I SurfaceFlinger: screenshot (com.oringnet.wm/com.oring.SlideActivity@17258#0)
06-21 20:58:56.779   792   792 I SurfaceFlinger: screenshot (com.oringnet.wm/com.oring.SlideActivity@17258#0)
06-21 20:58:57.030   792   792 I SurfaceFlinger: screenshot (com.oringnet.wm/com.oring.SlideActivity@17258#0)
06-21 20:58:57.063   792  2107 I BufferQueueProducer: [com.oringnet.wm/com.oring.SlideActivity@17258#0](this:0x7f65ce6800,id:1566,api:1,p:17258,c:792) queueBuffer: fps=60.23 dur=1012.86 max=21.51 min=11.78
06-21 20:58:57.679   792   792 I SurfaceFlinger: screenshot (com.oringnet.wm/com.oring.SlideActivity@17258#0)
06-21 20:58:59.941 17258 17258 I ViewRootImpl: ViewRoot's Touch Event : ACTION_DOWN
06-21 20:58:59.948 17258 17258 I ViewRootImpl: ViewRoot's Touch Event : ACTION_UP
06-21 20:58:59.949 17258 17258 I PortN:  : 項目 0/名稱 AI0
06-21 20:58:59.949 17258 17258 I Lang:   : zh
06-21 20:58:59.962   792   792 I SurfaceFlinger: screenshot (com.oringnet.wm/com.oring.SlideActivity@17258#0)
06-21 20:59:00.074 17258 17258 D BluetoothGatt: setCharacteristicNotification() - uuid: 6e400003-b5a3-f393-e0a9-e50e24dcca9e enable: true
06-21 20:59:00.229   792  2107 I BufferQueueProducer: [com.oringnet.wm/com.oring.SlideActivity@17258#0](this:0x7f65ce6800,id:1566,api:1,p:17258,c:792) queueBuffer: fps=8.84 dur=3165.99 max=2333.97 min=14.09
06-21 20:59:00.234 17258 17258 I JJTT:   : 123
06-21 20:59:00.321   792   792 I SurfaceFlinger: screenshot (com.oringnet.wm/com.oring.SlideActivity@17258#0)
06-21 20:59:00.332   792   792 I SurfaceFlinger: screenshot (com.oringnet.wm/com.oring.SlideActivity@17258#0)
06-21 20:59:00.342 17258 17258 W UiThreadStatement: Already on the UI thread, this method should not be called from the main application thread
06-21 20:59:00.342 17258 17258 I AiPage  : [Req]<READ CHANNEL ENABLE> 01030410000184ff
06-21 20:59:00.353 17258 17258 I AiPage  : [Rsp]<READ SAMPLING> 0103020000b844
06-21 20:59:00.455 17258 17258 W UiThreadStatement: Already on the UI thread, this method should not be called from the main application thread
06-21 20:59:00.455 17258 17258 I AiPage  : [Req]<READ SAMPLING> 010304110001d53f
06-21 20:59:00.463 17258 17258 I AiPage  : [Rsp]<READ INPUT TYPE> 0103020000b844
06-21 20:59:00.536 17258 17258 W UiThreadStatement: Already on the UI thread, this method should not be called from the main application thread
06-21 20:59:00.536 17258 17258 I AiPage  : [Req]<READ INPUT TYPE> 010304000001853a
06-21 20:59:00.543 17258 17258 I AiPage  : [Rsp]<READ REPORTING> 01030200063846
06-21 20:59:00.596   792   792 I SurfaceFlinger: screenshot (com.oringnet.wm/com.oring.SlideActivity@17258#0)
06-21 20:59:00.619 17258 17258 W UiThreadStatement: Already on the UI thread, this method should not be called from the main application thread
06-21 20:59:00.619 17258 17258 I AiPage  : [Req]<READ REPORTING> 0103024000018466
06-21 20:59:00.629 17258 17258 I AiPage  : [Rsp]<READ HIGH ALARM ENABLE> 01030200057847
06-21 20:59:00.725 17258 17258 I AiPage  : [Rsp]<READ HIGH ALARM> 0103020000b844
06-21 20:59:00.730 17258 17258 W UiThreadStatement: Already on the UI thread, this method should not be called from the main application thread
06-21 20:59:00.730 17258 17258 I AiPage  : [Req]<READ HIGH ALARM> 0103046300017524
06-21 20:59:00.814 17258 17258 W UiThreadStatement: Already on the UI thread, this method should not be called from the main application thread
06-21 20:59:00.814 17258 17258 I AiPage  : [Req]<READ HIGH ALARM> 010304640001c4e5
06-21 20:59:00.823 17258 17258 I AiPage  : [Rsp]<READ LOW ALARM ENABLE> 0103020000b844
06-21 20:59:00.912 17258 17258 W UiThreadStatement: Already on the UI thread, this method should not be called from the main application thread
06-21 20:59:00.912 17258 17258 I AiPage  : [Req]<READ LOW ALARM ENABLE> 01030485000194d3
06-21 20:59:00.920 17258 17258 I AiPage  : [Rsp]<READ LOW ALARM> 0103020000b844
06-21 20:59:01.009 17258 17258 W UiThreadStatement: Already on the UI thread, this method should not be called from the main application thread
06-21 20:59:01.009 17258 17258 I AiPage  : [Req]<READ LOW ALARM> 01030486000164d3
06-21 20:59:01.011 17258 17258 I AiPage  : [Rsp]<READ LOW ALARM> 0103020000b844
06-21 20:59:01.510 17258 17258 I ViewRootImpl: ViewRoot's Touch Event : ACTION_DOWN
06-21 20:59:01.516 17258 17258 I ViewRootImpl: ViewRoot's Touch Event : ACTION_UP
06-21 20:59:01.529   792  2107 I BufferQueueProducer: [com.oringnet.wm/com.oring.SlideActivity@17258#0](this:0x7f65ce6800,id:1566,api:1,p:17258,c:792) queueBuffer: fps=21.53 dur=1300.25 max=497.57 min=8.40
06-21 20:59:01.596   792   792 I SurfaceFlinger: screenshot (com.oringnet.wm/com.oring.SlideActivity@17258#0)
06-21 20:59:01.863   792   792 I SurfaceFlinger: screenshot (com.oringnet.wm/com.oring.SlideActivity@17258#0)
06-21 20:59:01.868   792   792 I SurfaceFlinger: screenshot (com.oringnet.wm/com.oring.SlideActivity@17258#0)
06-21 20:59:02.410 17258 17258 I ViewRootImpl: ViewRoot's Touch Event : ACTION_DOWN
06-21 20:59:02.415 17258 17258 I ViewRootImpl: ViewRoot's Touch Event : ACTION_UP
06-21 20:59:02.533   792   823 I BufferQueueProducer: [com.oringnet.wm/com.oring.SlideActivity@17258#0](this:0x7f65ce6800,id:1566,api:1,p:17258,c:792) queueBuffer: fps=32.90 dur=1003.00 max=469.15 min=13.64
06-21 20:59:02.547   792   792 I SurfaceFlinger: screenshot (com.oringnet.wm/com.oring.SlideActivity@17258#0)
06-21 20:59:02.814   792   792 I SurfaceFlinger: screenshot (com.oringnet.wm/com.oring.SlideActivity@17258#0)
06-21 20:59:03.158 17258 17258 I ViewRootImpl: ViewRoot's Touch Event : ACTION_DOWN
06-21 20:59:03.163 17258 17258 I ViewRootImpl: ViewRoot's Touch Event : ACTION_UP
06-21 20:59:03.314   792   792 I SurfaceFlinger: screenshot (com.oringnet.wm/com.oring.SlideActivity@17258#0)
06-21 20:59:03.535   792  2107 I BufferQueueProducer: [com.oringnet.wm/com.oring.SlideActivity@17258#0](this:0x7f65ce6800,id:1566,api:1,p:17258,c:792) queueBuffer: fps=38.89 dur=1002.79 max=364.97 min=12.75
06-21 20:59:03.563   792   792 I SurfaceFlinger: screenshot (com.oringnet.wm/com.oring.SlideActivity@17258#0)
06-21 20:59:04.155   792   792 I SurfaceFlinger: screenshot (com.oringnet.wm/com.oring.SlideActivity@17258#0)
06-21 20:59:04.575 17258 17258 I ViewRootImpl: ViewRoot's Touch Event : ACTION_DOWN
06-21 20:59:04.616   792   823 I BufferQueueProducer: [com.oringnet.wm/com.oring.SlideActivity@17258#0](this:0x7f65ce6800,id:1566,api:1,p:17258,c:792) queueBuffer: fps=2.78 dur=1080.90 max=1049.55 min=15.66
06-21 20:59:04.764   792   792 I SurfaceFlinger: screenshot (com.oringnet.wm/com.oring.SlideActivity@17258#0)
06-21 20:59:05.031   792   792 I SurfaceFlinger: screenshot (com.oringnet.wm/com.oring.SlideActivity@17258#0)
06-21 20:59:05.297   792   792 I SurfaceFlinger: screenshot (com.oringnet.wm/com.oring.SlideActivity@17258#0)
06-21 20:59:05.485 17258 17258 I ViewRootImpl: ViewRoot's Touch Event : ACTION_UP
06-21 20:59:05.486 17258 17258 I TouchFlickNoti: CHANGE UP TO DOWN vectorVelocity:1117
06-21 20:59:05.564   792   792 I SurfaceFlinger: screenshot (com.oringnet.wm/com.oring.SlideActivity@17258#0)
06-21 20:59:05.631   792  2107 I BufferQueueProducer: [com.oringnet.wm/com.oring.SlideActivity@17258#0](this:0x7f65ce6800,id:1566,api:1,p:17258,c:792) queueBuffer: fps=60.09 dur=1015.22 max=21.49 min=11.43
06-21 20:59:05.744 17258 17258 I ViewRootImpl: ViewRoot's Touch Event : ACTION_DOWN
06-21 20:59:05.814   792   792 I SurfaceFlinger: screenshot (com.oringnet.wm/com.oring.SlideActivity@17258#0)
06-21 20:59:06.064   792   792 I SurfaceFlinger: screenshot (com.oringnet.wm/com.oring.SlideActivity@17258#0)
06-21 20:59:06.331   792   792 I SurfaceFlinger: screenshot (com.oringnet.wm/com.oring.SlideActivity@17258#0)
06-21 20:59:06.598   792   792 I SurfaceFlinger: screenshot (com.oringnet.wm/com.oring.SlideActivity@17258#0)
06-21 20:59:06.634   792  2107 I BufferQueueProducer: [com.oringnet.wm/com.oring.SlideActivity@17258#0](this:0x7f65ce6800,id:1566,api:1,p:17258,c:792) queueBuffer: fps=59.85 dur=1002.50 max=20.82 min=12.40
06-21 20:59:06.650 17258 17258 I ViewRootImpl: ViewRoot's Touch Event : ACTION_UP
06-21 20:59:06.650 17258 17258 I TouchFlickNoti: CHANGE DOWN TO UP vectorVelocity:-1117
06-21 20:59:06.864   792   792 I SurfaceFlinger: screenshot (com.oringnet.wm/com.oring.SlideActivity@17258#0)
06-21 20:59:07.132   792   792 I SurfaceFlinger: screenshot (com.oringnet.wm/com.oring.SlideActivity@17258#0)
06-21 20:59:07.146 17258 17258 I ViewRootImpl: ViewRoot's Touch Event : ACTION_DOWN
06-21 20:59:07.312   792   792 I MiniDump: 0x7f65d70000 |     DEVICE |          0 | 1.000 |    0    0  720 1600 |   0.0   0.0 720.0 1600.0 | com.oringnet.wm/com.oring.SlideActivity@17258#0
06-21 20:59:07.312   792   792 I MiniDump: 0x7f5923c000 |     DEVICE |          0 | 0.303 |  301  760  419  878 |   0.0   0.0 126.0 126.0 | com.oringnet.wm/com.oring.SlideActivity@17258#1
06-21 20:59:07.313   792   792 I MiniDump: 0x7f65d70000 |     DEVICE |          0 | 1.000 |    0    0  720 1600 |   0.0   0.0 720.0 1600.0 | com.oringnet.wm/com.oring.SlideActivity@17258#0
06-21 20:59:07.313   792   792 I MiniDump: 0x7f5923c000 |     DEVICE |          0 | 0.303 |  301  760  419  878 |   0.0   0.0 126.0 126.0 | com.oringnet.wm/com.oring.SlideActivity@17258#1
06-21 20:59:07.323 17258 17258 I AiPage  : [Rsp]<READ LOW ALARM> 011004100001013c
06-21 20:59:07.337   792   792 I SurfaceFlinger: screenshot (com.oringnet.wm/com.oring.SlideActivity@17258#0)
06-21 20:59:07.395 17258 17258 W UiThreadStatement: Already on the UI thread, this method should not be called from the main application thread
06-21 20:59:07.395 17258 17258 I AiPage  : [Req]<READ LOW ALARM> 011004110001020000e0d1
06-21 20:59:07.403 17258 17258 I AiPage  : [Rsp]<READ LOW ALARM> 01100411000150fc
06-21 20:59:07.451   792   792 I SurfaceFlinger: screenshot (com.oringnet.wm/com.oring.SlideActivity@17258#0)
06-21 20:59:07.497 17258 17258 W UiThreadStatement: Already on the UI thread, this method should not be called from the main application thread
06-21 20:59:07.497 17258 17258 I AiPage  : [Req]<READ LOW ALARM> 011004000001020004e253
06-21 20:59:07.504 17258 17258 I AiPage  : [Rsp]<READ LOW ALARM> 01100400000100f9
06-21 20:59:07.567   792   792 I SurfaceFlinger: screenshot (com.oringnet.wm/com.oring.SlideActivity@17258#0)
06-21 20:59:07.590 17258 17258 W UiThreadStatement: Already on the UI thread, this method should not be called from the main application thread
06-21 20:59:07.590 17258 17258 I AiPage  : [Req]<READ LOW ALARM> 0110024000010200054b53
06-21 20:59:07.598 17258 17258 I AiPage  : [Rsp]<READ LOW ALARM> 01100240000101a5
06-21 20:59:07.687 17258 17258 W UiThreadStatement: Already on the UI thread, this method should not be called from the main application thread
06-21 20:59:07.687 17258 17258 I AiPage  : [Req]<READ LOW ALARM> 0110046300010200012bc3
06-21 20:59:07.694 17258 17258 I AiPage  : [Rsp]<READ LOW ALARM> 011004630001f0e7
06-21 20:59:07.785 17258 17258 W UiThreadStatement: Already on the UI thread, this method should not be called from the main application thread
06-21 20:59:07.785 17258 17258 I AiPage  : [Req]<READ LOW ALARM> 011004640001020000ebb4
06-21 20:59:07.793 17258 17258 I AiPage  : [Rsp]<READ LOW ALARM> 0110046400014126
06-21 20:59:07.832   792   792 I SurfaceFlinger: screenshot (com.oringnet.wm/com.oring.SlideActivity@17258#0)
06-21 20:59:07.883 17258 17258 W UiThreadStatement: Already on the UI thread, this method should not be called from the main application thread
06-21 20:59:07.883 17258 17258 I AiPage  : [Req]<READ LOW ALARM> 0110048500010200013dc5
06-21 20:59:07.891 17258 17258 I AiPage  : [Rsp]<READ LOW ALARM> 0110048500011110
06-21 20:59:07.984 17258 17280 D Surface : Surface::disconnect(this=0x7174364000,api=1)
06-21 20:59:07.985   792  2107 I BufferQueueProducer: [com.oringnet.wm/com.oring.SlideActivity@17258#1](this:0x7f591e3000,id:1569,api:1,p:17258,c:792) disconnect(P): api 1
06-21 20:59:08.001   792   792 I SurfaceFlinger: screenshot (com.oringnet.wm/com.oring.SlideActivity@17258#0)
06-21 20:59:08.565 17258 17258 W UiThreadStatement: Already on the UI thread, this method should not be called from the main application thread
06-21 20:59:08.565 17258 17258 I I/O     : [Req]<Read DI Status> 01020000000479c9
06-21 20:59:08.565 17258 17258 I I/O     : [Rsp]<Read DI Status> 01020100a188
06-21 20:59:08.664 17258 17258 W UiThreadStatement: Already on the UI thread, this method should not be called from the main application thread
06-21 20:59:08.664 17258 17258 I I/O     : [Req]<Read DO Status> 0101000000043dc9
06-21 20:59:08.664 17258 17258 I I/O     : [Rsp]<Read DO Status> 010101005188
06-21 20:59:08.682   792   792 I SurfaceFlinger: screenshot (com.oringnet.wm/com.oring.SlideActivity@17258#0)
06-21 20:59:08.760 17258 17258 W UiThreadStatement: Already on the UI thread, this method should not be called from the main application thread
06-21 20:59:08.760 17258 17258 I I/O     : [Req]<Read RELAY Status> 010100040002fc0a
06-21 20:59:08.760 17258 17258 I I/O     : [Rsp]<Read RELAY Status> 010101005188
06-21 20:59:08.858 17258 17258 W UiThreadStatement: Already on the UI thread, this method should not be called from the main application thread
06-21 20:59:08.858 17258 17258 I I/O     : [Req]<Read DI COUNTER> 010404310004a136
06-21 20:59:08.858 17258 17258 I I/O     : [Rsp]<Read DI COUNTER> 0104080000000000000000240d
06-21 20:59:08.948   792   792 I SurfaceFlinger: screenshot (com.oringnet.wm/com.oring.SlideActivity@17258#0)
06-21 20:59:08.955 17258 17258 W UiThreadStatement: Already on the UI thread, this method should not be called from the main application thread
06-21 20:59:08.955 17258 17258 I I/O     : [Req]<Read AI 0 Status> 01040000000271cb
06-21 20:59:08.955 17258 17258 I I/O     : [Rsp]<Read AI 0 Status> 01040400000000fb84
06-21 20:59:08.969 17258 17258 I AI_value:: 0.0
06-21 20:59:08.969 17258 17258 I AI_raw: : 00000000
06-21 20:59:09.053 17258 17258 W UiThreadStatement: Already on the UI thread, this method should not be called from the main application thread
06-21 20:59:09.053 17258 17258 I I/O     : [Req]<Read AI 1 Status> 010400020002d00b
06-21 20:59:09.054 17258 17258 I I/O     : [Rsp]<Read AI 1 Status> 01040400000000fb84
06-21 20:59:09.070 17258 17258 I AI_value:: 0.0
06-21 20:59:09.070 17258 17258 I AI_raw: : 00000000
06-21 20:59:09.093   792  2107 I BufferQueueProducer: [com.oringnet.wm/com.oring.SlideActivity@17258#0](this:0x7f65ce6800,id:1566,api:1,p:17258,c:792) queueBuffer: fps=6.66 dur=1051.42 max=441.91 min=97.20
06-21 20:59:09.215   792   792 I SurfaceFlinger: screenshot (com.oringnet.wm/com.oring.SlideActivity@17258#0)
06-21 20:59:09.296 17258 17258 W UiThreadStatement: Already on the UI thread, this method should not be called from the main application thread
06-21 20:59:09.296 17258 17258 I I/O     : [Req]<Read AI 3 Status> 01040006000291ca
06-21 20:59:09.296 17258 17258 I I/O     : [Rsp]<Read AI 3 Status> 01040441fa0000cf89
06-21 20:59:09.342 17258 17258 I AI_value:: 31.25
06-21 20:59:09.342 17258 17258 I AI_raw: : 41fa0000
06-21 20:59:09.442 17258 17258 W UiThreadStatement: Already on the UI thread, this method should not be called from the main application thread
06-21 20:59:09.442 17258 17258 I I/O     : [Req]<Read AI 4 Status> 010400080002f009
06-21 20:59:09.443 17258 17258 I I/O     : [Rsp]<Read AI 4 Status> 01040400000000fb84
06-21 20:59:09.482   792   792 I SurfaceFlinger: screenshot (com.oringnet.wm/com.oring.SlideActivity@17258#0)
06-21 20:59:09.486 17258 17258 I AI_value:: 0.0
06-21 20:59:09.486 17258 17258 I AI_raw: : 00000000
06-21 20:59:09.589 17258 17258 W UiThreadStatement: Already on the UI thread, this method should not be called from the main application thread
06-21 20:59:09.589 17258 17258 I I/O     : [Req]<Read AI 5 Status> 0104000A000251c9
06-21 20:59:09.589 17258 17258 I I/O     : [Rsp]<Read AI 5 Status> 01040400000000fb84
06-21 20:59:09.637 17258 17258 I AI_value:: 0.0
06-21 20:59:09.637 17258 17258 I AI_raw: : 00000000
06-21 20:59:09.737 17258 17258 W UiThreadStatement: Already on the UI thread, this method should not be called from the main application thread
06-21 20:59:09.737 17258 17258 I I/O     : [Req]<Read AI Type> 010304000006c4f8
06-21 20:59:09.737 17258 17258 I I/O     : [Rsp]<Read AI Type> 01030c00040006000600060006000623e3
06-21 20:59:09.748   792   792 I SurfaceFlinger: screenshot (com.oringnet.wm/com.oring.SlideActivity@17258#0)
06-21 20:59:09.833 17258 17258 I I/O     : [Rsp]<Read RTD 2 mode> 010308000000000000000095d7
06-21 20:59:09.833 17258 17258 I RTD_mode:: 0000000000000000
06-21 20:59:09.833 17258 17258 I parseRTD_mode: SW index 0 = 0
06-21 20:59:09.833 17258 17258 I parseRTD_mode: SW index 2 = 0
06-21 20:59:09.833 17258 17258 I parseRTD_mode: SW index 1 = 0
06-21 20:59:09.833 17258 17258 I parseRTD_mode: SW index 3 = 0
06-21 20:59:09.842 17258 17258 W UiThreadStatement: Already on the UI thread, this method should not be called from the main application thread
06-21 20:59:09.842 17258 17258 I I/O     : [Req]<Read RTD 2 mode> 010303050004544c
06-21 20:59:09.944 17258 17258 W UiThreadStatement: Already on the UI thread, this method should not be called from the main application thread
06-21 20:59:09.944 17258 17258 I I/O     : [Req]<Read RTD 2 mode> 010303f90001547f
06-21 20:59:09.944 17258 17258 I I/O     : [Rsp]<Read RTD 2 mode> 0103020000b844
06-21 20:59:09.944 17258 17258 I finish  : @@!!
06-21 20:59:10.065   792   792 I SurfaceFlinger: screenshot (com.oringnet.wm/com.oring.SlideActivity@17258#0)
06-21 20:59:10.100   792  1237 I BufferQueueProducer: [com.oringnet.wm/com.oring.SlideActivity@17258#0](this:0x7f65ce6800,id:1566,api:1,p:17258,c:792) queueBuffer: fps=17.88 dur=1006.67 max=158.55 min=13.61
06-21 20:59:10.294 17258 17258 I ViewRootImpl: ViewRoot's Touch Event : ACTION_DOWN
06-21 20:59:10.465   792   792 I SurfaceFlinger: screenshot (com.oringnet.wm/com.oring.SlideActivity@17258#0)
06-21 20:59:10.731   792   792 I SurfaceFlinger: screenshot (com.oringnet.wm/com.oring.SlideActivity@17258#0)
06-21 20:59:10.999   792   792 I SurfaceFlinger: screenshot (com.oringnet.wm/com.oring.SlideActivity@17258#0)
06-21 20:59:11.100   792  2107 I BufferQueueProducer: [com.oringnet.wm/com.oring.SlideActivity@17258#0](this:0x7f65ce6800,id:1566,api:1,p:17258,c:792) queueBuffer: fps=50.00 dur=1000.08 max=182.51 min=13.56
06-21 20:59:11.203 17258 17258 I ViewRootImpl: ViewRoot's Touch Event : ACTION_UP
06-21 20:59:11.204 17258 17258 I TouchFlickNoti: CHANGE UP TO DOWN vectorVelocity:1117
06-21 20:59:11.266   792   792 I SurfaceFlinger: screenshot (com.oringnet.wm/com.oring.SlideActivity@17258#0)
06-21 20:59:11.515   792   792 I SurfaceFlinger: screenshot (com.oringnet.wm/com.oring.SlideActivity@17258#0)
06-21 20:59:11.561 17258 17258 I ViewRootImpl: ViewRoot's Touch Event : ACTION_DOWN
06-21 20:59:11.766   792   792 I SurfaceFlinger: screenshot (com.oringnet.wm/com.oring.SlideActivity@17258#0)
06-21 20:59:12.032   792   792 I SurfaceFlinger: screenshot (com.oringnet.wm/com.oring.SlideActivity@17258#0)
06-21 20:59:12.116   792  1237 I BufferQueueProducer: [com.oringnet.wm/com.oring.SlideActivity@17258#0](this:0x7f65ce6800,id:1566,api:1,p:17258,c:792) queueBuffer: fps=60.07 dur=1015.51 max=22.56 min=12.84
06-21 20:59:12.299   792   792 I SurfaceFlinger: screenshot (com.oringnet.wm/com.oring.SlideActivity@17258#0)
06-21 20:59:12.468 17258 17258 I ViewRootImpl: ViewRoot's Touch Event : ACTION_UP
06-21 20:59:12.469 17258 17258 I TouchFlickNoti: CHANGE DOWN TO UP vectorVelocity:-1116
06-21 20:59:12.549   792   792 I SurfaceFlinger: screenshot (com.oringnet.wm/com.oring.SlideActivity@17258#0)
06-21 20:59:12.816   792   792 I SurfaceFlinger: screenshot (com.oringnet.wm/com.oring.SlideActivity@17258#0)
06-21 20:59:13.082   792   792 I SurfaceFlinger: screenshot (com.oringnet.wm/com.oring.SlideActivity@17258#0)
06-21 20:59:13.116   792  2107 I BufferQueueProducer: [com.oringnet.wm/com.oring.SlideActivity@17258#0](this:0x7f65ce6800,id:1566,api:1,p:17258,c:792) queueBuffer: fps=59.97 dur=1000.49 max=19.97 min=13.98
06-21 20:59:13.349   792   792 I SurfaceFlinger: screenshot (com.oringnet.wm/com.oring.SlideActivity@17258#0)
06-21 20:59:13.616   792   792 I SurfaceFlinger: screenshot (com.oringnet.wm/com.oring.SlideActivity@17258#0)
06-21 20:59:13.866   792   792 I SurfaceFlinger: screenshot (com.oringnet.wm/com.oring.SlideActivity@17258#0)
06-21 20:59:14.117   792   824 I BufferQueueProducer: [com.oringnet.wm/com.oring.SlideActivity@17258#0](this:0x7f65ce6800,id:1566,api:1,p:17258,c:792) queueBuffer: fps=59.93 dur=1001.11 max=19.84 min=13.10
06-21 20:59:14.132   792   792 I SurfaceFlinger: screenshot (com.oringnet.wm/com.oring.SlideActivity@17258#0)
06-21 20:59:14.399   792   792 I SurfaceFlinger: screenshot (com.oringnet.wm/com.oring.SlideActivity@17258#0)
06-21 20:59:14.650   792   792 I SurfaceFlinger: screenshot (com.oringnet.wm/com.oring.SlideActivity@17258#0)
06-21 20:59:15.133   792   824 I BufferQueueProducer: [com.oringnet.wm/com.oring.SlideActivity@17258#0](this:0x7f65ce6800,id:1566,api:1,p:17258,c:792) queueBuffer: fps=37.40 dur=1016.08 max=400.04 min=12.14
06-21 20:59:15.300   792   792 I SurfaceFlinger: screenshot (com.oringnet.wm/com.oring.SlideActivity@17258#0)
06-21 20:59:17.529 17258 17258 I ViewRootImpl: ViewRoot's Touch Event : ACTION_DOWN
06-21 20:59:17.536 17258 17258 I ViewRootImpl: ViewRoot's Touch Event : ACTION_UP
06-21 20:59:17.538 17258 17258 I PortN:  : 項目 0/名稱 R0
06-21 20:59:17.538 17258 17258 I Lang:   : zh
06-21 20:59:17.539 17258 17258 I YYTT:   : @@
06-21 20:59:17.665 17258 17258 D BluetoothGatt: setCharacteristicNotification() - uuid: 6e400003-b5a3-f393-e0a9-e50e24dcca9e enable: true
06-21 20:59:17.797   792   824 I BufferQueueProducer: [com.oringnet.wm/com.oring.SlideActivity@17258#0](this:0x7f65ce6800,id:1566,api:1,p:17258,c:792) queueBuffer: fps=6.01 dur=2663.82 max=2412.64 min=12.56
06-21 20:59:17.800 17258 17258 I refresh_step_R: 1
06-21 20:59:17.810 17258 17258 I @Select : Pt100, -200 to 850°C
06-21 20:59:17.876 17258 17258 W UiThreadStatement: Already on the UI thread, this method should not be called from the main application thread
06-21 20:59:17.876 17258 17258 I RTDPage : [Req]<READ CHANNEL ENABLE> 01030410000184ff
06-21 20:59:17.877 17258 17258 I RTDPage : [Rsp]<READ CHANNEL ENABLE> 01030200017984
06-21 20:59:17.877 17258 17258 I refresh_step: 1
06-21 20:59:17.878 17258 17258 I refresh_step_R: 2
06-21 20:59:17.883   792   792 I SurfaceFlinger: screenshot (com.oringnet.wm/com.oring.SlideActivity@17258#0)
06-21 20:59:17.934   792   792 I SurfaceFlinger: screenshot (com.oringnet.wm/com.oring.SlideActivity@17258#0)
06-21 20:59:17.982 17258 17258 W UiThreadStatement: Already on the UI thread, this method should not be called from the main application thread
06-21 20:59:17.982 17258 17258 I RTDPage : [Req]<READ SAMPLING> 01030413000174ff
06-21 20:59:17.982 17258 17258 I RTDPage : [Rsp]<READ SAMPLING> 0103020000b844
06-21 20:59:17.983 17258 17258 I refresh_step: 2
06-21 20:59:17.983 17258 17258 I refresh_step_R: 3
06-21 20:59:18.080 17258 17258 W UiThreadStatement: Already on the UI thread, this method should not be called from the main application thread
06-21 20:59:18.080 17258 17258 I RTDPage : [Req]<READ INPUT TYPE> 01030402000124fa
06-21 20:59:18.080 17258 17258 I RTDPage : [Rsp]<READ INPUT TYPE> 01030200063846
06-21 20:59:18.080 17258 17258 I refresh_step: 3
06-21 20:59:18.081 17258 17258 I refresh_step_R: 4
06-21 20:59:18.168 17258 17258 W UiThreadStatement: Already on the UI thread, this method should not be called from the main application thread
06-21 20:59:18.168 17258 17258 I RTDPage : [Req]<READ REPORTING> 01030242000125a6
06-21 20:59:18.169 17258 17258 I RTDPage : [Rsp]<READ REPORTING> 0103020000b844
06-21 20:59:18.169 17258 17258 I refresh_step: 4
06-21 20:59:18.169 17258 17258 I refresh_step_R: 5
06-21 20:59:18.266 17258 17258 W UiThreadStatement: Already on the UI thread, this method should not be called from the main application thread
06-21 20:59:18.266 17258 17258 I RTDPage : [Req]<READ HIGH ALARM ENABLE> 0103046300017524
06-21 20:59:18.267 17258 17258 I RTDPage : [Rsp]<READ HIGH ALARM ENABLE> 0103020000b844
06-21 20:59:18.267 17258 17258 I refresh_step: 5
06-21 20:59:18.268 17258 17258 I refresh_step_R: 6
06-21 20:59:18.363 17258 17258 W UiThreadStatement: Already on the UI thread, this method should not be called from the main application thread
06-21 20:59:18.364 17258 17258 I RTDPage : [Req]<READ HIGH ALARM> 0103046600016525
06-21 20:59:18.364 17258 17258 I RTDPage : [Rsp]<READ HIGH ALARM> 0103020000b844
06-21 20:59:18.364 17258 17258 I refresh_step: 6
06-21 20:59:18.365 17258 17258 I refresh_step_R: 7
06-21 20:59:18.400   792   792 I SurfaceFlinger: screenshot (com.oringnet.wm/com.oring.SlideActivity@17258#0)
06-21 20:59:18.461 17258 17258 W UiThreadStatement: Already on the UI thread, this method should not be called from the main application thread
06-21 20:59:18.461 17258 17258 I RTDPage : [Req]<READ LOW ALARM ENABLE> 01030485000194d3
06-21 20:59:18.461 17258 17258 I RTDPage : [Rsp]<READ LOW ALARM ENABLE> 0103020000b844
06-21 20:59:18.461 17258 17258 I refresh_step: 7
06-21 20:59:18.462 17258 17258 I refresh_step_R: 8
06-21 20:59:18.559 17258 17258 W UiThreadStatement: Already on the UI thread, this method should not be called from the main application thread
06-21 20:59:18.559 17258 17258 I RTDPage : [Req]<READ LOW ALARM> 0103048800010510
06-21 20:59:18.559 17258 17258 I RTDPage : [Rsp]<READ LOW ALARM> 0103020000b844
06-21 20:59:18.559 17258 17258 I refresh_step: 8
06-21 20:59:18.561 17258 17258 I refresh_step@: 8
06-21 20:59:19.062 17258 17258 I ViewRootImpl: ViewRoot's Touch Event : ACTION_DOWN
06-21 20:59:19.068 17258 17258 I ViewRootImpl: ViewRoot's Touch Event : ACTION_UP
06-21 20:59:19.088   792   824 I BufferQueueProducer: [com.oringnet.wm/com.oring.SlideActivity@17258#0](this:0x7f65ce6800,id:1566,api:1,p:17258,c:792) queueBuffer: fps=20.14 dur=1290.75 max=519.33 min=9.17
06-21 20:59:19.115 17258 17258 I @Select : Ni120, -80 to 260°C
06-21 20:59:19.200   792   792 I SurfaceFlinger: screenshot (com.oringnet.wm/com.oring.SlideActivity@17258#0)
06-21 20:59:19.467   792   792 I SurfaceFlinger: screenshot (com.oringnet.wm/com.oring.SlideActivity@17258#0)
06-21 20:59:19.488   792   792 I SurfaceFlinger: screenshot (com.oringnet.wm/com.oring.SlideActivity@17258#0)
06-21 20:59:20.103   792   824 I BufferQueueProducer: [com.oringnet.wm/com.oring.SlideActivity@17258#0](this:0x7f65ce6800,id:1566,api:1,p:17258,c:792) queueBuffer: fps=28.57 dur=1015.18 max=552.05 min=12.89
06-21 20:59:21.688   792   824 I BufferQueueProducer: [com.oringnet.wm/com.oring.SlideActivity@17258#0](this:0x7f65ce6800,id:1566,api:1,p:17258,c:792) queueBuffer: fps=0.63 dur=1584.60 max=1584.60 min=1584.60
06-21 20:59:22.963 17258 17258 I ViewRootImpl: ViewRoot's Touch Event : ACTION_DOWN
06-21 20:59:22.968 17258 17258 I ViewRootImpl: ViewRoot's Touch Event : ACTION_UP
06-21 20:59:22.988   792  2107 I BufferQueueProducer: [com.oringnet.wm/com.oring.SlideActivity@17258#0](this:0x7f65ce6800,id:1566,api:1,p:17258,c:792) queueBuffer: fps=1.54 dur=1300.12 max=1286.27 min=13.85
06-21 20:59:23.035   792   792 I SurfaceFlinger: screenshot (com.oringnet.wm/com.oring.SlideActivity@17258#0)
06-21 20:59:23.301   792   792 I SurfaceFlinger: screenshot (com.oringnet.wm/com.oring.SlideActivity@17258#0)
06-21 20:59:23.731 17258 17258 I ViewRootImpl: ViewRoot's Touch Event : ACTION_DOWN
06-21 20:59:23.737 17258 17258 I ViewRootImpl: ViewRoot's Touch Event : ACTION_UP
06-21 20:59:23.884   792   792 I SurfaceFlinger: screenshot (com.oringnet.wm/com.oring.SlideActivity@17258#0)
06-21 20:59:24.003   792  2107 I BufferQueueProducer: [com.oringnet.wm/com.oring.SlideActivity@17258#0](this:0x7f65ce6800,id:1566,api:1,p:17258,c:792) queueBuffer: fps=38.40 dur=1015.59 max=383.64 min=13.06
06-21 20:59:24.135   792   792 I SurfaceFlinger: screenshot (com.oringnet.wm/com.oring.SlideActivity@17258#0)
06-21 20:59:24.448 17258 17258 I ViewRootImpl: ViewRoot's Touch Event : ACTION_DOWN
06-21 20:59:24.636   792   792 I SurfaceFlinger: screenshot (com.oringnet.wm/com.oring.SlideActivity@17258#0)
06-21 20:59:24.902   792   792 I SurfaceFlinger: screenshot (com.oringnet.wm/com.oring.SlideActivity@17258#0)
06-21 20:59:25.003   792  1237 I BufferQueueProducer: [com.oringnet.wm/com.oring.SlideActivity@17258#0](this:0x7f65ce6800,id:1566,api:1,p:17258,c:792) queueBuffer: fps=40.00 dur=1000.03 max=348.44 min=13.02
06-21 20:59:25.169   792   792 I SurfaceFlinger: screenshot (com.oringnet.wm/com.oring.SlideActivity@17258#0)
06-21 20:59:25.371 17258 17258 I ViewRootImpl: ViewRoot's Touch Event : ACTION_UP
06-21 20:59:25.371 17258 17258 I TouchFlickNoti: CHANGE UP TO DOWN vectorVelocity:1187
06-21 20:59:25.435   792   792 I SurfaceFlinger: screenshot (com.oringnet.wm/com.oring.SlideActivity@17258#0)
06-21 20:59:25.631 17258 17258 I ViewRootImpl: ViewRoot's Touch Event : ACTION_DOWN
06-21 20:59:25.685   792   792 I SurfaceFlinger: screenshot (com.oringnet.wm/com.oring.SlideActivity@17258#0)
06-21 20:59:25.951   792   792 I SurfaceFlinger: screenshot (com.oringnet.wm/com.oring.SlideActivity@17258#0)
06-21 20:59:26.004   792  2107 I BufferQueueProducer: [com.oringnet.wm/com.oring.SlideActivity@17258#0](this:0x7f65ce6800,id:1566,api:1,p:17258,c:792) queueBuffer: fps=59.96 dur=1000.74 max=20.60 min=12.94
06-21 20:59:26.202   792   792 I SurfaceFlinger: screenshot (com.oringnet.wm/com.oring.SlideActivity@17258#0)
06-21 20:59:26.452   792   792 I SurfaceFlinger: screenshot (com.oringnet.wm/com.oring.SlideActivity@17258#0)
06-21 20:59:26.538 17258 17258 I ViewRootImpl: ViewRoot's Touch Event : ACTION_UP
06-21 20:59:26.538 17258 17258 I TouchFlickNoti: CHANGE DOWN TO UP vectorVelocity:-1117
06-21 20:59:26.702   792   792 I SurfaceFlinger: screenshot (com.oringnet.wm/com.oring.SlideActivity@17258#0)
06-21 20:59:27.187   792   792 I SurfaceFlinger: screenshot (com.oringnet.wm/com.oring.SlideActivity@17258#0)
06-21 20:59:27.295   792   792 I SurfaceFlinger: screenshot (com.oringnet.wm/com.oring.SlideActivity@17258#0)
06-21 20:59:29.781 17258 17258 I ViewRootImpl: ViewRoot's Touch Event : ACTION_DOWN
06-21 20:59:29.790 17258 17258 I ViewRootImpl: ViewRoot's Touch Event : ACTION_UP
06-21 20:59:29.798 17258 17258 D PhoneWindow: windowLightStatusBar : false, disable View.SYSTEM_UI_FLAG_LIGHT_STATUS_BAR
06-21 20:59:29.813 17258 17258 I TouchFilterInputStageHelper: [needTouchEventFilter] Displayid : 0
06-21 20:59:29.818 17258 17258 D BezellessGripSuppressionFilter: getdisplaysize, x : 720 y : 1600
06-21 20:59:29.821   792   792 I SurfaceFlinger: screenshot (com.oringnet.wm/com.oring.SlideActivity@17258#0)
06-21 20:59:29.844   792   824 I BufferQueueConsumer: [com.oringnet.wm/com.oring.SlideActivity@17258#1](this:0x7f5920d800,id:1570,api:0,p:-1,c:792) setConsumerName: com.oringnet.wm/com.oring.SlideActivity@17258#1
06-21 20:59:29.844   792   824 I BufferQueueConsumer: [com.oringnet.wm/com.oring.SlideActivity@17258#1](this:0x7f5920d800,id:1570,api:0,p:-1,c:792) setDefaultBufferSize: width=126 height=126
06-21 20:59:29.844   792   824 I SurfaceFlinger: Create BufferLayer(0x7f592a6000) com.oringnet.wm/com.oring.SlideActivity@17258#1 (126 x 126)
06-21 20:59:29.850 17258 17280 D Surface : Surface::connect(this=0x710be32000,api=1)
06-21 20:59:29.851   792   824 I BufferQueueProducer: [com.oringnet.wm/com.oring.SlideActivity@17258#1](this:0x7f5920d800,id:1570,api:1,p:17258,c:792) connect(P): api=1 producer=(17258:com.oringnet.wm) producerControlledByApp=false
06-21 20:59:29.853 17258 17280 D Surface : Surface::setBufferCount(this=0x710be32000,bufferCount=3)
06-21 20:59:29.854 17258 17280 D Surface : Surface::allocateBuffers(this=0x710be32000)
06-21 20:59:29.910   792   824 I BufferQueueProducer: [com.oringnet.wm/com.oring.SlideActivity@17258#0](this:0x7f65ce6800,id:1566,api:1,p:17258,c:792) queueBuffer: fps=4.48 dur=2903.22 max=2703.93 min=15.36
06-21 20:59:29.917   792   792 I MiniDump: 0x7f65d70000 |     DEVICE |          0 | 1.000 |    0    0  720 1600 |   0.0   0.0 720.0 1600.0 | com.oringnet.wm/com.oring.SlideActivity@17258#0
06-21 20:59:29.917   792   792 I MiniDump: 0x7f592a6000 |     DEVICE |          0 | 0.303 |  301  760  419  878 |   0.0   0.0 126.0 126.0 | com.oringnet.wm/com.oring.SlideActivity@17258#1
06-21 20:59:29.917   792   792 I MiniDump: 0x7f65d70000 |     DEVICE |          0 | 1.000 |    0    0  720 1600 |   0.0   0.0 720.0 1600.0 | com.oringnet.wm/com.oring.SlideActivity@17258#0
06-21 20:59:29.917   792   792 I MiniDump: 0x7f592a6000 |     DEVICE |          0 | 0.303 |  301  760  419  878 |   0.0   0.0 126.0 126.0 | com.oringnet.wm/com.oring.SlideActivity@17258#1
06-21 20:59:29.922 17258 17258 W UiThreadStatement: Already on the UI thread, this method should not be called from the main application thread
06-21 20:59:29.923 17258 17258 I RTDPage : [Req]<WRITE CHANNEL ENABLE> 0110041000010200052103
06-21 20:59:29.923 17258 17258 I RTDPage : [Rsp]<WRITE CHANNEL ENABLE> 011004100001013c
06-21 20:59:29.927   792   792 I SurfaceFlinger: screenshot (com.oringnet.wm/com.oring.SlideActivity@17258#0)
06-21 20:59:29.936   792   792 I MiniDump: 0x7f65d70000 |     DEVICE |          0 | 1.000 |    0    0  720 1600 |   0.0   0.0 720.0 1600.0 | com.oringnet.wm/com.oring.SlideActivity@17258#0
06-21 20:59:29.936   792   792 I MiniDump: 0x7f592a6000 |     DEVICE |          0 | 0.538 |  300  759  420  879 |   0.0   0.0 126.0 126.0 | com.oringnet.wm/com.oring.SlideActivity@17258#1
06-21 20:59:29.936   792   792 I MiniDump: 0x7f65d70000 |     DEVICE |          0 | 1.000 |    0    0  720 1600 |   0.0   0.0 720.0 1600.0 | com.oringnet.wm/com.oring.SlideActivity@17258#0
06-21 20:59:29.936   792   792 I MiniDump: 0x7f592a6000 |     DEVICE |          0 | 0.538 |  300  759  420  879 |   0.0   0.0 126.0 126.0 | com.oringnet.wm/com.oring.SlideActivity@17258#1
06-21 20:59:30.015 17258 17258 W UiThreadStatement: Already on the UI thread, this method should not be called from the main application thread
06-21 20:59:30.015 17258 17258 I RTDPage : [Req]<WRITE SAMPLING> 011004130001020000e133
06-21 20:59:30.015 17258 17258 I RTDPage : [Rsp]<WRITE SAMPLING> 011004130001f13c
06-21 20:59:30.039   792   792 I SurfaceFlinger: screenshot (com.oringnet.wm/com.oring.SlideActivity@17258#0)
06-21 20:59:30.112 17258 17258 W UiThreadStatement: Already on the UI thread, this method should not be called from the main application thread
06-21 20:59:30.112 17258 17258 I RTDPage : [Req]<WRITE INPUT TYPE> 0110040200010202066310
06-21 20:59:30.113 17258 17258 I RTDPage : [Rsp]<WRITE INPUT TYPE> 011004020001a139
06-21 20:59:30.156   792   792 I SurfaceFlinger: screenshot (com.oringnet.wm/com.oring.SlideActivity@17258#0)
06-21 20:59:30.210 17258 17258 W UiThreadStatement: Already on the UI thread, this method should not be called from the main application thread
06-21 20:59:30.210 17258 17258 I RTDPage : [Req]<WRITE REPORTING> 0110024200010200008ab2
06-21 20:59:30.210 17258 17258 I RTDPage : [Rsp]<WRITE REPORTING> 011002420001a065
06-21 20:59:30.308 17258 17258 W UiThreadStatement: Already on the UI thread, this method should not be called from the main application thread
06-21 20:59:30.308 17258 17258 I RTDPage : [Req]<WRITE HIGH ALARM ENABLE> 011004630001020004ebc0
06-21 20:59:30.309 17258 17258 I RTDPage : [Rsp]<WRITE HIGH ALARM ENABLE> 011004630001f0e7
06-21 20:59:30.406 17258 17258 W UiThreadStatement: Already on the UI thread, this method should not be called from the main application thread
06-21 20:59:30.407 17258 17258 I RTDPage : [Req]<WRITE HIGH ALARM> 011004660001020000ea56
06-21 20:59:30.407 17258 17258 I RTDPage : [Rsp]<WRITE HIGH ALARM> 011004660001e0e6
06-21 20:59:30.420   792   792 I SurfaceFlinger: screenshot (com.oringnet.wm/com.oring.SlideActivity@17258#0)
06-21 20:59:30.503 17258 17258 W UiThreadStatement: Already on the UI thread, this method should not be called from the main application thread
06-21 20:59:30.503 17258 17258 I RTDPage : [Req]<WRITE LOW ALARM ENABLE> 011004850001020004fdc6
06-21 20:59:30.503 17258 17258 I RTDPage : [Rsp]<WRITE LOW ALARM ENABLE> 0110048500011110
06-21 20:59:30.599 17258 17258 W UiThreadStatement: Already on the UI thread, this method should not be called from the main application thread
06-21 20:59:30.599 17258 17258 I RTDPage : [Req]<WRITE LOW ALARM> 011004880001020000fd18
06-21 20:59:30.600 17258 17258 I RTDPage : [Rsp]<WRITE LOW ALARM> 01100488000180d3
06-21 20:59:30.604 17258 17280 D Surface : Surface::disconnect(this=0x710be32000,api=1)
06-21 20:59:30.604   792  2107 I BufferQueueProducer: [com.oringnet.wm/com.oring.SlideActivity@17258#1](this:0x7f5920d800,id:1570,api:1,p:17258,c:792) disconnect(P): api 1
06-21 20:59:30.622   792   792 I SurfaceFlinger: screenshot (com.oringnet.wm/com.oring.SlideActivity@17258#0)
06-21 20:59:30.725   792   792 I SurfaceFlinger: screenshot (com.oringnet.wm/com.oring.SlideActivity@17258#0)
06-21 20:59:30.784   792   792 I MiniDump: 0x7f65d70000 |     DEVICE |          0 | 1.000 |    0    0  720 1600 |   0.0   0.0 720.0 1600.0 | com.oringnet.wm/com.oring.SlideActivity@17258#0
06-21 20:59:30.784   792   792 I MiniDump: 0x7f65d70000 |     DEVICE |          0 | 1.000 |    0    0  720 1600 |   0.0   0.0 720.0 1600.0 | com.oringnet.wm/com.oring.SlideActivity@17258#0
06-21 20:59:30.839   792   792 I SurfaceFlinger: screenshot (com.oringnet.wm/com.oring.SlideActivity@17258#0)
06-21 20:59:30.863   792   792 I SurfaceFlinger: Remove BufferLayer(0x7f592a6000) com.oringnet.wm/com.oring.SlideActivity@17258#1 (-1 x -1)
06-21 20:59:30.863   792   792 I BufferQueue: [com.oringnet.wm/com.oring.SlideActivity@17258#1](this:0x7f5920d800,id:1570,api:1,p:-1,c:-1) ~BufferQueueCore
06-21 20:59:30.867   792   792 I MiniDump: 0x7f65d70000 |     DEVICE |          0 | 1.000 |    0    0  720 1600 |   0.0   0.0 720.0 1600.0 | com.oringnet.wm/com.oring.SlideActivity@17258#0
06-21 20:59:30.867   792   792 I MiniDump: 0x7f65d70000 |     DEVICE |          0 | 1.000 |    0    0  720 1600 |   0.0   0.0 720.0 1600.0 | com.oringnet.wm/com.oring.SlideActivity@17258#0
06-21 20:59:30.886 17258 17258 I EEWW:   : 
06-21 20:59:30.889 17258 17258 I GetID   : b.a.e@5b8b49b
06-21 20:59:30.903 17258 17258 D BluetoothGatt: setCharacteristicNotification() - uuid: 6e400003-b5a3-f393-e0a9-e50e24dcca9e enable: true
06-21 20:59:31.063   792  1237 I BufferQueueProducer: [com.oringnet.wm/com.oring.SlideActivity@17258#0](this:0x7f65ce6800,id:1566,api:1,p:17258,c:792) queueBuffer: fps=7.81 dur=1152.22 max=648.74 min=11.58
06-21 20:59:31.103   792   792 I SurfaceFlinger: screenshot (com.oringnet.wm/com.oring.SlideActivity@17258#0)
06-21 20:59:31.234 17258 17258 W UiThreadStatement: Already on the UI thread, this method should not be called from the main application thread
06-21 20:59:31.234 17258 17258 I I/O     : [Req]<Read DO Status> 0101000000043dc9
06-21 20:59:31.234 17258 17258 I I/O     : [Rsp]<Read DO Status> 010101005188
06-21 20:59:31.332 17258 17258 W UiThreadStatement: Already on the UI thread, this method should not be called from the main application thread
06-21 20:59:31.332 17258 17258 I I/O     : [Req]<Read RELAY Status> 010100040002fc0a
06-21 20:59:31.332 17258 17258 I I/O     : [Rsp]<Read RELAY Status> 010101005188
06-21 20:59:31.370   792   792 I SurfaceFlinger: screenshot (com.oringnet.wm/com.oring.SlideActivity@17258#0)
06-21 20:59:31.430 17258 17258 W UiThreadStatement: Already on the UI thread, this method should not be called from the main application thread
06-21 20:59:31.430 17258 17258 I I/O     : [Req]<Read DI COUNTER> 010404310004a136
06-21 20:59:31.430 17258 17258 I I/O     : [Rsp]<Read DI COUNTER> 0104080000000000000000240d
06-21 20:59:31.526 17258 17258 I I/O     : [Rsp]<Read AI 0 Status> 01040400000000fb84
06-21 20:59:31.540 17258 17258 I AI_value:: 0.0
06-21 20:59:31.540 17258 17258 I AI_raw: : 00000000
06-21 20:59:31.548 17258 17258 W UiThreadStatement: Already on the UI thread, this method should not be called from the main application thread
06-21 20:59:31.548 17258 17258 I I/O     : [Req]<Read AI 1 Status> 01040000000271cb
06-21 20:59:31.624 17258 17258 W UiThreadStatement: Already on the UI thread, this method should not be called from the main application thread
06-21 20:59:31.624 17258 17258 I I/O     : [Req]<Read AI 1 Status> 010400020002d00b
06-21 20:59:31.625 17258 17258 I I/O     : [Rsp]<Read AI 1 Status> 01040400000000fb84
06-21 20:59:31.636   792   792 I SurfaceFlinger: screenshot (com.oringnet.wm/com.oring.SlideActivity@17258#0)
06-21 20:59:31.640 17258 17258 I AI_value:: 0.0
06-21 20:59:31.640 17258 17258 I AI_raw: : 00000000
06-21 20:59:31.721 17258 17258 W UiThreadStatement: Already on the UI thread, this method should not be called from the main application thread
06-21 20:59:31.721 17258 17258 I I/O     : [Req]<Read AI 2 Status> 010400040002300a
06-21 20:59:31.721 17258 17258 I I/O     : [Rsp]<Read AI 2 Status> 01040400000000fb84
06-21 20:59:31.764 17258 17258 I AI_value:: 0.0
06-21 20:59:31.764 17258 17258 I AI_raw: : 00000000
