06-21 21:00:02.244 17258 17270 I com.oringnet.w: Background concurrent copying GC freed 315498(12MB) AllocSpace objects, 0(0B) LOS objects, 68% free, 5639KB/17MB, paused 854us total 240.496ms
06-21 21:00:02.263   792   792 I SurfaceFlinger: screenshot (com.oringnet.wm/com.oring.SlideActivity@17258#0)
06-21 21:00:02.793   792   792 I SurfaceFlinger: screenshot (com.oringnet.wm/com.oring.SlideActivity@17258#0)
06-21 21:00:03.019   792   792 I SurfaceFlinger: screenshot (com.oringnet.wm/com.oring.SlideActivity@17258#0)
06-21 21:00:03.030   792   792 I SurfaceFlinger: screenshot (com.oringnet.wm/com.oring.SlideActivity@17258#0)
06-21 21:00:03.293   792   792 I SurfaceFlinger: screenshot (com.oringnet.wm/com.oring.SlideActivity@17258#0)
06-21 21:00:03.521 17258 17258 I ViewRootImpl: ViewRoot's Touch Event : ACTION_DOWN
06-21 21:00:03.526 17258 17258 I ViewRootImpl: ViewRoot's Touch Event : ACTION_UP
06-21 21:00:03.535 17258 17258 D PhoneWindow: windowLightStatusBar : false, disable View.SYSTEM_UI_FLAG_LIGHT_STATUS_BAR
06-21 21:00:03.897 17258 17258 W UiThreadStatement: Already on the UI thread, this method should not be called from the main application thread
06-21 21:00:03.897 17258 17258 I Gateway : [Req]<READ ENABLE HIGH> 00030A49000157d5
06-21 21:00:03.897 17258 17258 I Gateway : [Rsp]<READ ENABLE HIGH> 00030200008584
06-21 21:00:03.897 17258 17258 I Req_Enable 16-31:: 0000
06-21 21:00:03.905 17258 17258 D BluetoothGatt: setCharacteristicNotification() - uuid: 6e400003-b5a3-f393-e0a9-e50e24dcca9e enable: true
06-21 21:00:03.912   792   792 I SurfaceFlinger: screenshot (com.oringnet.wm/com.oring.SlideActivity@17258#0)
06-21 21:00:03.993 17258 17258 I R_item  : enable: 0
06-21 21:00:04.091 17258 17258 W UiThreadStatement: Already on the UI thread, this method should not be called from the main application thread
06-21 21:00:04.091 17258 17258 I Gateway : [Req]<READ NET_ID> 000307D000018556
06-21 21:00:04.093 17258 17258 I Gateway : [Rsp]<READ NET_ID> 00030200008584
06-21 21:00:04.093 17258 17258 I R_item  : 0 NET_ID 0000
06-21 21:00:04.288 17258 17258 W UiThreadStatement: Already on the UI thread, this method should not be called from the main application thread
06-21 21:00:04.288 17258 17258 I Gateway : [Req]<READ ADDRESS> 0003089800010654
06-21 21:00:04.288 17258 17258 I Gateway : [Rsp]<READ ADDRESS> 00030200008584
06-21 21:00:04.288 17258 17258 I R_item  : 0 ADDRESS 0000
06-21 21:00:04.383 17258 17258 W UiThreadStatement: Already on the UI thread, this method should not be called from the main application thread
06-21 21:00:04.383 17258 17258 I Gateway : [Req]<READ DATA_NUM> 000308FC0001478b
06-21 21:00:04.383 17258 17258 I Gateway : [Rsp]<READ DATA_NUM> 00030200008584
06-21 21:00:04.383 17258 17258 I R_item  : 0 DATA_NUM 0000
06-21 21:00:04.427   792   792 I SurfaceFlinger: screenshot (com.oringnet.wm/com.oring.SlideActivity@17258#0)
06-21 21:00:04.481 17258 17258 W UiThreadStatement: Already on the UI thread, this method should not be called from the main application thread
06-21 21:00:04.481 17258 17258 I Gateway : [Req]<READ DATA_FORMAT> 0003096000018659
06-21 21:00:04.481 17258 17258 I Gateway : [Rsp]<READ DATA_FORMAT> 00030200008584
06-21 21:00:04.481 17258 17258 I R_item  : 0 DATA_FORMAT 0000
06-21 21:00:04.578 17258 17258 W UiThreadStatement: Already on the UI thread, this method should not be called from the main application thread
06-21 21:00:04.578 17258 17258 I Gateway : [Req]<READ INTERVAL> 000309C40001c7ba
06-21 21:00:04.579 17258 17258 I Gateway : [Rsp]<READ INTERVAL> 00030200008584
06-21 21:00:04.579 17258 17258 I R_item  : 0 INTERVAL 0000
06-21 21:00:04.580 17258 17258 I R_item  : enable: 1
06-21 21:00:04.613   792   792 I SurfaceFlinger: screenshot (com.oringnet.wm/com.oring.SlideActivity@17258#0)
06-21 21:00:04.674   792  1237 I BufferQueueProducer: [com.oringnet.wm/com.oring.SlideActivity@17258#0](this:0x7f65ce6800,id:1566,api:1,p:17258,c:792) queueBuffer: fps=22.96 dur=1001.68 max=387.24 min=7.77
06-21 21:00:04.677 17258 17258 W UiThreadStatement: Already on the UI thread, this method should not be called from the main application thread
06-21 21:00:04.677 17258 17258 I Gateway : [Req]<READ NET_ID> 000307D10001d496
06-21 21:00:04.677 17258 17258 I Gateway : [Rsp]<READ NET_ID> 00030200008584
06-21 21:00:04.677 17258 17258 I R_item  : 1 NET_ID 0000
06-21 21:00:04.773 17258 17258 W UiThreadStatement: Already on the UI thread, this method should not be called from the main application thread
06-21 21:00:04.773 17258 17258 I Gateway : [Req]<READ IO_TYPE> 00030835000197b5
06-21 21:00:04.774 17258 17258 I Gateway : [Rsp]<READ IO_TYPE> 00030200008584
06-21 21:00:04.774 17258 17258 I R_item  : 1 IO_TYPE 0000
06-21 21:00:04.779   792   792 I SurfaceFlinger: screenshot (com.oringnet.wm/com.oring.SlideActivity@17258#0)
06-21 21:00:04.870 17258 17258 I Gateway : [Rsp]<READ ADDRESS> 00030200008584
06-21 21:00:04.871 17258 17258 I R_item  : 1 ADDRESS 0000
06-21 21:00:04.877 17258 17258 W UiThreadStatement: Already on the UI thread, this method should not be called from the main application thread
06-21 21:00:04.877 17258 17258 I Gateway : [Req]<READ DATA_NUM> 0003089900015794
06-21 21:00:04.968 17258 17258 W UiThreadStatement: Already on the UI thread, this method should not be called from the main application thread
06-21 21:00:04.968 17258 17258 I Gateway : [Req]<READ DATA_NUM> 000308FD0001164b
06-21 21:00:04.968 17258 17258 I Gateway : [Rsp]<READ DATA_NUM> 00030200008584
06-21 21:00:04.968 17258 17258 I R_item  : 1 DATA_NUM 0000
06-21 21:00:05.045   792   792 I SurfaceFlinger: screenshot (com.oringnet.wm/com.oring.SlideActivity@17258#0)
06-21 21:00:05.066 17258 17258 W UiThreadStatement: Already on the UI thread, this method should not be called from the main application thread
06-21 21:00:05.066 17258 17258 I Gateway : [Req]<READ DATA_FORMAT> 000309610001d799
06-21 21:00:05.066 17258 17258 I Gateway : [Rsp]<READ DATA_FORMAT> 00030200008584
06-21 21:00:05.066 17258 17258 I R_item  : 1 DATA_FORMAT 0000
06-21 21:00:05.163 17258 17258 W UiThreadStatement: Already on the UI thread, this method should not be called from the main application thread
06-21 21:00:05.163 17258 17258 I Gateway : [Req]<READ INTERVAL> 000309C50001967a
06-21 21:00:05.163 17258 17258 I Gateway : [Rsp]<READ INTERVAL> 00030200008584
06-21 21:00:05.311   792   792 I SurfaceFlinger: screenshot (com.oringnet.wm/com.oring.SlideActivity@17258#0)
06-21 21:00:05.359 17258 17258 I Gateway : [Rsp]<READ IO_TYPE> 00030200008584
06-21 21:00:05.359 17258 17258 I R_item  : 2 IO_TYPE 0000
06-21 21:00:05.368 17258 17258 W UiThreadStatement: Already on the UI thread, this method should not be called from the main application thread
06-21 21:00:05.368 17258 17258 I Gateway : [Req]<READ ADDRESS> 00030836000167b5
06-21 21:00:05.462 17258 17258 W UiThreadStatement: Already on the UI thread, this method should not be called from the main application thread
06-21 21:00:05.462 17258 17258 I Gateway : [Req]<READ ADDRESS> 0003089A0001a794
06-21 21:00:05.462 17258 17258 I Gateway : [Rsp]<READ ADDRESS> 00030200008584
06-21 21:00:05.462 17258 17258 I R_item  : 2 ADDRESS 0000
06-21 21:00:05.553 17258 17258 W UiThreadStatement: Already on the UI thread, this method should not be called from the main application thread
06-21 21:00:05.553 17258 17258 I Gateway : [Req]<READ DATA_NUM> 000308FE0001e64b
06-21 21:00:05.554 17258 17258 I Gateway : [Rsp]<READ DATA_NUM> 00030200008584
06-21 21:00:05.554 17258 17258 I R_item  : 2 DATA_NUM 0000
06-21 21:00:05.578   792   792 I SurfaceFlinger: screenshot (com.oringnet.wm/com.oring.SlideActivity@17258#0)
06-21 21:00:05.702   792  2108 I BufferQueueProducer: [com.oringnet.wm/com.oring.SlideActivity@17258#0](this:0x7f65ce6800,id:1566,api:1,p:17258,c:792) queueBuffer: fps=33.07 dur=1028.20 max=76.76 min=7.45
06-21 21:00:05.748 17258 17258 W UiThreadStatement: Already on the UI thread, this method should not be called from the main application thread
06-21 21:00:05.748 17258 17258 I Gateway : [Req]<READ INTERVAL> 000309C60001667a
06-21 21:00:05.748 17258 17258 I Gateway : [Rsp]<READ INTERVAL> 00030200008584
06-21 21:00:05.748 17258 17258 I R_item  : 2 INTERVAL 0000
06-21 21:00:05.748 17258 17258 I R_item  : enable: 3
06-21 21:00:05.846 17258 17258 W UiThreadStatement: Already on the UI thread, this method should not be called from the main application thread
06-21 21:00:05.846 17258 17258 I Gateway : [Req]<READ NET_ID> 000307D300017556
06-21 21:00:05.846 17258 17258 I Gateway : [Rsp]<READ NET_ID> 00030200008584
06-21 21:00:05.846 17258 17258 I R_item  : 3 NET_ID 0000
06-21 21:00:05.943 17258 17258 W UiThreadStatement: Already on the UI thread, this method should not be called from the main application thread
06-21 21:00:05.943 17258 17258 I Gateway : [Req]<READ IO_TYPE> 0003083700013675
06-21 21:00:05.943 17258 17258 I Gateway : [Rsp]<READ IO_TYPE> 00030200008584
06-21 21:00:05.943 17258 17258 I R_item  : 3 IO_TYPE 0000
06-21 21:00:05.994   792   792 I SurfaceFlinger: screenshot (com.oringnet.wm/com.oring.SlideActivity@17258#0)
06-21 21:00:06.040 17258 17258 W UiThreadStatement: Already on the UI thread, this method should not be called from the main application thread
06-21 21:00:06.040 17258 17258 I Gateway : [Req]<READ ADDRESS> 0003089B0001f654
06-21 21:00:06.040 17258 17258 I Gateway : [Rsp]<READ ADDRESS> 00030200008584
06-21 21:00:06.041 17258 17258 I R_item  : 3 ADDRESS 0000
06-21 21:00:06.138 17258 17258 I Gateway : [Rsp]<READ DATA_NUM> 00030200008584
06-21 21:00:06.213   792   792 I SurfaceFlinger: screenshot (com.oringnet.wm/com.oring.SlideActivity@17258#0)
06-21 21:00:06.236 17258 17258 W UiThreadStatement: Already on the UI thread, this method should not be called from the main application thread
06-21 21:00:06.236 17258 17258 I Gateway : [Req]<READ DATA_FORMAT> 0003096300017659
06-21 21:00:06.236 17258 17258 I Gateway : [Rsp]<READ DATA_FORMAT> 00030200008584
06-21 21:00:06.236 17258 17258 I R_item  : 3 DATA_FORMAT 0000
06-21 21:00:06.333 17258 17258 I Gateway : [Rsp]<READ INTERVAL> 00030200008584
06-21 21:00:06.333 17258 17258 I R_item  : 3 INTERVAL 0000
06-21 21:00:06.333 17258 17258 I R_item  : enable: 4
06-21 21:00:06.341 17258 17258 W UiThreadStatement: Already on the UI thread, this method should not be called from the main application thread
06-21 21:00:06.341 17258 17258 I Gateway : [Req]<READ NET_ID> 000309C7000137ba
06-21 21:00:06.431 17258 17258 W UiThreadStatement: Already on the UI thread, this method should not be called from the main application thread
06-21 21:00:06.431 17258 17258 I Gateway : [Req]<READ NET_ID> 000307D40001c497
06-21 21:00:06.431 17258 17258 I Gateway : [Rsp]<READ NET_ID> 00030200008584
06-21 21:00:06.431 17258 17258 I R_item  : 4 NET_ID 0000
06-21 21:00:06.528 17258 17258 W UiThreadStatement: Already on the UI thread, this method should not be called from the main application thread
06-21 21:00:06.528 17258 17258 I Gateway : [Req]<READ IO_TYPE> 0003083800010676
06-21 21:00:06.529 17258 17258 I Gateway : [Rsp]<READ IO_TYPE> 00030200008584
06-21 21:00:06.529 17258 17258 I R_item  : 4 IO_TYPE 0000
06-21 21:00:06.597   792   792 I SurfaceFlinger: screenshot (com.oringnet.wm/com.oring.SlideActivity@17258#0)
06-21 21:00:06.625 17258 17258 W UiThreadStatement: Already on the UI thread, this method should not be called from the main application thread
06-21 21:00:06.626 17258 17258 I Gateway : [Req]<READ ADDRESS> 0003089C00014795
06-21 21:00:06.627 17258 17258 I Gateway : [Rsp]<READ ADDRESS> 00030200008584
06-21 21:00:06.627 17258 17258 I R_item  : 4 ADDRESS 0000
06-21 21:00:06.725 17258 17258 W UiThreadStatement: Already on the UI thread, this method should not be called from the main application thread
06-21 21:00:06.725 17258 17258 I Gateway : [Req]<READ DATA_NUM> 0003090000018647
06-21 21:00:06.726 17258 17258 I Gateway : [Rsp]<READ DATA_NUM> 00030200008584
06-21 21:00:06.726 17258 17258 I R_item  : 4 DATA_NUM 0000
06-21 21:00:06.770   792   823 I BufferQueueProducer: [com.oringnet.wm/com.oring.SlideActivity@17258#0](this:0x7f65ce6800,id:1566,api:1,p:17258,c:792) queueBuffer: fps=30.91 dur=1067.72 max=76.84 min=7.09
06-21 21:00:06.821 17258 17258 W UiThreadStatement: Already on the UI thread, this method should not be called from the main application thread
06-21 21:00:06.821 17258 17258 I Gateway : [Req]<READ DATA_FORMAT> 000309640001c798
06-21 21:00:06.821 17258 17258 I Gateway : [Rsp]<READ DATA_FORMAT> 00030200008584
06-21 21:00:06.821 17258 17258 I R_item  : 4 DATA_FORMAT 0000
06-21 21:00:06.918 17258 17258 W UiThreadStatement: Already on the UI thread, this method should not be called from the main application thread
06-21 21:00:06.918 17258 17258 I Gateway : [Req]<READ INTERVAL> 000309C8000107b9
06-21 21:00:06.918 17258 17258 I Gateway : [Rsp]<READ INTERVAL> 00030200008584
06-21 21:00:06.918 17258 17258 I R_item  : 4 INTERVAL 0000
06-21 21:00:06.918 17258 17258 I R_item  : enable: 5
06-21 21:00:07.011   792   792 I SurfaceFlinger: screenshot (com.oringnet.wm/com.oring.SlideActivity@17258#0)
06-21 21:00:07.016 17258 17258 W UiThreadStatement: Already on the UI thread, this method should not be called from the main application thread
06-21 21:00:07.016 17258 17258 I Gateway : [Req]<READ NET_ID> 000307D500019557
06-21 21:00:07.016 17258 17258 I Gateway : [Rsp]<READ NET_ID> 00030200008584
06-21 21:00:07.016 17258 17258 I R_item  : 5 NET_ID 0000
06-21 21:00:07.113 17258 17258 W UiThreadStatement: Already on the UI thread, this method should not be called from the main application thread
06-21 21:00:07.113 17258 17258 I Gateway : [Req]<READ IO_TYPE> 00030839000157b6
06-21 21:00:07.113 17258 17258 I Gateway : [Rsp]<READ IO_TYPE> 00030200008584
06-21 21:00:07.113 17258 17258 I R_item  : 5 IO_TYPE 0000
06-21 21:00:07.210 17258 17258 W UiThreadStatement: Already on the UI thread, this method should not be called from the main application thread
06-21 21:00:07.308 17258 17258 I Gateway : [Rsp]<READ DATA_NUM> 00030200008584
06-21 21:00:07.308 17258 17258 I R_item  : 5 DATA_NUM 0000
06-21 21:00:07.315 17258 17258 W UiThreadStatement: Already on the UI thread, this method should not be called from the main application thread
06-21 21:00:07.315 17258 17258 I Gateway : [Req]<READ DATA_FORMAT> 000309010001d787
06-21 21:00:07.379   792   792 I SurfaceFlinger: screenshot (com.oringnet.wm/com.oring.SlideActivity@17258#0)
06-21 21:00:07.405 17258 17258 W UiThreadStatement: Already on the UI thread, this method should not be called from the main application thread
06-21 21:00:07.405 17258 17258 I Gateway : [Req]<READ DATA_FORMAT> 0003096500019658
06-21 21:00:07.408 17258 17258 I Gateway : [Rsp]<READ DATA_FORMAT> 00030200008584
06-21 21:00:07.408 17258 17258 I R_item  : 5 DATA_FORMAT 0000
06-21 21:00:07.503 17258 17258 W UiThreadStatement: Already on the UI thread, this method should not be called from the main application thread
06-21 21:00:07.503 17258 17258 I Gateway : [Req]<READ INTERVAL> 000309C900015679
06-21 21:00:07.503 17258 17258 I Gateway : [Rsp]<READ INTERVAL> 00030200008584
06-21 21:00:07.503 17258 17258 I R_item  : 5 INTERVAL 0000
06-21 21:00:07.503 17258 17258 I R_item  : enable: 6
06-21 21:00:07.601 17258 17258 W UiThreadStatement: Already on the UI thread, this method should not be called from the main application thread
06-21 21:00:07.601 17258 17258 I Gateway : [Req]<READ NET_ID> 000307D600016557
06-21 21:00:07.601 17258 17258 I Gateway : [Rsp]<READ NET_ID> 00030200008584
06-21 21:00:07.601 17258 17258 I R_item  : 6 NET_ID 0000
06-21 21:00:07.680   792   792 I SurfaceFlinger: screenshot (com.oringnet.wm/com.oring.SlideActivity@17258#0)
06-21 21:00:07.698 17258 17258 W UiThreadStatement: Already on the UI thread, this method should not be called from the main application thread
06-21 21:00:07.698 17258 17258 I Gateway : [Req]<READ IO_TYPE> 0003083A0001a7b6
06-21 21:00:07.699 17258 17258 I Gateway : [Rsp]<READ IO_TYPE> 00030200008584
06-21 21:00:07.699 17258 17258 I R_item  : 6 IO_TYPE 0000
06-21 21:00:07.771   792   823 I BufferQueueProducer: [com.oringnet.wm/com.oring.SlideActivity@17258#0](this:0x7f65ce6800,id:1566,api:1,p:17258,c:792) queueBuffer: fps=30.95 dur=1001.69 max=75.42 min=7.16
06-21 21:00:07.796 17258 17258 I Gateway : [Rsp]<READ ADDRESS> 00030200008584
06-21 21:00:07.796 17258 17258 I R_item  : 6 ADDRESS 0000
06-21 21:00:07.803 17258 17258 W UiThreadStatement: Already on the UI thread, this method should not be called from the main application thread
06-21 21:00:07.803 17258 17258 I Gateway : [Req]<READ DATA_NUM> 0003089E0001e655
06-21 21:00:07.893 17258 17258 W UiThreadStatement: Already on the UI thread, this method should not be called from the main application thread
06-21 21:00:07.893 17258 17258 I Gateway : [Req]<READ DATA_NUM> 0003090200012787
06-21 21:00:07.893 17258 17258 I Gateway : [Rsp]<READ DATA_NUM> 00030200008584
06-21 21:00:07.893 17258 17258 I R_item  : 6 DATA_NUM 0000
06-21 21:00:07.991 17258 17258 W UiThreadStatement: Already on the UI thread, this method should not be called from the main application thread
06-21 21:00:07.991 17258 17258 I Gateway : [Req]<READ DATA_FORMAT> 0003096600016658
06-21 21:00:07.991 17258 17258 I Gateway : [Rsp]<READ DATA_FORMAT> 00030200008584
06-21 21:00:07.991 17258 17258 I R_item  : 6 DATA_FORMAT 0000
06-21 21:00:08.063   792   792 I SurfaceFlinger: screenshot (com.oringnet.wm/com.oring.SlideActivity@17258#0)
06-21 21:00:08.088 17258 17258 W UiThreadStatement: Already on the UI thread, this method should not be called from the main application thread
06-21 21:00:08.088 17258 17258 I Gateway : [Req]<READ INTERVAL> 000309CA0001a679
06-21 21:00:08.088 17258 17258 I Gateway : [Rsp]<READ INTERVAL> 00030200008584
06-21 21:00:08.088 17258 17258 I R_item  : 6 INTERVAL 0000
06-21 21:00:08.088 17258 17258 I R_item  : enable: 7
06-21 21:00:08.283 17258 17258 W UiThreadStatement: Already on the UI thread, this method should not be called from the main application thread
06-21 21:00:08.283 17258 17258 I Gateway : [Req]<READ IO_TYPE> 0003083B0001f676
06-21 21:00:08.478   792   792 I SurfaceFlinger: screenshot (com.oringnet.wm/com.oring.SlideActivity@17258#0)
06-21 21:00:08.479 17258 17258 W UiThreadStatement: Already on the UI thread, this method should not be called from the main application thread
06-21 21:00:08.479 17258 17258 I Gateway : [Req]<READ DATA_NUM> 0003090300017647
06-21 21:00:08.480 17258 17258 I Gateway : [Rsp]<READ DATA_NUM> 00030200008584
06-21 21:00:08.480 17258 17258 I R_item  : 7 DATA_NUM 0000
06-21 21:00:08.576 17258 17258 W UiThreadStatement: Already on the UI thread, this method should not be called from the main application thread
06-21 21:00:08.576 17258 17258 I Gateway : [Req]<READ DATA_FORMAT> 0003096700013798
06-21 21:00:08.576 17258 17258 I Gateway : [Rsp]<READ DATA_FORMAT> 00030200008584
06-21 21:00:08.577 17258 17258 I R_item  : 7 DATA_FORMAT 0000
06-21 21:00:08.674 17258 17258 W UiThreadStatement: Already on the UI thread, this method should not be called from the main application thread
06-21 21:00:08.674 17258 17258 I Gateway : [Req]<READ INTERVAL> 000309CB0001f7b9
06-21 21:00:08.675 17258 17258 I Gateway : [Rsp]<READ INTERVAL> 00030200008584
06-21 21:00:08.675 17258 17258 I R_item  : 7 INTERVAL 0000
06-21 21:00:08.675 17258 17258 I R_item  : enable: 8
06-21 21:00:08.680 17258 17280 D Surface : Surface::disconnect(this=0x7204a79000,api=1)
06-21 21:00:08.681   792  2108 I BufferQueueProducer: [com.oringnet.wm/com.oring.SlideActivity@17258#1](this:0x7f65ca7800,id:1577,api:1,p:17258,c:792) disconnect(P): api 1
06-21 21:00:08.785   792   823 I BufferQueueProducer: [com.oringnet.wm/com.oring.SlideActivity@17258#0](this:0x7f65ce6800,id:1566,api:1,p:17258,c:792) queueBuffer: fps=30.59 dur=1013.29 max=88.24 min=6.95
06-21 21:00:08.802   792   792 I SurfaceFlinger: screenshot (com.oringnet.wm/com.oring.SlideActivity@17258#0)
06-21 21:00:09.444   792   792 I SurfaceFlinger: screenshot (com.oringnet.wm/com.oring.SlideActivity@17258#0)
06-21 21:00:09.678   792   792 I SurfaceFlinger: screenshot (com.oringnet.wm/com.oring.SlideActivity@17258#0)
06-21 21:00:09.695   792   792 I SurfaceFlinger: screenshot (com.oringnet.wm/com.oring.SlideActivity@17258#0)
06-21 21:00:09.961   792   792 I SurfaceFlinger: screenshot (com.oringnet.wm/com.oring.SlideActivity@17258#0)
06-21 21:00:10.478   792   792 I SurfaceFlinger: screenshot (com.oringnet.wm/com.oring.SlideActivity@17258#0)
06-21 21:00:10.990 17258 17258 I ViewRootImpl: ViewRoot's Touch Event : ACTION_DOWN
06-21 21:00:10.996 17258 17258 I ViewRootImpl: ViewRoot's Touch Event : ACTION_UP
06-21 21:00:11.145   792   792 I SurfaceFlinger: screenshot (com.oringnet.wm/com.oring.SlideActivity@17258#0)
06-21 21:00:11.411   792   792 I SurfaceFlinger: screenshot (com.oringnet.wm/com.oring.SlideActivity@17258#0)
06-21 21:00:12.257 17258 17258 I ViewRootImpl: ViewRoot's Touch Event : ACTION_DOWN
06-21 21:00:12.263 17258 17258 I ViewRootImpl: ViewRoot's Touch Event : ACTION_UP
06-21 21:00:12.282   792  2108 I BufferQueueProducer: [com.oringnet.wm/com.oring.SlideActivity@17258#0](this:0x7f65ce6800,id:1566,api:1,p:17258,c:792) queueBuffer: fps=14.73 dur=1085.94 max=837.84 min=12.94
06-21 21:00:12.388 17258 17258 D BluetoothGatt: setCharacteristicNotification() - uuid: 6e400003-b5a3-f393-e0a9-e50e24dcca9e enable: true
06-21 21:00:12.411   792   792 I SurfaceFlinger: screenshot (com.oringnet.wm/com.oring.SlideActivity@17258#0)
06-21 21:00:12.511 17258 17258 D PhoneWindow: windowLightStatusBar : false, disable View.SYSTEM_UI_FLAG_LIGHT_STATUS_BAR
06-21 21:00:12.527 17258 17258 I TouchFilterInputStageHelper: [needTouchEventFilter] Displayid : 0
06-21 21:00:12.530   792   792 I SurfaceFlinger: screenshot (com.oringnet.wm/com.oring.SlideActivity@17258#0)
06-21 21:00:12.533 17258 17258 D BezellessGripSuppressionFilter: getdisplaysize, x : 720 y : 1600
06-21 21:00:12.570   792  2108 I BufferQueueConsumer: [com.oringnet.wm/com.oring.SlideActivity@17258#1](this:0x7f65d5e800,id:1578,api:0,p:-1,c:792) setConsumerName: com.oringnet.wm/com.oring.SlideActivity@17258#1
06-21 21:00:12.570   792  2108 I BufferQueueConsumer: [com.oringnet.wm/com.oring.SlideActivity@17258#1](this:0x7f65d5e800,id:1578,api:0,p:-1,c:792) setDefaultBufferSize: width=126 height=126
06-21 21:00:12.570   792  2108 I SurfaceFlinger: Create BufferLayer(0x7f65cd1000) com.oringnet.wm/com.oring.SlideActivity@17258#1 (126 x 126)
06-21 21:00:12.577 17258 17280 D Surface : Surface::connect(this=0x710be93000,api=1)
06-21 21:00:12.577   792   823 I BufferQueueProducer: [com.oringnet.wm/com.oring.SlideActivity@17258#1](this:0x7f65d5e800,id:1578,api:1,p:17258,c:792) connect(P): api=1 producer=(17258:com.oringnet.wm) producerControlledByApp=false
06-21 21:00:12.579 17258 17280 D Surface : Surface::setBufferCount(this=0x710be93000,bufferCount=3)
06-21 21:00:12.580 17258 17280 D Surface : Surface::allocateBuffers(this=0x710be93000)
06-21 21:00:12.631   792   792 I SurfaceFlinger: screenshot (com.oringnet.wm/com.oring.SlideActivity@17258#0)
06-21 21:00:12.633 17258 17258 W UiThreadStatement: Already on the UI thread, this method should not be called from the main application thread
06-21 21:00:12.633 17258 17258 I DeviceInfo: [Req]<Read Device Name> 01030200000445b1
06-21 21:00:12.634 17258 17258 I HEX:    : 
06-21 21:00:12.634 17258 17258 I DeviceName:: 
06-21 21:00:12.646 17258 17258 I DeviceInfo: [Rsp]<Read APIKEY> 010308000000000000000095d7
06-21 21:00:12.661   792   792 I MiniDump: 0x7f65d70000 |     DEVICE |          0 | 1.000 |    0    0  720 1600 |   0.0   0.0 720.0 1600.0 | com.oringnet.wm/com.oring.SlideActivity@17258#0
06-21 21:00:12.661   792   792 I MiniDump: 0x7f65cd1000 |     DEVICE |          0 | 0.287 |  301  760  419  878 |   0.0   0.0 126.0 126.0 | com.oringnet.wm/com.oring.SlideActivity@17258#1
06-21 21:00:12.661   792   792 I MiniDump: 0x7f65d70000 |     DEVICE |          0 | 1.000 |    0    0  720 1600 |   0.0   0.0 720.0 1600.0 | com.oringnet.wm/com.oring.SlideActivity@17258#0
06-21 21:00:12.661   792   792 I MiniDump: 0x7f65cd1000 |     DEVICE |          0 | 0.287 |  301  760  419  878 |   0.0   0.0 126.0 126.0 | com.oringnet.wm/com.oring.SlideActivity@17258#1
06-21 21:00:12.727 17258 17258 W UiThreadStatement: Already on the UI thread, this method should not be called from the main application thread
06-21 21:00:12.727 17258 17258 I DeviceInfo: [Req]<Read APIKEY> 0103021000044474
06-21 21:00:12.728 17258 17258 I HEX:    : 
06-21 21:00:12.736   792   792 I SurfaceFlinger: screenshot (com.oringnet.wm/com.oring.SlideActivity@17258#0)
06-21 21:00:12.737 17258 17258 I DeviceInfo: [Rsp]<Read SN> 010308000000000000000095d7
06-21 21:00:12.832 17258 17258 W UiThreadStatement: Already on the UI thread, this method should not be called from the main application thread
06-21 21:00:12.832 17258 17258 I DeviceInfo: [Req]<Read SN> 010402140004b075
06-21 21:00:12.840 17258 17258 I DeviceInfo: [Rsp]<Read SN> 0104086f695f74657474731ff4
06-21 21:00:12.848   792   792 I SurfaceFlinger: screenshot (com.oringnet.wm/com.oring.SlideActivity@17258#0)
06-21 21:00:12.915 17258 17258 W UiThreadStatement: Already on the UI thread, this method should not be called from the main application thread
06-21 21:00:13.013 17258 17258 W UiThreadStatement: Already on the UI thread, this method should not be called from the main application thread
06-21 21:00:13.013 17258 17258 I DeviceInfo: [Req]<Read RSSI> 0104022400017079
06-21 21:00:13.013 17258 17258 I NB_RSSI : 0000
06-21 21:00:13.021 17258 17258 I DeviceInfo: [Rsp]<Read RSRQ> 0104020000b930
06-21 21:00:13.109 17258 17258 W UiThreadStatement: Already on the UI thread, this method should not be called from the main application thread
06-21 21:00:13.109 17258 17258 I DeviceInfo: [Req]<Read RSRQ> 0104024700018067
06-21 21:00:13.109 17258 17258 I NB_RSRQ : 0000
06-21 21:00:13.112   792   792 I SurfaceFlinger: screenshot (com.oringnet.wm/com.oring.SlideActivity@17258#0)
06-21 21:00:13.119 17258 17258 I DeviceInfo: [Rsp]<Read RSRP> 0104020000b930
06-21 21:00:13.379   792   792 I SurfaceFlinger: screenshot (com.oringnet.wm/com.oring.SlideActivity@17258#0)
06-21 21:00:13.402 17258 17258 W UiThreadStatement: Already on the UI thread, this method should not be called from the main application thread
06-21 21:00:13.402 17258 17258 I DeviceInfo: [Req]<Read IMEI> 010402270004407a
06-21 21:00:13.410 17258 17258 I DeviceInfo: [Rsp]<Read FW VERSION> 0104080000000000000000240d
06-21 21:00:13.507 17258 17258 I DeviceInfo: [Rsp]<Read FW VERSION> 0104043176312e812e
06-21 21:00:13.507 17258 17258 W UiThreadStatement: Already on the UI thread, this method should not be called from the main application thread
06-21 21:00:13.507 17258 17258 I DeviceInfo: [Req]<Read FW VERSION> 0104020000027073
06-21 21:00:13.598 17258 17258 W UiThreadStatement: Already on the UI thread, this method should not be called from the main application thread
06-21 21:00:13.598 17258 17258 I DeviceInfo: [Req]<Read FW VERSION> 01040204000231b2
06-21 21:00:13.607 17258 17258 I DeviceInfo: [Rsp]<Read FW VERSION> 01040474733430077b
06-21 21:00:13.646   792   792 I SurfaceFlinger: screenshot (com.oringnet.wm/com.oring.SlideActivity@17258#0)
06-21 21:00:13.694 17258 17258 W UiThreadStatement: Already on the UI thread, this method should not be called from the main application thread
06-21 21:00:13.694 17258 17258 I DeviceInfo: [Req]<Read FW VERSION> 010402080002f1b1
06-21 21:00:13.695 17258 17258 I HEX:    : 3176312e74733430
06-21 21:00:13.703 17258 17258 I DeviceInfo: [Rsp]<Read HW VERSION> 01040400000000fb84
06-21 21:00:13.792 17258 17258 W UiThreadStatement: Already on the UI thread, this method should not be called from the main application thread
06-21 21:00:13.793 17258 17258 I DeviceInfo: [Req]<Read HW VERSION> 010402020002d1b3
06-21 21:00:13.799 17258 17258 I DeviceInfo: [Rsp]<Read HW VERSION> 010404362e6574bf72
06-21 21:00:13.896 17258 17258 I DeviceInfo: [Rsp]<Read HW VERSION> 010404363000667429
06-21 21:00:13.896 17258 17258 W UiThreadStatement: Already on the UI thread, this method should not be called from the main application thread
06-21 21:00:13.896 17258 17258 I DeviceInfo: [Req]<Read HW VERSION> 0104020600029072
06-21 21:00:13.912   792   792 I SurfaceFlinger: screenshot (com.oringnet.wm/com.oring.SlideActivity@17258#0)
06-21 21:00:13.987 17258 17258 W UiThreadStatement: Already on the UI thread, this method should not be called from the main application thread
06-21 21:00:13.987 17258 17258 I DeviceInfo: [Req]<Read HW VERSION> 0104020A00025071
06-21 21:00:13.987 17258 17258 I HEX:    : 362e657436300066
06-21 21:00:13.996 17258 17258 I DeviceInfo: [Rsp]<Read BLE PASSWORD> 01040400000000fb84
06-21 21:00:14.084 17258 17258 W UiThreadStatement: Already on the UI thread, this method should not be called from the main application thread
06-21 21:00:14.085 17258 17258 I DeviceInfo: [Req]<Read BLE PASSWORD> 010303E80004c479
06-21 21:00:14.085 17258 17258 I HEX:    : 323134333635
06-21 21:00:14.086 17258 17258 I Password: : 123456
06-21 21:00:14.095 17258 17258 I DeviceInfo: [Rsp]<Read KEEP A LIVE> 0103083231343336350000282f
06-21 21:00:14.279 17258 17258 W UiThreadStatement: Already on the UI thread, this method should not be called from the main application thread
06-21 21:00:14.279 17258 17258 I DeviceInfo: [Req]<Read FORCE FLAG> 010104000001fcfa
06-21 21:00:14.362   792  2108 I BufferQueueProducer: [com.oringnet.wm/com.oring.SlideActivity@17258#0](this:0x7f65ce6800,id:1566,api:1,p:17258,c:792) queueBuffer: fps=3.89 dur=1029.55 max=347.04 min=89.97
06-21 21:00:14.401   792   792 I SurfaceFlinger: screenshot (com.oringnet.wm/com.oring.SlideActivity@17258#0)
06-21 21:00:14.476   792   792 I MiniDump: 0x7f65d70000 |     DEVICE |          0 | 1.000 |    0    0  720 1600 |   0.0   0.0 720.0 1600.0 | com.oringnet.wm/com.oring.SlideActivity@17258#0
06-21 21:00:14.476   792   792 I MiniDump: 0x7f65d70000 |     DEVICE |          0 | 1.000 |    0    0  720 1600 |   0.0   0.0 720.0 1600.0 | com.oringnet.wm/com.oring.SlideActivity@17258#0
06-21 21:00:14.515   792   792 I SurfaceFlinger: screenshot (com.oringnet.wm/com.oring.SlideActivity@17258#0)
06-21 21:00:14.556   792   792 I SurfaceFlinger: Remove BufferLayer(0x7f65cd1000) com.oringnet.wm/com.oring.SlideActivity@17258#1 (-1 x -1)
06-21 21:00:14.556   792   792 I BufferQueue: [com.oringnet.wm/com.oring.SlideActivity@17258#1](this:0x7f65d5e800,id:1578,api:1,p:-1,c:-1) ~BufferQueueCore
06-21 21:00:14.560   792   792 I MiniDump: 0x7f65d70000 |     DEVICE |          0 | 1.000 |    0    0  720 1600 |   0.0   0.0 720.0 1600.0 | com.oringnet.wm/com.oring.SlideActivity@17258#0
06-21 21:00:14.779   792   792 I SurfaceFlinger: screenshot (com.oringnet.wm/com.oring.SlideActivity@17258#0)
06-21 21:00:15.046   792   792 I SurfaceFlinger: screenshot (com.oringnet.wm/com.oring.SlideActivity@17258#0)
06-21 21:00:15.312   792   792 I SurfaceFlinger: screenshot (com.oringnet.wm/com.oring.SlideActivity@17258#0)
06-21 21:00:15.404   792   792 I SurfaceFlinger: screenshot (com.oringnet.wm/com.oring.SlideActivity@17258#0)
06-21 21:00:15.914   792  1237 I BufferQueueProducer: [com.oringnet.wm/com.oring.SlideActivity@17258#0](this:0x7f65ce6800,id:1566,api:1,p:17258,c:792) queueBuffer: fps=1.93 dur=1552.27 max=1525.41 min=7.64
06-21 21:00:15.946   792   792 I SurfaceFlinger: screenshot (com.oringnet.wm/com.oring.SlideActivity@17258#0)
06-21 21:00:18.010 17258 17258 I ViewRootImpl: ViewRoot's Touch Event : ACTION_DOWN
06-21 21:00:18.014   792   792 I SurfaceFlinger: screenshot (com.oringnet.wm/com.oring.SlideActivity@17258#0)
06-21 21:00:18.017 17258 17258 I ViewRootImpl: ViewRoot's Touch Event : ACTION_UP
06-21 21:00:18.063   792  1237 I BufferQueueProducer: [com.oringnet.wm/com.oring.SlideActivity@17258#0](this:0x7f65ce6800,id:1566,api:1,p:17258,c:792) queueBuffer: fps=7.91 dur=2148.39 max=1885.39 min=14.25
06-21 21:00:18.443   792   792 I SurfaceFlinger: screenshot (com.oringnet.wm/com.oring.SlideActivity@17258#0)
06-21 21:00:19.382   792  1237 I BufferQueueProducer: [com.oringnet.wm/com.oring.SlideActivity@17258#0](this:0x7f65ce6800,id:1566,api:1,p:17258,c:792) queueBuffer: fps=6.82 dur=1319.07 max=684.29 min=13.31
06-21 21:00:20.465   792  1237 I BufferQueueProducer: [com.oringnet.wm/com.oring.SlideActivity@17258#0](this:0x7f65ce6800,id:1566,api:1,p:17258,c:792) queueBuffer: fps=1.85 dur=1082.75 max=564.43 min=518.31
06-21 21:00:20.481   792   792 I SurfaceFlinger: screenshot (com.oringnet.wm/com.oring.SlideActivity@17258#0)
06-21 21:00:21.581   792  1237 I BufferQueueProducer: [com.oringnet.wm/com.oring.SlideActivity@17258#0](this:0x7f65ce6800,id:1566,api:1,p:17258,c:792) queueBuffer: fps=1.79 dur=1116.31 max=581.37 min=534.94
06-21 21:00:22.142 17258 17258 I ViewRootImpl: ViewRoot's Touch Event : ACTION_DOWN
06-21 21:00:22.149 17258 17258 I ViewRootImpl: ViewRoot's Touch Event : ACTION_UP
06-21 21:00:22.151 17258 17258 I TTTIII  : @@
06-21 21:00:22.151 17258 17258 I TTTIII  : 999999
06-21 21:00:22.151 17258 17258 I TTTIII  : 999999
06-21 21:00:22.157 17258 17258 D PhoneWindow: windowLightStatusBar : false, disable View.SYSTEM_UI_FLAG_LIGHT_STATUS_BAR
06-21 21:00:22.173 17258 17258 I TouchFilterInputStageHelper: [needTouchEventFilter] Displayid : 0
06-21 21:00:22.178 17258 17258 D BezellessGripSuppressionFilter: getdisplaysize, x : 720 y : 1600
06-21 21:00:22.199   792   792 I SurfaceFlinger: screenshot (com.oringnet.wm/com.oring.SlideActivity@17258#0)
06-21 21:00:22.205   792  1237 I BufferQueueConsumer: [com.oringnet.wm/com.oring.SlideActivity@17258#1](this:0x7f65ca6000,id:1579,api:0,p:-1,c:792) setConsumerName: com.oringnet.wm/com.oring.SlideActivity@17258#1
06-21 21:00:22.205   792  1237 I BufferQueueConsumer: [com.oringnet.wm/com.oring.SlideActivity@17258#1](this:0x7f65ca6000,id:1579,api:0,p:-1,c:792) setDefaultBufferSize: width=126 height=126
06-21 21:00:22.205   792  1237 I SurfaceFlinger: Create BufferLayer(0x7f65d87000) com.oringnet.wm/com.oring.SlideActivity@17258#1 (126 x 126)
06-21 21:00:22.213 17258 17280 D Surface : Surface::connect(this=0x711258d000,api=1)
06-21 21:00:22.215   792  1237 I BufferQueueProducer: [com.oringnet.wm/com.oring.SlideActivity@17258#1](this:0x7f65ca6000,id:1579,api:1,p:17258,c:792) connect(P): api=1 producer=(17258:com.oringnet.wm) producerControlledByApp=false
06-21 21:00:22.217 17258 17280 D Surface : Surface::setBufferCount(this=0x711258d000,bufferCount=3)
06-21 21:00:22.217 17258 17280 D Surface : Surface::allocateBuffers(this=0x711258d000)
06-21 21:00:22.290 17258 17258 I DeviceInfo: [Rsp]<Read FORCE FLAG> 011003e8000441ba
06-21 21:00:22.291 17258 17258 W UiThreadStatement: Already on the UI thread, this method should not be called from the main application thread
06-21 21:00:22.291 17258 17258 I DeviceInfo: [Req]<Read FORCE FLAG> 011003E80004083939393939390000ff18
06-21 21:00:22.296   792   792 I MiniDump: 0x7f65d70000 |     DEVICE |          0 | 1.000 |    0    0  720 1600 |   0.0   0.0 720.0 1600.0 | com.oringnet.wm/com.oring.SlideActivity@17258#0
06-21 21:00:22.296   792   792 I MiniDump: 0x7f65d87000 |     DEVICE |          0 | 0.303 |  301  760  419  878 |   0.0   0.0 126.0 126.0 | com.oringnet.wm/com.oring.SlideActivity@17258#1
06-21 21:00:22.296   792   792 I MiniDump: 0x7f65d70000 |     DEVICE |          0 | 1.000 |    0    0  720 1600 |   0.0   0.0 720.0 1600.0 | com.oringnet.wm/com.oring.SlideActivity@17258#0
06-21 21:00:22.296   792   792 I MiniDump: 0x7f65d87000 |     DEVICE |          0 | 0.303 |  301  760  419  878 |   0.0   0.0 126.0 126.0 | com.oringnet.wm/com.oring.SlideActivity@17258#1
06-21 21:00:22.307   792   792 I SurfaceFlinger: screenshot (com.oringnet.wm/com.oring.SlideActivity@17258#0)
06-21 21:00:22.373 17258 17258 W UiThreadStatement: Already on the UI thread, this method should not be called from the main application thread
06-21 21:00:22.373 17258 17258 I DeviceInfo: [Req]<Read FORCE FLAG> 011003EC00040800000000000000002157
06-21 21:00:22.380 17258 17258 I DeviceInfo: [Rsp]<Read FORCE FLAG> 011003ec0004007b
06-21 21:00:22.417   792   792 I SurfaceFlinger: screenshot (com.oringnet.wm/com.oring.SlideActivity@17258#0)
06-21 21:00:22.470 17258 17258 W UiThreadStatement: Already on the UI thread, this method should not be called from the main application thread
06-21 21:00:22.470 17258 17258 I DeviceInfo: [Req]<Read FORCE FLAG> 011003F00004080000000000000000f0b8
06-21 21:00:22.480 17258 17258 I DeviceInfo: [Rsp]<Read FORCE FLAG> 011003f00004c1bd
06-21 21:00:22.517   792   792 I SurfaceFlinger: screenshot (com.oringnet.wm/com.oring.SlideActivity@17258#0)
06-21 21:00:22.567 17258 17258 W UiThreadStatement: Already on the UI thread, this method should not be called from the main application thread
06-21 21:00:22.567 17258 17258 I DeviceInfo: [Req]<Read FORCE FLAG> 011003F400040800000000000000000177
06-21 21:00:22.570 17258 17280 D Surface : Surface::disconnect(this=0x711258d000,api=1)
06-21 21:00:22.570   792   823 I BufferQueueProducer: [com.oringnet.wm/com.oring.SlideActivity@17258#1](this:0x7f65ca6000,id:1579,api:1,p:17258,c:792) disconnect(P): api 1
06-21 21:00:22.594 17258 17258 D BluetoothGatt: setCharacteristicNotification() - uuid: 6e400003-b5a3-f393-e0a9-e50e24dcca9e enable: true
06-21 21:00:22.597 17258 17258 I DeviceInfo: [Rsp]<Read FORCE FLAG> 011003f40004807c
06-21 21:00:22.624   792   823 I BufferQueueProducer: [com.oringnet.wm/com.oring.SlideActivity@17258#0](this:0x7f65ce6800,id:1566,api:1,p:17258,c:792) queueBuffer: fps=7.67 dur=1043.15 max=688.53 min=15.02
06-21 21:00:22.638   792   792 I SurfaceFlinger: screenshot (com.oringnet.wm/com.oring.SlideActivity@17258#0)
06-21 21:00:22.670 17258 17258 D PhoneWindow: windowLightStatusBar : false, disable View.SYSTEM_UI_FLAG_LIGHT_STATUS_BAR
06-21 21:00:22.690 17258 17258 I TouchFilterInputStageHelper: [needTouchEventFilter] Displayid : 0
06-21 21:00:22.695 17258 17258 D BezellessGripSuppressionFilter: getdisplaysize, x : 720 y : 1600
06-21 21:00:22.718   792   824 I BufferQueueConsumer: [com.oringnet.wm/com.oring.SlideActivity@17258#2](this:0x7f591e3000,id:1580,api:0,p:-1,c:792) setConsumerName: com.oringnet.wm/com.oring.SlideActivity@17258#2
06-21 21:00:22.718   792   824 I BufferQueueConsumer: [com.oringnet.wm/com.oring.SlideActivity@17258#2](this:0x7f591e3000,id:1580,api:0,p:-1,c:792) setDefaultBufferSize: width=126 height=126
06-21 21:00:22.718   792   824 I SurfaceFlinger: Create BufferLayer(0x7f59304000) com.oringnet.wm/com.oring.SlideActivity@17258#2 (126 x 126)
06-21 21:00:22.724 17258 17280 D Surface : Surface::connect(this=0x710b3c3000,api=1)
06-21 21:00:22.725   792  2108 I BufferQueueProducer: [com.oringnet.wm/com.oring.SlideActivity@17258#2](this:0x7f591e3000,id:1580,api:1,p:17258,c:792) connect(P): api=1 producer=(17258:com.oringnet.wm) producerControlledByApp=false
06-21 21:00:22.726 17258 17280 D Surface : Surface::setBufferCount(this=0x710b3c3000,bufferCount=3)
06-21 21:00:22.727 17258 17280 D Surface : Surface::allocateBuffers(this=0x710b3c3000)
06-21 21:00:22.753   792   792 I SurfaceFlinger: screenshot (com.oringnet.wm/com.oring.SlideActivity@17258#0)
06-21 21:00:22.762   792   792 I MiniDump: 0x7f65d70000 |     DEVICE |          0 | 1.000 |    0    0  720 1600 |   0.0   0.0 720.0 1600.0 | com.oringnet.wm/com.oring.SlideActivity@17258#0
06-21 21:00:22.762   792   792 I MiniDump: 0x7f65d70000 |     DEVICE |          0 | 1.000 |    0    0  720 1600 |   0.0   0.0 720.0 1600.0 | com.oringnet.wm/com.oring.SlideActivity@17258#0
06-21 21:00:22.769 17258 17258 W UiThreadStatement: Already on the UI thread, this method should not be called from the main application thread
06-21 21:00:22.769 17258 17258 I DeviceInfo: [Req]<Read Device Name> 01030200000445b1
06-21 21:00:22.769 17258 17258 I HEX:    : 
06-21 21:00:22.769 17258 17258 I DeviceName:: 
06-21 21:00:22.779 17258 17258 I DeviceInfo: [Rsp]<Read APIKEY> 010308000000000000000095d7
06-21 21:00:22.796   792   792 I MiniDump: 0x7f65d70000 |     DEVICE |          0 | 1.000 |    0    0  720 1600 |   0.0   0.0 720.0 1600.0 | com.oringnet.wm/com.oring.SlideActivity@17258#0
06-21 21:00:22.796   792   792 I MiniDump: 0x7f59304000 |     DEVICE |          0 | 0.303 |  301  760  419  878 |   0.0   0.0 126.0 126.0 | com.oringnet.wm/com.oring.SlideActivity@17258#2
06-21 21:00:22.796   792   792 I MiniDump: 0x7f65d70000 |     DEVICE |          0 | 1.000 |    0    0  720 1600 |   0.0   0.0 720.0 1600.0 | com.oringnet.wm/com.oring.SlideActivity@17258#0
06-21 21:00:22.796   792   792 I MiniDump: 0x7f59304000 |     DEVICE |          0 | 0.303 |  301  760  419  878 |   0.0   0.0 126.0 126.0 | com.oringnet.wm/com.oring.SlideActivity@17258#2
06-21 21:00:22.813   792   792 I MiniDump: 0x7f65d70000 |     DEVICE |          0 | 1.000 |    0    0  720 1600 |   0.0   0.0 720.0 1600.0 | com.oringnet.wm/com.oring.SlideActivity@17258#0
06-21 21:00:22.813   792   792 I MiniDump: 0x7f59304000 |     DEVICE |          0 | 0.525 |  300  759  420  879 |   0.0   0.0 126.0 126.0 | com.oringnet.wm/com.oring.SlideActivity@17258#2
06-21 21:00:22.813   792   792 I MiniDump: 0x7f65d70000 |     DEVICE |          0 | 1.000 |    0    0  720 1600 |   0.0   0.0 720.0 1600.0 | com.oringnet.wm/com.oring.SlideActivity@17258#0
06-21 21:00:22.813   792   792 I MiniDump: 0x7f59304000 |     DEVICE |          0 | 0.525 |  300  759  420  879 |   0.0   0.0 126.0 126.0 | com.oringnet.wm/com.oring.SlideActivity@17258#2
06-21 21:00:22.841   792   792 I SurfaceFlinger: Remove BufferLayer(0x7f65d87000) com.oringnet.wm/com.oring.SlideActivity@17258#1 (-1 x -1)
06-21 21:00:22.842   792   792 I BufferQueue: [com.oringnet.wm/com.oring.SlideActivity@17258#1](this:0x7f65ca6000,id:1579,api:1,p:-1,c:-1) ~BufferQueueCore
06-21 21:00:22.846   792   792 I MiniDump: 0x7f65d70000 |     DEVICE |          0 | 1.000 |    0    0  720 1600 |   0.0   0.0 720.0 1600.0 | com.oringnet.wm/com.oring.SlideActivity@17258#0
06-21 21:00:22.846   792   792 I MiniDump: 0x7f59304000 |     DEVICE |          0 | 0.831 |  298  757  422  881 |   0.0   0.0 126.0 126.0 | com.oringnet.wm/com.oring.SlideActivity@17258#2
06-21 21:00:22.847   792   792 I MiniDump: 0x7f65d70000 |     DEVICE |          0 | 1.000 |    0    0  720 1600 |   0.0   0.0 720.0 1600.0 | com.oringnet.wm/com.oring.SlideActivity@17258#0
06-21 21:00:22.847   792   792 I MiniDump: 0x7f59304000 |     DEVICE |          0 | 0.831 |  298  757  422  881 |   0.0   0.0 126.0 126.0 | com.oringnet.wm/com.oring.SlideActivity@17258#2
06-21 21:00:22.857   792   792 I SurfaceFlinger: screenshot (com.oringnet.wm/com.oring.SlideActivity@17258#0)
06-21 21:00:22.860 17258 17258 W UiThreadStatement: Already on the UI thread, this method should not be called from the main application thread
06-21 21:00:22.860 17258 17258 I DeviceInfo: [Req]<Read APIKEY> 0103021000044474
06-21 21:00:22.860 17258 17258 I HEX:    : 
06-21 21:00:22.867 17258 17258 I DeviceInfo: [Rsp]<Read SN> 010308000000000000000095d7
06-21 21:00:22.957 17258 17258 W UiThreadStatement: Already on the UI thread, this method should not be called from the main application thread
06-21 21:00:22.957 17258 17258 I DeviceInfo: [Req]<Read SN> 010402140004b075
06-21 21:00:22.967   792   792 I SurfaceFlinger: screenshot (com.oringnet.wm/com.oring.SlideActivity@17258#0)
06-21 21:00:23.231   792   792 I SurfaceFlinger: screenshot (com.oringnet.wm/com.oring.SlideActivity@17258#0)
06-21 21:00:23.484   792   792 I SurfaceFlinger: screenshot (com.oringnet.wm/com.oring.SlideActivity@17258#0)
06-21 21:00:23.541 17258 17258 W UiThreadStatement: Already on the UI thread, this method should not be called from the main application thread
06-21 21:00:23.541 17258 17258 I DeviceInfo: [Req]<Read IMEI> 010402270004407a
06-21 21:00:23.541 17258 17258 I HEX:    : 
06-21 21:00:23.548 17258 17258 I DeviceInfo: [Rsp]<Read FW VERSION> 0104080000000000000000240d
06-21 21:00:23.583   792   792 I SurfaceFlinger: screenshot (com.oringnet.wm/com.oring.SlideActivity@17258#0)
06-21 21:00:23.640 17258 17258 W UiThreadStatement: Already on the UI thread, this method should not be called from the main application thread
06-21 21:00:23.737 17258 17258 W UiThreadStatement: Already on the UI thread, this method should not be called from the main application thread
06-21 21:00:23.737 17258 17258 I DeviceInfo: [Req]<Read FW VERSION> 01040204000231b2
06-21 21:00:23.745 17258 17258 I DeviceInfo: [Rsp]<Read FW VERSION> 01040474733430077b
06-21 21:00:23.932 17258 17258 W UiThreadStatement: Already on the UI thread, this method should not be called from the main application thread
06-21 21:00:23.932 17258 17258 I DeviceInfo: [Req]<Read HW VERSION> 010402020002d1b3
06-21 21:00:23.940 17258 17258 I DeviceInfo: [Rsp]<Read HW VERSION> 010404362e6574bf72
06-21 21:00:24.030 17258 17258 W UiThreadStatement: Already on the UI thread, this method should not be called from the main application thread
06-21 21:00:24.030 17258 17258 I DeviceInfo: [Req]<Read HW VERSION> 0104020600029072
06-21 21:00:24.037 17258 17258 I DeviceInfo: [Rsp]<Read HW VERSION> 010404363000667429
06-21 21:00:24.115   792   792 I SurfaceFlinger: screenshot (com.oringnet.wm/com.oring.SlideActivity@17258#0)
06-21 21:00:24.126 17258 17258 W UiThreadStatement: Already on the UI thread, this method should not be called from the main application thread
06-21 21:00:24.126 17258 17258 I DeviceInfo: [Req]<Read HW VERSION> 0104020A00025071
06-21 21:00:24.128 17258 17258 I HEX:    : 362e657436300066
06-21 21:00:24.138 17258 17258 I DeviceInfo: [Rsp]<Read BLE PASSWORD> 01040400000000fb84
06-21 21:00:24.224 17258 17258 W UiThreadStatement: Already on the UI thread, this method should not be called from the main application thread
06-21 21:00:24.224 17258 17258 I DeviceInfo: [Req]<Read BLE PASSWORD> 010303E80004c479
06-21 21:00:24.226 17258 17258 I HEX:    : 393939393939
06-21 21:00:24.227 17258 17258 I Password: : 999999
06-21 21:00:24.234 17258 17258 I DeviceInfo: [Rsp]<Read KEEP A LIVE> 0103083939393939390000ba57
06-21 21:00:24.322 17258 17258 W UiThreadStatement: Already on the UI thread, this method should not be called from the main application thread
06-21 21:00:24.322 17258 17258 I DeviceInfo: [Req]<Read KEEP A LIVE> 010302B600016454
06-21 21:00:24.323 17258 17258 I KeepALive: 003c
06-21 21:00:24.330 17258 17258 I DeviceInfo: [Rsp]<Read FORCE FLAG> 010302003cb855
06-21 21:00:24.366   792   792 I SurfaceFlinger: screenshot (com.oringnet.wm/com.oring.SlideActivity@17258#0)
06-21 21:00:24.420 17258 17258 W UiThreadStatement: Already on the UI thread, this method should not be called from the main application thread
06-21 21:00:24.420 17258 17258 I DeviceInfo: [Req]<Read FORCE FLAG> 010104000001fcfa
06-21 21:00:24.420 17258 17258 I fc_Status:: 00false
06-21 21:00:24.424 17258 17280 D Surface : Surface::disconnect(this=0x710b3c3000,api=1)
06-21 21:00:24.424   792  1237 I BufferQueueProducer: [com.oringnet.wm/com.oring.SlideActivity@17258#2](this:0x7f591e3000,id:1580,api:1,p:17258,c:792) disconnect(P): api 1
06-21 21:00:24.438 17258 17258 I DeviceInfo: [Rsp]<Read FORCE FLAG> 010101005188
06-21 21:00:24.571   792   792 I SurfaceFlinger: screenshot (com.oringnet.wm/com.oring.SlideActivity@17258#0)
06-21 21:00:24.612   792   792 I MiniDump: 0x7f65d70000 |     DEVICE |          0 | 1.000 |    0    0  720 1600 |   0.0   0.0 720.0 1600.0 | com.oringnet.wm/com.oring.SlideActivity@17258#0
06-21 21:00:24.612   792   792 I MiniDump: 0x7f65d70000 |     DEVICE |          0 | 1.000 |    0    0  720 1600 |   0.0   0.0 720.0 1600.0 | com.oringnet.wm/com.oring.SlideActivity@17258#0
06-21 21:00:24.684   792   792 I SurfaceFlinger: screenshot (com.oringnet.wm/com.oring.SlideActivity@17258#0)
06-21 21:00:24.691   792   792 I SurfaceFlinger: Remove BufferLayer(0x7f59304000) com.oringnet.wm/com.oring.SlideActivity@17258#2 (-1 x -1)
06-21 21:00:24.692   792   792 I BufferQueue: [com.oringnet.wm/com.oring.SlideActivity@17258#2](this:0x7f591e3000,id:1580,api:1,p:-1,c:-1) ~BufferQueueCore
06-21 21:00:24.696   792   792 I MiniDump: 0x7f65d70000 |     DEVICE |          0 | 1.000 |    0    0  720 1600 |   0.0   0.0 720.0 1600.0 | com.oringnet.wm/com.oring.SlideActivity@17258#0
06-21 21:00:24.696   792   792 I MiniDump: 0x7f65d70000 |     DEVICE |          0 | 1.000 |    0    0  720 1600 |   0.0   0.0 720.0 1600.0 | com.oringnet.wm/com.oring.SlideActivity@17258#0
06-21 21:00:24.948   792   792 I SurfaceFlinger: screenshot (com.oringnet.wm/com.oring.SlideActivity@17258#0)
06-21 21:00:26.468   792  2108 I BufferQueueProducer: [com.oringnet.wm/com.oring.SlideActivity@17258#0](this:0x7f65ce6800,id:1566,api:1,p:17258,c:792) queueBuffer: fps=3.16 dur=1264.96 max=720.71 min=13.10
06-21 21:00:27.076 17258 17258 I ViewRootImpl: ViewRoot's Touch Event : ACTION_DOWN
06-21 21:00:27.314 17258 17258 I DeviceInfo: [Rsp]<Read FORCE FLAG> 01100204000481b3
06-21 21:00:27.468   792   792 I SurfaceFlinger: screenshot (com.oringnet.wm/com.oring.SlideActivity@17258#0)
06-21 21:00:27.490 17258 17258 W UiThreadStatement: Already on the UI thread, this method should not be called from the main application thread
06-21 21:00:27.490 17258 17258 I DeviceInfo: [Req]<Read FORCE FLAG> 0110020C0004080000000000000000a128
06-21 21:00:27.499 17258 17258 I DeviceInfo: [Rsp]<Read FORCE FLAG> 0110020c00040071
06-21 21:00:27.588 17258 17258 W UiThreadStatement: Already on the UI thread, this method should not be called from the main application thread
06-21 21:00:27.588 17258 17258 I DeviceInfo: [Req]<Read FORCE FLAG> 011002B6000102003C9fd7
06-21 21:00:27.594 17258 17280 D Surface : Surface::disconnect(this=0x7112581000,api=1)
06-21 21:00:27.594   792  1237 I BufferQueueProducer: [com.oringnet.wm/com.oring.SlideActivity@17258#1](this:0x7f65ca7800,id:1581,api:1,p:17258,c:792) disconnect(P): api 1
06-21 21:00:27.654   792  2108 I BufferQueueProducer: [com.oringnet.wm/com.oring.SlideActivity@17258#0](this:0x7f65ce6800,id:1566,api:1,p:17258,c:792) queueBuffer: fps=6.75 dur=1185.77 max=751.18 min=9.62
