06-25 13:31:47.734 11439 11439 I R_item  : 5 IO_TYPE 0000
06-25 13:31:47.751 11439 11439 I MydataType: 0>0
06-25 13:31:47.753 11439 11439 I MydataType: 1>0
06-25 13:31:47.756 11439 11439 I MydataType: 2>0
06-25 13:31:47.759 11439 11439 I MydataType: 3>0
06-25 13:31:47.761 11439 11439 I MydataType: 4>0
06-25 13:31:47.763 11439 11439 I MydataType: 5>0
06-25 13:31:47.766 11439 11439 I MydataType: 6>0
06-25 13:31:47.827 11439 11439 I Gateway : [Rsp]<READ ADDRESS> 00030200008584
06-25 13:31:47.827 11439 11439 I R_item  : 5 ADDRESS 0000
06-25 13:31:47.832 11439 11439 W UiThreadStatement: Already on the UI thread, this method should not be called from the main application thread
06-25 13:31:47.832 11439 11439 I Gateway : [Req]<READ DATA_NUM> 0003089D00011655
06-25 13:31:47.852 11439 11439 I MydataType: 0>0
06-25 13:31:47.853 11439 11439 I MydataType: 1>0
06-25 13:31:47.855 11439 11439 I MydataType: 2>0
06-25 13:31:47.856 11439 11439 I MydataType: 3>0
06-25 13:31:47.858 11439 11439 I MydataType: 4>0
06-25 13:31:47.859 11439 11439 I MydataType: 5>0
06-25 13:31:47.861 11439 11439 I MydataType: 6>0
06-25 13:31:47.909   796   796 I SurfaceFlinger: screenshot (com.oringnet.wm/com.oring.SlideActivity@11439#0)
06-25 13:31:47.922 11439 11439 W UiThreadStatement: Already on the UI thread, this method should not be called from the main application thread
06-25 13:31:47.923 11439 11439 I Gateway : [Req]<READ DATA_NUM> 000309010001d787
06-25 13:31:47.923 11439 11439 I Gateway : [Rsp]<READ DATA_NUM> 00030200008584
06-25 13:31:47.923 11439 11439 I R_item  : 5 DATA_NUM 0000
06-25 13:31:47.934 11439 11439 I MydataType: 0>0
06-25 13:31:47.935 11439 11439 I MydataType: 1>0
06-25 13:31:47.936 11439 11439 I MydataType: 2>0
06-25 13:31:47.937 11439 11439 I MydataType: 3>0
06-25 13:31:47.939 11439 11439 I MydataType: 4>0
06-25 13:31:47.940 11439 11439 I MydataType: 5>0
06-25 13:31:47.941 11439 11439 I MydataType: 6>0
06-25 13:31:48.013   796   796 I SurfaceFlinger: screenshot (com.oringnet.wm/com.oring.SlideActivity@11439#0)
06-25 13:31:48.024 11439 11439 W UiThreadStatement: Already on the UI thread, this method should not be called from the main application thread
06-25 13:31:48.025 11439 11439 I Gateway : [Req]<READ DATA_FORMAT> 0003096500019658
06-25 13:31:48.066 11439 11439 I Gateway : [Rsp]<READ DATA_FORMAT> 00030200008584
06-25 13:31:48.067 11439 11439 I R_item  : 5 DATA_FORMAT 0000
06-25 13:31:48.088 11439 11439 I MydataType: 0>0
06-25 13:31:48.093 11439 11439 I MydataType: 1>0
06-25 13:31:48.095 11439 11439 I MydataType: 2>0
06-25 13:31:48.098 11439 11439 I MydataType: 3>0
06-25 13:31:48.102 11439 11439 I MydataType: 4>0
06-25 13:31:48.106 11439 11439 I MydataType: 5>0
06-25 13:31:48.111 11439 11439 I MydataType: 6>0
06-25 13:31:48.172 11439 11439 I Gateway : [Rsp]<READ INTERVAL> 00030200008584
06-25 13:31:48.172 11439 11439 I R_item  : 5 INTERVAL 0000
06-25 13:31:48.173 11439 11439 I R_item  : enable: 6
06-25 13:31:48.184 11439 11439 W UiThreadStatement: Already on the UI thread, this method should not be called from the main application thread
06-25 13:31:48.184 11439 11439 I Gateway : [Req]<READ NET_ID> 000309C900015679
06-25 13:31:48.203 11439 11439 I MydataType: 0>0
06-25 13:31:48.206 11439 11439 I MydataType: 1>0
06-25 13:31:48.210 11439 11439 I MydataType: 2>0
06-25 13:31:48.214 11439 11439 I MydataType: 3>0
06-25 13:31:48.217 11439 11439 I MydataType: 4>0
06-25 13:31:48.221 11439 11439 I MydataType: 5>0
06-25 13:31:48.224 11439 11439 I MydataType: 6>0
06-25 13:31:48.272 11439 11439 W UiThreadStatement: Already on the UI thread, this method should not be called from the main application thread
06-25 13:31:48.272 11439 11439 I Gateway : [Req]<READ NET_ID> 000307D600016557
06-25 13:31:48.273 11439 11439 I Gateway : [Rsp]<READ NET_ID> 00030200008584
06-25 13:31:48.273 11439 11439 I R_item  : 6 NET_ID 0000
06-25 13:31:48.287 11439 11439 I MydataType: 0>0
06-25 13:31:48.290 11439 11439 I MydataType: 1>0
06-25 13:31:48.292 11439 11439 I MydataType: 2>0
06-25 13:31:48.295 11439 11439 I MydataType: 3>0
06-25 13:31:48.298 11439 11439 I MydataType: 4>0
06-25 13:31:48.301 11439 11439 I MydataType: 5>0
06-25 13:31:48.304 11439 11439 I MydataType: 6>0
06-25 13:31:48.364 11439 11439 I Gateway : [Rsp]<READ IO_TYPE> 00030200008584
06-25 13:31:48.364 11439 11439 I R_item  : 6 IO_TYPE 0000
06-25 13:31:48.371 11439 11439 W UiThreadStatement: Already on the UI thread, this method should not be called from the main application thread
06-25 13:31:48.371 11439 11439 I Gateway : [Req]<READ ADDRESS> 0003083A0001a7b6
06-25 13:31:48.385 11439 11439 I MydataType: 0>0
06-25 13:31:48.387 11439 11439 I MydataType: 1>0
06-25 13:31:48.389 11439 11439 I MydataType: 2>0
06-25 13:31:48.390 11439 11439 I MydataType: 3>0
06-25 13:31:48.392 11439 11439 I MydataType: 4>0
06-25 13:31:48.394 11439 11439 I MydataType: 5>0
06-25 13:31:48.396 11439 11439 I MydataType: 6>0
06-25 13:31:48.429   796   832 I BufferQueueProducer: [com.oringnet.wm/com.oring.SlideActivity@11439#0](this:0x72a451a800,id:27,api:1,p:11439,c:796) queueBuffer: fps=20.00 dur=1000.24 max=178.90 min=6.79
06-25 13:31:48.461 11439 11439 I Gateway : [Rsp]<READ ADDRESS> 00030200008584
06-25 13:31:48.461 11439 11439 I R_item  : 6 ADDRESS 0000
06-25 13:31:48.465   796   796 I SurfaceFlinger: screenshot (com.oringnet.wm/com.oring.SlideActivity@11439#0)
06-25 13:31:48.467 11439 11439 W UiThreadStatement: Already on the UI thread, this method should not be called from the main application thread
06-25 13:31:48.467 11439 11439 I Gateway : [Req]<READ DATA_NUM> 0003089E0001e655
06-25 13:31:48.485 11439 11439 I MydataType: 0>0
06-25 13:31:48.486 11439 11439 I MydataType: 1>0
06-25 13:31:48.487 11439 11439 I MydataType: 2>0
06-25 13:31:48.489 11439 11439 I MydataType: 3>0
06-25 13:31:48.490 11439 11439 I MydataType: 4>0
06-25 13:31:48.492 11439 11439 I MydataType: 5>0
06-25 13:31:48.493 11439 11439 I MydataType: 6>0
06-25 13:31:48.558 11439 11439 I Gateway : [Rsp]<READ DATA_NUM> 00030200008584
06-25 13:31:48.559 11439 11439 I R_item  : 6 DATA_NUM 0000
06-25 13:31:48.568 11439 11439 W UiThreadStatement: Already on the UI thread, this method should not be called from the main application thread
06-25 13:31:48.568 11439 11439 I Gateway : [Req]<READ DATA_FORMAT> 0003090200012787
06-25 13:31:48.587 11439 11439 I MydataType: 0>0
06-25 13:31:48.590 11439 11439 I MydataType: 1>0
06-25 13:31:48.594 11439 11439 I MydataType: 2>0
06-25 13:31:48.597 11439 11439 I MydataType: 3>0
06-25 13:31:48.601 11439 11439 I MydataType: 4>0
06-25 13:31:48.605 11439 11439 I MydataType: 5>0
06-25 13:31:48.608 11439 11439 I MydataType: 6>0
06-25 13:31:48.655 11439 11439 W UiThreadStatement: Already on the UI thread, this method should not be called from the main application thread
06-25 13:31:48.655 11439 11439 I Gateway : [Req]<READ DATA_FORMAT> 0003096600016658
06-25 13:31:48.655 11439 11439 I Gateway : [Rsp]<READ DATA_FORMAT> 00030200008584
06-25 13:31:48.655 11439 11439 I R_item  : 6 DATA_FORMAT 0000
06-25 13:31:48.686 11439 11439 I MydataType: 0>0
06-25 13:31:48.690 11439 11439 I MydataType: 1>0
06-25 13:31:48.693 11439 11439 I MydataType: 2>0
06-25 13:31:48.696 11439 11439 I MydataType: 3>0
06-25 13:31:48.700 11439 11439 I MydataType: 4>0
06-25 13:31:48.703 11439 11439 I MydataType: 5>0
06-25 13:31:48.706 11439 11439 I MydataType: 6>0
06-25 13:31:48.753 11439 11439 I Gateway : [Rsp]<READ INTERVAL> 00030200008584
06-25 13:31:48.753 11439 11439 I R_item  : 6 INTERVAL 0000
06-25 13:31:48.753 11439 11439 I R_item  : enable: 7
06-25 13:31:48.759 11439 11439 W UiThreadStatement: Already on the UI thread, this method should not be called from the main application thread
06-25 13:31:48.759 11439 11439 I Gateway : [Req]<READ NET_ID> 000309CA0001a679
06-25 13:31:48.767 11439 11439 I MydataType: 0>0
06-25 13:31:48.770 11439 11439 I MydataType: 1>0
06-25 13:31:48.772 11439 11439 I MydataType: 2>0
06-25 13:31:48.775 11439 11439 I MydataType: 3>0
06-25 13:31:48.777 11439 11439 I MydataType: 4>0
06-25 13:31:48.780 11439 11439 I MydataType: 5>0
06-25 13:31:48.782   796   796 I SurfaceFlinger: screenshot (com.oringnet.wm/com.oring.SlideActivity@11439#0)
06-25 13:31:48.783 11439 11439 I MydataType: 6>0
06-25 13:31:48.849 11439 11439 W UiThreadStatement: Already on the UI thread, this method should not be called from the main application thread
06-25 13:31:48.849 11439 11439 I Gateway : [Req]<READ NET_ID> 000307D700013497
06-25 13:31:48.849 11439 11439 I Gateway : [Rsp]<READ NET_ID> 00030200008584
06-25 13:31:48.849 11439 11439 I R_item  : 7 NET_ID 0000
06-25 13:31:48.870 11439 11439 I MydataType: 0>0
06-25 13:31:48.872 11439 11439 I MydataType: 1>0
06-25 13:31:48.874 11439 11439 I MydataType: 2>0
06-25 13:31:48.877 11439 11439 I MydataType: 3>0
06-25 13:31:48.879 11439 11439 I MydataType: 4>0
06-25 13:31:48.881 11439 11439 I MydataType: 5>0
06-25 13:31:48.884 11439 11439 I MydataType: 6>0
06-25 13:31:48.945   796   796 I SurfaceFlinger: screenshot (com.oringnet.wm/com.oring.SlideActivity@11439#0)
06-25 13:31:48.951 11439 11439 W UiThreadStatement: Already on the UI thread, this method should not be called from the main application thread
06-25 13:31:48.951 11439 11439 I Gateway : [Req]<READ IO_TYPE> 0003083B0001f676
06-25 13:31:48.951 11439 11439 I Gateway : [Rsp]<READ IO_TYPE> 00030200008584
06-25 13:31:48.951 11439 11439 I R_item  : 7 IO_TYPE 0000
06-25 13:31:48.968 11439 11439 I MydataType: 0>0
06-25 13:31:48.970 11439 11439 I MydataType: 1>0
06-25 13:31:48.971 11439 11439 I MydataType: 2>0
06-25 13:31:48.973 11439 11439 I MydataType: 3>0
06-25 13:31:48.975 11439 11439 I MydataType: 4>0
06-25 13:31:48.976 11439 11439 I MydataType: 5>0
06-25 13:31:48.978 11439 11439 I MydataType: 6>0
06-25 13:31:49.046 11439 11439 I Gateway : [Rsp]<READ ADDRESS> 00030200008584
06-25 13:31:49.046 11439 11439 I R_item  : 7 ADDRESS 0000
06-25 13:31:49.051 11439 11439 W UiThreadStatement: Already on the UI thread, this method should not be called from the main application thread
06-25 13:31:49.051 11439 11439 I Gateway : [Req]<READ DATA_NUM> 0003089F0001b795
06-25 13:31:49.069 11439 11439 I MydataType: 0>0
06-25 13:31:49.070 11439 11439 I MydataType: 1>0
06-25 13:31:49.072 11439 11439 I MydataType: 2>0
06-25 13:31:49.073 11439 11439 I MydataType: 3>0
06-25 13:31:49.075 11439 11439 I MydataType: 4>0
06-25 13:31:49.076 11439 11439 I MydataType: 5>0
06-25 13:31:49.077 11439 11439 I MydataType: 6>0
06-25 13:31:49.131   796   796 I SurfaceFlinger: screenshot (com.oringnet.wm/com.oring.SlideActivity@11439#0)
06-25 13:31:49.144 11439 11439 I Gateway : [Rsp]<READ DATA_NUM> 00030200008584
06-25 13:31:49.144 11439 11439 I R_item  : 7 DATA_NUM 0000
06-25 13:31:49.149 11439 11439 W UiThreadStatement: Already on the UI thread, this method should not be called from the main application thread
06-25 13:31:49.149 11439 11439 I Gateway : [Req]<READ DATA_FORMAT> 0003090300017647
06-25 13:31:49.169 11439 11439 I MydataType: 0>0
06-25 13:31:49.171 11439 11439 I MydataType: 1>0
06-25 13:31:49.172 11439 11439 I MydataType: 2>0
06-25 13:31:49.173 11439 11439 I MydataType: 3>0
06-25 13:31:49.175 11439 11439 I MydataType: 4>0
06-25 13:31:49.176 11439 11439 I MydataType: 5>0
06-25 13:31:49.178 11439 11439 I MydataType: 6>0
06-25 13:31:49.236   796   796 I SurfaceFlinger: screenshot (com.oringnet.wm/com.oring.SlideActivity@11439#0)
06-25 13:31:49.242 11439 11439 W UiThreadStatement: Already on the UI thread, this method should not be called from the main application thread
06-25 13:31:49.242 11439 11439 I Gateway : [Req]<READ DATA_FORMAT> 0003096700013798
06-25 13:31:49.242 11439 11439 I Gateway : [Rsp]<READ DATA_FORMAT> 00030200008584
06-25 13:31:49.242 11439 11439 I R_item  : 7 DATA_FORMAT 0000
06-25 13:31:49.271 11439 11439 I MydataType: 0>0
06-25 13:31:49.274 11439 11439 I MydataType: 1>0
06-25 13:31:49.278 11439 11439 I MydataType: 2>0
06-25 13:31:49.281 11439 11439 I MydataType: 3>0
06-25 13:31:49.285 11439 11439 I MydataType: 4>0
06-25 13:31:49.289 11439 11439 I MydataType: 5>0
06-25 13:31:49.292 11439 11439 I MydataType: 6>0
06-25 13:31:49.338 11439 11439 I Gateway : [Rsp]<READ INTERVAL> 00030200008584
06-25 13:31:49.338 11439 11439 I R_item  : 7 INTERVAL 0000
06-25 13:31:49.338 11439 11439 I R_item  : enable: 8
06-25 13:31:49.345 11439 11463 D Surface : Surface::disconnect(this=0x7580c79000,api=1)
06-25 13:31:49.345   796   832 I BufferQueueProducer: [com.oringnet.wm/com.oring.SlideActivity@11439#1](this:0x72a4519000,id:37,api:1,p:11439,c:796) disconnect(P): api 1
06-25 13:31:49.364 11439 11439 W UiThreadStatement: Already on the UI thread, this method should not be called from the main application thread
06-25 13:31:49.364 11439 11439 I Gateway : [Req]<READ INTERVAL> 000309CB0001f7b9
06-25 13:31:49.369 11439 11439 I MydataType: 0>0
06-25 13:31:49.372 11439 11439 I MydataType: 1>0
06-25 13:31:49.374 11439 11439 I MydataType: 2>0
06-25 13:31:49.376 11439 11439 I MydataType: 3>0
06-25 13:31:49.380 11439 11439 I MydataType: 4>0
06-25 13:31:49.382 11439 11439 I MydataType: 5>0
06-25 13:31:49.384 11439 11439 I MydataType: 6>0
06-25 13:31:49.408   796   796 I SurfaceFlinger: screenshot (com.oringnet.wm/com.oring.SlideActivity@11439#0)
06-25 13:31:49.434   796  2155 I BufferQueueProducer: [com.oringnet.wm/com.oring.SlideActivity@11439#0](this:0x72a451a800,id:27,api:1,p:11439,c:796) queueBuffer: fps=20.89 dur=1005.26 max=112.18 min=6.70
06-25 13:31:49.513   796   796 I SurfaceFlinger: screenshot (com.oringnet.wm/com.oring.SlideActivity@11439#0)
06-25 13:31:49.540   796   796 I MiniDump: 0x72a44b0000 |     DEVICE |          0 | 1.000 |    0    0  720 1600 |   0.0   0.0 720.0 1600.0 | com.oringnet.wm/com.oring.SlideActivity@11439#0
06-25 13:31:49.615   796   796 I SurfaceFlinger: Remove BufferLayer(0x72a44ce000) com.oringnet.wm/com.oring.SlideActivity@11439#1 (-1 x -1)
06-25 13:31:49.622   796   796 I MiniDump: 0x72a44b0000 |     DEVICE |          0 | 1.000 |    0    0  720 1600 |   0.0   0.0 720.0 1600.0 | com.oringnet.wm/com.oring.SlideActivity@11439#0
06-25 13:31:49.627   796   796 I SurfaceFlinger: screenshot (com.oringnet.wm/com.oring.SlideActivity@11439#0)
06-25 13:31:49.632   796   796 I SurfaceFlinger: Remove BufferLayer(0x72a44ce000) com.oringnet.wm/com.oring.SlideActivity@11439#1 (-1 x -1)
06-25 13:31:49.633   796   796 I BufferQueue: [com.oringnet.wm/com.oring.SlideActivity@11439#1](this:0x72a4519000,id:37,api:1,p:-1,c:-1) ~BufferQueueCore
06-25 13:31:49.884   796   796 I SurfaceFlinger: screenshot (com.oringnet.wm/com.oring.SlideActivity@11439#0)
06-25 13:31:49.978   796   796 I SurfaceFlinger: screenshot (com.oringnet.wm/com.oring.SlideActivity@11439#0)
06-25 13:31:50.017   796   796 I SurfaceFlinger: screenshot (com.oringnet.wm/com.oring.SlideActivity@11439#0)
06-25 13:31:50.117   796   796 I SurfaceFlinger: screenshot (com.oringnet.wm/com.oring.SlideActivity@11439#0)
06-25 13:31:50.368   796   796 I SurfaceFlinger: screenshot (com.oringnet.wm/com.oring.SlideActivity@11439#0)
06-25 13:31:50.384 11439 11439 I ViewRootImpl: ViewRoot's Touch Event : ACTION_DOWN
06-25 13:31:50.393 11439 11439 I ViewRootImpl: ViewRoot's Touch Event : ACTION_UP
06-25 13:31:50.406 11439 11439 D PhoneWindow: windowLightStatusBar : false, disable View.SYSTEM_UI_FLAG_LIGHT_STATUS_BAR
06-25 13:31:50.437 11439 11439 I TouchFilterInputStageHelper: [needTouchEventFilter] Displayid : 0
06-25 13:31:50.441 11439 11439 D BezellessGripSuppressionFilter: getdisplaysize, x : 720 y : 1600
06-25 13:31:50.453 11439 11439 D BluetoothGatt: setCharacteristicNotification() - uuid: 6e400003-b5a3-f393-e0a9-e50e24dcca9e enable: true
06-25 13:31:50.476   796  2155 I BufferQueueConsumer: [com.oringnet.wm/com.oring.SlideActivity@11439#1](this:0x729789b000,id:38,api:0,p:-1,c:796) setConsumerName: com.oringnet.wm/com.oring.SlideActivity@11439#1
06-25 13:31:50.476   796  2155 I BufferQueueConsumer: [com.oringnet.wm/com.oring.SlideActivity@11439#1](this:0x729789b000,id:38,api:0,p:-1,c:796) setDefaultBufferSize: width=126 height=126
06-25 13:31:50.476   796  2155 I SurfaceFlinger: Create BufferLayer(0x7297902000) com.oringnet.wm/com.oring.SlideActivity@11439#1 (126 x 126)
06-25 13:31:50.484 11439 11463 D Surface : Surface::connect(this=0x757fdc4000,api=1)
06-25 13:31:50.485   796   833 I BufferQueueProducer: [com.oringnet.wm/com.oring.SlideActivity@11439#1](this:0x729789b000,id:38,api:1,p:11439,c:796) connect(P): api=1 producer=(11439:com.oringnet.wm) producerControlledByApp=false
06-25 13:31:50.487 11439 11463 D Surface : Surface::setBufferCount(this=0x757fdc4000,bufferCount=3)
06-25 13:31:50.487 11439 11463 D Surface : Surface::allocateBuffers(this=0x757fdc4000)
06-25 13:31:50.502 11439 11439 I MydataType: 0>0
06-25 13:31:50.543   796  2089 I BufferQueueProducer: [com.oringnet.wm/com.oring.SlideActivity@11439#0](this:0x72a451a800,id:27,api:1,p:11439,c:796) queueBuffer: fps=1.80 dur=1108.64 max=1095.15 min=13.49
06-25 13:31:50.601   796   796 I MiniDump: 0x72a44b0000 |     DEVICE |          0 | 1.000 |    0    0  720 1600 |   0.0   0.0 720.0 1600.0 | com.oringnet.wm/com.oring.SlideActivity@11439#0
06-25 13:31:50.601   796   796 I MiniDump: 0x7297902000 |     DEVICE |          0 | 0.287 |  301  760  419  878 |   0.0   0.0 126.0 126.0 | com.oringnet.wm/com.oring.SlideActivity@11439#1
06-25 13:31:50.609   796   796 I SurfaceFlinger: screenshot (com.oringnet.wm/com.oring.SlideActivity@11439#0)
06-25 13:31:50.654 11439 11439 W UiThreadStatement: Already on the UI thread, this method should not be called from the main application thread
06-25 13:31:50.654 11439 11439 I Gateway : [Req]<READ ENABLE LOW> 00030A4800010615
06-25 13:31:50.655 11439 11439 I Gateway : [Rsp]<READ ENABLE LOW> 00030200008584
06-25 13:31:50.655 11439 11439 I Req_Enable 0-15:: 0000
06-25 13:31:50.724   796   796 I SurfaceFlinger: screenshot (com.oringnet.wm/com.oring.SlideActivity@11439#0)
06-25 13:31:50.751 11439 11439 I Gateway : [Rsp]<READ ENABLE HIGH> 00030200008584
06-25 13:31:50.752 11439 11439 I Req_Enable 16-31:: 0000
06-25 13:31:50.762 11439 11439 D BluetoothGatt: setCharacteristicNotification() - uuid: 6e400003-b5a3-f393-e0a9-e50e24dcca9e enable: true
06-25 13:31:50.767 11439 11439 W UiThreadStatement: Already on the UI thread, this method should not be called from the main application thread
06-25 13:31:50.767 11439 11439 I Gateway : [Req]<READ ENABLE HIGH> 00030A49000157d5
06-25 13:31:50.815   796   796 I SurfaceFlinger: Remove BufferLayer(0x7297902000) com.oringnet.wm/com.oring.SlideActivity@11439#1 (-1 x -1)
06-25 13:31:50.852 11439 11439 I R_item  : enable: 0
06-25 13:31:50.917   796   796 I SurfaceFlinger: screenshot (com.oringnet.wm/com.oring.SlideActivity@11439#0)
06-25 13:31:50.946 11439 11439 I Gateway : [Rsp]<READ NET_ID> 00030200008584
06-25 13:31:50.946 11439 11439 I R_item  : 0 NET_ID 0000
06-25 13:31:50.952 11439 11439 W UiThreadStatement: Already on the UI thread, this method should not be called from the main application thread
06-25 13:31:50.952 11439 11439 I Gateway : [Req]<READ IO_TYPE> 000307D000018556
06-25 13:31:50.971 11439 11439 I MydataType: 0>0
06-25 13:31:51.044 11439 11439 I Gateway : [Rsp]<READ IO_TYPE> 00030200008584
06-25 13:31:51.045 11439 11439 I R_item  : 0 IO_TYPE 0000
06-25 13:31:51.055 11439 11439 W UiThreadStatement: Already on the UI thread, this method should not be called from the main application thread
06-25 13:31:51.055 11439 11439 I Gateway : [Req]<READ ADDRESS> 000308340001c675
06-25 13:31:51.073 11439 11439 I MydataType: 0>0
06-25 13:31:51.142 11439 11439 W UiThreadStatement: Already on the UI thread, this method should not be called from the main application thread
06-25 13:31:51.142 11439 11439 I Gateway : [Req]<READ ADDRESS> 0003089800010654
06-25 13:31:51.142 11439 11439 I Gateway : [Rsp]<READ ADDRESS> 00030200008584
06-25 13:31:51.142 11439 11439 I R_item  : 0 ADDRESS 0000
06-25 13:31:51.168   796   796 I SurfaceFlinger: screenshot (com.oringnet.wm/com.oring.SlideActivity@11439#0)
06-25 13:31:51.172 11439 11439 I MydataType: 0>0
06-25 13:31:51.239 11439 11439 W UiThreadStatement: Already on the UI thread, this method should not be called from the main application thread
06-25 13:31:51.239 11439 11439 I Gateway : [Req]<READ DATA_NUM> 000308FC0001478b
06-25 13:31:51.239 11439 11439 I Gateway : [Rsp]<READ DATA_NUM> 00030200008584
06-25 13:31:51.240 11439 11439 I R_item  : 0 DATA_NUM 0000
06-25 13:31:51.274 11439 11439 I MydataType: 0>0
06-25 13:31:51.337 11439 11439 W UiThreadStatement: Already on the UI thread, this method should not be called from the main application thread
06-25 13:31:51.337 11439 11439 I Gateway : [Req]<READ DATA_FORMAT> 0003096000018659
06-25 13:31:51.337 11439 11439 I Gateway : [Rsp]<READ DATA_FORMAT> 00030200008584
06-25 13:31:51.337 11439 11439 I R_item  : 0 DATA_FORMAT 0000
06-25 13:31:51.374 11439 11439 I MydataType: 0>0
06-25 13:31:51.434 11439 11439 I Gateway : [Rsp]<READ INTERVAL> 00030200008584
06-25 13:31:51.434 11439 11439 I R_item  : 0 INTERVAL 0000
06-25 13:31:51.434 11439 11439 I R_item  : enable: 1
06-25 13:31:51.435   796   796 I SurfaceFlinger: screenshot (com.oringnet.wm/com.oring.SlideActivity@11439#0)
06-25 13:31:51.444 11439 11439 W UiThreadStatement: Already on the UI thread, this method should not be called from the main application thread
06-25 13:31:51.444 11439 11439 I Gateway : [Req]<READ NET_ID> 000309C40001c7ba
06-25 13:31:51.456 11439 11439 I MydataType: 0>0
06-25 13:31:51.532 11439 11439 I Gateway : [Rsp]<READ NET_ID> 00030200008584
06-25 13:31:51.532 11439 11439 I R_item  : 1 NET_ID 0000
06-25 13:31:51.538 11439 11439 W UiThreadStatement: Already on the UI thread, this method should not be called from the main application thread
06-25 13:31:51.538 11439 11439 I Gateway : [Req]<READ IO_TYPE> 000307D10001d496
06-25 13:31:51.557 11439 11439 I MydataType: 0>0
06-25 13:31:51.579   796  2089 I BufferQueueProducer: [com.oringnet.wm/com.oring.SlideActivity@11439#0](this:0x72a451a800,id:27,api:1,p:11439,c:796) queueBuffer: fps=15.44 dur=1036.04 max=367.05 min=7.05
06-25 13:31:51.629 11439 11439 I Gateway : [Rsp]<READ IO_TYPE> 00030200008584
06-25 13:31:51.629 11439 11439 I R_item  : 1 IO_TYPE 0000
06-25 13:31:51.638 11439 11439 W UiThreadStatement: Already on the UI thread, this method should not be called from the main application thread
06-25 13:31:51.638 11439 11439 I Gateway : [Req]<READ ADDRESS> 00030835000197b5
06-25 13:31:51.657 11439 11439 I MydataType: 0>0
06-25 13:31:51.703   796   796 I SurfaceFlinger: screenshot (com.oringnet.wm/com.oring.SlideActivity@11439#0)
06-25 13:31:51.727 11439 11439 I Gateway : [Rsp]<READ ADDRESS> 00030200008584
06-25 13:31:51.727 11439 11439 I R_item  : 1 ADDRESS 0000
06-25 13:31:51.732 11439 11439 W UiThreadStatement: Already on the UI thread, this method should not be called from the main application thread
06-25 13:31:51.732 11439 11439 I Gateway : [Req]<READ DATA_NUM> 0003089900015794
06-25 13:31:51.756 11439 11439 I MydataType: 0>0
06-25 13:31:51.824 11439 11439 W UiThreadStatement: Already on the UI thread, this method should not be called from the main application thread
06-25 13:31:51.825 11439 11439 I Gateway : [Req]<READ DATA_NUM> 000308FD0001164b
06-25 13:31:51.825 11439 11439 I Gateway : [Rsp]<READ DATA_NUM> 00030200008584
06-25 13:31:51.825 11439 11439 I R_item  : 1 DATA_NUM 0000
06-25 13:31:51.858 11439 11439 I MydataType: 0>0
06-25 13:31:51.921 11439 11439 I Gateway : [Rsp]<READ DATA_FORMAT> 00030200008584
06-25 13:31:51.921 11439 11439 I R_item  : 1 DATA_FORMAT 0000
06-25 13:31:51.927 11439 11439 W UiThreadStatement: Already on the UI thread, this method should not be called from the main application thread
06-25 13:31:51.927 11439 11439 I Gateway : [Req]<READ INTERVAL> 000309610001d799
06-25 13:31:51.937 11439 11439 I MydataType: 0>0
06-25 13:31:51.968   796   796 I SurfaceFlinger: screenshot (com.oringnet.wm/com.oring.SlideActivity@11439#0)
06-25 13:31:52.018 11439 11439 I Gateway : [Rsp]<READ INTERVAL> 00030200008584
06-25 13:31:52.019 11439 11439 I R_item  : 1 INTERVAL 0000
06-25 13:31:52.019 11439 11439 I R_item  : enable: 2
06-25 13:31:52.027 11439 11439 W UiThreadStatement: Already on the UI thread, this method should not be called from the main application thread
06-25 13:31:52.028 11439 11439 I Gateway : [Req]<READ NET_ID> 000309C50001967a
06-25 13:31:52.039 11439 11439 I MydataType: 0>0
06-25 13:31:52.116 11439 11439 W UiThreadStatement: Already on the UI thread, this method should not be called from the main application thread
06-25 13:31:52.116 11439 11439 I Gateway : [Req]<READ NET_ID> 000307D200012496
06-25 13:31:52.117 11439 11439 I Gateway : [Rsp]<READ NET_ID> 00030200008584
06-25 13:31:52.117 11439 11439 I R_item  : 2 NET_ID 0000
06-25 13:31:52.142 11439 11439 I MydataType: 0>0
06-25 13:31:52.213 11439 11439 I Gateway : [Rsp]<READ IO_TYPE> 00030200008584
06-25 13:31:52.214 11439 11439 I R_item  : 2 IO_TYPE 0000
06-25 13:31:52.219   796   796 I SurfaceFlinger: screenshot (com.oringnet.wm/com.oring.SlideActivity@11439#0)
06-25 13:31:52.225 11439 11439 W UiThreadStatement: Already on the UI thread, this method should not be called from the main application thread
06-25 13:31:52.225 11439 11439 I Gateway : [Req]<READ ADDRESS> 00030836000167b5
06-25 13:31:52.243 11439 11439 I MydataType: 0>0
06-25 13:31:52.311 11439 11439 I Gateway : [Rsp]<READ ADDRESS> 00030200008584
06-25 13:31:52.311 11439 11439 I R_item  : 2 ADDRESS 0000
06-25 13:31:52.320 11439 11439 W UiThreadStatement: Already on the UI thread, this method should not be called from the main application thread
06-25 13:31:52.320 11439 11439 I Gateway : [Req]<READ DATA_NUM> 0003089A0001a794
06-25 13:31:52.340 11439 11439 I MydataType: 0>0
06-25 13:31:52.409 11439 11439 I Gateway : [Rsp]<READ DATA_NUM> 00030200008584
06-25 13:31:52.409 11439 11439 I R_item  : 2 DATA_NUM 0000
06-25 13:31:52.416 11439 11439 W UiThreadStatement: Already on the UI thread, this method should not be called from the main application thread
06-25 13:31:52.417 11439 11439 I Gateway : [Req]<READ DATA_FORMAT> 000308FE0001e64b
06-25 13:31:52.438 11439 11439 I MydataType: 0>0
06-25 13:31:52.485   796   796 I SurfaceFlinger: screenshot (com.oringnet.wm/com.oring.SlideActivity@11439#0)
06-25 13:31:52.506 11439 11439 W UiThreadStatement: Already on the UI thread, this method should not be called from the main application thread
06-25 13:31:52.506 11439 11439 I Gateway : [Req]<READ DATA_FORMAT> 0003096200012799
06-25 13:31:52.507 11439 11439 I Gateway : [Rsp]<READ DATA_FORMAT> 00030200008584
06-25 13:31:52.507 11439 11439 I R_item  : 2 DATA_FORMAT 0000
06-25 13:31:52.541 11439 11439 I MydataType: 0>0
06-25 13:31:52.605 11439 11439 I Gateway : [Rsp]<READ INTERVAL> 00030200008584
06-25 13:31:52.605 11439 11439 I R_item  : 2 INTERVAL 0000
06-25 13:31:52.605 11439 11439 I R_item  : enable: 3
06-25 13:31:52.615 11439 11439 W UiThreadStatement: Already on the UI thread, this method should not be called from the main application thread
06-25 13:31:52.615 11439 11439 I Gateway : [Req]<READ NET_ID> 000309C60001667a
06-25 13:31:52.641 11439 11439 I MydataType: 0>0
06-25 13:31:52.659   796  2089 I BufferQueueProducer: [com.oringnet.wm/com.oring.SlideActivity@11439#0](this:0x72a451a800,id:27,api:1,p:11439,c:796) queueBuffer: fps=20.36 dur=1080.46 max=101.07 min=7.58
06-25 13:31:52.701 11439 11439 I Gateway : [Rsp]<READ NET_ID> 00030200008584
06-25 13:31:52.701 11439 11439 I R_item  : 3 NET_ID 0000
06-25 13:31:52.710 11439 11439 W UiThreadStatement: Already on the UI thread, this method should not be called from the main application thread
06-25 13:31:52.710 11439 11439 I Gateway : [Req]<READ IO_TYPE> 000307D300017556
06-25 13:31:52.722 11439 11439 I MydataType: 0>0
06-25 13:31:52.779   796   796 I SurfaceFlinger: screenshot (com.oringnet.wm/com.oring.SlideActivity@11439#0)
06-25 13:31:52.799 11439 11439 W UiThreadStatement: Already on the UI thread, this method should not be called from the main application thread
06-25 13:31:52.799 11439 11439 I Gateway : [Req]<READ IO_TYPE> 0003083700013675
06-25 13:31:52.799 11439 11439 I Gateway : [Rsp]<READ IO_TYPE> 00030200008584
06-25 13:31:52.799 11439 11439 I R_item  : 3 IO_TYPE 0000
06-25 13:31:52.823 11439 11439 I MydataType: 0>0
06-25 13:31:52.881   796   796 I SurfaceFlinger: screenshot (com.oringnet.wm/com.oring.SlideActivity@11439#0)
06-25 13:31:52.895 11439 11439 W UiThreadStatement: Already on the UI thread, this method should not be called from the main application thread
06-25 13:31:52.895 11439 11439 I Gateway : [Req]<READ ADDRESS> 0003089B0001f654
06-25 13:31:52.897 11439 11439 I Gateway : [Rsp]<READ ADDRESS> 00030200008584
06-25 13:31:52.897 11439 11439 I R_item  : 3 ADDRESS 0000
06-25 13:31:52.920 11439 11439 I MydataType: 0>0
06-25 13:31:52.995 11439 11439 I Gateway : [Rsp]<READ DATA_NUM> 00030200008584
06-25 13:31:52.995 11439 11439 I R_item  : 3 DATA_NUM 0000
06-25 13:31:53.006 11439 11439 W UiThreadStatement: Already on the UI thread, this method should not be called from the main application thread
06-25 13:31:53.007 11439 11439 I Gateway : [Req]<READ DATA_FORMAT> 000308FF0001b78b
06-25 13:31:53.026 11439 11439 I MydataType: 0>0
06-25 13:31:53.092 11439 11439 I Gateway : [Rsp]<READ DATA_FORMAT> 00030200008584
06-25 13:31:53.093 11439 11439 I R_item  : 3 DATA_FORMAT 0000
06-25 13:31:53.104 11439 11439 W UiThreadStatement: Already on the UI thread, this method should not be called from the main application thread
06-25 13:31:53.104 11439 11439 I Gateway : [Req]<READ INTERVAL> 0003096300017659
06-25 13:31:53.124 11439 11439 I MydataType: 0>0
06-25 13:31:53.180   796   796 I SurfaceFlinger: screenshot (com.oringnet.wm/com.oring.SlideActivity@11439#0)
06-25 13:31:53.190 11439 11439 W UiThreadStatement: Already on the UI thread, this method should not be called from the main application thread
06-25 13:31:53.190 11439 11439 I Gateway : [Req]<READ INTERVAL> 000309C7000137ba
06-25 13:31:53.191 11439 11439 I Gateway : [Rsp]<READ INTERVAL> 00030200008584
06-25 13:31:53.191 11439 11439 I R_item  : 3 INTERVAL 0000
06-25 13:31:53.191 11439 11439 I R_item  : enable: 4
06-25 13:31:53.223 11439 11439 I MydataType: 0>0
06-25 13:31:53.280   796   796 I SurfaceFlinger: screenshot (com.oringnet.wm/com.oring.SlideActivity@11439#0)
06-25 13:31:53.287 11439 11439 I Gateway : [Rsp]<READ NET_ID> 00030200008584
06-25 13:31:53.287 11439 11439 I R_item  : 4 NET_ID 0000
06-25 13:31:53.297 11439 11439 W UiThreadStatement: Already on the UI thread, this method should not be called from the main application thread
06-25 13:31:53.297 11439 11439 I Gateway : [Req]<READ IO_TYPE> 000307D40001c497
06-25 13:31:53.305 11439 11439 I MydataType: 0>0
06-25 13:31:53.384 11439 11439 I Gateway : [Rsp]<READ IO_TYPE> 00030200008584
06-25 13:31:53.384 11439 11439 I R_item  : 4 IO_TYPE 0000
06-25 13:31:53.392 11439 11439 W UiThreadStatement: Already on the UI thread, this method should not be called from the main application thread
06-25 13:31:53.393 11439 11439 I Gateway : [Req]<READ ADDRESS> 0003083800010676
06-25 13:31:53.405 11439 11439 I MydataType: 0>0
06-25 13:31:53.481 11439 11439 I Gateway : [Rsp]<READ ADDRESS> 00030200008584
06-25 13:31:53.482 11439 11439 I R_item  : 4 ADDRESS 0000
06-25 13:31:53.491 11439 11439 W UiThreadStatement: Already on the UI thread, this method should not be called from the main application thread
06-25 13:31:53.491 11439 11439 I Gateway : [Req]<READ DATA_NUM> 0003089C00014795
06-25 13:31:53.506 11439 11439 I MydataType: 0>0
06-25 13:31:53.548   796   796 I SurfaceFlinger: screenshot (com.oringnet.wm/com.oring.SlideActivity@11439#0)
06-25 13:31:53.580 11439 11439 I Gateway : [Rsp]<READ DATA_NUM> 00030200008584
06-25 13:31:53.580 11439 11439 I R_item  : 4 DATA_NUM 0000
06-25 13:31:53.590 11439 11439 W UiThreadStatement: Already on the UI thread, this method should not be called from the main application thread
06-25 13:31:53.590 11439 11439 I Gateway : [Req]<READ DATA_FORMAT> 0003090000018647
06-25 13:31:53.608 11439 11439 I MydataType: 0>0
06-25 13:31:53.658   796   796 I SurfaceFlinger: screenshot (com.oringnet.wm/com.oring.SlideActivity@11439#0)
06-25 13:31:53.677 11439 11439 I Gateway : [Rsp]<READ DATA_FORMAT> 00030200008584
06-25 13:31:53.677 11439 11439 I R_item  : 4 DATA_FORMAT 0000
06-25 13:31:53.688 11439 11439 W UiThreadStatement: Already on the UI thread, this method should not be called from the main application thread
06-25 13:31:53.688 11439 11439 I Gateway : [Req]<READ INTERVAL> 000309640001c798
06-25 13:31:53.708 11439 11439 I MydataType: 0>0
06-25 13:31:53.735   796  2089 I BufferQueueProducer: [com.oringnet.wm/com.oring.SlideActivity@11439#0](this:0x72a451a800,id:27,api:1,p:11439,c:796) queueBuffer: fps=20.45 dur=1075.82 max=101.66 min=7.10
06-25 13:31:53.770   796   796 I SurfaceFlinger: screenshot (com.oringnet.wm/com.oring.SlideActivity@11439#0)
06-25 13:31:53.776 11439 11439 W UiThreadStatement: Already on the UI thread, this method should not be called from the main application thread
06-25 13:31:53.776 11439 11439 I Gateway : [Req]<READ INTERVAL> 000309C8000107b9
06-25 13:31:53.776 11439 11439 I Gateway : [Rsp]<READ INTERVAL> 00030200008584
06-25 13:31:53.776 11439 11439 I R_item  : 4 INTERVAL 0000
06-25 13:31:53.776 11439 11439 I R_item  : enable: 5
06-25 13:31:53.807 11439 11439 I MydataType: 0>0
06-25 13:31:53.873 11439 11439 W UiThreadStatement: Already on the UI thread, this method should not be called from the main application thread
06-25 13:31:53.873 11439 11439 I Gateway : [Req]<READ NET_ID> 000307D500019557
06-25 13:31:53.874 11439 11439 I Gateway : [Rsp]<READ NET_ID> 00030200008584
06-25 13:31:53.874 11439 11439 I R_item  : 5 NET_ID 0000
06-25 13:31:53.910 11439 11439 I MydataType: 0>0
06-25 13:31:53.962   796   796 I SurfaceFlinger: screenshot (com.oringnet.wm/com.oring.SlideActivity@11439#0)
06-25 13:31:53.969 11439 11439 W UiThreadStatement: Already on the UI thread, this method should not be called from the main application thread
06-25 13:31:53.969 11439 11439 I Gateway : [Req]<READ IO_TYPE> 00030839000157b6
06-25 13:31:53.969 11439 11439 I Gateway : [Rsp]<READ IO_TYPE> 00030200008584
06-25 13:31:53.969 11439 11439 I R_item  : 5 IO_TYPE 0000
06-25 13:31:53.989 11439 11439 I MydataType: 0>0
06-25 13:31:54.067 11439 11439 I Gateway : [Rsp]<READ ADDRESS> 00030200008584
06-25 13:31:54.067 11439 11439 I R_item  : 5 ADDRESS 0000
06-25 13:31:54.075 11439 11439 W UiThreadStatement: Already on the UI thread, this method should not be called from the main application thread
06-25 13:31:54.075 11439 11439 I Gateway : [Req]<READ DATA_NUM> 0003089D00011655
06-25 13:31:54.090 11439 11439 I MydataType: 0>0
06-25 13:31:54.130   796   796 I SurfaceFlinger: screenshot (com.oringnet.wm/com.oring.SlideActivity@11439#0)
06-25 13:31:54.165 11439 11439 I Gateway : [Rsp]<READ DATA_NUM> 00030200008584
06-25 13:31:54.165 11439 11439 I R_item  : 5 DATA_NUM 0000
06-25 13:31:54.175 11439 11439 W UiThreadStatement: Already on the UI thread, this method should not be called from the main application thread
06-25 13:31:54.175 11439 11439 I Gateway : [Req]<READ DATA_FORMAT> 000309010001d787
06-25 13:31:54.190 11439 11439 I MydataType: 0>0
06-25 13:31:54.262 11439 11439 I Gateway : [Rsp]<READ DATA_FORMAT> 00030200008584
06-25 13:31:54.264 11439 11439 I R_item  : 5 DATA_FORMAT 0000
06-25 13:31:54.272 11439 11439 W UiThreadStatement: Already on the UI thread, this method should not be called from the main application thread
06-25 13:31:54.273 11439 11439 I Gateway : [Req]<READ INTERVAL> 0003096500019658
06-25 13:31:54.291 11439 11439 I MydataType: 0>0
06-25 13:31:54.359 11439 11439 W UiThreadStatement: Already on the UI thread, this method should not be called from the main application thread
06-25 13:31:54.360 11439 11439 I Gateway : [Req]<READ INTERVAL> 000309C900015679
06-25 13:31:54.360 11439 11439 I Gateway : [Rsp]<READ INTERVAL> 00030200008584
06-25 13:31:54.360 11439 11439 I R_item  : 5 INTERVAL 0000
06-25 13:31:54.360 11439 11439 I R_item  : enable: 6
06-25 13:31:54.369   796   796 I SurfaceFlinger: screenshot (com.oringnet.wm/com.oring.SlideActivity@11439#0)
06-25 13:31:54.391 11439 11439 I MydataType: 0>0
06-25 13:31:54.457 11439 11439 W UiThreadStatement: Already on the UI thread, this method should not be called from the main application thread
06-25 13:31:54.457 11439 11439 I Gateway : [Req]<READ NET_ID> 000307D600016557
06-25 13:31:54.458 11439 11439 I Gateway : [Rsp]<READ NET_ID> 00030200008584
06-25 13:31:54.458 11439 11439 I R_item  : 6 NET_ID 0000
06-25 13:31:54.470   796   796 I SurfaceFlinger: screenshot (com.oringnet.wm/com.oring.SlideActivity@11439#0)
06-25 13:31:54.489 11439 11439 I MydataType: 0>0
06-25 13:31:54.555 11439 11439 I Gateway : [Rsp]<READ IO_TYPE> 00030200008584
06-25 13:31:54.555 11439 11439 I R_item  : 6 IO_TYPE 0000
06-25 13:31:54.565 11439 11439 W UiThreadStatement: Already on the UI thread, this method should not be called from the main application thread
06-25 13:31:54.565 11439 11439 I Gateway : [Req]<READ ADDRESS> 0003083A0001a7b6
06-25 13:31:54.592 11439 11439 I MydataType: 0>0
06-25 13:31:54.655 11439 11439 I Gateway : [Rsp]<READ ADDRESS> 00030200008584
06-25 13:31:54.655 11439 11439 I R_item  : 6 ADDRESS 0000
06-25 13:31:54.664 11439 11439 W UiThreadStatement: Already on the UI thread, this method should not be called from the main application thread
06-25 13:31:54.664 11439 11439 I Gateway : [Req]<READ DATA_NUM> 0003089E0001e655
06-25 13:31:54.692 11439 11439 I MydataType: 0>0
06-25 13:31:54.749 11439 11439 W UiThreadStatement: Already on the UI thread, this method should not be called from the main application thread
06-25 13:31:54.749 11439 11439 I Gateway : [Req]<READ DATA_NUM> 0003090200012787
06-25 13:31:54.750 11439 11439 I Gateway : [Rsp]<READ DATA_NUM> 00030200008584
06-25 13:31:54.750 11439 11439 I R_item  : 6 DATA_NUM 0000
06-25 13:31:54.764   796   796 I SurfaceFlinger: screenshot (com.oringnet.wm/com.oring.SlideActivity@11439#0)
06-25 13:31:54.776 11439 11439 I MydataType: 0>0
06-25 13:31:54.800   796  1305 I BufferQueueProducer: [com.oringnet.wm/com.oring.SlideActivity@11439#0](this:0x72a451a800,id:27,api:1,p:11439,c:796) queueBuffer: fps=20.67 dur=1064.52 max=95.79 min=7.09
06-25 13:31:54.846 11439 11439 I Gateway : [Rsp]<READ DATA_FORMAT> 00030200008584
06-25 13:31:54.847 11439 11439 I R_item  : 6 DATA_FORMAT 0000
06-25 13:31:54.857 11439 11439 W UiThreadStatement: Already on the UI thread, this method should not be called from the main application thread
06-25 13:31:54.857 11439 11439 I Gateway : [Req]<READ INTERVAL> 0003096600016658
06-25 13:31:54.887 11439 11439 I MydataType: 0>0
06-25 13:31:54.928   796   796 I SurfaceFlinger: screenshot (com.oringnet.wm/com.oring.SlideActivity@11439#0)
06-25 13:31:54.943 11439 11439 W UiThreadStatement: Already on the UI thread, this method should not be called from the main application thread
06-25 13:31:54.943 11439 11439 I Gateway : [Req]<READ INTERVAL> 000309CA0001a679
06-25 13:31:54.944 11439 11439 I Gateway : [Rsp]<READ INTERVAL> 00030200008584
06-25 13:31:54.944 11439 11439 I R_item  : 6 INTERVAL 0000
06-25 13:31:54.944 11439 11439 I R_item  : enable: 7
06-25 13:31:54.970 11439 11439 I MydataType: 0>0
06-25 13:31:55.044 11439 11439 W UiThreadStatement: Already on the UI thread, this method should not be called from the main application thread
06-25 13:31:55.044 11439 11439 I Gateway : [Req]<READ NET_ID> 000307D700013497
06-25 13:31:55.045 11439 11439 I Gateway : [Rsp]<READ NET_ID> 00030200008584
06-25 13:31:55.045 11439 11439 I R_item  : 7 NET_ID 0000
06-25 13:31:55.075 11439 11439 I MydataType: 0>0
06-25 13:31:55.139 11439 11439 I Gateway : [Rsp]<READ IO_TYPE> 00030200008584
06-25 13:31:55.140 11439 11439 I R_item  : 7 IO_TYPE 0000
06-25 13:31:55.149 11439 11439 W UiThreadStatement: Already on the UI thread, this method should not be called from the main application thread
06-25 13:31:55.149 11439 11439 I Gateway : [Req]<READ ADDRESS> 0003083B0001f676
06-25 13:31:55.174 11439 11439 I MydataType: 0>0
06-25 13:31:55.213   796   796 I SurfaceFlinger: screenshot (com.oringnet.wm/com.oring.SlideActivity@11439#0)
06-25 13:31:55.237 11439 11439 I Gateway : [Rsp]<READ ADDRESS> 00030200008584
06-25 13:31:55.237 11439 11439 I R_item  : 7 ADDRESS 0000
06-25 13:31:55.248 11439 11439 W UiThreadStatement: Already on the UI thread, this method should not be called from the main application thread
06-25 13:31:55.248 11439 11439 I Gateway : [Req]<READ DATA_NUM> 0003089F0001b795
06-25 13:31:55.274 11439 11439 I MydataType: 0>0
06-25 13:31:55.315   796   796 I SurfaceFlinger: screenshot (com.oringnet.wm/com.oring.SlideActivity@11439#0)
06-25 13:31:55.334 11439 11439 I Gateway : [Rsp]<READ DATA_NUM> 00030200008584
06-25 13:31:55.335 11439 11439 I R_item  : 7 DATA_NUM 0000
06-25 13:31:55.346 11439 11439 W UiThreadStatement: Already on the UI thread, this method should not be called from the main application thread
06-25 13:31:55.346 11439 11439 I Gateway : [Req]<READ DATA_FORMAT> 0003090300017647
06-25 13:31:55.375 11439 11439 I MydataType: 0>0
06-25 13:31:55.416   796   796 I SurfaceFlinger: screenshot (com.oringnet.wm/com.oring.SlideActivity@11439#0)
06-25 13:31:55.432 11439 11439 I Gateway : [Rsp]<READ DATA_FORMAT> 00030200008584
06-25 13:31:55.432 11439 11439 I R_item  : 7 DATA_FORMAT 0000
06-25 13:31:55.442 11439 11439 W UiThreadStatement: Already on the UI thread, this method should not be called from the main application thread
06-25 13:31:55.442 11439 11439 I Gateway : [Req]<READ INTERVAL> 0003096700013798
06-25 13:31:55.458 11439 11439 I MydataType: 0>0
06-25 13:31:55.530 11439 11439 I Gateway : [Rsp]<READ INTERVAL> 00030200008584
06-25 13:31:55.530 11439 11439 I R_item  : 7 INTERVAL 0000
06-25 13:31:55.530 11439 11439 I R_item  : enable: 8
06-25 13:31:55.537 11439 11463 D Surface : Surface::disconnect(this=0x757fdc4000,api=1)
06-25 13:31:55.538   796  2089 I BufferQueueProducer: [com.oringnet.wm/com.oring.SlideActivity@11439#1](this:0x729789b000,id:38,api:1,p:11439,c:796) disconnect(P): api 1
06-25 13:31:55.562   796   796 I SurfaceFlinger: screenshot (com.oringnet.wm/com.oring.SlideActivity@11439#0)
06-25 13:31:55.569 11439 11439 W UiThreadStatement: Already on the UI thread, this method should not be called from the main application thread
06-25 13:31:55.570 11439 11439 I Gateway : [Req]<READ INTERVAL> 000309CB0001f7b9
06-25 13:31:55.582 11439 11439 I MydataType: 0>0
06-25 13:31:55.660   796   796 I SurfaceFlinger: screenshot (com.oringnet.wm/com.oring.SlideActivity@11439#0)
06-25 13:31:55.720   796   796 I MiniDump: 0x72a44b0000 |     DEVICE |          0 | 1.000 |    0    0  720 1600 |   0.0   0.0 720.0 1600.0 | com.oringnet.wm/com.oring.SlideActivity@11439#0
06-25 13:31:55.774   796   796 I SurfaceFlinger: screenshot (com.oringnet.wm/com.oring.SlideActivity@11439#0)
06-25 13:31:55.799   796   796 I SurfaceFlinger: Remove BufferLayer(0x7297902000) com.oringnet.wm/com.oring.SlideActivity@11439#1 (-1 x -1)
06-25 13:31:55.799   796   796 I BufferQueue: [com.oringnet.wm/com.oring.SlideActivity@11439#1](this:0x729789b000,id:38,api:1,p:-1,c:-1) ~BufferQueueCore
06-25 13:31:55.804   796   796 I MiniDump: 0x72a44b0000 |     DEVICE |          0 | 1.000 |    0    0  720 1600 |   0.0   0.0 720.0 1600.0 | com.oringnet.wm/com.oring.SlideActivity@11439#0
06-25 13:31:56.038   796   796 I SurfaceFlinger: screenshot (com.oringnet.wm/com.oring.SlideActivity@11439#0)
06-25 13:31:56.302   796   796 I SurfaceFlinger: screenshot (com.oringnet.wm/com.oring.SlideActivity@11439#0)
06-25 13:31:56.418   796   796 I SurfaceFlinger: screenshot (com.oringnet.wm/com.oring.SlideActivity@11439#0)
06-25 13:31:56.485   796   796 I SurfaceFlinger: screenshot (com.oringnet.wm/com.oring.SlideActivity@11439#0)
06-25 13:31:56.569   796   796 I SurfaceFlinger: screenshot (com.oringnet.wm/com.oring.SlideActivity@11439#0)
06-25 13:31:56.820   796   796 I SurfaceFlinger: screenshot (com.oringnet.wm/com.oring.SlideActivity@11439#0)
06-25 13:31:56.868 11439 11439 I ViewRootImpl: ViewRoot's Touch Event : ACTION_DOWN
06-25 13:31:56.876 11439 11439 I ViewRootImpl: ViewRoot's Touch Event : ACTION_UP
06-25 13:31:56.897   796  1305 I BufferQueueProducer: [com.oringnet.wm/com.oring.SlideActivity@11439#0](this:0x72a451a800,id:27,api:1,p:11439,c:796) queueBuffer: fps=9.06 dur=2097.46 max=1264.43 min=8.09
06-25 13:31:57.086   796   796 I SurfaceFlinger: screenshot (com.oringnet.wm/com.oring.SlideActivity@11439#0)
06-25 13:31:57.337   796   796 I SurfaceFlinger: screenshot (com.oringnet.wm/com.oring.SlideActivity@11439#0)
06-25 13:31:57.718 11439 11439 I ViewRootImpl: ViewRoot's Touch Event : ACTION_DOWN
06-25 13:31:57.727 11439 11439 I ViewRootImpl: ViewRoot's Touch Event : ACTION_UP
06-25 13:31:57.903   796   796 I SurfaceFlinger: screenshot (com.oringnet.wm/com.oring.SlideActivity@11439#0)
06-25 13:31:57.910   796  1305 I BufferQueueProducer: [com.oringnet.wm/com.oring.SlideActivity@11439#0](this:0x72a451a800,id:27,api:1,p:11439,c:796) queueBuffer: fps=20.74 dur=1012.66 max=550.19 min=7.50
06-25 13:31:58.154   796   796 I SurfaceFlinger: screenshot (com.oringnet.wm/com.oring.SlideActivity@11439#0)
06-25 13:31:59.036 11439 11439 I ViewRootImpl: ViewRoot's Touch Event : ACTION_DOWN
06-25 13:31:59.042 11439 11439 I ViewRootImpl: ViewRoot's Touch Event : ACTION_UP
06-25 13:31:59.059   796  2155 I BufferQueueProducer: [com.oringnet.wm/com.oring.SlideActivity@11439#0](this:0x72a451a800,id:27,api:1,p:11439,c:796) queueBuffer: fps=14.79 dur=1149.41 max=883.71 min=14.60
06-25 13:31:59.159 11439 11439 D BluetoothGatt: setCharacteristicNotification() - uuid: 6e400003-b5a3-f393-e0a9-e50e24dcca9e enable: true
06-25 13:31:59.187   796   796 I SurfaceFlinger: screenshot (com.oringnet.wm/com.oring.SlideActivity@11439#0)
06-25 13:31:59.261 11439 11439 D PhoneWindow: windowLightStatusBar : false, disable View.SYSTEM_UI_FLAG_LIGHT_STATUS_BAR
06-25 13:31:59.311 11439 11439 I TouchFilterInputStageHelper: [needTouchEventFilter] Displayid : 0
06-25 13:31:59.314 11439 11439 D BezellessGripSuppressionFilter: getdisplaysize, x : 720 y : 1600
06-25 13:31:59.347   796  1305 I BufferQueueConsumer: [com.oringnet.wm/com.oring.SlideActivity@11439#1](this:0x72a4492800,id:39,api:0,p:-1,c:796) setConsumerName: com.oringnet.wm/com.oring.SlideActivity@11439#1
06-25 13:31:59.347   796  1305 I BufferQueueConsumer: [com.oringnet.wm/com.oring.SlideActivity@11439#1](this:0x72a4492800,id:39,api:0,p:-1,c:796) setDefaultBufferSize: width=126 height=126
06-25 13:31:59.347   796  1305 I SurfaceFlinger: Create BufferLayer(0x72a4568000) com.oringnet.wm/com.oring.SlideActivity@11439#1 (126 x 126)
06-25 13:31:59.355 11439 11463 D Surface : Surface::connect(this=0x7580add000,api=1)
06-25 13:31:59.356   796   832 I BufferQueueProducer: [com.oringnet.wm/com.oring.SlideActivity@11439#1](this:0x72a4492800,id:39,api:1,p:11439,c:796) connect(P): api=1 producer=(11439:com.oringnet.wm) producerControlledByApp=false
06-25 13:31:59.357 11439 11463 D Surface : Surface::setBufferCount(this=0x7580add000,bufferCount=3)
06-25 13:31:59.358 11439 11463 D Surface : Surface::allocateBuffers(this=0x7580add000)
06-25 13:31:59.417 11439 11439 W UiThreadStatement: Already on the UI thread, this method should not be called from the main application thread
06-25 13:31:59.417 11439 11439 I DeviceInfo: [Req]<Read Device Name> 01030200000445b1
06-25 13:31:59.418 11439 11439 I HEX:    : 
06-25 13:31:59.418 11439 11439 I DeviceName:: 
06-25 13:31:59.426 11439 11439 I DeviceInfo: [Rsp]<Read APIKEY> 010308000000000000000095d7
06-25 13:31:59.436   796   796 I MiniDump: 0x72a44b0000 |     DEVICE |          0 | 1.000 |    0    0  720 1600 |   0.0   0.0 720.0 1600.0 | com.oringnet.wm/com.oring.SlideActivity@11439#0
06-25 13:31:59.436   796   796 I MiniDump: 0x72a4568000 |     DEVICE |          0 | 0.303 |  301  760  419  878 |   0.0   0.0 126.0 126.0 | com.oringnet.wm/com.oring.SlideActivity@11439#1
06-25 13:31:59.445   796   796 I SurfaceFlinger: screenshot (com.oringnet.wm/com.oring.SlideActivity@11439#0)
06-25 13:31:59.535 11439 11439 W UiThreadStatement: Already on the UI thread, this method should not be called from the main application thread
06-25 13:31:59.536 11439 11439 I DeviceInfo: [Req]<Read APIKEY> 0103021000044474
06-25 13:31:59.536 11439 11439 I HEX:    : 
06-25 13:31:59.543 11439 11439 I DeviceInfo: [Rsp]<Read SN> 010308000000000000000095d7
06-25 13:31:59.636 11439 11439 W UiThreadStatement: Already on the UI thread, this method should not be called from the main application thread
06-25 13:31:59.636 11439 11439 I DeviceInfo: [Req]<Read SN> 010402140004b075
06-25 13:31:59.642   796   796 I SurfaceFlinger: screenshot (com.oringnet.wm/com.oring.SlideActivity@11439#0)
06-25 13:31:59.646 11439 11439 I DeviceInfo: [Rsp]<Read SN> 0104086f695f74657474731ff4
06-25 13:31:59.650   796   796 I SurfaceFlinger: Remove BufferLayer(0x72a4568000) com.oringnet.wm/com.oring.SlideActivity@11439#1 (-1 x -1)
06-25 13:31:59.723 11439 11439 I HEX:    : 6f695f74657474733930
06-25 13:31:59.736 11439 11439 I DeviceInfo: [Rsp]<Read RSSI> 0104083930000000000000d770
06-25 13:31:59.737 11439 11439 W UiThreadStatement: Already on the UI thread, this method should not be called from the main application thread
06-25 13:31:59.737 11439 11439 I DeviceInfo: [Req]<Read RSSI> 0104021800047076
06-25 13:31:59.819 11439 11439 W UiThreadStatement: Already on the UI thread, this method should not be called from the main application thread
06-25 13:31:59.819 11439 11439 I DeviceInfo: [Req]<Read RSSI> 0104022400017079
06-25 13:31:59.820 11439 11439 I NB_RSSI : 0000
06-25 13:31:59.832 11439 11439 I DeviceInfo: [Rsp]<Read RSRQ> 0104020000b930
06-25 13:31:59.904   796   796 I SurfaceFlinger: screenshot (com.oringnet.wm/com.oring.SlideActivity@11439#0)
06-25 13:31:59.916 11439 11439 I NB_RSRQ : 0000
06-25 13:31:59.924 11439 11439 I DeviceInfo: [Rsp]<Read RSRP> 0104020000b930
