05-27 19:12:50.620   800   800 I SurfaceFlinger: screenshot (com.oringnet.wm/com.oring.SlideActivity@18443#0)
05-27 19:12:51.400 18443 18443 I ViewRootImpl: ViewRoot's Touch Event : ACTION_DOWN
05-27 19:12:51.408   800   800 I SurfaceFlinger: screenshot (com.oringnet.wm/com.oring.SlideActivity@18443#0)
05-27 19:12:51.413 18443 18443 I ViewRootImpl: ViewRoot's Touch Event : ACTION_UP
05-27 19:12:51.462 18443 18443 I TouchFilterInputStageHelper: [needTouchEventFilter] Displayid : 0
05-27 19:12:51.471 18443 18443 D BezellessGripSuppressionFilter: getdisplaysize, x : 720 y : 1600
05-27 19:12:51.499   800  4119 I BufferQueueConsumer: [PopupWindow:7abddd4@18443#0](this:0x7982169000,id:4484,api:0,p:-1,c:800) setConsumerName: PopupWindow:7abddd4@18443#0
05-27 19:12:51.499   800  4119 I BufferQueueConsumer: [PopupWindow:7abddd4@18443#0](this:0x7982169000,id:4484,api:0,p:-1,c:800) setDefaultBufferSize: width=740 height=196
05-27 19:12:51.499   800  4119 I SurfaceFlinger: Create BufferLayer(0x79822bb000) PopupWindow:7abddd4@18443#0 (740 x 196)
05-27 19:12:51.506 18443 18464 D Surface : Surface::connect(this=0x770d478000,api=1)
05-27 19:12:51.507   800   852 I BufferQueueProducer: [PopupWindow:7abddd4@18443#0](this:0x7982169000,id:4484,api:1,p:18443,c:800) connect(P): api=1 producer=(18443:com.oringnet.wm) producerControlledByApp=false
05-27 19:12:51.508 18443 18464 D Surface : Surface::setBufferCount(this=0x770d478000,bufferCount=3)
05-27 19:12:51.508 18443 18464 D Surface : Surface::allocateBuffers(this=0x770d478000)
05-27 19:12:51.522   800   800 I SurfaceFlinger: screenshot (com.oringnet.wm/com.oring.SlideActivity@18443#0)
05-27 19:12:51.541 18443 18455 I com.oringnet.w: Background concurrent copying GC freed 117973(5453KB) AllocSpace objects, 2(104KB) LOS objects, 76% free, 3699KB/15MB, paused 150us total 107.207ms
05-27 19:12:51.550   800   800 I MiniDump: 0x797e3fe000 |     DEVICE |          0 | 1.000 |    0    0  720 1600 |   0.0   0.0 720.0 1600.0 | com.oringnet.wm/com.oring.SlideActivity@18443#0
05-27 19:12:51.550   800   800 I MiniDump: 0x79822bb000 |     DEVICE |          0 | 1.000 |    0  459  720  655 |  10.0   0.0 730.0 196.0 | PopupWindow:7abddd4@18443#0
05-27 19:12:51.551   800   800 I MiniDump: 0x797e3fe000 |     DEVICE |          0 | 1.000 |    0    0  720 1600 |   0.0   0.0 720.0 1600.0 | com.oringnet.wm/com.oring.SlideActivity@18443#0
05-27 19:12:51.551   800   800 I MiniDump: 0x79822bb000 |     DEVICE |          0 | 1.000 |    0  459  720  655 |  10.0   0.0 730.0 196.0 | PopupWindow:7abddd4@18443#0
05-27 19:12:51.786   800   800 I SurfaceFlinger: screenshot (com.oringnet.wm/com.oring.SlideActivity@18443#0)
05-27 19:12:52.198 18443 18443 I ViewRootImpl: ViewRoot's Touch Event : ACTION_DOWN
05-27 19:12:52.206 18443 18443 I ViewRootImpl: ViewRoot's Touch Event : ACTION_UP
05-27 19:12:52.213   800   800 I SurfaceFlinger: screenshot (com.oringnet.wm/com.oring.SlideActivity@18443#0)
05-27 19:12:52.265   800   975 I BufferQueueProducer: [com.oringnet.wm/com.oring.SlideActivity@18443#0](this:0x798ebef800,id:4479,api:1,p:18443,c:800) queueBuffer: fps=15.87 dur=2079.82 max=1539.42 min=12.20
05-27 19:12:52.422   800   800 I SurfaceFlinger: screenshot (com.oringnet.wm/com.oring.SlideActivity@18443#0)
05-27 19:12:52.535   800   975 I BufferQueueProducer: [PopupWindow:7abddd4@18443#0](this:0x7982169000,id:4484,api:1,p:18443,c:800) queueBuffer: fps=34.96 dur=1001.18 max=429.79 min=9.20
05-27 19:12:52.550 18443 18464 D Surface : Surface::disconnect(this=0x770d478000,api=1)
05-27 19:12:52.551   800   975 I BufferQueueProducer: [PopupWindow:7abddd4@18443#0](this:0x7982169000,id:4484,api:1,p:18443,c:800) disconnect(P): api 1
05-27 19:12:52.552 18443 18464 D OpenGLRenderer: endAllActiveAnimators on 0x770befc500 (DropDownListView) with handle 0x7800c73860
05-27 19:12:52.556   800   800 I SurfaceFlinger: screenshot (com.oringnet.wm/com.oring.SlideActivity@18443#0)
05-27 19:12:52.563   800   800 I SurfaceFlinger: Remove BufferLayer(0x79822bb000) PopupWindow:7abddd4@18443#0 (-1 x -1)
05-27 19:12:52.568   800   800 I BufferQueue: [PopupWindow:7abddd4@18443#0](this:0x7982169000,id:4484,api:1,p:-1,c:-1) ~BufferQueueCore
05-27 19:12:52.570   800   800 I MiniDump: 0x797e3fe000 |     DEVICE |          0 | 1.000 |    0    0  720 1600 |   0.0   0.0 720.0 1600.0 | com.oringnet.wm/com.oring.SlideActivity@18443#0
05-27 19:12:52.570   800   800 I MiniDump: 0x797e3fe000 |     DEVICE |          0 | 1.000 |    0    0  720 1600 |   0.0   0.0 720.0 1600.0 | com.oringnet.wm/com.oring.SlideActivity@18443#0
05-27 19:12:52.939   800   800 I SurfaceFlinger: screenshot (com.oringnet.wm/com.oring.SlideActivity@18443#0)
05-27 19:12:53.528   800   852 I BufferQueueProducer: [com.oringnet.wm/com.oring.SlideActivity@18443#0](this:0x798ebef800,id:4479,api:1,p:18443,c:800) queueBuffer: fps=2.38 dur=1262.74 max=625.45 min=31.99
05-27 19:12:53.543   800   800 I SurfaceFlinger: screenshot (com.oringnet.wm/com.oring.SlideActivity@18443#0)
05-27 19:12:54.184 18443 18443 I ViewRootImpl: ViewRoot's Touch Event : ACTION_DOWN
05-27 19:12:54.194   800   800 I SurfaceFlinger: screenshot (com.oringnet.wm/com.oring.SlideActivity@18443#0)
05-27 19:12:54.197 18443 18443 I ViewRootImpl: ViewRoot's Touch Event : ACTION_UP
05-27 19:12:54.211 18443 18443 D PhoneWindow: windowLightStatusBar : false, disable View.SYSTEM_UI_FLAG_LIGHT_STATUS_BAR
05-27 19:12:54.227 18443 18443 I TouchFilterInputStageHelper: [needTouchEventFilter] Displayid : 0
05-27 19:12:54.230 18443 18443 D BezellessGripSuppressionFilter: getdisplaysize, x : 720 y : 1600
05-27 19:12:54.230 18443 18443 I CS_WR_Info: 
05-27 19:12:54.230 18443 18443 I CS_WR_Info: 
05-27 19:12:54.230 18443 18443 I CS_WR_Info: mqtt://mqtt.paas.oringnet.cloud
05-27 19:12:54.230 18443 18443 I CS_WR_Info: 
05-27 19:12:54.269   800   975 I BufferQueueConsumer: [com.oringnet.wm/com.oring.SlideActivity@18443#1](this:0x798eb97000,id:4485,api:0,p:-1,c:800) setConsumerName: com.oringnet.wm/com.oring.SlideActivity@18443#1
05-27 19:12:54.269   800   975 I BufferQueueConsumer: [com.oringnet.wm/com.oring.SlideActivity@18443#1](this:0x798eb97000,id:4485,api:0,p:-1,c:800) setDefaultBufferSize: width=126 height=126
05-27 19:12:54.269   800   975 I SurfaceFlinger: Create BufferLayer(0x798ebcd000) com.oringnet.wm/com.oring.SlideActivity@18443#1 (126 x 126)
05-27 19:12:54.274 18443 18464 D Surface : Surface::connect(this=0x77146da000,api=1)
05-27 19:12:54.275   800   975 I BufferQueueProducer: [com.oringnet.wm/com.oring.SlideActivity@18443#1](this:0x798eb97000,id:4485,api:1,p:18443,c:800) connect(P): api=1 producer=(18443:com.oringnet.wm) producerControlledByApp=false
05-27 19:12:54.276 18443 18464 D Surface : Surface::setBufferCount(this=0x77146da000,bufferCount=3)
05-27 19:12:54.276 18443 18464 D Surface : Surface::allocateBuffers(this=0x77146da000)
05-27 19:12:54.307   800   800 I SurfaceFlinger: screenshot (com.oringnet.wm/com.oring.SlideActivity@18443#0)
05-27 19:12:54.316 18443 18443 I Cloud:  : 011003f80001807c
05-27 19:12:54.317 18443 18443 I Address_Compare:: 03f8/03f8
05-27 19:12:54.317 18443 18443 I @WD     : -2
05-27 19:12:54.322 18443 18443 I CloudSetting 11響應: 011003f80001807c
05-27 19:12:54.323 18443 18443 W UiThreadStatement: Already on the UI thread, this method should not be called from the main application thread
05-27 19:12:54.323 18443 18443 I CloudSetting 12請求: 011003f800010200014128
05-27 19:12:54.351   800   800 I MiniDump: 0x797e3fe000 |     DEVICE |          0 | 1.000 |    0    0  720 1600 |   0.0   0.0 720.0 1600.0 | com.oringnet.wm/com.oring.SlideActivity@18443#0
05-27 19:12:54.351   800   800 I MiniDump: 0x798ebcd000 |     DEVICE |          0 | 0.287 |  301  760  419  878 |   0.0   0.0 126.0 126.0 | com.oringnet.wm/com.oring.SlideActivity@18443#1
05-27 19:12:54.352   800   800 I MiniDump: 0x797e3fe000 |     DEVICE |          0 | 1.000 |    0    0  720 1600 |   0.0   0.0 720.0 1600.0 | com.oringnet.wm/com.oring.SlideActivity@18443#0
05-27 19:12:54.352   800   800 I MiniDump: 0x798ebcd000 |     DEVICE |          0 | 0.287 |  301  760  419  878 |   0.0   0.0 126.0 126.0 | com.oringnet.wm/com.oring.SlideActivity@18443#1
05-27 19:12:54.402 18443 18443 I Cloud:  : 0110028400014058
05-27 19:12:54.402 18443 18443 I Address_Compare:: 0284/03f8
05-27 19:12:54.402 18443 18443 I @WD     : 0
05-27 19:12:54.402 18443 18443 I refresh_step_1: 12
05-27 19:12:54.402 18443 18443 I @W@     : here1
05-27 19:12:54.402 18443 18443 I @W@     : -> c =0
05-27 19:12:54.407 18443 18443 I CloudSetting 11響應: 0110028400014058
05-27 19:12:54.407 18443 18443 W UiThreadStatement: Already on the UI thread, this method should not be called from the main application thread
05-27 19:12:54.407 18443 18443 I CloudSetting 12請求: 01100284000102075Bd81f
05-27 19:12:54.410   800   800 I SurfaceFlinger: screenshot (com.oringnet.wm/com.oring.SlideActivity@18443#0)
05-27 19:12:54.496 18443 18443 I Cloud:  : 01100bb8000443cb
05-27 19:12:54.496 18443 18443 I Address_Compare:: 0bb8/03f8
05-27 19:12:54.496 18443 18443 I @WD     : 0
05-27 19:12:54.496 18443 18443 I refresh_step_1: 12
05-27 19:12:54.496 18443 18443 I @W@     : here1
05-27 19:12:54.496 18443 18443 I @W@     : -> c =8
05-27 19:12:54.501 18443 18443 I CloudSetting 11響應: 01100bb8000443cb
05-27 19:12:54.502 18443 18443 W UiThreadStatement: Already on the UI thread, this method should not be called from the main application thread
05-27 19:12:54.502 18443 18443 I CloudSetting 12請求: 01100BB8000408716d74742f3a6d2f8a14
05-27 19:12:54.525   800   800 I SurfaceFlinger: screenshot (com.oringnet.wm/com.oring.SlideActivity@18443#0)
05-27 19:12:54.536   800  4119 I BufferQueueProducer: [com.oringnet.wm/com.oring.SlideActivity@18443#0](this:0x798ebef800,id:4479,api:1,p:18443,c:800) queueBuffer: fps=14.89 dur=1007.53 max=732.92 min=9.84
05-27 19:12:54.593 18443 18443 W UiThreadStatement: Already on the UI thread, this method should not be called from the main application thread
05-27 19:12:54.593 18443 18443 I CloudSetting 12請求: 01100BBC00040874712e7461707361d5b5
05-27 19:12:54.595 18443 18443 I Cloud:  : 01100bbc0004020a
05-27 19:12:54.595 18443 18443 I Address_Compare:: 0bbc/03f8
05-27 19:12:54.595 18443 18443 I @WD     : 0
05-27 19:12:54.596 18443 18443 I refresh_step_1: 12
05-27 19:12:54.596 18443 18443 I @W@     : here1
05-27 19:12:54.596 18443 18443 I @W@     : -> c =16
05-27 19:12:54.601 18443 18443 I CloudSetting 11響應: 01100bbc0004020a
05-27 19:12:54.691 18443 18443 W UiThreadStatement: Already on the UI thread, this method should not be called from the main application thread
05-27 19:12:54.692 18443 18443 I CloudSetting 12請求: 01100BC00004086f2e6972676e656ec2fd
05-27 19:12:54.692 18443 18443 I Cloud:  : 01100bc00004c3d2
05-27 19:12:54.693 18443 18443 I Address_Compare:: 0bc0/03f8
05-27 19:12:54.693 18443 18443 I @WD     : 0
05-27 19:12:54.693 18443 18443 I refresh_step_1: 12
05-27 19:12:54.693 18443 18443 I @W@     : here1
05-27 19:12:54.693 18443 18443 I @W@     : -> c =24
05-27 19:12:54.699 18443 18443 I CloudSetting 11響應: 01100bc00004c3d2
05-27 19:12:54.787   800   800 I SurfaceFlinger: screenshot (com.oringnet.wm/com.oring.SlideActivity@18443#0)
05-27 19:12:54.788 18443 18443 W UiThreadStatement: Already on the UI thread, this method should not be called from the main application thread
05-27 19:12:54.788 18443 18443 I CloudSetting 12請求: 01100BC40004082e746c63756f00640f72
05-27 19:12:54.789 18443 18443 I Cloud:  : 01100bc400048213
05-27 19:12:54.790 18443 18443 I Address_Compare:: 0bc4/03f8
05-27 19:12:54.790 18443 18443 I @WD     : 0
05-27 19:12:54.790 18443 18443 I refresh_step_1: 12
05-27 19:12:54.790 18443 18443 I @W@     : here1
05-27 19:12:54.790 18443 18443 I @W@     : -> c =32
05-27 19:12:54.795 18443 18443 I CloudSetting 11響應: 01100bc400048213
05-27 19:12:54.887 18443 18443 I Cloud:  : 01100bc800044210
05-27 19:12:54.887 18443 18443 I Address_Compare:: 0bc8/03f8
05-27 19:12:54.887 18443 18443 I @WD     : 0
05-27 19:12:54.887 18443 18443 I refresh_step_1: 12
05-27 19:12:54.888 18443 18443 I @W@     : here1
05-27 19:12:54.888 18443 18443 I @W@     : -> c =40
05-27 19:12:54.894 18443 18443 I CloudSetting 11響應: 01100bc800044210
05-27 19:12:54.894 18443 18443 W UiThreadStatement: Already on the UI thread, this method should not be called from the main application thread
05-27 19:12:54.894 18443 18443 I CloudSetting 12請求: 01100BC800040800000000000000004e6f
05-27 19:12:54.984 18443 18443 I Cloud:  : 01100bcc000403d1
05-27 19:12:54.984 18443 18443 I Address_Compare:: 0bcc/03f8
05-27 19:12:54.985 18443 18443 I @WD     : 0
05-27 19:12:54.985 18443 18443 I refresh_step_1: 12
05-27 19:12:54.985 18443 18443 I @W@     : here1
05-27 19:12:54.985 18443 18443 I @W@     : -> c =48
05-27 19:12:54.989   800   800 I SurfaceFlinger: screenshot (com.oringnet.wm/com.oring.SlideActivity@18443#0)
05-27 19:12:54.991 18443 18443 I CloudSetting 11響應: 01100bcc000403d1
05-27 19:12:54.991 18443 18443 W UiThreadStatement: Already on the UI thread, this method should not be called from the main application thread
05-27 19:12:54.991 18443 18443 I CloudSetting 12請求: 01100BCC0004080000000000000000bfa0
05-27 19:12:55.082 18443 18443 W UiThreadStatement: Already on the UI thread, this method should not be called from the main application thread
05-27 19:12:55.082 18443 18443 I CloudSetting 12請求: 01100BD000040800000000000000006e4f
05-27 19:12:55.082 18443 18443 I Cloud:  : 01100bd00004c217
05-27 19:12:55.082 18443 18443 I Address_Compare:: 0bd0/03f8
05-27 19:12:55.082 18443 18443 I @WD     : 0
05-27 19:12:55.082 18443 18443 I refresh_step_1: 12
05-27 19:12:55.082 18443 18443 I @W@     : here1
05-27 19:12:55.082 18443 18443 I @W@     : -> c =56
05-27 19:12:55.089 18443 18443 I CloudSetting 11響應: 01100bd00004c217
05-27 19:12:55.172   800   800 I SurfaceFlinger: screenshot (com.oringnet.wm/com.oring.SlideActivity@18443#0)
05-27 19:12:55.178 18443 18443 W UiThreadStatement: Already on the UI thread, this method should not be called from the main application thread
05-27 19:12:55.179 18443 18443 I CloudSetting 12請求: 01100BD400040800000000000000009f80
05-27 19:12:55.179 18443 18443 I Cloud:  : 01100bd4000483d6
05-27 19:12:55.179 18443 18443 I Address_Compare:: 0bd4/03f8
05-27 19:12:55.179 18443 18443 I @WD     : 0
05-27 19:12:55.179 18443 18443 I @Write  : 0
05-27 19:12:55.183 18443 18464 D Surface : Surface::disconnect(this=0x77146da000,api=1)
05-27 19:12:55.183   800  4119 I BufferQueueProducer: [com.oringnet.wm/com.oring.SlideActivity@18443#1](this:0x798eb97000,id:4485,api:1,p:18443,c:800) disconnect(P): api 1
05-27 19:12:55.205 18443 18443 D BluetoothGatt: setCharacteristicNotification() - uuid: 6e400003-b5a3-f393-e0a9-e50e24dcca9e enable: true
05-27 19:12:55.208 18443 18443 I CloudSetting -1響應: 01100bd4000483d6
05-27 19:12:55.275   800   800 I SurfaceFlinger: screenshot (com.oringnet.wm/com.oring.SlideActivity@18443#0)
05-27 19:12:55.283 18443 18443 D PhoneWindow: windowLightStatusBar : false, disable View.SYSTEM_UI_FLAG_LIGHT_STATUS_BAR
05-27 19:12:55.300 18443 18443 I TouchFilterInputStageHelper: [needTouchEventFilter] Displayid : 0
05-27 19:12:55.305 18443 18443 D BezellessGripSuppressionFilter: getdisplaysize, x : 720 y : 1600
05-27 19:12:55.325   800   852 I BufferQueueConsumer: [com.oringnet.wm/com.oring.SlideActivity@18443#2](this:0x79820be800,id:4486,api:0,p:-1,c:800) setConsumerName: com.oringnet.wm/com.oring.SlideActivity@18443#2
05-27 19:12:55.325   800   852 I BufferQueueConsumer: [com.oringnet.wm/com.oring.SlideActivity@18443#2](this:0x79820be800,id:4486,api:0,p:-1,c:800) setDefaultBufferSize: width=126 height=126
05-27 19:12:55.325   800   852 I SurfaceFlinger: Create BufferLayer(0x798229f000) com.oringnet.wm/com.oring.SlideActivity@18443#2 (126 x 126)
05-27 19:12:55.331 18443 18464 D Surface : Surface::connect(this=0x770bd29000,api=1)
05-27 19:12:55.331   800  4119 I BufferQueueProducer: [com.oringnet.wm/com.oring.SlideActivity@18443#2](this:0x79820be800,id:4486,api:1,p:18443,c:800) connect(P): api=1 producer=(18443:com.oringnet.wm) producerControlledByApp=false
05-27 19:12:55.332 18443 18464 D Surface : Surface::setBufferCount(this=0x770bd29000,bufferCount=3)
05-27 19:12:55.333 18443 18464 D Surface : Surface::allocateBuffers(this=0x770bd29000)
05-27 19:12:55.368   800   800 I MiniDump: 0x797e3fe000 |     DEVICE |          0 | 1.000 |    0    0  720 1600 |   0.0   0.0 720.0 1600.0 | com.oringnet.wm/com.oring.SlideActivity@18443#0
05-27 19:12:55.369   800   800 I MiniDump: 0x797e3fe000 |     DEVICE |          0 | 1.000 |    0    0  720 1600 |   0.0   0.0 720.0 1600.0 | com.oringnet.wm/com.oring.SlideActivity@18443#0
05-27 19:12:55.376   800   800 I SurfaceFlinger: screenshot (com.oringnet.wm/com.oring.SlideActivity@18443#0)
05-27 19:12:55.388 18443 18443 W UiThreadStatement: Already on the UI thread, this method should not be called from the main application thread
05-27 19:12:55.388 18443 18443 I CloudSetting 1請求: 010303f8000105bf
05-27 19:12:55.389 18443 18443 I Cloud:  : 01030200017984
05-27 19:12:55.389 18443 18443 I CS_Info : CLOUD_CONFIG:0001
05-27 19:12:55.396 18443 18443 I CloudSetting 1響應: 01030200017984
05-27 19:12:55.403   800   800 I MiniDump: 0x797e3fe000 |     DEVICE |          0 | 1.000 |    0    0  720 1600 |   0.0   0.0 720.0 1600.0 | com.oringnet.wm/com.oring.SlideActivity@18443#0
05-27 19:12:55.403   800   800 I MiniDump: 0x798229f000 |     DEVICE |          0 | 0.287 |  301  760  419  878 |   0.0   0.0 126.0 126.0 | com.oringnet.wm/com.oring.SlideActivity@18443#2
05-27 19:12:55.403   800   800 I MiniDump: 0x797e3fe000 |     DEVICE |          0 | 1.000 |    0    0  720 1600 |   0.0   0.0 720.0 1600.0 | com.oringnet.wm/com.oring.SlideActivity@18443#0
05-27 19:12:55.403   800   800 I MiniDump: 0x798229f000 |     DEVICE |          0 | 0.287 |  301  760  419  878 |   0.0   0.0 126.0 126.0 | com.oringnet.wm/com.oring.SlideActivity@18443#2
05-27 19:12:55.447   800   800 I SurfaceFlinger: Remove BufferLayer(0x798ebcd000) com.oringnet.wm/com.oring.SlideActivity@18443#1 (-1 x -1)
05-27 19:12:55.448   800   800 I BufferQueue: [com.oringnet.wm/com.oring.SlideActivity@18443#1](this:0x798eb97000,id:4485,api:1,p:-1,c:-1) ~BufferQueueCore
05-27 19:12:55.453   800   800 I MiniDump: 0x797e3fe000 |     DEVICE |          0 | 1.000 |    0    0  720 1600 |   0.0   0.0 720.0 1600.0 | com.oringnet.wm/com.oring.SlideActivity@18443#0
05-27 19:12:55.453   800   800 I MiniDump: 0x798229f000 |     DEVICE |          0 | 0.831 |  298  757  422  881 |   0.0   0.0 126.0 126.0 | com.oringnet.wm/com.oring.SlideActivity@18443#2
05-27 19:12:55.453   800   800 I MiniDump: 0x797e3fe000 |     DEVICE |          0 | 1.000 |    0    0  720 1600 |   0.0   0.0 720.0 1600.0 | com.oringnet.wm/com.oring.SlideActivity@18443#0
05-27 19:12:55.453   800   800 I MiniDump: 0x798229f000 |     DEVICE |          0 | 0.831 |  298  757  422  881 |   0.0   0.0 126.0 126.0 | com.oringnet.wm/com.oring.SlideActivity@18443#2
05-27 19:12:55.472 18443 18443 I Cloud:  : 010308000000000000000095d7
05-27 19:12:55.472 18443 18443 I HEX:    : 
05-27 19:12:55.472 18443 18443 I CS_Info : Api KEY:
05-27 19:12:55.473 18443 18443 I CS_Info : ApiKEY is Inactivated
05-27 19:12:55.477   800   800 I SurfaceFlinger: screenshot (com.oringnet.wm/com.oring.SlideActivity@18443#0)
05-27 19:12:55.480 18443 18443 I CloudSetting 2響應: 010308000000000000000095d7
05-27 19:12:55.481 18443 18443 W UiThreadStatement: Already on the UI thread, this method should not be called from the main application thread
05-27 19:12:55.481 18443 18443 I CloudSetting 3請求: 0103021000044474
05-27 19:12:55.569 18443 18443 I Cloud:  : 010308716d74742f3a6d2f10d3
05-27 19:12:55.575 18443 18443 I CloudSetting 2響應: 010308716d74742f3a6d2f10d3
05-27 19:12:55.575 18443 18443 W UiThreadStatement: Already on the UI thread, this method should not be called from the main application thread
05-27 19:12:55.575 18443 18443 I CloudSetting 3請求: 01030BB80004c608
05-27 19:12:55.589   800   800 I SurfaceFlinger: screenshot (com.oringnet.wm/com.oring.SlideActivity@18443#0)
05-27 19:12:55.668 18443 18443 W UiThreadStatement: Already on the UI thread, this method should not be called from the main application thread
05-27 19:12:55.668 18443 18443 I CloudSetting 3請求: 01030BBC000487c9
05-27 19:12:55.668 18443 18443 I Cloud:  : 01030874712e7461707361bebd
05-27 19:12:55.673 18443 18443 I CloudSetting 2響應: 01030874712e7461707361bebd
05-27 19:12:55.764 18443 18443 W UiThreadStatement: Already on the UI thread, this method should not be called from the main application thread
05-27 19:12:55.765 18443 18443 I CloudSetting 3請求: 01030BC000044611
05-27 19:12:55.765 18443 18443 I Cloud:  : 0103086f2e6972676e656ef89a
05-27 19:12:55.770 18443 18443 I CloudSetting 2響應: 0103086f2e6972676e656ef89a
05-27 19:12:55.772   800   800 I SurfaceFlinger: screenshot (com.oringnet.wm/com.oring.SlideActivity@18443#0)
05-27 19:12:55.861 18443 18443 W UiThreadStatement: Already on the UI thread, this method should not be called from the main application thread
05-27 19:12:55.861 18443 18443 I CloudSetting 3請求: 01030BC4000407d0
05-27 19:12:55.861 18443 18443 I Cloud:  : 0103082e746c63756f0064c4da
05-27 19:12:55.866 18443 18443 I CloudSetting 2響應: 0103082e746c63756f0064c4da
05-27 19:12:55.959 18443 18443 W UiThreadStatement: Already on the UI thread, this method should not be called from the main application thread
05-27 19:12:55.959 18443 18443 I CloudSetting 3請求: 01030BC80004c7d3
05-27 19:12:55.960 18443 18443 I Cloud:  : 010308000000000000000095d7
05-27 19:12:55.960 18443 18443 I HEX:    : 716d74742f3a6d2f74712e74617073616f2e6972676e656e2e746c63756f0064
05-27 19:12:55.962 18443 18443 I CS_Info : MQTT Broker:mqtt://mqtt.paas.oringnet.cloud
05-27 19:12:55.969 18443 18443 I CloudSetting 3響應: 010308000000000000000095d7
05-27 19:12:55.983   800   975 I BufferQueueProducer: [com.oringnet.wm/com.oring.SlideActivity@18443#0](this:0x798ebef800,id:4479,api:1,p:18443,c:800) queueBuffer: fps=8.29 dur=1447.59 max=599.39 min=8.63
05-27 19:12:56.037   800   800 I SurfaceFlinger: screenshot (com.oringnet.wm/com.oring.SlideActivity@18443#0)
05-27 19:12:56.057 18443 18443 W UiThreadStatement: Already on the UI thread, this method should not be called from the main application thread
05-27 19:12:56.057 18443 18443 I CloudSetting 4請求: 010302840001c59b
05-27 19:12:56.057 18443 18443 I Cloud:  : 010302075bfb8f
05-27 19:12:56.057 18443 18443 I CS_Info : BROKER_PORT:075b
05-27 19:12:56.064 18443 18443 I CloudSetting 4響應: 010302075bfb8f
05-27 19:12:56.154 18443 18443 W UiThreadStatement: Already on the UI thread, this method should not be called from the main application thread
05-27 19:12:56.154 18443 18443 I CloudSetting 5請求: 0103028500045458
05-27 19:12:56.154 18443 18443 I Cloud:  : 010308000000000000000095d7
05-27 19:12:56.154 18443 18443 I HEX:    : 
05-27 19:12:56.154 18443 18443 I CS_Info : CLIENT ID:
05-27 19:12:56.162 18443 18443 I CloudSetting 5響應: 010308000000000000000095d7
05-27 19:12:56.251 18443 18443 W UiThreadStatement: Already on the UI thread, this method should not be called from the main application thread
05-27 19:12:56.251 18443 18443 I CloudSetting 6請求: 010302950004559d
05-27 19:12:56.251 18443 18443 I Cloud:  : 010308000000000000000095d7
05-27 19:12:56.251 18443 18443 I HEX:    : 
05-27 19:12:56.251 18443 18443 I CS_Info : USER NAME:
05-27 19:12:56.256   800   800 I SurfaceFlinger: screenshot (com.oringnet.wm/com.oring.SlideActivity@18443#0)
05-27 19:12:56.259 18443 18443 I CloudSetting 6響應: 010308000000000000000095d7
05-27 19:12:56.349 18443 18443 W UiThreadStatement: Already on the UI thread, this method should not be called from the main application thread
05-27 19:12:56.350 18443 18443 I CloudSetting 7請求: 010302A500045592
05-27 19:12:56.350 18443 18443 I Cloud:  : 010308000000000000000095d7
05-27 19:12:56.350 18443 18443 I HEX:    : 
05-27 19:12:56.350 18443 18443 I CS_Info : USER PASSWORD:
05-27 19:12:56.353 18443 18464 D Surface : Surface::disconnect(this=0x770bd29000,api=1)
05-27 19:12:56.354   800   975 I BufferQueueProducer: [com.oringnet.wm/com.oring.SlideActivity@18443#2](this:0x79820be800,id:4486,api:1,p:18443,c:800) disconnect(P): api 1
05-27 19:12:56.356   800   800 I SurfaceFlinger: screenshot (com.oringnet.wm/com.oring.SlideActivity@18443#0)
05-27 19:12:56.368 18443 18443 I CloudSetting -1響應: 010308000000000000000095d7
05-27 19:12:56.458   800   800 I SurfaceFlinger: screenshot (com.oringnet.wm/com.oring.SlideActivity@18443#0)
05-27 19:12:56.536   800   800 I MiniDump: 0x797e3fe000 |     DEVICE |          0 | 1.000 |    0    0  720 1600 |   0.0   0.0 720.0 1600.0 | com.oringnet.wm/com.oring.SlideActivity@18443#0
05-27 19:12:56.536   800   800 I MiniDump: 0x797e3fe000 |     DEVICE |          0 | 1.000 |    0    0  720 1600 |   0.0   0.0 720.0 1600.0 | com.oringnet.wm/com.oring.SlideActivity@18443#0
05-27 19:12:56.574   800   800 I SurfaceFlinger: screenshot (com.oringnet.wm/com.oring.SlideActivity@18443#0)
05-27 19:12:56.614   800   800 I SurfaceFlinger: Remove BufferLayer(0x798229f000) com.oringnet.wm/com.oring.SlideActivity@18443#2 (-1 x -1)
05-27 19:12:56.614   800   800 I BufferQueue: [com.oringnet.wm/com.oring.SlideActivity@18443#2](this:0x79820be800,id:4486,api:1,p:-1,c:-1) ~BufferQueueCore
05-27 19:12:56.619   800   800 I MiniDump: 0x797e3fe000 |     DEVICE |          0 | 1.000 |    0    0  720 1600 |   0.0   0.0 720.0 1600.0 | com.oringnet.wm/com.oring.SlideActivity@18443#0
05-27 19:12:56.620   800   800 I MiniDump: 0x797e3fe000 |     DEVICE |          0 | 1.000 |    0    0  720 1600 |   0.0   0.0 720.0 1600.0 | com.oringnet.wm/com.oring.SlideActivity@18443#0
05-27 19:12:56.836   800   800 I SurfaceFlinger: screenshot (com.oringnet.wm/com.oring.SlideActivity@18443#0)
05-27 19:12:57.088   800   800 I SurfaceFlinger: screenshot (com.oringnet.wm/com.oring.SlideActivity@18443#0)
05-27 19:12:57.245   800   800 I SurfaceFlinger: screenshot (com.oringnet.wm/com.oring.SlideActivity@18443#0)
05-27 19:12:57.353   800   800 I SurfaceFlinger: screenshot (com.oringnet.wm/com.oring.SlideActivity@18443#0)
05-27 19:12:57.565 18443 18443 I ViewRootImpl: ViewRoot's Touch Event : ACTION_DOWN
05-27 19:12:57.570 18443 18443 I ViewRootImpl: ViewRoot's Touch Event : ACTION_UP
05-27 19:12:57.608 18443 18443 I WebViewFactory: Loading com.google.android.webview version 90.0.4430.210 (code 443021033)
05-27 19:12:57.619   800   800 I SurfaceFlinger: screenshot (com.oringnet.wm/com.oring.SlideActivity@18443#0)
05-27 19:12:57.724 18443 18443 I cr_LibraryLoader: Loaded native library version number "90.0.4430.210"
05-27 19:12:57.726 18443 18443 I cr_CachingUmaRecorder: Flushed 4 samples from 4 histograms.
05-27 19:12:57.825   800   800 I SurfaceFlinger: screenshot (com.oringnet.wm/com.oring.SlideActivity@18443#0)
05-27 19:12:57.905  1412  4815 D ConnectivityService: requestNetwork for uid/pid:10306/18443 NetworkRequest [ TRACK_DEFAULT id=1917, [ Capabilities: INTERNET&NOT_RESTRICTED&TRUSTED Uid: 10306] ]
05-27 19:12:57.952 18443 18443 I OAuth:  : https://api.paas.oringnet.cloud/v4/oauth/authorize?client_id=pmqR-gbzd&redirect_uri=http://www.oauthapp.oringnet.com&response_type=token&state=android_app
05-27 19:12:57.966   788   788 V AudioPolicyService: registerClient() client 0x785e79db00, uid 10306 pid 18443
05-27 19:12:57.985 18443 18651 W IMGSRV  : glGetString:4370: Override GL_RENDERER PowerVR SGX Doma 
05-27 19:12:57.985 18443 18651 W IMGSRV  : glGetString:4370: Override GL_RENDERER PowerVR SGX Doma 
05-27 19:12:57.985 18443 18651 W IMGSRV  : glGetString:4370: Override GL_RENDERER PowerVR SGX Doma 
05-27 19:12:57.998 18443 18651 W IMGSRV  : glGetString:4370: Override GL_RENDERER PowerVR SGX Doma 
05-27 19:12:57.998 18443 18651 I chatty  : uid=10306(com.oringnet.wm) Chrome_InProcGp identical 1 line
05-27 19:12:57.999 18443 18651 W IMGSRV  : glGetString:4370: Override GL_RENDERER PowerVR SGX Doma 
05-27 19:12:57.999 18443 18651 I GED     : ged_boost_gpu_freq, level 100, eOrigin 2, final_idx 2, oppidx_max 2, oppidx_min 0
05-27 19:12:58.029 18443 18651 W IMGSRV  : glGetString:4370: Override GL_RENDERER PowerVR SGX Doma 
05-27 19:12:58.029 18443 18651 I chatty  : uid=10306(com.oringnet.wm) Chrome_InProcGp identical 1 line
05-27 19:12:58.029 18443 18651 W IMGSRV  : glGetString:4370: Override GL_RENDERER PowerVR SGX Doma 
05-27 19:12:58.030 18443 18651 W IMGSRV  : glGetString:4370: Override GL_RENDERER PowerVR SGX Doma 
05-27 19:12:58.043 18443 18651 W IMGSRV  : glGetString:4370: Override GL_RENDERER PowerVR SGX Doma 
05-27 19:12:58.045 18443 18651 I chatty  : uid=10306(com.oringnet.wm) Chrome_InProcGp identical 4 lines
05-27 19:12:58.045 18443 18651 W IMGSRV  : glGetString:4370: Override GL_RENDERER PowerVR SGX Doma 
05-27 19:12:58.046 18443 18651 W IMGSRV  : glGetString:4370: Override GL_RENDERER PowerVR SGX Doma 
05-27 19:12:58.049 18443 18651 I chatty  : uid=10306(com.oringnet.wm) Chrome_InProcGp identical 4 lines
05-27 19:12:58.049 18443 18651 W IMGSRV  : glGetString:4370: Override GL_RENDERER PowerVR SGX Doma 
05-27 19:12:58.087   800   800 I SurfaceFlinger: screenshot (com.oringnet.wm/com.oring.SlideActivity@18443#0)
05-27 19:12:58.096 18443 18651 W IMGSRV  : glGetString:4370: Override GL_RENDERER PowerVR SGX Doma 
05-27 19:12:58.097 18443 18651 W IMGSRV  : glGetString:4370: Override GL_RENDERER PowerVR SGX Doma 
05-27 19:12:58.131   800   975 I BufferQueueProducer: [com.oringnet.wm/com.oring.SlideActivity@18443#0](this:0x798ebef800,id:4479,api:1,p:18443,c:800) queueBuffer: fps=4.66 dur=2147.62 max=1743.51 min=4.70
05-27 19:12:58.353   800   800 I SurfaceFlinger: screenshot (com.oringnet.wm/com.oring.SlideActivity@18443#0)
05-27 19:12:58.504 18443 18634 D NetworkSecurityConfig: Using Network Security Config from resource network_security_config debugBuild: false
05-27 19:12:59.629   800   852 I BufferQueueProducer: [com.oringnet.wm/com.oring.SlideActivity@18443#0](this:0x798ebef800,id:4479,api:1,p:18443,c:800) queueBuffer: fps=9.35 dur=1497.86 max=1291.48 min=6.43
05-27 19:12:59.646   800   800 I SurfaceFlinger: screenshot (com.oringnet.wm/com.oring.SlideActivity@18443#0)
05-27 19:12:59.904   800   800 I SurfaceFlinger: screenshot (com.oringnet.wm/com.oring.SlideActivity@18443#0)
05-27 19:13:00.991   800  2411 I BufferQueueProducer: [com.oringnet.wm/com.oring.SlideActivity@18443#0](this:0x798ebef800,id:4479,api:1,p:18443,c:800) queueBuffer: fps=11.75 dur=1361.84 max=1104.38 min=10.63
05-27 19:13:01.324   800   800 I SurfaceFlinger: screenshot (com.oringnet.wm/com.oring.SlideActivity@18443#0)
05-27 19:13:02.525   800   852 I BufferQueueProducer: [com.oringnet.wm/com.oring.SlideActivity@18443#0](this:0x798ebef800,id:4479,api:1,p:18443,c:800) queueBuffer: fps=2.61 dur=1534.29 max=1200.24 min=16.19
05-27 19:13:02.540   800   800 I SurfaceFlinger: screenshot (com.oringnet.wm/com.oring.SlideActivity@18443#0)
05-27 19:13:03.959   800  2411 I BufferQueueProducer: [com.oringnet.wm/com.oring.SlideActivity@18443#0](this:0x798ebef800,id:4479,api:1,p:18443,c:800) queueBuffer: fps=0.70 dur=1434.13 max=1434.13 min=1434.13
05-27 19:13:03.974   800   800 I SurfaceFlinger: screenshot (com.oringnet.wm/com.oring.SlideActivity@18443#0)
05-27 19:13:04.337   800   800 I SurfaceFlinger: screenshot (com.oringnet.wm/com.oring.SlideActivity@18443#0)
05-27 19:13:04.587   800   800 I SurfaceFlinger: screenshot (com.oringnet.wm/com.oring.SlideActivity@18443#0)
05-27 19:13:04.963   800  2411 I BufferQueueProducer: [com.oringnet.wm/com.oring.SlideActivity@18443#0](this:0x798ebef800,id:4479,api:1,p:18443,c:800) queueBuffer: fps=37.86 dur=1003.81 max=199.98 min=5.15
05-27 19:13:05.660   800   800 I SurfaceFlinger: screenshot (com.oringnet.wm/com.oring.SlideActivity@18443#0)
05-27 19:13:05.793   800   800 I SurfaceFlinger: screenshot (com.oringnet.wm/com.oring.SlideActivity@18443#0)
05-27 19:13:06.565   800  2411 I BufferQueueProducer: [com.oringnet.wm/com.oring.SlideActivity@18443#0](this:0x798ebef800,id:4479,api:1,p:18443,c:800) queueBuffer: fps=1.87 dur=1602.54 max=784.37 min=145.08
05-27 19:13:06.697   800   800 I SurfaceFlinger: screenshot (com.oringnet.wm/com.oring.SlideActivity@18443#0)
05-27 19:13:07.411   800   800 I SurfaceFlinger: screenshot (com.oringnet.wm/com.oring.SlideActivity@18443#0)
05-27 19:13:08.221   800   975 I BufferQueueProducer: [com.oringnet.wm/com.oring.SlideActivity@18443#0](this:0x798ebef800,id:4479,api:1,p:18443,c:800) queueBuffer: fps=4.23 dur=1655.60 max=731.63 min=10.01
05-27 19:13:08.246   800   800 I SurfaceFlinger: screenshot (com.oringnet.wm/com.oring.SlideActivity@18443#0)
05-27 19:13:08.853 18443 18443 I ViewRootImpl: ViewRoot's Touch Event : ACTION_DOWN
05-27 19:13:08.861   800   800 I SurfaceFlinger: screenshot (com.oringnet.wm/com.oring.SlideActivity@18443#0)
05-27 19:13:08.863 18443 18443 I ViewRootImpl: ViewRoot's Touch Event : ACTION_UP
05-27 19:13:09.062   800   800 I SurfaceFlinger: screenshot (com.oringnet.wm/com.oring.SlideActivity@18443#0)
05-27 19:13:09.227   800   975 I BufferQueueProducer: [com.oringnet.wm/com.oring.SlideActivity@18443#0](this:0x798ebef800,id:4479,api:1,p:18443,c:800) queueBuffer: fps=14.91 dur=1006.11 max=585.17 min=5.89
05-27 19:13:09.324   800   800 I SurfaceFlinger: screenshot (com.oringnet.wm/com.oring.SlideActivity@18443#0)
05-27 19:13:09.590   800   800 I SurfaceFlinger: screenshot (com.oringnet.wm/com.oring.SlideActivity@18443#0)
05-27 19:13:09.839   800   800 I SurfaceFlinger: screenshot (com.oringnet.wm/com.oring.SlideActivity@18443#0)
05-27 19:13:10.284 18443 18443 I AccessToken:: Bearer eyJhbGciOiJIUzI1NiIsInR5cCI6IkpXVCJ9.eyJjbGllbnRJZCI6InBtcVItZ2J6ZCIsIm9yZ0lkIjoicFFGLVU3NFc2IiwidXNlcklkIjoiTGN0NEstcTRSIiwicm9sZSI6Im1lbWJlciIsInR5cGUiOiJCZWFyZXIiLCJzY29wZXMiOltdLCJpYXQiOjE2MjIxMTM5ODUsImV4cCI6MTYyNDc0Mzk4NSwianRpIjoidFVEWDhMWlJxIn0.Jsem8udtQBVF2ltv6o8E0pO1KTRCQ9vqfy777NSlIfM
05-27 19:13:10.381 18443 18443 D BluetoothGatt: setCharacteristicNotification() - uuid: 6e400003-b5a3-f393-e0a9-e50e24dcca9e enable: true
05-27 19:13:10.456   800   975 I BufferQueueProducer: [com.oringnet.wm/com.oring.SlideActivity@18443#0](this:0x798ebef800,id:4479,api:1,p:18443,c:800) queueBuffer: fps=39.05 dur=1229.22 max=365.37 min=14.22
05-27 19:13:10.460 18443 18464 I GED     : ged_boost_gpu_freq, level 100, eOrigin 2, final_idx 2, oppidx_max 2, oppidx_min 0
05-27 19:13:10.478   800   800 I SurfaceFlinger: screenshot (com.oringnet.wm/com.oring.SlideActivity@18443#0)
05-27 19:13:10.492 18443 18443 D PhoneWindow: windowLightStatusBar : false, disable View.SYSTEM_UI_FLAG_LIGHT_STATUS_BAR
05-27 19:13:10.507 18443 18443 I TouchFilterInputStageHelper: [needTouchEventFilter] Displayid : 0
05-27 19:13:10.511 18443 18443 D BezellessGripSuppressionFilter: getdisplaysize, x : 720 y : 1600
05-27 19:13:10.532   800   975 I BufferQueueConsumer: [com.oringnet.wm/com.oring.SlideActivity@18443#1](this:0x798eb97000,id:4487,api:0,p:-1,c:800) setConsumerName: com.oringnet.wm/com.oring.SlideActivity@18443#1
05-27 19:13:10.532   800   975 I BufferQueueConsumer: [com.oringnet.wm/com.oring.SlideActivity@18443#1](this:0x798eb97000,id:4487,api:0,p:-1,c:800) setDefaultBufferSize: width=126 height=126
05-27 19:13:10.532   800   975 I SurfaceFlinger: Create BufferLayer(0x797e3e8000) com.oringnet.wm/com.oring.SlideActivity@18443#1 (126 x 126)
05-27 19:13:10.538 18443 18464 D Surface : Surface::connect(this=0x770befa000,api=1)
05-27 19:13:10.539   800  2411 I BufferQueueProducer: [com.oringnet.wm/com.oring.SlideActivity@18443#1](this:0x798eb97000,id:4487,api:1,p:18443,c:800) connect(P): api=1 producer=(18443:com.oringnet.wm) producerControlledByApp=false
05-27 19:13:10.540 18443 18464 D Surface : Surface::setBufferCount(this=0x770befa000,bufferCount=3)
05-27 19:13:10.540 18443 18464 D Surface : Surface::allocateBuffers(this=0x770befa000)
05-27 19:13:10.591 18443 18443 W UiThreadStatement: Already on the UI thread, this method should not be called from the main application thread
05-27 19:13:10.591 18443 18443 I CloudSetting 1請求: 010303f8000105bf
05-27 19:13:10.591 18443 18443 I Cloud:  : 01030200017984
05-27 19:13:10.591 18443 18443 I CS_Info : CLOUD_CONFIG:0001
05-27 19:13:10.593   800   800 I SurfaceFlinger: screenshot (com.oringnet.wm/com.oring.SlideActivity@18443#0)
05-27 19:13:10.599 18443 18443 I CloudSetting 1響應: 01030200017984
05-27 19:13:10.604   800   800 I MiniDump: 0x797e3fe000 |     DEVICE |          0 | 1.000 |    0    0  720 1600 |   0.0   0.0 720.0 1600.0 | com.oringnet.wm/com.oring.SlideActivity@18443#0
05-27 19:13:10.604   800   800 I MiniDump: 0x797e3e8000 |     DEVICE |          0 | 0.303 |  301  760  419  878 |   0.0   0.0 126.0 126.0 | com.oringnet.wm/com.oring.SlideActivity@18443#1
05-27 19:13:10.605   800   800 I MiniDump: 0x797e3fe000 |     DEVICE |          0 | 1.000 |    0    0  720 1600 |   0.0   0.0 720.0 1600.0 | com.oringnet.wm/com.oring.SlideActivity@18443#0
05-27 19:13:10.605   800   800 I MiniDump: 0x797e3e8000 |     DEVICE |          0 | 0.303 |  301  760  419  878 |   0.0   0.0 126.0 126.0 | com.oringnet.wm/com.oring.SlideActivity@18443#1
05-27 19:13:10.620   800   800 I MiniDump: 0x797e3fe000 |     DEVICE |          0 | 1.000 |    0    0  720 1600 |   0.0   0.0 720.0 1600.0 | com.oringnet.wm/com.oring.SlideActivity@18443#0
05-27 19:13:10.620   800   800 I MiniDump: 0x797e3e8000 |     DEVICE |          0 | 0.525 |  300  759  420  879 |   0.0   0.0 126.0 126.0 | com.oringnet.wm/com.oring.SlideActivity@18443#1
05-27 19:13:10.620   800   800 I MiniDump: 0x797e3fe000 |     DEVICE |          0 | 1.000 |    0    0  720 1600 |   0.0   0.0 720.0 1600.0 | com.oringnet.wm/com.oring.SlideActivity@18443#0
05-27 19:13:10.620   800   800 I MiniDump: 0x797e3e8000 |     DEVICE |          0 | 0.525 |  300  759  420  879 |   0.0   0.0 126.0 126.0 | com.oringnet.wm/com.oring.SlideActivity@18443#1
05-27 19:13:10.682 18443 18443 W UiThreadStatement: Already on the UI thread, this method should not be called from the main application thread
05-27 19:13:10.682 18443 18443 I CloudSetting 2請求: 0103021000044474
05-27 19:13:10.682 18443 18443 I Cloud:  : 010308000000000000000095d7
05-27 19:13:10.682 18443 18443 I HEX:    : 
05-27 19:13:10.682 18443 18443 I CS_Info : Api KEY:
05-27 19:13:10.683 18443 18443 I CS_Info : ApiKEY is Inactivated
05-27 19:13:10.687 18443 18443 I CloudSetting 2響應: 010308000000000000000095d7
05-27 19:13:10.693   800   800 I SurfaceFlinger: screenshot (com.oringnet.wm/com.oring.SlideActivity@18443#0)
05-27 19:13:10.778 18443 18443 W UiThreadStatement: Already on the UI thread, this method should not be called from the main application thread
05-27 19:13:10.779 18443 18443 I CloudSetting 3請求: 01030BB80004c608
05-27 19:13:10.779 18443 18443 I Cloud:  : 010308716d74742f3a6d2f10d3
05-27 19:13:10.785 18443 18443 I CloudSetting 2響應: 010308716d74742f3a6d2f10d3
05-27 19:13:10.809   800   800 I SurfaceFlinger: screenshot (com.oringnet.wm/com.oring.SlideActivity@18443#0)
05-27 19:13:10.876 18443 18443 W UiThreadStatement: Already on the UI thread, this method should not be called from the main application thread
05-27 19:13:10.876 18443 18443 I CloudSetting 3請求: 01030BBC000487c9
05-27 19:13:10.876 18443 18443 I Cloud:  : 01030874712e7461707361bebd
05-27 19:13:10.881 18443 18443 I CloudSetting 2響應: 01030874712e7461707361bebd
05-27 19:13:10.973 18443 18443 W UiThreadStatement: Already on the UI thread, this method should not be called from the main application thread
05-27 19:13:10.973 18443 18443 I CloudSetting 3請求: 01030BC000044611
05-27 19:13:10.973 18443 18443 I Cloud:  : 0103086f2e6972676e656ef89a
05-27 19:13:10.979 18443 18443 I CloudSetting 2響應: 0103086f2e6972676e656ef89a
05-27 19:13:11.072 18443 18443 W UiThreadStatement: Already on the UI thread, this method should not be called from the main application thread
05-27 19:13:11.072 18443 18443 I CloudSetting 3請求: 01030BC4000407d0
05-27 19:13:11.073 18443 18443 I Cloud:  : 0103082e746c63756f0064c4da
05-27 19:13:11.075   800   800 I SurfaceFlinger: screenshot (com.oringnet.wm/com.oring.SlideActivity@18443#0)
05-27 19:13:11.082 18443 18443 I CloudSetting 2響應: 0103082e746c63756f0064c4da
05-27 19:13:11.169 18443 18443 W UiThreadStatement: Already on the UI thread, this method should not be called from the main application thread
05-27 19:13:11.169 18443 18443 I CloudSetting 3請求: 01030BC80004c7d3
05-27 19:13:11.169 18443 18443 I Cloud:  : 010308000000000000000095d7
05-27 19:13:11.169 18443 18443 I HEX:    : 716d74742f3a6d2f74712e74617073616f2e6972676e656e2e746c63756f0064
05-27 19:13:11.171 18443 18443 I CS_Info : MQTT Broker:mqtt://mqtt.paas.oringnet.cloud
05-27 19:13:11.177 18443 18443 I CloudSetting 3響應: 010308000000000000000095d7
05-27 19:13:11.266 18443 18443 W UiThreadStatement: Already on the UI thread, this method should not be called from the main application thread
05-27 19:13:11.266 18443 18443 I CloudSetting 4請求: 010302840001c59b
05-27 19:13:11.267 18443 18443 I Cloud:  : 010302075bfb8f
05-27 19:13:11.267 18443 18443 I CS_Info : BROKER_PORT:075b
05-27 19:13:11.274 18443 18443 I CloudSetting 4響應: 010302075bfb8f
05-27 19:13:11.276   800   800 I SurfaceFlinger: screenshot (com.oringnet.wm/com.oring.SlideActivity@18443#0)
05-27 19:13:11.364 18443 18443 I Cloud:  : 010308000000000000000095d7
05-27 19:13:11.364 18443 18443 I HEX:    : 
05-27 19:13:11.364 18443 18443 I CS_Info : CLIENT ID:
05-27 19:13:11.370 18443 18443 I CloudSetting 5響應: 010308000000000000000095d7
05-27 19:13:11.371 18443 18443 W UiThreadStatement: Already on the UI thread, this method should not be called from the main application thread
05-27 19:13:11.371 18443 18443 I CloudSetting 6請求: 0103028500045458
05-27 19:13:11.461 18443 18443 I Cloud:  : 010308000000000000000095d7
05-27 19:13:11.461 18443 18443 I HEX:    : 
05-27 19:13:11.461 18443 18443 I CS_Info : USER NAME:
05-27 19:13:11.466 18443 18443 I CloudSetting 6響應: 010308000000000000000095d7
05-27 19:13:11.476   800   800 I SurfaceFlinger: screenshot (com.oringnet.wm/com.oring.SlideActivity@18443#0)
05-27 19:13:11.481 18443 18443 W UiThreadStatement: Already on the UI thread, this method should not be called from the main application thread
05-27 19:13:11.481 18443 18443 I CloudSetting 7請求: 010302950004559d
05-27 19:13:11.487   800   852 I BufferQueueProducer: [com.oringnet.wm/com.oring.SlideActivity@18443#0](this:0x798ebef800,id:4479,api:1,p:18443,c:800) queueBuffer: fps=35.90 dur=1030.53 max=211.68 min=5.21
05-27 19:13:11.558 18443 18443 W UiThreadStatement: Already on the UI thread, this method should not be called from the main application thread
05-27 19:13:11.558 18443 18443 I CloudSetting 7請求: 010302A500045592
05-27 19:13:11.559 18443 18443 I Cloud:  : 010308000000000000000095d7
05-27 19:13:11.559 18443 18443 I HEX:    : 
05-27 19:13:11.559 18443 18443 I CS_Info : USER PASSWORD:
05-27 19:13:11.563 18443 18464 D Surface : Surface::disconnect(this=0x770befa000,api=1)
05-27 19:13:11.564   800  4119 I BufferQueueProducer: [com.oringnet.wm/com.oring.SlideActivity@18443#1](this:0x798eb97000,id:4487,api:1,p:18443,c:800) disconnect(P): api 1
05-27 19:13:11.582 18443 18443 D PhoneWindow: windowLightStatusBar : false, disable View.SYSTEM_UI_FLAG_LIGHT_STATUS_BAR
05-27 19:13:11.594   800   800 I SurfaceFlinger: screenshot (com.oringnet.wm/com.oring.SlideActivity@18443#0)
05-27 19:13:11.597 18443 18443 I TouchFilterInputStageHelper: [needTouchEventFilter] Displayid : 0
05-27 19:13:11.599 18443 18443 D BezellessGripSuppressionFilter: getdisplaysize, x : 720 y : 1600
05-27 19:13:11.599 18443 18443 I CloudSetting -1響應: 010308000000000000000095d7
05-27 19:13:11.627   800   852 I BufferQueueConsumer: [com.oringnet.wm/com.oring.SlideActivity@18443#2](this:0x79821bf000,id:4488,api:0,p:-1,c:800) setConsumerName: com.oringnet.wm/com.oring.SlideActivity@18443#2
05-27 19:13:11.627   800   852 I BufferQueueConsumer: [com.oringnet.wm/com.oring.SlideActivity@18443#2](this:0x79821bf000,id:4488,api:0,p:-1,c:800) setDefaultBufferSize: width=126 height=126
05-27 19:13:11.627   800   852 I SurfaceFlinger: Create BufferLayer(0x798229c000) com.oringnet.wm/com.oring.SlideActivity@18443#2 (126 x 126)
05-27 19:13:11.634 18443 18464 D Surface : Surface::connect(this=0x776c4ec000,api=1)
05-27 19:13:11.634   800   852 I BufferQueueProducer: [com.oringnet.wm/com.oring.SlideActivity@18443#2](this:0x79821bf000,id:4488,api:1,p:18443,c:800) connect(P): api=1 producer=(18443:com.oringnet.wm) producerControlledByApp=false
05-27 19:13:11.636 18443 18464 D Surface : Surface::setBufferCount(this=0x776c4ec000,bufferCount=3)
05-27 19:13:11.637 18443 18464 D Surface : Surface::allocateBuffers(this=0x776c4ec000)
05-27 19:13:11.695   800   800 I SurfaceFlinger: screenshot (com.oringnet.wm/com.oring.SlideActivity@18443#0)
05-27 19:13:11.706   800   800 I MiniDump: 0x797e3fe000 |     DEVICE |          0 | 1.000 |    0    0  720 1600 |   0.0   0.0 720.0 1600.0 | com.oringnet.wm/com.oring.SlideActivity@18443#0
05-27 19:13:11.706   800   800 I MiniDump: 0x797e3e8000 |     DEVICE |          0 | 0.037 |  303  762  417  876 |   0.0   0.0 126.0 126.0 | com.oringnet.wm/com.oring.SlideActivity@18443#1
05-27 19:13:11.706   800   800 I MiniDump: 0x798229c000 |     DEVICE |          0 | 0.303 |  301  760  419  878 |   0.0   0.0 126.0 126.0 | com.oringnet.wm/com.oring.SlideActivity@18443#2
05-27 19:13:11.706   800   800 I MiniDump: 0x797e3fe000 |     DEVICE |          0 | 1.000 |    0    0  720 1600 |   0.0   0.0 720.0 1600.0 | com.oringnet.wm/com.oring.SlideActivity@18443#0
05-27 19:13:11.706   800   800 I MiniDump: 0x797e3e8000 |     DEVICE |          0 | 0.037 |  303  762  417  876 |   0.0   0.0 126.0 126.0 | com.oringnet.wm/com.oring.SlideActivity@18443#1
05-27 19:13:11.706   800   800 I MiniDump: 0x798229c000 |     DEVICE |          0 | 0.303 |  301  760  419  878 |   0.0   0.0 126.0 126.0 | com.oringnet.wm/com.oring.SlideActivity@18443#2
05-27 19:13:11.755   800   800 I MiniDump: 0x797e3fe000 |     DEVICE |          0 | 1.000 |    0    0  720 1600 |   0.0   0.0 720.0 1600.0 | com.oringnet.wm/com.oring.SlideActivity@18443#0
05-27 19:13:11.755   800   800 I MiniDump: 0x798229c000 |     DEVICE |          0 | 0.831 |  298  757  422  881 |   0.0   0.0 126.0 126.0 | com.oringnet.wm/com.oring.SlideActivity@18443#2
05-27 19:13:11.756   800   800 I MiniDump: 0x797e3fe000 |     DEVICE |          0 | 1.000 |    0    0  720 1600 |   0.0   0.0 720.0 1600.0 | com.oringnet.wm/com.oring.SlideActivity@18443#0
05-27 19:13:11.756   800   800 I MiniDump: 0x798229c000 |     DEVICE |          0 | 0.831 |  298  757  422  881 |   0.0   0.0 126.0 126.0 | com.oringnet.wm/com.oring.SlideActivity@18443#2
05-27 19:13:11.809   800   800 I SurfaceFlinger: screenshot (com.oringnet.wm/com.oring.SlideActivity@18443#0)
05-27 19:13:11.834   800   800 I SurfaceFlinger: Remove BufferLayer(0x797e3e8000) com.oringnet.wm/com.oring.SlideActivity@18443#1 (-1 x -1)
05-27 19:13:11.835   800   800 I BufferQueue: [com.oringnet.wm/com.oring.SlideActivity@18443#1](this:0x798eb97000,id:4487,api:1,p:-1,c:-1) ~BufferQueueCore
05-27 19:13:11.840   800   800 I MiniDump: 0x797e3fe000 |     DEVICE |          0 | 1.000 |    0    0  720 1600 |   0.0   0.0 720.0 1600.0 | com.oringnet.wm/com.oring.SlideActivity@18443#0
05-27 19:13:11.840   800   800 I MiniDump: 0x798229c000 |     DEVICE |          0 | 1.000 |  297  756  423  882 |   0.0   0.0 126.0 126.0 | com.oringnet.wm/com.oring.SlideActivity@18443#2
05-27 19:13:11.840   800   800 I MiniDump: 0x797e3fe000 |     DEVICE |          0 | 1.000 |    0    0  720 1600 |   0.0   0.0 720.0 1600.0 | com.oringnet.wm/com.oring.SlideActivity@18443#0
05-27 19:13:11.840   800   800 I MiniDump: 0x798229c000 |     DEVICE |          0 | 1.000 |  297  756  423  882 |   0.0   0.0 126.0 126.0 | com.oringnet.wm/com.oring.SlideActivity@18443#2
05-27 19:13:11.911   800   800 I SurfaceFlinger: screenshot (com.oringnet.wm/com.oring.SlideActivity@18443#0)
05-27 19:13:12.174   800   800 I SurfaceFlinger: screenshot (com.oringnet.wm/com.oring.SlideActivity@18443#0)
05-27 19:13:12.442   800   800 I SurfaceFlinger: screenshot (com.oringnet.wm/com.oring.SlideActivity@18443#0)
05-27 19:13:12.576   800   800 I SurfaceFlinger: screenshot (com.oringnet.wm/com.oring.SlideActivity@18443#0)
05-27 19:13:12.748 18443 18464 D Surface : Surface::disconnect(this=0x776c4ec000,api=1)
05-27 19:13:12.749   800   851 I BufferQueueProducer: [com.oringnet.wm/com.oring.SlideActivity@18443#2](this:0x79821bf000,id:4488,api:1,p:18443,c:800) disconnect(P): api 1
05-27 19:13:12.765 18443 18443 D PhoneWindow: windowLightStatusBar : false, disable View.SYSTEM_UI_FLAG_LIGHT_STATUS_BAR
05-27 19:13:12.779   800   800 I SurfaceFlinger: screenshot (com.oringnet.wm/com.oring.SlideActivity@18443#0)
05-27 19:13:12.781 18443 18443 I TouchFilterInputStageHelper: [needTouchEventFilter] Displayid : 0
05-27 19:13:12.784 18443 18443 D BezellessGripSuppressionFilter: getdisplaysize, x : 720 y : 1600
05-27 19:13:12.807   800   851 I BufferQueueConsumer: [com.oringnet.wm/com.oring.SlideActivity@18443#1](this:0x797e431800,id:4489,api:0,p:-1,c:800) setConsumerName: com.oringnet.wm/com.oring.SlideActivity@18443#1
05-27 19:13:12.807   800   851 I BufferQueueConsumer: [com.oringnet.wm/com.oring.SlideActivity@18443#1](this:0x797e431800,id:4489,api:0,p:-1,c:800) setDefaultBufferSize: width=126 height=126
05-27 19:13:12.807   800   851 I SurfaceFlinger: Create BufferLayer(0x798eb53000) com.oringnet.wm/com.oring.SlideActivity@18443#1 (126 x 126)
05-27 19:13:12.812 18443 18464 D Surface : Surface::connect(this=0x776c50e000,api=1)
05-27 19:13:12.812   800   851 I BufferQueueProducer: [com.oringnet.wm/com.oring.SlideActivity@18443#1](this:0x797e431800,id:4489,api:1,p:18443,c:800) connect(P): api=1 producer=(18443:com.oringnet.wm) producerControlledByApp=false
05-27 19:13:12.814 18443 18464 D Surface : Surface::setBufferCount(this=0x776c50e000,bufferCount=3)
05-27 19:13:12.814 18443 18464 D Surface : Surface::allocateBuffers(this=0x776c50e000)
