06-21 20:57:04.679   656   656 D Zygote  : Forked child process 17258
06-21 20:57:04.687  1379  1410 I ActivityManager: Start proc 17258:com.oringnet.wm/u0a316 for activity {com.oringnet.wm/com.oring.LoginActivity}
06-21 20:57:04.716 17258 17258 E com.oringnet.w: Not starting debugger since process cannot load the jdwp agent.
06-21 20:57:04.773 17258 17258 I Typeface: Current DefaultTypeface ( default_roboto )
06-21 20:57:04.824 17258 17258 I MultiDex: VM with version 2.1.0 has multidex support
06-21 20:57:04.824 17258 17258 I MultiDex: Installing application
06-21 20:57:04.825 17258 17258 I MultiDex: VM has multidex support, MultiDex support library is disabled.
06-21 20:57:04.825 17258 17258 I MultiDex: Installing application
06-21 20:57:04.825 17258 17258 I MultiDex: VM has multidex support, MultiDex support library is disabled.
06-21 20:57:04.830 17258 17258 I FirebaseInitProvider: FirebaseApp initialization unsuccessful
06-21 20:57:04.949 17258 17258 D PhoneWindow: windowLightStatusBar : false, disable View.SYSTEM_UI_FLAG_LIGHT_STATUS_BAR
06-21 20:57:05.006 17258 17258 I Mode_EXTRA: = 0
06-21 20:57:05.006 17258 17258 I ShowFilePath: /storage/emulated/0/Download
06-21 20:57:05.037 17258 17258 I SQLiteOpenHelper: Create ODimmingSQL.db
06-21 20:57:05.098 17258 17258 I Now@_1  : 0
06-21 20:57:05.099 17258 17258 I Now@_1  : 0
06-21 20:57:05.189 17258 17258 I TouchFilterInputStageHelper: [needTouchEventFilter] Displayid : 0
06-21 20:57:05.197 17258 17258 D BezellessGripSuppressionFilter: getdisplaysize, x : 720 y : 1600
06-21 20:57:05.210 17258 17258 I TouchFilterInputStageHelper: [needTouchEventFilter] Displayid : 0
06-21 20:57:05.213 17258 17258 D BezellessGripSuppressionFilter: getdisplaysize, x : 720 y : 1600
06-21 20:57:05.233   792  2107 I BufferQueueConsumer: [com.oringnet.wm/com.oring.LoginActivity@17258#0](this:0x7f592a6000,id:1557,api:0,p:-1,c:792) setConsumerName: com.oringnet.wm/com.oring.LoginActivity@17258#0
06-21 20:57:05.233   792  2107 I BufferQueueConsumer: [com.oringnet.wm/com.oring.LoginActivity@17258#0](this:0x7f592a6000,id:1557,api:0,p:-1,c:792) setDefaultBufferSize: width=720 height=1600
06-21 20:57:05.233   792  2107 I SurfaceFlinger: Create BufferLayer(0x7f5920c000) com.oringnet.wm/com.oring.LoginActivity@17258#0 (720 x 1600)
06-21 20:57:05.244 17258 17280 I GPUD    : @gpudInitialize: successfully initialized with 1, dbg=0 mmdump_dbg=0
06-21 20:57:05.280 17258 17280 D Surface : Surface::connect(this=0x71742de000,api=1)
06-21 20:57:05.281   792  1237 I BufferQueueProducer: [com.oringnet.wm/com.oring.LoginActivity@17258#0](this:0x7f592a6000,id:1557,api:1,p:17258,c:792) connect(P): api=1 producer=(17258:com.oringnet.wm) producerControlledByApp=false
06-21 20:57:05.283 17258 17280 D Surface : Surface::setBufferCount(this=0x71742de000,bufferCount=3)
06-21 20:57:05.283 17258 17280 D Surface : Surface::allocateBuffers(this=0x71742de000)
06-21 20:57:05.292 17258 17280 W Gralloc3: mapper 3.x is not supported
06-21 20:57:05.298 17258 17280 E ion     : ioctl c0044901 failed with code -1: Invalid argument
06-21 20:57:05.405   792  1237 I BufferQueueConsumer: [Toast@17258#0](this:0x7f65c7f000,id:1558,api:0,p:-1,c:792) setConsumerName: Toast@17258#0
06-21 20:57:05.405   792  1237 I BufferQueueConsumer: [Toast@17258#0](this:0x7f65c7f000,id:1558,api:0,p:-1,c:792) setDefaultBufferSize: width=285 height=70
06-21 20:57:05.406   792  1237 I SurfaceFlinger: Create BufferLayer(0x7f65ce5000) Toast@17258#0 (285 x 70)
06-21 20:57:05.412 17258 17280 D Surface : Surface::connect(this=0x71741b3000,api=1)
06-21 20:57:05.413   792  1237 I BufferQueueProducer: [Toast@17258#0](this:0x7f65c7f000,id:1558,api:1,p:17258,c:792) connect(P): api=1 producer=(17258:com.oringnet.wm) producerControlledByApp=false
06-21 20:57:05.416 17258 17280 D Surface : Surface::setBufferCount(this=0x71741b3000,bufferCount=3)
06-21 20:57:05.417 17258 17280 D Surface : Surface::allocateBuffers(this=0x71741b3000)
06-21 20:57:05.602 17258 17258 I Timeline: Timeline: Activity_idle id: android.os.BinderProxy@886744a time:23433240
06-21 20:57:05.603   792   792 I MiniDump: 0x7f65ce5000 |     DEVICE |          0 | 0.063 |  217 1460  502 1530 |   0.0   0.0 285.0  70.0 | Toast@17258#0
06-21 20:57:05.603   792   792 I MiniDump: 0x7f65ce5000 |     DEVICE |          0 | 0.063 |  217 1460  502 1530 |   0.0   0.0 285.0  70.0 | Toast@17258#0
06-21 20:57:05.653   792   792 I MiniDump: 0x7f5920c000 |     DEVICE |          0 | 1.000 |    0    0  720 1600 |   0.0   0.0 720.0 1600.0 | com.oringnet.wm/com.oring.LoginActivity@17258#0
06-21 20:57:05.653   792   792 I MiniDump: 0x7f65ce5000 |     DEVICE |          0 | 0.247 |  217 1460  502 1530 |   0.0   0.0 285.0  70.0 | Toast@17258#0
06-21 20:57:05.654   792   792 I MiniDump: 0x7f5920c000 |     DEVICE |          0 | 1.000 |    0    0  720 1600 |   0.0   0.0 720.0 1600.0 | com.oringnet.wm/com.oring.LoginActivity@17258#0
06-21 20:57:05.654   792   792 I MiniDump: 0x7f65ce5000 |     DEVICE |          0 | 0.247 |  217 1460  502 1530 |   0.0   0.0 285.0  70.0 | Toast@17258#0
06-21 20:57:05.674   792   792 I SurfaceFlinger: screenshot (com.oringnet.wm/com.oring.LoginActivity@17258#0)
06-21 20:57:05.786   792   792 I MiniDump: 0x7f5920c000 |     DEVICE |          0 | 1.000 |    0    0  720 1600 |   0.0   0.0 720.0 1600.0 | com.oringnet.wm/com.oring.LoginActivity@17258#0
06-21 20:57:05.786   792   792 I MiniDump: 0x7f65ce5000 |     DEVICE |          0 | 0.640 |  217 1460  502 1530 |   0.0   0.0 285.0  70.0 | Toast@17258#0
06-21 20:57:05.786   792   792 I MiniDump: 0x7f5920c000 |     DEVICE |          0 | 1.000 |    0    0  720 1600 |   0.0   0.0 720.0 1600.0 | com.oringnet.wm/com.oring.LoginActivity@17258#0
06-21 20:57:05.786   792   792 I MiniDump: 0x7f65ce5000 |     DEVICE |          0 | 0.640 |  217 1460  502 1530 |   0.0   0.0 285.0  70.0 | Toast@17258#0
06-21 20:57:05.793   792   792 I SurfaceFlinger: screenshot (com.oringnet.wm/com.oring.LoginActivity@17258#0)
06-21 20:57:05.907   792   792 I SurfaceFlinger: screenshot (com.oringnet.wm/com.oring.LoginActivity@17258#0)
06-21 20:57:06.007   792   792 I SurfaceFlinger: screenshot (com.oringnet.wm/com.oring.LoginActivity@17258#0)
06-21 20:57:06.082   792   792 I SurfaceFlinger: Remove BufferLayer(0x7f65ce5000) Toast@17258#0 (-1 x -1)
06-21 20:57:06.271   792   792 I SurfaceFlinger: screenshot (com.oringnet.wm/com.oring.LoginActivity@17258#0)
06-21 20:57:06.538   792   792 I SurfaceFlinger: screenshot (com.oringnet.wm/com.oring.LoginActivity@17258#0)
06-21 20:57:06.538   792   792 I SurfaceFlinger: screenshot (Toast@17258#0)
06-21 20:57:06.542   792   792 I SurfaceFlinger: screenshot (com.oringnet.wm/com.oring.LoginActivity@17258#0)
06-21 20:57:06.840   792  1237 I BufferQueueProducer: [com.oringnet.wm/com.oring.LoginActivity@17258#0](this:0x7f592a6000,id:1557,api:1,p:17258,c:792) queueBuffer: fps=2.07 dur=1450.11 max=1243.03 min=28.55
06-21 20:57:06.873   792   792 I SurfaceFlinger: screenshot (com.oringnet.wm/com.oring.LoginActivity@17258#0)
06-21 20:57:07.134 17258 17280 D Surface : Surface::disconnect(this=0x71741b3000,api=1)
06-21 20:57:07.135   792   824 I BufferQueueProducer: [Toast@17258#0](this:0x7f65c7f000,id:1558,api:1,p:17258,c:792) disconnect(P): api 1
06-21 20:57:07.174   792   792 I SurfaceFlinger: screenshot (com.oringnet.wm/com.oring.LoginActivity@17258#0)
06-21 20:57:07.291   792   792 I SurfaceFlinger: screenshot (com.oringnet.wm/com.oring.LoginActivity@17258#0)
06-21 20:57:07.408   792   792 I SurfaceFlinger: screenshot (com.oringnet.wm/com.oring.LoginActivity@17258#0)
06-21 20:57:07.540   792   792 I SurfaceFlinger: screenshot (com.oringnet.wm/com.oring.LoginActivity@17258#0)
06-21 20:57:07.657   792   792 I SurfaceFlinger: screenshot (com.oringnet.wm/com.oring.LoginActivity@17258#0)
06-21 20:57:07.668 17258 17258 I ViewRootImpl: ViewRoot's Touch Event : ACTION_DOWN
06-21 20:57:07.669   792   792 I MiniDump: 0x7f5920c000 |     DEVICE |          0 | 1.000 |    0    0  720 1600 |   0.0   0.0 720.0 1600.0 | com.oringnet.wm/com.oring.LoginActivity@17258#0
06-21 20:57:07.669   792   792 I MiniDump: 0x7f5920c000 |     DEVICE |          0 | 1.000 |    0    0  720 1600 |   0.0   0.0 720.0 1600.0 | com.oringnet.wm/com.oring.LoginActivity@17258#0
06-21 20:57:07.674 17258 17258 I ViewRootImpl: ViewRoot's Touch Event : ACTION_UP
06-21 20:57:07.678 17258 17258 I MODECHECK: 02
06-21 20:57:07.682   792   792 I SurfaceFlinger: Remove BufferLayer(0x7f65ce5000) Toast@17258#0 (-1 x -1)
06-21 20:57:07.683   792   792 I BufferQueue: [Toast@17258#0](this:0x7f65c7f000,id:1558,api:1,p:-1,c:-1) ~BufferQueueCore
06-21 20:57:07.702  1379  3144 I ActivityTaskManager: The Process com.oringnet.wm Already Exists in BG. So sending its PID: 17258
06-21 20:57:07.718 17258 17258 W ActivityThread: handleWindowVisibility: no activity for token android.os.BinderProxy@2849198
06-21 20:57:07.743 17258 17258 D PhoneWindow: windowLightStatusBar : false, disable View.SYSTEM_UI_FLAG_LIGHT_STATUS_BAR
06-21 20:57:07.779 17258 17258 D BluetoothAdapter: startLeScan(): null
06-21 20:57:07.787 17258 17258 D BluetoothAdapter: isLeEnabled(): ON
06-21 20:57:07.795 17258 17277 D BluetoothLeScanner: onScannerRegistered() - status=0 scannerId=8 mScannerId=0
06-21 20:57:07.923   792   792 I SurfaceFlinger: screenshot (com.oringnet.wm/com.oring.LoginActivity@17258#0)
06-21 20:57:08.083 17258 17258 I TouchFilterInputStageHelper: [needTouchEventFilter] Displayid : 0
06-21 20:57:08.088 17258 17258 D BezellessGripSuppressionFilter: getdisplaysize, x : 720 y : 1600
06-21 20:57:08.113   792  1237 I BufferQueueConsumer: [com.oringnet.wm/com.oring.ble.BLEScanActivity@17258#0](this:0x7f65d23800,id:1559,api:0,p:-1,c:792) setConsumerName: com.oringnet.wm/com.oring.ble.BLEScanActivity@17258#0
06-21 20:57:08.113   792  1237 I BufferQueueConsumer: [com.oringnet.wm/com.oring.ble.BLEScanActivity@17258#0](this:0x7f65d23800,id:1559,api:0,p:-1,c:792) setDefaultBufferSize: width=720 height=1533
06-21 20:57:08.113   792  1237 I SurfaceFlinger: Create BufferLayer(0x7f65cfe000) com.oringnet.wm/com.oring.ble.BLEScanActivity@17258#0 (720 x 1533)
06-21 20:57:08.122 17258 17280 D Surface : Surface::connect(this=0x717441f000,api=1)
06-21 20:57:08.123   792   824 I BufferQueueProducer: [com.oringnet.wm/com.oring.ble.BLEScanActivity@17258#0](this:0x7f65d23800,id:1559,api:1,p:17258,c:792) connect(P): api=1 producer=(17258:com.oringnet.wm) producerControlledByApp=false
06-21 20:57:08.125 17258 17280 D Surface : Surface::setBufferCount(this=0x717441f000,bufferCount=3)
06-21 20:57:08.839   792   792 I SurfaceFlinger: screenshot (com.oringnet.wm/com.oring.ble.BLEScanActivity@17258#0)
06-21 20:57:09.106   792   792 I SurfaceFlinger: screenshot (com.oringnet.wm/com.oring.ble.BLEScanActivity@17258#0)
06-21 20:57:09.372   792   792 I SurfaceFlinger: screenshot (com.oringnet.wm/com.oring.ble.BLEScanActivity@17258#0)
06-21 20:57:09.905   792   792 I SurfaceFlinger: screenshot (com.oringnet.wm/com.oring.ble.BLEScanActivity@17258#0)
06-21 20:57:10.173   792   792 I SurfaceFlinger: screenshot (com.oringnet.wm/com.oring.ble.BLEScanActivity@17258#0)
06-21 20:57:13.062 17258 17258 D BluetoothAdapter: stopLeScan()
06-21 20:57:13.067 17258 17258 D BluetoothAdapter: isLeEnabled(): ON
06-21 20:57:13.104   792   824 I BufferQueueProducer: [com.oringnet.wm/com.oring.ble.BLEScanActivity@17258#0](this:0x7f65d23800,id:1559,api:1,p:17258,c:792) queueBuffer: fps=0.61 dur=4907.07 max=4785.61 min=45.05
06-21 20:57:14.002 17258 17258 I ViewRootImpl: ViewRoot's Touch Event : ACTION_DOWN
06-21 20:57:14.008 17258 17258 I ViewRootImpl: ViewRoot's Touch Event : ACTION_UP
06-21 20:57:14.021 17258 17258 D PhoneWindow: windowLightStatusBar : false, disable View.SYSTEM_UI_FLAG_LIGHT_STATUS_BAR
06-21 20:57:14.041 17258 17258 I TouchFilterInputStageHelper: [needTouchEventFilter] Displayid : 0
06-21 20:57:14.044 17258 17258 D BezellessGripSuppressionFilter: getdisplaysize, x : 720 y : 1600
06-21 20:57:14.056 17258 17258 I FastBle : connect device: WM_iot_test09
06-21 20:57:14.056 17258 17258 I FastBle : mac: 18:04:ED:6E:60:56
06-21 20:57:14.056 17258 17258 I FastBle : autoConnect: false
06-21 20:57:14.056 17258 17258 I FastBle : currentThread: 2
06-21 20:57:14.056 17258 17258 I FastBle : connectCount:1
06-21 20:57:14.059 17258 17258 D BluetoothGatt: connect() - device: 18:04:ED:6E:60:56, auto: false
06-21 20:57:14.059 17258 17258 D BluetoothGatt: registerApp()
06-21 20:57:14.059 17258 17258 D BluetoothGatt: registerApp() - UUID=25477b2e-c90f-409c-85c0-e819a9c0ef27
06-21 20:57:14.062 17258 17275 D BluetoothGatt: onClientRegistered() - status=0 clientIf=8
06-21 20:57:14.080   792  1237 I BufferQueueConsumer: [com.oringnet.wm/com.oring.ble.BLEScanActivity@17258#1](this:0x7f65c7f000,id:1560,api:0,p:-1,c:792) setConsumerName: com.oringnet.wm/com.oring.ble.BLEScanActivity@17258#1
06-21 20:57:14.080   792  1237 I BufferQueueConsumer: [com.oringnet.wm/com.oring.ble.BLEScanActivity@17258#1](this:0x7f65c7f000,id:1560,api:0,p:-1,c:792) setDefaultBufferSize: width=126 height=126
06-21 20:57:14.080   792  1237 I SurfaceFlinger: Create BufferLayer(0x7f65d51000) com.oringnet.wm/com.oring.ble.BLEScanActivity@17258#1 (126 x 126)
06-21 20:57:14.091 17258 17280 D Surface : Surface::connect(this=0x716c14f000,api=1)
06-21 20:57:14.092   792  1237 I BufferQueueProducer: [com.oringnet.wm/com.oring.ble.BLEScanActivity@17258#1](this:0x7f65c7f000,id:1560,api:1,p:17258,c:792) connect(P): api=1 producer=(17258:com.oringnet.wm) producerControlledByApp=false
06-21 20:57:14.093 17258 17280 D Surface : Surface::setBufferCount(this=0x716c14f000,bufferCount=3)
06-21 20:57:14.093 17258 17280 D Surface : Surface::allocateBuffers(this=0x716c14f000)
06-21 20:57:14.142   792   792 I SurfaceFlinger: screenshot (com.oringnet.wm/com.oring.ble.BLEScanActivity@17258#0)
06-21 20:57:14.154   792   792 I MiniDump: 0x7f65cfe000 |     DEVICE |          0 | 1.000 |    0   67  720 1600 |   0.0   0.0 720.0 1533.0 | com.oringnet.wm/com.oring.ble.BLEScanActivity@17258#0
06-21 20:57:14.154   792   792 I MiniDump: 0x7f65d51000 |     DEVICE |          0 | 0.287 |  301  760  419  878 |   0.0   0.0 126.0 126.0 | com.oringnet.wm/com.oring.ble.BLEScanActivity@17258#1
06-21 20:57:14.154   792   792 I MiniDump: 0x7f65cfe000 |     DEVICE |          0 | 1.000 |    0   67  720 1600 |   0.0   0.0 720.0 1533.0 | com.oringnet.wm/com.oring.ble.BLEScanActivity@17258#0
06-21 20:57:14.154   792   792 I MiniDump: 0x7f65d51000 |     DEVICE |          0 | 0.287 |  301  760  419  878 |   0.0   0.0 126.0 126.0 | com.oringnet.wm/com.oring.ble.BLEScanActivity@17258#1
06-21 20:57:14.171   792   792 I MiniDump: 0x7f65cfe000 |     DEVICE |          0 | 1.000 |    0   67  720 1600 |   0.0   0.0 720.0 1533.0 | com.oringnet.wm/com.oring.ble.BLEScanActivity@17258#0
06-21 20:57:14.171   792   792 I MiniDump: 0x7f65d51000 |     DEVICE |          0 | 0.525 |  300  759  420  879 |   0.0   0.0 126.0 126.0 | com.oringnet.wm/com.oring.ble.BLEScanActivity@17258#1
06-21 20:57:14.171   792   792 I MiniDump: 0x7f65cfe000 |     DEVICE |          0 | 1.000 |    0   67  720 1600 |   0.0   0.0 720.0 1533.0 | com.oringnet.wm/com.oring.ble.BLEScanActivity@17258#0
06-21 20:57:14.171   792   792 I MiniDump: 0x7f65d51000 |     DEVICE |          0 | 0.525 |  300  759  420  879 |   0.0   0.0 126.0 126.0 | com.oringnet.wm/com.oring.ble.BLEScanActivity@17258#1
06-21 20:57:14.242   792   792 I SurfaceFlinger: screenshot (com.oringnet.wm/com.oring.ble.BLEScanActivity@17258#0)
06-21 20:57:14.342   792   792 I SurfaceFlinger: screenshot (com.oringnet.wm/com.oring.ble.BLEScanActivity@17258#0)
06-21 20:57:14.403 17258 17275 D BluetoothGatt: onClientConnectionState() - status=0 clientIf=8 device=18:04:ED:6E:60:56
06-21 20:57:14.403 17258 17275 I FastBle : BluetoothGattCallback：onConnectionStateChange 
06-21 20:57:14.403 17258 17275 I FastBle : status: 0
06-21 20:57:14.403 17258 17275 I FastBle : newState: 2
06-21 20:57:14.403 17258 17275 I FastBle : currentThread: 3086
06-21 20:57:14.836 17258 17275 D BluetoothGatt: onConnectionUpdated() - Device=18:04:ED:6E:60:56 interval=6 latency=0 timeout=500 status=0
06-21 20:57:14.904 17258 17258 D BluetoothGatt: discoverServices() - device: 18:04:ED:6E:60:56
06-21 20:57:15.014 17258 17275 D BluetoothGatt: onSearchComplete() = Device=18:04:ED:6E:60:56 Status=0
06-21 20:57:15.014 17258 17275 I FastBle : BluetoothGattCallback：onServicesDiscovered 
06-21 20:57:15.014 17258 17275 I FastBle : status: 0
06-21 20:57:15.014 17258 17275 I FastBle : currentThread: 3086
06-21 20:57:15.027 17258 17280 D Surface : Surface::disconnect(this=0x716c14f000,api=1)
06-21 20:57:15.027   792  2107 I BufferQueueProducer: [com.oringnet.wm/com.oring.ble.BLEScanActivity@17258#1](this:0x7f65c7f000,id:1560,api:1,p:17258,c:792) disconnect(P): api 1
06-21 20:57:15.059   792   792 I SurfaceFlinger: screenshot (com.oringnet.wm/com.oring.ble.BLEScanActivity@17258#0)
06-21 20:57:15.074 17258 17258 D BluetoothAdapter: stopLeScan()
06-21 20:57:15.075 17258 17258 D BluetoothAdapter: scan not started yet
06-21 20:57:15.078  1379  1398 I ActivityTaskManager: The Process com.oringnet.wm Already Exists in BG. So sending its PID: 17258
06-21 20:57:15.094 17258 17258 W ActivityThread: handleWindowVisibility: no activity for token android.os.BinderProxy@ce6bac3
06-21 20:57:15.136 17258 17275 D BluetoothGatt: onConnectionUpdated() - Device=18:04:ED:6E:60:56 interval=39 latency=0 timeout=500 status=0
06-21 20:57:15.146 17258 17258 D PhoneWindow: windowLightStatusBar : false, disable View.SYSTEM_UI_FLAG_LIGHT_STATUS_BAR
06-21 20:57:15.161   792   792 I SurfaceFlinger: screenshot (com.oringnet.wm/com.oring.ble.BLEScanActivity@17258#0)
06-21 20:57:15.220   792   792 I MiniDump: 0x7f65cfe000 |     DEVICE |          0 | 1.000 |    0   67  720 1600 |   0.0   0.0 720.0 1533.0 | com.oringnet.wm/com.oring.ble.BLEScanActivity@17258#0
06-21 20:57:15.221   792   792 I MiniDump: 0x7f65cfe000 |     DEVICE |          0 | 1.000 |    0   67  720 1600 |   0.0   0.0 720.0 1533.0 | com.oringnet.wm/com.oring.ble.BLEScanActivity@17258#0
06-21 20:57:15.230 17258 17258 D BluetoothGatt: setCharacteristicNotification() - uuid: 6e400003-b5a3-f393-e0a9-e50e24dcca9e enable: true
06-21 20:57:15.248 17258 17258 I TouchFilterInputStageHelper: [needTouchEventFilter] Displayid : 0
06-21 20:57:15.250 17258 17258 D BezellessGripSuppressionFilter: getdisplaysize, x : 720 y : 1600
06-21 20:57:15.276   792   792 I SurfaceFlinger: screenshot (com.oringnet.wm/com.oring.ble.BLEScanActivity@17258#0)
06-21 20:57:15.279   792  2107 I BufferQueueProducer: [com.oringnet.wm/com.oring.ble.BLEScanActivity@17258#0](this:0x7f65d23800,id:1559,api:1,p:17258,c:792) queueBuffer: fps=0.46 dur=2175.11 max=2175.11 min=2175.11
06-21 20:57:15.288   792  2107 I BufferQueueConsumer: [com.oringnet.wm/com.oring.ble.BLECreateActivity@17258#0](this:0x7f591e3000,id:1561,api:0,p:-1,c:792) setConsumerName: com.oringnet.wm/com.oring.ble.BLECreateActivity@17258#0
06-21 20:57:15.288   792  2107 I BufferQueueConsumer: [com.oringnet.wm/com.oring.ble.BLECreateActivity@17258#0](this:0x7f591e3000,id:1561,api:0,p:-1,c:792) setDefaultBufferSize: width=720 height=1533
06-21 20:57:15.288   792  2107 I SurfaceFlinger: Create BufferLayer(0x7f592ec000) com.oringnet.wm/com.oring.ble.BLECreateActivity@17258#0 (720 x 1533)
06-21 20:57:15.299 17258 17280 D Surface : Surface::connect(this=0x710bda1000,api=1)
06-21 20:57:15.299   792  2107 I BufferQueueProducer: [com.oringnet.wm/com.oring.ble.BLECreateActivity@17258#0](this:0x7f591e3000,id:1561,api:1,p:17258,c:792) connect(P): api=1 producer=(17258:com.oringnet.wm) producerControlledByApp=false
06-21 20:57:15.300   792   792 I SurfaceFlinger: Remove BufferLayer(0x7f65d51000) com.oringnet.wm/com.oring.ble.BLEScanActivity@17258#1 (-1 x -1)
06-21 20:57:15.301 17258 17280 D Surface : Surface::setBufferCount(this=0x710bda1000,bufferCount=3)
06-21 20:57:15.301 17258 17280 D Surface : Surface::allocateBuffers(this=0x710bda1000)
06-21 20:57:15.304   792   792 I MiniDump: 0x7f65cfe000 |     DEVICE |          0 | 1.000 |    0   67  720 1600 |   0.0   0.0 720.0 1533.0 | com.oringnet.wm/com.oring.ble.BLEScanActivity@17258#0
06-21 20:57:15.304   792   792 I MiniDump: 0x7f65cfe000 |     DEVICE |          0 | 1.000 |    0   67  720 1600 |   0.0   0.0 720.0 1533.0 | com.oringnet.wm/com.oring.ble.BLEScanActivity@17258#0
06-21 20:57:15.311   979 30653 D MtkOmxVenc: [0xec728c00] AVC EncTime=16663 (us), RGB_2_YUV=0, FrameCount= 239501, buf timestamp=23442927 (23442927919) IsKey(0), Size(17258)  Slotbitcount(1597048) : in VA=0xECE75120, offset=0x00000000, len=12, flags=0x00000010 : out VA=0xE69C0000, offset=0x00000000sec:0x0, 0x0, pending=2
06-21 20:57:15.317   792   792 I SurfaceFlinger: Remove BufferLayer(0x7f65d51000) com.oringnet.wm/com.oring.ble.BLEScanActivity@17258#1 (-1 x -1)
06-21 20:57:15.317   792   792 I BufferQueue: [com.oringnet.wm/com.oring.ble.BLEScanActivity@17258#1](this:0x7f65c7f000,id:1560,api:1,p:-1,c:-1) ~BufferQueueCore
06-21 20:57:15.371 17258 17258 D PhoneWindow: windowLightStatusBar : false, disable View.SYSTEM_UI_FLAG_LIGHT_STATUS_BAR
06-21 20:57:15.376   792   792 I SurfaceFlinger: screenshot (com.oringnet.wm/com.oring.ble.BLEScanActivity@17258#0)
06-21 20:57:15.442 17258 17280 D Surface : Surface::connect(this=0x710bdf3000,api=1)
06-21 20:57:16.224   792   792 I SurfaceFlinger: screenshot (com.oringnet.wm/com.oring.ble.BLECreateActivity@17258#0)
06-21 20:57:16.607   792   792 I SurfaceFlinger: screenshot (com.oringnet.wm/com.oring.ble.BLECreateActivity@17258#0)
06-21 20:57:16.874   792   792 I SurfaceFlinger: screenshot (com.oringnet.wm/com.oring.ble.BLECreateActivity@17258#0)
06-21 20:57:17.141   792   792 I SurfaceFlinger: screenshot (com.oringnet.wm/com.oring.ble.BLECreateActivity@17258#0)
06-21 20:57:17.239 17258 17280 D Surface : Surface::disconnect(this=0x710bdf3000,api=1)
06-21 20:57:17.239   792   824 I BufferQueueProducer: [com.oringnet.wm/com.oring.ble.BLECreateActivity@17258#1](this:0x7f5924b000,id:1562,api:1,p:17258,c:792) disconnect(P): api 1
06-21 20:57:17.260   792   792 I SurfaceFlinger: screenshot (com.oringnet.wm/com.oring.ble.BLECreateActivity@17258#0)
06-21 20:57:17.422   792   792 I MiniDump: 0x7f592ec000 |     DEVICE |          0 | 1.000 |    0   67  720 1600 |   0.0   0.0 720.0 1533.0 | com.oringnet.wm/com.oring.ble.BLECreateActivity@17258#0
06-21 20:57:17.422   792   792 I MiniDump: 0x7f65dbf000 |     DEVICE |          0 | 0.704 |  299  758  421  880 |   0.0   0.0 126.0 126.0 | com.oringnet.wm/com.oring.ble.BLECreateActivity@17258#2
06-21 20:57:17.463   792   792 I SurfaceFlinger: screenshot (com.oringnet.wm/com.oring.ble.BLECreateActivity@17258#0)
06-21 20:57:17.480 17258 17258 I CreateTest 2響應: 010308000000000000000095d7
06-21 20:57:17.501   792   792 I SurfaceFlinger: Remove BufferLayer(0x7f5930a000) com.oringnet.wm/com.oring.ble.BLECreateActivity@17258#1 (-1 x -1)
06-21 20:57:17.563 17258 17258 I CreateTest 2請求: 010402140004b075
06-21 20:57:17.570 17258 17258 I CreateTest 2響應: 0104086f695f74657474731ff4
06-21 20:57:17.660 17258 17258 I CreateTest 2請求: 0104021800047076
06-21 20:57:17.660 17258 17258 I HEX:    : 6f695f74657474733930
06-21 20:57:17.669 17258 17258 I CreateTest 3響應: 0104083930000000000000d770
06-21 20:57:17.677   792   823 I BufferQueueProducer: [com.oringnet.wm/com.oring.ble.BLECreateActivity@17258#0](this:0x7f591e3000,id:1561,api:1,p:17258,c:792) queueBuffer: fps=0.85 dur=2353.80 max=2262.98 min=90.82
06-21 20:57:17.758 17258 17258 I CreateTest 3請求: 010402270004407a
06-21 20:57:17.759 17258 17258 I HEX:    : 
06-21 20:57:17.766 17258 17258 I CreateTest 4響應: 0104080000000000000000240d
06-21 20:57:17.856 17258 17258 I CreateTest 4請求: 010303E80004c479
06-21 20:57:17.856 17258 17258 I HEX:    : 
06-21 20:57:17.856 17258 17258 I Password: : 
06-21 20:57:17.872 17258 17258 I CreateTest 5響應: 010308000000000000000095d7
06-21 20:57:17.889 17258 17258 I TouchFilterInputStageHelper: [needTouchEventFilter] Displayid : 0
06-21 20:57:17.893   792   792 I SurfaceFlinger: screenshot (com.oringnet.wm/com.oring.ble.BLECreateActivity@17258#0)
06-21 20:57:17.895 17258 17258 D BezellessGripSuppressionFilter: getdisplaysize, x : 720 y : 1600
06-21 20:57:17.906   792   823 I BufferQueueConsumer: [Toast@17258#0](this:0x7f65d5e800,id:1564,api:0,p:-1,c:792) setConsumerName: Toast@17258#0
06-21 20:57:17.906   792   823 I BufferQueueConsumer: [Toast@17258#0](this:0x7f65d5e800,id:1564,api:0,p:-1,c:792) setDefaultBufferSize: width=171 height=70
06-21 20:57:17.906   792   823 I SurfaceFlinger: Create BufferLayer(0x7f65d66000) Toast@17258#0 (171 x 70)
06-21 20:57:17.914 17258 17280 D Surface : Surface::connect(this=0x710be49000,api=1)
06-21 20:57:17.915   792   823 I BufferQueueProducer: [Toast@17258#0](this:0x7f65d5e800,id:1564,api:1,p:17258,c:792) connect(P): api=1 producer=(17258:com.oringnet.wm) producerControlledByApp=false
06-21 20:57:17.916 17258 17280 D Surface : Surface::setBufferCount(this=0x710be49000,bufferCount=3)
06-21 20:57:17.917 17258 17280 D Surface : Surface::allocateBuffers(this=0x710be49000)
06-21 20:57:17.953 17258 17258 I CreateTest 5請求: 010303F8000105bf
06-21 20:57:17.955 17258 17258 I CloudConfig: : 0
06-21 20:57:17.964 17258 17258 I CreateTest 6響應: 0103020000b844
06-21 20:57:17.972   792   792 I MiniDump: 0x7f592ec000 |     DEVICE |          0 | 1.000 |    0   67  720 1600 |   0.0   0.0 720.0 1533.0 | com.oringnet.wm/com.oring.ble.BLECreateActivity@17258#0
06-21 20:57:17.972   792   792 I MiniDump: 0x7f65dbf000 |     DEVICE |          0 | 1.000 |  297  756  423  882 |   0.0   0.0 126.0 126.0 | com.oringnet.wm/com.oring.ble.BLECreateActivity@17258#2
06-21 20:57:17.972   792   792 I MiniDump: 0x7f65d66000 |     DEVICE |          0 | 0.067 |  274 1460  445 1530 |   0.0   0.0 171.0  70.0 | Toast@17258#0
06-21 20:57:17.972   792   792 I MiniDump: 0x7f592ec000 |     DEVICE |          0 | 1.000 |    0   67  720 1600 |   0.0   0.0 720.0 1533.0 | com.oringnet.wm/com.oring.ble.BLECreateActivity@17258#0
06-21 20:57:17.972   792   792 I MiniDump: 0x7f65dbf000 |     DEVICE |          0 | 1.000 |  297  756  423  882 |   0.0   0.0 126.0 126.0 | com.oringnet.wm/com.oring.ble.BLECreateActivity@17258#2
06-21 20:57:17.972   792   792 I MiniDump: 0x7f65d66000 |     DEVICE |          0 | 0.067 |  274 1460  445 1530 |   0.0   0.0 171.0  70.0 | Toast@17258#0
06-21 20:57:17.994   792   792 I SurfaceFlinger: screenshot (com.oringnet.wm/com.oring.ble.BLECreateActivity@17258#0)
06-21 20:57:18.050 17258 17258 I CreateTest 6請求: 010104000001fcfa
06-21 20:57:18.050 17258 17258 I fc_Status:: 00false
06-21 20:57:18.054 17258 17280 D Surface : Surface::disconnect(this=0x717441f000,api=1)
06-21 20:57:18.054   792  2107 I BufferQueueProducer: [com.oringnet.wm/com.oring.ble.BLECreateActivity@17258#2](this:0x7f65c80800,id:1563,api:1,p:17258,c:792) disconnect(P): api 1
06-21 20:57:18.114   792   792 I SurfaceFlinger: screenshot (com.oringnet.wm/com.oring.ble.BLECreateActivity@17258#0)
06-21 20:57:18.229   792   792 I SurfaceFlinger: screenshot (com.oringnet.wm/com.oring.ble.BLECreateActivity@17258#0)
06-21 20:57:18.238   792   792 I MiniDump: 0x7f592ec000 |     DEVICE |          0 | 1.000 |    0   67  720 1600 |   0.0   0.0 720.0 1533.0 | com.oringnet.wm/com.oring.ble.BLECreateActivity@17258#0
06-21 20:57:18.238   792   792 I MiniDump: 0x7f65d66000 |     DEVICE |          0 | 0.813 |  274 1460  445 1530 |   0.0   0.0 171.0  70.0 | Toast@17258#0
06-21 20:57:18.239   792   792 I MiniDump: 0x7f592ec000 |     DEVICE |          0 | 1.000 |    0   67  720 1600 |   0.0   0.0 720.0 1533.0 | com.oringnet.wm/com.oring.ble.BLECreateActivity@17258#0
06-21 20:57:18.239   792   792 I MiniDump: 0x7f65d66000 |     DEVICE |          0 | 0.813 |  274 1460  445 1530 |   0.0   0.0 171.0  70.0 | Toast@17258#0
06-21 20:57:18.318   792   792 I SurfaceFlinger: Remove BufferLayer(0x7f65dbf000) com.oringnet.wm/com.oring.ble.BLECreateActivity@17258#2 (-1 x -1)
06-21 20:57:18.318   792   792 I BufferQueue: [com.oringnet.wm/com.oring.ble.BLECreateActivity@17258#2](this:0x7f65c80800,id:1563,api:1,p:-1,c:-1) ~BufferQueueCore
06-21 20:57:18.443   792   792 I SurfaceFlinger: screenshot (com.oringnet.wm/com.oring.ble.BLECreateActivity@17258#0)
06-21 20:57:18.451   792   792 I SurfaceFlinger: Remove BufferLayer(0x7f65d66000) Toast@17258#0 (-1 x -1)
06-21 20:57:18.978   792   792 I SurfaceFlinger: screenshot (com.oringnet.wm/com.oring.ble.BLECreateActivity@17258#0)
06-21 20:57:18.978   792   792 I SurfaceFlinger: screenshot (Toast@17258#0)
06-21 20:57:19.411   792  2108 I BufferQueueProducer: [com.oringnet.wm/com.oring.ble.BLECreateActivity@17258#0](this:0x7f591e3000,id:1561,api:1,p:17258,c:792) queueBuffer: fps=1.15 dur=1733.37 max=1254.56 min=478.80
06-21 20:57:20.523   792  2108 I BufferQueueProducer: [com.oringnet.wm/com.oring.ble.BLECreateActivity@17258#0](this:0x7f591e3000,id:1561,api:1,p:17258,c:792) queueBuffer: fps=1.80 dur=1112.31 max=597.21 min=515.10
06-21 20:57:21.314   792   792 I SurfaceFlinger: screenshot (com.oringnet.wm/com.oring.ble.BLECreateActivity@17258#0)
06-21 20:57:21.314   792   792 I SurfaceFlinger: screenshot (Toast@17258#0)
06-21 20:57:21.368 17258 17280 D Surface : Surface::disconnect(this=0x710be49000,api=1)
06-21 20:57:21.369   792  2108 I BufferQueueProducer: [Toast@17258#0](this:0x7f65d5e800,id:1564,api:1,p:17258,c:792) disconnect(P): api 1
06-21 20:57:21.394   792   792 I SurfaceFlinger: screenshot (com.oringnet.wm/com.oring.ble.BLECreateActivity@17258#0)
06-21 20:57:21.494   792   792 I SurfaceFlinger: screenshot (com.oringnet.wm/com.oring.ble.BLECreateActivity@17258#0)
06-21 20:57:21.610   792   792 I SurfaceFlinger: screenshot (com.oringnet.wm/com.oring.ble.BLECreateActivity@17258#0)
06-21 20:57:21.711   792   792 I SurfaceFlinger: screenshot (com.oringnet.wm/com.oring.ble.BLECreateActivity@17258#0)
06-21 20:57:21.827   792   792 I SurfaceFlinger: screenshot (com.oringnet.wm/com.oring.ble.BLECreateActivity@17258#0)
06-21 20:57:21.905 17258 17258 I ViewRootImpl: ViewRoot's Touch Event : ACTION_DOWN
06-21 20:57:21.906   792   792 I MiniDump: 0x7f592ec000 |     DEVICE |          0 | 1.000 |    0   67  720 1600 |   0.0   0.0 720.0 1533.0 | com.oringnet.wm/com.oring.ble.BLECreateActivity@17258#0
06-21 20:57:21.906   792   792 I MiniDump: 0x7f592ec000 |     DEVICE |          0 | 1.000 |    0   67  720 1600 |   0.0   0.0 720.0 1533.0 | com.oringnet.wm/com.oring.ble.BLECreateActivity@17258#0
06-21 20:57:21.910 17258 17258 I ViewRootImpl: ViewRoot's Touch Event : ACTION_UP
06-21 20:57:21.919   792   792 I SurfaceFlinger: Remove BufferLayer(0x7f65d66000) Toast@17258#0 (-1 x -1)
06-21 20:57:21.919   792   792 I BufferQueue: [Toast@17258#0](this:0x7f65d5e800,id:1564,api:1,p:-1,c:-1) ~BufferQueueCore
06-21 20:57:21.927 17258 17258 D PhoneWindow: windowLightStatusBar : false, disable View.SYSTEM_UI_FLAG_LIGHT_STATUS_BAR
06-21 20:57:21.927   792   792 I SurfaceFlinger: screenshot (com.oringnet.wm/com.oring.ble.BLECreateActivity@17258#0)
06-21 20:57:21.942 17258 17258 I TouchFilterInputStageHelper: [needTouchEventFilter] Displayid : 0
06-21 20:57:21.948 17258 17258 D BezellessGripSuppressionFilter: getdisplaysize, x : 720 y : 1600
06-21 20:57:21.975   792  2108 I BufferQueueConsumer: [com.oringnet.wm/com.oring.ble.BLECreateActivity@17258#1](this:0x7f65d61800,id:1565,api:0,p:-1,c:792) setConsumerName: com.oringnet.wm/com.oring.ble.BLECreateActivity@17258#1
06-21 20:57:21.975   792  2108 I BufferQueueConsumer: [com.oringnet.wm/com.oring.ble.BLECreateActivity@17258#1](this:0x7f65d61800,id:1565,api:0,p:-1,c:792) setDefaultBufferSize: width=126 height=126
06-21 20:57:21.975   792  2108 I SurfaceFlinger: Create BufferLayer(0x7f65cd1000) com.oringnet.wm/com.oring.ble.BLECreateActivity@17258#1 (126 x 126)
06-21 20:57:21.980 17258 17280 D Surface : Surface::connect(this=0x710bd90000,api=1)
06-21 20:57:21.981   792  2107 I BufferQueueProducer: [com.oringnet.wm/com.oring.ble.BLECreateActivity@17258#1](this:0x7f65d61800,id:1565,api:1,p:17258,c:792) connect(P): api=1 producer=(17258:com.oringnet.wm) producerControlledByApp=false
06-21 20:57:21.982 17258 17280 D Surface : Surface::setBufferCount(this=0x710bd90000,bufferCount=3)
06-21 20:57:21.983 17258 17280 D Surface : Surface::allocateBuffers(this=0x710bd90000)
06-21 20:57:22.044   792   792 I SurfaceFlinger: screenshot (com.oringnet.wm/com.oring.ble.BLECreateActivity@17258#0)
06-21 20:57:22.056 17258 17258 I CreateTest 8響應: 011003e8000441ba
06-21 20:57:22.056 17258 17258 I CreateTest 8請求: 011003E800040832313433363500006d60
06-21 20:57:22.056   792   792 I MiniDump: 0x7f592ec000 |     DEVICE |          0 | 1.000 |    0   67  720 1600 |   0.0   0.0 720.0 1533.0 | com.oringnet.wm/com.oring.ble.BLECreateActivity@17258#0
06-21 20:57:22.056   792   792 I MiniDump: 0x7f65cd1000 |     DEVICE |          0 | 0.303 |  301  760  419  878 |   0.0   0.0 126.0 126.0 | com.oringnet.wm/com.oring.ble.BLECreateActivity@17258#1
06-21 20:57:22.057   792   792 I MiniDump: 0x7f592ec000 |     DEVICE |          0 | 1.000 |    0   67  720 1600 |   0.0   0.0 720.0 1533.0 | com.oringnet.wm/com.oring.ble.BLECreateActivity@17258#0
06-21 20:57:22.057   792   792 I MiniDump: 0x7f65cd1000 |     DEVICE |          0 | 0.303 |  301  760  419  878 |   0.0   0.0 126.0 126.0 | com.oringnet.wm/com.oring.ble.BLECreateActivity@17258#1
06-21 20:57:22.144   792   792 I SurfaceFlinger: screenshot (com.oringnet.wm/com.oring.ble.BLECreateActivity@17258#0)
06-21 20:57:22.145 17258 17258 I CreateTest 8請求: 011003EC00040800000000000000002157
06-21 20:57:22.157 17258 17258 I CreateTest 8響應: 011003ec0004007b
06-21 20:57:22.243 17258 17258 I CreateTest 8請求: 011003F00004080000000000000000f0b8
06-21 20:57:22.249 17258 17258 I CreateTest 8響應: 011003f00004c1bd
06-21 20:57:22.261   792   792 I SurfaceFlinger: screenshot (com.oringnet.wm/com.oring.ble.BLECreateActivity@17258#0)
06-21 20:57:22.340 17258 17258 I CreateTest 8請求: 011003F400040800000000000000000177
06-21 20:57:22.344 17258 17280 D Surface : Surface::disconnect(this=0x710bd90000,api=1)
06-21 20:57:22.345   792  2108 I BufferQueueProducer: [com.oringnet.wm/com.oring.ble.BLECreateActivity@17258#1](this:0x7f65d61800,id:1565,api:1,p:17258,c:792) disconnect(P): api 1
06-21 20:57:22.359 17258 17258 I CreateTest 8響應: 011003f40004807c
06-21 20:57:22.376   792  2108 I BufferQueueProducer: [com.oringnet.wm/com.oring.ble.BLECreateActivity@17258#0](this:0x7f591e3000,id:1561,api:1,p:17258,c:792) queueBuffer: fps=1.08 dur=1852.51 max=1347.94 min=504.57
06-21 20:57:22.378   792   792 I SurfaceFlinger: screenshot (com.oringnet.wm/com.oring.ble.BLECreateActivity@17258#0)
06-21 20:57:22.480   792   792 I SurfaceFlinger: screenshot (com.oringnet.wm/com.oring.ble.BLECreateActivity@17258#0)
06-21 20:57:22.523   792   792 I MiniDump: 0x7f592ec000 |     DEVICE |          0 | 1.000 |    0   67  720 1600 |   0.0   0.0 720.0 1533.0 | com.oringnet.wm/com.oring.ble.BLECreateActivity@17258#0
06-21 20:57:22.523   792   792 I MiniDump: 0x7f592ec000 |     DEVICE |          0 | 1.000 |    0   67  720 1600 |   0.0   0.0 720.0 1533.0 | com.oringnet.wm/com.oring.ble.BLECreateActivity@17258#0
06-21 20:57:22.594   792   792 I SurfaceFlinger: screenshot (com.oringnet.wm/com.oring.ble.BLECreateActivity@17258#0)
06-21 20:57:22.602   792   792 I SurfaceFlinger: Remove BufferLayer(0x7f65cd1000) com.oringnet.wm/com.oring.ble.BLECreateActivity@17258#1 (-1 x -1)
06-21 20:57:22.603   792   792 I BufferQueue: [com.oringnet.wm/com.oring.ble.BLECreateActivity@17258#1](this:0x7f65d61800,id:1565,api:1,p:-1,c:-1) ~BufferQueueCore
06-21 20:57:22.606   792   792 I MiniDump: 0x7f592ec000 |     DEVICE |          0 | 1.000 |    0   67  720 1600 |   0.0   0.0 720.0 1533.0 | com.oringnet.wm/com.oring.ble.BLECreateActivity@17258#0
06-21 20:57:22.606   792   792 I MiniDump: 0x7f592ec000 |     DEVICE |          0 | 1.000 |    0   67  720 1600 |   0.0   0.0 720.0 1533.0 | com.oringnet.wm/com.oring.ble.BLECreateActivity@17258#0
06-21 20:57:23.247   792   792 I SurfaceFlinger: screenshot (com.oringnet.wm/com.oring.ble.BLECreateActivity@17258#0)
06-21 20:57:23.641   792   823 I BufferQueueProducer: [com.oringnet.wm/com.oring.ble.BLECreateActivity@17258#0](this:0x7f591e3000,id:1561,api:1,p:17258,c:792) queueBuffer: fps=0.79 dur=1265.01 max=1265.01 min=1265.01
06-21 20:57:24.475   792   792 I SurfaceFlinger: screenshot (com.oringnet.wm/com.oring.ble.BLECreateActivity@17258#0)
06-21 20:57:24.940   792  2108 I BufferQueueProducer: [com.oringnet.wm/com.oring.ble.BLECreateActivity@17258#0](this:0x7f591e3000,id:1561,api:1,p:17258,c:792) queueBuffer: fps=1.54 dur=1299.49 max=779.81 min=519.68
06-21 20:57:25.783   792   792 I SurfaceFlinger: screenshot (com.oringnet.wm/com.oring.ble.BLECreateActivity@17258#0)
06-21 20:57:26.171 17258 17258 I ViewRootImpl: ViewRoot's Touch Event : ACTION_DOWN
06-21 20:57:26.175 17258 17258 I ViewRootImpl: ViewRoot's Touch Event : ACTION_UP
06-21 20:57:26.176 17258 17258 I CheckPW:: 123456
06-21 20:57:26.176 17258 17258 I blePassword:: 123456
06-21 20:57:26.217  1379  2459 I ActivityTaskManager: The Process com.oringnet.wm Already Exists in BG. So sending its PID: 17258
06-21 20:57:26.230 17258 17258 W ActivityThread: handleWindowVisibility: no activity for token android.os.BinderProxy@f2bc766
06-21 20:57:26.260   792   792 I SurfaceFlinger: screenshot (com.oringnet.wm/com.oring.ble.BLECreateActivity@17258#0)
06-21 20:57:26.274 17258 17258 D PhoneWindow: windowLightStatusBar : false, disable View.SYSTEM_UI_FLAG_LIGHT_STATUS_BAR
06-21 20:57:26.491 17258 17258 I YYTT    : 4
06-21 20:57:26.635 17258 17258 I EEWW:   : 
06-21 20:57:26.654 17258 17258 D BluetoothGatt: setCharacteristicNotification() - uuid: 6e400003-b5a3-f393-e0a9-e50e24dcca9e enable: true
06-21 20:57:26.670 17258 17258 I TouchFilterInputStageHelper: [needTouchEventFilter] Displayid : 0
06-21 20:57:26.673 17258 17258 D BezellessGripSuppressionFilter: getdisplaysize, x : 720 y : 1600
06-21 20:57:26.737   792  2108 I BufferQueueConsumer: [com.oringnet.wm/com.oring.SlideActivity@17258#0](this:0x7f65ce6800,id:1566,api:0,p:-1,c:792) setConsumerName: com.oringnet.wm/com.oring.SlideActivity@17258#0
06-21 20:57:26.737   792  2108 I BufferQueueConsumer: [com.oringnet.wm/com.oring.SlideActivity@17258#0](this:0x7f65ce6800,id:1566,api:0,p:-1,c:792) setDefaultBufferSize: width=720 height=1600
06-21 20:57:26.737   792  2108 I SurfaceFlinger: Create BufferLayer(0x7f65d70000) com.oringnet.wm/com.oring.SlideActivity@17258#0 (720 x 1600)
06-21 20:57:26.744 17258 17280 D Surface : Surface::connect(this=0x710bf0d000,api=1)
06-21 20:57:26.744   792   823 I BufferQueueProducer: [com.oringnet.wm/com.oring.SlideActivity@17258#0](this:0x7f65ce6800,id:1566,api:1,p:17258,c:792) connect(P): api=1 producer=(17258:com.oringnet.wm) producerControlledByApp=false
06-21 20:57:26.745 17258 17280 D Surface : Surface::setBufferCount(this=0x710bf0d000,bufferCount=3)
06-21 20:57:26.746 17258 17280 D Surface : Surface::allocateBuffers(this=0x710bf0d000)
06-21 20:57:27.046   792   792 I SurfaceFlinger: screenshot (com.oringnet.wm/com.oring.ble.BLECreateActivity@17258#0)
06-21 20:57:27.090   792   792 I MiniDump: 0x7f592ec000 |     DEVICE |          0 | 0.975 |    0   66  720 1599 |   0.0   0.0 720.0 1533.0 | com.oringnet.wm/com.oring.ble.BLECreateActivity@17258#0
06-21 20:57:27.090   792   792 I MiniDump: 0x7f65d70000 |     DEVICE |          0 | 0.713 |    0  307  720 1600 |   0.0   0.0 720.0 1293.0 | com.oringnet.wm/com.oring.SlideActivity@17258#0
06-21 20:57:27.091   792   792 I MiniDump: 0x7f592ec000 |     DEVICE |          0 | 0.975 |    0   66  720 1599 |   0.0   0.0 720.0 1533.0 | com.oringnet.wm/com.oring.ble.BLECreateActivity@17258#0
06-21 20:57:27.091   792   792 I MiniDump: 0x7f65d70000 |     DEVICE |          0 | 0.713 |    0  307  720 1600 |   0.0   0.0 720.0 1293.0 | com.oringnet.wm/com.oring.SlideActivity@17258#0
06-21 20:57:27.131 17258 17258 I Dashboard: [Rsp]<Read DI Status> 01020100a188
06-21 20:57:27.140 17258 17258 W UiThreadStatement: Already on the UI thread, this method should not be called from the main application thread
06-21 20:57:27.140 17258 17258 I Dashboard: [Req]<Read DO Status> 01020000000479c9
06-21 20:57:27.147   792   792 I SurfaceFlinger: screenshot (com.oringnet.wm/com.oring.ble.BLECreateActivity@17258#0)
06-21 20:57:27.147   792   792 I SurfaceFlinger: screenshot (com.oringnet.wm/com.oring.SlideActivity@17258#0)
06-21 20:57:27.154 17258 17258 I Timeline: Timeline: Activity_idle id: android.os.BinderProxy@f2bc766 time:23454793
06-21 20:57:27.216 17258 17258 W UiThreadStatement: Already on the UI thread, this method should not be called from the main application thread
06-21 20:57:27.217 17258 17258 I Dashboard: [Req]<Read DO Status> 0101000000043dc9
06-21 20:57:27.217 17258 17258 I Dashboard: [Rsp]<Read DO Status> 010101005188
06-21 20:57:27.223   792   792 I MiniDump: 0x7f65d70000 |     DEVICE |          0 | 1.000 |    0   34  720 1600 |   0.0   0.0 720.0 1566.0 | com.oringnet.wm/com.oring.SlideActivity@17258#0
06-21 20:57:27.263   792   792 I SurfaceFlinger: screenshot (com.oringnet.wm/com.oring.SlideActivity@17258#0)
06-21 20:57:27.363   792   792 I SurfaceFlinger: screenshot (com.oringnet.wm/com.oring.SlideActivity@17258#0)
06-21 20:57:27.626   792   792 I SurfaceFlinger: screenshot (com.oringnet.wm/com.oring.SlideActivity@17258#0)
06-21 20:57:27.893   792   792 I SurfaceFlinger: screenshot (com.oringnet.wm/com.oring.SlideActivity@17258#0)
06-21 20:57:27.940 17258 17258 I AI_value:: 31.25
06-21 20:57:27.941 17258 17258 I AI_raw: : 41fa0000
06-21 20:57:28.044 17258 17258 W UiThreadStatement: Already on the UI thread, this method should not be called from the main application thread
06-21 20:57:28.044 17258 17258 I Dashboard: [Req]<Read AI 4 Status> 010400080002f009
06-21 20:57:28.044 17258 17258 I Dashboard: [Rsp]<Read AI 4 Status> 01040400000000fb84
06-21 20:57:28.084 17258 17258 I AI_value:: 0.0
06-21 20:57:28.111   792   824 I BufferQueueProducer: [com.oringnet.wm/com.oring.SlideActivity@17258#0](this:0x7f65ce6800,id:1566,api:1,p:17258,c:792) queueBuffer: fps=11.00 dur=1090.71 max=141.73 min=20.19
06-21 20:57:28.160   792   792 I SurfaceFlinger: screenshot (com.oringnet.wm/com.oring.SlideActivity@17258#0)
06-21 20:57:28.677   792   792 I SurfaceFlinger: screenshot (com.oringnet.wm/com.oring.SlideActivity@17258#0)
06-21 20:57:29.605 17258 17258 I ViewRootImpl: ViewRoot's Touch Event : ACTION_DOWN
06-21 20:57:29.612 17258 17258 I ViewRootImpl: ViewRoot's Touch Event : ACTION_UP
06-21 20:57:29.626   792   792 I SurfaceFlinger: screenshot (com.oringnet.wm/com.oring.SlideActivity@17258#0)
06-21 20:57:29.630   792   824 I BufferQueueProducer: [com.oringnet.wm/com.oring.SlideActivity@17258#0](this:0x7f65ce6800,id:1566,api:1,p:17258,c:792) queueBuffer: fps=12.51 dur=1518.98 max=1086.95 min=9.57
06-21 20:57:29.877   792   792 I SurfaceFlinger: screenshot (com.oringnet.wm/com.oring.SlideActivity@17258#0)
06-21 20:57:31.158   792   792 I SurfaceFlinger: screenshot (com.oringnet.wm/com.oring.SlideActivity@17258#0)
06-21 20:57:31.261   792  2108 I BufferQueueProducer: [com.oringnet.wm/com.oring.SlideActivity@17258#0](this:0x7f65ce6800,id:1566,api:1,p:17258,c:792) queueBuffer: fps=16.56 dur=1630.84 max=1196.76 min=8.10
06-21 20:57:31.310   792   792 I SurfaceFlinger: screenshot (com.oringnet.wm/com.oring.SlideActivity@17258#0)
06-21 20:57:32.622 17258 17258 I ViewRootImpl: ViewRoot's Touch Event : ACTION_DOWN
06-21 20:57:32.627   792   792 I SurfaceFlinger: screenshot (com.oringnet.wm/com.oring.SlideActivity@17258#0)
06-21 20:57:32.629 17258 17258 I ViewRootImpl: ViewRoot's Touch Event : ACTION_UP
06-21 20:57:32.643   792   824 I BufferQueueProducer: [com.oringnet.wm/com.oring.SlideActivity@17258#0](this:0x7f65ce6800,id:1566,api:1,p:17258,c:792) queueBuffer: fps=12.30 dur=1381.99 max=1116.90 min=12.88
06-21 20:57:32.720 17258 17258 I YYTT    : 4
06-21 20:57:32.840 17258 17258 I EEWW:   : 
06-21 20:57:32.861 17258 17258 D BluetoothGatt: setCharacteristicNotification() - uuid: 6e400003-b5a3-f393-e0a9-e50e24dcca9e enable: true
06-21 20:57:32.894   792   792 I SurfaceFlinger: screenshot (com.oringnet.wm/com.oring.SlideActivity@17258#0)
06-21 20:57:33.125 17258 17258 W UiThreadStatement: Already on the UI thread, this method should not be called from the main application thread
06-21 20:57:33.125 17258 17258 I Dashboard: [Req]<Read DI Status> 01020000000479c9
06-21 20:57:33.141 17258 17258 I Dashboard: [Rsp]<Read DI Status> 01020100a188
06-21 20:57:33.224 17258 17258 W UiThreadStatement: Already on the UI thread, this method should not be called from the main application thread
06-21 20:57:33.225 17258 17258 I Dashboard: [Req]<Read DO Status> 0101000000043dc9
06-21 20:57:33.225 17258 17258 I Dashboard: [Rsp]<Read DO Status> 010101005188
06-21 20:57:33.244   792   792 I SurfaceFlinger: screenshot (com.oringnet.wm/com.oring.SlideActivity@17258#0)
06-21 20:57:33.311 17258 17258 W UiThreadStatement: Already on the UI thread, this method should not be called from the main application thread
06-21 20:57:33.311 17258 17258 I Dashboard: [Req]<Read RELAY Status> 010100040002fc0a
06-21 20:57:33.312 17258 17258 I Dashboard: [Rsp]<Read RELAY Status> 010101005188
06-21 20:57:33.406 17258 17258 W UiThreadStatement: Already on the UI thread, this method should not be called from the main application thread
06-21 20:57:33.406 17258 17258 I Dashboard: [Req]<Read DI COUNTER> 010404310004a136
06-21 20:57:33.406 17258 17258 I Dashboard: [Rsp]<Read DI COUNTER> 0104080000000000000000240d
06-21 20:57:33.504 17258 17258 W UiThreadStatement: Already on the UI thread, this method should not be called from the main application thread
06-21 20:57:33.504 17258 17258 I Dashboard: [Req]<Read AI 0 Status> 01040000000271cb
06-21 20:57:33.504 17258 17258 I Dashboard: [Rsp]<Read AI 0 Status> 010404b93fd4bff064
06-21 20:57:33.517 17258 17258 I AI_value:: 0.0
06-21 20:57:33.517 17258 17258 I AI_raw: : b93fd4bf
06-21 20:57:33.601 17258 17258 W UiThreadStatement: Already on the UI thread, this method should not be called from the main application thread
06-21 20:57:33.601 17258 17258 I Dashboard: [Req]<Read AI 1 Status> 010400020002d00b
06-21 20:57:33.602 17258 17258 I Dashboard: [Rsp]<Read AI 1 Status> 01040400000000fb84
06-21 20:57:33.614 17258 17258 I AI_value:: 0.0
06-21 20:57:33.614 17258 17258 I AI_raw: : 00000000
06-21 20:57:33.699 17258 17258 W UiThreadStatement: Already on the UI thread, this method should not be called from the main application thread
06-21 20:57:33.699 17258 17258 I Dashboard: [Req]<Read AI 2 Status> 010400040002300a
06-21 20:57:33.700 17258 17258 I Dashboard: [Rsp]<Read AI 2 Status> 0104044412f99a8d4a
06-21 20:57:33.701   792   792 I SurfaceFlinger: screenshot (com.oringnet.wm/com.oring.SlideActivity@17258#0)
06-21 20:57:33.730 17258 17258 I AI_value:: 587.9
06-21 20:57:33.730 17258 17258 I AI_raw: : 4412f99a
06-21 20:57:33.753   792  2108 I BufferQueueProducer: [com.oringnet.wm/com.oring.SlideActivity@17258#0](this:0x7f65ce6800,id:1566,api:1,p:17258,c:792) queueBuffer: fps=32.42 dur=1110.27 max=159.62 min=6.11
06-21 20:57:33.796 17258 17258 W UiThreadStatement: Already on the UI thread, this method should not be called from the main application thread
06-21 20:57:33.796 17258 17258 I Dashboard: [Req]<Read AI 3 Status> 01040006000291ca
06-21 20:57:33.797 17258 17258 I Dashboard: [Rsp]<Read AI 3 Status> 01040441fa0000cf89
06-21 20:57:33.821 17258 17258 I AI_value:: 31.25
06-21 20:57:33.821 17258 17258 I AI_raw: : 41fa0000
06-21 20:57:33.894 17258 17258 W UiThreadStatement: Already on the UI thread, this method should not be called from the main application thread
06-21 20:57:33.894 17258 17258 I Dashboard: [Req]<Read AI 4 Status> 010400080002f009
06-21 20:57:33.894 17258 17258 I Dashboard: [Rsp]<Read AI 4 Status> 01040400000000fb84
06-21 20:57:33.919 17258 17258 I AI_value:: 0.0
06-21 20:57:33.919 17258 17258 I AI_raw: : 00000000
06-21 20:57:33.991 17258 17258 W UiThreadStatement: Already on the UI thread, this method should not be called from the main application thread
06-21 20:57:33.991 17258 17258 I Dashboard: [Req]<Read AI 5 Status> 0104000A000251c9
06-21 20:57:33.991 17258 17258 I Dashboard: [Rsp]<Read AI 5 Status> 01040441fa0000cf89
06-21 20:57:34.016 17258 17258 I AI_value:: 31.25
06-21 20:57:34.016 17258 17258 I AI_raw: : 41fa0000
06-21 20:57:34.089 17258 17258 W UiThreadStatement: Already on the UI thread, this method should not be called from the main application thread
06-21 20:57:34.089 17258 17258 I Dashboard: [Req]<Read AI Type> 010304000006c4f8
06-21 20:57:34.089 17258 17258 I Dashboard: [Rsp]<Read AI Type> 01030c000600060006000600060006285b
06-21 20:57:34.127   792   792 I SurfaceFlinger: screenshot (com.oringnet.wm/com.oring.SlideActivity@17258#0)
06-21 20:57:34.186 17258 17258 W UiThreadStatement: Already on the UI thread, this method should not be called from the main application thread
06-21 20:57:34.186 17258 17258 I Dashboard: [Req]<Read RTD 2 mode> 010303050004544c
06-21 20:57:34.186 17258 17258 I Dashboard: [Rsp]<Read RTD 2 mode> 010308000000000000000095d7
06-21 20:57:34.186 17258 17258 I RTD_mode:: 0000000000000000
06-21 20:57:34.187 17258 17258 I finish  : @@!!
06-21 20:57:34.644   792   792 I SurfaceFlinger: screenshot (com.oringnet.wm/com.oring.SlideActivity@17258#0)
06-21 20:57:36.940 17258 17258 I ViewRootImpl: ViewRoot's Touch Event : ACTION_DOWN
06-21 20:57:36.980   792   824 I BufferQueueProducer: [com.oringnet.wm/com.oring.SlideActivity@17258#0](this:0x7f65ce6800,id:1566,api:1,p:17258,c:792) queueBuffer: fps=6.82 dur=3226.76 max=2253.41 min=14.43
06-21 20:57:37.111   792   792 I SurfaceFlinger: screenshot (com.oringnet.wm/com.oring.SlideActivity@17258#0)
06-21 20:57:37.362   792   792 I SurfaceFlinger: screenshot (com.oringnet.wm/com.oring.SlideActivity@17258#0)
06-21 20:57:37.628   792   792 I SurfaceFlinger: screenshot (com.oringnet.wm/com.oring.SlideActivity@17258#0)
