05-21 15:44:12.451  1412  1463 I AutomaticBrightnessControllerEx: [MultiALC] lux = 192.0, time = 307785047
05-21 15:44:22.451  1412  1463 I AutomaticBrightnessControllerEx: [MultiALC] lux = 158.0, time = 307795047
05-21 15:44:32.450  1412  1463 I AutomaticBrightnessControllerEx: [MultiALC] lux = 181.0, time = 307805046
05-21 15:44:42.451  1412  1463 I AutomaticBrightnessControllerEx: [MultiALC] lux = 160.0, time = 307815047
05-21 15:45:12.451  1412  1463 I AutomaticBrightnessControllerEx: [MultiALC] lux = 180.0, time = 307845047
05-21 15:45:17.850  1412  1463 I AutomaticBrightnessControllerEx: [MultiALC] lux = 175.0, time = 307850446
05-21 15:45:22.451  1412  1463 I AutomaticBrightnessControllerEx: [MultiALC] lux = 156.0, time = 307855047
05-21 15:45:32.451  1412  1463 I AutomaticBrightnessControllerEx: [MultiALC] lux = 171.0, time = 307865047
05-21 15:45:42.451  1412  1463 I AutomaticBrightnessControllerEx: [MultiALC] lux = 208.0, time = 307875047
05-21 15:45:52.450  1412  1463 I AutomaticBrightnessControllerEx: [MultiALC] lux = 175.0, time = 307885046
05-21 15:46:02.451  1412  1463 I AutomaticBrightnessControllerEx: [MultiALC] lux = 187.0, time = 307895047
05-21 15:46:22.450  1412  1463 I AutomaticBrightnessControllerEx: [MultiALC] lux = 180.0, time = 307915046
05-21 15:46:32.451  1412  1463 I AutomaticBrightnessControllerEx: [MultiALC] lux = 189.0, time = 307925047
05-21 15:46:42.450  1412  1463 I AutomaticBrightnessControllerEx: [MultiALC] lux = 174.0, time = 307935046
05-21 15:46:52.450  1412  1463 I AutomaticBrightnessControllerEx: [MultiALC] lux = 179.0, time = 307945046
05-21 15:46:57.851  1412  1463 I AutomaticBrightnessControllerEx: [MultiALC] lux = 195.0, time = 307950447
05-21 15:47:02.451  1412  1463 I AutomaticBrightnessControllerEx: [MultiALC] lux = 209.0, time = 307955047
05-21 15:47:22.450  1412  1463 I AutomaticBrightnessControllerEx: [MultiALC] lux = 213.0, time = 307975046
05-21 15:47:32.451  1412  1463 I AutomaticBrightnessControllerEx: [MultiALC] lux = 220.0, time = 307985047
05-21 15:47:52.450  1412  1463 I AutomaticBrightnessControllerEx: [MultiALC] lux = 192.0, time = 308005046
05-21 15:48:22.450  1412  1463 I AutomaticBrightnessControllerEx: [MultiALC] lux = 240.0, time = 308035046
05-21 15:48:32.451  1412  1463 I AutomaticBrightnessControllerEx: [MultiALC] lux = 290.0, time = 308045047
05-21 15:48:37.851  1412  1463 I AutomaticBrightnessControllerEx: [MultiALC] lux = 306.0, time = 308050447
05-21 15:48:42.450  1412  1463 I AutomaticBrightnessControllerEx: [MultiALC] lux = 308.0, time = 308055046
05-21 15:48:52.451  1412  1463 I AutomaticBrightnessControllerEx: [MultiALC] lux = 320.0, time = 308065047
05-21 15:49:02.451  1412  1463 I AutomaticBrightnessControllerEx: [MultiALC] lux = 306.0, time = 308075047
05-21 15:49:12.451  1412  1463 I AutomaticBrightnessControllerEx: [MultiALC] lux = 332.0, time = 308085047
05-21 15:49:22.451  1412  1463 I AutomaticBrightnessControllerEx: [MultiALC] lux = 155.0, time = 308095047
05-21 15:49:32.451  1412  1463 I AutomaticBrightnessControllerEx: [MultiALC] lux = 334.0, time = 308105047
05-21 15:50:02.451  1412  1463 I AutomaticBrightnessControllerEx: [MultiALC] lux = 335.0, time = 308135047
05-21 15:50:12.451  1412  1463 I AutomaticBrightnessControllerEx: [MultiALC] lux = 329.0, time = 308145047
05-21 15:50:22.450  1412  1463 I AutomaticBrightnessControllerEx: [MultiALC] lux = 335.0, time = 308155046
05-21 15:50:52.451  1412  1463 I AutomaticBrightnessControllerEx: [MultiALC] lux = 336.0, time = 308185047
05-21 15:51:02.450  1412  1463 I AutomaticBrightnessControllerEx: [MultiALC] lux = 336.0, time = 308195046
05-21 15:51:22.451  1412  1463 I AutomaticBrightnessControllerEx: [MultiALC] lux = 335.0, time = 308215047
05-21 15:51:32.451  1412  1463 I AutomaticBrightnessControllerEx: [MultiALC] lux = 336.0, time = 308225047
05-21 15:51:57.851  1412  1463 I AutomaticBrightnessControllerEx: [MultiALC] lux = 334.0, time = 308250447
05-21 15:52:22.450  1412  1463 I AutomaticBrightnessControllerEx: [MultiALC] lux = 334.0, time = 308275046
05-21 15:52:42.451  1412  1463 I AutomaticBrightnessControllerEx: [MultiALC] lux = 335.0, time = 308295047
05-21 15:53:22.451  1412  1463 I AutomaticBrightnessControllerEx: [MultiALC] lux = 335.0, time = 308335047
05-21 15:53:32.451  1412  1463 I AutomaticBrightnessControllerEx: [MultiALC] lux = 335.0, time = 308345047
05-21 15:54:12.450  1412  1463 I AutomaticBrightnessControllerEx: [MultiALC] lux = 335.0, time = 308385046
05-21 15:54:22.451  1412  1463 I AutomaticBrightnessControllerEx: [MultiALC] lux = 335.0, time = 308395047
05-21 15:55:02.452  1412  1463 I AutomaticBrightnessControllerEx: [MultiALC] lux = 336.0, time = 308435048
05-21 15:55:12.451  1412  1463 I AutomaticBrightnessControllerEx: [MultiALC] lux = 337.0, time = 308445047
05-21 15:55:22.451  1412  1463 I AutomaticBrightnessControllerEx: [MultiALC] lux = 336.0, time = 308455047
05-21 15:55:32.451  1412  1463 I AutomaticBrightnessControllerEx: [MultiALC] lux = 335.0, time = 308465047
05-21 15:55:52.450  1412  1463 I AutomaticBrightnessControllerEx: [MultiALC] lux = 335.0, time = 308485046
05-21 15:56:02.451  1412  1463 I AutomaticBrightnessControllerEx: [MultiALC] lux = 337.0, time = 308495047
05-21 15:56:11.451  1412  1463 I AutomaticBrightnessControllerEx: [MultiALC] lux = 332.0, time = 308504047
05-21 15:56:11.652  1412  1463 I AutomaticBrightnessControllerEx: [MultiALC] lux = 334.0, time = 308504248
05-21 15:56:12.051  1412  1463 I AutomaticBrightnessControllerEx: [MultiALC] lux = 332.0, time = 308504647
05-21 15:56:12.251  1412  1463 I AutomaticBrightnessControllerEx: [MultiALC] lux = 334.0, time = 308504847
05-21 15:56:12.450  1412  1463 I AutomaticBrightnessControllerEx: [MultiALC] lux = 335.0, time = 308505046
05-21 15:56:32.451  1412  1463 I AutomaticBrightnessControllerEx: [MultiALC] lux = 337.0, time = 308525047
05-21 15:56:42.450  1412  1463 I AutomaticBrightnessControllerEx: [MultiALC] lux = 333.0, time = 308535046
05-21 15:56:52.450  1412  1463 I AutomaticBrightnessControllerEx: [MultiALC] lux = 334.0, time = 308545046
05-21 15:56:57.849  1412  1463 I AutomaticBrightnessControllerEx: [MultiALC] lux = 336.0, time = 308550445
05-21 15:57:02.450  1412  1463 I AutomaticBrightnessControllerEx: [MultiALC] lux = 335.0, time = 308555046
05-21 15:57:32.450  1412  1463 I AutomaticBrightnessControllerEx: [MultiALC] lux = 336.0, time = 308585046
05-21 15:57:42.450  1412  1463 I AutomaticBrightnessControllerEx: [MultiALC] lux = 336.0, time = 308595046
05-21 15:58:12.450  1412  1463 I AutomaticBrightnessControllerEx: [MultiALC] lux = 332.0, time = 308625046
05-21 15:58:22.450  1412  1463 I AutomaticBrightnessControllerEx: [MultiALC] lux = 336.0, time = 308635046
05-21 15:58:37.851  1412  1463 I AutomaticBrightnessControllerEx: [MultiALC] lux = 338.0, time = 308650447
05-21 15:58:42.451  1412  1463 I AutomaticBrightnessControllerEx: [MultiALC] lux = 338.0, time = 308655047
05-21 15:59:02.450  1412  1463 I AutomaticBrightnessControllerEx: [MultiALC] lux = 339.0, time = 308675046
05-21 15:59:12.451  1412  1463 I AutomaticBrightnessControllerEx: [MultiALC] lux = 337.0, time = 308685046
05-21 15:59:42.451  1412  1463 I AutomaticBrightnessControllerEx: [MultiALC] lux = 336.0, time = 308715047
05-21 15:59:52.450  1412  1463 I AutomaticBrightnessControllerEx: [MultiALC] lux = 334.0, time = 308725046
05-21 16:00:02.451  1412  1463 I AutomaticBrightnessControllerEx: [MultiALC] lux = 335.0, time = 308735047
05-21 16:00:12.450  1412  1463 I AutomaticBrightnessControllerEx: [MultiALC] lux = 336.0, time = 308745046
05-21 16:00:17.851  1412  1463 I AutomaticBrightnessControllerEx: [MultiALC] lux = 336.0, time = 308750447
05-21 16:00:22.450  1412  1463 I AutomaticBrightnessControllerEx: [MultiALC] lux = 336.0, time = 308755046
05-21 16:00:32.452  1412  1463 I AutomaticBrightnessControllerEx: [MultiALC] lux = 338.0, time = 308765048
05-21 16:00:42.450  1412  1463 I AutomaticBrightnessControllerEx: [MultiALC] lux = 335.0, time = 308775046
05-21 16:01:02.450  1412  1463 I AutomaticBrightnessControllerEx: [MultiALC] lux = 335.0, time = 308795046
05-21 16:01:12.451  1412  1463 I AutomaticBrightnessControllerEx: [MultiALC] lux = 335.0, time = 308805047
05-21 16:01:22.450  1412  1463 I AutomaticBrightnessControllerEx: [MultiALC] lux = 335.0, time = 308815046
05-21 16:01:32.451  1412  1463 I AutomaticBrightnessControllerEx: [MultiALC] lux = 336.0, time = 308825047
05-21 16:01:52.451  1412  1463 I AutomaticBrightnessControllerEx: [MultiALC] lux = 280.0, time = 308845047
05-21 16:01:57.850  1412  1463 I AutomaticBrightnessControllerEx: [MultiALC] lux = 333.0, time = 308850446
05-21 16:02:32.449  1412  1463 I AutomaticBrightnessControllerEx: [MultiALC] lux = 136.0, time = 308885045
05-21 16:02:42.449  1412  1463 I AutomaticBrightnessControllerEx: [MultiALC] lux = 317.0, time = 308895045
05-21 16:02:52.450  1412  1463 I AutomaticBrightnessControllerEx: [MultiALC] lux = 318.0, time = 308905046
05-21 16:03:02.449  1412  1463 I AutomaticBrightnessControllerEx: [MultiALC] lux = 178.0, time = 308915045
05-21 16:03:12.449  1412  1463 I AutomaticBrightnessControllerEx: [MultiALC] lux = 168.0, time = 308925045
05-21 16:03:22.449  1412  1463 I AutomaticBrightnessControllerEx: [MultiALC] lux = 190.0, time = 308935045
05-21 16:03:42.449  1412  1463 I AutomaticBrightnessControllerEx: [MultiALC] lux = 184.0, time = 308955045
05-21 16:03:52.450  1412  1463 I AutomaticBrightnessControllerEx: [MultiALC] lux = 179.0, time = 308965046
05-21 16:04:02.449  1412  1463 I AutomaticBrightnessControllerEx: [MultiALC] lux = 158.0, time = 308975045
05-21 16:04:22.451  1412  1463 I AutomaticBrightnessControllerEx: [MultiALC] lux = 273.0, time = 308995047
05-21 16:04:52.450  1412  1463 I AutomaticBrightnessControllerEx: [MultiALC] lux = 241.0, time = 309025046
05-21 16:05:02.450  1412  1463 I AutomaticBrightnessControllerEx: [MultiALC] lux = 254.0, time = 309035046
05-21 16:05:12.451  1412  1463 I AutomaticBrightnessControllerEx: [MultiALC] lux = 216.0, time = 309045047
05-21 16:05:17.851  1412  1463 I AutomaticBrightnessControllerEx: [MultiALC] lux = 228.0, time = 309050447
05-21 16:05:22.451  1412  1463 I AutomaticBrightnessControllerEx: [MultiALC] lux = 175.0, time = 309055047
05-21 16:05:52.452  1412  1463 I AutomaticBrightnessControllerEx: [MultiALC] lux = 207.0, time = 309085048
05-21 16:06:02.449  1412  1463 I AutomaticBrightnessControllerEx: [MultiALC] lux = 214.0, time = 309095045
05-21 16:06:22.449  1412  1463 I AutomaticBrightnessControllerEx: [MultiALC] lux = 249.0, time = 309115045
05-21 16:06:32.450  1412  1463 I AutomaticBrightnessControllerEx: [MultiALC] lux = 209.0, time = 309125046
05-21 16:06:42.450  1412  1463 I AutomaticBrightnessControllerEx: [MultiALC] lux = 210.0, time = 309135046
05-21 16:06:52.449  1412  1463 I AutomaticBrightnessControllerEx: [MultiALC] lux = 207.0, time = 309145045
05-21 16:06:57.850  1412  1463 I AutomaticBrightnessControllerEx: [MultiALC] lux = 244.0, time = 309150446
05-21 16:07:02.449  1412  1463 I AutomaticBrightnessControllerEx: [MultiALC] lux = 232.0, time = 309155045
05-21 16:07:12.450  1412  1463 I AutomaticBrightnessControllerEx: [MultiALC] lux = 227.0, time = 309165046
05-21 16:07:22.449  1412  1463 I AutomaticBrightnessControllerEx: [MultiALC] lux = 195.0, time = 309175045
05-21 16:07:32.450  1412  1463 I AutomaticBrightnessControllerEx: [MultiALC] lux = 167.0, time = 309185046
05-21 16:07:42.451  1412  1463 I AutomaticBrightnessControllerEx: [MultiALC] lux = 183.0, time = 309195047
05-21 16:07:52.451  1412  1463 I AutomaticBrightnessControllerEx: [MultiALC] lux = 188.0, time = 309205047
05-21 16:08:02.451  1412  1463 I AutomaticBrightnessControllerEx: [MultiALC] lux = 191.0, time = 309215047
05-21 16:08:12.451  1412  1463 I AutomaticBrightnessControllerEx: [MultiALC] lux = 198.0, time = 309225047
05-21 16:08:22.451  1412  1463 I AutomaticBrightnessControllerEx: [MultiALC] lux = 209.0, time = 309235047
05-21 16:08:32.451  1412  1463 I AutomaticBrightnessControllerEx: [MultiALC] lux = 206.0, time = 309245047
05-21 16:08:37.850  1412  1463 I AutomaticBrightnessControllerEx: [MultiALC] lux = 183.0, time = 309250446
05-21 16:08:42.451  1412  1463 I AutomaticBrightnessControllerEx: [MultiALC] lux = 181.0, time = 309255047
05-21 16:08:52.451  1412  1463 I AutomaticBrightnessControllerEx: [MultiALC] lux = 195.0, time = 309265047
05-21 16:09:02.451  1412  1463 I AutomaticBrightnessControllerEx: [MultiALC] lux = 172.0, time = 309275047
05-21 16:09:12.451  1412  1463 I AutomaticBrightnessControllerEx: [MultiALC] lux = 184.0, time = 309285047
05-21 16:09:52.452  1412  1463 I AutomaticBrightnessControllerEx: [MultiALC] lux = 195.0, time = 309325048
05-21 16:10:12.449  1412  1463 I AutomaticBrightnessControllerEx: [MultiALC] lux = 155.0, time = 309345045
05-21 16:10:17.851  1412  1463 I AutomaticBrightnessControllerEx: [MultiALC] lux = 252.0, time = 309350447
05-21 16:10:22.450  1412  1463 I AutomaticBrightnessControllerEx: [MultiALC] lux = 335.0, time = 309355046
05-21 16:10:52.450  1412  1463 I AutomaticBrightnessControllerEx: [MultiALC] lux = 171.0, time = 309385046
05-21 16:11:12.451  1412  1463 I AutomaticBrightnessControllerEx: [MultiALC] lux = 260.0, time = 309405047
05-21 16:11:22.451  1412  1463 I AutomaticBrightnessControllerEx: [MultiALC] lux = 296.0, time = 309415047
05-21 16:11:42.450  1412  1463 I AutomaticBrightnessControllerEx: [MultiALC] lux = 303.0, time = 309435046
05-21 16:11:52.450  1412  1463 I AutomaticBrightnessControllerEx: [MultiALC] lux = 300.0, time = 309445046
05-21 16:11:57.851  1412  1463 I AutomaticBrightnessControllerEx: [MultiALC] lux = 306.0, time = 309450447
05-21 16:12:02.450  1412  1463 I AutomaticBrightnessControllerEx: [MultiALC] lux = 226.0, time = 309455046
05-21 16:12:22.450  1412  1463 I AutomaticBrightnessControllerEx: [MultiALC] lux = 335.0, time = 309475046
05-21 16:12:28.504  1412  1443 D WindowManager: This device does not support multi-display.
05-21 16:12:51.449  1412  1463 I AutomaticBrightnessControllerEx: [MultiALC] lux = 336.0, time = 309504045
05-21 16:12:51.649  1412  1463 I AutomaticBrightnessControllerEx: [MultiALC] lux = 335.0, time = 309504245
05-21 16:12:52.451  1412  1463 I AutomaticBrightnessControllerEx: [MultiALC] lux = 334.0, time = 309505047
05-21 16:13:12.449  1412  1463 I AutomaticBrightnessControllerEx: [MultiALC] lux = 336.0, time = 309525045
05-21 16:13:13.504  1412  1443 D WindowManager: This device does not support multi-display.
05-21 16:13:22.449  1412  1463 I AutomaticBrightnessControllerEx: [MultiALC] lux = 334.0, time = 309535045
05-21 16:13:32.450  1412  1463 I AutomaticBrightnessControllerEx: [MultiALC] lux = 336.0, time = 309545046
05-21 16:13:37.849  1412  1463 I AutomaticBrightnessControllerEx: [MultiALC] lux = 335.0, time = 309550445
05-21 16:13:42.451  1412  1463 I AutomaticBrightnessControllerEx: [MultiALC] lux = 334.0, time = 309555047
05-21 16:13:52.451  1412  1463 I AutomaticBrightnessControllerEx: [MultiALC] lux = 336.0, time = 309565047
05-21 16:14:12.449  1412  1463 I AutomaticBrightnessControllerEx: [MultiALC] lux = 334.0, time = 309585045
05-21 16:15:02.450  1412  1463 I AutomaticBrightnessControllerEx: [MultiALC] lux = 328.0, time = 309635046
05-21 16:15:12.449  1412  1463 I AutomaticBrightnessControllerEx: [MultiALC] lux = 331.0, time = 309645045
05-21 16:15:17.850  1412  1463 I AutomaticBrightnessControllerEx: [MultiALC] lux = 333.0, time = 309650446
05-21 16:15:22.449  1412  1463 I AutomaticBrightnessControllerEx: [MultiALC] lux = 335.0, time = 309655045
05-21 16:15:32.450  1412  1463 I AutomaticBrightnessControllerEx: [MultiALC] lux = 334.0, time = 309665046
05-21 16:15:42.450  1412  1463 I AutomaticBrightnessControllerEx: [MultiALC] lux = 337.0, time = 309675046
05-21 16:16:02.451  1412  1463 I AutomaticBrightnessControllerEx: [MultiALC] lux = 336.0, time = 309695047
05-21 16:16:57.850  1412  1463 I AutomaticBrightnessControllerEx: [MultiALC] lux = 335.0, time = 309750446
05-21 16:17:12.448  1412  1463 I AutomaticBrightnessControllerEx: [MultiALC] lux = 334.0, time = 309765044
05-21 16:17:22.450  1412  1463 I AutomaticBrightnessControllerEx: [MultiALC] lux = 334.0, time = 309775046
05-21 16:17:42.452  1412  1463 I AutomaticBrightnessControllerEx: [MultiALC] lux = 335.0, time = 309795048
05-21 16:17:52.449  1412  1463 I AutomaticBrightnessControllerEx: [MultiALC] lux = 232.0, time = 309805045
05-21 16:18:37.851  1412  1463 I AutomaticBrightnessControllerEx: [MultiALC] lux = 335.0, time = 309850447
05-21 16:18:42.449  1412  1463 I AutomaticBrightnessControllerEx: [MultiALC] lux = 332.0, time = 309855045
05-21 16:19:32.449  1412  1463 I AutomaticBrightnessControllerEx: [MultiALC] lux = 333.0, time = 309905045
05-21 16:19:34.360 32082 32082 I DashboardTest 1請求: 01050400FF008d0a
05-21 16:19:34.360 32082 32082 I DashboardTest 1響應: 01050400ff008d0a
05-21 16:19:42.449  1412  1463 I AutomaticBrightnessControllerEx: [MultiALC] lux = 335.0, time = 309915045
05-21 16:20:02.450  1412  1463 I AutomaticBrightnessControllerEx: [MultiALC] lux = 339.0, time = 309935046
05-21 16:20:12.450  1412  1463 I AutomaticBrightnessControllerEx: [MultiALC] lux = 335.0, time = 309945046
05-21 16:20:17.851  1412  1463 I AutomaticBrightnessControllerEx: [MultiALC] lux = 335.0, time = 309950447
05-21 16:20:36.504  1412  1694 V AlarmManager: ELAPSED_WAKEUP delivery Alarm{47ac96c statsTag *walarm*:*job.delay* type 2 when 367570108 android} when 367570108
05-21 16:20:46.504 32082 32082 W UiThreadStatement: Already on the UI thread, this method should not be called from the main application thread
05-21 16:20:52.449  1412  1463 I AutomaticBrightnessControllerEx: [MultiALC] lux = 340.0, time = 309985045
05-21 16:21:02.450  1412  1463 I AutomaticBrightnessControllerEx: [MultiALC] lux = 341.0, time = 309995046
05-21 16:21:22.449  1412  1463 I AutomaticBrightnessControllerEx: [MultiALC] lux = 336.0, time = 310015045
05-21 16:21:24.320  1412  1440 D GnssStatusListenerHelper: onNmeaReceived re-check permissions of listeners size = 3 mLastCheckTime = 310015915650457
05-21 16:21:34.504   705   741 D sensors_hal_Ctx: polldata:1, count: 12, sensor:0, type:1, x:-2.719000 y:0.000000 z:9.114000
05-21 16:21:42.449  1412  1463 I AutomaticBrightnessControllerEx: [MultiALC] lux = 335.0, time = 310035045
05-21 16:21:50.504   697   697 I hwcomposer: [TOOL] [Display_0 (type:1)] fps:0.201271,dur:4968.42,max:4968.42,min:4968.42  
05-21 16:21:56.857  1412  1694 V AlarmManager: ELAPSED delivery Alarm{5eaac4f statsTag *alarm*:MPT.GPS_ACTION type 3 when 367650443 com.lge.mlt} when 367650443
05-21 16:21:57.849  1412  1463 I AutomaticBrightnessControllerEx: [MultiALC] lux = 266.0, time = 310050445
05-21 16:22:04.451   664   664 D Zygote  : Forked child process 504
05-21 16:22:04.455  1412  1451 I ActivityManager: Start proc 504:com.oringnet.wm/u0a304 for activity {com.oringnet.wm/com.oring.LoginActivity}
05-21 16:22:04.464   504   504 I com.oringnet.w: Late-enabling -Xcheck:jni
05-21 16:22:04.501   504   504 E com.oringnet.w: Unknown bits set in runtime_flags: 0x8000
05-21 16:22:04.565   504   504 I Typeface: Current DefaultTypeface ( default_roboto )
05-21 16:22:05.219   504   504 I MultiDex: VM with version 2.1.0 has multidex support
05-21 16:22:05.220   504   504 I MultiDex: Installing application
05-21 16:22:05.220   504   504 I MultiDex: VM has multidex support, MultiDex support library is disabled.
05-21 16:22:05.220   504   504 I MultiDex: Installing application
05-21 16:22:05.220   504   504 I MultiDex: VM has multidex support, MultiDex support library is disabled.
05-21 16:22:05.235   504   504 I FirebaseInitProvider: FirebaseApp initialization unsuccessful
05-21 16:22:05.321   504   504 D PhoneWindow: windowLightStatusBar : false, disable View.SYSTEM_UI_FLAG_LIGHT_STATUS_BAR
05-21 16:22:05.410   504   504 I ShowFilePath: /storage/emulated/0/Download
05-21 16:22:05.437   504   504 I SQLiteOpenHelper: Create ODimmingSQL.db
05-21 16:22:05.558   504   504 I TouchFilterInputStageHelper: [needTouchEventFilter] Displayid : 0
05-21 16:22:05.565   504   504 D BezellessGripSuppressionFilter: getdisplaysize, x : 720 y : 1600
05-21 16:22:05.581   504   504 I TouchFilterInputStageHelper: [needTouchEventFilter] Displayid : 0
05-21 16:22:05.584   504   504 D BezellessGripSuppressionFilter: getdisplaysize, x : 720 y : 1600
05-21 16:22:05.613   800   852 I BufferQueueConsumer: [com.oringnet.wm/com.oring.LoginActivity@504#0](this:0x798205b000,id:1501,api:0,p:-1,c:800) setConsumerName: com.oringnet.wm/com.oring.LoginActivity@504#0
05-21 16:22:05.613   800   852 I BufferQueueConsumer: [com.oringnet.wm/com.oring.LoginActivity@504#0](this:0x798205b000,id:1501,api:0,p:-1,c:800) setDefaultBufferSize: width=720 height=1600
05-21 16:22:05.613   800   852 I SurfaceFlinger: Create BufferLayer(0x7982145000) com.oringnet.wm/com.oring.LoginActivity@504#0 (720 x 1600)
05-21 16:22:05.624   504   555 I GPUD    : @gpudInitialize: successfully initialized with 1, dbg=0 mmdump_dbg=0
05-21 16:22:05.646   504   555 D Surface : Surface::connect(this=0x77704f5000,api=1)
05-21 16:22:05.646   800  2411 I BufferQueueProducer: [com.oringnet.wm/com.oring.LoginActivity@504#0](this:0x798205b000,id:1501,api:1,p:504,c:800) connect(P): api=1 producer=(504:com.oringnet.wm) producerControlledByApp=false
05-21 16:22:05.648   504   555 D Surface : Surface::setBufferCount(this=0x77704f5000,bufferCount=3)
05-21 16:22:05.648   504   555 D Surface : Surface::allocateBuffers(this=0x77704f5000)
05-21 16:22:05.659   504   555 W Gralloc3: mapper 3.x is not supported
05-21 16:22:05.663   504   555 E ion     : ioctl c0044901 failed with code -1: Invalid argument
05-21 16:22:05.738   800   852 I BufferQueueConsumer: [Toast@504#0](this:0x798205c800,id:1502,api:0,p:-1,c:800) setConsumerName: Toast@504#0
05-21 16:22:05.738   800   852 I BufferQueueConsumer: [Toast@504#0](this:0x798205c800,id:1502,api:0,p:-1,c:800) setDefaultBufferSize: width=285 height=70
05-21 16:22:05.738   800   852 I SurfaceFlinger: Create BufferLayer(0x7982148000) Toast@504#0 (285 x 70)
05-21 16:22:05.745   504   555 D Surface : Surface::connect(this=0x77705ec000,api=1)
05-21 16:22:05.746   800   852 I BufferQueueProducer: [Toast@504#0](this:0x798205c800,id:1502,api:1,p:504,c:800) connect(P): api=1 producer=(504:com.oringnet.wm) producerControlledByApp=false
05-21 16:22:05.747   504   555 D Surface : Surface::setBufferCount(this=0x77705ec000,bufferCount=3)
05-21 16:22:05.747   504   555 D Surface : Surface::allocateBuffers(this=0x77705ec000)
05-21 16:22:05.875   800   800 I MiniDump: 0x7982148000 |     DEVICE |          0 | 0.067 |  217 1460  502 1530 |   0.0   0.0 285.0  70.0 | Toast@504#0
05-21 16:22:05.881   504   504 I Timeline: Timeline: Activity_idle id: android.os.BinderProxy@c6b8896 time:310058477
05-21 16:22:05.909   800   800 I MiniDump: 0x7982145000 |     DEVICE |          0 | 1.000 |    0    0  720 1600 |   0.0   0.0 720.0 1600.0 | com.oringnet.wm/com.oring.LoginActivity@504#0
05-21 16:22:05.909   800   800 I MiniDump: 0x7982148000 |     DEVICE |          0 | 0.190 |  217 1460  502 1530 |   0.0   0.0 285.0  70.0 | Toast@504#0
05-21 16:22:06.027   800   800 I SurfaceFlinger: screenshot (com.oringnet.wm/com.oring.LoginActivity@504#0)
05-21 16:22:06.042   800   800 I MiniDump: 0x7982145000 |     DEVICE |          0 | 1.000 |    0    0  720 1600 |   0.0   0.0 720.0 1600.0 | com.oringnet.wm/com.oring.LoginActivity@504#0
05-21 16:22:06.042   800   800 I MiniDump: 0x7982148000 |     DEVICE |          0 | 0.598 |  217 1460  502 1530 |   0.0   0.0 285.0  70.0 | Toast@504#0
05-21 16:22:06.276   800   800 I SurfaceFlinger: screenshot (com.oringnet.wm/com.oring.LoginActivity@504#0)
05-21 16:22:06.458   800   800 I SurfaceFlinger: screenshot (com.oringnet.wm/com.oring.LoginActivity@504#0)
05-21 16:22:06.483   800   800 I SurfaceFlinger: screenshot (com.oringnet.wm/com.oring.LoginActivity@504#0)
05-21 16:22:06.483   800   800 I SurfaceFlinger: screenshot (Toast@504#0)
05-21 16:22:06.559   800   800 I SurfaceFlinger: screenshot (com.oringnet.wm/com.oring.LoginActivity@504#0)
05-21 16:22:06.974   504   504 I ViewRootImpl: ViewRoot's Touch Event : ACTION_DOWN
05-21 16:22:06.975   800   800 I SurfaceFlinger: screenshot (com.oringnet.wm/com.oring.LoginActivity@504#0)
05-21 16:22:06.980   504   504 I ViewRootImpl: ViewRoot's Touch Event : ACTION_UP
05-21 16:22:07.010  1412  3659 I ActivityTaskManager: The Process com.oringnet.wm Already Exists in BG. So sending its PID: 504
05-21 16:22:07.024   504   504 W ActivityThread: handleWindowVisibility: no activity for token android.os.BinderProxy@b77c3ad
05-21 16:22:07.066   504   504 D PhoneWindow: windowLightStatusBar : false, disable View.SYSTEM_UI_FLAG_LIGHT_STATUS_BAR
05-21 16:22:07.075   800   800 I SurfaceFlinger: screenshot (com.oringnet.wm/com.oring.LoginActivity@504#0)
05-21 16:22:07.142   504   504 D BluetoothAdapter: startLeScan(): null
05-21 16:22:07.146   504   504 D BluetoothAdapter: isLeEnabled(): ON
05-21 16:22:07.154   504   542 D BluetoothLeScanner: onScannerRegistered() - status=0 scannerId=8 mScannerId=0
05-21 16:22:07.203   800   800 I SurfaceFlinger: screenshot (com.oringnet.wm/com.oring.LoginActivity@504#0)
05-21 16:22:07.216   504   504 I TouchFilterInputStageHelper: [needTouchEventFilter] Displayid : 0
05-21 16:22:07.220   504   504 D BezellessGripSuppressionFilter: getdisplaysize, x : 720 y : 1600
05-21 16:22:07.242   800  4119 I BufferQueueConsumer: [com.oringnet.wm/com.oring.ble.BLEScanActivity@504#0](this:0x7982058000,id:1503,api:0,p:-1,c:800) setConsumerName: com.oringnet.wm/com.oring.ble.BLEScanActivity@504#0
05-21 16:22:07.242   800  4119 I BufferQueueConsumer: [com.oringnet.wm/com.oring.ble.BLEScanActivity@504#0](this:0x7982058000,id:1503,api:0,p:-1,c:800) setDefaultBufferSize: width=720 height=1533
05-21 16:22:07.242   800  4119 I SurfaceFlinger: Create BufferLayer(0x798209d000) com.oringnet.wm/com.oring.ble.BLEScanActivity@504#0 (720 x 1533)
05-21 16:22:07.261   504   555 D Surface : Surface::connect(this=0x776b54b000,api=1)
05-21 16:22:07.261   800  4119 I BufferQueueProducer: [com.oringnet.wm/com.oring.ble.BLEScanActivity@504#0](this:0x7982058000,id:1503,api:1,p:504,c:800) connect(P): api=1 producer=(504:com.oringnet.wm) producerControlledByApp=false
05-21 16:22:07.263   504   555 D Surface : Surface::setBufferCount(this=0x776b54b000,bufferCount=3)
05-21 16:22:07.263   504   555 D Surface : Surface::allocateBuffers(this=0x776b54b000)
05-21 16:22:07.308   800   800 I SurfaceFlinger: screenshot (com.oringnet.wm/com.oring.LoginActivity@504#0)
05-21 16:22:07.329   800  4119 I BufferQueueProducer: [com.oringnet.wm/com.oring.LoginActivity@504#0](this:0x798205b000,id:1501,api:1,p:504,c:800) queueBuffer: fps=1.87 dur=1603.22 max=1459.27 min=29.37
05-21 16:22:07.338   504   628 I FastBle : device detected  ------  name: WM_willy_test  mac: 18:04:ED:6E:5F:53  Rssi: -62  scanRecord: 02 01 06 11 06 9e ca dc 24 0e e5 a9 e0 93 f3 a3 b5 01 00 40 6e 06 ff 0d 00 c0 ff ee 15 09 57 4d 5f 77 69 6c 6c 79 5f 74 65 73 74 00 00 00 00 00 00 00 05 12 50 00 20 03 02 0a 00 00 00 00
05-21 16:22:07.393   800   800 I MiniDump: 0x7982145000 |     DEVICE |          0 | 0.974 |    0    0  720 1599 |   0.0   1.0 720.0 1600.0 | com.oringnet.wm/com.oring.LoginActivity@504#0
05-21 16:22:07.393   800   800 I MiniDump: 0x798209d000 |     DEVICE |          0 | 0.741 |    0  373  720 1600 |   0.0   0.0 720.0 1227.0 | com.oringnet.wm/com.oring.ble.BLEScanActivity@504#0
05-21 16:22:07.393   800   800 I MiniDump: 0x7982148000 |     DEVICE |          0 | 1.000 |  217 1460  502 1530 |   0.0   0.0 285.0  70.0 | Toast@504#0
05-21 16:22:07.509   504   504 I Timeline: Timeline: Activity_idle id: android.os.BinderProxy@b77c3ad time:310060105
05-21 16:22:07.515   504   555 D Surface : Surface::disconnect(this=0x77705ec000,api=1)
05-21 16:22:07.515   800  2411 I BufferQueueProducer: [Toast@504#0](this:0x798205c800,id:1502,api:1,p:504,c:800) disconnect(P): api 1
05-21 16:22:07.560   800   800 I SurfaceFlinger: screenshot (com.oringnet.wm/com.oring.ble.BLEScanActivity@504#0)
05-21 16:22:07.626   504   555 D Surface : Surface::disconnect(this=0x77704f5000,api=1)
05-21 16:22:07.627   800   800 I MiniDump: 0x798209d000 |     DEVICE |          0 | 1.000 |    0   67  720 1600 |   0.0   0.0 720.0 1533.0 | com.oringnet.wm/com.oring.ble.BLEScanActivity@504#0
05-21 16:22:07.627   800   800 I MiniDump: 0x7982148000 |     DEVICE |          0 | 0.973 |  217 1460  502 1530 |   0.0   0.0 285.0  70.0 | Toast@504#0
05-21 16:22:07.627   800  4119 I BufferQueueProducer: [com.oringnet.wm/com.oring.LoginActivity@504#0](this:0x798205b000,id:1501,api:1,p:504,c:800) disconnect(P): api 1
05-21 16:22:07.673   800   800 I SurfaceFlinger: Remove BufferLayer(0x7982145000) com.oringnet.wm/com.oring.LoginActivity@504#0 (-1 x -1)
05-21 16:22:07.690   800   800 I SurfaceFlinger: Remove BufferLayer(0x7982145000) com.oringnet.wm/com.oring.LoginActivity@504#0 (-1 x -1)
05-21 16:22:07.690   800   800 I BufferQueue: [com.oringnet.wm/com.oring.LoginActivity@504#0](this:0x798205b000,id:1501,api:1,p:-1,c:-1) ~BufferQueueCore
05-21 16:22:07.708   800   800 I MiniDump: 0x798209d000 |     DEVICE |          0 | 1.000 |    0   67  720 1600 |   0.0   0.0 720.0 1533.0 | com.oringnet.wm/com.oring.ble.BLEScanActivity@504#0
05-21 16:22:07.708   800   800 I MiniDump: 0x7982148000 |     DEVICE |          0 | 0.890 |  217 1460  502 1530 |   0.0   0.0 285.0  70.0 | Toast@504#0
05-21 16:22:07.811   800   800 I SurfaceFlinger: screenshot (com.oringnet.wm/com.oring.ble.BLEScanActivity@504#0)
05-21 16:22:07.932   800   800 I SurfaceFlinger: screenshot (com.oringnet.wm/com.oring.ble.BLEScanActivity@504#0)
05-21 16:22:08.043   800   800 I MiniDump: 0x798209d000 |     DEVICE |          0 | 1.000 |    0   67  720 1600 |   0.0   0.0 720.0 1533.0 | com.oringnet.wm/com.oring.ble.BLEScanActivity@504#0
05-21 16:22:08.056   800   800 I SurfaceFlinger: Remove BufferLayer(0x7982148000) Toast@504#0 (-1 x -1)
05-21 16:22:08.056   800   800 I BufferQueue: [Toast@504#0](this:0x798205c800,id:1502,api:1,p:-1,c:-1) ~BufferQueueCore
05-21 16:22:08.076   800   800 I SurfaceFlinger: screenshot (com.oringnet.wm/com.oring.ble.BLEScanActivity@504#0)
05-21 16:22:08.192   800   800 I SurfaceFlinger: screenshot (com.oringnet.wm/com.oring.ble.BLEScanActivity@504#0)
05-21 16:22:08.375   800   800 I SurfaceFlinger: screenshot (com.oringnet.wm/com.oring.ble.BLEScanActivity@504#0)
05-21 16:22:08.475   800   800 I SurfaceFlinger: screenshot (com.oringnet.wm/com.oring.ble.BLEScanActivity@504#0)
05-21 16:22:08.559   800   800 I SurfaceFlinger: screenshot (com.oringnet.wm/com.oring.ble.BLEScanActivity@504#0)
05-21 16:22:08.576   800   800 I SurfaceFlinger: screenshot (com.oringnet.wm/com.oring.ble.BLEScanActivity@504#0)
05-21 16:22:08.692   800   800 I SurfaceFlinger: screenshot (com.oringnet.wm/com.oring.ble.BLEScanActivity@504#0)
05-21 16:22:08.792   800   800 I SurfaceFlinger: screenshot (com.oringnet.wm/com.oring.ble.BLEScanActivity@504#0)
05-21 16:22:08.926   800   800 I SurfaceFlinger: screenshot (com.oringnet.wm/com.oring.ble.BLEScanActivity@504#0)
05-21 16:22:09.042   800   800 I SurfaceFlinger: screenshot (com.oringnet.wm/com.oring.ble.BLEScanActivity@504#0)
05-21 16:22:09.142   800   800 I SurfaceFlinger: screenshot (com.oringnet.wm/com.oring.ble.BLEScanActivity@504#0)
05-21 16:22:09.242   800   800 I SurfaceFlinger: screenshot (com.oringnet.wm/com.oring.ble.BLEScanActivity@504#0)
05-21 16:22:09.708   504   504 I ViewRootImpl: ViewRoot's Touch Event : ACTION_DOWN
05-21 16:22:09.708   800   800 I SurfaceFlinger: screenshot (com.oringnet.wm/com.oring.ble.BLEScanActivity@504#0)
05-21 16:22:09.717   504   504 I ViewRootImpl: ViewRoot's Touch Event : ACTION_UP
05-21 16:22:09.738   504   504 D PhoneWindow: windowLightStatusBar : false, disable View.SYSTEM_UI_FLAG_LIGHT_STATUS_BAR
05-21 16:22:09.764   504   504 I TouchFilterInputStageHelper: [needTouchEventFilter] Displayid : 0
05-21 16:22:09.767   504   504 D BezellessGripSuppressionFilter: getdisplaysize, x : 720 y : 1600
05-21 16:22:09.778   504   504 I FastBle : connect device: WM_willy_test
05-21 16:22:09.778   504   504 I FastBle : mac: 18:04:ED:6E:5F:53
05-21 16:22:09.778   504   504 I FastBle : autoConnect: false
05-21 16:22:09.778   504   504 I FastBle : currentThread: 2
05-21 16:22:09.778   504   504 I FastBle : connectCount:1
05-21 16:22:09.780   504   504 D BluetoothGatt: connect() - device: 18:04:ED:6E:5F:53, auto: false
05-21 16:22:09.780   504   504 D BluetoothGatt: registerApp()
05-21 16:22:09.781   504   504 D BluetoothGatt: registerApp() - UUID=21af9d21-661c-4d64-b7e1-bab52b29e745
05-21 16:22:09.784   504   542 D BluetoothGatt: onClientRegistered() - status=0 clientIf=9
05-21 16:22:09.805   800   852 I BufferQueue: [unnamed-800-1504](this:0x798212d000,id:1504,api:0,p:-1,c:-1) BufferQueue core=(800:/system/bin/surfaceflinger)
05-21 16:22:09.805   800   852 I BufferQueueConsumer: [unnamed-800-1504](this:0x798212d000,id:1504,api:0,p:-1,c:800) connect(C): consumer=(800:/system/bin/surfaceflinger) controlledByApp=false
05-21 16:22:09.805   800   852 I BufferQueueConsumer: [unnamed-800-1504](this:0x798212d000,id:1504,api:0,p:-1,c:800) setConsumerName: unnamed-800-1504
05-21 16:22:09.805   800   852 I BufferQueueConsumer: [com.oringnet.wm/com.oring.ble.BLEScanActivity@504#1](this:0x798212d000,id:1504,api:0,p:-1,c:800) setConsumerName: com.oringnet.wm/com.oring.ble.BLEScanActivity@504#1
05-21 16:22:09.805   800   852 I BufferQueueConsumer: [com.oringnet.wm/com.oring.ble.BLEScanActivity@504#1](this:0x798212d000,id:1504,api:0,p:-1,c:800) setDefaultBufferSize: width=126 height=126
05-21 16:22:09.805   800   852 I SurfaceFlinger: Create BufferLayer(0x7982190000) com.oringnet.wm/com.oring.ble.BLEScanActivity@504#1 (126 x 126)
05-21 16:22:09.814   504   555 D Surface : Surface::connect(this=0x776b6e9000,api=1)
05-21 16:22:09.815   800   852 I BufferQueueProducer: [com.oringnet.wm/com.oring.ble.BLEScanActivity@504#1](this:0x798212d000,id:1504,api:1,p:504,c:800) connect(P): api=1 producer=(504:com.oringnet.wm) producerControlledByApp=false
05-21 16:22:09.817   504   555 D Surface : Surface::setBufferCount(this=0x776b6e9000,bufferCount=3)
05-21 16:22:09.817   504   555 D Surface : Surface::allocateBuffers(this=0x776b6e9000)
05-21 16:22:09.843   800   800 I SurfaceFlinger: screenshot (com.oringnet.wm/com.oring.ble.BLEScanActivity@504#0)
05-21 16:22:09.892   800   800 I MiniDump: 0x798209d000 |     DEVICE |          0 | 1.000 |    0   67  720 1600 |   0.0   0.0 720.0 1533.0 | com.oringnet.wm/com.oring.ble.BLEScanActivity@504#0
05-21 16:22:09.892   800   800 I MiniDump: 0x7982190000 |     DEVICE |          0 | 0.287 |  301  760  419  878 |   0.0   0.0 126.0 126.0 | com.oringnet.wm/com.oring.ble.BLEScanActivity@504#1
05-21 16:22:10.047   504   542 D BluetoothGatt: onClientConnectionState() - status=0 clientIf=9 device=18:04:ED:6E:5F:53
05-21 16:22:10.048   504   542 I FastBle : BluetoothGattCallback：onConnectionStateChange 
05-21 16:22:10.048   504   542 I FastBle : status: 0
05-21 16:22:10.048   504   542 I FastBle : newState: 2
05-21 16:22:10.048   504   542 I FastBle : currentThread: 8364
05-21 16:22:10.096   800   800 I SurfaceFlinger: screenshot (com.oringnet.wm/com.oring.ble.BLEScanActivity@504#0)
05-21 16:22:10.107   800   800 I SurfaceFlinger: Remove BufferLayer(0x7982190000) com.oringnet.wm/com.oring.ble.BLEScanActivity@504#1 (-1 x -1)
05-21 16:22:10.486   504   542 D BluetoothGatt: onConnectionUpdated() - Device=18:04:ED:6E:5F:53 interval=6 latency=0 timeout=500 status=0
05-21 16:22:10.549   504   504 D BluetoothGatt: discoverServices() - device: 18:04:ED:6E:5F:53
05-21 16:22:10.666   504   542 D BluetoothGatt: onSearchComplete() = Device=18:04:ED:6E:5F:53 Status=0
05-21 16:22:10.667   504   542 I FastBle : BluetoothGattCallback：onServicesDiscovered 
05-21 16:22:10.667   504   542 I FastBle : status: 0
05-21 16:22:10.667   504   542 I FastBle : currentThread: 8364
05-21 16:22:10.684   504   555 D Surface : Surface::disconnect(this=0x776b6e9000,api=1)
05-21 16:22:10.685   800   852 I BufferQueueProducer: [com.oringnet.wm/com.oring.ble.BLEScanActivity@504#1](this:0x798212d000,id:1504,api:1,p:504,c:800) disconnect(P): api 1
05-21 16:22:10.746   504   504 D BluetoothAdapter: stopLeScan()
05-21 16:22:10.748   800   800 I SurfaceFlinger: screenshot (com.oringnet.wm/com.oring.ble.BLEScanActivity@504#0)
05-21 16:22:10.748   504   504 D BluetoothAdapter: isLeEnabled(): ON
05-21 16:22:10.754  1412  3156 I ActivityTaskManager: The Process com.oringnet.wm Already Exists in BG. So sending its PID: 504
05-21 16:22:10.769   504   504 W ActivityThread: handleWindowVisibility: no activity for token android.os.BinderProxy@43c54b5
05-21 16:22:10.774   504   538 D BluetoothGatt: onConnectionUpdated() - Device=18:04:ED:6E:5F:53 interval=39 latency=0 timeout=500 status=0
05-21 16:22:10.834   800   852 I BufferQueueProducer: [com.oringnet.wm/com.oring.ble.BLEScanActivity@504#0](this:0x7982058000,id:1503,api:1,p:504,c:800) queueBuffer: fps=0.85 dur=3511.04 max=3340.93 min=55.73
05-21 16:22:10.862   504   504 D PhoneWindow: windowLightStatusBar : false, disable View.SYSTEM_UI_FLAG_LIGHT_STATUS_BAR
05-21 16:22:10.875   800   800 I MiniDump: 0x798209d000 |     DEVICE |          0 | 1.000 |    0   67  720 1600 |   0.0   0.0 720.0 1533.0 | com.oringnet.wm/com.oring.ble.BLEScanActivity@504#0
05-21 16:22:10.957   800   800 I SurfaceFlinger: Remove BufferLayer(0x7982190000) com.oringnet.wm/com.oring.ble.BLEScanActivity@504#1 (-1 x -1)
05-21 16:22:10.957   800   800 I BufferQueue: [com.oringnet.wm/com.oring.ble.BLEScanActivity@504#1](this:0x798212d000,id:1504,api:1,p:-1,c:-1) ~BufferQueueCore
05-21 16:22:10.960   800   800 I MiniDump: 0x798209d000 |     DEVICE |          0 | 1.000 |    0   67  720 1600 |   0.0   0.0 720.0 1533.0 | com.oringnet.wm/com.oring.ble.BLEScanActivity@504#0
05-21 16:22:10.993   800   800 I SurfaceFlinger: screenshot (com.oringnet.wm/com.oring.ble.BLEScanActivity@504#0)
05-21 16:22:11.033   504   504 D BluetoothGatt: setCharacteristicNotification() - uuid: 6e400003-b5a3-f393-e0a9-e50e24dcca9e enable: true
05-21 16:22:11.056   504   504 I TouchFilterInputStageHelper: [needTouchEventFilter] Displayid : 0
05-21 16:22:11.063   504   504 D BezellessGripSuppressionFilter: getdisplaysize, x : 720 y : 1600
05-21 16:22:11.093   800   852 I BufferQueueConsumer: [com.oringnet.wm/com.oring.ble.BLECreateActivity@504#0](this:0x7982145000,id:1505,api:0,p:-1,c:800) setConsumerName: com.oringnet.wm/com.oring.ble.BLECreateActivity@504#0
05-21 16:22:11.093   800   852 I BufferQueueConsumer: [com.oringnet.wm/com.oring.ble.BLECreateActivity@504#0](this:0x7982145000,id:1505,api:0,p:-1,c:800) setDefaultBufferSize: width=720 height=1533
05-21 16:22:11.093   800   852 I SurfaceFlinger: Create BufferLayer(0x79820ab000) com.oringnet.wm/com.oring.ble.BLECreateActivity@504#0 (720 x 1533)
05-21 16:22:11.108   504   555 D Surface : Surface::connect(this=0x776b7a2000,api=1)
05-21 16:22:11.109   800   852 I BufferQueueProducer: [com.oringnet.wm/com.oring.ble.BLECreateActivity@504#0](this:0x7982145000,id:1505,api:1,p:504,c:800) connect(P): api=1 producer=(504:com.oringnet.wm) producerControlledByApp=false
05-21 16:22:11.109   800   800 I SurfaceFlinger: screenshot (com.oringnet.wm/com.oring.ble.BLEScanActivity@504#0)
05-21 16:22:11.110   504   555 D Surface : Surface::setBufferCount(this=0x776b7a2000,bufferCount=3)
05-21 16:22:11.111   504   555 D Surface : Surface::allocateBuffers(this=0x776b7a2000)
05-21 16:22:11.192   800   800 I MiniDump: 0x798209d000 |     DEVICE |          0 | 0.994 |    0   67  720 1600 |   0.0   0.0 720.0 1533.0 | com.oringnet.wm/com.oring.ble.BLEScanActivity@504#0
05-21 16:22:11.192   800   800 I MiniDump: 0x79820ab000 |     DEVICE |          0 | 0.232 |    0  384  720 1600 |   0.0   0.0 720.0 1216.0 | com.oringnet.wm/com.oring.ble.BLECreateActivity@504#0
05-21 16:22:11.200   504   504 D PhoneWindow: windowLightStatusBar : false, disable View.SYSTEM_UI_FLAG_LIGHT_STATUS_BAR
05-21 16:22:11.223   504   504 I TouchFilterInputStageHelper: [needTouchEventFilter] Displayid : 0
05-21 16:22:11.229   504   504 D BezellessGripSuppressionFilter: getdisplaysize, x : 720 y : 1600
05-21 16:22:11.257   800  4119 I BufferQueueConsumer: [com.oringnet.wm/com.oring.ble.BLECreateActivity@504#1](this:0x7981e38800,id:1506,api:0,p:-1,c:800) setConsumerName: com.oringnet.wm/com.oring.ble.BLECreateActivity@504#1
05-21 16:22:11.257   800  4119 I BufferQueueConsumer: [com.oringnet.wm/com.oring.ble.BLECreateActivity@504#1](this:0x7981e38800,id:1506,api:0,p:-1,c:800) setDefaultBufferSize: width=126 height=126
05-21 16:22:11.257   800  4119 I SurfaceFlinger: Create BufferLayer(0x79821a8000) com.oringnet.wm/com.oring.ble.BLECreateActivity@504#1 (126 x 126)
05-21 16:22:11.267   504   555 D Surface : Surface::connect(this=0x770918e000,api=1)
05-21 16:22:11.267   800   852 I BufferQueueProducer: [com.oringnet.wm/com.oring.ble.BLECreateActivity@504#1](this:0x7981e38800,id:1506,api:1,p:504,c:800) connect(P): api=1 producer=(504:com.oringnet.wm) producerControlledByApp=false
05-21 16:22:11.268   504   555 D Surface : Surface::setBufferCount(this=0x770918e000,bufferCount=3)
05-21 16:22:11.269   504   555 D Surface : Surface::allocateBuffers(this=0x770918e000)
05-21 16:22:11.322   504   504 I CreateTest 1響應: 01030875666b786e69476742f5
05-21 16:22:11.323   504   504 I CreateTest 1請求: 01030200000445b1
05-21 16:22:11.323   504   504 I Timeline: Timeline: Activity_idle id: android.os.BinderProxy@43c54b5 time:310063919
05-21 16:22:11.342   800   800 I MiniDump: 0x798209d000 |     DEVICE |          0 | 0.515 |    0   38  720 1571 |   0.0   0.0 720.0 1533.0 | com.oringnet.wm/com.oring.ble.BLEScanActivity@504#0
05-21 16:22:11.342   800   800 I MiniDump: 0x79820ab000 |     DEVICE |          0 | 1.000 |    0  101  720 1600 |   0.0   0.0 720.0 1499.0 | com.oringnet.wm/com.oring.ble.BLECreateActivity@504#0
05-21 16:22:11.343   800   800 I MiniDump: 0x79821a8000 |     DEVICE |          0 | 0.303 |  301  794  419  911 |   0.0   0.0 126.0 126.0 | com.oringnet.wm/com.oring.ble.BLECreateActivity@504#1
05-21 16:22:11.350   800   800 I SurfaceFlinger: screenshot (com.oringnet.wm/com.oring.ble.BLECreateActivity@504#0)
05-21 16:22:11.407   504   504 I CreateTest 1請求: 0103020400040470
05-21 16:22:11.418   504   504 I CreateTest 1響應: 0103086f6f426441797070d392
05-21 16:22:11.444   504   555 D Surface : Surface::disconnect(this=0x776b54b000,api=1)
05-21 16:22:11.445   800   852 I BufferQueueProducer: [com.oringnet.wm/com.oring.ble.BLEScanActivity@504#0](this:0x7982058000,id:1503,api:1,p:504,c:800) disconnect(P): api 1
05-21 16:22:11.445   800   800 I MiniDump: 0x79820ab000 |     DEVICE |          0 | 1.000 |    0   67  720 1600 |   0.0   0.0 720.0 1533.0 | com.oringnet.wm/com.oring.ble.BLECreateActivity@504#0
05-21 16:22:11.445   800   800 I MiniDump: 0x79821a8000 |     DEVICE |          0 | 0.989 |  297  756  423  882 |   0.0   0.0 126.0 126.0 | com.oringnet.wm/com.oring.ble.BLECreateActivity@504#1
05-21 16:22:11.504   504   504 I CreateTest 1請求: 010302080004c473
05-21 16:22:11.505   504   504 I HEX:    : 75666b786e6947676f6f4264417970707569006d
05-21 16:22:11.507   800   800 I SurfaceFlinger: Remove BufferLayer(0x798209d000) com.oringnet.wm/com.oring.ble.BLEScanActivity@504#0 (-1 x -1)
05-21 16:22:11.507   800   800 I BufferQueue: [com.oringnet.wm/com.oring.ble.BLEScanActivity@504#0](this:0x7982058000,id:1503,api:1,p:-1,c:-1) ~BufferQueueCore
05-21 16:22:11.508   504   504 I DeviceName:: NULL
05-21 16:22:11.509   504   504 I DeviceName:: fuxkingGoodByAppium
05-21 16:22:11.528   504   504 I CreateTest 0響應: 0103087569006d000000000603
05-21 16:22:11.602   504   504 I CreateTest 0請求: 0103021000044474
05-21 16:22:11.603   504   504 I HEX:    : 
05-21 16:22:11.610   800   800 I SurfaceFlinger: screenshot (com.oringnet.wm/com.oring.ble.BLECreateActivity@504#0)
05-21 16:22:11.615   504   504 I CreateTest 2響應: 010308000000000000000095d7
05-21 16:22:11.699   504   504 I CreateTest 2請求: 010402140004b075
05-21 16:22:11.713   504   504 I CreateTest 2響應: 0104086f695f74657474731ff4
05-21 16:22:11.726   800   800 I SurfaceFlinger: screenshot (com.oringnet.wm/com.oring.ble.BLECreateActivity@504#0)
05-21 16:22:11.798   504   504 I CreateTest 2請求: 0104021800047076
05-21 16:22:11.799   504   504 I HEX:    : 6f695f74657474733830
05-21 16:22:11.817   504   504 I CreateTest 3響應: 010408383000000000000016bc
05-21 16:22:11.860   800   800 I SurfaceFlinger: screenshot (com.oringnet.wm/com.oring.ble.BLECreateActivity@504#0)
05-21 16:22:11.894   504   504 I CreateTest 3請求: 010402270004407a
05-21 16:22:11.899   504   504 I HEX:    : ff89fffffffa
05-21 16:22:11.915   504   504 I CreateTest 4響應: 0104080000ff89fffffffa2c4a
05-21 16:22:11.960   800   800 I SurfaceFlinger: screenshot (com.oringnet.wm/com.oring.ble.BLECreateActivity@504#0)
05-21 16:22:11.995   504   504 I CreateTest 4請求: 010303E80004c479
05-21 16:22:11.996   504   504 I HEX:    : 323134333635
05-21 16:22:11.999   504   504 I Password: : 123456
05-21 16:22:12.036   504   504 I CreateTest 5響應: 0103083231343336350000282f
05-21 16:22:12.064   504   504 I TouchFilterInputStageHelper: [needTouchEventFilter] Displayid : 0
05-21 16:22:12.069   504   504 D BezellessGripSuppressionFilter: getdisplaysize, x : 720 y : 1600
05-21 16:22:12.087   800   975 I BufferQueueConsumer: [Toast@504#0](this:0x798ea0a000,id:1507,api:0,p:-1,c:800) setConsumerName: Toast@504#0
05-21 16:22:12.087   800   975 I BufferQueueConsumer: [Toast@504#0](this:0x798ea0a000,id:1507,api:0,p:-1,c:800) setDefaultBufferSize: width=249 height=70
05-21 16:22:12.087   800   975 I SurfaceFlinger: Create BufferLayer(0x798eaf2000) Toast@504#0 (249 x 70)
05-21 16:22:12.098   504   555 D Surface : Surface::connect(this=0x776b54b000,api=1)
05-21 16:22:12.099   800  4119 I BufferQueueProducer: [Toast@504#0](this:0x798ea0a000,id:1507,api:1,p:504,c:800) connect(P): api=1 producer=(504:com.oringnet.wm) producerControlledByApp=false
05-21 16:22:12.100   504   555 D Surface : Surface::setBufferCount(this=0x776b54b000,bufferCount=3)
05-21 16:22:12.100   504   555 D Surface : Surface::allocateBuffers(this=0x776b54b000)
05-21 16:22:12.142   504   504 I CreateTest 5請求: 010303F8000105bf
05-21 16:22:12.142   504   504 I CloudConfig: : 2
05-21 16:22:12.149   504   504 I CreateTest 6響應: 01030200023985
05-21 16:22:12.160   800   800 I MiniDump: 0x79820ab000 |     DEVICE |          0 | 1.000 |    0   67  720 1600 |   0.0   0.0 720.0 1533.0 | com.oringnet.wm/com.oring.ble.BLECreateActivity@504#0
05-21 16:22:12.160   800   800 I MiniDump: 0x79821a8000 |     DEVICE |          0 | 1.000 |  297  756  423  882 |   0.0   0.0 126.0 126.0 | com.oringnet.wm/com.oring.ble.BLECreateActivity@504#1
05-21 16:22:12.160   800   800 I MiniDump: 0x798eaf2000 |     DEVICE |          0 | 0.063 |  235 1460  484 1530 |   0.0   0.0 249.0  70.0 | Toast@504#0
05-21 16:22:12.214   800   800 I SurfaceFlinger: screenshot (com.oringnet.wm/com.oring.ble.BLECreateActivity@504#0)
05-21 16:22:12.235   504   504 I fc_Status:: 00false
05-21 16:22:12.245   504   555 D Surface : Surface::disconnect(this=0x770918e000,api=1)
05-21 16:22:12.246   800  4119 I BufferQueueProducer: [com.oringnet.wm/com.oring.ble.BLECreateActivity@504#1](this:0x7981e38800,id:1506,api:1,p:504,c:800) disconnect(P): api 1
05-21 16:22:12.268   504   504 I CreateTest -1響應: 010101005188
05-21 16:22:12.269   504   504 I CreateTest -1請求: 010104000001fcfa
05-21 16:22:12.315   800   800 I SurfaceFlinger: screenshot (com.oringnet.wm/com.oring.ble.BLECreateActivity@504#0)
05-21 16:22:12.337   800  4119 I BufferQueueProducer: [com.oringnet.wm/com.oring.ble.BLECreateActivity@504#0](this:0x7982145000,id:1505,api:1,p:504,c:800) queueBuffer: fps=1.68 dur=1189.85 max=1146.52 min=43.33
05-21 16:22:12.428   800   800 I MiniDump: 0x79820ab000 |     DEVICE |          0 | 1.000 |    0   67  720 1600 |   0.0   0.0 720.0 1533.0 | com.oringnet.wm/com.oring.ble.BLECreateActivity@504#0
05-21 16:22:12.428   800   800 I MiniDump: 0x798eaf2000 |     DEVICE |          0 | 0.812 |  235 1460  484 1530 |   0.0   0.0 249.0  70.0 | Toast@504#0
05-21 16:22:12.507   800   800 I SurfaceFlinger: Remove BufferLayer(0x79821a8000) com.oringnet.wm/com.oring.ble.BLECreateActivity@504#1 (-1 x -1)
05-21 16:22:12.507   800   800 I BufferQueue: [com.oringnet.wm/com.oring.ble.BLECreateActivity@504#1](this:0x7981e38800,id:1506,api:1,p:-1,c:-1) ~BufferQueueCore
05-21 16:22:12.510   800   800 I MiniDump: 0x79820ab000 |     DEVICE |          0 | 1.000 |    0   67  720 1600 |   0.0   0.0 720.0 1533.0 | com.oringnet.wm/com.oring.ble.BLECreateActivity@504#0
05-21 16:22:12.510   800   800 I MiniDump: 0x798eaf2000 |     DEVICE |          0 | 0.928 |  235 1460  484 1530 |   0.0   0.0 249.0  70.0 | Toast@504#0
05-21 16:22:12.578   800   800 I SurfaceFlinger: screenshot (com.oringnet.wm/com.oring.ble.BLECreateActivity@504#0)
05-21 16:22:12.641   800   800 I SurfaceFlinger: Remove BufferLayer(0x798eaf2000) Toast@504#0 (-1 x -1)
05-21 16:22:12.829   800   800 I SurfaceFlinger: screenshot (com.oringnet.wm/com.oring.ble.BLECreateActivity@504#0)
05-21 16:22:13.095   800   800 I SurfaceFlinger: screenshot (com.oringnet.wm/com.oring.ble.BLECreateActivity@504#0)
05-21 16:22:13.263   800   800 I SurfaceFlinger: screenshot (com.oringnet.wm/com.oring.ble.BLECreateActivity@504#0)
05-21 16:22:13.263   800   800 I SurfaceFlinger: screenshot (Toast@504#0)
05-21 16:22:13.276   800   800 I SurfaceFlinger: screenshot (com.oringnet.wm/com.oring.ble.BLECreateActivity@504#0)
05-21 16:22:13.451  1412  1440 D GnssStatusListenerHelper: onNmeaReceived re-check permissions of listeners size = 3 mLastCheckTime = 310065045313988
