07-18 23:36:35.343   797   797 I SurfaceFlinger: screenshot (com.oringnet.wm/com.oring.SlideActivity@13990#0)
07-18 23:36:35.419   797   797 I SurfaceFlinger: screenshot (com.oringnet.wm/com.oring.SlideActivity@13990#0)
07-18 23:36:35.433   797  1247 I BufferQueueProducer: [com.oringnet.wm/com.oring.SlideActivity@13990#0](this:0x7556dc3800,id:754,api:1,p:13990,c:797) queueBuffer: fps=40.40 dur=1014.74 max=355.36 min=10.21
07-18 23:36:35.460   797   797 I SurfaceFlinger: screenshot (com.oringnet.wm/com.oring.SlideActivity@13990#0)
07-18 23:36:35.560   797   797 I SurfaceFlinger: screenshot (com.oringnet.wm/com.oring.SlideActivity@13990#0)
07-18 23:36:35.809 13990 13990 I ViewRootImpl: ViewRoot's Touch Event : ACTION_DOWN
07-18 23:36:35.816 13990 13990 I ViewRootImpl: ViewRoot's Touch Event : ACTION_UP
07-18 23:36:35.819 13990 13990 I BitShift:: 00F8
07-18 23:36:35.819 13990 13990 I BitShift:: 0000
07-18 23:36:35.819 13990 13990 I BitShift:: 00F80000
07-18 23:36:35.827   797   797 I SurfaceFlinger: screenshot (com.oringnet.wm/com.oring.SlideActivity@13990#0)
07-18 23:36:35.832 13990 13990 D PhoneWindow: windowLightStatusBar : false, disable View.SYSTEM_UI_FLAG_LIGHT_STATUS_BAR
07-18 23:36:35.849 13990 13990 I TouchFilterInputStageHelper: [needTouchEventFilter] Displayid : 0
07-18 23:36:35.851 13990 13990 D BezellessGripSuppressionFilter: getdisplaysize, x : 720 y : 1600
07-18 23:36:35.868   797   826 I BufferQueueConsumer: [com.oringnet.wm/com.oring.SlideActivity@13990#1](this:0x7558886800,id:765,api:0,p:-1,c:797) setConsumerName: com.oringnet.wm/com.oring.SlideActivity@13990#1
07-18 23:36:35.868   797   826 I BufferQueueConsumer: [com.oringnet.wm/com.oring.SlideActivity@13990#1](this:0x7558886800,id:765,api:0,p:-1,c:797) setDefaultBufferSize: width=126 height=126
07-18 23:36:35.868   797   826 I SurfaceFlinger: Create BufferLayer(0x7558916000) com.oringnet.wm/com.oring.SlideActivity@13990#1 (126 x 126)
07-18 23:36:35.875 13990 14011 D Surface : Surface::connect(this=0x73d8100000,api=1)
07-18 23:36:35.876   797   825 I BufferQueueProducer: [com.oringnet.wm/com.oring.SlideActivity@13990#1](this:0x7558886800,id:765,api:1,p:13990,c:797) connect(P): api=1 producer=(13990:com.oringnet.wm) producerControlledByApp=false
07-18 23:36:35.879 13990 14011 D Surface : Surface::setBufferCount(this=0x73d8100000,bufferCount=3)
07-18 23:36:35.879 13990 14011 D Surface : Surface::allocateBuffers(this=0x73d8100000)
07-18 23:36:35.918 13990 13990 W UiThreadStatement: Already on the UI thread, this method should not be called from the main application thread
07-18 23:36:35.918 13990 13990 I Gateway : [Req]<WRITE ENABLE LOW> 00100A4800010200F80fca
07-18 23:36:35.918 13990 13990 I Gateway : [Rsp]<WRITE ENABLE LOW> 00100a48000183d6
07-18 23:36:35.919 13990 13990 I BitShift:: 00F8
07-18 23:36:35.919 13990 13990 I BitShift:: 0000
07-18 23:36:35.919 13990 13990 I BitShift:: 00F80000
07-18 23:36:35.944   797   797 I MiniDump: 0x75654ab000 |     DEVICE |          0 | 1.000 |    0    0  720 1600 |   0.0   0.0 720.0 1600.0 | com.oringnet.wm/com.oring.SlideActivity@13990#0
07-18 23:36:35.944   797   797 I MiniDump: 0x7558916000 |     DEVICE |          0 | 0.287 |  301  760  419  878 |   0.0   0.0 126.0 126.0 | com.oringnet.wm/com.oring.SlideActivity@13990#1
07-18 23:36:35.952   797   797 I SurfaceFlinger: screenshot (com.oringnet.wm/com.oring.SlideActivity@13990#0)
07-18 23:36:35.984 13990 13990 I Gateway : [Rsp]<WRITE ENABLE HIGH> 00100a490001d216
07-18 23:36:35.988 13990 14011 D Surface : Surface::disconnect(this=0x73d8100000,api=1)
07-18 23:36:35.988   797  2128 I BufferQueueProducer: [com.oringnet.wm/com.oring.SlideActivity@13990#1](this:0x7558886800,id:765,api:1,p:13990,c:797) disconnect(P): api 1
07-18 23:36:36.003 13990 13990 I Listenable:: here
07-18 23:36:36.003 13990 13990 W UiThreadStatement: Already on the UI thread, this method should not be called from the main application thread
07-18 23:36:36.003 13990 13990 I Gateway : [Req]<WRITE ENABLE HIGH> 00100A4900010200000f99
07-18 23:36:36.083   797   797 I SurfaceFlinger: screenshot (com.oringnet.wm/com.oring.SlideActivity@13990#0)
07-18 23:36:36.183   797   797 I SurfaceFlinger: screenshot (com.oringnet.wm/com.oring.SlideActivity@13990#0)
07-18 23:36:36.210   797   797 I MiniDump: 0x75654ab000 |     DEVICE |          0 | 1.000 |    0    0  720 1600 |   0.0   0.0 720.0 1600.0 | com.oringnet.wm/com.oring.SlideActivity@13990#0
07-18 23:36:36.274   797   797 I SurfaceFlinger: Remove BufferLayer(0x7558916000) com.oringnet.wm/com.oring.SlideActivity@13990#1 (-1 x -1)
07-18 23:36:36.275   797   797 I BufferQueue: [com.oringnet.wm/com.oring.SlideActivity@13990#1](this:0x7558886800,id:765,api:1,p:-1,c:-1) ~BufferQueueCore
07-18 23:36:36.279   797   797 I MiniDump: 0x75654ab000 |     DEVICE |          0 | 1.000 |    0    0  720 1600 |   0.0   0.0 720.0 1600.0 | com.oringnet.wm/com.oring.SlideActivity@13990#0
07-18 23:36:36.285   797   797 I SurfaceFlinger: screenshot (com.oringnet.wm/com.oring.SlideActivity@13990#0)
07-18 23:36:36.393   797   797 I SurfaceFlinger: screenshot (com.oringnet.wm/com.oring.SlideActivity@13990#0)
07-18 23:36:36.511   797   797 I SurfaceFlinger: screenshot (com.oringnet.wm/com.oring.SlideActivity@13990#0)
07-18 23:36:36.627   797   797 I SurfaceFlinger: screenshot (com.oringnet.wm/com.oring.SlideActivity@13990#0)
07-18 23:36:36.643 13990 13990 I ViewRootImpl: ViewRoot's Touch Event : ACTION_DOWN
07-18 23:36:36.649 13990 13990 I ViewRootImpl: ViewRoot's Touch Event : ACTION_UP
07-18 23:36:36.656 13990 13990 D PhoneWindow: windowLightStatusBar : false, disable View.SYSTEM_UI_FLAG_LIGHT_STATUS_BAR
07-18 23:36:36.673 13990 13990 I TouchFilterInputStageHelper: [needTouchEventFilter] Displayid : 0
07-18 23:36:36.680 13990 13990 D BezellessGripSuppressionFilter: getdisplaysize, x : 720 y : 1600
07-18 23:36:36.690 13990 13990 D BluetoothGatt: setCharacteristicNotification() - uuid: 6e400003-b5a3-f393-e0a9-e50e24dcca9e enable: true
07-18 23:36:36.714   797   826 I BufferQueueConsumer: [com.oringnet.wm/com.oring.SlideActivity@13990#1](this:0x7558880800,id:766,api:0,p:-1,c:797) setConsumerName: com.oringnet.wm/com.oring.SlideActivity@13990#1
07-18 23:36:36.714   797   826 I BufferQueueConsumer: [com.oringnet.wm/com.oring.SlideActivity@13990#1](this:0x7558880800,id:766,api:0,p:-1,c:797) setDefaultBufferSize: width=126 height=126
07-18 23:36:36.714   797   826 I SurfaceFlinger: Create BufferLayer(0x7558902000) com.oringnet.wm/com.oring.SlideActivity@13990#1 (126 x 126)
07-18 23:36:36.721 13990 14011 D Surface : Surface::connect(this=0x73d83de000,api=1)
07-18 23:36:36.722   797   825 I BufferQueueProducer: [com.oringnet.wm/com.oring.SlideActivity@13990#1](this:0x7558880800,id:766,api:1,p:13990,c:797) connect(P): api=1 producer=(13990:com.oringnet.wm) producerControlledByApp=false
07-18 23:36:36.725 13990 14011 D Surface : Surface::setBufferCount(this=0x73d83de000,bufferCount=3)
07-18 23:36:36.726 13990 14011 D Surface : Surface::allocateBuffers(this=0x73d83de000)
07-18 23:36:36.790   797  2128 I BufferQueueProducer: [com.oringnet.wm/com.oring.SlideActivity@13990#0](this:0x7556dc3800,id:754,api:1,p:13990,c:797) queueBuffer: fps=12.52 dur=1357.89 max=757.81 min=7.08
07-18 23:36:36.795   797   797 I MiniDump: 0x75654ab000 |     DEVICE |          0 | 1.000 |    0    0  720 1600 |   0.0   0.0 720.0 1600.0 | com.oringnet.wm/com.oring.SlideActivity@13990#0
07-18 23:36:36.795   797   797 I MiniDump: 0x7558902000 |     DEVICE |          0 | 0.303 |  301  760  419  878 |   0.0   0.0 126.0 126.0 | com.oringnet.wm/com.oring.SlideActivity@13990#1
07-18 23:36:36.802   797   797 I SurfaceFlinger: screenshot (com.oringnet.wm/com.oring.SlideActivity@13990#0)
07-18 23:36:36.863 13990 13990 I Gateway : [Rsp]<READ ENABLE LOW> 00030200f88406
07-18 23:36:36.864 13990 13990 I Req_Enable 0-15:: 00f8
07-18 23:36:36.873 13990 13990 W UiThreadStatement: Already on the UI thread, this method should not be called from the main application thread
07-18 23:36:36.873 13990 13990 I Gateway : [Req]<READ ENABLE HIGH> 00030A4800010615
07-18 23:36:36.874 13990 13990 I 通道: : false
07-18 23:36:36.874 13990 13990 I chatty  : uid=10335(com.oringnet.wm) identical 1 line
07-18 23:36:36.874 13990 13990 I 通道: : false
07-18 23:36:36.874 13990 13990 I 通道: : true
07-18 23:36:36.875 13990 13990 I chatty  : uid=10335(com.oringnet.wm) identical 3 lines
07-18 23:36:36.875 13990 13990 I 通道: : true
07-18 23:36:36.962 13990 13990 I Gateway : [Rsp]<READ ENABLE HIGH> 00030200008584
07-18 23:36:36.962 13990 13990 I Req_Enable 16-31:: 0000
07-18 23:36:36.970 13990 14011 D Surface : Surface::disconnect(this=0x73d83de000,api=1)
07-18 23:36:36.970   797  1247 I BufferQueueProducer: [com.oringnet.wm/com.oring.SlideActivity@13990#1](this:0x7558880800,id:766,api:1,p:13990,c:797) disconnect(P): api 1
07-18 23:36:36.986 13990 13990 W UiThreadStatement: Already on the UI thread, this method should not be called from the main application thread
07-18 23:36:36.986 13990 13990 I Gateway : [Req]<READ ENABLE HIGH> 00030A49000157d5
07-18 23:36:37.027   797   797 I SurfaceFlinger: screenshot (com.oringnet.wm/com.oring.SlideActivity@13990#0)
07-18 23:36:37.183   797   797 I SurfaceFlinger: screenshot (com.oringnet.wm/com.oring.SlideActivity@13990#0)
07-18 23:36:37.195   797   797 I MiniDump: 0x75654ab000 |     DEVICE |          0 | 1.000 |    0    0  720 1600 |   0.0   0.0 720.0 1600.0 | com.oringnet.wm/com.oring.SlideActivity@13990#0
07-18 23:36:37.258   797   797 I SurfaceFlinger: Remove BufferLayer(0x7558902000) com.oringnet.wm/com.oring.SlideActivity@13990#1 (-1 x -1)
07-18 23:36:37.258   797   797 I BufferQueue: [com.oringnet.wm/com.oring.SlideActivity@13990#1](this:0x7558880800,id:766,api:1,p:-1,c:-1) ~BufferQueueCore
07-18 23:36:37.262   797   797 I MiniDump: 0x75654ab000 |     DEVICE |          0 | 1.000 |    0    0  720 1600 |   0.0   0.0 720.0 1600.0 | com.oringnet.wm/com.oring.SlideActivity@13990#0
07-18 23:36:37.294   797   797 I SurfaceFlinger: screenshot (com.oringnet.wm/com.oring.SlideActivity@13990#0)
07-18 23:36:37.410   797   797 I SurfaceFlinger: screenshot (com.oringnet.wm/com.oring.SlideActivity@13990#0)
07-18 23:36:37.511   797   797 I SurfaceFlinger: screenshot (com.oringnet.wm/com.oring.SlideActivity@13990#0)
07-18 23:36:37.626 13990 13990 I ViewRootImpl: ViewRoot's Touch Event : ACTION_DOWN
07-18 23:36:37.628   797   797 I SurfaceFlinger: screenshot (com.oringnet.wm/com.oring.SlideActivity@13990#0)
07-18 23:36:37.631 13990 13990 I ViewRootImpl: ViewRoot's Touch Event : ACTION_UP
07-18 23:36:37.660 13990 13990 I 通道: : true
07-18 23:36:37.744   797   797 I SurfaceFlinger: screenshot (com.oringnet.wm/com.oring.SlideActivity@13990#0)
07-18 23:36:37.801   797  2127 I BufferQueueProducer: [com.oringnet.wm/com.oring.SlideActivity@13990#0](this:0x7556dc3800,id:754,api:1,p:13990,c:797) queueBuffer: fps=33.65 dur=1010.33 max=404.04 min=5.13
07-18 23:36:37.860   797   797 I SurfaceFlinger: screenshot (com.oringnet.wm/com.oring.SlideActivity@13990#0)
07-18 23:36:37.960   797   797 I SurfaceFlinger: screenshot (com.oringnet.wm/com.oring.SlideActivity@13990#0)
07-18 23:36:38.145   797   797 I SurfaceFlinger: screenshot (com.oringnet.wm/com.oring.SlideActivity@13990#0)
07-18 23:36:38.360 13990 13990 I ViewRootImpl: ViewRoot's Touch Event : ACTION_DOWN
07-18 23:36:38.372 13990 13990 I ViewRootImpl: ViewRoot's Touch Event : ACTION_UP
07-18 23:36:38.396   797   797 I SurfaceFlinger: screenshot (com.oringnet.wm/com.oring.SlideActivity@13990#0)
07-18 23:36:38.418 13990 13990 I 通道: : true
07-18 23:36:38.511   797   797 I SurfaceFlinger: screenshot (com.oringnet.wm/com.oring.SlideActivity@13990#0)
07-18 23:36:38.627   797   797 I SurfaceFlinger: screenshot (com.oringnet.wm/com.oring.SlideActivity@13990#0)
07-18 23:36:38.728   797   797 I SurfaceFlinger: screenshot (com.oringnet.wm/com.oring.SlideActivity@13990#0)
07-18 23:36:38.844   797   797 I SurfaceFlinger: screenshot (com.oringnet.wm/com.oring.SlideActivity@13990#0)
07-18 23:36:39.110 13990 13990 I ViewRootImpl: ViewRoot's Touch Event : ACTION_DOWN
07-18 23:36:39.116 13990 13990 I ViewRootImpl: ViewRoot's Touch Event : ACTION_UP
07-18 23:36:39.128   797   797 I SurfaceFlinger: screenshot (com.oringnet.wm/com.oring.SlideActivity@13990#0)
07-18 23:36:39.133   797  2128 I BufferQueueProducer: [com.oringnet.wm/com.oring.SlideActivity@13990#0](this:0x7556dc3800,id:754,api:1,p:13990,c:797) queueBuffer: fps=29.28 dur=1331.94 max=379.41 min=6.64
07-18 23:36:39.145 13990 13990 I 通道: : true
07-18 23:36:39.244   797   797 I SurfaceFlinger: screenshot (com.oringnet.wm/com.oring.SlideActivity@13990#0)
07-18 23:36:39.497   797   797 I SurfaceFlinger: screenshot (com.oringnet.wm/com.oring.SlideActivity@13990#0)
07-18 23:36:39.826 13990 13990 I ViewRootImpl: ViewRoot's Touch Event : ACTION_DOWN
07-18 23:36:39.828   797   797 I SurfaceFlinger: screenshot (com.oringnet.wm/com.oring.SlideActivity@13990#0)
07-18 23:36:39.834 13990 13990 I ViewRootImpl: ViewRoot's Touch Event : ACTION_UP
07-18 23:36:39.861 13990 13990 I 通道: : false
07-18 23:36:39.944   797   797 I SurfaceFlinger: screenshot (com.oringnet.wm/com.oring.SlideActivity@13990#0)
07-18 23:36:40.045   797   797 I SurfaceFlinger: screenshot (com.oringnet.wm/com.oring.SlideActivity@13990#0)
07-18 23:36:40.135   797  1247 I BufferQueueProducer: [com.oringnet.wm/com.oring.SlideActivity@13990#0](this:0x7556dc3800,id:754,api:1,p:13990,c:797) queueBuffer: fps=41.89 dur=1002.63 max=318.56 min=9.68
07-18 23:36:40.611 13990 13990 I ViewRootImpl: ViewRoot's Touch Event : ACTION_DOWN
07-18 23:36:40.619 13990 13990 I ViewRootImpl: ViewRoot's Touch Event : ACTION_UP
07-18 23:36:40.629   797   797 I SurfaceFlinger: screenshot (com.oringnet.wm/com.oring.SlideActivity@13990#0)
07-18 23:36:40.645 13990 13990 I 通道: : false
07-18 23:36:40.745   797   797 I SurfaceFlinger: screenshot (com.oringnet.wm/com.oring.SlideActivity@13990#0)
07-18 23:36:40.860   797   797 I SurfaceFlinger: screenshot (com.oringnet.wm/com.oring.SlideActivity@13990#0)
07-18 23:36:41.365 13990 13990 I ViewRootImpl: ViewRoot's Touch Event : ACTION_DOWN
07-18 23:36:41.377 13990 13990 I ViewRootImpl: ViewRoot's Touch Event : ACTION_UP
07-18 23:36:41.403   797  1247 I BufferQueueProducer: [com.oringnet.wm/com.oring.SlideActivity@13990#0](this:0x7556dc3800,id:754,api:1,p:13990,c:797) queueBuffer: fps=26.03 dur=1267.85 max=379.41 min=12.87
07-18 23:36:41.425 13990 13990 I 通道: : false
07-18 23:36:41.432   797   797 I SurfaceFlinger: screenshot (com.oringnet.wm/com.oring.SlideActivity@13990#0)
07-18 23:36:41.545   797   797 I SurfaceFlinger: screenshot (com.oringnet.wm/com.oring.SlideActivity@13990#0)
07-18 23:36:41.777   797   797 I SurfaceFlinger: screenshot (com.oringnet.wm/com.oring.SlideActivity@13990#0)
07-18 23:36:42.122 13990 13990 I ViewRootImpl: ViewRoot's Touch Event : ACTION_DOWN
07-18 23:36:42.129 13990 13990 I ViewRootImpl: ViewRoot's Touch Event : ACTION_UP
07-18 23:36:42.173 13990 13990 I 通道: : false
07-18 23:36:42.228   797   797 I SurfaceFlinger: screenshot (com.oringnet.wm/com.oring.SlideActivity@13990#0)
07-18 23:36:42.404   797  2127 I BufferQueueProducer: [com.oringnet.wm/com.oring.SlideActivity@13990#0](this:0x7556dc3800,id:754,api:1,p:13990,c:797) queueBuffer: fps=38.98 dur=1000.40 max=371.89 min=7.15
07-18 23:36:42.462   797   797 I SurfaceFlinger: screenshot (com.oringnet.wm/com.oring.SlideActivity@13990#0)
07-18 23:36:42.828 13990 13990 I ViewRootImpl: ViewRoot's Touch Event : ACTION_DOWN
07-18 23:36:42.838 13990 13990 I ViewRootImpl: ViewRoot's Touch Event : ACTION_UP
07-18 23:36:42.861 13990 13990 I 通道: : false
07-18 23:36:42.862   797   797 I SurfaceFlinger: screenshot (com.oringnet.wm/com.oring.SlideActivity@13990#0)
07-18 23:36:42.962   797   797 I SurfaceFlinger: screenshot (com.oringnet.wm/com.oring.SlideActivity@13990#0)
07-18 23:36:43.061   797   797 I SurfaceFlinger: screenshot (com.oringnet.wm/com.oring.SlideActivity@13990#0)
07-18 23:36:43.078   797   797 I SurfaceFlinger: screenshot (com.oringnet.wm/com.oring.SlideActivity@13990#0)
07-18 23:36:43.194   797   797 I SurfaceFlinger: screenshot (com.oringnet.wm/com.oring.SlideActivity@13990#0)
07-18 23:36:43.594 13990 13990 I ViewRootImpl: ViewRoot's Touch Event : ACTION_DOWN
07-18 23:36:43.595   797   797 I SurfaceFlinger: screenshot (com.oringnet.wm/com.oring.SlideActivity@13990#0)
07-18 23:36:43.599 13990 13990 I ViewRootImpl: ViewRoot's Touch Event : ACTION_UP
07-18 23:36:43.601 13990 13990 I BitShift:: 0007
07-18 23:36:43.602 13990 13990 I BitShift:: 0000
07-18 23:36:43.602 13990 13990 I BitShift:: 00070000
07-18 23:36:43.617 13990 13990 D PhoneWindow: windowLightStatusBar : false, disable View.SYSTEM_UI_FLAG_LIGHT_STATUS_BAR
07-18 23:36:43.632 13990 13990 I TouchFilterInputStageHelper: [needTouchEventFilter] Displayid : 0
07-18 23:36:43.635 13990 13990 D BezellessGripSuppressionFilter: getdisplaysize, x : 720 y : 1600
07-18 23:36:43.652   797  1247 I BufferQueueConsumer: [com.oringnet.wm/com.oring.SlideActivity@13990#1](this:0x75654ae000,id:767,api:0,p:-1,c:797) setConsumerName: com.oringnet.wm/com.oring.SlideActivity@13990#1
07-18 23:36:43.652   797  1247 I BufferQueueConsumer: [com.oringnet.wm/com.oring.SlideActivity@13990#1](this:0x75654ae000,id:767,api:0,p:-1,c:797) setDefaultBufferSize: width=126 height=126
07-18 23:36:43.652   797  1247 I SurfaceFlinger: Create BufferLayer(0x75655a4000) com.oringnet.wm/com.oring.SlideActivity@13990#1 (126 x 126)
07-18 23:36:43.660 13990 14011 D Surface : Surface::connect(this=0x73d8583000,api=1)
07-18 23:36:43.662   797  2127 I BufferQueueProducer: [com.oringnet.wm/com.oring.SlideActivity@13990#1](this:0x75654ae000,id:767,api:1,p:13990,c:797) connect(P): api=1 producer=(13990:com.oringnet.wm) producerControlledByApp=false
07-18 23:36:43.665 13990 14011 D Surface : Surface::setBufferCount(this=0x73d8583000,bufferCount=3)
07-18 23:36:43.665 13990 14011 D Surface : Surface::allocateBuffers(this=0x73d8583000)
07-18 23:36:43.708 13990 13990 W UiThreadStatement: Already on the UI thread, this method should not be called from the main application thread
07-18 23:36:43.709 13990 13990 I Gateway : [Req]<WRITE ENABLE LOW> 00100A4800010200074f8a
07-18 23:36:43.709 13990 13990 I Gateway : [Rsp]<WRITE ENABLE LOW> 00100a48000183d6
07-18 23:36:43.709 13990 13990 I BitShift:: 0007
07-18 23:36:43.709 13990 13990 I BitShift:: 0000
07-18 23:36:43.710 13990 13990 I BitShift:: 00070000
07-18 23:36:43.716   797  1247 I BufferQueueProducer: [com.oringnet.wm/com.oring.SlideActivity@13990#0](this:0x7556dc3800,id:754,api:1,p:13990,c:797) queueBuffer: fps=25.90 dur=1312.60 max=467.85 min=12.75
07-18 23:36:43.729   797   797 I MiniDump: 0x75654ab000 |     DEVICE |          0 | 1.000 |    0    0  720 1600 |   0.0   0.0 720.0 1600.0 | com.oringnet.wm/com.oring.SlideActivity@13990#0
07-18 23:36:43.729   797   797 I MiniDump: 0x75655a4000 |     DEVICE |          0 | 0.287 |  301  760  419  878 |   0.0   0.0 126.0 126.0 | com.oringnet.wm/com.oring.SlideActivity@13990#1
07-18 23:36:43.737   797   797 I SurfaceFlinger: screenshot (com.oringnet.wm/com.oring.SlideActivity@13990#0)
07-18 23:36:43.747   797   797 I MiniDump: 0x75654ab000 |     DEVICE |          0 | 1.000 |    0    0  720 1600 |   0.0   0.0 720.0 1600.0 | com.oringnet.wm/com.oring.SlideActivity@13990#0
07-18 23:36:43.747   797   797 I MiniDump: 0x75655a4000 |     DEVICE |          0 | 0.525 |  300  759  420  879 |   0.0   0.0 126.0 126.0 | com.oringnet.wm/com.oring.SlideActivity@13990#1
07-18 23:36:43.785 13990 13990 I Gateway : [Rsp]<WRITE ENABLE HIGH> 00100a490001d216
07-18 23:36:43.789 13990 14011 D Surface : Surface::disconnect(this=0x73d8583000,api=1)
07-18 23:36:43.789   797  2127 I BufferQueueProducer: [com.oringnet.wm/com.oring.SlideActivity@13990#1](this:0x75654ae000,id:767,api:1,p:13990,c:797) disconnect(P): api 1
07-18 23:36:43.805 13990 13990 I Listenable:: here
07-18 23:36:43.806 13990 13990 W UiThreadStatement: Already on the UI thread, this method should not be called from the main application thread
07-18 23:36:43.806 13990 13990 I Gateway : [Req]<WRITE ENABLE HIGH> 00100A4900010200000f99
07-18 23:36:43.884   797   797 I SurfaceFlinger: screenshot (com.oringnet.wm/com.oring.SlideActivity@13990#0)
07-18 23:36:43.984   797   797 I SurfaceFlinger: screenshot (com.oringnet.wm/com.oring.SlideActivity@13990#0)
07-18 23:36:44.012   797   797 I MiniDump: 0x75654ab000 |     DEVICE |          0 | 1.000 |    0    0  720 1600 |   0.0   0.0 720.0 1600.0 | com.oringnet.wm/com.oring.SlideActivity@13990#0
07-18 23:36:44.076   797   797 I SurfaceFlinger: Remove BufferLayer(0x75655a4000) com.oringnet.wm/com.oring.SlideActivity@13990#1 (-1 x -1)
07-18 23:36:44.076   797   797 I BufferQueue: [com.oringnet.wm/com.oring.SlideActivity@13990#1](this:0x75654ae000,id:767,api:1,p:-1,c:-1) ~BufferQueueCore
07-18 23:36:44.079   797   797 I MiniDump: 0x75654ab000 |     DEVICE |          0 | 1.000 |    0    0  720 1600 |   0.0   0.0 720.0 1600.0 | com.oringnet.wm/com.oring.SlideActivity@13990#0
07-18 23:36:44.128   797   797 I SurfaceFlinger: screenshot (com.oringnet.wm/com.oring.SlideActivity@13990#0)
07-18 23:36:44.229   797   797 I SurfaceFlinger: screenshot (com.oringnet.wm/com.oring.SlideActivity@13990#0)
07-18 23:36:44.497   797   797 I SurfaceFlinger: screenshot (com.oringnet.wm/com.oring.SlideActivity@13990#0)
07-18 23:36:44.763   797   797 I SurfaceFlinger: screenshot (com.oringnet.wm/com.oring.SlideActivity@13990#0)
07-18 23:36:44.879   797   797 I SurfaceFlinger: screenshot (com.oringnet.wm/com.oring.SlideActivity@13990#0)
07-18 23:36:45.132   797   797 I SurfaceFlinger: screenshot (com.oringnet.wm/com.oring.SlideActivity@13990#0)
07-18 23:36:45.296   797   797 I SurfaceFlinger: screenshot (com.oringnet.wm/com.oring.SlideActivity@13990#0)
07-18 23:36:45.328 13990 13990 I ViewRootImpl: ViewRoot's Touch Event : ACTION_DOWN
07-18 23:36:45.333 13990 13990 I ViewRootImpl: ViewRoot's Touch Event : ACTION_UP
07-18 23:36:45.340 13990 13990 D PhoneWindow: windowLightStatusBar : false, disable View.SYSTEM_UI_FLAG_LIGHT_STATUS_BAR
07-18 23:36:45.354 13990 13990 I TouchFilterInputStageHelper: [needTouchEventFilter] Displayid : 0
07-18 23:36:45.356 13990 13990 D BezellessGripSuppressionFilter: getdisplaysize, x : 720 y : 1600
07-18 23:36:45.364 13990 13990 D BluetoothGatt: setCharacteristicNotification() - uuid: 6e400003-b5a3-f393-e0a9-e50e24dcca9e enable: true
07-18 23:36:45.383   797  2128 I BufferQueueConsumer: [com.oringnet.wm/com.oring.SlideActivity@13990#1](this:0x75654af800,id:768,api:0,p:-1,c:797) setConsumerName: com.oringnet.wm/com.oring.SlideActivity@13990#1
07-18 23:36:45.383   797  2128 I BufferQueueConsumer: [com.oringnet.wm/com.oring.SlideActivity@13990#1](this:0x75654af800,id:768,api:0,p:-1,c:797) setDefaultBufferSize: width=126 height=126
07-18 23:36:45.383   797  2128 I SurfaceFlinger: Create BufferLayer(0x7556d7f000) com.oringnet.wm/com.oring.SlideActivity@13990#1 (126 x 126)
07-18 23:36:45.389 13990 14011 D Surface : Surface::connect(this=0x73d8543000,api=1)
07-18 23:36:45.390   797  2128 I BufferQueueProducer: [com.oringnet.wm/com.oring.SlideActivity@13990#1](this:0x75654af800,id:768,api:1,p:13990,c:797) connect(P): api=1 producer=(13990:com.oringnet.wm) producerControlledByApp=false
07-18 23:36:45.391 13990 14011 D Surface : Surface::setBufferCount(this=0x73d8543000,bufferCount=3)
07-18 23:36:45.392 13990 14011 D Surface : Surface::allocateBuffers(this=0x73d8543000)
07-18 23:36:45.463   797   797 I MiniDump: 0x75654ab000 |     DEVICE |          0 | 1.000 |    0    0  720 1600 |   0.0   0.0 720.0 1600.0 | com.oringnet.wm/com.oring.SlideActivity@13990#0
07-18 23:36:45.463   797   797 I MiniDump: 0x7556d7f000 |     DEVICE |          0 | 0.303 |  301  760  419  878 |   0.0   0.0 126.0 126.0 | com.oringnet.wm/com.oring.SlideActivity@13990#1
07-18 23:36:45.466   797   826 I BufferQueueProducer: [com.oringnet.wm/com.oring.SlideActivity@13990#0](this:0x7556dc3800,id:754,api:1,p:13990,c:797) queueBuffer: fps=5.14 dur=1749.84 max=1629.89 min=8.13
07-18 23:36:45.470   797   797 I SurfaceFlinger: screenshot (com.oringnet.wm/com.oring.SlideActivity@13990#0)
07-18 23:36:45.538 13990 13990 W UiThreadStatement: Already on the UI thread, this method should not be called from the main application thread
07-18 23:36:45.539 13990 13990 I Gateway : [Req]<READ BAUD_RATE> 000303200002c454
07-18 23:36:45.539 13990 13990 I Gateway : [Rsp]<READ BAUD_RATE> 00030400000000eaf3
07-18 23:36:45.539 13990 13990 I Bau:    : 0
07-18 23:36:45.636 13990 13990 W UiThreadStatement: Already on the UI thread, this method should not be called from the main application thread
07-18 23:36:45.636 13990 13990 I Gateway : [Req]<READ DATA_BITS> 0003033000018590
07-18 23:36:45.636 13990 13990 I Gateway : [Rsp]<READ DATA_BITS> 0003020007c446
07-18 23:36:45.637 13990 13990 I SERIAL_DATA_BITS: >> 7
07-18 23:36:45.643 13990 13990 I DataBits: >> 7
07-18 23:36:45.677   797   797 I SurfaceFlinger: Remove BufferLayer(0x7556d7f000) com.oringnet.wm/com.oring.SlideActivity@13990#1 (-1 x -1)
07-18 23:36:45.729   797   797 I SurfaceFlinger: screenshot (com.oringnet.wm/com.oring.SlideActivity@13990#0)
07-18 23:36:45.734 13990 13990 W UiThreadStatement: Already on the UI thread, this method should not be called from the main application thread
07-18 23:36:45.734 13990 13990 I Gateway : [Req]<READ PARITY> 0003033800010452
07-18 23:36:45.734 13990 13990 I Gateway : [Rsp]<READ PARITY> 00030200020445
07-18 23:36:45.734 13990 13990 I SERIAL_PARITY: >> 2
07-18 23:36:45.742 13990 13990 I mParity : 2
07-18 23:36:45.831 13990 13990 I Gateway : [Rsp]<READ STOP_BITS> 00030200020445
07-18 23:36:45.837 13990 13990 W UiThreadStatement: Already on the UI thread, this method should not be called from the main application thread
07-18 23:36:45.837 13990 13990 I Gateway : [Req]<READ TIMEOUT> 000303400001844b
07-18 23:36:45.838 13990 13990 I mStopBits: 2
07-18 23:36:45.845   797   797 I SurfaceFlinger: screenshot (com.oringnet.wm/com.oring.SlideActivity@13990#0)
07-18 23:36:45.928 13990 13990 W UiThreadStatement: Already on the UI thread, this method should not be called from the main application thread
07-18 23:36:45.929 13990 13990 I Gateway : [Req]<READ TIMEOUT> 0003034800010589
07-18 23:36:45.929 13990 13990 I Gateway : [Rsp]<READ TIMEOUT> 00030200c88412
07-18 23:36:45.931 13990 14011 D Surface : Surface::disconnect(this=0x73d8543000,api=1)
07-18 23:36:45.932   797  2127 I BufferQueueProducer: [com.oringnet.wm/com.oring.SlideActivity@13990#1](this:0x75654af800,id:768,api:1,p:13990,c:797) disconnect(P): api 1
07-18 23:36:46.085   797   797 I SurfaceFlinger: screenshot (com.oringnet.wm/com.oring.SlideActivity@13990#0)
07-18 23:36:46.113   797   797 I MiniDump: 0x75654ab000 |     DEVICE |          0 | 1.000 |    0    0  720 1600 |   0.0   0.0 720.0 1600.0 | com.oringnet.wm/com.oring.SlideActivity@13990#0
07-18 23:36:46.185   797   797 I SurfaceFlinger: screenshot (com.oringnet.wm/com.oring.SlideActivity@13990#0)
07-18 23:36:46.193   797   797 I SurfaceFlinger: Remove BufferLayer(0x7556d7f000) com.oringnet.wm/com.oring.SlideActivity@13990#1 (-1 x -1)
07-18 23:36:46.198   797   797 I MiniDump: 0x75654ab000 |     DEVICE |          0 | 1.000 |    0    0  720 1600 |   0.0   0.0 720.0 1600.0 | com.oringnet.wm/com.oring.SlideActivity@13990#0
07-18 23:36:46.211   797   797 I SurfaceFlinger: Remove BufferLayer(0x7556d7f000) com.oringnet.wm/com.oring.SlideActivity@13990#1 (-1 x -1)
07-18 23:36:46.211   797   797 I BufferQueue: [com.oringnet.wm/com.oring.SlideActivity@13990#1](this:0x75654af800,id:768,api:1,p:-1,c:-1) ~BufferQueueCore
07-18 23:36:46.295   797   797 I SurfaceFlinger: screenshot (com.oringnet.wm/com.oring.SlideActivity@13990#0)
07-18 23:36:46.547   797   797 I SurfaceFlinger: screenshot (com.oringnet.wm/com.oring.SlideActivity@13990#0)
07-18 23:36:46.662   797   797 I SurfaceFlinger: screenshot (com.oringnet.wm/com.oring.SlideActivity@13990#0)
07-18 23:36:46.779   797   797 I SurfaceFlinger: screenshot (com.oringnet.wm/com.oring.SlideActivity@13990#0)
07-18 23:36:46.829   797   797 I SurfaceFlinger: screenshot (com.oringnet.wm/com.oring.SlideActivity@13990#0)
07-18 23:36:46.895   797   797 I SurfaceFlinger: screenshot (com.oringnet.wm/com.oring.SlideActivity@13990#0)
07-18 23:36:46.996   797   797 I SurfaceFlinger: screenshot (com.oringnet.wm/com.oring.SlideActivity@13990#0)
07-18 23:36:47.096   797   797 I SurfaceFlinger: screenshot (com.oringnet.wm/com.oring.SlideActivity@13990#0)
07-18 23:36:47.347   797   797 I SurfaceFlinger: screenshot (com.oringnet.wm/com.oring.SlideActivity@13990#0)
07-18 23:36:47.597   797   797 I SurfaceFlinger: screenshot (com.oringnet.wm/com.oring.SlideActivity@13990#0)
07-18 23:36:47.713   797   797 I SurfaceFlinger: screenshot (com.oringnet.wm/com.oring.SlideActivity@13990#0)
07-18 23:36:47.828   797   797 I SurfaceFlinger: screenshot (com.oringnet.wm/com.oring.SlideActivity@13990#0)
07-18 23:36:48.711 13990 13990 I ViewRootImpl: ViewRoot's Touch Event : ACTION_DOWN
07-18 23:36:48.713   797   797 I SurfaceFlinger: screenshot (com.oringnet.wm/com.oring.SlideActivity@13990#0)
07-18 23:36:48.717 13990 13990 I ViewRootImpl: ViewRoot's Touch Event : ACTION_UP
07-18 23:36:48.739   797  2128 I BufferQueueProducer: [com.oringnet.wm/com.oring.SlideActivity@13990#0](this:0x7556dc3800,id:754,api:1,p:13990,c:797) queueBuffer: fps=1.53 dur=3273.37 max=2787.62 min=80.78
07-18 23:36:48.829   797   797 I SurfaceFlinger: screenshot (com.oringnet.wm/com.oring.SlideActivity@13990#0)
07-18 23:36:49.380 13990 13990 I ViewRootImpl: ViewRoot's Touch Event : ACTION_DOWN
07-18 23:36:49.381   797   797 I SurfaceFlinger: screenshot (com.oringnet.wm/com.oring.SlideActivity@13990#0)
07-18 23:36:49.391 13990 13990 I ViewRootImpl: ViewRoot's Touch Event : ACTION_UP
07-18 23:36:49.401 13990 13990 D PhoneWindow: windowLightStatusBar : false, disable View.SYSTEM_UI_FLAG_LIGHT_STATUS_BAR
07-18 23:36:49.421 13990 13990 I TouchFilterInputStageHelper: [needTouchEventFilter] Displayid : 0
07-18 23:36:49.424 13990 13990 D BezellessGripSuppressionFilter: getdisplaysize, x : 720 y : 1600
07-18 23:36:49.434 13990 13990 D BluetoothGatt: setCharacteristicNotification() - uuid: 6e400003-b5a3-f393-e0a9-e50e24dcca9e enable: true
07-18 23:36:49.455   797  2128 I BufferQueueConsumer: [com.oringnet.wm/com.oring.SlideActivity@13990#1](this:0x75654b2800,id:769,api:0,p:-1,c:797) setConsumerName: com.oringnet.wm/com.oring.SlideActivity@13990#1
07-18 23:36:49.455   797  2128 I BufferQueueConsumer: [com.oringnet.wm/com.oring.SlideActivity@13990#1](this:0x75654b2800,id:769,api:0,p:-1,c:797) setDefaultBufferSize: width=126 height=126
07-18 23:36:49.455   797  2128 I SurfaceFlinger: Create BufferLayer(0x75655bc000) com.oringnet.wm/com.oring.SlideActivity@13990#1 (126 x 126)
07-18 23:36:49.463 13990 14011 D Surface : Surface::connect(this=0x73d825b000,api=1)
07-18 23:36:49.464   797  2128 I BufferQueueProducer: [com.oringnet.wm/com.oring.SlideActivity@13990#1](this:0x75654b2800,id:769,api:1,p:13990,c:797) connect(P): api=1 producer=(13990:com.oringnet.wm) producerControlledByApp=false
07-18 23:36:49.467 13990 14011 D Surface : Surface::setBufferCount(this=0x73d825b000,bufferCount=3)
07-18 23:36:49.467 13990 14011 D Surface : Surface::allocateBuffers(this=0x73d825b000)
07-18 23:36:49.530   797   797 I MiniDump: 0x75654ab000 |     DEVICE |          0 | 1.000 |    0    0  720 1600 |   0.0   0.0 720.0 1600.0 | com.oringnet.wm/com.oring.SlideActivity@13990#0
07-18 23:36:49.530   797   797 I MiniDump: 0x75655bc000 |     DEVICE |          0 | 0.303 |  301  760  419  878 |   0.0   0.0 126.0 126.0 | com.oringnet.wm/com.oring.SlideActivity@13990#1
07-18 23:36:49.537   797   797 I SurfaceFlinger: screenshot (com.oringnet.wm/com.oring.SlideActivity@13990#0)
07-18 23:36:49.547   797   797 I MiniDump: 0x75654ab000 |     DEVICE |          0 | 1.000 |    0    0  720 1600 |   0.0   0.0 720.0 1600.0 | com.oringnet.wm/com.oring.SlideActivity@13990#0
07-18 23:36:49.547   797   797 I MiniDump: 0x75655bc000 |     DEVICE |          0 | 0.525 |  300  759  420  879 |   0.0   0.0 126.0 126.0 | com.oringnet.wm/com.oring.SlideActivity@13990#1
07-18 23:36:49.717 13990 13990 I itemMapping: 0
07-18 23:36:49.718 13990 13990 I MydataType: 3>0
07-18 23:36:49.771 13990 13990 I itemMapping: 0
07-18 23:36:49.772 13990 13990 I MydataType: 4>0
07-18 23:36:49.823 13990 13990 I itemMapping: 0
07-18 23:36:49.824 13990 13990 I MydataType: 5>0
07-18 23:36:49.870 13990 13990 I itemMapping: 0
07-18 23:36:49.870 13990 13990 I MydataType: 6>0
07-18 23:36:49.905 13990 13990 I itemMapping: 0
07-18 23:36:49.906 13990 13990 I MydataType: 7>0
07-18 23:36:50.247   797   797 I SurfaceFlinger: screenshot (com.oringnet.wm/com.oring.SlideActivity@13990#0)
07-18 23:36:50.363   797   797 I SurfaceFlinger: screenshot (com.oringnet.wm/com.oring.SlideActivity@13990#0)
07-18 23:36:50.420 13990 14002 I com.oringnet.w: Background concurrent copying GC freed 246208(11MB) AllocSpace objects, 0(0B) LOS objects, 61% free, 7774KB/19MB, paused 207us total 241.393ms
07-18 23:36:50.479   797   797 I SurfaceFlinger: screenshot (com.oringnet.wm/com.oring.SlideActivity@13990#0)
07-18 23:36:50.580   797   797 I SurfaceFlinger: screenshot (com.oringnet.wm/com.oring.SlideActivity@13990#0)
07-18 23:36:50.680   797   797 I SurfaceFlinger: screenshot (com.oringnet.wm/com.oring.SlideActivity@13990#0)
07-18 23:36:50.698   797  2128 I BufferQueueProducer: [com.oringnet.wm/com.oring.SlideActivity@13990#0](this:0x7556dc3800,id:754,api:1,p:13990,c:797) queueBuffer: fps=5.62 dur=1958.39 max=1212.76 min=10.45
07-18 23:36:50.698 13990 14011 I OpenGLRenderer: Davey! duration=1254ms; Flags=0, IntendedVsync=35524056384181, Vsync=35524106276080, OldestInputEvent=9223372036854775807, NewestInputEvent=0, HandleInputStart=35524122803168, AnimationStart=35524122854091, PerformTraversalsStart=35524123642937, DrawStart=35525298588362, SyncQueued=35525303305901, SyncStart=35525304195209, IssueDrawCommandsStart=35525304872824, SwapBuffers=35525310432671, FrameCompleted=35525311642517, DequeueBufferDuration=372000, QueueBufferDuration=675000, 
07-18 23:36:50.701 13990 13990 I Choreographer: Skipped 70 frames!  The application may be doing too much work on its main thread.
07-18 23:36:50.710   797  2128 I BufferQueueProducer: [com.oringnet.wm/com.oring.SlideActivity@13990#1](this:0x75654b2800,id:769,api:1,p:13990,c:797) queueBuffer: fps=0.81 dur=1235.37 max=1235.37 min=1235.37
07-18 23:36:50.710 13990 14011 I OpenGLRenderer: Davey! duration=1180ms; Flags=0, IntendedVsync=35524139729004, Vsync=35525303873314, OldestInputEvent=9223372036854775807, NewestInputEvent=0, HandleInputStart=35525315116518, AnimationStart=35525315175595, PerformTraversalsStart=35525316328364, DrawStart=35525318099979, SyncQueued=35525318118672, SyncStart=35525321336826, IssueDrawCommandsStart=35525321401826, SwapBuffers=35525322305134, FrameCompleted=35525323866365, DequeueBufferDuration=0, QueueBufferDuration=726000, 
07-18 23:36:50.796   797   797 I SurfaceFlinger: screenshot (com.oringnet.wm/com.oring.SlideActivity@13990#0)
07-18 23:36:50.803 13990 13990 W UiThreadStatement: Already on the UI thread, this method should not be called from the main application thread
07-18 23:36:50.804 13990 13990 I Gateway : [Req]<READ ENABLE LOW> 00030A4800010615
07-18 23:36:50.804 13990 13990 I Gateway : [Rsp]<READ ENABLE LOW> 0003020007c446
07-18 23:36:50.804 13990 13990 I Req_Enable 0-15:: 0007
07-18 23:36:50.810 13990 13990 I 通道: : true
07-18 23:36:50.811 13990 13990 I chatty  : uid=10335(com.oringnet.wm) identical 1 line
07-18 23:36:50.811 13990 13990 I 通道: : true
07-18 23:36:50.820 13990 13990 I itemMapping: 0
07-18 23:36:50.820 13990 13990 I MydataType: 0>0
07-18 23:36:50.822 13990 13990 I itemMapping: 0
07-18 23:36:50.822 13990 13990 I MydataType: 1>0
07-18 23:36:50.824 13990 13990 I itemMapping: 0
07-18 23:36:50.824 13990 13990 I MydataType: 2>0
07-18 23:36:50.827 13990 13990 I itemMapping: 0
07-18 23:36:50.827 13990 13990 I MydataType: 3>0
07-18 23:36:50.829 13990 13990 I itemMapping: 0
07-18 23:36:50.830 13990 13990 I MydataType: 4>0
07-18 23:36:50.832 13990 13990 I itemMapping: 0
07-18 23:36:50.832 13990 13990 I MydataType: 5>0
07-18 23:36:50.833 13990 13990 I itemMapping: 0
07-18 23:36:50.834 13990 13990 I MydataType: 6>0
07-18 23:36:50.901 13990 13990 I Gateway : [Rsp]<READ ENABLE HIGH> 00030200008584
07-18 23:36:50.901 13990 13990 I Req_Enable 16-31:: 0000
07-18 23:36:50.907 13990 13990 D BluetoothGatt: setCharacteristicNotification() - uuid: 6e400003-b5a3-f393-e0a9-e50e24dcca9e enable: true
07-18 23:36:50.909 13990 13990 W UiThreadStatement: Already on the UI thread, this method should not be called from the main application thread
07-18 23:36:50.909 13990 13990 I Gateway : [Req]<READ ENABLE HIGH> 00030A49000157d5
07-18 23:36:50.913   797   797 I SurfaceFlinger: screenshot (com.oringnet.wm/com.oring.SlideActivity@13990#0)
07-18 23:36:50.999 13990 13990 I R_item  : enable: 0
07-18 23:36:51.013   797   797 I SurfaceFlinger: screenshot (com.oringnet.wm/com.oring.SlideActivity@13990#0)
07-18 23:36:51.097 13990 13990 W UiThreadStatement: Already on the UI thread, this method should not be called from the main application thread
07-18 23:36:51.097 13990 13990 I Gateway : [Req]<READ NET_ID> 000307D000018556
07-18 23:36:51.099 13990 13990 I Gateway : [Rsp]<READ NET_ID> 00030200008584
07-18 23:36:51.099 13990 13990 I R_item  : 0 NET_ID 0000
07-18 23:36:51.114   797   797 I SurfaceFlinger: screenshot (com.oringnet.wm/com.oring.SlideActivity@13990#0)
07-18 23:36:51.117 13990 13990 I itemMapping: 0
07-18 23:36:51.117 13990 13990 I MydataType: 0>0
07-18 23:36:51.120 13990 13990 I itemMapping: 0
07-18 23:36:51.120 13990 13990 I MydataType: 1>0
07-18 23:36:51.122 13990 13990 I itemMapping: 0
07-18 23:36:51.123 13990 13990 I MydataType: 2>0
07-18 23:36:51.125 13990 13990 I itemMapping: 0
07-18 23:36:51.125 13990 13990 I MydataType: 3>0
07-18 23:36:51.127 13990 13990 I itemMapping: 0
07-18 23:36:51.127 13990 13990 I MydataType: 4>0
07-18 23:36:51.129 13990 13990 I itemMapping: 0
07-18 23:36:51.130 13990 13990 I MydataType: 5>0
07-18 23:36:51.135 13990 13990 I itemMapping: 0
07-18 23:36:51.136 13990 13990 I MydataType: 6>0
07-18 23:36:51.194 13990 13990 I Gateway : [Rsp]<READ IO_TYPE> 00030200008584
07-18 23:36:51.194 13990 13990 I R_item  : 0 IO_TYPE 0000
07-18 23:36:51.203 13990 13990 W UiThreadStatement: Already on the UI thread, this method should not be called from the main application thread
07-18 23:36:51.203 13990 13990 I Gateway : [Req]<READ ADDRESS> 000308340001c675
07-18 23:36:51.216 13990 13990 I itemMapping: 0
07-18 23:36:51.216 13990 13990 I MydataType: 0>0
07-18 23:36:51.218 13990 13990 I itemMapping: 0
07-18 23:36:51.218 13990 13990 I MydataType: 1>0
07-18 23:36:51.221 13990 13990 I itemMapping: 0
07-18 23:36:51.221 13990 13990 I MydataType: 2>0
07-18 23:36:51.223 13990 13990 I itemMapping: 0
07-18 23:36:51.223 13990 13990 I MydataType: 3>0
07-18 23:36:51.225 13990 13990 I itemMapping: 0
07-18 23:36:51.225 13990 13990 I MydataType: 4>0
07-18 23:36:51.227 13990 13990 I itemMapping: 0
07-18 23:36:51.228 13990 13990 I MydataType: 5>0
07-18 23:36:51.230   797   797 I SurfaceFlinger: screenshot (com.oringnet.wm/com.oring.SlideActivity@13990#0)
07-18 23:36:51.230 13990 13990 I itemMapping: 0
07-18 23:36:51.231 13990 13990 I MydataType: 6>0
07-18 23:36:51.291 13990 13990 W UiThreadStatement: Already on the UI thread, this method should not be called from the main application thread
07-18 23:36:51.291 13990 13990 I Gateway : [Req]<READ ADDRESS> 0003089800010654
07-18 23:36:51.291 13990 13990 I Gateway : [Rsp]<READ ADDRESS> 00030200008584
07-18 23:36:51.291 13990 13990 I R_item  : 0 ADDRESS 0000
07-18 23:36:51.314 13990 13990 I itemMapping: 0
07-18 23:36:51.315 13990 13990 I MydataType: 0>0
07-18 23:36:51.317 13990 13990 I itemMapping: 0
07-18 23:36:51.317 13990 13990 I MydataType: 1>0
07-18 23:36:51.320 13990 13990 I itemMapping: 0
07-18 23:36:51.320 13990 13990 I MydataType: 2>0
07-18 23:36:51.322 13990 13990 I itemMapping: 0
07-18 23:36:51.323 13990 13990 I MydataType: 3>0
07-18 23:36:51.325 13990 13990 I itemMapping: 0
07-18 23:36:51.325 13990 13990 I MydataType: 4>0
07-18 23:36:51.328 13990 13990 I itemMapping: 0
07-18 23:36:51.328 13990 13990 I MydataType: 5>0
07-18 23:36:51.330 13990 13990 I itemMapping: 0
07-18 23:36:51.330 13990 13990 I MydataType: 6>0
07-18 23:36:51.347   797   797 I SurfaceFlinger: screenshot (com.oringnet.wm/com.oring.SlideActivity@13990#0)
07-18 23:36:51.389 13990 13990 I Gateway : [Rsp]<READ DATA_NUM> 00030200014444
07-18 23:36:51.389 13990 13990 I R_item  : 0 DATA_NUM 0001
07-18 23:36:51.396 13990 13990 W UiThreadStatement: Already on the UI thread, this method should not be called from the main application thread
07-18 23:36:51.396 13990 13990 I Gateway : [Req]<READ DATA_FORMAT> 000308FC0001478b
07-18 23:36:51.415 13990 13990 I itemMapping: 0
07-18 23:36:51.415 13990 13990 I MydataType: 0>0
07-18 23:36:51.417 13990 13990 I itemMapping: 0
07-18 23:36:51.418 13990 13990 I MydataType: 1>0
07-18 23:36:51.420 13990 13990 I itemMapping: 0
07-18 23:36:51.420 13990 13990 I MydataType: 2>0
07-18 23:36:51.422 13990 13990 I itemMapping: 0
07-18 23:36:51.423 13990 13990 I MydataType: 3>0
07-18 23:36:51.425 13990 13990 I itemMapping: 0
07-18 23:36:51.426 13990 13990 I MydataType: 4>0
07-18 23:36:51.428 13990 13990 I itemMapping: 0
07-18 23:36:51.428 13990 13990 I MydataType: 5>0
07-18 23:36:51.431 13990 13990 I itemMapping: 0
07-18 23:36:51.431 13990 13990 I MydataType: 6>0
07-18 23:36:51.463   797   797 I SurfaceFlinger: screenshot (com.oringnet.wm/com.oring.SlideActivity@13990#0)
07-18 23:36:51.486 13990 13990 I Gateway : [Rsp]<READ DATA_FORMAT> 00030200008584
07-18 23:36:51.486 13990 13990 I R_item  : 0 DATA_FORMAT 0000
07-18 23:36:51.493 13990 13990 W UiThreadStatement: Already on the UI thread, this method should not be called from the main application thread
07-18 23:36:51.493 13990 13990 I Gateway : [Req]<READ INTERVAL> 0003096000018659
07-18 23:36:51.516 13990 13990 I itemMapping: 0
07-18 23:36:51.516 13990 13990 I MydataType: 0>0
07-18 23:36:51.518 13990 13990 I itemMapping: 0
07-18 23:36:51.519 13990 13990 I MydataType: 1>0
07-18 23:36:51.521 13990 13990 I itemMapping: 0
07-18 23:36:51.521 13990 13990 I MydataType: 2>0
07-18 23:36:51.524 13990 13990 I itemMapping: 0
07-18 23:36:51.524 13990 13990 I MydataType: 3>0
07-18 23:36:51.527 13990 13990 I itemMapping: 0
07-18 23:36:51.527 13990 13990 I MydataType: 4>0
07-18 23:36:51.529 13990 13990 I itemMapping: 0
07-18 23:36:51.530 13990 13990 I MydataType: 5>0
07-18 23:36:51.532 13990 13990 I itemMapping: 0
07-18 23:36:51.533 13990 13990 I MydataType: 6>0
07-18 23:36:51.564   797   797 I SurfaceFlinger: screenshot (com.oringnet.wm/com.oring.SlideActivity@13990#0)
07-18 23:36:51.585 13990 13990 I Gateway : [Rsp]<READ INTERVAL> 000302003c8595
07-18 23:36:51.585 13990 13990 I R_item  : 0 INTERVAL 003c
07-18 23:36:51.586 13990 13990 I R_item  : enable: 1
07-18 23:36:51.593 13990 13990 W UiThreadStatement: Already on the UI thread, this method should not be called from the main application thread
07-18 23:36:51.593 13990 13990 I Gateway : [Req]<READ NET_ID> 000309C40001c7ba
07-18 23:36:51.615 13990 13990 I itemMapping: 0
07-18 23:36:51.615 13990 13990 I MydataType: 0>0
07-18 23:36:51.618 13990 13990 I itemMapping: 0
07-18 23:36:51.618 13990 13990 I MydataType: 1>0
07-18 23:36:51.619 13990 13990 I itemMapping: 0
07-18 23:36:51.620 13990 13990 I MydataType: 2>0
07-18 23:36:51.622 13990 13990 I itemMapping: 0
07-18 23:36:51.622 13990 13990 I MydataType: 3>0
07-18 23:36:51.624 13990 13990 I itemMapping: 0
07-18 23:36:51.625 13990 13990 I MydataType: 4>0
07-18 23:36:51.627 13990 13990 I itemMapping: 0
07-18 23:36:51.627 13990 13990 I MydataType: 5>0
07-18 23:36:51.629 13990 13990 I itemMapping: 0
07-18 23:36:51.629 13990 13990 I MydataType: 6>0
07-18 23:36:51.664   797   797 I SurfaceFlinger: screenshot (com.oringnet.wm/com.oring.SlideActivity@13990#0)
07-18 23:36:51.684 13990 13990 W UiThreadStatement: Already on the UI thread, this method should not be called from the main application thread
07-18 23:36:51.684 13990 13990 I Gateway : [Req]<READ NET_ID> 000307D10001d496
07-18 23:36:51.684 13990 13990 I Gateway : [Rsp]<READ NET_ID> 00030200008584
07-18 23:36:51.684 13990 13990 I R_item  : 1 NET_ID 0000
07-18 23:36:51.701 13990 13990 I itemMapping: 0
07-18 23:36:51.701 13990 13990 I MydataType: 0>0
07-18 23:36:51.703 13990 13990 I itemMapping: 0
07-18 23:36:51.704 13990 13990 I MydataType: 1>0
07-18 23:36:51.705 13990 13990 I itemMapping: 0
07-18 23:36:51.706 13990 13990 I MydataType: 2>0
07-18 23:36:51.708 13990 13990 I itemMapping: 0
07-18 23:36:51.708 13990 13990 I MydataType: 3>0
07-18 23:36:51.713 13990 13990 I itemMapping: 0
07-18 23:36:51.714 13990 13990 I MydataType: 4>0
07-18 23:36:51.716 13990 13990 I itemMapping: 0
07-18 23:36:51.716 13990 13990 I MydataType: 5>0
07-18 23:36:51.719 13990 13990 I itemMapping: 0
07-18 23:36:51.719 13990 13990 I MydataType: 6>0
07-18 23:36:51.767   797  1247 I BufferQueueProducer: [com.oringnet.wm/com.oring.SlideActivity@13990#0](this:0x7556dc3800,id:754,api:1,p:13990,c:797) queueBuffer: fps=19.65 dur=1068.91 max=312.66 min=4.72
07-18 23:36:51.779 13990 13990 W UiThreadStatement: Already on the UI thread, this method should not be called from the main application thread
07-18 23:36:51.779 13990 13990 I Gateway : [Req]<READ IO_TYPE> 00030835000197b5
07-18 23:36:51.779 13990 13990 I Gateway : [Rsp]<READ IO_TYPE> 00030200008584
07-18 23:36:51.779 13990 13990 I R_item  : 1 IO_TYPE 0000
07-18 23:36:51.781   797   797 I SurfaceFlinger: screenshot (com.oringnet.wm/com.oring.SlideActivity@13990#0)
07-18 23:36:51.798 13990 13990 I itemMapping: 0
07-18 23:36:51.798 13990 13990 I MydataType: 0>0
07-18 23:36:51.800 13990 13990 I itemMapping: 0
07-18 23:36:51.801 13990 13990 I MydataType: 1>0
07-18 23:36:51.803 13990 13990 I itemMapping: 0
07-18 23:36:51.803 13990 13990 I MydataType: 2>0
07-18 23:36:51.805 13990 13990 I itemMapping: 0
07-18 23:36:51.806 13990 13990 I MydataType: 3>0
07-18 23:36:51.808 13990 13990 I itemMapping: 0
07-18 23:36:51.808 13990 13990 I MydataType: 4>0
07-18 23:36:51.810 13990 13990 I itemMapping: 0
07-18 23:36:51.811 13990 13990 I MydataType: 5>0
07-18 23:36:51.813 13990 13990 I itemMapping: 0
07-18 23:36:51.814 13990 13990 I MydataType: 6>0
07-18 23:36:51.877 13990 13990 W UiThreadStatement: Already on the UI thread, this method should not be called from the main application thread
07-18 23:36:51.877 13990 13990 I Gateway : [Req]<READ ADDRESS> 0003089900015794
07-18 23:36:51.877 13990 13990 I Gateway : [Rsp]<READ ADDRESS> 00030200008584
07-18 23:36:51.877 13990 13990 I R_item  : 1 ADDRESS 0000
07-18 23:36:51.880   797   797 I SurfaceFlinger: screenshot (com.oringnet.wm/com.oring.SlideActivity@13990#0)
07-18 23:36:51.899 13990 13990 I itemMapping: 0
07-18 23:36:51.899 13990 13990 I MydataType: 0>0
07-18 23:36:51.901 13990 13990 I itemMapping: 0
07-18 23:36:51.901 13990 13990 I MydataType: 1>0
07-18 23:36:51.904 13990 13990 I itemMapping: 0
07-18 23:36:51.904 13990 13990 I MydataType: 2>0
07-18 23:36:51.906 13990 13990 I itemMapping: 0
07-18 23:36:51.907 13990 13990 I MydataType: 3>0
07-18 23:36:51.909 13990 13990 I itemMapping: 0
07-18 23:36:51.909 13990 13990 I MydataType: 4>0
07-18 23:36:51.911 13990 13990 I itemMapping: 0
07-18 23:36:51.912 13990 13990 I MydataType: 5>0
07-18 23:36:51.914 13990 13990 I itemMapping: 0
07-18 23:36:51.915 13990 13990 I MydataType: 6>0
07-18 23:36:51.974 13990 13990 W UiThreadStatement: Already on the UI thread, this method should not be called from the main application thread
07-18 23:36:51.974 13990 13990 I Gateway : [Req]<READ DATA_NUM> 000308FD0001164b
07-18 23:36:51.974 13990 13990 I Gateway : [Rsp]<READ DATA_NUM> 00030200014444
07-18 23:36:51.974 13990 13990 I R_item  : 1 DATA_NUM 0001
07-18 23:36:51.981   797   797 I SurfaceFlinger: screenshot (com.oringnet.wm/com.oring.SlideActivity@13990#0)
07-18 23:36:51.998 13990 13990 I itemMapping: 0
07-18 23:36:51.998 13990 13990 I MydataType: 0>0
07-18 23:36:52.001 13990 13990 I itemMapping: 0
07-18 23:36:52.001 13990 13990 I MydataType: 1>0
07-18 23:36:52.003 13990 13990 I itemMapping: 0
07-18 23:36:52.003 13990 13990 I MydataType: 2>0
07-18 23:36:52.005 13990 13990 I itemMapping: 0
07-18 23:36:52.005 13990 13990 I MydataType: 3>0
07-18 23:36:52.008 13990 13990 I itemMapping: 0
07-18 23:36:52.008 13990 13990 I MydataType: 4>0
07-18 23:36:52.010 13990 13990 I itemMapping: 0
07-18 23:36:52.010 13990 13990 I MydataType: 5>0
07-18 23:36:52.013 13990 13990 I itemMapping: 0
07-18 23:36:52.013 13990 13990 I MydataType: 6>0
07-18 23:36:52.071 13990 13990 W UiThreadStatement: Already on the UI thread, this method should not be called from the main application thread
07-18 23:36:52.071 13990 13990 I Gateway : [Req]<READ DATA_FORMAT> 000309610001d799
07-18 23:36:52.071 13990 13990 I Gateway : [Rsp]<READ DATA_FORMAT> 00030200008584
07-18 23:36:52.071 13990 13990 I R_item  : 1 DATA_FORMAT 0000
07-18 23:36:52.089   797   797 I SurfaceFlinger: screenshot (com.oringnet.wm/com.oring.SlideActivity@13990#0)
07-18 23:36:52.098 13990 13990 I itemMapping: 0
07-18 23:36:52.099 13990 13990 I MydataType: 0>0
07-18 23:36:52.101 13990 13990 I itemMapping: 0
07-18 23:36:52.101 13990 13990 I MydataType: 1>0
07-18 23:36:52.103 13990 13990 I itemMapping: 0
07-18 23:36:52.104 13990 13990 I MydataType: 2>0
07-18 23:36:52.106 13990 13990 I itemMapping: 0
07-18 23:36:52.106 13990 13990 I MydataType: 3>0
07-18 23:36:52.108 13990 13990 I itemMapping: 0
07-18 23:36:52.109 13990 13990 I MydataType: 4>0
07-18 23:36:52.110 13990 13990 I itemMapping: 0
07-18 23:36:52.111 13990 13990 I MydataType: 5>0
07-18 23:36:52.113 13990 13990 I itemMapping: 0
07-18 23:36:52.113 13990 13990 I MydataType: 6>0
