07-18 23:34:55.388   797   797 I SurfaceFlinger: screenshot (com.oringnet.wm/com.oring.SlideActivity@13990#0)
07-18 23:34:55.441   797  2127 I BufferQueueProducer: [com.oringnet.wm/com.oring.SlideActivity@13990#0](this:0x7556dc3800,id:754,api:1,p:13990,c:797) queueBuffer: fps=8.80 dur=1023.01 max=165.50 min=84.03
07-18 23:34:55.488   797   797 I SurfaceFlinger: screenshot (com.oringnet.wm/com.oring.SlideActivity@13990#0)
07-18 23:34:55.605   797   797 I SurfaceFlinger: screenshot (com.oringnet.wm/com.oring.SlideActivity@13990#0)
07-18 23:34:55.721   797   797 I SurfaceFlinger: screenshot (com.oringnet.wm/com.oring.SlideActivity@13990#0)
07-18 23:34:55.857 13990 14189 I myPeriod_I/O: 目前時間:2021/07/18 11:34:55
07-18 23:34:55.857 13990 14189 I myPeriod_I/O: 目前timerCount:-1
07-18 23:34:55.857 13990 14189 I myPeriod_I/O: is pendding -> 1
07-18 23:34:55.889 13990 13990 I ViewRootImpl: ViewRoot's Touch Event : ACTION_DOWN
07-18 23:34:55.987   797   797 I SurfaceFlinger: screenshot (com.oringnet.wm/com.oring.SlideActivity@13990#0)
07-18 23:34:56.240   797   797 I SurfaceFlinger: screenshot (com.oringnet.wm/com.oring.SlideActivity@13990#0)
07-18 23:34:56.357 13990 14189 I myPeriod_I/O: 目前時間:2021/07/18 11:34:56
07-18 23:34:56.357 13990 14189 I myPeriod_I/O: 目前timerCount:-1
07-18 23:34:56.357 13990 14189 I myPeriod_I/O: is pendding -> 2
07-18 23:34:56.445   797  2127 I BufferQueueProducer: [com.oringnet.wm/com.oring.SlideActivity@13990#0](this:0x7556dc3800,id:754,api:1,p:13990,c:797) queueBuffer: fps=46.85 dur=1003.22 max=235.51 min=8.97
07-18 23:34:56.507   797   797 I SurfaceFlinger: screenshot (com.oringnet.wm/com.oring.SlideActivity@13990#0)
07-18 23:34:56.622   797   797 I SurfaceFlinger: screenshot (com.oringnet.wm/com.oring.SlideActivity@13990#0)
07-18 23:34:56.738   797   797 I SurfaceFlinger: screenshot (com.oringnet.wm/com.oring.SlideActivity@13990#0)
07-18 23:34:56.828 13990 13990 I ViewRootImpl: ViewRoot's Touch Event : ACTION_UP
07-18 23:34:56.829 13990 13990 I TouchFlickNoti: CHANGE UP TO DOWN vectorVelocity:1117
07-18 23:34:56.839   797   797 I SurfaceFlinger: screenshot (com.oringnet.wm/com.oring.SlideActivity@13990#0)
07-18 23:34:56.857 13990 14189 I myPeriod_I/O: 目前時間:2021/07/18 11:34:56
07-18 23:34:56.857 13990 14189 I myPeriod_I/O: 目前timerCount:-1
07-18 23:34:56.857 13990 14189 I myPeriod_I/O: is pendding -> 3
07-18 23:34:56.955   797   797 I SurfaceFlinger: screenshot (com.oringnet.wm/com.oring.SlideActivity@13990#0)
07-18 23:34:57.055   797   797 I SurfaceFlinger: screenshot (com.oringnet.wm/com.oring.SlideActivity@13990#0)
07-18 23:34:57.072 13990 13990 I ViewRootImpl: ViewRoot's Touch Event : ACTION_DOWN
07-18 23:34:57.172   797   797 I SurfaceFlinger: screenshot (com.oringnet.wm/com.oring.SlideActivity@13990#0)
07-18 23:34:57.288   797   797 I SurfaceFlinger: screenshot (com.oringnet.wm/com.oring.SlideActivity@13990#0)
07-18 23:34:57.357 13990 14189 I myPeriod_I/O: 目前時間:2021/07/18 11:34:57
07-18 23:34:57.357 13990 14189 I myPeriod_I/O: 目前timerCount:-1
07-18 23:34:57.357 13990 14189 I myPeriod_I/O: is pendding -> 4
07-18 23:34:57.405   797   797 I SurfaceFlinger: screenshot (com.oringnet.wm/com.oring.SlideActivity@13990#0)
07-18 23:34:57.458   797  2128 I BufferQueueProducer: [com.oringnet.wm/com.oring.SlideActivity@13990#0](this:0x7556dc3800,id:754,api:1,p:13990,c:797) queueBuffer: fps=60.22 dur=1013.02 max=19.78 min=13.31
07-18 23:34:57.505   797   797 I SurfaceFlinger: screenshot (com.oringnet.wm/com.oring.SlideActivity@13990#0)
07-18 23:34:57.822   797   797 I SurfaceFlinger: screenshot (com.oringnet.wm/com.oring.SlideActivity@13990#0)
07-18 23:34:57.856 13990 14189 I myPeriod_I/O: 目前時間:2021/07/18 11:34:57
07-18 23:34:57.856 13990 14189 I myPeriod_I/O: 目前timerCount:-1
07-18 23:34:57.857 13990 14189 I myPeriod_I/O: is pendding -> 5
07-18 23:34:57.922   797   797 I SurfaceFlinger: screenshot (com.oringnet.wm/com.oring.SlideActivity@13990#0)
07-18 23:34:57.977 13990 13990 I ViewRootImpl: ViewRoot's Touch Event : ACTION_UP
07-18 23:34:57.977 13990 13990 I TouchFlickNoti: CHANGE DOWN TO UP vectorVelocity:-1124
07-18 23:34:58.038   797   797 I SurfaceFlinger: screenshot (com.oringnet.wm/com.oring.SlideActivity@13990#0)
07-18 23:34:58.138   797   797 I SurfaceFlinger: screenshot (com.oringnet.wm/com.oring.SlideActivity@13990#0)
07-18 23:34:58.255   797   797 I SurfaceFlinger: screenshot (com.oringnet.wm/com.oring.SlideActivity@13990#0)
07-18 23:34:58.356 13990 14189 I myPeriod_I/O: 目前時間:2021/07/18 11:34:58
07-18 23:34:58.356 13990 14189 I myPeriod_I/O: 目前timerCount:-1
07-18 23:34:58.356 13990 14189 I myPeriod_I/O: is pendding -> 6
07-18 23:34:58.372   797   797 I SurfaceFlinger: screenshot (com.oringnet.wm/com.oring.SlideActivity@13990#0)
07-18 23:34:58.458   797  2127 I BufferQueueProducer: [com.oringnet.wm/com.oring.SlideActivity@13990#0](this:0x7556dc3800,id:754,api:1,p:13990,c:797) queueBuffer: fps=59.96 dur=1000.62 max=18.18 min=13.45
07-18 23:34:58.472   797   797 I SurfaceFlinger: screenshot (com.oringnet.wm/com.oring.SlideActivity@13990#0)
07-18 23:34:58.589   797   797 I SurfaceFlinger: screenshot (com.oringnet.wm/com.oring.SlideActivity@13990#0)
07-18 23:34:58.805   797   797 I SurfaceFlinger: screenshot (com.oringnet.wm/com.oring.SlideActivity@13990#0)
07-18 23:34:58.857 13990 14189 I myPeriod_I/O: 目前時間:2021/07/18 11:34:58
07-18 23:34:58.857 13990 14189 I myPeriod_I/O: 目前timerCount:-1
07-18 23:34:58.857 13990 14189 I myPeriod_I/O: is pendding -> 7
07-18 23:34:58.905   797   797 I SurfaceFlinger: screenshot (com.oringnet.wm/com.oring.SlideActivity@13990#0)
07-18 23:34:59.222   797   797 I SurfaceFlinger: screenshot (com.oringnet.wm/com.oring.SlideActivity@13990#0)
07-18 23:34:59.322   797   797 I SurfaceFlinger: screenshot (com.oringnet.wm/com.oring.SlideActivity@13990#0)
07-18 23:34:59.357 13990 14189 I myPeriod_I/O: 目前時間:2021/07/18 11:34:59
07-18 23:34:59.357 13990 14189 I myPeriod_I/O: 目前timerCount:-1
07-18 23:34:59.357 13990 14189 I myPeriod_I/O: is pendding -> 8
07-18 23:34:59.439   797   797 I SurfaceFlinger: screenshot (com.oringnet.wm/com.oring.SlideActivity@13990#0)
07-18 23:34:59.475   797  2128 I BufferQueueProducer: [com.oringnet.wm/com.oring.SlideActivity@13990#0](this:0x7556dc3800,id:754,api:1,p:13990,c:797) queueBuffer: fps=59.98 dur=1017.05 max=18.36 min=14.85
07-18 23:34:59.539   797   797 I SurfaceFlinger: screenshot (com.oringnet.wm/com.oring.SlideActivity@13990#0)
07-18 23:34:59.772   797   797 I SurfaceFlinger: screenshot (com.oringnet.wm/com.oring.SlideActivity@13990#0)
07-18 23:34:59.856 13990 14189 I myPeriod_I/O: 目前時間:2021/07/18 11:34:59
07-18 23:34:59.856 13990 14189 I myPeriod_I/O: 目前timerCount:-1
07-18 23:34:59.856 13990 14189 I myPeriod_I/O: is pendding -> 9
07-18 23:34:59.872   797   797 I SurfaceFlinger: screenshot (com.oringnet.wm/com.oring.SlideActivity@13990#0)
07-18 23:34:59.988   797   797 I SurfaceFlinger: screenshot (com.oringnet.wm/com.oring.SlideActivity@13990#0)
07-18 23:35:00.088   797   797 I SurfaceFlinger: screenshot (com.oringnet.wm/com.oring.SlideActivity@13990#0)
07-18 23:35:00.189   797   797 I SurfaceFlinger: screenshot (com.oringnet.wm/com.oring.SlideActivity@13990#0)
07-18 23:35:00.357 13990 14189 I myPeriod_I/O: 目前時間:2021/07/18 11:35:00
07-18 23:35:00.358 13990 14189 I myPeriod_I/O: 目前timerCount:-1
07-18 23:35:00.358 13990 14189 I myPeriod_I/O: is pendding -> 10
07-18 23:35:00.358 13990 14189 I myPeriod_I/O: 開始下一次 輪詢序列
07-18 23:35:00.436 13990 13990 I I/O     : [Rsp]<Read DI Status> 01020100a188
07-18 23:35:00.452 13990 13990 W UiThreadStatement: Already on the UI thread, this method should not be called from the main application thread
07-18 23:35:00.452 13990 13990 I I/O     : [Req]<Read DO Status> 01020000000479c9
07-18 23:35:00.481   797  2128 I BufferQueueProducer: [com.oringnet.wm/com.oring.SlideActivity@13990#0](this:0x7556dc3800,id:754,api:1,p:13990,c:797) queueBuffer: fps=46.72 dur=1005.99 max=235.65 min=14.86
07-18 23:35:00.532 13990 13990 W UiThreadStatement: Already on the UI thread, this method should not be called from the main application thread
07-18 23:35:00.532 13990 13990 I I/O     : [Req]<Read DO Status> 0101000000043dc9
07-18 23:35:00.533 13990 13990 I I/O     : [Rsp]<Read DO Status> 010101005188
07-18 23:35:00.573   797   797 I SurfaceFlinger: screenshot (com.oringnet.wm/com.oring.SlideActivity@13990#0)
07-18 23:35:00.639 13990 13990 W UiThreadStatement: Already on the UI thread, this method should not be called from the main application thread
07-18 23:35:00.639 13990 13990 I I/O     : [Req]<Read RELAY Status> 010100040002fc0a
07-18 23:35:00.639 13990 13990 I I/O     : [Rsp]<Read RELAY Status> 010101005188
07-18 23:35:00.673   797   797 I SurfaceFlinger: screenshot (com.oringnet.wm/com.oring.SlideActivity@13990#0)
07-18 23:35:00.739 13990 13990 W UiThreadStatement: Already on the UI thread, this method should not be called from the main application thread
07-18 23:35:00.739 13990 13990 I I/O     : [Req]<Read DI COUNTER> 010404310004a136
07-18 23:35:00.739 13990 13990 I I/O     : [Rsp]<Read DI COUNTER> 0104080000000000000000240d
07-18 23:35:00.790   797   797 I SurfaceFlinger: screenshot (com.oringnet.wm/com.oring.SlideActivity@13990#0)
07-18 23:35:00.838 13990 13990 I I/O     : [Rsp]<Read AI 0 Status> 010404bc9ce8bf118a
07-18 23:35:00.850 13990 13990 I AI_value:: -0.019
07-18 23:35:00.850 13990 13990 I AI_raw: : bc9ce8bf
07-18 23:35:00.857 13990 13990 W UiThreadStatement: Already on the UI thread, this method should not be called from the main application thread
07-18 23:35:00.857 13990 13990 I I/O     : [Req]<Read AI 1 Status> 01040000000271cb
07-18 23:35:00.858 13990 14189 I myPeriod_I/O: 目前時間:2021/07/18 11:35:00
07-18 23:35:00.858 13990 14189 I myPeriod_I/O: 目前timerCount:0
07-18 23:35:00.858 13990 14189 I myPeriod_I/O: 當前於輪詢中
07-18 23:35:00.906   797   797 I SurfaceFlinger: screenshot (com.oringnet.wm/com.oring.SlideActivity@13990#0)
07-18 23:35:00.921 13990 13990 I I/O     : [Rsp]<Read AI 1 Status> 0104043dcc115c3a7e
07-18 23:35:00.931 13990 13990 I AI_value:: 0.1
07-18 23:35:00.931 13990 13990 I AI_raw: : 3dcc115c
07-18 23:35:00.937 13990 13990 W UiThreadStatement: Already on the UI thread, this method should not be called from the main application thread
07-18 23:35:00.937 13990 13990 I I/O     : [Req]<Read AI 2 Status> 010400020002d00b
07-18 23:35:01.019 13990 13990 W UiThreadStatement: Already on the UI thread, this method should not be called from the main application thread
07-18 23:35:01.019 13990 13990 I I/O     : [Req]<Read AI 2 Status> 010400040002300a
07-18 23:35:01.020 13990 13990 I I/O     : [Rsp]<Read AI 2 Status> 0104044412f99a8d4a
07-18 23:35:01.062 13990 13990 I AI_value:: 587.9
07-18 23:35:01.063 13990 13990 I AI_raw: : 4412f99a
07-18 23:35:01.167 13990 13990 W UiThreadStatement: Already on the UI thread, this method should not be called from the main application thread
07-18 23:35:01.167 13990 13990 I I/O     : [Req]<Read AI 3 Status> 01040006000291ca
07-18 23:35:01.167 13990 13990 I I/O     : [Rsp]<Read AI 3 Status> 01040400000000fb84
07-18 23:35:01.223 13990 13990 I AI_value:: 0.0
07-18 23:35:01.223 13990 13990 I AI_raw: : 00000000
07-18 23:35:01.313 13990 13990 I I/O     : [Rsp]<Read AI 4 Status> 0104044412f99a8d4a
07-18 23:35:01.357 13990 14189 I myPeriod_I/O: 目前時間:2021/07/18 11:35:01
07-18 23:35:01.358 13990 14189 I myPeriod_I/O: 目前timerCount:0
07-18 23:35:01.358 13990 14189 I myPeriod_I/O: 當前於輪詢中
07-18 23:35:01.375 13990 13990 I AI_value:: 587.9
07-18 23:35:01.375 13990 13990 I AI_raw: : 4412f99a
07-18 23:35:01.385 13990 13990 W UiThreadStatement: Already on the UI thread, this method should not be called from the main application thread
07-18 23:35:01.386 13990 13990 I I/O     : [Req]<Read AI 5 Status> 010400080002f009
07-18 23:35:01.424   797   797 I SurfaceFlinger: screenshot (com.oringnet.wm/com.oring.SlideActivity@13990#0)
07-18 23:35:01.457 13990 13990 W UiThreadStatement: Already on the UI thread, this method should not be called from the main application thread
07-18 23:35:01.457 13990 13990 I I/O     : [Req]<Read AI 5 Status> 0104000A000251c9
07-18 23:35:01.462 13990 13990 I I/O     : [Rsp]<Read AI 5 Status> 01040400000000fb84
07-18 23:35:01.507 13990 13990 I AI_value:: 0.0
07-18 23:35:01.507 13990 13990 I AI_raw: : 00000000
07-18 23:35:01.532   797  2128 I BufferQueueProducer: [com.oringnet.wm/com.oring.SlideActivity@13990#0](this:0x7556dc3800,id:754,api:1,p:13990,c:797) queueBuffer: fps=19.98 dur=1051.11 max=155.77 min=5.28
07-18 23:35:01.566   797   797 I SurfaceFlinger: screenshot (com.oringnet.wm/com.oring.SlideActivity@13990#0)
07-18 23:35:01.604 13990 13990 I I/O     : [Rsp]<Read AI Type> 01030c000501020215031302150313dbb0
07-18 23:35:01.612 13990 13990 W UiThreadStatement: Already on the UI thread, this method should not be called from the main application thread
07-18 23:35:01.612 13990 13990 I I/O     : [Req]<Read RTD 2 mode> 010304000006c4f8
07-18 23:35:01.701 13990 13990 W UiThreadStatement: Already on the UI thread, this method should not be called from the main application thread
07-18 23:35:01.701 13990 13990 I I/O     : [Req]<Read RTD 2 mode> 010303050004544c
07-18 23:35:01.701 13990 13990 I I/O     : [Rsp]<Read RTD 2 mode> 0103080003000200000000df17
07-18 23:35:01.702 13990 13990 I RTD_mode:: 0003000200000000
07-18 23:35:01.702 13990 13990 I parseRTD_mode: SW index 0 = 3
07-18 23:35:01.702 13990 13990 I parseRTD_mode: SW index 2 = 2
07-18 23:35:01.702 13990 13990 I parseRTD_mode: SW index 1 = 0
07-18 23:35:01.702 13990 13990 I parseRTD_mode: SW index 3 = 0
07-18 23:35:01.798 13990 13990 W UiThreadStatement: Already on the UI thread, this method should not be called from the main application thread
07-18 23:35:01.798 13990 13990 I I/O     : [Req]<Read Mode> 010403f90001e1bf
07-18 23:35:01.799 13990 13990 I I/O     : [Rsp]<Read Mode> 01040261021161
07-18 23:35:01.799 13990 13990 I MCU_MODE: Status = 24834
07-18 23:35:01.799 13990 13990 I finish  : @@!!
07-18 23:35:01.857 13990 14189 I myPeriod_I/O: 目前時間:2021/07/18 11:35:01
07-18 23:35:01.858 13990 14189 I myPeriod_I/O: 目前timerCount:-1
07-18 23:35:01.858 13990 14189 I myPeriod_I/O: is pendding -> 0
07-18 23:35:02.358 13990 14189 I myPeriod_I/O: 目前時間:2021/07/18 11:35:02
07-18 23:35:02.358 13990 14189 I myPeriod_I/O: 目前timerCount:-1
07-18 23:35:02.358 13990 14189 I myPeriod_I/O: is pendding -> 1
07-18 23:35:02.858 13990 14189 I myPeriod_I/O: 目前時間:2021/07/18 11:35:02
07-18 23:35:02.859 13990 14189 I myPeriod_I/O: 目前timerCount:-1
07-18 23:35:02.859 13990 14189 I myPeriod_I/O: is pendding -> 2
07-18 23:35:03.359 13990 14189 I myPeriod_I/O: 目前時間:2021/07/18 11:35:03
07-18 23:35:03.360 13990 14189 I myPeriod_I/O: 目前timerCount:-1
07-18 23:35:03.360 13990 14189 I myPeriod_I/O: is pendding -> 3
07-18 23:35:03.859 13990 14189 I myPeriod_I/O: 目前時間:2021/07/18 11:35:03
07-18 23:35:03.859 13990 14189 I myPeriod_I/O: 目前timerCount:-1
07-18 23:35:03.859 13990 14189 I myPeriod_I/O: is pendding -> 4
07-18 23:35:04.359 13990 14189 I myPeriod_I/O: 目前時間:2021/07/18 11:35:04
07-18 23:35:04.359 13990 14189 I myPeriod_I/O: 目前timerCount:-1
07-18 23:35:04.360 13990 14189 I myPeriod_I/O: is pendding -> 5
07-18 23:35:04.858 13990 14189 I myPeriod_I/O: 目前時間:2021/07/18 11:35:04
07-18 23:35:04.859 13990 14189 I myPeriod_I/O: 目前timerCount:-1
07-18 23:35:04.859 13990 14189 I myPeriod_I/O: is pendding -> 6
07-18 23:35:05.359 13990 14189 I myPeriod_I/O: 目前時間:2021/07/18 11:35:05
07-18 23:35:05.359 13990 14189 I myPeriod_I/O: 目前timerCount:-1
07-18 23:35:05.359 13990 14189 I myPeriod_I/O: is pendding -> 7
07-18 23:35:05.859 13990 14189 I myPeriod_I/O: 目前時間:2021/07/18 11:35:05
07-18 23:35:05.859 13990 14189 I myPeriod_I/O: 目前timerCount:-1
07-18 23:35:05.859 13990 14189 I myPeriod_I/O: is pendding -> 8
07-18 23:35:06.359 13990 14189 I myPeriod_I/O: 目前時間:2021/07/18 11:35:06
07-18 23:35:06.359 13990 14189 I myPeriod_I/O: 目前timerCount:-1
07-18 23:35:06.359 13990 14189 I myPeriod_I/O: is pendding -> 9
07-18 23:35:06.408 13990 13990 I ViewRootImpl: ViewRoot's Touch Event : ACTION_DOWN
07-18 23:35:06.416 13990 13990 I ViewRootImpl: ViewRoot's Touch Event : ACTION_UP
07-18 23:35:06.419 13990 13990 I PortN:  : 項目 0/名稱 AI0
07-18 23:35:06.419 13990 13990 I Lang:   : zh
07-18 23:35:06.544 13990 13990 D BluetoothGatt: setCharacteristicNotification() - uuid: 6e400003-b5a3-f393-e0a9-e50e24dcca9e enable: true
07-18 23:35:06.682   797  2128 I BufferQueueProducer: [com.oringnet.wm/com.oring.SlideActivity@13990#0](this:0x7556dc3800,id:754,api:1,p:13990,c:797) queueBuffer: fps=0.58 dur=5149.77 max=4952.77 min=96.31
07-18 23:35:06.687 13990 13990 I Unit:   : 123
07-18 23:35:06.707   797   797 I SurfaceFlinger: screenshot (com.oringnet.wm/com.oring.SlideActivity@13990#0)
07-18 23:35:06.766   797   797 I SurfaceFlinger: screenshot (com.oringnet.wm/com.oring.SlideActivity@13990#0)
07-18 23:35:06.774 13990 13990 I AiPage  : [Rsp]<READ CHANNEL ENABLE> 0103020000b844
07-18 23:35:06.774 13990 13990 I AIoT    : READ CHANNEL ENABLE
07-18 23:35:06.782 13990 13990 W UiThreadStatement: Already on the UI thread, this method should not be called from the main application thread
07-18 23:35:06.782 13990 13990 I AiPage  : [Req]<READ SAMPLING> 01030410000184ff
07-18 23:35:06.824   797   797 I SurfaceFlinger: screenshot (com.oringnet.wm/com.oring.SlideActivity@13990#0)
07-18 23:35:06.873 13990 13990 W UiThreadStatement: Already on the UI thread, this method should not be called from the main application thread
07-18 23:35:06.874 13990 13990 I AiPage  : [Req]<READ SAMPLING> 010304110001d53f
07-18 23:35:06.874 13990 13990 I AiPage  : [Rsp]<READ SAMPLING> 0103020000b844
07-18 23:35:06.940   797   797 I SurfaceFlinger: screenshot (com.oringnet.wm/com.oring.SlideActivity@13990#0)
07-18 23:35:06.974 13990 13990 I AiPage  : [Rsp]<READ INPUT TYPE> 01030200057847
07-18 23:35:06.974 13990 13990 I Unit    : 0005
07-18 23:35:06.974 13990 13990 I Unit    : 1
07-18 23:35:06.994 13990 13990 W UiThreadStatement: Already on the UI thread, this method should not be called from the main application thread
07-18 23:35:06.994 13990 13990 I AiPage  : [Req]<READ HIGH ALARM ENABLE> 010304000001853a
07-18 23:35:07.041   797   797 I SurfaceFlinger: screenshot (com.oringnet.wm/com.oring.SlideActivity@13990#0)
07-18 23:35:07.064 13990 13990 W UiThreadStatement: Already on the UI thread, this method should not be called from the main application thread
07-18 23:35:07.064 13990 13990 I AiPage  : [Req]<READ HIGH ALARM ENABLE> 0103046300017524
07-18 23:35:07.066 13990 13990 I AiPage  : [Rsp]<READ HIGH ALARM ENABLE> 0103020000b844
07-18 23:35:07.162 13990 13990 I AiPage  : [Rsp]<READ HIGH ALARM> 0103020000b844
07-18 23:35:07.173 13990 13990 W UiThreadStatement: Already on the UI thread, this method should not be called from the main application thread
07-18 23:35:07.173 13990 13990 I AiPage  : [Req]<READ LOW ALARM ENABLE> 010304640001c4e5
07-18 23:35:07.261 13990 13990 I AiPage  : [Rsp]<READ LOW ALARM ENABLE> 0103020000b844
07-18 23:35:07.277 13990 13990 W UiThreadStatement: Already on the UI thread, this method should not be called from the main application thread
07-18 23:35:07.277 13990 13990 I AiPage  : [Req]<READ LOW ALARM> 01030485000194d3
07-18 23:35:07.357 13990 13990 W UiThreadStatement: Already on the UI thread, this method should not be called from the main application thread
07-18 23:35:07.357 13990 13990 I AiPage  : [Req]<READ LOW ALARM> 01030486000164d3
07-18 23:35:07.357 13990 13990 I AiPage  : [Rsp]<READ LOW ALARM> 0103020000b844
07-18 23:35:07.453 13990 13990 W UiThreadStatement: Already on the UI thread, this method should not be called from the main application thread
07-18 23:35:07.454 13990 13990 I AiPage  : [Req]<READ THRESHOLD> 010304A7000134d9
07-18 23:35:07.454 13990 13990 I AiPage  : [Rsp]<READ THRESHOLD> 0103020000b844
07-18 23:35:07.552 13990 13990 W UiThreadStatement: Already on the UI thread, this method should not be called from the main application thread
07-18 23:35:07.552 13990 13990 I AiPage  : [Req]<READ XY%_THRESHOLD> 01030CE40001c76d
07-18 23:35:07.553 13990 13990 I AiPage  : [Rsp]<READ XY%_THRESHOLD> 0103020000b844
07-18 23:35:07.585   797   797 I SurfaceFlinger: screenshot (com.oringnet.wm/com.oring.SlideActivity@13990#0)
07-18 23:35:07.648 13990 13990 W UiThreadStatement: Already on the UI thread, this method should not be called from the main application thread
07-18 23:35:07.648 13990 13990 I AiPage  : [Req]<READ XY% ENABLE> 01030C80000186b2
07-18 23:35:07.649 13990 13990 I AiPage  : [Rsp]<READ XY% ENABLE> 018302c0f1010302561c862d
07-18 23:35:07.857 13990 13990 I ViewRootImpl: ViewRoot's Touch Event : ACTION_DOWN
07-18 23:35:07.859   797   797 I SurfaceFlinger: screenshot (com.oringnet.wm/com.oring.SlideActivity@13990#0)
07-18 23:35:07.865 13990 13990 I ViewRootImpl: ViewRoot's Touch Event : ACTION_UP
07-18 23:35:07.885   797  2127 I BufferQueueProducer: [com.oringnet.wm/com.oring.SlideActivity@13990#0](this:0x7556dc3800,id:754,api:1,p:13990,c:797) queueBuffer: fps=24.95 dur=1202.56 max=315.68 min=6.71
07-18 23:35:07.974   797   797 I SurfaceFlinger: screenshot (com.oringnet.wm/com.oring.SlideActivity@13990#0)
07-18 23:35:08.074   797   797 I SurfaceFlinger: screenshot (com.oringnet.wm/com.oring.SlideActivity@13990#0)
07-18 23:35:08.105   797   797 I SurfaceFlinger: screenshot (com.oringnet.wm/com.oring.SlideActivity@13990#0)
07-18 23:35:08.174   797   797 I SurfaceFlinger: screenshot (com.oringnet.wm/com.oring.SlideActivity@13990#0)
07-18 23:35:08.274   797   797 I SurfaceFlinger: screenshot (com.oringnet.wm/com.oring.SlideActivity@13990#0)
07-18 23:35:08.707 13990 13990 I ViewRootImpl: ViewRoot's Touch Event : ACTION_DOWN
07-18 23:35:08.715 13990 13990 I ViewRootImpl: ViewRoot's Touch Event : ACTION_UP
07-18 23:35:08.742   797   797 I SurfaceFlinger: screenshot (com.oringnet.wm/com.oring.SlideActivity@13990#0)
07-18 23:35:08.858   797   797 I SurfaceFlinger: screenshot (com.oringnet.wm/com.oring.SlideActivity@13990#0)
07-18 23:35:08.894   797   825 I BufferQueueProducer: [com.oringnet.wm/com.oring.SlideActivity@13990#0](this:0x7556dc3800,id:754,api:1,p:13990,c:797) queueBuffer: fps=43.59 dur=1009.48 max=300.71 min=11.70
07-18 23:35:09.109   797   797 I SurfaceFlinger: screenshot (com.oringnet.wm/com.oring.SlideActivity@13990#0)
07-18 23:35:09.525 13990 13990 I ViewRootImpl: ViewRoot's Touch Event : ACTION_DOWN
07-18 23:35:09.539 13990 13990 I ViewRootImpl: ViewRoot's Touch Event : ACTION_UP
07-18 23:35:09.591   797   797 I SurfaceFlinger: screenshot (com.oringnet.wm/com.oring.SlideActivity@13990#0)
07-18 23:35:09.708   797   797 I SurfaceFlinger: screenshot (com.oringnet.wm/com.oring.SlideActivity@13990#0)
07-18 23:35:09.808   797   797 I SurfaceFlinger: screenshot (com.oringnet.wm/com.oring.SlideActivity@13990#0)
07-18 23:35:09.897   797  2128 I BufferQueueProducer: [com.oringnet.wm/com.oring.SlideActivity@13990#0](this:0x7556dc3800,id:754,api:1,p:13990,c:797) queueBuffer: fps=33.91 dur=1002.57 max=448.42 min=11.63
07-18 23:35:09.924   797   797 I SurfaceFlinger: screenshot (com.oringnet.wm/com.oring.SlideActivity@13990#0)
07-18 23:35:10.620   797   797 I SurfaceFlinger: screenshot (com.oringnet.wm/com.oring.SlideActivity@13990#0)
07-18 23:35:11.058 13990 13990 I ViewRootImpl: ViewRoot's Touch Event : ACTION_DOWN
07-18 23:35:11.101   797  2128 I BufferQueueProducer: [com.oringnet.wm/com.oring.SlideActivity@13990#0](this:0x7556dc3800,id:754,api:1,p:13990,c:797) queueBuffer: fps=3.32 dur=1204.65 max=1154.15 min=15.21
07-18 23:35:11.159   797   797 I SurfaceFlinger: screenshot (com.oringnet.wm/com.oring.SlideActivity@13990#0)
07-18 23:35:11.412   797   797 I SurfaceFlinger: screenshot (com.oringnet.wm/com.oring.SlideActivity@13990#0)
07-18 23:35:11.625   797   797 I SurfaceFlinger: screenshot (com.oringnet.wm/com.oring.SlideActivity@13990#0)
07-18 23:35:11.942   797   797 I SurfaceFlinger: screenshot (com.oringnet.wm/com.oring.SlideActivity@13990#0)
07-18 23:35:12.016 13990 13990 I ViewRootImpl: ViewRoot's Touch Event : ACTION_UP
07-18 23:35:12.016 13990 13990 I TouchFlickNoti: CHANGE UP TO DOWN vectorVelocity:1117
07-18 23:35:12.058   797   797 I SurfaceFlinger: screenshot (com.oringnet.wm/com.oring.SlideActivity@13990#0)
07-18 23:35:12.110   797  2128 I BufferQueueProducer: [com.oringnet.wm/com.oring.SlideActivity@13990#0](this:0x7556dc3800,id:754,api:1,p:13990,c:797) queueBuffer: fps=59.47 dur=1008.91 max=44.57 min=7.00
07-18 23:35:12.175   797   797 I SurfaceFlinger: screenshot (com.oringnet.wm/com.oring.SlideActivity@13990#0)
07-18 23:35:12.258 13990 13990 I ViewRootImpl: ViewRoot's Touch Event : ACTION_DOWN
07-18 23:35:12.275   797   797 I SurfaceFlinger: screenshot (com.oringnet.wm/com.oring.SlideActivity@13990#0)
07-18 23:35:12.391   797   797 I SurfaceFlinger: screenshot (com.oringnet.wm/com.oring.SlideActivity@13990#0)
07-18 23:35:12.492   797   797 I SurfaceFlinger: screenshot (com.oringnet.wm/com.oring.SlideActivity@13990#0)
07-18 23:35:13.041   797   797 I SurfaceFlinger: screenshot (com.oringnet.wm/com.oring.SlideActivity@13990#0)
07-18 23:35:13.111   797   825 I BufferQueueProducer: [com.oringnet.wm/com.oring.SlideActivity@13990#0](this:0x7556dc3800,id:754,api:1,p:13990,c:797) queueBuffer: fps=59.96 dur=1000.69 max=22.99 min=11.47
07-18 23:35:13.158   797   797 I SurfaceFlinger: screenshot (com.oringnet.wm/com.oring.SlideActivity@13990#0)
07-18 23:35:13.163 13990 13990 I ViewRootImpl: ViewRoot's Touch Event : ACTION_UP
07-18 23:35:13.164 13990 13990 I TouchFlickNoti: CHANGE DOWN TO UP vectorVelocity:-1187
07-18 23:35:13.275   797   797 I SurfaceFlinger: screenshot (com.oringnet.wm/com.oring.SlideActivity@13990#0)
07-18 23:35:13.391   797   797 I SurfaceFlinger: screenshot (com.oringnet.wm/com.oring.SlideActivity@13990#0)
07-18 23:35:13.492   797   797 I SurfaceFlinger: screenshot (com.oringnet.wm/com.oring.SlideActivity@13990#0)
07-18 23:35:13.592 13990 13990 I ViewRootImpl: ViewRoot's Touch Event : ACTION_DOWN
07-18 23:35:13.592   797   797 I SurfaceFlinger: screenshot (com.oringnet.wm/com.oring.SlideActivity@13990#0)
07-18 23:35:13.601 13990 13990 I ViewRootImpl: ViewRoot's Touch Event : ACTION_UP
07-18 23:35:13.619 13990 13990 D PhoneWindow: windowLightStatusBar : false, disable View.SYSTEM_UI_FLAG_LIGHT_STATUS_BAR
07-18 23:35:13.634 13990 13990 I TouchFilterInputStageHelper: [needTouchEventFilter] Displayid : 0
07-18 23:35:13.638 13990 13990 D BezellessGripSuppressionFilter: getdisplaysize, x : 720 y : 1600
07-18 23:35:13.670   797  2127 I BufferQueueConsumer: [com.oringnet.wm/com.oring.SlideActivity@13990#1](this:0x7558846000,id:757,api:0,p:-1,c:797) setConsumerName: com.oringnet.wm/com.oring.SlideActivity@13990#1
07-18 23:35:13.671   797  2127 I BufferQueueConsumer: [com.oringnet.wm/com.oring.SlideActivity@13990#1](this:0x7558846000,id:757,api:0,p:-1,c:797) setDefaultBufferSize: width=126 height=126
07-18 23:35:13.671   797  2127 I SurfaceFlinger: Create BufferLayer(0x7558864000) com.oringnet.wm/com.oring.SlideActivity@13990#1 (126 x 126)
07-18 23:35:13.676 13990 14011 D Surface : Surface::connect(this=0x73792a2000,api=1)
07-18 23:35:13.677   797  2127 I BufferQueueProducer: [com.oringnet.wm/com.oring.SlideActivity@13990#1](this:0x7558846000,id:757,api:1,p:13990,c:797) connect(P): api=1 producer=(13990:com.oringnet.wm) producerControlledByApp=false
07-18 23:35:13.678 13990 14011 D Surface : Surface::setBufferCount(this=0x73792a2000,bufferCount=3)
07-18 23:35:13.678 13990 14011 D Surface : Surface::allocateBuffers(this=0x73792a2000)
07-18 23:35:13.743   797   797 I MiniDump: 0x75654ab000 |     DEVICE |          0 | 1.000 |    0    0  720 1600 |   0.0   0.0 720.0 1600.0 | com.oringnet.wm/com.oring.SlideActivity@13990#0
07-18 23:35:13.743   797   797 I MiniDump: 0x7558864000 |     DEVICE |          0 | 0.287 |  301  760  419  878 |   0.0   0.0 126.0 126.0 | com.oringnet.wm/com.oring.SlideActivity@13990#1
07-18 23:35:13.750   797   797 I SurfaceFlinger: screenshot (com.oringnet.wm/com.oring.SlideActivity@13990#0)
07-18 23:35:13.759 13990 13990 I AiPage  : [Rsp]<WRITE CHANNEL ENABLE> 011004100001013c
07-18 23:35:13.767 13990 13990 W UiThreadStatement: Already on the UI thread, this method should not be called from the main application thread
07-18 23:35:13.767 13990 13990 I AiPage  : [Req]<WRITE SAMPLING> 01100410000102000120c0
07-18 23:35:13.840 13990 13990 W UiThreadStatement: Already on the UI thread, this method should not be called from the main application thread
07-18 23:35:13.840 13990 13990 I AiPage  : [Req]<WRITE SAMPLING> 011004110001020000e0d1
07-18 23:35:13.840 13990 13990 I AiPage  : [Rsp]<WRITE SAMPLING> 01100411000150fc
07-18 23:35:13.937 13990 13990 W UiThreadStatement: Already on the UI thread, this method should not be called from the main application thread
07-18 23:35:13.938 13990 13990 I AiPage  : [Req]<WRITE INPUT TYPE> 0110040000010200052393
07-18 23:35:13.938 13990 13990 I AiPage  : [Rsp]<WRITE INPUT TYPE> 01100400000100f9
07-18 23:35:13.993   797   797 I SurfaceFlinger: screenshot (com.oringnet.wm/com.oring.SlideActivity@13990#0)
07-18 23:35:14.035 13990 13990 I AiPage  : [Rsp]<WRITE HIGH ALARM ENABLE> 011004630001f0e7
07-18 23:35:14.041 13990 13990 W UiThreadStatement: Already on the UI thread, this method should not be called from the main application thread
07-18 23:35:14.041 13990 13990 I AiPage  : [Req]<WRITE HIGH ALARM> 011004630001020010ebcf
07-18 23:35:14.108   797   797 I SurfaceFlinger: screenshot (com.oringnet.wm/com.oring.SlideActivity@13990#0)
07-18 23:35:14.132 13990 13990 W UiThreadStatement: Already on the UI thread, this method should not be called from the main application thread
07-18 23:35:14.132 13990 13990 I AiPage  : [Req]<WRITE HIGH ALARM> 011004640001020000ebb4
07-18 23:35:14.132 13990 13990 I AiPage  : [Rsp]<WRITE HIGH ALARM> 0110046400014126
07-18 23:35:14.209   797   797 I SurfaceFlinger: screenshot (com.oringnet.wm/com.oring.SlideActivity@13990#0)
07-18 23:35:14.229 13990 13990 W UiThreadStatement: Already on the UI thread, this method should not be called from the main application thread
07-18 23:35:14.230 13990 13990 I AiPage  : [Req]<WRITE LOW ALARM ENABLE> 011004850001020010fdc9
07-18 23:35:14.231 13990 13990 I AiPage  : [Rsp]<WRITE LOW ALARM ENABLE> 0110048500011110
07-18 23:35:14.325   797   797 I SurfaceFlinger: screenshot (com.oringnet.wm/com.oring.SlideActivity@13990#0)
07-18 23:35:14.328 13990 13990 W UiThreadStatement: Already on the UI thread, this method should not be called from the main application thread
07-18 23:35:14.328 13990 13990 I AiPage  : [Req]<WRITE LOW ALARM> 011004860001020000fc36
07-18 23:35:14.328 13990 13990 I AiPage  : [Rsp]<WRITE LOW ALARM> 011004860001e110
07-18 23:35:14.425   797   797 I SurfaceFlinger: screenshot (com.oringnet.wm/com.oring.SlideActivity@13990#0)
07-18 23:35:14.474 13990 13990 W UiThreadStatement: Already on the UI thread, this method should not be called from the main application thread
07-18 23:35:14.474 13990 13990 I AiPage  : [Req]<WRITE THRESHOLD> 011004A70001020000fa87
07-18 23:35:14.474 13990 13990 I AiPage  : [Rsp]<WRITE THRESHOLD> 011004a70001b11a
07-18 23:35:14.526   797   797 I SurfaceFlinger: screenshot (com.oringnet.wm/com.oring.SlideActivity@13990#0)
07-18 23:35:14.571 13990 13990 W UiThreadStatement: Already on the UI thread, this method should not be called from the main application thread
07-18 23:35:14.571 13990 13990 I AiPage  : [Req]<WRITE XY%_THRESHOLD> 01100CE400010200007db4
07-18 23:35:14.572 13990 13990 I AiPage  : [Rsp]<WRITE XY%_THRESHOLD> 01100ce4000142ae
07-18 23:35:14.642   797   797 I SurfaceFlinger: screenshot (com.oringnet.wm/com.oring.SlideActivity@13990#0)
07-18 23:35:14.668 13990 13990 W UiThreadStatement: Already on the UI thread, this method should not be called from the main application thread
07-18 23:35:14.668 13990 13990 I AiPage  : [Req]<WRITE XY% ENABLE> 01100C800001020001b450
07-18 23:35:14.669 13990 13990 I AiPage  : [Rsp]<WRITE XY% ENABLE> 019002cdc1
07-18 23:35:14.671 13990 14011 D Surface : Surface::disconnect(this=0x73792a2000,api=1)
07-18 23:35:14.672   797  2128 I BufferQueueProducer: [com.oringnet.wm/com.oring.SlideActivity@13990#1](this:0x7558846000,id:757,api:1,p:13990,c:797) disconnect(P): api 1
07-18 23:35:14.727   797   825 I BufferQueueProducer: [com.oringnet.wm/com.oring.SlideActivity@13990#0](this:0x7556dc3800,id:754,api:1,p:13990,c:797) queueBuffer: fps=24.75 dur=1616.31 max=896.95 min=14.92
07-18 23:35:14.855 13990 13990 I bleDevName:  
07-18 23:35:14.858 13990 13990 I GetID   : b.a.e@520f62b
07-18 23:35:14.859   797   797 I MiniDump: 0x75654ab000 |     DEVICE |          0 | 1.000 |    0    0  720 1600 |   0.0   0.0 720.0 1600.0 | com.oringnet.wm/com.oring.SlideActivity@13990#0
07-18 23:35:14.869 13990 13990 D BluetoothGatt: setCharacteristicNotification() - uuid: 6e400003-b5a3-f393-e0a9-e50e24dcca9e enable: true
07-18 23:35:14.894   797   797 I SurfaceFlinger: screenshot (com.oringnet.wm/com.oring.SlideActivity@13990#0)
07-18 23:35:14.940   797   797 I SurfaceFlinger: Remove BufferLayer(0x7558864000) com.oringnet.wm/com.oring.SlideActivity@13990#1 (-1 x -1)
07-18 23:35:14.940   797   797 I BufferQueue: [com.oringnet.wm/com.oring.SlideActivity@13990#1](this:0x7558846000,id:757,api:1,p:-1,c:-1) ~BufferQueueCore
07-18 23:35:14.943   797   797 I MiniDump: 0x75654ab000 |     DEVICE |          0 | 1.000 |    0    0  720 1600 |   0.0   0.0 720.0 1600.0 | com.oringnet.wm/com.oring.SlideActivity@13990#0
07-18 23:35:15.009   797   797 I SurfaceFlinger: screenshot (com.oringnet.wm/com.oring.SlideActivity@13990#0)
07-18 23:35:15.058 13990 13990 W UiThreadStatement: Already on the UI thread, this method should not be called from the main application thread
07-18 23:35:15.058 13990 13990 I I/O     : [Req]<Read DI Status> 01020000000479c9
07-18 23:35:15.059 13990 13990 I I/O     : [Rsp]<Read DI Status> 01020100a188
07-18 23:35:15.125   797   797 I SurfaceFlinger: screenshot (com.oringnet.wm/com.oring.SlideActivity@13990#0)
07-18 23:35:15.156 13990 13990 W UiThreadStatement: Already on the UI thread, this method should not be called from the main application thread
07-18 23:35:15.156 13990 13990 I I/O     : [Req]<Read DO Status> 0101000000043dc9
07-18 23:35:15.157 13990 13990 I I/O     : [Rsp]<Read DO Status> 010101005188
07-18 23:35:15.225   797   797 I SurfaceFlinger: screenshot (com.oringnet.wm/com.oring.SlideActivity@13990#0)
07-18 23:35:15.254 13990 13990 I I/O     : [Rsp]<Read RELAY Status> 010101005188
07-18 23:35:15.258 13990 13990 W UiThreadStatement: Already on the UI thread, this method should not be called from the main application thread
07-18 23:35:15.259 13990 13990 I I/O     : [Req]<Read DI COUNTER> 010100040002fc0a
07-18 23:35:15.325   797   797 I SurfaceFlinger: screenshot (com.oringnet.wm/com.oring.SlideActivity@13990#0)
07-18 23:35:15.351 13990 13990 W UiThreadStatement: Already on the UI thread, this method should not be called from the main application thread
07-18 23:35:15.351 13990 13990 I I/O     : [Req]<Read DI COUNTER> 010404310004a136
07-18 23:35:15.351 13990 13990 I I/O     : [Rsp]<Read DI COUNTER> 0104080000000000000000240d
07-18 23:35:15.373 13990 14212 I myPeriod_I/O: 目前時間:2021/07/18 11:35:15
07-18 23:35:15.373 13990 14212 I myPeriod_I/O: 目前timerCount:0
07-18 23:35:15.374 13990 14212 I myPeriod_I/O: 當前於輪詢中
07-18 23:35:15.443   797   797 I SurfaceFlinger: screenshot (com.oringnet.wm/com.oring.SlideActivity@13990#0)
07-18 23:35:15.449 13990 13990 W UiThreadStatement: Already on the UI thread, this method should not be called from the main application thread
07-18 23:35:15.449 13990 13990 I I/O     : [Req]<Read AI 0 Status> 01040000000271cb
07-18 23:35:15.451 13990 13990 I I/O     : [Rsp]<Read AI 0 Status> 01040400000000fb84
07-18 23:35:15.466 13990 13990 I AI_value:: 0.0
07-18 23:35:15.467 13990 13990 I AI_raw: : 00000000
07-18 23:35:15.547 13990 13990 I I/O     : [Rsp]<Read AI 1 Status> 01040400000000fb84
07-18 23:35:15.559   797   797 I SurfaceFlinger: screenshot (com.oringnet.wm/com.oring.SlideActivity@13990#0)
07-18 23:35:15.560 13990 13990 I AI_value:: 0.0
07-18 23:35:15.560 13990 13990 I AI_raw: : 00000000
07-18 23:35:15.567 13990 13990 W UiThreadStatement: Already on the UI thread, this method should not be called from the main application thread
07-18 23:35:15.567 13990 13990 I I/O     : [Req]<Read AI 2 Status> 010400020002d00b
07-18 23:35:15.643 13990 13990 W UiThreadStatement: Already on the UI thread, this method should not be called from the main application thread
07-18 23:35:15.643 13990 13990 I I/O     : [Req]<Read AI 2 Status> 010400040002300a
07-18 23:35:15.643 13990 13990 I I/O     : [Rsp]<Read AI 2 Status> 0104044412f99a8d4a
07-18 23:35:15.659   797   797 I SurfaceFlinger: screenshot (com.oringnet.wm/com.oring.SlideActivity@13990#0)
07-18 23:35:15.691 13990 13990 I AI_value:: 587.9
07-18 23:35:15.691 13990 13990 I AI_raw: : 4412f99a
07-18 23:35:15.740   797  2128 I BufferQueueProducer: [com.oringnet.wm/com.oring.SlideActivity@13990#0](this:0x7556dc3800,id:754,api:1,p:13990,c:797) queueBuffer: fps=8.89 dur=1012.44 max=251.68 min=5.67
07-18 23:35:15.775   797   797 I SurfaceFlinger: screenshot (com.oringnet.wm/com.oring.SlideActivity@13990#0)
07-18 23:35:15.790 13990 13990 W UiThreadStatement: Already on the UI thread, this method should not be called from the main application thread
07-18 23:35:15.790 13990 13990 I I/O     : [Req]<Read AI 3 Status> 01040006000291ca
07-18 23:35:15.790 13990 13990 I I/O     : [Rsp]<Read AI 3 Status> 01040400000000fb84
07-18 23:35:15.821 13990 13990 I AI_value:: 0.0
07-18 23:35:15.821 13990 13990 I AI_raw: : 00000000
07-18 23:35:15.873 13990 14212 I myPeriod_I/O: 目前時間:2021/07/18 11:35:15
07-18 23:35:15.873 13990 14212 I myPeriod_I/O: 目前timerCount:0
07-18 23:35:15.873 13990 14212 I myPeriod_I/O: 當前於輪詢中
07-18 23:35:15.876   797   797 I SurfaceFlinger: screenshot (com.oringnet.wm/com.oring.SlideActivity@13990#0)
07-18 23:35:15.887 13990 13990 I I/O     : [Rsp]<Read AI 4 Status> 0104044412f99a8d4a
07-18 23:35:15.918 13990 13990 I AI_value:: 587.9
07-18 23:35:15.918 13990 13990 I AI_raw: : 4412f99a
07-18 23:35:15.923 13990 13990 W UiThreadStatement: Already on the UI thread, this method should not be called from the main application thread
07-18 23:35:15.923 13990 13990 I I/O     : [Req]<Read AI 5 Status> 010400080002f009
07-18 23:35:15.986 13990 13990 I I/O     : [Rsp]<Read AI 5 Status> 01040400000000fb84
07-18 23:35:16.021 13990 13990 I AI_value:: 0.0
07-18 23:35:16.021 13990 13990 I AI_raw: : 00000000
07-18 23:35:16.027 13990 13990 W UiThreadStatement: Already on the UI thread, this method should not be called from the main application thread
07-18 23:35:16.027 13990 13990 I I/O     : [Req]<Read AI Type> 0104000A000251c9
07-18 23:35:16.043   797   797 I SurfaceFlinger: screenshot (com.oringnet.wm/com.oring.SlideActivity@13990#0)
07-18 23:35:16.083 13990 13990 I I/O     : [Rsp]<Read AI Type> 01030c000501020215031302150313dbb0
07-18 23:35:16.088 13990 13990 W UiThreadStatement: Already on the UI thread, this method should not be called from the main application thread
07-18 23:35:16.089 13990 13990 I I/O     : [Req]<Read RTD 2 mode> 010304000006c4f8
07-18 23:35:16.160   797   797 I SurfaceFlinger: screenshot (com.oringnet.wm/com.oring.SlideActivity@13990#0)
07-18 23:35:16.181 13990 13990 I I/O     : [Rsp]<Read RTD 2 mode> 0103080003000200000000df17
07-18 23:35:16.181 13990 13990 I RTD_mode:: 0003000200000000
07-18 23:35:16.181 13990 13990 I parseRTD_mode: SW index 0 = 3
07-18 23:35:16.181 13990 13990 I parseRTD_mode: SW index 2 = 2
07-18 23:35:16.181 13990 13990 I parseRTD_mode: SW index 1 = 0
07-18 23:35:16.181 13990 13990 I parseRTD_mode: SW index 3 = 0
07-18 23:35:16.188 13990 13990 W UiThreadStatement: Already on the UI thread, this method should not be called from the main application thread
07-18 23:35:16.188 13990 13990 I I/O     : [Req]<Read Mode> 010303050004544c
07-18 23:35:16.279 13990 13990 I I/O     : [Rsp]<Read Mode> 01040261021161
07-18 23:35:16.279 13990 13990 I MCU_MODE: Status = 24834
07-18 23:35:16.279 13990 13990 I finish  : @@!!
07-18 23:35:16.280 13990 13990 W UiThreadStatement: Already on the UI thread, this method should not be called from the main application thread
07-18 23:35:16.281 13990 13990 I I/O     : [Req]<Read Mode> 010403f90001e1bf
07-18 23:35:16.375 13990 14212 I myPeriod_I/O: 目前時間:2021/07/18 11:35:16
07-18 23:35:16.375 13990 14212 I myPeriod_I/O: 目前timerCount:-1
07-18 23:35:16.375 13990 14212 I myPeriod_I/O: is pendding -> 0
07-18 23:35:16.428   797   797 I SurfaceFlinger: screenshot (com.oringnet.wm/com.oring.SlideActivity@13990#0)
07-18 23:35:16.695   797   797 I SurfaceFlinger: screenshot (com.oringnet.wm/com.oring.SlideActivity@13990#0)
07-18 23:35:16.759 13990 13990 I ViewRootImpl: ViewRoot's Touch Event : ACTION_DOWN
07-18 23:35:16.818   797  2128 I BufferQueueProducer: [com.oringnet.wm/com.oring.SlideActivity@13990#0](this:0x7556dc3800,id:754,api:1,p:13990,c:797) queueBuffer: fps=20.41 dur=1078.12 max=264.31 min=12.89
07-18 23:35:16.827   797   797 I SurfaceFlinger: screenshot (com.oringnet.wm/com.oring.SlideActivity@13990#0)
07-18 23:35:16.875 13990 14212 I myPeriod_I/O: 目前時間:2021/07/18 11:35:16
07-18 23:35:16.875 13990 14212 I myPeriod_I/O: 目前timerCount:-1
07-18 23:35:16.875 13990 14212 I myPeriod_I/O: is pendding -> 1
07-18 23:35:16.943   797   797 I SurfaceFlinger: screenshot (com.oringnet.wm/com.oring.SlideActivity@13990#0)
07-18 23:35:17.044   797   797 I SurfaceFlinger: screenshot (com.oringnet.wm/com.oring.SlideActivity@13990#0)
07-18 23:35:17.160   797   797 I SurfaceFlinger: screenshot (com.oringnet.wm/com.oring.SlideActivity@13990#0)
07-18 23:35:17.360   797   797 I SurfaceFlinger: screenshot (com.oringnet.wm/com.oring.SlideActivity@13990#0)
07-18 23:35:17.375 13990 14212 I myPeriod_I/O: 目前時間:2021/07/18 11:35:17
07-18 23:35:17.375 13990 14212 I myPeriod_I/O: 目前timerCount:-1
07-18 23:35:17.375 13990 14212 I myPeriod_I/O: is pendding -> 2
07-18 23:35:17.511   797   797 I SurfaceFlinger: screenshot (com.oringnet.wm/com.oring.SlideActivity@13990#0)
07-18 23:35:17.626   797   797 I SurfaceFlinger: screenshot (com.oringnet.wm/com.oring.SlideActivity@13990#0)
07-18 23:35:17.666 13990 13990 I ViewRootImpl: ViewRoot's Touch Event : ACTION_UP
07-18 23:35:17.666 13990 13990 I TouchFlickNoti: CHANGE UP TO DOWN vectorVelocity:1187
07-18 23:35:17.742   797   797 I SurfaceFlinger: screenshot (com.oringnet.wm/com.oring.SlideActivity@13990#0)
07-18 23:35:17.828   797  2127 I BufferQueueProducer: [com.oringnet.wm/com.oring.SlideActivity@13990#0](this:0x7556dc3800,id:754,api:1,p:13990,c:797) queueBuffer: fps=60.38 dur=1010.20 max=18.81 min=12.57
07-18 23:35:17.859   797   797 I SurfaceFlinger: screenshot (com.oringnet.wm/com.oring.SlideActivity@13990#0)
07-18 23:35:17.874 13990 14212 I myPeriod_I/O: 目前時間:2021/07/18 11:35:17
07-18 23:35:17.874 13990 14212 I myPeriod_I/O: 目前timerCount:-1
07-18 23:35:17.874 13990 14212 I myPeriod_I/O: is pendding -> 3
07-18 23:35:17.959 13990 13990 I ViewRootImpl: ViewRoot's Touch Event : ACTION_DOWN
07-18 23:35:17.960   797   797 I SurfaceFlinger: screenshot (com.oringnet.wm/com.oring.SlideActivity@13990#0)
07-18 23:35:18.076   797   797 I SurfaceFlinger: screenshot (com.oringnet.wm/com.oring.SlideActivity@13990#0)
07-18 23:35:18.176   797   797 I SurfaceFlinger: screenshot (com.oringnet.wm/com.oring.SlideActivity@13990#0)
07-18 23:35:18.276   797   797 I SurfaceFlinger: screenshot (com.oringnet.wm/com.oring.SlideActivity@13990#0)
07-18 23:35:18.375 13990 14212 I myPeriod_I/O: 目前時間:2021/07/18 11:35:18
07-18 23:35:18.376 13990 14212 I myPeriod_I/O: 目前timerCount:-1
07-18 23:35:18.376 13990 14212 I myPeriod_I/O: is pendding -> 4
07-18 23:35:18.393   797   797 I SurfaceFlinger: screenshot (com.oringnet.wm/com.oring.SlideActivity@13990#0)
07-18 23:35:18.493   797   797 I SurfaceFlinger: screenshot (com.oringnet.wm/com.oring.SlideActivity@13990#0)
07-18 23:35:18.809   797   797 I SurfaceFlinger: screenshot (com.oringnet.wm/com.oring.SlideActivity@13990#0)
07-18 23:35:18.828   797  2128 I BufferQueueProducer: [com.oringnet.wm/com.oring.SlideActivity@13990#0](this:0x7556dc3800,id:754,api:1,p:13990,c:797) queueBuffer: fps=59.99 dur=1000.17 max=18.56 min=14.36
07-18 23:35:18.865 13990 13990 I ViewRootImpl: ViewRoot's Touch Event : ACTION_UP
07-18 23:35:18.865 13990 13990 I TouchFlickNoti: CHANGE DOWN TO UP vectorVelocity:-1118
07-18 23:35:18.875 13990 14212 I myPeriod_I/O: 目前時間:2021/07/18 11:35:18
07-18 23:35:18.875 13990 14212 I myPeriod_I/O: 目前timerCount:-1
07-18 23:35:18.875 13990 14212 I myPeriod_I/O: is pendding -> 5
07-18 23:35:18.909   797   797 I SurfaceFlinger: screenshot (com.oringnet.wm/com.oring.SlideActivity@13990#0)
07-18 23:35:19.009   797   797 I SurfaceFlinger: screenshot (com.oringnet.wm/com.oring.SlideActivity@13990#0)
07-18 23:35:19.126   797   797 I SurfaceFlinger: screenshot (com.oringnet.wm/com.oring.SlideActivity@13990#0)
07-18 23:35:19.326   797   797 I SurfaceFlinger: screenshot (com.oringnet.wm/com.oring.SlideActivity@13990#0)
07-18 23:35:19.376 13990 14212 I myPeriod_I/O: 目前時間:2021/07/18 11:35:19
07-18 23:35:19.376 13990 14212 I myPeriod_I/O: 目前timerCount:-1
07-18 23:35:19.376 13990 14212 I myPeriod_I/O: is pendding -> 6
07-18 23:35:19.442   797   797 I SurfaceFlinger: screenshot (com.oringnet.wm/com.oring.SlideActivity@13990#0)
07-18 23:35:19.544   797   797 I SurfaceFlinger: screenshot (com.oringnet.wm/com.oring.SlideActivity@13990#0)
07-18 23:35:19.776   797   797 I SurfaceFlinger: screenshot (com.oringnet.wm/com.oring.SlideActivity@13990#0)
07-18 23:35:19.829   797  2128 I BufferQueueProducer: [com.oringnet.wm/com.oring.SlideActivity@13990#0](this:0x7556dc3800,id:754,api:1,p:13990,c:797) queueBuffer: fps=59.98 dur=1000.34 max=20.26 min=14.74
07-18 23:35:19.876   797   797 I SurfaceFlinger: screenshot (com.oringnet.wm/com.oring.SlideActivity@13990#0)
07-18 23:35:19.877 13990 14212 I myPeriod_I/O: 目前時間:2021/07/18 11:35:19
07-18 23:35:19.877 13990 14212 I myPeriod_I/O: 目前timerCount:-1
07-18 23:35:19.877 13990 14212 I myPeriod_I/O: is pendding -> 7
07-18 23:35:19.993   797   797 I SurfaceFlinger: screenshot (com.oringnet.wm/com.oring.SlideActivity@13990#0)
07-18 23:35:20.093   797   797 I SurfaceFlinger: screenshot (com.oringnet.wm/com.oring.SlideActivity@13990#0)
07-18 23:35:20.193   797   797 I SurfaceFlinger: screenshot (com.oringnet.wm/com.oring.SlideActivity@13990#0)
07-18 23:35:20.310   797   797 I SurfaceFlinger: screenshot (com.oringnet.wm/com.oring.SlideActivity@13990#0)
07-18 23:35:20.376 13990 14212 I myPeriod_I/O: 目前時間:2021/07/18 11:35:20
07-18 23:35:20.376 13990 14212 I myPeriod_I/O: 目前timerCount:-1
07-18 23:35:20.376 13990 14212 I myPeriod_I/O: is pendding -> 8
07-18 23:35:20.427   797   797 I SurfaceFlinger: screenshot (com.oringnet.wm/com.oring.SlideActivity@13990#0)
07-18 23:35:20.527   797   797 I SurfaceFlinger: screenshot (com.oringnet.wm/com.oring.SlideActivity@13990#0)
07-18 23:35:20.644   797   797 I SurfaceFlinger: screenshot (com.oringnet.wm/com.oring.SlideActivity@13990#0)
07-18 23:35:20.759   797   797 I SurfaceFlinger: screenshot (com.oringnet.wm/com.oring.SlideActivity@13990#0)
07-18 23:35:20.829   797  2128 I BufferQueueProducer: [com.oringnet.wm/com.oring.SlideActivity@13990#0](this:0x7556dc3800,id:754,api:1,p:13990,c:797) queueBuffer: fps=59.99 dur=1000.24 max=19.44 min=15.00
07-18 23:35:20.860   797   797 I SurfaceFlinger: screenshot (com.oringnet.wm/com.oring.SlideActivity@13990#0)
07-18 23:35:20.877 13990 14212 I myPeriod_I/O: 目前時間:2021/07/18 11:35:20
07-18 23:35:20.877 13990 14212 I myPeriod_I/O: 目前timerCount:-1
07-18 23:35:20.877 13990 14212 I myPeriod_I/O: is pendding -> 9
07-18 23:35:20.960   797   797 I SurfaceFlinger: screenshot (com.oringnet.wm/com.oring.SlideActivity@13990#0)
07-18 23:35:21.076   797   797 I SurfaceFlinger: screenshot (com.oringnet.wm/com.oring.SlideActivity@13990#0)
07-18 23:35:21.378 13990 14212 I myPeriod_I/O: 目前時間:2021/07/18 11:35:21
07-18 23:35:21.379 13990 14212 I myPeriod_I/O: 目前timerCount:-1
07-18 23:35:21.379 13990 14212 I myPeriod_I/O: is pendding -> 10
07-18 23:35:21.379 13990 14212 I myPeriod_I/O: 開始下一次 輪詢序列
07-18 23:35:21.517 13990 13990 I I/O     : [Rsp]<Read DI Status> 01020100a188
07-18 23:35:21.527 13990 13990 W UiThreadStatement: Already on the UI thread, this method should not be called from the main application thread
07-18 23:35:21.527 13990 13990 I I/O     : [Req]<Read DO Status> 01020000000479c9
07-18 23:35:21.578   797   797 I SurfaceFlinger: screenshot (com.oringnet.wm/com.oring.SlideActivity@13990#0)
07-18 23:35:21.647 13990 13990 I I/O     : [Rsp]<Read DO Status> 010101005188
07-18 23:35:21.654 13990 13990 W UiThreadStatement: Already on the UI thread, this method should not be called from the main application thread
07-18 23:35:21.654 13990 13990 I I/O     : [Req]<Read RELAY Status> 0101000000043dc9
07-18 23:35:21.694   797   797 I SurfaceFlinger: screenshot (com.oringnet.wm/com.oring.SlideActivity@13990#0)
07-18 23:35:21.744 13990 13990 W UiThreadStatement: Already on the UI thread, this method should not be called from the main application thread
07-18 23:35:21.744 13990 13990 I I/O     : [Req]<Read RELAY Status> 010100040002fc0a
07-18 23:35:21.744 13990 13990 I I/O     : [Rsp]<Read RELAY Status> 010101005188
07-18 23:35:21.810   797   797 I SurfaceFlinger: screenshot (com.oringnet.wm/com.oring.SlideActivity@13990#0)
07-18 23:35:21.835 13990 13990 W UiThreadStatement: Already on the UI thread, this method should not be called from the main application thread
07-18 23:35:21.835 13990 13990 I I/O     : [Req]<Read DI COUNTER> 010404310004a136
07-18 23:35:21.835 13990 13990 I I/O     : [Rsp]<Read DI COUNTER> 0104080000000000000000240d
07-18 23:35:21.856   797  2127 I BufferQueueProducer: [com.oringnet.wm/com.oring.SlideActivity@13990#0](this:0x7556dc3800,id:754,api:1,p:13990,c:797) queueBuffer: fps=34.07 dur=1027.43 max=412.43 min=7.91
