05-25 16:18:42.216 24995 24995 W UiThreadStatement: Already on the UI thread, this method should not be called from the main application thread
05-25 16:18:42.216 24995 24995 I GatewayTest 2請求: 000307D40001c497
05-25 16:18:42.217 24995 24995 I GatewayTest 2響應: 00030200008584
05-25 16:18:42.217 24995 24995 I R_item  : 4 NET_ID 0000
05-25 16:18:42.245   800   800 I SurfaceFlinger: screenshot (com.oringnet.wm/com.oring.SlideActivity@24995#0)
05-25 16:18:42.326 24995 24995 W UiThreadStatement: Already on the UI thread, this method should not be called from the main application thread
05-25 16:18:42.327 24995 24995 I GatewayTest 3請求: 0003083800010676
05-25 16:18:42.327 24995 24995 I GatewayTest 3響應: 00030200008584
05-25 16:18:42.327 24995 24995 I R_item  : 4 IO_TYPE 0000
05-25 16:18:42.358   800   800 I SurfaceFlinger: screenshot (com.oringnet.wm/com.oring.SlideActivity@24995#0)
05-25 16:18:42.430 24995 24995 W UiThreadStatement: Already on the UI thread, this method should not be called from the main application thread
05-25 16:18:42.430 24995 24995 I GatewayTest 4請求: 0003089C00014795
05-25 16:18:42.431 24995 24995 I GatewayTest 4響應: 00030200008584
05-25 16:18:42.431 24995 24995 I R_item  : 4 ADDRESS 0000
05-25 16:18:42.474   800   800 I SurfaceFlinger: screenshot (com.oringnet.wm/com.oring.SlideActivity@24995#0)
05-25 16:18:42.536 24995 24995 W UiThreadStatement: Already on the UI thread, this method should not be called from the main application thread
05-25 16:18:42.536 24995 24995 I GatewayTest 5請求: 0003090000018647
05-25 16:18:42.536 24995 24995 I GatewayTest 5響應: 00030200008584
05-25 16:18:42.536 24995 24995 I R_item  : 4 DATA_NUM 0000
05-25 16:18:42.651 24995 24995 W UiThreadStatement: Already on the UI thread, this method should not be called from the main application thread
05-25 16:18:42.651 24995 24995 I GatewayTest 7請求: 000309640001c798
05-25 16:18:42.651 24995 24995 I GatewayTest 7響應: 00030200008584
05-25 16:18:42.651 24995 24995 I R_item  : 4 DATA_FORMAT 0000
05-25 16:18:42.676   800   800 I SurfaceFlinger: screenshot (com.oringnet.wm/com.oring.SlideActivity@24995#0)
05-25 16:18:42.711 24995 25008 I com.oringnet.w: Background concurrent copying GC freed 443071(19MB) AllocSpace objects, 3(60KB) LOS objects, 65% free, 6565KB/18MB, paused 156us total 247.106ms
05-25 16:18:42.812   800   800 I SurfaceFlinger: screenshot (com.oringnet.wm/com.oring.SlideActivity@24995#0)
05-25 16:18:42.876 24995 24995 W UiThreadStatement: Already on the UI thread, this method should not be called from the main application thread
05-25 16:18:42.876 24995 24995 I GatewayTest 2請求: 000307D500019557
05-25 16:18:42.876 24995 24995 I GatewayTest 2響應: 00030200008584
05-25 16:18:42.876 24995 24995 I R_item  : 5 NET_ID 0000
05-25 16:18:42.985 24995 24995 W UiThreadStatement: Already on the UI thread, this method should not be called from the main application thread
05-25 16:18:42.986 24995 24995 I GatewayTest 3請求: 00030839000157b6
05-25 16:18:42.986 24995 24995 I GatewayTest 3響應: 00030200008584
05-25 16:18:42.986 24995 24995 I R_item  : 5 IO_TYPE 0000
05-25 16:18:43.007   800   800 I SurfaceFlinger: screenshot (com.oringnet.wm/com.oring.SlideActivity@24995#0)
05-25 16:18:43.092 24995 24995 W UiThreadStatement: Already on the UI thread, this method should not be called from the main application thread
05-25 16:18:43.092 24995 24995 I GatewayTest 4請求: 0003089D00011655
05-25 16:18:43.093 24995 24995 I GatewayTest 4響應: 00030200008584
05-25 16:18:43.093 24995 24995 I R_item  : 5 ADDRESS 0000
05-25 16:18:43.129   800   800 I SurfaceFlinger: screenshot (com.oringnet.wm/com.oring.SlideActivity@24995#0)
05-25 16:18:43.200   800   852 I BufferQueueProducer: [com.oringnet.wm/com.oring.SlideActivity@24995#0](this:0x798eb41800,id:3151,api:1,p:24995,c:800) queueBuffer: fps=18.21 dur=1098.53 max=109.27 min=6.62
05-25 16:18:43.202 24995 24995 W UiThreadStatement: Already on the UI thread, this method should not be called from the main application thread
05-25 16:18:43.203 24995 24995 I GatewayTest 5請求: 000309010001d787
05-25 16:18:43.203 24995 24995 I GatewayTest 5響應: 00030200008584
05-25 16:18:43.203 24995 24995 I R_item  : 5 DATA_NUM 0000
05-25 16:18:43.246   800   800 I SurfaceFlinger: screenshot (com.oringnet.wm/com.oring.SlideActivity@24995#0)
05-25 16:18:43.312 24995 24995 W UiThreadStatement: Already on the UI thread, this method should not be called from the main application thread
05-25 16:18:43.313 24995 24995 I GatewayTest 7請求: 0003096500019658
05-25 16:18:43.313 24995 24995 I GatewayTest 7響應: 00030200008584
05-25 16:18:43.313 24995 24995 I R_item  : 5 DATA_FORMAT 0000
05-25 16:18:43.363   800   800 I SurfaceFlinger: screenshot (com.oringnet.wm/com.oring.SlideActivity@24995#0)
05-25 16:18:43.416 24995 24995 W UiThreadStatement: Already on the UI thread, this method should not be called from the main application thread
05-25 16:18:43.416 24995 24995 I GatewayTest 6請求: 000309C900015679
05-25 16:18:43.417 24995 24995 I GatewayTest 6響應: 00030200008584
05-25 16:18:43.417 24995 24995 I R_item  : 5 INTERVAL 0000
05-25 16:18:43.417 24995 24995 I R_item  : enable: 6
05-25 16:18:43.531 24995 24995 W UiThreadStatement: Already on the UI thread, this method should not be called from the main application thread
05-25 16:18:43.532 24995 24995 I GatewayTest 2請求: 000307D600016557
05-25 16:18:43.532 24995 24995 I GatewayTest 2響應: 00030200008584
05-25 16:18:43.532 24995 24995 I R_item  : 6 NET_ID 0000
05-25 16:18:43.560   800   800 I SurfaceFlinger: screenshot (com.oringnet.wm/com.oring.SlideActivity@24995#0)
05-25 16:18:43.648 24995 24995 W UiThreadStatement: Already on the UI thread, this method should not be called from the main application thread
05-25 16:18:43.648 24995 24995 I GatewayTest 3請求: 0003083A0001a7b6
05-25 16:18:43.649 24995 24995 I GatewayTest 3響應: 00030200008584
05-25 16:18:43.649 24995 24995 I R_item  : 6 IO_TYPE 0000
05-25 16:18:43.695   800   800 I SurfaceFlinger: screenshot (com.oringnet.wm/com.oring.SlideActivity@24995#0)
05-25 16:18:43.763 24995 24995 W UiThreadStatement: Already on the UI thread, this method should not be called from the main application thread
05-25 16:18:43.873 24995 24995 W UiThreadStatement: Already on the UI thread, this method should not be called from the main application thread
05-25 16:18:43.873 24995 24995 I GatewayTest 5請求: 0003090200012787
05-25 16:18:43.874 24995 24995 I GatewayTest 5響應: 00030200008584
05-25 16:18:43.874 24995 24995 I R_item  : 6 DATA_NUM 0000
05-25 16:18:43.972 24995 24995 W UiThreadStatement: Already on the UI thread, this method should not be called from the main application thread
05-25 16:18:43.972 24995 24995 I GatewayTest 7請求: 0003096600016658
05-25 16:18:43.972 24995 24995 I GatewayTest 7響應: 00030200008584
05-25 16:18:43.972 24995 24995 I R_item  : 6 DATA_FORMAT 0000
05-25 16:18:44.012   800   800 I SurfaceFlinger: screenshot (com.oringnet.wm/com.oring.SlideActivity@24995#0)
05-25 16:18:44.075 24995 24995 W UiThreadStatement: Already on the UI thread, this method should not be called from the main application thread
05-25 16:18:44.075 24995 24995 I GatewayTest 6請求: 000309CA0001a679
05-25 16:18:44.076 24995 24995 I GatewayTest 6響應: 00030200008584
05-25 16:18:44.076 24995 24995 I R_item  : 6 INTERVAL 0000
05-25 16:18:44.076 24995 24995 I R_item  : enable: 7
05-25 16:18:44.130   800   800 I SurfaceFlinger: screenshot (com.oringnet.wm/com.oring.SlideActivity@24995#0)
05-25 16:18:44.179 24995 24995 I GatewayTest 2響應: 00030200008584
05-25 16:18:44.179 24995 24995 I R_item  : 7 NET_ID 0000
05-25 16:18:44.192 24995 24995 W UiThreadStatement: Already on the UI thread, this method should not be called from the main application thread
05-25 16:18:44.193 24995 24995 I GatewayTest 3請求: 000307D700013497
05-25 16:18:44.298   800   852 I BufferQueueProducer: [com.oringnet.wm/com.oring.SlideActivity@24995#0](this:0x798eb41800,id:3151,api:1,p:24995,c:800) queueBuffer: fps=18.20 dur=1098.68 max=116.47 min=6.95
05-25 16:18:44.304 24995 24995 I GatewayTest 3響應: 00030200008584
05-25 16:18:44.304 24995 24995 I R_item  : 7 IO_TYPE 0000
05-25 16:18:44.315 24995 24995 W UiThreadStatement: Already on the UI thread, this method should not be called from the main application thread
05-25 16:18:44.315 24995 24995 I GatewayTest 4請求: 0003083B0001f676
05-25 16:18:44.325   800   800 I SurfaceFlinger: screenshot (com.oringnet.wm/com.oring.SlideActivity@24995#0)
05-25 16:18:44.411 24995 24995 I GatewayTest 4響應: 00030200008584
05-25 16:18:44.412 24995 24995 I R_item  : 7 ADDRESS 0000
05-25 16:18:44.421 24995 24995 W UiThreadStatement: Already on the UI thread, this method should not be called from the main application thread
05-25 16:18:44.421 24995 24995 I GatewayTest 5請求: 0003089F0001b795
05-25 16:18:44.445   800   800 I SurfaceFlinger: screenshot (com.oringnet.wm/com.oring.SlideActivity@24995#0)
05-25 16:18:44.517 24995 24995 W UiThreadStatement: Already on the UI thread, this method should not be called from the main application thread
05-25 16:18:44.517 24995 24995 I GatewayTest 5請求: 0003090300017647
05-25 16:18:44.517 24995 24995 I GatewayTest 5響應: 00030200008584
05-25 16:18:44.517 24995 24995 I R_item  : 7 DATA_NUM 0000
05-25 16:18:44.564   800   800 I SurfaceFlinger: screenshot (com.oringnet.wm/com.oring.SlideActivity@24995#0)
05-25 16:18:44.643 24995 24995 W UiThreadStatement: Already on the UI thread, this method should not be called from the main application thread
05-25 16:18:44.643 24995 24995 I GatewayTest 7請求: 0003096700013798
05-25 16:18:44.643 24995 24995 I GatewayTest 7響應: 00030200008584
05-25 16:18:44.644 24995 24995 I R_item  : 7 DATA_FORMAT 0000
05-25 16:18:44.680   800   800 I SurfaceFlinger: screenshot (com.oringnet.wm/com.oring.SlideActivity@24995#0)
05-25 16:18:45.157   800   800 I SurfaceFlinger: screenshot (com.oringnet.wm/com.oring.SlideActivity@24995#0)
05-25 16:18:45.273   800   800 I SurfaceFlinger: screenshot (com.oringnet.wm/com.oring.SlideActivity@24995#0)
05-25 16:18:45.373   800   800 I SurfaceFlinger: screenshot (com.oringnet.wm/com.oring.SlideActivity@24995#0)
05-25 16:18:45.474   800   800 I SurfaceFlinger: screenshot (com.oringnet.wm/com.oring.SlideActivity@24995#0)
05-25 16:18:45.589   800   800 I SurfaceFlinger: screenshot (com.oringnet.wm/com.oring.SlideActivity@24995#0)
05-25 16:18:45.690   800   800 I SurfaceFlinger: screenshot (com.oringnet.wm/com.oring.SlideActivity@24995#0)
05-25 16:18:46.123   800   800 I SurfaceFlinger: screenshot (com.oringnet.wm/com.oring.SlideActivity@24995#0)
05-25 16:18:46.223   800   800 I SurfaceFlinger: screenshot (com.oringnet.wm/com.oring.SlideActivity@24995#0)
05-25 16:18:46.324   800   800 I SurfaceFlinger: screenshot (com.oringnet.wm/com.oring.SlideActivity@24995#0)
05-25 16:18:46.409   800   975 I BufferQueueProducer: [com.oringnet.wm/com.oring.SlideActivity@24995#0](this:0x798eb41800,id:3151,api:1,p:24995,c:800) queueBuffer: fps=6.16 dur=2110.21 max=1477.00 min=7.13
05-25 16:18:46.425   800   800 I SurfaceFlinger: screenshot (com.oringnet.wm/com.oring.SlideActivity@24995#0)
05-25 16:18:46.542   800   800 I SurfaceFlinger: screenshot (com.oringnet.wm/com.oring.SlideActivity@24995#0)
05-25 16:18:46.648 24995 24995 I ViewRootImpl: ViewRoot's Touch Event : ACTION_DOWN
05-25 16:18:46.657 24995 24995 I ViewRootImpl: ViewRoot's Touch Event : ACTION_UP
05-25 16:18:46.659   800   800 I SurfaceFlinger: screenshot (com.oringnet.wm/com.oring.SlideActivity@24995#0)
05-25 16:18:46.923   800   800 I SurfaceFlinger: screenshot (com.oringnet.wm/com.oring.SlideActivity@24995#0)
05-25 16:18:47.273   800   800 I SurfaceFlinger: screenshot (com.oringnet.wm/com.oring.SlideActivity@24995#0)
05-25 16:18:48.490   800   800 I SurfaceFlinger: screenshot (com.oringnet.wm/com.oring.SlideActivity@24995#0)
05-25 16:18:48.696 24995 24995 I ViewRootImpl: ViewRoot's Touch Event : ACTION_DOWN
05-25 16:18:48.705 24995 24995 I ViewRootImpl: ViewRoot's Touch Event : ACTION_UP
05-25 16:18:48.711   800   800 I SurfaceFlinger: screenshot (com.oringnet.wm/com.oring.SlideActivity@24995#0)
05-25 16:18:49.057   800   800 I SurfaceFlinger: screenshot (com.oringnet.wm/com.oring.SlideActivity@24995#0)
05-25 16:18:49.157   800   800 I SurfaceFlinger: screenshot (com.oringnet.wm/com.oring.SlideActivity@24995#0)
05-25 16:18:50.049 24995 24995 I ViewRootImpl: ViewRoot's Touch Event : ACTION_DOWN
05-25 16:18:50.057   800   800 I SurfaceFlinger: screenshot (com.oringnet.wm/com.oring.SlideActivity@24995#0)
05-25 16:18:50.059 24995 24995 I ViewRootImpl: ViewRoot's Touch Event : ACTION_UP
05-25 16:18:50.099   800   975 I BufferQueueProducer: [com.oringnet.wm/com.oring.SlideActivity@24995#0](this:0x798eb41800,id:3151,api:1,p:24995,c:800) queueBuffer: fps=13.50 dur=1184.80 max=938.01 min=13.04
05-25 16:18:50.175   800   800 I SurfaceFlinger: screenshot (com.oringnet.wm/com.oring.SlideActivity@24995#0)
05-25 16:18:50.291   800   800 I SurfaceFlinger: screenshot (com.oringnet.wm/com.oring.SlideActivity@24995#0)
05-25 16:18:50.344 24995 24995 D BluetoothGatt: setCharacteristicNotification() - uuid: 6e400003-b5a3-f393-e0a9-e50e24dcca9e enable: true
05-25 16:18:50.549 24995 24995 D PhoneWindow: windowLightStatusBar : false, disable View.SYSTEM_UI_FLAG_LIGHT_STATUS_BAR
05-25 16:18:50.575   800   800 I SurfaceFlinger: screenshot (com.oringnet.wm/com.oring.SlideActivity@24995#0)
05-25 16:18:50.583 24995 24995 I TouchFilterInputStageHelper: [needTouchEventFilter] Displayid : 0
05-25 16:18:50.592 24995 24995 D BezellessGripSuppressionFilter: getdisplaysize, x : 720 y : 1600
05-25 16:18:50.643   800   852 I BufferQueueConsumer: [com.oringnet.wm/com.oring.SlideActivity@24995#1](this:0x79820bd000,id:3158,api:0,p:-1,c:800) setConsumerName: com.oringnet.wm/com.oring.SlideActivity@24995#1
05-25 16:18:50.643   800   852 I BufferQueueConsumer: [com.oringnet.wm/com.oring.SlideActivity@24995#1](this:0x79820bd000,id:3158,api:0,p:-1,c:800) setDefaultBufferSize: width=126 height=126
05-25 16:18:50.643   800   852 I SurfaceFlinger: Create BufferLayer(0x7982234000) com.oringnet.wm/com.oring.SlideActivity@24995#1 (126 x 126)
05-25 16:18:50.656 24995 25017 D Surface : Surface::connect(this=0x7713d94000,api=1)
05-25 16:18:50.657   800   975 I BufferQueueProducer: [com.oringnet.wm/com.oring.SlideActivity@24995#1](this:0x79820bd000,id:3158,api:1,p:24995,c:800) connect(P): api=1 producer=(24995:com.oringnet.wm) producerControlledByApp=false
05-25 16:18:50.658 24995 25017 D Surface : Surface::setBufferCount(this=0x7713d94000,bufferCount=3)
05-25 16:18:50.659 24995 25017 D Surface : Surface::allocateBuffers(this=0x7713d94000)
05-25 16:18:50.677   800   800 I SurfaceFlinger: screenshot (com.oringnet.wm/com.oring.SlideActivity@24995#0)
05-25 16:18:50.740 24995 24995 W UiThreadStatement: Already on the UI thread, this method should not be called from the main application thread
05-25 16:18:50.740 24995 24995 I DeviceInfoTest 2請求: 01030200000445b1
05-25 16:18:50.751 24995 24995 I DeviceInfoTest 1響應: 01030869576c6c5f797041ca08
05-25 16:18:50.753   800   800 I MiniDump: 0x798ebe4000 |     DEVICE |          0 | 1.000 |    0    0  720 1600 |   0.0   0.0 720.0 1600.0 | com.oringnet.wm/com.oring.SlideActivity@24995#0
05-25 16:18:50.753   800   800 I MiniDump: 0x7982234000 |     DEVICE |          0 | 0.303 |  301  760  419  878 |   0.0   0.0 126.0 126.0 | com.oringnet.wm/com.oring.SlideActivity@24995#1
05-25 16:18:50.753   800   800 I MiniDump: 0x798ebe4000 |     DEVICE |          0 | 1.000 |    0    0  720 1600 |   0.0   0.0 720.0 1600.0 | com.oringnet.wm/com.oring.SlideActivity@24995#0
05-25 16:18:50.753   800   800 I MiniDump: 0x7982234000 |     DEVICE |          0 | 0.303 |  301  760  419  878 |   0.0   0.0 126.0 126.0 | com.oringnet.wm/com.oring.SlideActivity@24995#1
05-25 16:18:50.937   800   800 I SurfaceFlinger: screenshot (com.oringnet.wm/com.oring.SlideActivity@24995#0)
05-25 16:18:50.978   800   800 I SurfaceFlinger: Remove BufferLayer(0x7982234000) com.oringnet.wm/com.oring.SlideActivity@24995#1 (-1 x -1)
05-25 16:18:51.039 24995 24995 W UiThreadStatement: Already on the UI thread, this method should not be called from the main application thread
05-25 16:18:51.039 24995 24995 I DeviceInfoTest 2請求: 0103020C000485b2
05-25 16:18:51.039 24995 24995 I HEX:    : 69576c6c5f79704169706d75325f32303031323531353036
05-25 16:18:51.043 24995 24995 I DeviceName:: Willy_Appium_20210525160
05-25 16:18:51.055 24995 24995 I DeviceInfoTest 0響應: 010308000000000000000095d7
05-25 16:18:51.135 24995 24995 W UiThreadStatement: Already on the UI thread, this method should not be called from the main application thread
05-25 16:18:51.135 24995 24995 I DeviceInfoTest 1請求: 0103021000044474
05-25 16:18:51.136 24995 24995 I HEX:    : 
05-25 16:18:51.147 24995 24995 I DeviceInfoTest 2響應: 010308000000000000000095d7
05-25 16:18:51.233 24995 24995 W UiThreadStatement: Already on the UI thread, this method should not be called from the main application thread
05-25 16:18:51.233 24995 24995 I DeviceInfoTest 3請求: 010402140004b075
05-25 16:18:51.243 24995 24995 I DeviceInfoTest 2響應: 0104086f695f74657474731ff4
05-25 16:18:51.331 24995 24995 W UiThreadStatement: Already on the UI thread, this method should not be called from the main application thread
05-25 16:18:51.332 24995 24995 I DeviceInfoTest 3請求: 0104021800047076
05-25 16:18:51.332 24995 24995 I HEX:    : 6f695f74657474733830
05-25 16:18:51.345 24995 24995 I DeviceInfoTest 3響應: 010408383000000000000016bc
05-25 16:18:51.361   800  2411 I BufferQueueProducer: [com.oringnet.wm/com.oring.SlideActivity@24995#0](this:0x798eb41800,id:3151,api:1,p:24995,c:800) queueBuffer: fps=18.22 dur=1262.04 max=488.55 min=12.99
05-25 16:18:51.392   800   800 I SurfaceFlinger: screenshot (com.oringnet.wm/com.oring.SlideActivity@24995#0)
05-25 16:18:51.432 24995 24995 W UiThreadStatement: Already on the UI thread, this method should not be called from the main application thread
05-25 16:18:51.433 24995 24995 I DeviceInfoTest 4請求: 0104022400017079
05-25 16:18:51.433 24995 24995 I NB_RSSI : 0000
05-25 16:18:51.445 24995 24995 I DeviceInfoTest 4響應: 0104020000b930
05-25 16:18:51.509   800   800 I SurfaceFlinger: screenshot (com.oringnet.wm/com.oring.SlideActivity@24995#0)
05-25 16:18:51.528 24995 24995 W UiThreadStatement: Already on the UI thread, this method should not be called from the main application thread
05-25 16:18:51.528 24995 24995 I DeviceInfoTest 5請求: 0104024700018067
05-25 16:18:51.528 24995 24995 I NB_RSRQ : 0000
05-25 16:18:51.539 24995 24995 I DeviceInfoTest 5響應: 0104020000b930
05-25 16:18:51.625   800   800 I SurfaceFlinger: screenshot (com.oringnet.wm/com.oring.SlideActivity@24995#0)
05-25 16:18:51.626 24995 24995 W UiThreadStatement: Already on the UI thread, this method should not be called from the main application thread
05-25 16:18:51.626 24995 24995 I DeviceInfoTest 6請求: 010402480001b064
05-25 16:18:51.627 24995 24995 I NB_RSRP : 0000
05-25 16:18:51.640 24995 24995 I DeviceInfoTest 6響應: 0104020000b930
05-25 16:18:51.724 24995 24995 W UiThreadStatement: Already on the UI thread, this method should not be called from the main application thread
05-25 16:18:51.724 24995 24995 I DeviceInfoTest 7請求: 010402490001e1a4
05-25 16:18:51.725 24995 24995 I NB_SINR : 0000
05-25 16:18:51.735 24995 24995 I DeviceInfoTest 7響應: 0104020000b930
05-25 16:18:51.742   800   800 I SurfaceFlinger: screenshot (com.oringnet.wm/com.oring.SlideActivity@24995#0)
05-25 16:18:51.821 24995 24995 W UiThreadStatement: Already on the UI thread, this method should not be called from the main application thread
05-25 16:18:51.821 24995 24995 I DeviceInfoTest 8請求: 010402270004407a
05-25 16:18:51.859   800   800 I SurfaceFlinger: screenshot (com.oringnet.wm/com.oring.SlideActivity@24995#0)
05-25 16:18:51.927 24995 24995 I DeviceInfoTest 12響應: 0104043176312e812e
05-25 16:18:51.928 24995 24995 W UiThreadStatement: Already on the UI thread, this method should not be called from the main application thread
05-25 16:18:51.928 24995 24995 I DeviceInfoTest 13請求: 0104020000027073
05-25 16:18:51.975   800   800 I SurfaceFlinger: screenshot (com.oringnet.wm/com.oring.SlideActivity@24995#0)
05-25 16:18:52.034 24995 24995 I DeviceInfoTest 12響應: 0104047473353006eb
05-25 16:18:52.034 24995 24995 W UiThreadStatement: Already on the UI thread, this method should not be called from the main application thread
05-25 16:18:52.035 24995 24995 I DeviceInfoTest 13請求: 01040204000231b2
05-25 16:18:52.092   800   800 I SurfaceFlinger: screenshot (com.oringnet.wm/com.oring.SlideActivity@24995#0)
05-25 16:18:52.113 24995 24995 W UiThreadStatement: Already on the UI thread, this method should not be called from the main application thread
05-25 16:18:52.113 24995 24995 I DeviceInfoTest 13請求: 010402080002f1b1
05-25 16:18:52.116 24995 24995 I HEX:    : 3176312e74733530
05-25 16:18:52.131 24995 24995 I DeviceInfoTest 13響應: 01040400000000fb84
05-25 16:18:52.210   800   800 I SurfaceFlinger: screenshot (com.oringnet.wm/com.oring.SlideActivity@24995#0)
05-25 16:18:52.211 24995 24995 W UiThreadStatement: Already on the UI thread, this method should not be called from the main application thread
05-25 16:18:52.211 24995 24995 I DeviceInfoTest 14請求: 010402020002d1b3
05-25 16:18:52.226 24995 24995 I DeviceInfoTest 13響應: 010404362e6574bf72
05-25 16:18:52.307 24995 24995 W UiThreadStatement: Already on the UI thread, this method should not be called from the main application thread
05-25 16:18:52.307 24995 24995 I DeviceInfoTest 14請求: 0104020600029072
05-25 16:18:52.323 24995 24995 I DeviceInfoTest 13響應: 01040435300047b475
05-25 16:18:52.326   800   800 I SurfaceFlinger: screenshot (com.oringnet.wm/com.oring.SlideActivity@24995#0)
05-25 16:18:52.406 24995 24995 I HEX:    : 362e657435300047
05-25 16:18:52.421 24995 24995 I DeviceInfoTest 8響應: 01040400000000fb84
05-25 16:18:53.158   800   800 I SurfaceFlinger: screenshot (com.oringnet.wm/com.oring.SlideActivity@24995#0)
05-25 16:18:53.258   800   800 I SurfaceFlinger: screenshot (com.oringnet.wm/com.oring.SlideActivity@24995#0)
05-25 16:18:53.359   800   800 I SurfaceFlinger: screenshot (com.oringnet.wm/com.oring.SlideActivity@24995#0)
05-25 16:18:53.475   800   800 I SurfaceFlinger: screenshot (com.oringnet.wm/com.oring.SlideActivity@24995#0)
05-25 16:18:53.578   800   800 I SurfaceFlinger: screenshot (com.oringnet.wm/com.oring.SlideActivity@24995#0)
05-25 16:18:53.691   800   800 I SurfaceFlinger: screenshot (com.oringnet.wm/com.oring.SlideActivity@24995#0)
05-25 16:18:53.792   800   800 I SurfaceFlinger: screenshot (com.oringnet.wm/com.oring.SlideActivity@24995#0)
05-25 16:18:53.892   800   800 I SurfaceFlinger: screenshot (com.oringnet.wm/com.oring.SlideActivity@24995#0)
05-25 16:18:53.993   800   800 I SurfaceFlinger: screenshot (com.oringnet.wm/com.oring.SlideActivity@24995#0)
05-25 16:18:54.074   800   800 I SurfaceFlinger: screenshot (com.oringnet.wm/com.oring.SlideActivity@24995#0)
05-25 16:18:54.109   800   800 I SurfaceFlinger: screenshot (com.oringnet.wm/com.oring.SlideActivity@24995#0)
05-25 16:18:54.209   800   800 I SurfaceFlinger: screenshot (com.oringnet.wm/com.oring.SlideActivity@24995#0)
05-25 16:18:54.325   800   800 I SurfaceFlinger: screenshot (com.oringnet.wm/com.oring.SlideActivity@24995#0)
05-25 16:18:54.357   800  4119 I BufferQueueProducer: [com.oringnet.wm/com.oring.SlideActivity@24995#0](this:0x798eb41800,id:3151,api:1,p:24995,c:800) queueBuffer: fps=1.56 dur=1919.48 max=1435.59 min=15.26
05-25 16:18:54.442   800   800 I SurfaceFlinger: screenshot (com.oringnet.wm/com.oring.SlideActivity@24995#0)
05-25 16:18:54.559   800   800 I SurfaceFlinger: screenshot (com.oringnet.wm/com.oring.SlideActivity@24995#0)
05-25 16:18:56.381 24995 24995 I ViewRootImpl: ViewRoot's Touch Event : ACTION_DOWN
05-25 16:18:56.391 24995 24995 I ViewRootImpl: ViewRoot's Touch Event : ACTION_UP
05-25 16:18:56.392   800   800 I SurfaceFlinger: screenshot (com.oringnet.wm/com.oring.SlideActivity@24995#0)
05-25 16:18:56.455   800  4119 I BufferQueueProducer: [com.oringnet.wm/com.oring.SlideActivity@24995#0](this:0x798eb41800,id:3151,api:1,p:24995,c:800) queueBuffer: fps=8.10 dur=2097.59 max=1835.97 min=13.23
05-25 16:18:56.511   800   800 I SurfaceFlinger: screenshot (com.oringnet.wm/com.oring.SlideActivity@24995#0)
05-25 16:18:56.626   800   800 I SurfaceFlinger: screenshot (com.oringnet.wm/com.oring.SlideActivity@24995#0)
05-25 16:18:56.915   800   800 I SurfaceFlinger: screenshot (com.oringnet.wm/com.oring.SlideActivity@24995#0)
05-25 16:18:57.444   800   800 I SurfaceFlinger: screenshot (com.oringnet.wm/com.oring.SlideActivity@24995#0)
05-25 16:18:57.942   800   852 I BufferQueueProducer: [com.oringnet.wm/com.oring.SlideActivity@24995#0](this:0x798eb41800,id:3151,api:1,p:24995,c:800) queueBuffer: fps=6.73 dur=1486.75 max=812.97 min=6.54
05-25 16:18:57.960   800   800 I SurfaceFlinger: screenshot (com.oringnet.wm/com.oring.SlideActivity@24995#0)
05-25 16:18:58.544   800   800 I SurfaceFlinger: screenshot (com.oringnet.wm/com.oring.SlideActivity@24995#0)
05-25 16:18:59.039   800   852 I BufferQueueProducer: [com.oringnet.wm/com.oring.SlideActivity@24995#0](this:0x798eb41800,id:3151,api:1,p:24995,c:800) queueBuffer: fps=1.82 dur=1097.62 max=579.39 min=518.23
05-25 16:18:59.061   800   800 I SurfaceFlinger: screenshot (com.oringnet.wm/com.oring.SlideActivity@24995#0)
05-25 16:18:59.661   800   800 I SurfaceFlinger: screenshot (com.oringnet.wm/com.oring.SlideActivity@24995#0)
05-25 16:19:00.138   800   975 I BufferQueueProducer: [com.oringnet.wm/com.oring.SlideActivity@24995#0](this:0x798eb41800,id:3151,api:1,p:24995,c:800) queueBuffer: fps=1.82 dur=1098.80 max=598.68 min=500.12
05-25 16:19:00.145   800   800 I SurfaceFlinger: screenshot (com.oringnet.wm/com.oring.SlideActivity@24995#0)
05-25 16:19:00.735 24995 24995 I ViewRootImpl: ViewRoot's Touch Event : ACTION_DOWN
05-25 16:19:00.743   800   800 I SurfaceFlinger: screenshot (com.oringnet.wm/com.oring.SlideActivity@24995#0)
05-25 16:19:00.746 24995 24995 I ViewRootImpl: ViewRoot's Touch Event : ACTION_UP
05-25 16:19:00.749 24995 24995 I TTTIII  : @@
05-25 16:19:00.750 24995 24995 I TTTIII  : 999999
05-25 16:19:00.750 24995 24995 I TTTIII  : 999999
05-25 16:19:00.761 24995 24995 D PhoneWindow: windowLightStatusBar : false, disable View.SYSTEM_UI_FLAG_LIGHT_STATUS_BAR
05-25 16:19:00.792 24995 24995 I TouchFilterInputStageHelper: [needTouchEventFilter] Displayid : 0
05-25 16:19:00.796 24995 24995 D BezellessGripSuppressionFilter: getdisplaysize, x : 720 y : 1600
05-25 16:19:00.842   800   852 I BufferQueueConsumer: [com.oringnet.wm/com.oring.SlideActivity@24995#1](this:0x7982130000,id:3159,api:0,p:-1,c:800) setConsumerName: com.oringnet.wm/com.oring.SlideActivity@24995#1
05-25 16:19:00.842   800   852 I BufferQueueConsumer: [com.oringnet.wm/com.oring.SlideActivity@24995#1](this:0x7982130000,id:3159,api:0,p:-1,c:800) setDefaultBufferSize: width=126 height=126
05-25 16:19:00.842   800   852 I SurfaceFlinger: Create BufferLayer(0x798223a000) com.oringnet.wm/com.oring.SlideActivity@24995#1 (126 x 126)
05-25 16:19:00.855 24995 25017 D Surface : Surface::connect(this=0x771ef0d000,api=1)
05-25 16:19:00.856   800   852 I BufferQueueProducer: [com.oringnet.wm/com.oring.SlideActivity@24995#1](this:0x7982130000,id:3159,api:1,p:24995,c:800) connect(P): api=1 producer=(24995:com.oringnet.wm) producerControlledByApp=false
05-25 16:19:00.858 24995 25017 D Surface : Surface::setBufferCount(this=0x771ef0d000,bufferCount=3)
05-25 16:19:00.859 24995 25017 D Surface : Surface::allocateBuffers(this=0x771ef0d000)
05-25 16:19:00.863   800   800 I SurfaceFlinger: screenshot (com.oringnet.wm/com.oring.SlideActivity@24995#0)
05-25 16:19:00.925   800   800 I MiniDump: 0x798ebe4000 |     DEVICE |          0 | 1.000 |    0    0  720 1600 |   0.0   0.0 720.0 1600.0 | com.oringnet.wm/com.oring.SlideActivity@24995#0
05-25 16:19:00.925   800   800 I MiniDump: 0x798223a000 |     DEVICE |          0 | 0.287 |  301  760  419  878 |   0.0   0.0 126.0 126.0 | com.oringnet.wm/com.oring.SlideActivity@24995#1
05-25 16:19:01.678   800   800 I SurfaceFlinger: screenshot (com.oringnet.wm/com.oring.SlideActivity@24995#0)
05-25 16:19:01.792   800   800 I SurfaceFlinger: screenshot (com.oringnet.wm/com.oring.SlideActivity@24995#0)
05-25 16:19:03.064   800   800 I SurfaceFlinger: screenshot (com.oringnet.wm/com.oring.SlideActivity@24995#0)
05-25 16:19:04.078   800   800 I SurfaceFlinger: screenshot (com.oringnet.wm/com.oring.SlideActivity@24995#0)
05-25 16:19:04.179   800   800 I SurfaceFlinger: screenshot (com.oringnet.wm/com.oring.SlideActivity@24995#0)
05-25 16:19:04.744   800   800 I SurfaceFlinger: screenshot (com.oringnet.wm/com.oring.SlideActivity@24995#0)
05-25 16:19:04.979   800   800 I SurfaceFlinger: screenshot (com.oringnet.wm/com.oring.SlideActivity@24995#0)
05-25 16:19:05.079   800   800 I SurfaceFlinger: screenshot (com.oringnet.wm/com.oring.SlideActivity@24995#0)
05-25 16:19:05.146   800   852 I BufferQueueProducer: [com.oringnet.wm/com.oring.SlideActivity@24995#0](this:0x798eb41800,id:3151,api:1,p:24995,c:800) queueBuffer: fps=3.80 dur=1577.86 max=779.09 min=13.14
05-25 16:19:05.180   800   800 I SurfaceFlinger: screenshot (com.oringnet.wm/com.oring.SlideActivity@24995#0)
05-25 16:19:05.296   800   800 I SurfaceFlinger: screenshot (com.oringnet.wm/com.oring.SlideActivity@24995#0)
05-25 16:19:05.397   800   800 I SurfaceFlinger: screenshot (com.oringnet.wm/com.oring.SlideActivity@24995#0)
05-25 16:19:05.697   800   800 I SurfaceFlinger: screenshot (com.oringnet.wm/com.oring.SlideActivity@24995#0)
05-25 16:19:06.268 24995 24995 I ViewRootImpl: ViewRoot's Touch Event : ACTION_DOWN
05-25 16:19:06.278 24995 24995 I ViewRootImpl: ViewRoot's Touch Event : ACTION_UP
05-25 16:19:06.281   800   800 I SurfaceFlinger: screenshot (com.oringnet.wm/com.oring.SlideActivity@24995#0)
05-25 16:19:06.307 24995 24995 D PhoneWindow: windowLightStatusBar : false, disable View.SYSTEM_UI_FLAG_LIGHT_STATUS_BAR
05-25 16:19:06.352 24995 24995 I TouchFilterInputStageHelper: [needTouchEventFilter] Displayid : 0
05-25 16:19:06.383   800   800 I SurfaceFlinger: screenshot (com.oringnet.wm/com.oring.SlideActivity@24995#0)
05-25 16:19:06.536   800   800 I MiniDump: 0x798ebe4000 |     DEVICE |          0 | 1.000 |    0    0  720 1600 |   0.0   0.0 720.0 1600.0 | com.oringnet.wm/com.oring.SlideActivity@24995#0
05-25 16:19:06.536   800   800 I MiniDump: 0x798eb37000 |     DEVICE |          0 | 0.303 |  301  760  419  878 |   0.0   0.0 126.0 126.0 | com.oringnet.wm/com.oring.SlideActivity@24995#1
05-25 16:19:06.649   800   800 I SurfaceFlinger: screenshot (com.oringnet.wm/com.oring.SlideActivity@24995#0)
05-25 16:19:06.689 24995 24995 W UiThreadStatement: Already on the UI thread, this method should not be called from the main application thread
05-25 16:19:06.690 24995 24995 I DeviceInfoTest 9請求: 011002080004083530353236313931126d
05-25 16:19:06.708 24995 24995 I DeviceInfoTest 8響應: 01100208000441b0
05-25 16:19:06.739   800   800 I SurfaceFlinger: Remove BufferLayer(0x798eb37000) com.oringnet.wm/com.oring.SlideActivity@24995#1 (-1 x -1)
05-25 16:19:06.761   800   800 I SurfaceFlinger: screenshot (com.oringnet.wm/com.oring.SlideActivity@24995#0)
05-25 16:19:06.784 24995 24995 W UiThreadStatement: Already on the UI thread, this method should not be called from the main application thread
05-25 16:19:06.784 24995 24995 I DeviceInfoTest 9請求: 0110020C0004080000000000000000a128
05-25 16:19:06.863   800   800 I SurfaceFlinger: screenshot (com.oringnet.wm/com.oring.SlideActivity@24995#0)
05-25 16:19:06.883 24995 24995 W UiThreadStatement: Already on the UI thread, this method should not be called from the main application thread
05-25 16:19:06.883 24995 24995 I DeviceInfoTest 14請求: 011002B6000102003C9fd7
05-25 16:19:06.890 24995 25017 D Surface : Surface::disconnect(this=0x77090d3000,api=1)
05-25 16:19:06.891   800   852 I BufferQueueProducer: [com.oringnet.wm/com.oring.SlideActivity@24995#1](this:0x798eb8c800,id:3161,api:1,p:24995,c:800) disconnect(P): api 1
05-25 16:19:06.948 24995 24995 D BluetoothGatt: setCharacteristicNotification() - uuid: 6e400003-b5a3-f393-e0a9-e50e24dcca9e enable: true
05-25 16:19:06.989   800   800 I SurfaceFlinger: screenshot (com.oringnet.wm/com.oring.SlideActivity@24995#0)
05-25 16:19:07.003   800   851 I BufferQueueProducer: [com.oringnet.wm/com.oring.SlideActivity@24995#0](this:0x798eb41800,id:3151,api:1,p:24995,c:800) queueBuffer: fps=1.08 dur=1856.95 max=1337.81 min=519.14
05-25 16:19:07.093 24995 24995 D BezellessGripSuppressionFilter: getdisplaysize, x : 720 y : 1600
05-25 16:19:07.100   800   800 I SurfaceFlinger: screenshot (com.oringnet.wm/com.oring.SlideActivity@24995#0)
05-25 16:19:07.132   800   800 I MiniDump: 0x798ebe4000 |     DEVICE |          0 | 1.000 |    0    0  720 1600 |   0.0   0.0 720.0 1600.0 | com.oringnet.wm/com.oring.SlideActivity@24995#0
05-25 16:19:07.133   800   800 I MiniDump: 0x798ebe4000 |     DEVICE |          0 | 1.000 |    0    0  720 1600 |   0.0   0.0 720.0 1600.0 | com.oringnet.wm/com.oring.SlideActivity@24995#0
05-25 16:19:07.152   800   852 I BufferQueueConsumer: [com.oringnet.wm/com.oring.SlideActivity@24995#2](this:0x79820bd000,id:3162,api:0,p:-1,c:800) setConsumerName: com.oringnet.wm/com.oring.SlideActivity@24995#2
05-25 16:19:07.152   800   852 I BufferQueueConsumer: [com.oringnet.wm/com.oring.SlideActivity@24995#2](this:0x79820bd000,id:3162,api:0,p:-1,c:800) setDefaultBufferSize: width=126 height=126
05-25 16:19:07.152   800   852 I SurfaceFlinger: Create BufferLayer(0x7982261000) com.oringnet.wm/com.oring.SlideActivity@24995#2 (126 x 126)
05-25 16:19:07.166 24995 25017 D Surface : Surface::connect(this=0x771eca8000,api=1)
05-25 16:19:07.171   800   851 I BufferQueueProducer: [com.oringnet.wm/com.oring.SlideActivity@24995#2](this:0x79820bd000,id:3162,api:1,p:24995,c:800) connect(P): api=1 producer=(24995:com.oringnet.wm) producerControlledByApp=false
05-25 16:19:07.184   800   800 I SurfaceFlinger: screenshot (com.oringnet.wm/com.oring.SlideActivity@24995#0)
05-25 16:19:07.189   800   800 I SurfaceFlinger: Remove BufferLayer(0x798eb37000) com.oringnet.wm/com.oring.SlideActivity@24995#1 (-1 x -1)
05-25 16:19:07.213   800   800 I SurfaceFlinger: Remove BufferLayer(0x798eb37000) com.oringnet.wm/com.oring.SlideActivity@24995#1 (-1 x -1)
05-25 16:19:07.213   800   800 I BufferQueue: [com.oringnet.wm/com.oring.SlideActivity@24995#1](this:0x798eb8c800,id:3161,api:1,p:-1,c:-1) ~BufferQueueCore
05-25 16:19:07.221   800   800 I MiniDump: 0x798ebe4000 |     DEVICE |          0 | 1.000 |    0    0  720 1600 |   0.0   0.0 720.0 1600.0 | com.oringnet.wm/com.oring.SlideActivity@24995#0
05-25 16:19:07.221   800   800 I MiniDump: 0x798ebe4000 |     DEVICE |          0 | 1.000 |    0    0  720 1600 |   0.0   0.0 720.0 1600.0 | com.oringnet.wm/com.oring.SlideActivity@24995#0
05-25 16:19:07.282 24995 24995 I DeviceInfoTest 1響應: 01030869576c6c417970700df4
05-25 16:19:07.283 24995 24995 W UiThreadStatement: Already on the UI thread, this method should not be called from the main application thread
05-25 16:19:07.283 24995 24995 I DeviceInfoTest 2請求: 01030200000445b1
05-25 16:19:07.302   800   800 I SurfaceFlinger: screenshot (com.oringnet.wm/com.oring.SlideActivity@24995#0)
05-25 16:19:07.385 24995 24995 I DeviceInfoTest 1響應: 01030875695f6d303231323026
05-25 16:19:07.386 24995 24995 W UiThreadStatement: Already on the UI thread, this method should not be called from the main application thread
05-25 16:19:07.386 24995 24995 I DeviceInfoTest 2請求: 0103020400040470
05-25 16:19:07.427   800   800 I SurfaceFlinger: screenshot (com.oringnet.wm/com.oring.SlideActivity@24995#0)
05-25 16:19:07.469 24995 24995 W UiThreadStatement: Already on the UI thread, this method should not be called from the main application thread
05-25 16:19:07.470 24995 24995 I DeviceInfoTest 2請求: 010302080004c473
05-25 16:19:07.481 24995 24995 I DeviceInfoTest 1響應: 0103083530353236313931d75d
05-25 16:19:07.566 24995 24995 W UiThreadStatement: Already on the UI thread, this method should not be called from the main application thread
05-25 16:19:07.566 24995 24995 I DeviceInfoTest 2請求: 0103020C000485b2
05-25 16:19:07.567 24995 24995 I HEX:    : 69576c6c4179707075695f6d303231323530353236313931
05-25 16:19:07.571 24995 24995 I DeviceName:: WillyAppium_202105251619
05-25 16:19:07.577   800   800 I SurfaceFlinger: screenshot (com.oringnet.wm/com.oring.SlideActivity@24995#0)
05-25 16:19:07.594 24995 24995 I DeviceInfoTest 0響應: 010308000000000000000095d7
05-25 16:19:07.665 24995 24995 W UiThreadStatement: Already on the UI thread, this method should not be called from the main application thread
05-25 16:19:07.665 24995 24995 I DeviceInfoTest 1請求: 0103021000044474
05-25 16:19:07.665   800   800 I SurfaceFlinger: screenshot (com.oringnet.wm/com.oring.SlideActivity@24995#0)
05-25 16:19:07.667 24995 24995 I HEX:    : 
05-25 16:19:07.685 24995 24995 I DeviceInfoTest 2響應: 010308000000000000000095d7
05-25 16:19:07.761 24995 24995 W UiThreadStatement: Already on the UI thread, this method should not be called from the main application thread
05-25 16:19:07.761 24995 24995 I DeviceInfoTest 3請求: 010402140004b075
05-25 16:19:07.782   800   800 I SurfaceFlinger: screenshot (com.oringnet.wm/com.oring.SlideActivity@24995#0)
05-25 16:19:07.876 24995 24995 I DeviceInfoTest 3響應: 010408383000000000000016bc
05-25 16:19:07.958 24995 24995 I NB_RSSI : 0000
05-25 16:19:08.364 24995 24995 I DeviceInfoTest 12響應: 0104080000000000000000240d
05-25 16:19:08.946 24995 24995 I DeviceInfoTest 8響應: 01040400000000fb84
05-25 16:19:09.047 24995 24995 I DeviceInfoTest 10響應: 0103083939393939390000ba57
05-25 16:19:09.114   800   800 I SurfaceFlinger: screenshot (com.oringnet.wm/com.oring.SlideActivity@24995#0)
05-25 16:19:09.129 24995 24995 W UiThreadStatement: Already on the UI thread, this method should not be called from the main application thread
05-25 16:19:09.129 24995 24995 I DeviceInfoTest 11請求: 010302B600016454
05-25 16:19:09.131 24995 24995 I KeepALive: 003c
05-25 16:19:09.145 24995 24995 I DeviceInfoTest 11響應: 010302003cb855
05-25 16:19:09.160   800   975 I BufferQueueProducer: [com.oringnet.wm/com.oring.SlideActivity@24995#0](this:0x798eb41800,id:3151,api:1,p:24995,c:800) queueBuffer: fps=12.30 dur=1138.35 max=293.15 min=7.64
05-25 16:19:09.214   800   800 I SurfaceFlinger: screenshot (com.oringnet.wm/com.oring.SlideActivity@24995#0)
05-25 16:19:09.223 24995 24995 W UiThreadStatement: Already on the UI thread, this method should not be called from the main application thread
05-25 16:19:09.224 24995 24995 I DeviceInfoTest 12請求: 010104000001fcfa
05-25 16:19:09.225 24995 24995 I fc_Status:: 01false
05-25 16:19:09.354   800   800 I SurfaceFlinger: screenshot (com.oringnet.wm/com.oring.SlideActivity@24995#0)
05-25 16:19:09.444   800   800 I MiniDump: 0x798ebe4000 |     DEVICE |          0 | 1.000 |    0    0  720 1600 |   0.0   0.0 720.0 1600.0 | com.oringnet.wm/com.oring.SlideActivity@24995#0
05-25 16:19:09.444   800   800 I MiniDump: 0x798ebe4000 |     DEVICE |          0 | 1.000 |    0    0  720 1600 |   0.0   0.0 720.0 1600.0 | com.oringnet.wm/com.oring.SlideActivity@24995#0
05-25 16:19:09.458   800   800 I SurfaceFlinger: screenshot (com.oringnet.wm/com.oring.SlideActivity@24995#0)
05-25 16:19:09.519   800   800 I SurfaceFlinger: Remove BufferLayer(0x7982261000) com.oringnet.wm/com.oring.SlideActivity@24995#2 (-1 x -1)
05-25 16:19:09.521   800   800 I BufferQueue: [com.oringnet.wm/com.oring.SlideActivity@24995#2](this:0x79820bd000,id:3162,api:1,p:-1,c:-1) ~BufferQueueCore
05-25 16:19:09.528   800   800 I MiniDump: 0x798ebe4000 |     DEVICE |          0 | 1.000 |    0    0  720 1600 |   0.0   0.0 720.0 1600.0 | com.oringnet.wm/com.oring.SlideActivity@24995#0
05-25 16:19:09.528   800   800 I MiniDump: 0x798ebe4000 |     DEVICE |          0 | 1.000 |    0    0  720 1600 |   0.0   0.0 720.0 1600.0 | com.oringnet.wm/com.oring.SlideActivity@24995#0
05-25 16:19:09.565   800   800 I SurfaceFlinger: screenshot (com.oringnet.wm/com.oring.SlideActivity@24995#0)
05-25 16:19:09.680   800   800 I SurfaceFlinger: screenshot (com.oringnet.wm/com.oring.SlideActivity@24995#0)
05-25 16:19:09.781   800   800 I SurfaceFlinger: screenshot (com.oringnet.wm/com.oring.SlideActivity@24995#0)
05-25 16:19:09.897   800   800 I SurfaceFlinger: screenshot (com.oringnet.wm/com.oring.SlideActivity@24995#0)
05-25 16:19:10.013   800   800 I SurfaceFlinger: screenshot (com.oringnet.wm/com.oring.SlideActivity@24995#0)
05-25 16:19:10.130   800   800 I SurfaceFlinger: screenshot (com.oringnet.wm/com.oring.SlideActivity@24995#0)
05-25 16:19:10.263   800   800 I SurfaceFlinger: screenshot (com.oringnet.wm/com.oring.SlideActivity@24995#0)
05-25 16:19:10.268  1412  3160 I ActivityManager: Killing 24995:com.oringnet.wm/u0a305 (adj 0): stop com.oringnet.wm
05-25 16:19:10.322   800   800 I SurfaceFlinger: Remove BufferLayer(0x798ebe4000) com.oringnet.wm/com.oring.SlideActivity@24995#0 (-1 x -1)
05-25 16:19:10.374   800  2411 I BufferQueueProducer: [com.oringnet.wm/com.oring.SlideActivity@24995#0](this:0x798eb41800,id:3151,api:1,p:24995,c:800) disconnect(P): api 1
05-25 16:19:10.377   664   664 I Zygote  : Process 24995 exited due to signal 9 (Killed)
05-25 16:19:10.378   800   800 I SurfaceFlinger: Remove BufferLayer(0x798ebe4000) com.oringnet.wm/com.oring.SlideActivity@24995#0 (-1 x -1)
05-25 16:19:10.378   800   800 I BufferQueue: [com.oringnet.wm/com.oring.SlideActivity@24995#0](this:0x798eb41800,id:3151,api:1,p:-1,c:-1) ~BufferQueueCore
