05-28 14:56:22.635   800   800 I MiniDump: 0x798eb8d000 |     DEVICE |          0 | 1.000 |    0    0  720 1600 |   0.0   0.0 720.0 1600.0 | com.oringnet.wm/com.oring.SlideActivity@12672#0
05-28 14:56:22.635   800   800 I MiniDump: 0x79822bb000 |     DEVICE |          0 | 0.704 |  299  758  421  880 |   0.0   0.0 126.0 126.0 | com.oringnet.wm/com.oring.SlideActivity@12672#2
05-28 14:56:22.648 12672 12672 W UiThreadStatement: Already on the UI thread, this method should not be called from the main application thread
05-28 14:56:22.648 12672 12672 I DeviceInfoTest 2請求: 0103020400040470
05-28 14:56:22.656 12672 12672 I DeviceInfoTest 1響應: 01030875695f6d303231323026
05-28 14:56:22.717   800   800 I SurfaceFlinger: screenshot (com.oringnet.wm/com.oring.SlideActivity@12672#0)
05-28 14:56:22.745 12672 12672 W UiThreadStatement: Already on the UI thread, this method should not be called from the main application thread
05-28 14:56:22.746 12672 12672 I DeviceInfoTest 2請求: 010302080004c473
05-28 14:56:22.751 12672 12672 I DeviceInfoTest 1響應: 0103083530383234313635d3cb
05-28 14:56:22.807   800   800 I SurfaceFlinger: Remove BufferLayer(0x79822bb000) com.oringnet.wm/com.oring.SlideActivity@12672#2 (-1 x -1)
05-28 14:56:22.818   800   800 I SurfaceFlinger: screenshot (com.oringnet.wm/com.oring.SlideActivity@12672#0)
05-28 14:56:22.843 12672 12672 W UiThreadStatement: Already on the UI thread, this method should not be called from the main application thread
05-28 14:56:22.843 12672 12672 I DeviceInfoTest 2請求: 0103020C000485b2
05-28 14:56:22.843 12672 12672 I HEX:    : 69576c6c4179707075695f6d303231323530383234313635
05-28 14:56:22.844 12672 12672 I DeviceName:: WillyAppium_202105281456
05-28 14:56:22.853 12672 12672 I DeviceInfoTest 0響應: 010308000000000000000095d7
05-28 14:56:22.941 12672 12672 W UiThreadStatement: Already on the UI thread, this method should not be called from the main application thread
05-28 14:56:22.941 12672 12672 I DeviceInfoTest 1請求: 0103021000044474
05-28 14:56:22.942 12672 12672 I HEX:    : 
05-28 14:56:22.948 12672 12672 I DeviceInfoTest 2響應: 010308000000000000000095d7
05-28 14:56:23.037 12672 12672 W UiThreadStatement: Already on the UI thread, this method should not be called from the main application thread
05-28 14:56:23.037 12672 12672 I DeviceInfoTest 3請求: 010402140004b075
05-28 14:56:23.047 12672 12672 I DeviceInfoTest 2響應: 0104086f695f74657474731ff4
05-28 14:56:23.081   800   800 I SurfaceFlinger: screenshot (com.oringnet.wm/com.oring.SlideActivity@12672#0)
05-28 14:56:23.135 12672 12672 W UiThreadStatement: Already on the UI thread, this method should not be called from the main application thread
05-28 14:56:23.135 12672 12672 I DeviceInfoTest 3請求: 0104021800047076
05-28 14:56:23.135 12672 12672 I HEX:    : 6f695f74657474733830
05-28 14:56:23.144 12672 12672 I DeviceInfoTest 3響應: 010408383000000000000016bc
05-28 14:56:23.234 12672 12672 I NB_RSSI : 0000
05-28 14:56:23.242 12672 12672 I DeviceInfoTest 4響應: 0104020000b930
05-28 14:56:23.257 12672 12672 W UiThreadStatement: Already on the UI thread, this method should not be called from the main application thread
05-28 14:56:23.257 12672 12672 I DeviceInfoTest 5請求: 0104022400017079
05-28 14:56:23.331 12672 12672 I NB_RSRQ : 0000
05-28 14:56:23.340 12672 12672 I DeviceInfoTest 5響應: 0104020000b930
05-28 14:56:23.341 12672 12672 W UiThreadStatement: Already on the UI thread, this method should not be called from the main application thread
05-28 14:56:23.341 12672 12672 I DeviceInfoTest 6請求: 0104024700018067
05-28 14:56:23.347   800   800 I SurfaceFlinger: screenshot (com.oringnet.wm/com.oring.SlideActivity@12672#0)
05-28 14:56:23.428 12672 12672 W UiThreadStatement: Already on the UI thread, this method should not be called from the main application thread
05-28 14:56:23.428 12672 12672 I DeviceInfoTest 6請求: 010402480001b064
05-28 14:56:23.428 12672 12672 I NB_RSRP : 0000
05-28 14:56:23.438 12672 12672 I DeviceInfoTest 6響應: 0104020000b930
05-28 14:56:23.461   800  4119 I BufferQueueProducer: [com.oringnet.wm/com.oring.SlideActivity@12672#0](this:0x798ea0a000,id:4958,api:1,p:12672,c:800) queueBuffer: fps=8.62 dur=1044.54 max=314.38 min=7.01
05-28 14:56:23.524 12672 12672 W UiThreadStatement: Already on the UI thread, this method should not be called from the main application thread
05-28 14:56:23.524 12672 12672 I DeviceInfoTest 7請求: 010402490001e1a4
05-28 14:56:23.614   800   800 I SurfaceFlinger: screenshot (com.oringnet.wm/com.oring.SlideActivity@12672#0)
05-28 14:56:23.817 12672 12672 I NB_SINR : 0000
05-28 14:56:23.826 12672 12672 I DeviceInfoTest 7響應: 0104020000b930
05-28 14:56:23.849   800   800 I SurfaceFlinger: screenshot (com.oringnet.wm/com.oring.SlideActivity@12672#0)
05-28 14:56:23.915 12672 12672 W UiThreadStatement: Already on the UI thread, this method should not be called from the main application thread
05-28 14:56:23.915 12672 12672 I DeviceInfoTest 8請求: 010402270004407a
05-28 14:56:23.916 12672 12672 I HEX:    : 
05-28 14:56:23.924 12672 12672 I DeviceInfoTest 12響應: 0104080000000000000000240d
05-28 14:56:24.012 12672 12672 W UiThreadStatement: Already on the UI thread, this method should not be called from the main application thread
05-28 14:56:24.012 12672 12672 I DeviceInfoTest 13請求: 0104020000027073
05-28 14:56:24.021 12672 12672 I DeviceInfoTest 12響應: 0104043176312e812e
05-28 14:56:24.110 12672 12672 W UiThreadStatement: Already on the UI thread, this method should not be called from the main application thread
05-28 14:56:24.110 12672 12672 I DeviceInfoTest 13請求: 01040204000231b2
05-28 14:56:24.114   800   800 I SurfaceFlinger: screenshot (com.oringnet.wm/com.oring.SlideActivity@12672#0)
05-28 14:56:24.118 12672 12672 I DeviceInfoTest 12響應: 0104047473353006eb
05-28 14:56:24.207 12672 12672 W UiThreadStatement: Already on the UI thread, this method should not be called from the main application thread
05-28 14:56:24.207 12672 12672 I DeviceInfoTest 13請求: 010402080002f1b1
05-28 14:56:24.208 12672 12672 I HEX:    : 3176312e74733530
05-28 14:56:24.219 12672 12672 I DeviceInfoTest 13響應: 01040400000000fb84
05-28 14:56:24.305 12672 12672 W UiThreadStatement: Already on the UI thread, this method should not be called from the main application thread
05-28 14:56:24.305 12672 12672 I DeviceInfoTest 14請求: 010402020002d1b3
05-28 14:56:24.313 12672 12672 I DeviceInfoTest 13響應: 010404362e6574bf72
05-28 14:56:24.365   800   800 I SurfaceFlinger: screenshot (com.oringnet.wm/com.oring.SlideActivity@12672#0)
05-28 14:56:24.403 12672 12672 W UiThreadStatement: Already on the UI thread, this method should not be called from the main application thread
05-28 14:56:24.403 12672 12672 I DeviceInfoTest 14請求: 0104020600029072
05-28 14:56:24.410 12672 12672 I DeviceInfoTest 13響應: 01040435300047b475
05-28 14:56:24.500 12672 12672 I HEX:    : 362e657435300047
05-28 14:56:24.508 12672 12672 I DeviceInfoTest 8響應: 01040400000000fb84
05-28 14:56:24.509 12672 12672 W UiThreadStatement: Already on the UI thread, this method should not be called from the main application thread
05-28 14:56:24.509 12672 12672 I DeviceInfoTest 9請求: 0104020A00025071
05-28 14:56:24.526   800   975 I BufferQueueProducer: [com.oringnet.wm/com.oring.SlideActivity@12672#0](this:0x798ea0a000,id:4958,api:1,p:12672,c:800) queueBuffer: fps=7.51 dur=1065.46 max=375.62 min=7.12
05-28 14:56:24.597 12672 12672 W UiThreadStatement: Already on the UI thread, this method should not be called from the main application thread
05-28 14:56:24.597 12672 12672 I DeviceInfoTest 9請求: 010303E80004c479
05-28 14:56:24.597 12672 12672 I HEX:    : 393939393939
05-28 14:56:24.597 12672 12672 I Password: : 999999
05-28 14:56:24.604 12672 12672 I DeviceInfoTest 10響應: 0103083939393939390000ba57
05-28 14:56:24.694 12672 12672 W UiThreadStatement: Already on the UI thread, this method should not be called from the main application thread
05-28 14:56:24.695 12672 12672 I DeviceInfoTest 11請求: 010302B600016454
05-28 14:56:24.695 12672 12672 I KeepALive: 003c
05-28 14:56:24.706 12672 12672 I DeviceInfoTest 11響應: 010302003cb855
05-28 14:56:24.792 12672 12672 W UiThreadStatement: Already on the UI thread, this method should not be called from the main application thread
05-28 14:56:24.792 12672 12672 I DeviceInfoTest 12請求: 010104000001fcfa
05-28 14:56:24.792 12672 12672 I fc_Status:: 00false
05-28 14:56:24.795 12672 12694 D Surface : Surface::disconnect(this=0x77082b0000,api=1)
05-28 14:56:24.796   800  4119 I BufferQueueProducer: [com.oringnet.wm/com.oring.SlideActivity@12672#2](this:0x798229d800,id:4969,api:1,p:12672,c:800) disconnect(P): api 1
05-28 14:56:24.811 12672 12672 I DeviceInfoTest -1響應: 010101005188
05-28 14:56:24.817   800   800 I SurfaceFlinger: screenshot (com.oringnet.wm/com.oring.SlideActivity@12672#0)
05-28 14:56:24.919   800   800 I SurfaceFlinger: screenshot (com.oringnet.wm/com.oring.SlideActivity@12672#0)
05-28 14:56:24.979   800   800 I MiniDump: 0x798eb8d000 |     DEVICE |          0 | 1.000 |    0    0  720 1600 |   0.0   0.0 720.0 1600.0 | com.oringnet.wm/com.oring.SlideActivity@12672#0
05-28 14:56:24.979   800   800 I MiniDump: 0x798eb8d000 |     DEVICE |          0 | 1.000 |    0    0  720 1600 |   0.0   0.0 720.0 1600.0 | com.oringnet.wm/com.oring.SlideActivity@12672#0
05-28 14:56:25.034   800   800 I SurfaceFlinger: screenshot (com.oringnet.wm/com.oring.SlideActivity@12672#0)
05-28 14:56:25.057   800   800 I SurfaceFlinger: Remove BufferLayer(0x79822bb000) com.oringnet.wm/com.oring.SlideActivity@12672#2 (-1 x -1)
05-28 14:56:25.058   800   800 I BufferQueue: [com.oringnet.wm/com.oring.SlideActivity@12672#2](this:0x798229d800,id:4969,api:1,p:-1,c:-1) ~BufferQueueCore
05-28 14:56:25.062   800   800 I MiniDump: 0x798eb8d000 |     DEVICE |          0 | 1.000 |    0    0  720 1600 |   0.0   0.0 720.0 1600.0 | com.oringnet.wm/com.oring.SlideActivity@12672#0
05-28 14:56:25.062   800   800 I MiniDump: 0x798eb8d000 |     DEVICE |          0 | 1.000 |    0    0  720 1600 |   0.0   0.0 720.0 1600.0 | com.oringnet.wm/com.oring.SlideActivity@12672#0
05-28 14:56:25.298   800   800 I SurfaceFlinger: screenshot (com.oringnet.wm/com.oring.SlideActivity@12672#0)
05-28 14:56:25.564   800   800 I SurfaceFlinger: screenshot (com.oringnet.wm/com.oring.SlideActivity@12672#0)
05-28 14:56:25.673  1412  2116 I ActivityManager: Killing 12672:com.oringnet.wm/u0a306 (adj 0): stop com.oringnet.wm
05-28 14:56:25.685   800   800 I SurfaceFlinger: screenshot (com.oringnet.wm/com.oring.SlideActivity@12672#0)
05-28 14:56:25.707   800   800 I SurfaceFlinger: Remove BufferLayer(0x798eb8d000) com.oringnet.wm/com.oring.SlideActivity@12672#0 (-1 x -1)
05-28 14:56:25.742   800   852 I BufferQueueProducer: [com.oringnet.wm/com.oring.SlideActivity@12672#0](this:0x798ea0a000,id:4958,api:1,p:12672,c:800) disconnect(P): api 1
05-28 14:56:25.743   664   664 I Zygote  : Process 12672 exited due to signal 9 (Killed)
05-28 14:56:25.758   800   800 I SurfaceFlinger: Remove BufferLayer(0x798eb8d000) com.oringnet.wm/com.oring.SlideActivity@12672#0 (-1 x -1)
05-28 14:56:25.758   800   800 I BufferQueue: [com.oringnet.wm/com.oring.SlideActivity@12672#0](this:0x798ea0a000,id:4958,api:1,p:-1,c:-1) ~BufferQueueCore
05-28 14:56:25.762  1412  1452 I libprocessgroup: Successfully killed process cgroup uid 10306 pid 12672 in 87ms
05-28 14:56:25.862  1412  1443 W ActivityManager: setHasOverlayUi called on unknown pid: 12672
05-28 15:04:24.240  1412  1440 D GnssStatusListenerHelper: onNmeaReceived re-check permissions of listeners size = 3 mLastCheckTime = 680021267235035
