06-23 17:11:46.831 19826 19826 I AI_raw: : 00000000
06-23 17:11:46.905   792   792 I SurfaceFlinger: screenshot (com.oringnet.wm/com.oring.SlideActivity@19826#0)
06-23 17:11:46.915 19826 19826 W UiThreadStatement: Already on the UI thread, this method should not be called from the main application thread
06-23 17:11:46.915 19826 19826 I I/O     : [Req]<Read AI 5 Status> 0104000A000251c9
06-23 17:11:46.915 19826 19826 I I/O     : [Rsp]<Read AI 5 Status> 01040441fa0000cf89
06-23 17:11:46.974 19826 19826 I AI_value:: 31.25
06-23 17:11:46.974 19826 19826 I AI_raw: : 41fa0000
06-23 17:11:47.061 19826 19826 I I/O     : [Rsp]<Read AI Type> 01030c000600060006000600060006285b
06-23 17:11:47.071 19826 19826 W UiThreadStatement: Already on the UI thread, this method should not be called from the main application thread
06-23 17:11:47.071 19826 19826 I I/O     : [Req]<Read RTD 2 mode> 010304000006c4f8
06-23 17:11:47.123   792   792 I SurfaceFlinger: screenshot (com.oringnet.wm/com.oring.SlideActivity@19826#0)
06-23 17:11:47.160 19826 19826 W UiThreadStatement: Already on the UI thread, this method should not be called from the main application thread
06-23 17:11:47.160 19826 19826 I I/O     : [Req]<Read RTD 2 mode> 010303050004544c
06-23 17:11:47.160 19826 19826 I I/O     : [Rsp]<Read RTD 2 mode> 010308000000000000000095d7
06-23 17:11:47.160 19826 19826 I RTD_mode:: 0000000000000000
06-23 17:11:47.161 19826 19826 I parseRTD_mode: SW index 0 = 0
06-23 17:11:47.161 19826 19826 I parseRTD_mode: SW index 2 = 0
06-23 17:11:47.161 19826 19826 I parseRTD_mode: SW index 1 = 0
06-23 17:11:47.161 19826 19826 I parseRTD_mode: SW index 3 = 0
06-23 17:11:47.256 19826 19826 W UiThreadStatement: Already on the UI thread, this method should not be called from the main application thread
06-23 17:11:47.257 19826 19826 I I/O     : [Req]<Read RTD 2 mode> 010303f90001547f
06-23 17:11:47.262 19826 19826 I I/O     : [Rsp]<Read RTD 2 mode> 0103020000b844
06-23 17:11:47.262 19826 19826 I finish  : @@!!
06-23 17:11:47.497   792   792 I SurfaceFlinger: screenshot (com.oringnet.wm/com.oring.SlideActivity@19826#0)
06-23 17:11:49.028 19826 19826 I ViewRootImpl: ViewRoot's Touch Event : ACTION_DOWN
06-23 17:11:49.029   792   792 I SurfaceFlinger: screenshot (com.oringnet.wm/com.oring.SlideActivity@19826#0)
06-23 17:11:49.082   792  2108 I BufferQueueProducer: [com.oringnet.wm/com.oring.SlideActivity@19826#0](this:0x7f65ce6800,id:1945,api:1,p:19826,c:792) queueBuffer: fps=8.91 dur=2469.60 max=1497.78 min=14.92
06-23 17:11:49.229   792   792 I SurfaceFlinger: screenshot (com.oringnet.wm/com.oring.SlideActivity@19826#0)
06-23 17:11:49.614   792   792 I SurfaceFlinger: screenshot (com.oringnet.wm/com.oring.SlideActivity@19826#0)
06-23 17:11:49.830   792   792 I SurfaceFlinger: screenshot (com.oringnet.wm/com.oring.SlideActivity@19826#0)
06-23 17:11:49.937 19826 19826 I ViewRootImpl: ViewRoot's Touch Event : ACTION_UP
06-23 17:11:49.937 19826 19826 I TouchFlickNoti: CHANGE UP TO DOWN vectorVelocity:1117
06-23 17:11:49.945   792   792 I SurfaceFlinger: screenshot (com.oringnet.wm/com.oring.SlideActivity@19826#0)
06-23 17:11:50.061   792   792 I SurfaceFlinger: screenshot (com.oringnet.wm/com.oring.SlideActivity@19826#0)
06-23 17:11:50.097   792  2108 I BufferQueueProducer: [com.oringnet.wm/com.oring.SlideActivity@19826#0](this:0x7f65ce6800,id:1945,api:1,p:19826,c:792) queueBuffer: fps=60.14 dur=1014.22 max=19.62 min=13.51
06-23 17:11:50.161   792   792 I SurfaceFlinger: screenshot (com.oringnet.wm/com.oring.SlideActivity@19826#0)
06-23 17:11:50.194 19826 19826 I ViewRootImpl: ViewRoot's Touch Event : ACTION_DOWN
06-23 17:11:50.278   792   792 I SurfaceFlinger: screenshot (com.oringnet.wm/com.oring.SlideActivity@19826#0)
06-23 17:11:50.711   792   792 I SurfaceFlinger: screenshot (com.oringnet.wm/com.oring.SlideActivity@19826#0)
06-23 17:11:50.812   792   792 I SurfaceFlinger: screenshot (com.oringnet.wm/com.oring.SlideActivity@19826#0)
06-23 17:11:51.028   792   792 I SurfaceFlinger: screenshot (com.oringnet.wm/com.oring.SlideActivity@19826#0)
06-23 17:11:51.097   792  2108 I BufferQueueProducer: [com.oringnet.wm/com.oring.SlideActivity@19826#0](this:0x7f65ce6800,id:1945,api:1,p:19826,c:792) queueBuffer: fps=59.97 dur=1000.47 max=18.78 min=14.96
06-23 17:11:51.101 19826 19826 I ViewRootImpl: ViewRoot's Touch Event : ACTION_UP
06-23 17:11:51.101 19826 19826 I TouchFlickNoti: CHANGE DOWN TO UP vectorVelocity:-1109
06-23 17:11:51.128   792   792 I SurfaceFlinger: screenshot (com.oringnet.wm/com.oring.SlideActivity@19826#0)
06-23 17:11:51.245   792   792 I SurfaceFlinger: screenshot (com.oringnet.wm/com.oring.SlideActivity@19826#0)
06-23 17:11:51.361   792   792 I SurfaceFlinger: screenshot (com.oringnet.wm/com.oring.SlideActivity@19826#0)
06-23 17:11:51.761   792   792 I SurfaceFlinger: screenshot (com.oringnet.wm/com.oring.SlideActivity@19826#0)
06-23 17:11:51.878   792   792 I SurfaceFlinger: screenshot (com.oringnet.wm/com.oring.SlideActivity@19826#0)
06-23 17:11:51.995   792   792 I SurfaceFlinger: screenshot (com.oringnet.wm/com.oring.SlideActivity@19826#0)
06-23 17:11:52.098   792   823 I BufferQueueProducer: [com.oringnet.wm/com.oring.SlideActivity@19826#0](this:0x7f65ce6800,id:1945,api:1,p:19826,c:792) queueBuffer: fps=59.98 dur=1000.39 max=18.32 min=13.95
06-23 17:11:52.111   792   792 I SurfaceFlinger: screenshot (com.oringnet.wm/com.oring.SlideActivity@19826#0)
06-23 17:11:52.678   792   792 I SurfaceFlinger: screenshot (com.oringnet.wm/com.oring.SlideActivity@19826#0)
06-23 17:11:52.779   792   792 I SurfaceFlinger: screenshot (com.oringnet.wm/com.oring.SlideActivity@19826#0)
06-23 17:11:52.895   792   792 I SurfaceFlinger: screenshot (com.oringnet.wm/com.oring.SlideActivity@19826#0)
06-23 17:11:53.012   792   792 I SurfaceFlinger: screenshot (com.oringnet.wm/com.oring.SlideActivity@19826#0)
06-23 17:11:53.112   792   792 I SurfaceFlinger: screenshot (com.oringnet.wm/com.oring.SlideActivity@19826#0)
06-23 17:11:53.114   792   823 I BufferQueueProducer: [com.oringnet.wm/com.oring.SlideActivity@19826#0](this:0x7f65ce6800,id:1945,api:1,p:19826,c:792) queueBuffer: fps=60.01 dur=1016.48 max=17.66 min=14.70
06-23 17:11:53.212   792   792 I SurfaceFlinger: screenshot (com.oringnet.wm/com.oring.SlideActivity@19826#0)
06-23 17:11:53.328   792   792 I SurfaceFlinger: screenshot (com.oringnet.wm/com.oring.SlideActivity@19826#0)
06-23 17:11:53.964   792   792 I SurfaceFlinger: screenshot (com.oringnet.wm/com.oring.SlideActivity@19826#0)
06-23 17:11:54.220   792   792 I SurfaceFlinger: screenshot (com.oringnet.wm/com.oring.SlideActivity@19826#0)
06-23 17:11:56.164   792   792 I SurfaceFlinger: screenshot (com.oringnet.wm/com.oring.SlideActivity@19826#0)
06-23 17:11:56.165 19826 19826 I ViewRootImpl: ViewRoot's Touch Event : ACTION_DOWN
06-23 17:11:56.203   792   824 I BufferQueueProducer: [com.oringnet.wm/com.oring.SlideActivity@19826#0](this:0x7f65ce6800,id:1945,api:1,p:19826,c:792) queueBuffer: fps=9.71 dur=3089.03 max=2187.95 min=12.91
06-23 17:11:56.415   792   792 I SurfaceFlinger: screenshot (com.oringnet.wm/com.oring.SlideActivity@19826#0)
06-23 17:11:56.647   792   792 I SurfaceFlinger: screenshot (com.oringnet.wm/com.oring.SlideActivity@19826#0)
06-23 17:11:56.863   792   792 I SurfaceFlinger: screenshot (com.oringnet.wm/com.oring.SlideActivity@19826#0)
06-23 17:11:56.979   792   792 I SurfaceFlinger: screenshot (com.oringnet.wm/com.oring.SlideActivity@19826#0)
06-23 17:11:57.089 19826 19826 I ViewRootImpl: ViewRoot's Touch Event : ACTION_UP
06-23 17:11:57.089 19826 19826 I TouchFlickNoti: CHANGE UP TO DOWN vectorVelocity:1132
06-23 17:11:57.113   792   792 I SurfaceFlinger: screenshot (com.oringnet.wm/com.oring.SlideActivity@19826#0)
06-23 17:11:57.215   792  2107 I BufferQueueProducer: [com.oringnet.wm/com.oring.SlideActivity@19826#0](this:0x7f65ce6800,id:1945,api:1,p:19826,c:792) queueBuffer: fps=59.30 dur=1011.85 max=38.80 min=12.50
06-23 17:11:57.229   792   792 I SurfaceFlinger: screenshot (com.oringnet.wm/com.oring.SlideActivity@19826#0)
06-23 17:11:57.329   792   792 I SurfaceFlinger: screenshot (com.oringnet.wm/com.oring.SlideActivity@19826#0)
06-23 17:11:57.763   792   792 I SurfaceFlinger: screenshot (com.oringnet.wm/com.oring.SlideActivity@19826#0)
06-23 17:11:57.863   792   792 I SurfaceFlinger: screenshot (com.oringnet.wm/com.oring.SlideActivity@19826#0)
06-23 17:11:58.079   792   792 I SurfaceFlinger: screenshot (com.oringnet.wm/com.oring.SlideActivity@19826#0)
06-23 17:11:58.180   792   792 I SurfaceFlinger: screenshot (com.oringnet.wm/com.oring.SlideActivity@19826#0)
06-23 17:11:58.215   792   824 I BufferQueueProducer: [com.oringnet.wm/com.oring.SlideActivity@19826#0](this:0x7f65ce6800,id:1945,api:1,p:19826,c:792) queueBuffer: fps=59.99 dur=1000.13 max=18.80 min=15.45
06-23 17:11:58.296   792   792 I SurfaceFlinger: screenshot (com.oringnet.wm/com.oring.SlideActivity@19826#0)
06-23 17:11:58.329 19826 19826 W UiThreadStatement: Already on the UI thread, this method should not be called from the main application thread
06-23 17:11:58.329 19826 19826 I I/O     : [Req]<Read DI Status> 01020000000479c9
06-23 17:11:58.329 19826 19826 I I/O     : [Rsp]<Read DI Status> 01020100a188
06-23 17:11:58.413   792   792 I SurfaceFlinger: screenshot (com.oringnet.wm/com.oring.SlideActivity@19826#0)
06-23 17:11:58.418 19826 19826 I I/O     : [Rsp]<Read DO Status> 010101005188
06-23 17:11:58.423 19826 19826 W UiThreadStatement: Already on the UI thread, this method should not be called from the main application thread
06-23 17:11:58.423 19826 19826 I I/O     : [Req]<Read RELAY Status> 0101000000043dc9
06-23 17:11:58.515 19826 19826 W UiThreadStatement: Already on the UI thread, this method should not be called from the main application thread
06-23 17:11:58.515 19826 19826 I I/O     : [Req]<Read RELAY Status> 010100040002fc0a
06-23 17:11:58.516 19826 19826 I I/O     : [Rsp]<Read RELAY Status> 010101005188
06-23 17:11:58.547   792   792 I SurfaceFlinger: screenshot (com.oringnet.wm/com.oring.SlideActivity@19826#0)
06-23 17:11:58.613 19826 19826 W UiThreadStatement: Already on the UI thread, this method should not be called from the main application thread
06-23 17:11:58.613 19826 19826 I I/O     : [Req]<Read DI COUNTER> 010404310004a136
06-23 17:11:58.615 19826 19826 I I/O     : [Rsp]<Read DI COUNTER> 0104080000000000000000240d
06-23 17:11:58.711 19826 19826 I I/O     : [Rsp]<Read AI 0 Status> 010404383fd4bfd858
06-23 17:11:58.718 19826 19826 I AI_value:: 0.0
06-23 17:11:58.718 19826 19826 I AI_raw: : 383fd4bf
06-23 17:11:58.722 19826 19826 W UiThreadStatement: Already on the UI thread, this method should not be called from the main application thread
06-23 17:11:58.722 19826 19826 I I/O     : [Req]<Read AI 1 Status> 01040000000271cb
06-23 17:11:58.763   792   792 I SurfaceFlinger: screenshot (com.oringnet.wm/com.oring.SlideActivity@19826#0)
06-23 17:11:58.808 19826 19826 W UiThreadStatement: Already on the UI thread, this method should not be called from the main application thread
06-23 17:11:58.808 19826 19826 I I/O     : [Req]<Read AI 1 Status> 010400020002d00b
06-23 17:11:58.808 19826 19826 I I/O     : [Rsp]<Read AI 1 Status> 01040400000000fb84
06-23 17:11:58.821 19826 19826 I AI_value:: 0.0
06-23 17:11:58.821 19826 19826 I AI_raw: : 00000000
06-23 17:11:58.863   792   792 I SurfaceFlinger: screenshot (com.oringnet.wm/com.oring.SlideActivity@19826#0)
06-23 17:11:58.912 19826 19826 I I/O     : [Rsp]<Read AI 2 Status> 0104044412f99a8d4a
06-23 17:11:58.938 19826 19826 I AI_value:: 587.9
06-23 17:11:58.939 19826 19826 I AI_raw: : 4412f99a
06-23 17:11:58.944 19826 19826 W UiThreadStatement: Already on the UI thread, this method should not be called from the main application thread
06-23 17:11:58.944 19826 19826 I I/O     : [Req]<Read AI 3 Status> 010400040002300a
06-23 17:11:58.979   792   792 I SurfaceFlinger: screenshot (com.oringnet.wm/com.oring.SlideActivity@19826#0)
06-23 17:11:59.013 19826 19826 W UiThreadStatement: Already on the UI thread, this method should not be called from the main application thread
06-23 17:11:59.013 19826 19826 I I/O     : [Req]<Read AI 3 Status> 01040006000291ca
06-23 17:11:59.013 19826 19826 I I/O     : [Rsp]<Read AI 3 Status> 01040441fa0000cf89
06-23 17:11:59.035 19826 19826 I AI_value:: 31.25
06-23 17:11:59.036 19826 19826 I AI_raw: : 41fa0000
06-23 17:11:59.079   792   792 I SurfaceFlinger: screenshot (com.oringnet.wm/com.oring.SlideActivity@19826#0)
06-23 17:11:59.101 19826 19826 W UiThreadStatement: Already on the UI thread, this method should not be called from the main application thread
06-23 17:11:59.101 19826 19826 I I/O     : [Req]<Read AI 4 Status> 010400080002f009
06-23 17:11:59.101 19826 19826 I I/O     : [Rsp]<Read AI 4 Status> 01040400000000fb84
06-23 17:11:59.125 19826 19826 I AI_value:: 0.0
06-23 17:11:59.125 19826 19826 I AI_raw: : 00000000
06-23 17:11:59.198 19826 19826 W UiThreadStatement: Already on the UI thread, this method should not be called from the main application thread
06-23 17:11:59.198 19826 19826 I I/O     : [Req]<Read AI 5 Status> 0104000A000251c9
06-23 17:11:59.198 19826 19826 I I/O     : [Rsp]<Read AI 5 Status> 01040441fa0000cf89
06-23 17:11:59.221 19826 19826 I AI_value:: 31.25
06-23 17:11:59.222 19826 19826 I AI_raw: : 41fa0000
06-23 17:11:59.236   792  2107 I BufferQueueProducer: [com.oringnet.wm/com.oring.SlideActivity@19826#0](this:0x7f65ce6800,id:1945,api:1,p:19826,c:792) queueBuffer: fps=33.31 dur=1020.64 max=107.27 min=4.02
06-23 17:11:59.295 19826 19826 W UiThreadStatement: Already on the UI thread, this method should not be called from the main application thread
06-23 17:11:59.295 19826 19826 I I/O     : [Req]<Read AI Type> 010304000006c4f8
06-23 17:11:59.296 19826 19826 I I/O     : [Rsp]<Read AI Type> 01030c000600060006000600060006285b
06-23 17:11:59.331   792   792 I SurfaceFlinger: screenshot (com.oringnet.wm/com.oring.SlideActivity@19826#0)
06-23 17:11:59.393 19826 19826 W UiThreadStatement: Already on the UI thread, this method should not be called from the main application thread
06-23 17:11:59.393 19826 19826 I I/O     : [Req]<Read RTD 2 mode> 010303050004544c
06-23 17:11:59.395 19826 19826 I I/O     : [Rsp]<Read RTD 2 mode> 010308000000000000000095d7
06-23 17:11:59.395 19826 19826 I RTD_mode:: 0000000000000000
06-23 17:11:59.395 19826 19826 I parseRTD_mode: SW index 0 = 0
06-23 17:11:59.395 19826 19826 I parseRTD_mode: SW index 2 = 0
06-23 17:11:59.395 19826 19826 I parseRTD_mode: SW index 1 = 0
06-23 17:11:59.395 19826 19826 I parseRTD_mode: SW index 3 = 0
06-23 17:11:59.492 19826 19826 I I/O     : [Rsp]<Read RTD 2 mode> 0103020000b844
06-23 17:11:59.492 19826 19826 I finish  : @@!!
06-23 17:11:59.492 19826 19826 W UiThreadStatement: Already on the UI thread, this method should not be called from the main application thread
06-23 17:11:59.492 19826 19826 I I/O     : [Req]<Read RTD 2 mode> 010303f90001547f
06-23 17:11:59.898 19826 19826 I ViewRootImpl: ViewRoot's Touch Event : ACTION_DOWN
06-23 17:11:59.981   792   792 I SurfaceFlinger: screenshot (com.oringnet.wm/com.oring.SlideActivity@19826#0)
06-23 17:12:00.097   792   792 I SurfaceFlinger: screenshot (com.oringnet.wm/com.oring.SlideActivity@19826#0)
06-23 17:12:00.237   792   824 I BufferQueueProducer: [com.oringnet.wm/com.oring.SlideActivity@19826#0](this:0x7f65ce6800,id:1945,api:1,p:19826,c:792) queueBuffer: fps=18.97 dur=1001.47 max=633.62 min=12.86
06-23 17:12:00.349   792   792 I SurfaceFlinger: screenshot (com.oringnet.wm/com.oring.SlideActivity@19826#0)
06-23 17:12:00.600   792   792 I SurfaceFlinger: screenshot (com.oringnet.wm/com.oring.SlideActivity@19826#0)
06-23 17:12:00.825 19826 19826 I ViewRootImpl: ViewRoot's Touch Event : ACTION_UP
06-23 17:12:00.825 19826 19826 I TouchFlickNoti: CHANGE UP TO DOWN vectorVelocity:1055
06-23 17:12:00.848   792   792 I SurfaceFlinger: screenshot (com.oringnet.wm/com.oring.SlideActivity@19826#0)
06-23 17:12:00.963   792   792 I SurfaceFlinger: screenshot (com.oringnet.wm/com.oring.SlideActivity@19826#0)
06-23 17:12:01.064   792   792 I SurfaceFlinger: screenshot (com.oringnet.wm/com.oring.SlideActivity@19826#0)
06-23 17:12:01.180   792   792 I SurfaceFlinger: screenshot (com.oringnet.wm/com.oring.SlideActivity@19826#0)
06-23 17:12:01.249   792  2107 I BufferQueueProducer: [com.oringnet.wm/com.oring.SlideActivity@19826#0](this:0x7f65ce6800,id:1945,api:1,p:19826,c:792) queueBuffer: fps=60.29 dur=1011.75 max=19.29 min=9.54
06-23 17:12:01.297   792   792 I SurfaceFlinger: screenshot (com.oringnet.wm/com.oring.SlideActivity@19826#0)
06-23 17:12:01.497   792   792 I SurfaceFlinger: screenshot (com.oringnet.wm/com.oring.SlideActivity@19826#0)
06-23 17:12:01.546 19826 19826 I ViewRootImpl: ViewRoot's Touch Event : ACTION_DOWN
06-23 17:12:01.614   792   792 I SurfaceFlinger: screenshot (com.oringnet.wm/com.oring.SlideActivity@19826#0)
06-23 17:12:01.714   792   792 I SurfaceFlinger: screenshot (com.oringnet.wm/com.oring.SlideActivity@19826#0)
06-23 17:12:01.814   792   792 I SurfaceFlinger: screenshot (com.oringnet.wm/com.oring.SlideActivity@19826#0)
06-23 17:12:02.247   792   792 I SurfaceFlinger: screenshot (com.oringnet.wm/com.oring.SlideActivity@19826#0)
06-23 17:12:02.249   792  2107 I BufferQueueProducer: [com.oringnet.wm/com.oring.SlideActivity@19826#0](this:0x7f65ce6800,id:1945,api:1,p:19826,c:792) queueBuffer: fps=55.00 dur=1000.06 max=100.99 min=15.25
06-23 17:12:02.364   792   792 I SurfaceFlinger: screenshot (com.oringnet.wm/com.oring.SlideActivity@19826#0)
06-23 17:12:02.453 19826 19826 I ViewRootImpl: ViewRoot's Touch Event : ACTION_UP
06-23 17:12:02.453 19826 19826 I TouchFlickNoti: CHANGE UP TO DOWN vectorVelocity:1117
06-23 17:12:02.464   792   792 I SurfaceFlinger: screenshot (com.oringnet.wm/com.oring.SlideActivity@19826#0)
06-23 17:12:02.580   792   792 I SurfaceFlinger: screenshot (com.oringnet.wm/com.oring.SlideActivity@19826#0)
06-23 17:12:02.681   792   792 I SurfaceFlinger: screenshot (com.oringnet.wm/com.oring.SlideActivity@19826#0)
06-23 17:12:02.697 19826 19826 I ViewRootImpl: ViewRoot's Touch Event : ACTION_DOWN
06-23 17:12:02.781   792   792 I SurfaceFlinger: screenshot (com.oringnet.wm/com.oring.SlideActivity@19826#0)
06-23 17:12:02.881   792   792 I SurfaceFlinger: screenshot (com.oringnet.wm/com.oring.SlideActivity@19826#0)
06-23 17:12:02.997   792   792 I SurfaceFlinger: screenshot (com.oringnet.wm/com.oring.SlideActivity@19826#0)
06-23 17:12:03.114   792   792 I SurfaceFlinger: screenshot (com.oringnet.wm/com.oring.SlideActivity@19826#0)
06-23 17:12:03.214   792   792 I SurfaceFlinger: screenshot (com.oringnet.wm/com.oring.SlideActivity@19826#0)
06-23 17:12:03.249   792   823 I BufferQueueProducer: [com.oringnet.wm/com.oring.SlideActivity@19826#0](this:0x7f65ce6800,id:1945,api:1,p:19826,c:792) queueBuffer: fps=59.97 dur=1000.48 max=21.44 min=11.95
06-23 17:12:03.331   792   792 I SurfaceFlinger: screenshot (com.oringnet.wm/com.oring.SlideActivity@19826#0)
06-23 17:12:03.547   792   792 I SurfaceFlinger: screenshot (com.oringnet.wm/com.oring.SlideActivity@19826#0)
06-23 17:12:03.603 19826 19826 I ViewRootImpl: ViewRoot's Touch Event : ACTION_UP
06-23 17:12:03.603 19826 19826 I TouchFlickNoti: CHANGE DOWN TO UP vectorVelocity:-1119
06-23 17:12:03.664   792   792 I SurfaceFlinger: screenshot (com.oringnet.wm/com.oring.SlideActivity@19826#0)
06-23 17:12:03.764   792   792 I SurfaceFlinger: screenshot (com.oringnet.wm/com.oring.SlideActivity@19826#0)
06-23 17:12:03.864   792   792 I SurfaceFlinger: screenshot (com.oringnet.wm/com.oring.SlideActivity@19826#0)
06-23 17:12:03.981   792   792 I SurfaceFlinger: screenshot (com.oringnet.wm/com.oring.SlideActivity@19826#0)
06-23 17:12:04.181   792   792 I SurfaceFlinger: screenshot (com.oringnet.wm/com.oring.SlideActivity@19826#0)
06-23 17:12:04.250   792  2108 I BufferQueueProducer: [com.oringnet.wm/com.oring.SlideActivity@19826#0](this:0x7f65ce6800,id:1945,api:1,p:19826,c:792) queueBuffer: fps=59.97 dur=1000.57 max=18.29 min=13.48
06-23 17:12:04.297   792   792 I SurfaceFlinger: screenshot (com.oringnet.wm/com.oring.SlideActivity@19826#0)
06-23 17:12:04.731   792   792 I SurfaceFlinger: screenshot (com.oringnet.wm/com.oring.SlideActivity@19826#0)
06-23 17:12:04.831   792   792 I SurfaceFlinger: screenshot (com.oringnet.wm/com.oring.SlideActivity@19826#0)
06-23 17:12:04.948   792   792 I SurfaceFlinger: screenshot (com.oringnet.wm/com.oring.SlideActivity@19826#0)
06-23 17:12:05.148   792   792 I SurfaceFlinger: screenshot (com.oringnet.wm/com.oring.SlideActivity@19826#0)
06-23 17:12:05.264   792   792 I SurfaceFlinger: screenshot (com.oringnet.wm/com.oring.SlideActivity@19826#0)
06-23 17:12:05.266   792  2108 I BufferQueueProducer: [com.oringnet.wm/com.oring.SlideActivity@19826#0](this:0x7f65ce6800,id:1945,api:1,p:19826,c:792) queueBuffer: fps=60.01 dur=1016.49 max=18.43 min=14.71
06-23 17:12:05.381   792   792 I SurfaceFlinger: screenshot (com.oringnet.wm/com.oring.SlideActivity@19826#0)
06-23 17:12:05.698   792   792 I SurfaceFlinger: screenshot (com.oringnet.wm/com.oring.SlideActivity@19826#0)
06-23 17:12:05.798   792   792 I SurfaceFlinger: screenshot (com.oringnet.wm/com.oring.SlideActivity@19826#0)
06-23 17:12:06.275   792   823 I BufferQueueProducer: [com.oringnet.wm/com.oring.SlideActivity@19826#0](this:0x7f65ce6800,id:1945,api:1,p:19826,c:792) queueBuffer: fps=36.69 dur=1008.38 max=401.67 min=15.18
06-23 17:12:06.451   792   792 I SurfaceFlinger: screenshot (com.oringnet.wm/com.oring.SlideActivity@19826#0)
06-23 17:12:08.249 19826 19826 I ViewRootImpl: ViewRoot's Touch Event : ACTION_DOWN
06-23 17:12:08.251   792   792 I SurfaceFlinger: screenshot (com.oringnet.wm/com.oring.SlideActivity@19826#0)
06-23 17:12:08.254 19826 19826 I ViewRootImpl: ViewRoot's Touch Event : ACTION_UP
06-23 17:12:08.255 19826 19826 I PortN:  : 項目 0/名稱 R0
06-23 17:12:08.255 19826 19826 I Lang:   : zh
06-23 17:12:08.255 19826 19826 I YYTT:   : @@
06-23 17:12:08.350 19826 19826 D BluetoothGatt: setCharacteristicNotification() - uuid: 6e400003-b5a3-f393-e0a9-e50e24dcca9e enable: true
06-23 17:12:08.454   792   823 I BufferQueueProducer: [com.oringnet.wm/com.oring.SlideActivity@19826#0](this:0x7f65ce6800,id:1945,api:1,p:19826,c:792) queueBuffer: fps=7.34 dur=2178.82 max=1933.43 min=10.98
06-23 17:12:08.458 19826 19826 I @Select : Pt100, -200 to 850°C
06-23 17:12:08.480 19826 19826 I refresh_step_R: 1
06-23 17:12:08.515   792   792 I SurfaceFlinger: screenshot (com.oringnet.wm/com.oring.SlideActivity@19826#0)
06-23 17:12:08.559 19826 19826 W UiThreadStatement: Already on the UI thread, this method should not be called from the main application thread
06-23 17:12:08.559 19826 19826 I RTDPage : [Req]<READ CHANNEL ENABLE> 01030410000184ff
06-23 17:12:08.559 19826 19826 I RTDPage : [Rsp]<READ CHANNEL ENABLE> 01030200017984
06-23 17:12:08.560 19826 19826 I refresh_step: 1
06-23 17:12:08.562 19826 19826 I refresh_step_R: 2
06-23 17:12:08.566   792   792 I SurfaceFlinger: screenshot (com.oringnet.wm/com.oring.SlideActivity@19826#0)
06-23 17:12:08.616   792   792 I SurfaceFlinger: screenshot (com.oringnet.wm/com.oring.SlideActivity@19826#0)
06-23 17:12:08.665 19826 19826 W UiThreadStatement: Already on the UI thread, this method should not be called from the main application thread
06-23 17:12:08.665 19826 19826 I RTDPage : [Req]<READ SAMPLING> 01030413000174ff
06-23 17:12:08.666 19826 19826 I RTDPage : [Rsp]<READ SAMPLING> 0103020000b844
06-23 17:12:08.666 19826 19826 I refresh_step: 2
06-23 17:12:08.666 19826 19826 I refresh_step_R: 3
06-23 17:12:08.716   792   792 I SurfaceFlinger: screenshot (com.oringnet.wm/com.oring.SlideActivity@19826#0)
06-23 17:12:08.766 19826 19826 W UiThreadStatement: Already on the UI thread, this method should not be called from the main application thread
06-23 17:12:08.766 19826 19826 I RTDPage : [Req]<READ INPUT TYPE> 01030402000124fa
06-23 17:12:08.766 19826 19826 I RTDPage : [Rsp]<READ INPUT TYPE> 01030200063846
06-23 17:12:08.766 19826 19826 I refresh_step: 3
06-23 17:12:08.766 19826 19826 I refresh_step_R: 4
06-23 17:12:08.832   792   792 I SurfaceFlinger: screenshot (com.oringnet.wm/com.oring.SlideActivity@19826#0)
06-23 17:12:08.850 19826 19826 W UiThreadStatement: Already on the UI thread, this method should not be called from the main application thread
06-23 17:12:08.850 19826 19826 I RTDPage : [Req]<READ REPORTING> 01030242000125a6
06-23 17:12:08.851 19826 19826 I RTDPage : [Rsp]<READ REPORTING> 0103020000b844
06-23 17:12:08.851 19826 19826 I refresh_step: 4
06-23 17:12:08.852 19826 19826 I refresh_step_R: 5
06-23 17:12:08.948 19826 19826 W UiThreadStatement: Already on the UI thread, this method should not be called from the main application thread
06-23 17:12:08.948 19826 19826 I RTDPage : [Req]<READ HIGH ALARM ENABLE> 0103046300017524
06-23 17:12:08.949 19826 19826 I RTDPage : [Rsp]<READ HIGH ALARM ENABLE> 0103020000b844
06-23 17:12:08.949 19826 19826 I refresh_step: 5
06-23 17:12:08.951 19826 19826 I refresh_step_R: 6
06-23 17:12:09.047 19826 19826 I RTDPage : [Rsp]<READ HIGH ALARM> 0103020000b844
06-23 17:12:09.048 19826 19826 I refresh_step: 6
06-23 17:12:09.050 19826 19826 I refresh_step_R: 7
06-23 17:12:09.060 19826 19826 W UiThreadStatement: Already on the UI thread, this method should not be called from the main application thread
06-23 17:12:09.060 19826 19826 I RTDPage : [Req]<READ LOW ALARM ENABLE> 0103046600016525
06-23 17:12:09.083   792   792 I SurfaceFlinger: screenshot (com.oringnet.wm/com.oring.SlideActivity@19826#0)
06-23 17:12:09.144 19826 19826 W UiThreadStatement: Already on the UI thread, this method should not be called from the main application thread
06-23 17:12:09.145 19826 19826 I RTDPage : [Req]<READ LOW ALARM ENABLE> 01030485000194d3
06-23 17:12:09.150 19826 19826 I RTDPage : [Rsp]<READ LOW ALARM ENABLE> 0103020000b844
06-23 17:12:09.151 19826 19826 I refresh_step: 7
06-23 17:12:09.152 19826 19826 I refresh_step_R: 8
06-23 17:12:09.183   792   792 I SurfaceFlinger: screenshot (com.oringnet.wm/com.oring.SlideActivity@19826#0)
06-23 17:12:09.242 19826 19826 W UiThreadStatement: Already on the UI thread, this method should not be called from the main application thread
06-23 17:12:09.242 19826 19826 I RTDPage : [Req]<READ LOW ALARM> 0103048800010510
06-23 17:12:09.245 19826 19826 I RTDPage : [Rsp]<READ LOW ALARM> 0103020000b844
06-23 17:12:09.246 19826 19826 I refresh_step: 8
06-23 17:12:09.248 19826 19826 I refresh_step@: 8
06-23 17:12:09.802 19826 19826 I ViewRootImpl: ViewRoot's Touch Event : ACTION_DOWN
06-23 17:12:09.817 19826 19826 I ViewRootImpl: ViewRoot's Touch Event : ACTION_UP
06-23 17:12:09.849   792  2108 I BufferQueueProducer: [com.oringnet.wm/com.oring.SlideActivity@19826#0](this:0x7f65ce6800,id:1945,api:1,p:19826,c:792) queueBuffer: fps=20.07 dur=1395.17 max=590.80 min=5.44
06-23 17:12:09.914 19826 19826 I @Select : Ni120, -80 to 260°C
06-23 17:12:09.917   792   792 I SurfaceFlinger: screenshot (com.oringnet.wm/com.oring.SlideActivity@19826#0)
06-23 17:12:10.033   792   792 I SurfaceFlinger: screenshot (com.oringnet.wm/com.oring.SlideActivity@19826#0)
06-23 17:12:10.123   792   792 I SurfaceFlinger: screenshot (com.oringnet.wm/com.oring.SlideActivity@19826#0)
06-23 17:12:10.149   792   792 I SurfaceFlinger: screenshot (com.oringnet.wm/com.oring.SlideActivity@19826#0)
06-23 17:12:10.250   792   792 I SurfaceFlinger: screenshot (com.oringnet.wm/com.oring.SlideActivity@19826#0)
06-23 17:12:10.734   792   792 I SurfaceFlinger: screenshot (com.oringnet.wm/com.oring.SlideActivity@19826#0)
06-23 17:12:11.959   792  2107 I BufferQueueProducer: [com.oringnet.wm/com.oring.SlideActivity@19826#0](this:0x7f65ce6800,id:1945,api:1,p:19826,c:792) queueBuffer: fps=11.85 dur=2110.54 max=1236.01 min=13.93
06-23 17:12:13.718 19826 19826 I ViewRootImpl: ViewRoot's Touch Event : ACTION_DOWN
06-23 17:12:13.732 19826 19826 I ViewRootImpl: ViewRoot's Touch Event : ACTION_UP
06-23 17:12:13.764   792   824 I BufferQueueProducer: [com.oringnet.wm/com.oring.SlideActivity@19826#0](this:0x7f65ce6800,id:1945,api:1,p:19826,c:792) queueBuffer: fps=1.11 dur=1804.49 max=1279.43 min=525.06
06-23 17:12:13.818   792   792 I SurfaceFlinger: screenshot (com.oringnet.wm/com.oring.SlideActivity@19826#0)
06-23 17:12:13.934   792   792 I SurfaceFlinger: screenshot (com.oringnet.wm/com.oring.SlideActivity@19826#0)
06-23 17:12:14.050   792   792 I SurfaceFlinger: screenshot (com.oringnet.wm/com.oring.SlideActivity@19826#0)
06-23 17:12:14.538 19826 19826 I ViewRootImpl: ViewRoot's Touch Event : ACTION_DOWN
06-23 17:12:14.554 19826 19826 I ViewRootImpl: ViewRoot's Touch Event : ACTION_UP
06-23 17:12:14.618   792   792 I SurfaceFlinger: screenshot (com.oringnet.wm/com.oring.SlideActivity@19826#0)
06-23 17:12:14.776   792  2108 I BufferQueueProducer: [com.oringnet.wm/com.oring.SlideActivity@19826#0](this:0x7f65ce6800,id:1945,api:1,p:19826,c:792) queueBuffer: fps=35.59 dur=1011.65 max=435.13 min=9.41
06-23 17:12:14.868   792   792 I SurfaceFlinger: screenshot (com.oringnet.wm/com.oring.SlideActivity@19826#0)
06-23 17:12:15.337 19826 19826 I ViewRootImpl: ViewRoot's Touch Event : ACTION_DOWN
06-23 17:12:15.384   792   792 I SurfaceFlinger: screenshot (com.oringnet.wm/com.oring.SlideActivity@19826#0)
06-23 17:12:15.636   792   792 I SurfaceFlinger: screenshot (com.oringnet.wm/com.oring.SlideActivity@19826#0)
06-23 17:12:15.796   792   824 I BufferQueueProducer: [com.oringnet.wm/com.oring.SlideActivity@19826#0](this:0x7f65ce6800,id:1945,api:1,p:19826,c:792) queueBuffer: fps=36.25 dur=1020.78 max=419.11 min=11.46
06-23 17:12:15.884   792   792 I SurfaceFlinger: screenshot (com.oringnet.wm/com.oring.SlideActivity@19826#0)
06-23 17:12:16.001   792   792 I SurfaceFlinger: screenshot (com.oringnet.wm/com.oring.SlideActivity@19826#0)
06-23 17:12:16.168   792   792 I SurfaceFlinger: screenshot (com.oringnet.wm/com.oring.SlideActivity@19826#0)
06-23 17:12:16.260 19826 19826 I ViewRootImpl: ViewRoot's Touch Event : ACTION_UP
06-23 17:12:16.260 19826 19826 I TouchFlickNoti: CHANGE UP TO DOWN vectorVelocity:1117
06-23 17:12:16.284   792   792 I SurfaceFlinger: screenshot (com.oringnet.wm/com.oring.SlideActivity@19826#0)
06-23 17:12:16.400   792   792 I SurfaceFlinger: screenshot (com.oringnet.wm/com.oring.SlideActivity@19826#0)
06-23 17:12:16.499 19826 19826 I ViewRootImpl: ViewRoot's Touch Event : ACTION_DOWN
06-23 17:12:16.501   792   792 I SurfaceFlinger: screenshot (com.oringnet.wm/com.oring.SlideActivity@19826#0)
06-23 17:12:16.717   792   792 I SurfaceFlinger: screenshot (com.oringnet.wm/com.oring.SlideActivity@19826#0)
06-23 17:12:16.805   792   824 I BufferQueueProducer: [com.oringnet.wm/com.oring.SlideActivity@19826#0](this:0x7f65ce6800,id:1945,api:1,p:19826,c:792) queueBuffer: fps=60.45 dur=1009.05 max=20.01 min=11.99
06-23 17:12:16.817   792   792 I SurfaceFlinger: screenshot (com.oringnet.wm/com.oring.SlideActivity@19826#0)
06-23 17:12:17.134   792   792 I SurfaceFlinger: screenshot (com.oringnet.wm/com.oring.SlideActivity@19826#0)
06-23 17:12:17.233   792   792 I SurfaceFlinger: screenshot (com.oringnet.wm/com.oring.SlideActivity@19826#0)
06-23 17:12:17.350   792   792 I SurfaceFlinger: screenshot (com.oringnet.wm/com.oring.SlideActivity@19826#0)
06-23 17:12:17.406 19826 19826 I ViewRootImpl: ViewRoot's Touch Event : ACTION_UP
06-23 17:12:17.406 19826 19826 I TouchFlickNoti: CHANGE DOWN TO UP vectorVelocity:-1117
06-23 17:12:17.467   792   792 I SurfaceFlinger: screenshot (com.oringnet.wm/com.oring.SlideActivity@19826#0)
06-23 17:12:17.567   792   792 I SurfaceFlinger: screenshot (com.oringnet.wm/com.oring.SlideActivity@19826#0)
06-23 17:12:17.667   792   792 I SurfaceFlinger: screenshot (com.oringnet.wm/com.oring.SlideActivity@19826#0)
06-23 17:12:17.785   792   792 I SurfaceFlinger: screenshot (com.oringnet.wm/com.oring.SlideActivity@19826#0)
06-23 17:12:17.822   792   824 I BufferQueueProducer: [com.oringnet.wm/com.oring.SlideActivity@19826#0](this:0x7f65ce6800,id:1945,api:1,p:19826,c:792) queueBuffer: fps=60.01 dur=1016.49 max=20.33 min=13.93
06-23 17:12:17.901   792   792 I SurfaceFlinger: screenshot (com.oringnet.wm/com.oring.SlideActivity@19826#0)
06-23 17:12:17.943   792   792 I SurfaceFlinger: screenshot (com.oringnet.wm/com.oring.SlideActivity@19826#0)
06-23 17:12:18.017   792   792 I SurfaceFlinger: screenshot (com.oringnet.wm/com.oring.SlideActivity@19826#0)
06-23 17:12:20.354 19826 19826 I ViewRootImpl: ViewRoot's Touch Event : ACTION_DOWN
06-23 17:12:20.364 19826 19826 I ViewRootImpl: ViewRoot's Touch Event : ACTION_UP
06-23 17:12:20.381 19826 19826 D PhoneWindow: windowLightStatusBar : false, disable View.SYSTEM_UI_FLAG_LIGHT_STATUS_BAR
06-23 17:12:20.410 19826 19826 I TouchFilterInputStageHelper: [needTouchEventFilter] Displayid : 0
06-23 17:12:20.418 19826 19826 D BezellessGripSuppressionFilter: getdisplaysize, x : 720 y : 1600
06-23 17:12:20.450   792  2107 I BufferQueueConsumer: [com.oringnet.wm/com.oring.SlideActivity@19826#1](this:0x7f591ee000,id:1946,api:0,p:-1,c:792) setConsumerName: com.oringnet.wm/com.oring.SlideActivity@19826#1
06-23 17:12:20.450   792  2107 I BufferQueueConsumer: [com.oringnet.wm/com.oring.SlideActivity@19826#1](this:0x7f591ee000,id:1946,api:0,p:-1,c:792) setDefaultBufferSize: width=126 height=126
06-23 17:12:20.450   792  2107 I SurfaceFlinger: Create BufferLayer(0x7f591e3000) com.oringnet.wm/com.oring.SlideActivity@19826#1 (126 x 126)
06-23 17:12:20.456 19826 19850 D Surface : Surface::connect(this=0x710b3dd000,api=1)
06-23 17:12:20.458   792   824 I BufferQueueProducer: [com.oringnet.wm/com.oring.SlideActivity@19826#1](this:0x7f591ee000,id:1946,api:1,p:19826,c:792) connect(P): api=1 producer=(19826:com.oringnet.wm) producerControlledByApp=false
06-23 17:12:20.459 19826 19850 D Surface : Surface::setBufferCount(this=0x710b3dd000,bufferCount=3)
06-23 17:12:20.459 19826 19850 D Surface : Surface::allocateBuffers(this=0x710b3dd000)
06-23 17:12:20.518   792   792 I MiniDump: 0x7f576da000 |     DEVICE |          0 | 1.000 |    0    0  720 1600 |   0.0   0.0 720.0 1600.0 | com.oringnet.wm/com.oring.SlideActivity@19826#0
06-23 17:12:20.518   792   792 I MiniDump: 0x7f591e3000 |     DEVICE |          0 | 0.303 |  301  760  419  878 |   0.0   0.0 126.0 126.0 | com.oringnet.wm/com.oring.SlideActivity@19826#1
06-23 17:12:20.525   792   792 I SurfaceFlinger: screenshot (com.oringnet.wm/com.oring.SlideActivity@19826#0)
06-23 17:12:20.525 19826 19826 W UiThreadStatement: Already on the UI thread, this method should not be called from the main application thread
06-23 17:12:20.525 19826 19826 I RTDPage : [Req]<WRITE CHANNEL ENABLE> 0110041000010200052103
06-23 17:12:20.525 19826 19826 I RTDPage : [Rsp]<WRITE CHANNEL ENABLE> 011004100001013c
06-23 17:12:20.531   792  2107 I BufferQueueProducer: [com.oringnet.wm/com.oring.SlideActivity@19826#0](this:0x7f65ce6800,id:1945,api:1,p:19826,c:792) queueBuffer: fps=5.91 dur=2708.70 max=2460.99 min=14.48
06-23 17:12:20.536   792   792 I MiniDump: 0x7f576da000 |     DEVICE |          0 | 1.000 |    0    0  720 1600 |   0.0   0.0 720.0 1600.0 | com.oringnet.wm/com.oring.SlideActivity@19826#0
06-23 17:12:20.536   792   792 I MiniDump: 0x7f591e3000 |     DEVICE |          0 | 0.538 |  300  759  420  879 |   0.0   0.0 126.0 126.0 | com.oringnet.wm/com.oring.SlideActivity@19826#1
06-23 17:12:20.600 19826 19826 I RTDPage : [Rsp]<WRITE SAMPLING> 011004130001f13c
06-23 17:12:20.605 19826 19826 W UiThreadStatement: Already on the UI thread, this method should not be called from the main application thread
06-23 17:12:20.606 19826 19826 I RTDPage : [Req]<WRITE INPUT TYPE> 011004130001020000e133
06-23 17:12:20.692   792   792 I SurfaceFlinger: screenshot (com.oringnet.wm/com.oring.SlideActivity@19826#0)
06-23 17:12:20.703 19826 19826 I RTDPage : [Rsp]<WRITE INPUT TYPE> 011004020001a139
06-23 17:12:20.713 19826 19826 W UiThreadStatement: Already on the UI thread, this method should not be called from the main application thread
06-23 17:12:20.713 19826 19826 I RTDPage : [Req]<WRITE REPORTING> 0110040200010202066310
06-23 17:12:20.795 19826 19826 W UiThreadStatement: Already on the UI thread, this method should not be called from the main application thread
06-23 17:12:20.795 19826 19826 I RTDPage : [Req]<WRITE REPORTING> 0110024200010200008ab2
06-23 17:12:20.795 19826 19826 I RTDPage : [Rsp]<WRITE REPORTING> 011002420001a065
06-23 17:12:20.892 19826 19826 W UiThreadStatement: Already on the UI thread, this method should not be called from the main application thread
06-23 17:12:20.892 19826 19826 I RTDPage : [Req]<WRITE HIGH ALARM ENABLE> 011004630001020004ebc0
06-23 17:12:20.892 19826 19826 I RTDPage : [Rsp]<WRITE HIGH ALARM ENABLE> 011004630001f0e7
06-23 17:12:20.989 19826 19826 W UiThreadStatement: Already on the UI thread, this method should not be called from the main application thread
06-23 17:12:20.989 19826 19826 I RTDPage : [Req]<WRITE HIGH ALARM> 011004660001020000ea56
06-23 17:12:20.990 19826 19826 I RTDPage : [Rsp]<WRITE HIGH ALARM> 011004660001e0e6
06-23 17:12:21.087 19826 19826 I RTDPage : [Rsp]<WRITE LOW ALARM ENABLE> 0110048500011110
                                                                                                                                                                                                                                                                                                                                                                                                                                                                                                                                                                                                                                                                                                                                                                                                                                                                                                                                                                                                                                                                                                                                                                                                                                                                                                                                                                                                                                                                                                                                                                                                                                                                                                                                                                                                                                                                                                                                                                        06-23 17:35:28.829  1379  1399 D GnssStatusListenerHelper: onNmeaReceived re-check permissions of listeners size = 3 mLastCheckTime = 87781530395362
