05-21 16:22:43.863   800   800 I SurfaceFlinger: screenshot (com.oringnet.wm/com.oring.SlideActivity@504#0)
05-21 16:22:43.950   800   800 I SurfaceFlinger: screenshot (com.oringnet.wm/com.oring.SlideActivity@504#0)
05-21 16:22:44.066   800   800 I SurfaceFlinger: screenshot (com.oringnet.wm/com.oring.SlideActivity@504#0)
05-21 16:22:44.183   800   800 I SurfaceFlinger: screenshot (com.oringnet.wm/com.oring.SlideActivity@504#0)
05-21 16:22:44.435   800   800 I SurfaceFlinger: screenshot (com.oringnet.wm/com.oring.SlideActivity@504#0)
05-21 16:22:44.459   800  2411 I BufferQueueProducer: [com.oringnet.wm/com.oring.SlideActivity@504#0](this:0x7982146800,id:1509,api:1,p:504,c:800) queueBuffer: fps=3.34 dur=2397.82 max=1512.02 min=7.93
05-21 16:22:44.550   800   800 I SurfaceFlinger: screenshot (com.oringnet.wm/com.oring.SlideActivity@504#0)
05-21 16:22:44.667   800   800 I SurfaceFlinger: screenshot (com.oringnet.wm/com.oring.SlideActivity@504#0)
05-21 16:22:45.284   504   504 I ViewRootImpl: ViewRoot's Touch Event : ACTION_DOWN
05-21 16:22:45.297   504   504 I ViewRootImpl: ViewRoot's Touch Event : ACTION_UP
05-21 16:22:45.317   800   800 I SurfaceFlinger: screenshot (com.oringnet.wm/com.oring.SlideActivity@504#0)
05-21 16:22:45.468   800   800 I SurfaceFlinger: screenshot (com.oringnet.wm/com.oring.SlideActivity@504#0)
05-21 16:22:45.472   800  4119 I BufferQueueProducer: [com.oringnet.wm/com.oring.SlideActivity@504#0](this:0x7982146800,id:1509,api:1,p:504,c:800) queueBuffer: fps=22.70 dur=1013.13 max=640.62 min=8.56
05-21 16:22:45.628   800   800 I SurfaceFlinger: screenshot (com.oringnet.wm/com.oring.SlideActivity@504#0)
05-21 16:22:46.574   800   851 I BufferQueueProducer: [com.oringnet.wm/com.oring.SlideActivity@504#0](this:0x7982146800,id:1509,api:1,p:504,c:800) queueBuffer: fps=4.54 dur=1101.53 max=543.72 min=13.23
05-21 16:22:47.711   800   851 I BufferQueueProducer: [com.oringnet.wm/com.oring.SlideActivity@504#0](this:0x7982146800,id:1509,api:1,p:504,c:800) queueBuffer: fps=1.76 dur=1137.63 max=616.72 min=520.90
05-21 16:22:48.243   355   480 I appium  : AppiumResponse: {"sessionId":"8342e195-704a-4d64-bb0e-9eb9048a8768","value":{"ELEMENT":"f5042b89-755d-47b8-be09-61d9d8667f47","element-6066-11e4-a52e-4f735466cecf":"f5042b89-755d-47b8-be09-61d9d8667f47"}}
05-21 16:22:48.268   355   480 I appium  : channel read: POST /wd/hub/session/8342e195-704a-4d64-bb0e-9eb9048a8768/element/f5042b89-755d-47b8-be09-61d9d8667f47/value
05-21 16:22:48.867   800   851 I BufferQueueProducer: [com.oringnet.wm/com.oring.SlideActivity@504#0](this:0x7982146800,id:1509,api:1,p:504,c:800) queueBuffer: fps=1.73 dur=1156.20 max=621.88 min=534.31
05-21 16:22:49.493   504   504 I ViewRootImpl: ViewRoot's Touch Event : ACTION_DOWN
05-21 16:22:49.519   504   504 I ViewRootImpl: ViewRoot's Touch Event : ACTION_UP
05-21 16:22:49.529   504   504 I TTTIII  : @@
05-21 16:22:49.529   504   504 I TTTIII  : 123456
05-21 16:22:49.529   504   504 I TTTIII  : 123456
05-21 16:22:49.547   504   504 D PhoneWindow: windowLightStatusBar : false, disable View.SYSTEM_UI_FLAG_LIGHT_STATUS_BAR
05-21 16:22:49.579   504   504 I TouchFilterInputStageHelper: [needTouchEventFilter] Displayid : 0
05-21 16:22:49.584   504   504 D BezellessGripSuppressionFilter: getdisplaysize, x : 720 y : 1600
05-21 16:22:49.605   800   800 I SurfaceFlinger: screenshot (com.oringnet.wm/com.oring.SlideActivity@504#0)
05-21 16:22:49.631   800   975 I BufferQueueConsumer: [com.oringnet.wm/com.oring.SlideActivity@504#1](this:0x798ea0a000,id:1511,api:0,p:-1,c:800) setConsumerName: com.oringnet.wm/com.oring.SlideActivity@504#1
05-21 16:22:49.631   800   975 I BufferQueueConsumer: [com.oringnet.wm/com.oring.SlideActivity@504#1](this:0x798ea0a000,id:1511,api:0,p:-1,c:800) setDefaultBufferSize: width=126 height=126
05-21 16:22:49.631   800   975 I SurfaceFlinger: Create BufferLayer(0x798eb34000) com.oringnet.wm/com.oring.SlideActivity@504#1 (126 x 126)
05-21 16:22:49.641   504   555 D Surface : Surface::connect(this=0x77093b8000,api=1)
05-21 16:22:49.641   800   851 I BufferQueueProducer: [com.oringnet.wm/com.oring.SlideActivity@504#1](this:0x798ea0a000,id:1511,api:1,p:504,c:800) connect(P): api=1 producer=(504:com.oringnet.wm) producerControlledByApp=false
05-21 16:22:49.643   504   555 D Surface : Surface::setBufferCount(this=0x77093b8000,bufferCount=3)
05-21 16:22:49.644   504   555 D Surface : Surface::allocateBuffers(this=0x77093b8000)
05-21 16:22:49.693   504   504 I DeviceInfoTest 7響應: 011003e8000441ba
05-21 16:22:49.694   504   504 W UiThreadStatement: Already on the UI thread, this method should not be called from the main application thread
05-21 16:22:49.694   504   504 I DeviceInfoTest 8請求: 011003E800040832313433363500006d60
05-21 16:22:49.701   800   800 I MiniDump: 0x798216d000 |     DEVICE |          0 | 1.000 |    0    0  720 1600 |   0.0   0.0 720.0 1600.0 | com.oringnet.wm/com.oring.SlideActivity@504#0
05-21 16:22:49.701   800   800 I MiniDump: 0x798eb34000 |     DEVICE |          0 | 0.303 |  301  760  419  878 |   0.0   0.0 126.0 126.0 | com.oringnet.wm/com.oring.SlideActivity@504#1
05-21 16:22:49.707   800   800 I SurfaceFlinger: screenshot (com.oringnet.wm/com.oring.SlideActivity@504#0)
05-21 16:22:49.718   800   800 I MiniDump: 0x798216d000 |     DEVICE |          0 | 1.000 |    0    0  720 1600 |   0.0   0.0 720.0 1600.0 | com.oringnet.wm/com.oring.SlideActivity@504#0
05-21 16:22:49.718   800   800 I MiniDump: 0x798eb34000 |     DEVICE |          0 | 0.525 |  300  759  420  879 |   0.0   0.0 126.0 126.0 | com.oringnet.wm/com.oring.SlideActivity@504#1
05-21 16:22:49.783   504   504 I DeviceInfoTest 7響應: 011003ec0004007b
05-21 16:22:49.783   504   504 W UiThreadStatement: Already on the UI thread, this method should not be called from the main application thread
05-21 16:22:49.783   504   504 I DeviceInfoTest 8請求: 011003EC00040800000000000000002157
05-21 16:22:49.841   800   800 I SurfaceFlinger: screenshot (com.oringnet.wm/com.oring.SlideActivity@504#0)
05-21 16:22:49.884   504   504 I DeviceInfoTest 7響應: 011003f00004c1bd
05-21 16:22:49.885   504   504 W UiThreadStatement: Already on the UI thread, this method should not be called from the main application thread
05-21 16:22:49.885   504   504 I DeviceInfoTest 8請求: 011003F00004080000000000000000f0b8
05-21 16:22:49.941   800   800 I SurfaceFlinger: screenshot (com.oringnet.wm/com.oring.SlideActivity@504#0)
05-21 16:22:49.972   504   504 W UiThreadStatement: Already on the UI thread, this method should not be called from the main application thread
05-21 16:22:49.972   504   504 I DeviceInfoTest 8請求: 011003F400040800000000000000000177
05-21 16:22:49.982   504   555 D Surface : Surface::disconnect(this=0x77093b8000,api=1)
05-21 16:22:49.983   800  4119 I BufferQueueProducer: [com.oringnet.wm/com.oring.SlideActivity@504#1](this:0x798ea0a000,id:1511,api:1,p:504,c:800) disconnect(P): api 1
05-21 16:22:50.026   504   504 D BluetoothGatt: setCharacteristicNotification() - uuid: 6e400003-b5a3-f393-e0a9-e50e24dcca9e enable: true
05-21 16:22:50.031   504   504 I DeviceInfoTest 7響應: 011003f40004807c
05-21 16:22:50.041   800   800 I SurfaceFlinger: screenshot (com.oringnet.wm/com.oring.SlideActivity@504#0)
05-21 16:22:50.063   800   975 I BufferQueueProducer: [com.oringnet.wm/com.oring.SlideActivity@504#0](this:0x7982146800,id:1509,api:1,p:504,c:800) queueBuffer: fps=0.84 dur=1195.85 max=1195.85 min=1195.85
05-21 16:22:50.123   504   504 D PhoneWindow: windowLightStatusBar : false, disable View.SYSTEM_UI_FLAG_LIGHT_STATUS_BAR
05-21 16:22:50.145   504   504 I TouchFilterInputStageHelper: [needTouchEventFilter] Displayid : 0
05-21 16:22:50.149   504   504 D BezellessGripSuppressionFilter: getdisplaysize, x : 720 y : 1600
05-21 16:22:50.157   800   800 I SurfaceFlinger: screenshot (com.oringnet.wm/com.oring.SlideActivity@504#0)
05-21 16:22:50.169   800   800 I MiniDump: 0x798216d000 |     DEVICE |          0 | 1.000 |    0    0  720 1600 |   0.0   0.0 720.0 1600.0 | com.oringnet.wm/com.oring.SlideActivity@504#0
05-21 16:22:50.178   800   975 I BufferQueueConsumer: [com.oringnet.wm/com.oring.SlideActivity@504#2](this:0x798eaaf000,id:1512,api:0,p:-1,c:800) setConsumerName: com.oringnet.wm/com.oring.SlideActivity@504#2
05-21 16:22:50.178   800   975 I BufferQueueConsumer: [com.oringnet.wm/com.oring.SlideActivity@504#2](this:0x798eaaf000,id:1512,api:0,p:-1,c:800) setDefaultBufferSize: width=126 height=126
05-21 16:22:50.178   800   975 I SurfaceFlinger: Create BufferLayer(0x798eb85000) com.oringnet.wm/com.oring.SlideActivity@504#2 (126 x 126)
05-21 16:22:50.186   504   555 D Surface : Surface::connect(this=0x7709528000,api=1)
05-21 16:22:50.187   800   975 I BufferQueueProducer: [com.oringnet.wm/com.oring.SlideActivity@504#2](this:0x798eaaf000,id:1512,api:1,p:504,c:800) connect(P): api=1 producer=(504:com.oringnet.wm) producerControlledByApp=false
05-21 16:22:50.188   504   555 D Surface : Surface::setBufferCount(this=0x7709528000,bufferCount=3)
05-21 16:22:50.188   504   555 D Surface : Surface::allocateBuffers(this=0x7709528000)
05-21 16:22:50.249   800   800 I SurfaceFlinger: Remove BufferLayer(0x798eb34000) com.oringnet.wm/com.oring.SlideActivity@504#1 (-1 x -1)
05-21 16:22:50.249   800   800 I BufferQueue: [com.oringnet.wm/com.oring.SlideActivity@504#1](this:0x798ea0a000,id:1511,api:1,p:-1,c:-1) ~BufferQueueCore
05-21 16:22:50.253   800   800 I MiniDump: 0x798216d000 |     DEVICE |          0 | 1.000 |    0    0  720 1600 |   0.0   0.0 720.0 1600.0 | com.oringnet.wm/com.oring.SlideActivity@504#0
05-21 16:22:50.253   800   800 I MiniDump: 0x798eb85000 |     DEVICE |          0 | 0.303 |  301  760  419  878 |   0.0   0.0 126.0 126.0 | com.oringnet.wm/com.oring.SlideActivity@504#2
05-21 16:22:50.260   800   800 I SurfaceFlinger: screenshot (com.oringnet.wm/com.oring.SlideActivity@504#0)
05-21 16:22:50.261   504   504 W UiThreadStatement: Already on the UI thread, this method should not be called from the main application thread
05-21 16:22:50.261   504   504 I DeviceInfoTest 2請求: 01030200000445b1
05-21 16:22:50.273   504   504 I DeviceInfoTest 1響應: 01030875666b786e69476742f5
05-21 16:22:50.358   504   504 W UiThreadStatement: Already on the UI thread, this method should not be called from the main application thread
05-21 16:22:50.358   504   504 I DeviceInfoTest 2請求: 0103020400040470
05-21 16:22:50.364   504   504 I DeviceInfoTest 1響應: 0103086f6f426441797070d392
05-21 16:22:50.456   504   504 W UiThreadStatement: Already on the UI thread, this method should not be called from the main application thread
05-21 16:22:50.456   504   504 I DeviceInfoTest 2請求: 010302080004c473
05-21 16:22:50.459   504   504 I HEX:    : 75666b786e6947676f6f4264417970707569006d
05-21 16:22:50.461   504   504 I DeviceName:: fuxkingGoodByAppium
05-21 16:22:50.472   504   504 I DeviceInfoTest 0響應: 0103087569006d000000000603
05-21 16:22:50.518   800   800 I SurfaceFlinger: screenshot (com.oringnet.wm/com.oring.SlideActivity@504#0)
05-21 16:22:50.553   504   504 W UiThreadStatement: Already on the UI thread, this method should not be called from the main application thread
05-21 16:22:50.553   504   504 I DeviceInfoTest 1請求: 0103021000044474
05-21 16:22:50.554   504   504 I HEX:    : 
05-21 16:22:50.563   504   504 I DeviceInfoTest 2響應: 010308000000000000000095d7
05-21 16:22:50.666   504   504 I DeviceInfoTest 2響應: 0104086f695f74657474731ff4
05-21 16:22:50.667   504   504 W UiThreadStatement: Already on the UI thread, this method should not be called from the main application thread
05-21 16:22:50.667   504   504 I DeviceInfoTest 3請求: 010402140004b075
05-21 16:22:50.749   504   504 I HEX:    : 6f695f74657474733830
05-21 16:22:50.763   504   504 I DeviceInfoTest 3響應: 010408383000000000000016bc
05-21 16:22:50.769   800   800 I SurfaceFlinger: screenshot (com.oringnet.wm/com.oring.SlideActivity@504#0)
05-21 16:22:50.809   504   504 W UiThreadStatement: Already on the UI thread, this method should not be called from the main application thread
05-21 16:22:50.809   504   504 I DeviceInfoTest 4請求: 0104021800047076
05-21 16:22:50.847   504   504 I NB_RSSI : ff91
05-21 16:22:50.859   504   504 I DeviceInfoTest 4響應: 010402ff91396c
05-21 16:22:50.860   504   504 W UiThreadStatement: Already on the UI thread, this method should not be called from the main application thread
05-21 16:22:50.860   504   504 I DeviceInfoTest 5請求: 0104022400017079
05-21 16:22:50.944   504   504 W UiThreadStatement: Already on the UI thread, this method should not be called from the main application thread
05-21 16:22:50.945   504   504 I DeviceInfoTest 5請求: 0104024700018067
05-21 16:22:50.945   504   504 I NB_RSRQ : fff9
05-21 16:22:50.960   504   504 I DeviceInfoTest 5響應: 010402fff93882
05-21 16:22:51.002   800   800 I SurfaceFlinger: screenshot (com.oringnet.wm/com.oring.SlideActivity@504#0)
05-21 16:22:51.040   504   504 W UiThreadStatement: Already on the UI thread, this method should not be called from the main application thread
05-21 16:22:51.041   504   504 I DeviceInfoTest 6請求: 010402480001b064
05-21 16:22:51.041   504   504 I NB_RSRP : ff89
05-21 16:22:51.053   504   504 I DeviceInfoTest 6響應: 010402ff893966
05-21 16:22:51.077   800  4119 I BufferQueueProducer: [com.oringnet.wm/com.oring.SlideActivity@504#0](this:0x7982146800,id:1509,api:1,p:504,c:800) queueBuffer: fps=7.89 dur=1013.94 max=574.09 min=5.77
05-21 16:22:51.139   504   504 I NB_SINR : 0000
05-21 16:22:51.154   504   504 I DeviceInfoTest 7響應: 0104020000b930
05-21 16:22:51.186   504   504 W UiThreadStatement: Already on the UI thread, this method should not be called from the main application thread
05-21 16:22:51.187   504   504 I DeviceInfoTest 8請求: 010402490001e1a4
05-21 16:22:51.236   504   504 I HEX:    : ff89fffffff9
05-21 16:22:51.249   504   504 I DeviceInfoTest 8響應: 0104080000ff89fffffff96c4b
05-21 16:22:51.250   504   504 W UiThreadStatement: Already on the UI thread, this method should not be called from the main application thread
05-21 16:22:51.250   504   504 I DeviceInfoTest 9請求: 010402270004407a
05-21 16:22:51.270   800   800 I SurfaceFlinger: screenshot (com.oringnet.wm/com.oring.SlideActivity@504#0)
05-21 16:22:51.335   504   504 I HEX:    : 323134333635
05-21 16:22:51.336   504   504 I Password: : 123456
05-21 16:22:51.346   504   504 I DeviceInfoTest 10響應: 0103083231343336350000282f
05-21 16:22:51.347   504   504 W UiThreadStatement: Already on the UI thread, this method should not be called from the main application thread
05-21 16:22:51.347   504   504 I DeviceInfoTest 11請求: 010303E80004c479
05-21 16:22:51.436   504   504 I KeepALive: 003c
05-21 16:22:51.457   504   504 I DeviceInfoTest 11響應: 010302003cb855
05-21 16:22:51.458   504   504 W UiThreadStatement: Already on the UI thread, this method should not be called from the main application thread
05-21 16:22:51.458   504   504 I DeviceInfoTest 12請求: 010302B600016454
05-21 16:22:51.529   504   504 W UiThreadStatement: Already on the UI thread, this method should not be called from the main application thread
05-21 16:22:51.530   504   504 I DeviceInfoTest 12請求: 010104000001fcfa
05-21 16:22:51.530   504   504 I fc_Status:: 00false
05-21 16:22:51.535   800   800 I SurfaceFlinger: screenshot (com.oringnet.wm/com.oring.SlideActivity@504#0)
05-21 16:22:51.536   504   555 D Surface : Surface::disconnect(this=0x7709528000,api=1)
05-21 16:22:51.536   800   975 I BufferQueueProducer: [com.oringnet.wm/com.oring.SlideActivity@504#2](this:0x798eaaf000,id:1512,api:1,p:504,c:800) disconnect(P): api 1
05-21 16:22:51.555   504   504 I DeviceInfoTest -1響應: 010101005188
05-21 16:22:51.658   800   800 I SurfaceFlinger: screenshot (com.oringnet.wm/com.oring.SlideActivity@504#0)
05-21 16:22:51.719   800   800 I MiniDump: 0x798216d000 |     DEVICE |          0 | 1.000 |    0    0  720 1600 |   0.0   0.0 720.0 1600.0 | com.oringnet.wm/com.oring.SlideActivity@504#0
05-21 16:22:51.774   800   800 I SurfaceFlinger: screenshot (com.oringnet.wm/com.oring.SlideActivity@504#0)
05-21 16:22:51.800   800   800 I SurfaceFlinger: Remove BufferLayer(0x798eb85000) com.oringnet.wm/com.oring.SlideActivity@504#2 (-1 x -1)
05-21 16:22:51.804   800   800 I MiniDump: 0x798216d000 |     DEVICE |          0 | 1.000 |    0    0  720 1600 |   0.0   0.0 720.0 1600.0 | com.oringnet.wm/com.oring.SlideActivity@504#0
05-21 16:22:51.816   800   800 I SurfaceFlinger: Remove BufferLayer(0x798eb85000) com.oringnet.wm/com.oring.SlideActivity@504#2 (-1 x -1)
05-21 16:22:51.816   800   800 I BufferQueue: [com.oringnet.wm/com.oring.SlideActivity@504#2](this:0x798eaaf000,id:1512,api:1,p:-1,c:-1) ~BufferQueueCore
05-21 16:22:51.884   800   800 I SurfaceFlinger: screenshot (com.oringnet.wm/com.oring.SlideActivity@504#0)
05-21 16:22:51.985   800   800 I SurfaceFlinger: screenshot (com.oringnet.wm/com.oring.SlideActivity@504#0)
05-21 16:22:52.185   504   504 I ViewRootImpl: ViewRoot's Touch Event : ACTION_DOWN
05-21 16:22:52.198   504   504 I ViewRootImpl: ViewRoot's Touch Event : ACTION_UP
05-21 16:22:52.229   800   851 I BufferQueueProducer: [com.oringnet.wm/com.oring.SlideActivity@504#0](this:0x7982146800,id:1509,api:1,p:504,c:800) queueBuffer: fps=6.94 dur=1152.15 max=626.08 min=6.19
05-21 16:22:52.235   800   800 I SurfaceFlinger: screenshot (com.oringnet.wm/com.oring.SlideActivity@504#0)
05-21 16:22:52.351   800   800 I SurfaceFlinger: screenshot (com.oringnet.wm/com.oring.SlideActivity@504#0)
05-21 16:22:52.502   800   800 I SurfaceFlinger: screenshot (com.oringnet.wm/com.oring.SlideActivity@504#0)
05-21 16:22:52.752   800   800 I SurfaceFlinger: screenshot (com.oringnet.wm/com.oring.SlideActivity@504#0)
05-21 16:22:52.952   800   800 I SurfaceFlinger: screenshot (com.oringnet.wm/com.oring.SlideActivity@504#0)
05-21 16:22:53.102   800   800 I SurfaceFlinger: screenshot (com.oringnet.wm/com.oring.SlideActivity@504#0)
05-21 16:22:53.354   800   800 I SurfaceFlinger: screenshot (com.oringnet.wm/com.oring.SlideActivity@504#0)
05-21 16:22:53.478   800   975 I BufferQueueProducer: [com.oringnet.wm/com.oring.SlideActivity@504#0](this:0x7982146800,id:1509,api:1,p:504,c:800) queueBuffer: fps=4.00 dur=1248.78 max=657.38 min=10.39
05-21 16:22:54.093   504   504 I ViewRootImpl: ViewRoot's Touch Event : ACTION_DOWN
05-21 16:22:54.106   504   504 I ViewRootImpl: ViewRoot's Touch Event : ACTION_UP
05-21 16:22:54.134   504   504 D PhoneWindow: windowLightStatusBar : false, disable View.SYSTEM_UI_FLAG_LIGHT_STATUS_BAR
05-21 16:22:54.177   504   504 I TouchFilterInputStageHelper: [needTouchEventFilter] Displayid : 0
05-21 16:22:54.182   504   504 D BezellessGripSuppressionFilter: getdisplaysize, x : 720 y : 1600
05-21 16:22:54.225   800   975 I BufferQueueConsumer: [com.oringnet.wm/com.oring.SlideActivity@504#1](this:0x798eaaf000,id:1513,api:0,p:-1,c:800) setConsumerName: com.oringnet.wm/com.oring.SlideActivity@504#1
05-21 16:22:54.225   800   975 I BufferQueueConsumer: [com.oringnet.wm/com.oring.SlideActivity@504#1](this:0x798eaaf000,id:1513,api:0,p:-1,c:800) setDefaultBufferSize: width=126 height=126
05-21 16:22:54.225   800   975 I SurfaceFlinger: Create BufferLayer(0x798eb8b000) com.oringnet.wm/com.oring.SlideActivity@504#1 (126 x 126)
05-21 16:22:54.239   504   555 D Surface : Surface::connect(this=0x776bdce000,api=1)
05-21 16:22:54.240   800  4119 I BufferQueueProducer: [com.oringnet.wm/com.oring.SlideActivity@504#1](this:0x798eaaf000,id:1513,api:1,p:504,c:800) connect(P): api=1 producer=(504:com.oringnet.wm) producerControlledByApp=false
05-21 16:22:54.241   504   555 D Surface : Surface::setBufferCount(this=0x776bdce000,bufferCount=3)
05-21 16:22:54.242   504   555 D Surface : Surface::allocateBuffers(this=0x776bdce000)
05-21 16:22:54.307   800   800 I SurfaceFlinger: screenshot (com.oringnet.wm/com.oring.SlideActivity@504#0)
05-21 16:22:54.315   504   504 I DeviceInfoTest 8響應: 011002000004c072
05-21 16:22:54.315   504   504 W UiThreadStatement: Already on the UI thread, this method should not be called from the main application thread
05-21 16:22:54.315   504   504 I DeviceInfoTest 9請求: 0110020000040875666b786e694767661a
05-21 16:22:54.320   800   800 I MiniDump: 0x798216d000 |     DEVICE |          0 | 1.000 |    0    0  720 1600 |   0.0   0.0 720.0 1600.0 | com.oringnet.wm/com.oring.SlideActivity@504#0
05-21 16:22:54.320   800   800 I MiniDump: 0x798eb8b000 |     DEVICE |          0 | 0.287 |  301  760  419  878 |   0.0   0.0 126.0 126.0 | com.oringnet.wm/com.oring.SlideActivity@504#1
05-21 16:22:54.409   800   800 I SurfaceFlinger: screenshot (com.oringnet.wm/com.oring.SlideActivity@504#0)
05-21 16:22:54.416   504   504 I DeviceInfoTest 8響應: 01100204000481b3
05-21 16:22:54.417   504   504 W UiThreadStatement: Already on the UI thread, this method should not be called from the main application thread
05-21 16:22:54.417   504   504 I DeviceInfoTest 9請求: 011002040004086f6f42644179707006b2
05-21 16:22:54.508   504   504 W UiThreadStatement: Already on the UI thread, this method should not be called from the main application thread
05-21 16:22:54.508   504   504 I DeviceInfoTest 9請求: 011002080004087569006d00000000c333
05-21 16:22:54.509   800   800 I SurfaceFlinger: screenshot (com.oringnet.wm/com.oring.SlideActivity@504#0)
05-21 16:22:54.530   504   504 I DeviceInfoTest 8響應: 01100208000441b0
05-21 16:22:54.610   504   504 I DeviceInfoTest 13響應: 0110020c00040071
05-21 16:22:54.610   504   504 W UiThreadStatement: Already on the UI thread, this method should not be called from the main application thread
05-21 16:22:54.610   504   504 I DeviceInfoTest 14請求: 0110020C0004080000000000000000a128
05-21 16:22:54.705   504   555 D Surface : Surface::disconnect(this=0x776bdce000,api=1)
05-21 16:22:54.706   800   851 I BufferQueueProducer: [com.oringnet.wm/com.oring.SlideActivity@504#1](this:0x798eaaf000,id:1513,api:1,p:504,c:800) disconnect(P): api 1
05-21 16:22:54.725   800   800 I SurfaceFlinger: screenshot (com.oringnet.wm/com.oring.SlideActivity@504#0)
05-21 16:22:54.767   504   504 D BluetoothGatt: setCharacteristicNotification() - uuid: 6e400003-b5a3-f393-e0a9-e50e24dcca9e enable: true
05-21 16:22:54.771   504   504 I DeviceInfoTest 13響應: 011002b60001e197
05-21 16:22:54.772   504   504 W UiThreadStatement: Already on the UI thread, this method should not be called from the main application thread
05-21 16:22:54.772   504   504 I DeviceInfoTest 14請求: 011002B6000102003C9fd7
05-21 16:22:54.809   800  2411 I BufferQueueProducer: [com.oringnet.wm/com.oring.SlideActivity@504#0](this:0x7982146800,id:1509,api:1,p:504,c:800) queueBuffer: fps=0.75 dur=1330.67 max=1330.67 min=1330.67
05-21 16:22:54.828   800   800 I SurfaceFlinger: screenshot (com.oringnet.wm/com.oring.SlideActivity@504#0)
05-21 16:22:54.852   504   504 D PhoneWindow: windowLightStatusBar : false, disable View.SYSTEM_UI_FLAG_LIGHT_STATUS_BAR
05-21 16:22:54.875   504   504 I TouchFilterInputStageHelper: [needTouchEventFilter] Displayid : 0
05-21 16:22:54.879   504   504 D BezellessGripSuppressionFilter: getdisplaysize, x : 720 y : 1600
05-21 16:22:54.887   800   800 I MiniDump: 0x798216d000 |     DEVICE |          0 | 1.000 |    0    0  720 1600 |   0.0   0.0 720.0 1600.0 | com.oringnet.wm/com.oring.SlideActivity@504#0
05-21 16:22:54.910   800   851 I BufferQueueConsumer: [com.oringnet.wm/com.oring.SlideActivity@504#2](this:0x798ebd3000,id:1514,api:0,p:-1,c:800) setConsumerName: com.oringnet.wm/com.oring.SlideActivity@504#2
05-21 16:22:54.910   800   851 I BufferQueueConsumer: [com.oringnet.wm/com.oring.SlideActivity@504#2](this:0x798ebd3000,id:1514,api:0,p:-1,c:800) setDefaultBufferSize: width=126 height=126
05-21 16:22:54.910   800   851 I SurfaceFlinger: Create BufferLayer(0x798ead3000) com.oringnet.wm/com.oring.SlideActivity@504#2 (126 x 126)
05-21 16:22:54.918   504   555 D Surface : Surface::connect(this=0x776bd3b000,api=1)
05-21 16:22:54.919   800   975 I BufferQueueProducer: [com.oringnet.wm/com.oring.SlideActivity@504#2](this:0x798ebd3000,id:1514,api:1,p:504,c:800) connect(P): api=1 producer=(504:com.oringnet.wm) producerControlledByApp=false
05-21 16:22:54.920   504   555 D Surface : Surface::setBufferCount(this=0x776bd3b000,bufferCount=3)
05-21 16:22:54.920   504   555 D Surface : Surface::allocateBuffers(this=0x776bd3b000)
05-21 16:22:54.966   800   800 I SurfaceFlinger: Remove BufferLayer(0x798eb8b000) com.oringnet.wm/com.oring.SlideActivity@504#1 (-1 x -1)
05-21 16:22:54.967   800   800 I BufferQueue: [com.oringnet.wm/com.oring.SlideActivity@504#1](this:0x798eaaf000,id:1513,api:1,p:-1,c:-1) ~BufferQueueCore
05-21 16:22:54.971   800   800 I MiniDump: 0x798216d000 |     DEVICE |          0 | 1.000 |    0    0  720 1600 |   0.0   0.0 720.0 1600.0 | com.oringnet.wm/com.oring.SlideActivity@504#0
05-21 16:22:54.975   800   800 I SurfaceFlinger: screenshot (com.oringnet.wm/com.oring.SlideActivity@504#0)
05-21 16:22:54.987   800   800 I MiniDump: 0x798216d000 |     DEVICE |          0 | 1.000 |    0    0  720 1600 |   0.0   0.0 720.0 1600.0 | com.oringnet.wm/com.oring.SlideActivity@504#0
05-21 16:22:54.987   800   800 I MiniDump: 0x798ead3000 |     DEVICE |          0 | 0.287 |  301  760  419  878 |   0.0   0.0 126.0 126.0 | com.oringnet.wm/com.oring.SlideActivity@504#2
05-21 16:22:54.989   504   504 W UiThreadStatement: Already on the UI thread, this method should not be called from the main application thread
05-21 16:22:54.990   504   504 I DeviceInfoTest 2請求: 01030200000445b1
05-21 16:22:55.001   504   504 I DeviceInfoTest 1響應: 01030875666b786e69476742f5
05-21 16:22:55.094   504   504 I DeviceInfoTest 1響應: 0103086f6f426441797070d392
05-21 16:22:55.095   504   504 W UiThreadStatement: Already on the UI thread, this method should not be called from the main application thread
05-21 16:22:55.095   504   504 I DeviceInfoTest 2請求: 0103020400040470
05-21 16:22:55.192   800   800 I SurfaceFlinger: screenshot (com.oringnet.wm/com.oring.SlideActivity@504#0)
05-21 16:22:55.193   504   504 W UiThreadStatement: Already on the UI thread, this method should not be called from the main application thread
05-21 16:22:55.193   504   504 I DeviceInfoTest 2請求: 010302080004c473
05-21 16:22:55.194   504   504 I HEX:    : 75666b786e6947676f6f4264417970707569006d
05-21 16:22:55.197   504   504 I DeviceName:: fuxkingGoodByAppium
05-21 16:22:55.215   504   504 I DeviceInfoTest 0響應: 0103087569006d000000000603
05-21 16:22:55.283   504   504 I HEX:    : 
05-21 16:22:55.293   504   504 I DeviceInfoTest 2響應: 010308000000000000000095d7
05-21 16:22:55.293   504   504 W UiThreadStatement: Already on the UI thread, this method should not be called from the main application thread
05-21 16:22:55.294   504   504 I DeviceInfoTest 3請求: 0103021000044474
05-21 16:22:55.394   504   504 I DeviceInfoTest 2響應: 0104086f695f74657474731ff4
05-21 16:22:55.394   504   504 W UiThreadStatement: Already on the UI thread, this method should not be called from the main application thread
05-21 16:22:55.395   504   504 I DeviceInfoTest 3請求: 010402140004b075
05-21 16:22:55.455   800   800 I SurfaceFlinger: screenshot (com.oringnet.wm/com.oring.SlideActivity@504#0)
05-21 16:22:55.478   504   504 W UiThreadStatement: Already on the UI thread, this method should not be called from the main application thread
05-21 16:22:55.478   504   504 I DeviceInfoTest 3請求: 0104021800047076
05-21 16:22:55.478   504   504 I HEX:    : 6f695f74657474733830
05-21 16:22:55.495   504   504 I DeviceInfoTest 3響應: 010408383000000000000016bc
05-21 16:22:55.569   800   800 I SurfaceFlinger: screenshot (com.oringnet.wm/com.oring.SlideActivity@504#0)
05-21 16:22:55.574   504   504 W UiThreadStatement: Already on the UI thread, this method should not be called from the main application thread
05-21 16:22:55.574   504   504 I DeviceInfoTest 4請求: 0104022400017079
05-21 16:22:55.574   504   504 I NB_RSSI : ff91
05-21 16:22:55.582   504   504 I DeviceInfoTest 4響應: 010402ff91396c
05-21 16:22:55.672   504   504 W UiThreadStatement: Already on the UI thread, this method should not be called from the main application thread
05-21 16:22:55.672   504   504 I DeviceInfoTest 5請求: 0104024700018067
05-21 16:22:55.672   504   504 I NB_RSRQ : fff9
05-21 16:22:55.683   504   504 I DeviceInfoTest 5響應: 010402fff93882
05-21 16:22:55.703   800   800 I SurfaceFlinger: screenshot (com.oringnet.wm/com.oring.SlideActivity@504#0)
05-21 16:22:55.819   504   504 W UiThreadStatement: Already on the UI thread, this method should not be called from the main application thread
05-21 16:22:55.819   504   504 I DeviceInfoTest 6請求: 010402480001b064
05-21 16:22:55.820   504   504 I NB_RSRP : ff89
05-21 16:22:55.830   504   504 I DeviceInfoTest 6響應: 010402ff893966
05-21 16:22:55.866   800   851 I BufferQueueProducer: [com.oringnet.wm/com.oring.SlideActivity@504#0](this:0x7982146800,id:1509,api:1,p:504,c:800) queueBuffer: fps=8.52 dur=1056.93 max=326.39 min=4.06
05-21 16:22:55.919   504   504 I NB_SINR : 0000
05-21 16:22:55.933   504   504 I DeviceInfoTest 7響應: 0104020000b930
05-21 16:22:55.934   504   504 W UiThreadStatement: Already on the UI thread, this method should not be called from the main application thread
05-21 16:22:55.934   504   504 I DeviceInfoTest 8請求: 010402490001e1a4
05-21 16:22:55.955   800   800 I SurfaceFlinger: screenshot (com.oringnet.wm/com.oring.SlideActivity@504#0)
05-21 16:22:56.013   504   504 W UiThreadStatement: Already on the UI thread, this method should not be called from the main application thread
05-21 16:22:56.014   504   504 I DeviceInfoTest 8請求: 010402270004407a
05-21 16:22:56.015   504   504 I HEX:    : ff89fffffff9
05-21 16:22:56.030   504   504 I DeviceInfoTest 8響應: 0104080000ff89fffffff96c4b
05-21 16:22:56.112   504   504 I HEX:    : 323134333635
05-21 16:22:56.113   504   504 I Password: : 123456
05-21 16:22:56.125   504   504 I DeviceInfoTest 10響應: 0103083231343336350000282f
05-21 16:22:56.125   504   504 W UiThreadStatement: Already on the UI thread, this method should not be called from the main application thread
05-21 16:22:56.125   504   504 I DeviceInfoTest 11請求: 010303E80004c479
05-21 16:22:56.211   504   504 I KeepALive: 003c
05-21 16:22:56.222   800   800 I SurfaceFlinger: screenshot (com.oringnet.wm/com.oring.SlideActivity@504#0)
05-21 16:22:56.235   504   504 I DeviceInfoTest 11響應: 010302003cb855
05-21 16:22:56.236   504   504 W UiThreadStatement: Already on the UI thread, this method should not be called from the main application thread
05-21 16:22:56.236   504   504 I DeviceInfoTest 12請求: 010302B600016454
05-21 16:22:56.307   504   504 W UiThreadStatement: Already on the UI thread, this method should not be called from the main application thread
05-21 16:22:56.308   504   504 I DeviceInfoTest 12請求: 010104000001fcfa
05-21 16:22:56.311   504   504 I fc_Status:: 00false
05-21 16:22:56.320   504   555 D Surface : Surface::disconnect(this=0x776bd3b000,api=1)
05-21 16:22:56.321   800   975 I BufferQueueProducer: [com.oringnet.wm/com.oring.SlideActivity@504#2](this:0x798ebd3000,id:1514,api:1,p:504,c:800) disconnect(P): api 1
05-21 16:22:56.345   504   504 I DeviceInfoTest -1響應: 010101005188
05-21 16:22:56.359   800   800 I SurfaceFlinger: screenshot (com.oringnet.wm/com.oring.SlideActivity@504#0)
05-21 16:22:56.476   800   800 I SurfaceFlinger: screenshot (com.oringnet.wm/com.oring.SlideActivity@504#0)
05-21 16:22:56.503   800   800 I MiniDump: 0x798216d000 |     DEVICE |          0 | 1.000 |    0    0  720 1600 |   0.0   0.0 720.0 1600.0 | com.oringnet.wm/com.oring.SlideActivity@504#0
05-21 16:22:56.583   800   800 I SurfaceFlinger: Remove BufferLayer(0x798ead3000) com.oringnet.wm/com.oring.SlideActivity@504#2 (-1 x -1)
05-21 16:22:56.584   800   800 I BufferQueue: [com.oringnet.wm/com.oring.SlideActivity@504#2](this:0x798ebd3000,id:1514,api:1,p:-1,c:-1) ~BufferQueueCore
05-21 16:22:56.586   800   800 I MiniDump: 0x798216d000 |     DEVICE |          0 | 1.000 |    0    0  720 1600 |   0.0   0.0 720.0 1600.0 | com.oringnet.wm/com.oring.SlideActivity@504#0
05-21 16:22:56.636   800   800 I SurfaceFlinger: screenshot (com.oringnet.wm/com.oring.SlideActivity@504#0)
05-21 16:22:56.889   800   800 I SurfaceFlinger: screenshot (com.oringnet.wm/com.oring.SlideActivity@504#0)
05-21 16:22:57.154   800   800 I SurfaceFlinger: screenshot (com.oringnet.wm/com.oring.SlideActivity@504#0)
05-21 16:22:57.170   504   504 I ViewRootImpl: ViewRoot's Touch Event : ACTION_DOWN
05-21 16:22:57.181   504   504 I ViewRootImpl: ViewRoot's Touch Event : ACTION_UP
05-21 16:22:57.212   800   851 I BufferQueueProducer: [com.oringnet.wm/com.oring.SlideActivity@504#0](this:0x7982146800,id:1509,api:1,p:504,c:800) queueBuffer: fps=6.69 dur=1345.93 max=820.00 min=5.75
05-21 16:22:57.269   800   800 I SurfaceFlinger: screenshot (com.oringnet.wm/com.oring.SlideActivity@504#0)
05-21 16:22:57.370   800   800 I SurfaceFlinger: screenshot (com.oringnet.wm/com.oring.SlideActivity@504#0)
05-21 16:22:57.570   800   800 I SurfaceFlinger: screenshot (com.oringnet.wm/com.oring.SlideActivity@504#0)
05-21 16:22:57.686   800   800 I SurfaceFlinger: screenshot (com.oringnet.wm/com.oring.SlideActivity@504#0)
05-21 16:22:57.940   800   800 I SurfaceFlinger: screenshot (com.oringnet.wm/com.oring.SlideActivity@504#0)
05-21 16:22:58.205   800   800 I SurfaceFlinger: screenshot (com.oringnet.wm/com.oring.SlideActivity@504#0)
05-21 16:22:58.636   504   504 I ViewRootImpl: ViewRoot's Touch Event : ACTION_DOWN
05-21 16:22:58.636   800   800 I SurfaceFlinger: screenshot (com.oringnet.wm/com.oring.SlideActivity@504#0)
05-21 16:22:58.642   504   504 I ViewRootImpl: ViewRoot's Touch Event : ACTION_UP
05-21 16:22:58.658   800  4119 I BufferQueueProducer: [com.oringnet.wm/com.oring.SlideActivity@504#0](this:0x7982146800,id:1509,api:1,p:504,c:800) queueBuffer: fps=29.74 dur=1445.93 max=451.42 min=7.18
05-21 16:22:58.736   800   800 I SurfaceFlinger: screenshot (com.oringnet.wm/com.oring.SlideActivity@504#0)
05-21 16:22:58.794   504   504 I 通道: : false
05-21 16:22:58.796   504   504 I chatty  : uid=10304(com.oringnet.wm) identical 30 lines
05-21 16:22:58.796   504   504 I 通道: : false
05-21 16:22:58.800   504   504 I DataBits: >> 0
05-21 16:22:58.808   504   504 D BluetoothGatt: setCharacteristicNotification() - uuid: 6e400003-b5a3-f393-e0a9-e50e24dcca9e enable: true
05-21 16:22:58.836   800   800 I SurfaceFlinger: screenshot (com.oringnet.wm/com.oring.SlideActivity@504#0)
05-21 16:22:58.953   800   800 I SurfaceFlinger: screenshot (com.oringnet.wm/com.oring.SlideActivity@504#0)
05-21 16:22:59.070   800   800 I SurfaceFlinger: screenshot (com.oringnet.wm/com.oring.SlideActivity@504#0)
05-21 16:22:59.271   800   800 I SurfaceFlinger: screenshot (com.oringnet.wm/com.oring.SlideActivity@504#0)
05-21 16:22:59.687   504   504 I ViewRootImpl: ViewRoot's Touch Event : ACTION_DOWN
05-21 16:22:59.705   504   504 I ViewRootImpl: ViewRoot's Touch Event : ACTION_UP
05-21 16:22:59.728   504   504 D PhoneWindow: windowLightStatusBar : false, disable View.SYSTEM_UI_FLAG_LIGHT_STATUS_BAR
05-21 16:22:59.759   800   800 I SurfaceFlinger: screenshot (com.oringnet.wm/com.oring.SlideActivity@504#0)
05-21 16:22:59.767   504   504 I TouchFilterInputStageHelper: [needTouchEventFilter] Displayid : 0
05-21 16:22:59.776   504   504 D BezellessGripSuppressionFilter: getdisplaysize, x : 720 y : 1600
05-21 16:22:59.789   504   504 D BluetoothGatt: setCharacteristicNotification() - uuid: 6e400003-b5a3-f393-e0a9-e50e24dcca9e enable: true
05-21 16:22:59.814   800  4119 I BufferQueueConsumer: [com.oringnet.wm/com.oring.SlideActivity@504#1](this:0x7981e38800,id:1515,api:0,p:-1,c:800) setConsumerName: com.oringnet.wm/com.oring.SlideActivity@504#1
05-21 16:22:59.814   800  4119 I BufferQueueConsumer: [com.oringnet.wm/com.oring.SlideActivity@504#1](this:0x7981e38800,id:1515,api:0,p:-1,c:800) setDefaultBufferSize: width=126 height=126
05-21 16:22:59.814   800  4119 I SurfaceFlinger: Create BufferLayer(0x7982125000) com.oringnet.wm/com.oring.SlideActivity@504#1 (126 x 126)
05-21 16:22:59.824   504   555 D Surface : Surface::connect(this=0x7709319000,api=1)
05-21 16:22:59.825   800  4119 I BufferQueueProducer: [com.oringnet.wm/com.oring.SlideActivity@504#1](this:0x7981e38800,id:1515,api:1,p:504,c:800) connect(P): api=1 producer=(504:com.oringnet.wm) producerControlledByApp=false
05-21 16:22:59.827   504   555 D Surface : Surface::setBufferCount(this=0x7709319000,bufferCount=3)
05-21 16:22:59.827   504   555 D Surface : Surface::allocateBuffers(this=0x7709319000)
05-21 16:22:59.904   800   800 I MiniDump: 0x798216d000 |     DEVICE |          0 | 1.000 |    0    0  720 1600 |   0.0   0.0 720.0 1600.0 | com.oringnet.wm/com.oring.SlideActivity@504#0
05-21 16:22:59.904   800   800 I MiniDump: 0x7982125000 |     DEVICE |          0 | 0.303 |  301  760  419  878 |   0.0   0.0 126.0 126.0 | com.oringnet.wm/com.oring.SlideActivity@504#1
05-21 16:22:59.912   800   800 I SurfaceFlinger: screenshot (com.oringnet.wm/com.oring.SlideActivity@504#0)
05-21 16:22:59.971   800  4119 I BufferQueueProducer: [com.oringnet.wm/com.oring.SlideActivity@504#0](this:0x7982146800,id:1509,api:1,p:504,c:800) queueBuffer: fps=27.42 dur=1313.13 max=711.98 min=5.68
05-21 16:22:59.980   504   504 I GatewayTest 0響應: 00030200ffc5c4
05-21 16:22:59.980   504   504 I Listenable:: 0
05-21 16:22:59.980   504   504 I Listenable:: 1
05-21 16:22:59.980   504   504 I Listenable:step >: 1
05-21 16:22:59.980   504   504 I Listenable:: 111
05-21 16:22:59.982   504   504 I Req_Enable 0-15:: 00ff
05-21 16:22:59.988   504   504 W UiThreadStatement: Already on the UI thread, this method should not be called from the main application thread
05-21 16:22:59.988   504   504 I GatewayTest 1請求: 00030A4800010615
05-21 16:22:59.989   504   504 I 通道: : true
05-21 16:22:59.991   504   504 I chatty  : uid=10304(com.oringnet.wm) identical 6 lines
05-21 16:22:59.991   504   504 I 通道: : true
05-21 16:23:00.075   504   504 W UiThreadStatement: Already on the UI thread, this method should not be called from the main application thread
05-21 16:23:00.075   504   504 I GatewayTest 1請求: 00030A49000157d5
05-21 16:23:00.075   504   504 I GatewayTest 1響應: 00030200008584
05-21 16:23:00.075   504   504 I Listenable:: 0
05-21 16:23:00.075   504   504 I Listenable:: 1
05-21 16:23:00.075   504   504 I Listenable:step >: 2
05-21 16:23:00.075   504   504 I Listenable:: 111
05-21 16:23:00.076   504   504 I Req_Enable 16-31:: 0000
05-21 16:23:00.080   504   555 D Surface : Surface::disconnect(this=0x7709319000,api=1)
05-21 16:23:00.080   800   852 I BufferQueueProducer: [com.oringnet.wm/com.oring.SlideActivity@504#1](this:0x7981e38800,id:1515,api:1,p:504,c:800) disconnect(P): api 1
05-21 16:23:00.101   800   800 I SurfaceFlinger: Remove BufferLayer(0x7982125000) com.oringnet.wm/com.oring.SlideActivity@504#1 (-1 x -1)
05-21 16:23:00.137   800   800 I SurfaceFlinger: screenshot (com.oringnet.wm/com.oring.SlideActivity@504#0)
05-21 16:23:00.293   800   800 I SurfaceFlinger: screenshot (com.oringnet.wm/com.oring.SlideActivity@504#0)
05-21 16:23:00.305   800   800 I MiniDump: 0x798216d000 |     DEVICE |          0 | 1.000 |    0    0  720 1600 |   0.0   0.0 720.0 1600.0 | com.oringnet.wm/com.oring.SlideActivity@504#0
05-21 16:23:00.368   800   800 I SurfaceFlinger: Remove BufferLayer(0x7982125000) com.oringnet.wm/com.oring.SlideActivity@504#1 (-1 x -1)
05-21 16:23:00.368   800   800 I BufferQueue: [com.oringnet.wm/com.oring.SlideActivity@504#1](this:0x7981e38800,id:1515,api:1,p:-1,c:-1) ~BufferQueueCore
05-21 16:23:00.373   800   800 I MiniDump: 0x798216d000 |     DEVICE |          0 | 1.000 |    0    0  720 1600 |   0.0   0.0 720.0 1600.0 | com.oringnet.wm/com.oring.SlideActivity@504#0
05-21 16:23:00.420   800   800 I SurfaceFlinger: screenshot (com.oringnet.wm/com.oring.SlideActivity@504#0)
05-21 16:23:00.536   800   800 I SurfaceFlinger: screenshot (com.oringnet.wm/com.oring.SlideActivity@504#0)
05-21 16:23:00.703   800   800 I SurfaceFlinger: screenshot (com.oringnet.wm/com.oring.SlideActivity@504#0)
05-21 16:23:00.804   800   800 I SurfaceFlinger: screenshot (com.oringnet.wm/com.oring.SlideActivity@504#0)
05-21 16:23:00.894   800   800 I SurfaceFlinger: screenshot (com.oringnet.wm/com.oring.SlideActivity@504#0)
05-21 16:23:00.920   800   800 I SurfaceFlinger: screenshot (com.oringnet.wm/com.oring.SlideActivity@504#0)
05-21 16:23:01.037   800   800 I SurfaceFlinger: screenshot (com.oringnet.wm/com.oring.SlideActivity@504#0)
05-21 16:23:01.204   800   800 I SurfaceFlinger: screenshot (com.oringnet.wm/com.oring.SlideActivity@504#0)
05-21 16:23:01.352   504   504 I ViewRootImpl: ViewRoot's Touch Event : ACTION_DOWN
05-21 16:23:01.364   504   504 I ViewRootImpl: ViewRoot's Touch Event : ACTION_UP
05-21 16:23:01.371   800   800 I SurfaceFlinger: screenshot (com.oringnet.wm/com.oring.SlideActivity@504#0)
05-21 16:23:01.392   800   852 I BufferQueueProducer: [com.oringnet.wm/com.oring.SlideActivity@504#0](this:0x7982146800,id:1509,api:1,p:504,c:800) queueBuffer: fps=28.84 dur=1421.50 max=731.91 min=4.32
05-21 16:23:01.404   504   504 I 通道: : false
05-21 16:23:01.487   800   800 I SurfaceFlinger: screenshot (com.oringnet.wm/com.oring.SlideActivity@504#0)
05-21 16:23:01.858   800   800 I SurfaceFlinger: screenshot (com.oringnet.wm/com.oring.SlideActivity@504#0)
05-21 16:23:02.119   504   504 I ViewRootImpl: ViewRoot's Touch Event : ACTION_DOWN
05-21 16:23:02.133   504   504 I ViewRootImpl: ViewRoot's Touch Event : ACTION_UP
05-21 16:23:02.133   800   800 I SurfaceFlinger: screenshot (com.oringnet.wm/com.oring.SlideActivity@504#0)
05-21 16:23:02.182   504   504 I 通道: : false
05-21 16:23:02.391   800   800 I SurfaceFlinger: screenshot (com.oringnet.wm/com.oring.SlideActivity@504#0)
05-21 16:23:02.396   800   975 I BufferQueueProducer: [com.oringnet.wm/com.oring.SlideActivity@504#0](this:0x7982146800,id:1509,api:1,p:504,c:800) queueBuffer: fps=37.84 dur=1004.12 max=385.29 min=14.34
05-21 16:23:02.876   504   504 I ViewRootImpl: ViewRoot's Touch Event : ACTION_DOWN
05-21 16:23:02.893   504   504 I ViewRootImpl: ViewRoot's Touch Event : ACTION_UP
05-21 16:23:02.933   504   504 I 通道: : false
05-21 16:23:02.988   800   800 I SurfaceFlinger: screenshot (com.oringnet.wm/com.oring.SlideActivity@504#0)
05-21 16:23:03.241   800   800 I SurfaceFlinger: screenshot (com.oringnet.wm/com.oring.SlideActivity@504#0)
05-21 16:23:03.621   504   504 I ViewRootImpl: ViewRoot's Touch Event : ACTION_DOWN
05-21 16:23:03.633   504   504 I ViewRootImpl: ViewRoot's Touch Event : ACTION_UP
05-21 16:23:03.660   800   852 I BufferQueueProducer: [com.oringnet.wm/com.oring.SlideActivity@504#0](this:0x7982146800,id:1509,api:1,p:504,c:800) queueBuffer: fps=28.50 dur=1263.21 max=354.74 min=14.96
05-21 16:23:03.670   504   504 I 通道: : false
05-21 16:23:03.671   800   800 I SurfaceFlinger: screenshot (com.oringnet.wm/com.oring.SlideActivity@504#0)
05-21 16:23:03.922   800   800 I SurfaceFlinger: screenshot (com.oringnet.wm/com.oring.SlideActivity@504#0)
05-21 16:23:04.406   504   504 I ViewRootImpl: ViewRoot's Touch Event : ACTION_DOWN
05-21 16:23:04.424   504   504 I ViewRootImpl: ViewRoot's Touch Event : ACTION_UP
05-21 16:23:04.489   504   504 I 通道: : false
05-21 16:23:04.556   800   800 I SurfaceFlinger: screenshot (com.oringnet.wm/com.oring.SlideActivity@504#0)
05-21 16:23:04.661   800  2411 I BufferQueueProducer: [com.oringnet.wm/com.oring.SlideActivity@504#0](this:0x7982146800,id:1509,api:1,p:504,c:800) queueBuffer: fps=34.94 dur=1001.80 max=420.60 min=14.05
05-21 16:23:04.688   800   800 I SurfaceFlinger: screenshot (com.oringnet.wm/com.oring.SlideActivity@504#0)
05-21 16:23:05.192   504   504 I ViewRootImpl: ViewRoot's Touch Event : ACTION_DOWN
05-21 16:23:05.195   800   800 I SurfaceFlinger: screenshot (com.oringnet.wm/com.oring.SlideActivity@504#0)
05-21 16:23:05.215   504   504 I ViewRootImpl: ViewRoot's Touch Event : ACTION_UP
05-21 16:23:05.265   504   504 I 通道: : false
05-21 16:23:05.338   800   800 I SurfaceFlinger: screenshot (com.oringnet.wm/com.oring.SlideActivity@504#0)
05-21 16:23:05.537   800   800 I SurfaceFlinger: screenshot (com.oringnet.wm/com.oring.SlideActivity@504#0)
05-21 16:23:05.971   504   504 I ViewRootImpl: ViewRoot's Touch Event : ACTION_DOWN
05-21 16:23:05.983   504   504 I ViewRootImpl: ViewRoot's Touch Event : ACTION_UP
05-21 16:23:06.014   800  2411 I BufferQueueProducer: [com.oringnet.wm/com.oring.SlideActivity@504#0](this:0x7982146800,id:1509,api:1,p:504,c:800) queueBuffer: fps=29.57 dur=1352.63 max=355.22 min=14.02
05-21 16:23:06.038   504   504 I 通道: : false
05-21 16:23:06.124   800   800 I SurfaceFlinger: screenshot (com.oringnet.wm/com.oring.SlideActivity@504#0)
05-21 16:23:06.390   800   800 I SurfaceFlinger: screenshot (com.oringnet.wm/com.oring.SlideActivity@504#0)
05-21 16:23:06.741   504   504 I ViewRootImpl: ViewRoot's Touch Event : ACTION_DOWN
05-21 16:23:06.758   504   504 I ViewRootImpl: ViewRoot's Touch Event : ACTION_UP
05-21 16:23:06.819   504   504 I 通道: : false
05-21 16:23:06.940   800   800 I SurfaceFlinger: screenshot (com.oringnet.wm/com.oring.SlideActivity@504#0)
05-21 16:23:07.029   800   852 I BufferQueueProducer: [com.oringnet.wm/com.oring.SlideActivity@504#0](this:0x7982146800,id:1509,api:1,p:504,c:800) queueBuffer: fps=37.45 dur=1014.72 max=376.54 min=9.42
05-21 16:23:07.093   800   800 I SurfaceFlinger: screenshot (com.oringnet.wm/com.oring.SlideActivity@504#0)
05-21 16:23:07.105   800   800 I SurfaceFlinger: screenshot (com.oringnet.wm/com.oring.SlideActivity@504#0)
05-21 16:23:07.538   504   504 I ViewRootImpl: ViewRoot's Touch Event : ACTION_DOWN
05-21 16:23:07.546   504   504 I ViewRootImpl: ViewRoot's Touch Event : ACTION_UP
05-21 16:23:07.553   504   504 I BitShift:: 0000
05-21 16:23:07.554   504   504 I BitShift:: 0000
05-21 16:23:07.555   504   504 I BitShift:: 00000000
05-21 16:23:07.555   800   800 I SurfaceFlinger: screenshot (com.oringnet.wm/com.oring.SlideActivity@504#0)
05-21 16:23:07.576   504   504 D PhoneWindow: windowLightStatusBar : false, disable View.SYSTEM_UI_FLAG_LIGHT_STATUS_BAR
05-21 16:23:07.601   504   504 I TouchFilterInputStageHelper: [needTouchEventFilter] Displayid : 0
05-21 16:23:07.609   504   504 D BezellessGripSuppressionFilter: getdisplaysize, x : 720 y : 1600
05-21 16:23:07.628   800   975 I BufferQueueConsumer: [com.oringnet.wm/com.oring.SlideActivity@504#1](this:0x798eaaf000,id:1516,api:0,p:-1,c:800) setConsumerName: com.oringnet.wm/com.oring.SlideActivity@504#1
05-21 16:23:07.628   800   975 I BufferQueueConsumer: [com.oringnet.wm/com.oring.SlideActivity@504#1](this:0x798eaaf000,id:1516,api:0,p:-1,c:800) setDefaultBufferSize: width=126 height=126
05-21 16:23:07.628   800   975 I SurfaceFlinger: Create BufferLayer(0x798eb20000) com.oringnet.wm/com.oring.SlideActivity@504#1 (126 x 126)
05-21 16:23:07.640   504   555 D Surface : Surface::connect(this=0x7709555000,api=1)
05-21 16:23:07.640   800   975 I BufferQueueProducer: [com.oringnet.wm/com.oring.SlideActivity@504#1](this:0x798eaaf000,id:1516,api:1,p:504,c:800) connect(P): api=1 producer=(504:com.oringnet.wm) producerControlledByApp=false
05-21 16:23:07.642   504   555 D Surface : Surface::setBufferCount(this=0x7709555000,bufferCount=3)
05-21 16:23:07.642   504   555 D Surface : Surface::allocateBuffers(this=0x7709555000)
05-21 16:23:07.693   504   504 W UiThreadStatement: Already on the UI thread, this method should not be called from the main application thread
05-21 16:23:07.693   504   504 I GatewayTest 0請求: 00100A4800010200000e48
05-21 16:23:07.693   504   504 I GatewayTest 0響應: 00100a48000183d6
05-21 16:23:07.693   504   504 I Listenable:: 0
05-21 16:23:07.693   504   504 I Listenable:: 1
05-21 16:23:07.693   504   504 I Listenable:step >: 1
05-21 16:23:07.693   504   504 I Listenable:: 111
05-21 16:23:07.694   504   504 I BitShift:: 0000
05-21 16:23:07.695   504   504 I BitShift:: 0000
05-21 16:23:07.696   504   504 I BitShift:: 00000000
05-21 16:23:07.705   800   800 I MiniDump: 0x798216d000 |     DEVICE |          0 | 1.000 |    0    0  720 1600 |   0.0   0.0 720.0 1600.0 | com.oringnet.wm/com.oring.SlideActivity@504#0
05-21 16:23:07.705   800   800 I MiniDump: 0x798eb20000 |     DEVICE |          0 | 0.303 |  301  760  419  878 |   0.0   0.0 126.0 126.0 | com.oringnet.wm/com.oring.SlideActivity@504#1
05-21 16:23:07.712   800   800 I SurfaceFlinger: screenshot (com.oringnet.wm/com.oring.SlideActivity@504#0)
05-21 16:23:07.722   800   800 I MiniDump: 0x798216d000 |     DEVICE |          0 | 1.000 |    0    0  720 1600 |   0.0   0.0 720.0 1600.0 | com.oringnet.wm/com.oring.SlideActivity@504#0
05-21 16:23:07.722   800   800 I MiniDump: 0x798eb20000 |     DEVICE |          0 | 0.525 |  300  759  420  879 |   0.0   0.0 126.0 126.0 | com.oringnet.wm/com.oring.SlideActivity@504#1
05-21 16:23:07.810   504   504 I GatewayTest 1響應: 00100a490001d216
05-21 16:23:07.810   504   504 I Listenable:: 0
05-21 16:23:07.810   504   504 I Listenable:: 1
05-21 16:23:07.810   504   504 I Listenable:step >: 2
05-21 16:23:07.810   504   504 I Listenable:: 111
05-21 16:23:07.815   504   555 D Surface : Surface::disconnect(this=0x7709555000,api=1)
05-21 16:23:07.816   800   852 I BufferQueueProducer: [com.oringnet.wm/com.oring.SlideActivity@504#1](this:0x798eaaf000,id:1516,api:1,p:504,c:800) disconnect(P): api 1
05-21 16:23:07.832   504   504 I Listenable:: here
05-21 16:23:07.833   504   504 W UiThreadStatement: Already on the UI thread, this method should not be called from the main application thread
05-21 16:23:07.833   504   504 I GatewayTest -1請求: 00100A4900010200000f99
05-21 16:23:07.872   800   800 I SurfaceFlinger: screenshot (com.oringnet.wm/com.oring.SlideActivity@504#0)
05-21 16:23:07.994   800   800 I SurfaceFlinger: screenshot (com.oringnet.wm/com.oring.SlideActivity@504#0)
05-21 16:23:08.039   800   800 I MiniDump: 0x798216d000 |     DEVICE |          0 | 1.000 |    0    0  720 1600 |   0.0   0.0 720.0 1600.0 | com.oringnet.wm/com.oring.SlideActivity@504#0
