05-21 16:23:08.103   800   800 I SurfaceFlinger: Remove BufferLayer(0x798eb20000) com.oringnet.wm/com.oring.SlideActivity@504#1 (-1 x -1)
05-21 16:23:08.103   800   800 I BufferQueue: [com.oringnet.wm/com.oring.SlideActivity@504#1](this:0x798eaaf000,id:1516,api:1,p:-1,c:-1) ~BufferQueueCore
05-21 16:23:08.107   800   800 I MiniDump: 0x798216d000 |     DEVICE |          0 | 1.000 |    0    0  720 1600 |   0.0   0.0 720.0 1600.0 | com.oringnet.wm/com.oring.SlideActivity@504#0
05-21 16:23:08.112   800   800 I SurfaceFlinger: screenshot (com.oringnet.wm/com.oring.SlideActivity@504#0)
05-21 16:23:08.374   800   800 I SurfaceFlinger: screenshot (com.oringnet.wm/com.oring.SlideActivity@504#0)
05-21 16:23:08.538   800   800 I SurfaceFlinger: screenshot (com.oringnet.wm/com.oring.SlideActivity@504#0)
05-21 16:23:08.554   504   504 I ViewRootImpl: ViewRoot's Touch Event : ACTION_DOWN
05-21 16:23:08.564   504   504 I ViewRootImpl: ViewRoot's Touch Event : ACTION_UP
05-21 16:23:08.578   504   504 D PhoneWindow: windowLightStatusBar : false, disable View.SYSTEM_UI_FLAG_LIGHT_STATUS_BAR
05-21 16:23:08.610   504   504 I TouchFilterInputStageHelper: [needTouchEventFilter] Displayid : 0
05-21 16:23:08.615   504   504 D BezellessGripSuppressionFilter: getdisplaysize, x : 720 y : 1600
05-21 16:23:08.625   504   504 D BluetoothGatt: setCharacteristicNotification() - uuid: 6e400003-b5a3-f393-e0a9-e50e24dcca9e enable: true
05-21 16:23:08.646   800  2411 I BufferQueueConsumer: [com.oringnet.wm/com.oring.SlideActivity@504#1](this:0x798ea0a000,id:1517,api:0,p:-1,c:800) setConsumerName: com.oringnet.wm/com.oring.SlideActivity@504#1
05-21 16:23:08.646   800  2411 I BufferQueueConsumer: [com.oringnet.wm/com.oring.SlideActivity@504#1](this:0x798ea0a000,id:1517,api:0,p:-1,c:800) setDefaultBufferSize: width=126 height=126
05-21 16:23:08.646   800  2411 I SurfaceFlinger: Create BufferLayer(0x798eb03000) com.oringnet.wm/com.oring.SlideActivity@504#1 (126 x 126)
05-21 16:23:08.655   504   555 D Surface : Surface::connect(this=0x776bfae000,api=1)
05-21 16:23:08.656   800  4119 I BufferQueueProducer: [com.oringnet.wm/com.oring.SlideActivity@504#1](this:0x798ea0a000,id:1517,api:1,p:504,c:800) connect(P): api=1 producer=(504:com.oringnet.wm) producerControlledByApp=false
05-21 16:23:08.657   504   555 D Surface : Surface::setBufferCount(this=0x776bfae000,bufferCount=3)
05-21 16:23:08.657   504   555 D Surface : Surface::allocateBuffers(this=0x776bfae000)
05-21 16:23:08.717   800  4119 I BufferQueueProducer: [com.oringnet.wm/com.oring.SlideActivity@504#0](this:0x7982146800,id:1509,api:1,p:504,c:800) queueBuffer: fps=7.70 dur=1688.57 max=850.64 min=13.06
05-21 16:23:08.723   800   800 I MiniDump: 0x798216d000 |     DEVICE |          0 | 1.000 |    0    0  720 1600 |   0.0   0.0 720.0 1600.0 | com.oringnet.wm/com.oring.SlideActivity@504#0
05-21 16:23:08.723   800   800 I MiniDump: 0x798eb03000 |     DEVICE |          0 | 0.303 |  301  760  419  878 |   0.0   0.0 126.0 126.0 | com.oringnet.wm/com.oring.SlideActivity@504#1
05-21 16:23:08.730   800   800 I SurfaceFlinger: screenshot (com.oringnet.wm/com.oring.SlideActivity@504#0)
05-21 16:23:08.980   504   504 W UiThreadStatement: Already on the UI thread, this method should not be called from the main application thread
05-21 16:23:08.980   504   504 I GatewayTest 0請求: 00030A4800010615
05-21 16:23:08.981   504   504 I GatewayTest 0響應: 00030200008584
05-21 16:23:08.981   504   504 I Listenable:: 0
05-21 16:23:08.981   504   504 I Listenable:: 1
05-21 16:23:08.981   504   504 I Listenable:step >: 1
05-21 16:23:08.981   504   504 I Listenable:: 111
05-21 16:23:08.982   504   504 I Req_Enable 0-15:: 0000
05-21 16:23:08.990   800   800 I SurfaceFlinger: screenshot (com.oringnet.wm/com.oring.SlideActivity@504#0)
05-21 16:23:09.079   504   504 W UiThreadStatement: Already on the UI thread, this method should not be called from the main application thread
05-21 16:23:09.080   504   504 I GatewayTest 1請求: 00030A49000157d5
05-21 16:23:09.081   504   504 I GatewayTest 1響應: 00030200008584
05-21 16:23:09.081   504   504 I Listenable:: 0
05-21 16:23:09.081   504   504 I Listenable:: 1
05-21 16:23:09.081   504   504 I Listenable:step >: 2
05-21 16:23:09.081   504   504 I Listenable:: 111
05-21 16:23:09.082   504   504 I Req_Enable 16-31:: 0000
05-21 16:23:09.088   504   555 D Surface : Surface::disconnect(this=0x776bfae000,api=1)
05-21 16:23:09.088   800   851 I BufferQueueProducer: [com.oringnet.wm/com.oring.SlideActivity@504#1](this:0x798ea0a000,id:1517,api:1,p:504,c:800) disconnect(P): api 1
05-21 16:23:09.145   800   800 I SurfaceFlinger: screenshot (com.oringnet.wm/com.oring.SlideActivity@504#0)
05-21 16:23:09.247   800   800 I SurfaceFlinger: screenshot (com.oringnet.wm/com.oring.SlideActivity@504#0)
05-21 16:23:09.274   800   800 I MiniDump: 0x798216d000 |     DEVICE |          0 | 1.000 |    0    0  720 1600 |   0.0   0.0 720.0 1600.0 | com.oringnet.wm/com.oring.SlideActivity@504#0
05-21 16:23:09.353   800   800 I SurfaceFlinger: Remove BufferLayer(0x798eb03000) com.oringnet.wm/com.oring.SlideActivity@504#1 (-1 x -1)
05-21 16:23:09.353   800   800 I BufferQueue: [com.oringnet.wm/com.oring.SlideActivity@504#1](this:0x798ea0a000,id:1517,api:1,p:-1,c:-1) ~BufferQueueCore
05-21 16:23:09.357   800   800 I MiniDump: 0x798216d000 |     DEVICE |          0 | 1.000 |    0    0  720 1600 |   0.0   0.0 720.0 1600.0 | com.oringnet.wm/com.oring.SlideActivity@504#0
05-21 16:23:09.362   800   800 I SurfaceFlinger: screenshot (com.oringnet.wm/com.oring.SlideActivity@504#0)
05-21 16:23:09.472   800   800 I SurfaceFlinger: screenshot (com.oringnet.wm/com.oring.SlideActivity@504#0)
05-21 16:23:09.588   800   800 I SurfaceFlinger: screenshot (com.oringnet.wm/com.oring.SlideActivity@504#0)
05-21 16:23:09.739   800   800 I SurfaceFlinger: screenshot (com.oringnet.wm/com.oring.SlideActivity@504#0)
05-21 16:23:09.771   504   504 I ViewRootImpl: ViewRoot's Touch Event : ACTION_DOWN
05-21 16:23:09.784   504   504 I ViewRootImpl: ViewRoot's Touch Event : ACTION_UP
05-21 16:23:09.813   800   852 I BufferQueueProducer: [com.oringnet.wm/com.oring.SlideActivity@504#0](this:0x7982146800,id:1509,api:1,p:504,c:800) queueBuffer: fps=20.98 dur=1096.08 max=405.18 min=6.44
05-21 16:23:09.832   504   504 I 通道: : true
05-21 16:23:09.872   800   800 I SurfaceFlinger: screenshot (com.oringnet.wm/com.oring.SlideActivity@504#0)
05-21 16:23:10.124   800   800 I SurfaceFlinger: screenshot (com.oringnet.wm/com.oring.SlideActivity@504#0)
05-21 16:23:10.375   800   800 I SurfaceFlinger: screenshot (com.oringnet.wm/com.oring.SlideActivity@504#0)
05-21 16:23:10.555   504   504 I ViewRootImpl: ViewRoot's Touch Event : ACTION_DOWN
05-21 16:23:10.564   504   504 I ViewRootImpl: ViewRoot's Touch Event : ACTION_UP
05-21 16:23:10.573   800   800 I SurfaceFlinger: screenshot (com.oringnet.wm/com.oring.SlideActivity@504#0)
05-21 16:23:10.596   504   504 I 通道: : true
05-21 16:23:10.689   800   800 I SurfaceFlinger: screenshot (com.oringnet.wm/com.oring.SlideActivity@504#0)
05-21 16:23:10.806   800   800 I SurfaceFlinger: screenshot (com.oringnet.wm/com.oring.SlideActivity@504#0)
05-21 16:23:10.828   800   975 I BufferQueueProducer: [com.oringnet.wm/com.oring.SlideActivity@504#0](this:0x7982146800,id:1509,api:1,p:504,c:800) queueBuffer: fps=38.45 dur=1014.23 max=383.66 min=14.26
05-21 16:23:11.277   504   504 I ViewRootImpl: ViewRoot's Touch Event : ACTION_DOWN
05-21 16:23:11.291   504   504 I ViewRootImpl: ViewRoot's Touch Event : ACTION_UP
05-21 16:23:11.324   504   504 I 通道: : true
05-21 16:23:11.340   800   800 I SurfaceFlinger: screenshot (com.oringnet.wm/com.oring.SlideActivity@504#0)
05-21 16:23:11.538   800   800 I SurfaceFlinger: screenshot (com.oringnet.wm/com.oring.SlideActivity@504#0)
05-21 16:23:12.040   504   504 I ViewRootImpl: ViewRoot's Touch Event : ACTION_DOWN
05-21 16:23:12.059   504   504 I ViewRootImpl: ViewRoot's Touch Event : ACTION_UP
05-21 16:23:12.096   800   975 I BufferQueueProducer: [com.oringnet.wm/com.oring.SlideActivity@504#0](this:0x7982146800,id:1509,api:1,p:504,c:800) queueBuffer: fps=28.38 dur=1268.33 max=365.35 min=11.54
05-21 16:23:12.107   504   504 I 通道: : true
05-21 16:23:12.111   800   800 I SurfaceFlinger: screenshot (com.oringnet.wm/com.oring.SlideActivity@504#0)
05-21 16:23:12.222   800   800 I SurfaceFlinger: screenshot (com.oringnet.wm/com.oring.SlideActivity@504#0)
05-21 16:23:12.478   800   800 I SurfaceFlinger: screenshot (com.oringnet.wm/com.oring.SlideActivity@504#0)
05-21 16:23:12.740   355   480 I appium  : AppiumResponse: {"sessionId":"8342e195-704a-4d64-bb0e-9eb9048a8768","value":{"ELEMENT":"64def9e0-3817-4129-990a-c4438898f504","element-6066-11e4-a52e-4f735466cecf":"64def9e0-3817-4129-990a-c4438898f504"}}
05-21 16:23:12.768   355   480 I appium  : channel read: POST /wd/hub/session/8342e195-704a-4d64-bb0e-9eb9048a8768/element/64def9e0-3817-4129-990a-c4438898f504/click
05-21 16:23:12.824   504   504 I ViewRootImpl: ViewRoot's Touch Event : ACTION_DOWN
05-21 16:23:12.837   504   504 I ViewRootImpl: ViewRoot's Touch Event : ACTION_UP
05-21 16:23:12.883   504   504 I 通道: : true
05-21 16:23:12.957   800   800 I SurfaceFlinger: screenshot (com.oringnet.wm/com.oring.SlideActivity@504#0)
05-21 16:23:13.098   800   851 I BufferQueueProducer: [com.oringnet.wm/com.oring.SlideActivity@504#0](this:0x7982146800,id:1509,api:1,p:504,c:800) queueBuffer: fps=38.92 dur=1002.12 max=351.14 min=13.02
05-21 16:23:13.207   800   800 I SurfaceFlinger: screenshot (com.oringnet.wm/com.oring.SlideActivity@504#0)
05-21 16:23:13.590   504   504 I ViewRootImpl: ViewRoot's Touch Event : ACTION_DOWN
05-21 16:23:13.599   504   504 I ViewRootImpl: ViewRoot's Touch Event : ACTION_UP
05-21 16:23:13.625   504   504 I 通道: : true
05-21 16:23:13.759   800   800 I SurfaceFlinger: screenshot (com.oringnet.wm/com.oring.SlideActivity@504#0)
05-21 16:23:14.008   800   800 I SurfaceFlinger: screenshot (com.oringnet.wm/com.oring.SlideActivity@504#0)
05-21 16:23:14.358   504   504 I ViewRootImpl: ViewRoot's Touch Event : ACTION_DOWN
05-21 16:23:14.366   800   800 I SurfaceFlinger: screenshot (com.oringnet.wm/com.oring.SlideActivity@504#0)
05-21 16:23:14.378   504   504 I ViewRootImpl: ViewRoot's Touch Event : ACTION_UP
05-21 16:23:14.404   800   851 I BufferQueueProducer: [com.oringnet.wm/com.oring.SlideActivity@504#0](this:0x7982146800,id:1509,api:1,p:504,c:800) queueBuffer: fps=27.56 dur=1306.04 max=369.66 min=14.53
05-21 16:23:14.438   504   504 I 通道: : true
05-21 16:23:14.557   800   800 I SurfaceFlinger: screenshot (com.oringnet.wm/com.oring.SlideActivity@504#0)
05-21 16:23:14.808   800   800 I SurfaceFlinger: screenshot (com.oringnet.wm/com.oring.SlideActivity@504#0)
05-21 16:23:15.143   504   504 I ViewRootImpl: ViewRoot's Touch Event : ACTION_DOWN
05-21 16:23:15.155   504   504 I ViewRootImpl: ViewRoot's Touch Event : ACTION_UP
05-21 16:23:15.202   504   504 I 通道: : true
05-21 16:23:15.326   800   800 I SurfaceFlinger: screenshot (com.oringnet.wm/com.oring.SlideActivity@504#0)
05-21 16:23:15.415   800   851 I BufferQueueProducer: [com.oringnet.wm/com.oring.SlideActivity@504#0](this:0x7982146800,id:1509,api:1,p:504,c:800) queueBuffer: fps=39.56 dur=1011.22 max=316.50 min=10.82
05-21 16:23:15.490   800   800 I SurfaceFlinger: screenshot (com.oringnet.wm/com.oring.SlideActivity@504#0)
05-21 16:23:15.508   800   800 I SurfaceFlinger: screenshot (com.oringnet.wm/com.oring.SlideActivity@504#0)
05-21 16:23:15.964   504   504 I ViewRootImpl: ViewRoot's Touch Event : ACTION_DOWN
05-21 16:23:15.975   504   504 I ViewRootImpl: ViewRoot's Touch Event : ACTION_UP
05-21 16:23:15.987   504   504 I BitShift:: 00FF
05-21 16:23:15.988   504   504 I BitShift:: 0000
05-21 16:23:15.990   504   504 I BitShift:: 00FF0000
05-21 16:23:16.021   504   504 D PhoneWindow: windowLightStatusBar : false, disable View.SYSTEM_UI_FLAG_LIGHT_STATUS_BAR
05-21 16:23:16.056   504   504 I TouchFilterInputStageHelper: [needTouchEventFilter] Displayid : 0
05-21 16:23:16.065   504   504 D BezellessGripSuppressionFilter: getdisplaysize, x : 720 y : 1600
05-21 16:23:16.098   800   852 I BufferQueueConsumer: [com.oringnet.wm/com.oring.SlideActivity@504#1](this:0x7981e38800,id:1518,api:0,p:-1,c:800) setConsumerName: com.oringnet.wm/com.oring.SlideActivity@504#1
05-21 16:23:16.098   800   852 I BufferQueueConsumer: [com.oringnet.wm/com.oring.SlideActivity@504#1](this:0x7981e38800,id:1518,api:0,p:-1,c:800) setDefaultBufferSize: width=126 height=126
05-21 16:23:16.098   800   852 I SurfaceFlinger: Create BufferLayer(0x7982125000) com.oringnet.wm/com.oring.SlideActivity@504#1 (126 x 126)
05-21 16:23:16.112   504   555 D Surface : Surface::connect(this=0x776bfab000,api=1)
05-21 16:23:16.113   800   852 I BufferQueueProducer: [com.oringnet.wm/com.oring.SlideActivity@504#1](this:0x7981e38800,id:1518,api:1,p:504,c:800) connect(P): api=1 producer=(504:com.oringnet.wm) producerControlledByApp=false
05-21 16:23:16.114   504   555 D Surface : Surface::setBufferCount(this=0x776bfab000,bufferCount=3)
05-21 16:23:16.114   504   555 D Surface : Surface::allocateBuffers(this=0x776bfab000)
05-21 16:23:16.160   504   504 I GatewayTest 0響應: 00100a48000183d6
05-21 16:23:16.160   504   504 I Listenable:: 0
05-21 16:23:16.160   504   504 I Listenable:: 1
05-21 16:23:16.160   504   504 I Listenable:step >: 1
05-21 16:23:16.160   504   504 I Listenable:: 111
05-21 16:23:16.161   504   504 I BitShift:: 00FF
05-21 16:23:16.161   504   504 I BitShift:: 0000
05-21 16:23:16.163   504   504 I BitShift:: 00FF0000
05-21 16:23:16.172   504   504 W UiThreadStatement: Already on the UI thread, this method should not be called from the main application thread
05-21 16:23:16.172   504   504 I GatewayTest 1請求: 00100A4800010200FF4e08
05-21 16:23:16.176   800   800 I SurfaceFlinger: screenshot (com.oringnet.wm/com.oring.SlideActivity@504#0)
05-21 16:23:16.190   800   800 I MiniDump: 0x798216d000 |     DEVICE |          0 | 1.000 |    0    0  720 1600 |   0.0   0.0 720.0 1600.0 | com.oringnet.wm/com.oring.SlideActivity@504#0
05-21 16:23:16.190   800   800 I MiniDump: 0x7982125000 |     DEVICE |          0 | 0.303 |  301  760  419  878 |   0.0   0.0 126.0 126.0 | com.oringnet.wm/com.oring.SlideActivity@504#1
05-21 16:23:16.247   504   504 I GatewayTest 1響應: 00100a490001d216
05-21 16:23:16.247   504   504 I Listenable:: 0
05-21 16:23:16.247   504   504 I Listenable:: 1
05-21 16:23:16.247   504   504 I Listenable:step >: 2
05-21 16:23:16.247   504   504 I Listenable:: 111
05-21 16:23:16.252   504   555 D Surface : Surface::disconnect(this=0x776bfab000,api=1)
05-21 16:23:16.253   800   851 I BufferQueueProducer: [com.oringnet.wm/com.oring.SlideActivity@504#1](this:0x7981e38800,id:1518,api:1,p:504,c:800) disconnect(P): api 1
05-21 16:23:16.268   504   504 I Listenable:: here
05-21 16:23:16.268   504   504 W UiThreadStatement: Already on the UI thread, this method should not be called from the main application thread
05-21 16:23:16.269   504   504 I GatewayTest -1請求: 00100A4900010200000f99
05-21 16:23:16.307   800   800 I SurfaceFlinger: screenshot (com.oringnet.wm/com.oring.SlideActivity@504#0)
05-21 16:23:16.413   800   800 I SurfaceFlinger: screenshot (com.oringnet.wm/com.oring.SlideActivity@504#0)
05-21 16:23:16.476   800   800 I MiniDump: 0x798216d000 |     DEVICE |          0 | 1.000 |    0    0  720 1600 |   0.0   0.0 720.0 1600.0 | com.oringnet.wm/com.oring.SlideActivity@504#0
05-21 16:23:16.537   800   800 I SurfaceFlinger: Remove BufferLayer(0x7982125000) com.oringnet.wm/com.oring.SlideActivity@504#1 (-1 x -1)
05-21 16:23:16.538   800   800 I BufferQueue: [com.oringnet.wm/com.oring.SlideActivity@504#1](this:0x7981e38800,id:1518,api:1,p:-1,c:-1) ~BufferQueueCore
05-21 16:23:16.541   800   800 I MiniDump: 0x798216d000 |     DEVICE |          0 | 1.000 |    0    0  720 1600 |   0.0   0.0 720.0 1600.0 | com.oringnet.wm/com.oring.SlideActivity@504#0
05-21 16:23:16.573   800   800 I SurfaceFlinger: screenshot (com.oringnet.wm/com.oring.SlideActivity@504#0)
05-21 16:23:16.674   800   800 I SurfaceFlinger: screenshot (com.oringnet.wm/com.oring.SlideActivity@504#0)
05-21 16:23:16.926   800   800 I SurfaceFlinger: screenshot (com.oringnet.wm/com.oring.SlideActivity@504#0)
05-21 16:23:16.959   504   504 I ViewRootImpl: ViewRoot's Touch Event : ACTION_DOWN
05-21 16:23:16.970   504   504 I ViewRootImpl: ViewRoot's Touch Event : ACTION_UP
05-21 16:23:16.990   504   504 D PhoneWindow: windowLightStatusBar : false, disable View.SYSTEM_UI_FLAG_LIGHT_STATUS_BAR
05-21 16:23:17.021   504   504 I TouchFilterInputStageHelper: [needTouchEventFilter] Displayid : 0
05-21 16:23:17.031   504   504 D BezellessGripSuppressionFilter: getdisplaysize, x : 720 y : 1600
05-21 16:23:17.049   504   504 D BluetoothGatt: setCharacteristicNotification() - uuid: 6e400003-b5a3-f393-e0a9-e50e24dcca9e enable: true
05-21 16:23:17.057   800   800 I SurfaceFlinger: screenshot (com.oringnet.wm/com.oring.SlideActivity@504#0)
05-21 16:23:17.072   800  2411 I BufferQueueConsumer: [com.oringnet.wm/com.oring.SlideActivity@504#1](this:0x798ea0a000,id:1519,api:0,p:-1,c:800) setConsumerName: com.oringnet.wm/com.oring.SlideActivity@504#1
05-21 16:23:17.072   800  2411 I BufferQueueConsumer: [com.oringnet.wm/com.oring.SlideActivity@504#1](this:0x798ea0a000,id:1519,api:0,p:-1,c:800) setDefaultBufferSize: width=126 height=126
05-21 16:23:17.072   800  2411 I SurfaceFlinger: Create BufferLayer(0x797e3f0000) com.oringnet.wm/com.oring.SlideActivity@504#1 (126 x 126)
05-21 16:23:17.082   504   555 D Surface : Surface::connect(this=0x776c028000,api=1)
05-21 16:23:17.082   800  2411 I BufferQueueProducer: [com.oringnet.wm/com.oring.SlideActivity@504#1](this:0x798ea0a000,id:1519,api:1,p:504,c:800) connect(P): api=1 producer=(504:com.oringnet.wm) producerControlledByApp=false
05-21 16:23:17.084   504   555 D Surface : Surface::setBufferCount(this=0x776c028000,bufferCount=3)
05-21 16:23:17.084   504   555 D Surface : Surface::allocateBuffers(this=0x776c028000)
05-21 16:23:17.157   800   800 I MiniDump: 0x798216d000 |     DEVICE |          0 | 1.000 |    0    0  720 1600 |   0.0   0.0 720.0 1600.0 | com.oringnet.wm/com.oring.SlideActivity@504#0
05-21 16:23:17.157   800   800 I MiniDump: 0x797e3f0000 |     DEVICE |          0 | 0.303 |  301  760  419  878 |   0.0   0.0 126.0 126.0 | com.oringnet.wm/com.oring.SlideActivity@504#1
05-21 16:23:17.164   800   800 I SurfaceFlinger: screenshot (com.oringnet.wm/com.oring.SlideActivity@504#0)
05-21 16:23:17.214   800  2411 I BufferQueueProducer: [com.oringnet.wm/com.oring.SlideActivity@504#0](this:0x7982146800,id:1509,api:1,p:504,c:800) queueBuffer: fps=7.79 dur=1798.21 max=903.58 min=10.74
05-21 16:23:17.268   504   504 W UiThreadStatement: Already on the UI thread, this method should not be called from the main application thread
05-21 16:23:17.268   504   504 I GatewayTest 8請求: 000303200002c454
05-21 16:23:17.268   504   504 I GatewayTest 8響應: 00030400000000eaf3
05-21 16:23:17.268   504   504 I Listenable:: 0
05-21 16:23:17.268   504   504 I Listenable:: 1
05-21 16:23:17.268   504   504 I Listenable:step >: 9
05-21 16:23:17.268   504   504 I Listenable:: 111
05-21 16:23:17.268   504   504 I Bau:    : 0
05-21 16:23:17.365   504   504 W UiThreadStatement: Already on the UI thread, this method should not be called from the main application thread
05-21 16:23:17.365   504   504 I GatewayTest 9請求: 0003033000018590
05-21 16:23:17.366   504   504 I GatewayTest 9響應: 00030200008584
05-21 16:23:17.366   504   504 I Listenable:: 0
05-21 16:23:17.366   504   504 I Listenable:: 1
05-21 16:23:17.366   504   504 I Listenable:step >: 10
05-21 16:23:17.366   504   504 I Listenable:: 111
05-21 16:23:17.366   504   504 I SERIAL_DATA_BITS: >> 0
05-21 16:23:17.374   504   504 I DataBits: >> 0
05-21 16:23:17.424   800   800 I SurfaceFlinger: screenshot (com.oringnet.wm/com.oring.SlideActivity@504#0)
05-21 16:23:17.464   504   504 W UiThreadStatement: Already on the UI thread, this method should not be called from the main application thread
05-21 16:23:17.464   504   504 I GatewayTest 10請求: 0003033800010452
05-21 16:23:17.465   504   504 I GatewayTest 10響應: 00030200008584
05-21 16:23:17.465   504   504 I Listenable:: 0
05-21 16:23:17.465   504   504 I Listenable:: 1
05-21 16:23:17.465   504   504 I Listenable:step >: 11
05-21 16:23:17.465   504   504 I Listenable:: 111
05-21 16:23:17.540   800   800 I SurfaceFlinger: screenshot (com.oringnet.wm/com.oring.SlideActivity@504#0)
05-21 16:23:17.560   504   504 W UiThreadStatement: Already on the UI thread, this method should not be called from the main application thread
05-21 16:23:17.560   504   504 I GatewayTest 11請求: 000303400001844b
05-21 16:23:17.561   504   504 I GatewayTest 11響應: 00030200008584
05-21 16:23:17.561   504   504 I Listenable:: 0
05-21 16:23:17.561   504   504 I Listenable:: 1
05-21 16:23:17.561   504   504 I Listenable:step >: 12
05-21 16:23:17.561   504   504 I Listenable:: 111
05-21 16:23:17.641   800   800 I SurfaceFlinger: screenshot (com.oringnet.wm/com.oring.SlideActivity@504#0)
05-21 16:23:17.658   504   504 I GatewayTest 12響應: 00030200008584
05-21 16:23:17.658   504   504 I Listenable:: 0
05-21 16:23:17.658   504   504 I Listenable:: 1
05-21 16:23:17.658   504   504 I Listenable:step >: 13
05-21 16:23:17.658   504   504 I Listenable:: 111
05-21 16:23:17.662   504   555 D Surface : Surface::disconnect(this=0x776c028000,api=1)
05-21 16:23:17.663   800   851 I BufferQueueProducer: [com.oringnet.wm/com.oring.SlideActivity@504#1](this:0x798ea0a000,id:1519,api:1,p:504,c:800) disconnect(P): api 1
05-21 16:23:17.675   504   504 W UiThreadStatement: Already on the UI thread, this method should not be called from the main application thread
05-21 16:23:17.675   504   504 I GatewayTest -1請求: 0003034800010589
05-21 16:23:17.780   800   800 I SurfaceFlinger: screenshot (com.oringnet.wm/com.oring.SlideActivity@504#0)
05-21 16:23:17.843   800   800 I MiniDump: 0x798216d000 |     DEVICE |          0 | 1.000 |    0    0  720 1600 |   0.0   0.0 720.0 1600.0 | com.oringnet.wm/com.oring.SlideActivity@504#0
05-21 16:23:17.921   800   800 I SurfaceFlinger: Remove BufferLayer(0x797e3f0000) com.oringnet.wm/com.oring.SlideActivity@504#1 (-1 x -1)
05-21 16:23:17.922   800   800 I BufferQueue: [com.oringnet.wm/com.oring.SlideActivity@504#1](this:0x798ea0a000,id:1519,api:1,p:-1,c:-1) ~BufferQueueCore
05-21 16:23:17.926   800   800 I MiniDump: 0x798216d000 |     DEVICE |          0 | 1.000 |    0    0  720 1600 |   0.0   0.0 720.0 1600.0 | com.oringnet.wm/com.oring.SlideActivity@504#0
05-21 16:23:17.933   800   800 I SurfaceFlinger: screenshot (com.oringnet.wm/com.oring.SlideActivity@504#0)
05-21 16:23:18.193   800   800 I SurfaceFlinger: screenshot (com.oringnet.wm/com.oring.SlideActivity@504#0)
05-21 16:23:18.459   800   800 I SurfaceFlinger: screenshot (com.oringnet.wm/com.oring.SlideActivity@504#0)
05-21 16:23:18.553   800   800 I SurfaceFlinger: screenshot (com.oringnet.wm/com.oring.SlideActivity@504#0)
05-21 16:23:18.573   800   800 I SurfaceFlinger: screenshot (com.oringnet.wm/com.oring.SlideActivity@504#0)
05-21 16:23:18.674   800   800 I SurfaceFlinger: screenshot (com.oringnet.wm/com.oring.SlideActivity@504#0)
05-21 16:23:18.774   800   800 I SurfaceFlinger: screenshot (com.oringnet.wm/com.oring.SlideActivity@504#0)
05-21 16:23:18.891   800   800 I SurfaceFlinger: screenshot (com.oringnet.wm/com.oring.SlideActivity@504#0)
05-21 16:23:18.907   504   504 I ViewRootImpl: ViewRoot's Touch Event : ACTION_DOWN
05-21 16:23:18.915   504   504 I ViewRootImpl: ViewRoot's Touch Event : ACTION_UP
05-21 16:23:18.951   800  2411 I BufferQueueProducer: [com.oringnet.wm/com.oring.SlideActivity@504#0](this:0x7982146800,id:1509,api:1,p:504,c:800) queueBuffer: fps=4.60 dur=1737.83 max=1239.73 min=10.37
05-21 16:23:19.007   800   800 I SurfaceFlinger: screenshot (com.oringnet.wm/com.oring.SlideActivity@504#0)
05-21 16:23:19.124   800   800 I SurfaceFlinger: screenshot (com.oringnet.wm/com.oring.SlideActivity@504#0)
05-21 16:23:19.377   800   800 I SurfaceFlinger: screenshot (com.oringnet.wm/com.oring.SlideActivity@504#0)
05-21 16:23:19.640   504   504 I ViewRootImpl: ViewRoot's Touch Event : ACTION_DOWN
05-21 16:23:19.652   504   504 I ViewRootImpl: ViewRoot's Touch Event : ACTION_UP
05-21 16:23:19.674   504   504 D PhoneWindow: windowLightStatusBar : false, disable View.SYSTEM_UI_FLAG_LIGHT_STATUS_BAR
05-21 16:23:19.714   504   504 I TouchFilterInputStageHelper: [needTouchEventFilter] Displayid : 0
05-21 16:23:19.718   504   504 D BezellessGripSuppressionFilter: getdisplaysize, x : 720 y : 1600
05-21 16:23:19.726   504   504 D BluetoothGatt: setCharacteristicNotification() - uuid: 6e400003-b5a3-f393-e0a9-e50e24dcca9e enable: true
05-21 16:23:19.746   800   852 I BufferQueueConsumer: [com.oringnet.wm/com.oring.SlideActivity@504#1](this:0x79820a2000,id:1520,api:0,p:-1,c:800) setConsumerName: com.oringnet.wm/com.oring.SlideActivity@504#1
05-21 16:23:19.746   800   852 I BufferQueueConsumer: [com.oringnet.wm/com.oring.SlideActivity@504#1](this:0x79820a2000,id:1520,api:0,p:-1,c:800) setDefaultBufferSize: width=126 height=126
05-21 16:23:19.746   800   852 I SurfaceFlinger: Create BufferLayer(0x7982125000) com.oringnet.wm/com.oring.SlideActivity@504#1 (126 x 126)
05-21 16:23:19.755   504   555 D Surface : Surface::connect(this=0x776c155000,api=1)
05-21 16:23:19.757   800  2411 I BufferQueueProducer: [com.oringnet.wm/com.oring.SlideActivity@504#1](this:0x79820a2000,id:1520,api:1,p:504,c:800) connect(P): api=1 producer=(504:com.oringnet.wm) producerControlledByApp=false
05-21 16:23:19.759   504   555 D Surface : Surface::setBufferCount(this=0x776c155000,bufferCount=3)
05-21 16:23:19.759   504   555 D Surface : Surface::allocateBuffers(this=0x776c155000)
05-21 16:23:19.793   800   800 I SurfaceFlinger: screenshot (com.oringnet.wm/com.oring.SlideActivity@504#0)
05-21 16:23:19.824   800   800 I MiniDump: 0x798216d000 |     DEVICE |          0 | 1.000 |    0    0  720 1600 |   0.0   0.0 720.0 1600.0 | com.oringnet.wm/com.oring.SlideActivity@504#0
05-21 16:23:19.824   800   800 I MiniDump: 0x7982125000 |     DEVICE |          0 | 0.303 |  301  760  419  878 |   0.0   0.0 126.0 126.0 | com.oringnet.wm/com.oring.SlideActivity@504#1
05-21 16:23:20.044   800   800 I SurfaceFlinger: screenshot (com.oringnet.wm/com.oring.SlideActivity@504#0)
05-21 16:23:20.158   800   800 I SurfaceFlinger: screenshot (com.oringnet.wm/com.oring.SlideActivity@504#0)
05-21 16:23:20.209   800   851 I BufferQueueProducer: [com.oringnet.wm/com.oring.SlideActivity@504#0](this:0x7982146800,id:1509,api:1,p:504,c:800) queueBuffer: fps=7.95 dur=1257.69 max=680.83 min=8.15
05-21 16:23:20.258   800   800 I SurfaceFlinger: screenshot (com.oringnet.wm/com.oring.SlideActivity@504#0)
05-21 16:23:20.291   504   504 I GatewayTest 0響應: 00030200ffc5c4
05-21 16:23:20.291   504   504 I Listenable:: 0
05-21 16:23:20.291   504   504 I Listenable:: 1
05-21 16:23:20.291   504   504 I Listenable:step >: 1
05-21 16:23:20.291   504   504 I Listenable:: 111
05-21 16:23:20.292   504   504 I Req_Enable 0-15:: 00ff
05-21 16:23:20.299   504   504 I 通道: : true
05-21 16:23:20.301   504   504 I chatty  : uid=10304(com.oringnet.wm) identical 5 lines
05-21 16:23:20.302   504   504 I 通道: : true
05-21 16:23:20.302   504   504 W UiThreadStatement: Already on the UI thread, this method should not be called from the main application thread
05-21 16:23:20.302   504   504 I GatewayTest 1請求: 00030A4800010615
05-21 16:23:20.302   504   504 I 通道: : true
05-21 16:23:20.375   800   800 I SurfaceFlinger: screenshot (com.oringnet.wm/com.oring.SlideActivity@504#0)
05-21 16:23:20.389   504   504 I GatewayTest 1響應: 00030200008584
05-21 16:23:20.389   504   504 I Listenable:: 0
05-21 16:23:20.389   504   504 I Listenable:: 1
05-21 16:23:20.389   504   504 I Listenable:step >: 2
05-21 16:23:20.389   504   504 I Listenable:: 111
05-21 16:23:20.389   504   504 I Req_Enable 16-31:: 0000
05-21 16:23:20.393   504   555 D Surface : Surface::disconnect(this=0x776c155000,api=1)
05-21 16:23:20.394   800   851 I BufferQueueProducer: [com.oringnet.wm/com.oring.SlideActivity@504#1](this:0x79820a2000,id:1520,api:1,p:504,c:800) disconnect(P): api 1
05-21 16:23:20.407   504   504 W UiThreadStatement: Already on the UI thread, this method should not be called from the main application thread
05-21 16:23:20.407   504   504 I GatewayTest -1請求: 00030A49000157d5
05-21 16:23:20.574   800   800 I MiniDump: 0x798216d000 |     DEVICE |          0 | 1.000 |    0    0  720 1600 |   0.0   0.0 720.0 1600.0 | com.oringnet.wm/com.oring.SlideActivity@504#0
05-21 16:23:20.627   800   800 I SurfaceFlinger: screenshot (com.oringnet.wm/com.oring.SlideActivity@504#0)
05-21 16:23:20.655   800   800 I SurfaceFlinger: Remove BufferLayer(0x7982125000) com.oringnet.wm/com.oring.SlideActivity@504#1 (-1 x -1)
05-21 16:23:20.656   800   800 I BufferQueue: [com.oringnet.wm/com.oring.SlideActivity@504#1](this:0x79820a2000,id:1520,api:1,p:-1,c:-1) ~BufferQueueCore
05-21 16:23:20.659   800   800 I MiniDump: 0x798216d000 |     DEVICE |          0 | 1.000 |    0    0  720 1600 |   0.0   0.0 720.0 1600.0 | com.oringnet.wm/com.oring.SlideActivity@504#0
05-21 16:23:20.893   800   800 I SurfaceFlinger: screenshot (com.oringnet.wm/com.oring.SlideActivity@504#0)
05-21 16:23:21.158   800   800 I SurfaceFlinger: screenshot (com.oringnet.wm/com.oring.SlideActivity@504#0)
05-21 16:23:21.249   800   800 I SurfaceFlinger: screenshot (com.oringnet.wm/com.oring.SlideActivity@504#0)
05-21 16:23:21.258   800   800 I SurfaceFlinger: screenshot (com.oringnet.wm/com.oring.SlideActivity@504#0)
05-21 16:23:21.374   800   800 I SurfaceFlinger: screenshot (com.oringnet.wm/com.oring.SlideActivity@504#0)
05-21 16:23:21.491   800   800 I SurfaceFlinger: screenshot (com.oringnet.wm/com.oring.SlideActivity@504#0)
05-21 16:23:21.591   800   800 I SurfaceFlinger: screenshot (com.oringnet.wm/com.oring.SlideActivity@504#0)
05-21 16:23:21.607   504   504 I ViewRootImpl: ViewRoot's Touch Event : ACTION_DOWN
05-21 16:23:21.618   504   504 I ViewRootImpl: ViewRoot's Touch Event : ACTION_UP
05-21 16:23:21.705   800  4119 I BufferQueueProducer: [com.oringnet.wm/com.oring.SlideActivity@504#0](this:0x7982146800,id:1509,api:1,p:504,c:800) queueBuffer: fps=3.34 dur=1495.85 max=1268.76 min=7.24
05-21 16:23:21.741   800   800 I SurfaceFlinger: screenshot (com.oringnet.wm/com.oring.SlideActivity@504#0)
05-21 16:23:21.842   800   800 I SurfaceFlinger: screenshot (com.oringnet.wm/com.oring.SlideActivity@504#0)
05-21 16:23:21.950   800   800 I SurfaceFlinger: screenshot (com.oringnet.wm/com.oring.SlideActivity@504#0)
05-21 16:23:21.957   800   800 I SurfaceFlinger: screenshot (com.oringnet.wm/com.oring.SlideActivity@504#0)
05-21 16:23:22.058   800   800 I SurfaceFlinger: screenshot (com.oringnet.wm/com.oring.SlideActivity@504#0)
05-21 16:23:22.158   800   800 I SurfaceFlinger: screenshot (com.oringnet.wm/com.oring.SlideActivity@504#0)
05-21 16:23:22.392   504   504 I ViewRootImpl: ViewRoot's Touch Event : ACTION_DOWN
05-21 16:23:22.402   504   504 I ViewRootImpl: ViewRoot's Touch Event : ACTION_UP
05-21 16:23:22.419   504   504 D PhoneWindow: windowLightStatusBar : false, disable View.SYSTEM_UI_FLAG_LIGHT_STATUS_BAR
05-21 16:23:22.427   800   800 I SurfaceFlinger: screenshot (com.oringnet.wm/com.oring.SlideActivity@504#0)
05-21 16:23:22.450  1412  1463 I AutomaticBrightnessControllerEx: [MultiALC] lux = 145.0, time = 310135046
05-21 16:23:22.451   504   504 I TouchFilterInputStageHelper: [needTouchEventFilter] Displayid : 0
05-21 16:23:22.466   504   504 D BezellessGripSuppressionFilter: getdisplaysize, x : 720 y : 1600
05-21 16:23:22.478   504   504 D BluetoothGatt: setCharacteristicNotification() - uuid: 6e400003-b5a3-f393-e0a9-e50e24dcca9e enable: true
05-21 16:23:22.504   800  4119 I BufferQueueConsumer: [unnamed-800-1521](this:0x79820a2000,id:1521,api:0,p:-1,c:800) connect(C): consumer=(800:/system/bin/surfaceflinger) controlledByApp=false
05-21 16:23:22.504   800  4119 I BufferQueueConsumer: [unnamed-800-1521](this:0x79820a2000,id:1521,api:0,p:-1,c:800) setConsumerName: unnamed-800-1521
05-21 16:23:22.504   800  4119 I BufferQueueConsumer: [com.oringnet.wm/com.oring.SlideActivity@504#1](this:0x79820a2000,id:1521,api:0,p:-1,c:800) setConsumerName: com.oringnet.wm/com.oring.SlideActivity@504#1
05-21 16:23:22.504   800  4119 I BufferQueueConsumer: [com.oringnet.wm/com.oring.SlideActivity@504#1](this:0x79820a2000,id:1521,api:0,p:-1,c:800) setDefaultBufferSize: width=126 height=126
05-21 16:23:22.504   800  4119 I SurfaceFlinger: Create BufferLayer(0x7982167000) com.oringnet.wm/com.oring.SlideActivity@504#1 (126 x 126)
05-21 16:23:22.514   504   555 D Surface : Surface::connect(this=0x7708af6000,api=1)
05-21 16:23:22.514   800  4119 I BufferQueueProducer: [com.oringnet.wm/com.oring.SlideActivity@504#1](this:0x79820a2000,id:1521,api:1,p:504,c:800) connect(P): api=1 producer=(504:com.oringnet.wm) producerControlledByApp=false
05-21 16:23:22.516   504   555 D Surface : Surface::setBufferCount(this=0x7708af6000,bufferCount=3)
05-21 16:23:22.516   504   555 D Surface : Surface::allocateBuffers(this=0x7708af6000)
05-21 16:23:22.591   800   800 I MiniDump: 0x798216d000 |     DEVICE |          0 | 1.000 |    0    0  720 1600 |   0.0   0.0 720.0 1600.0 | com.oringnet.wm/com.oring.SlideActivity@504#0
05-21 16:23:22.591   800   800 I MiniDump: 0x7982167000 |     DEVICE |          0 | 0.287 |  301  760  419  878 |   0.0   0.0 126.0 126.0 | com.oringnet.wm/com.oring.SlideActivity@504#1
05-21 16:23:22.598   800   800 I SurfaceFlinger: screenshot (com.oringnet.wm/com.oring.SlideActivity@504#0)
05-21 16:23:22.680   504   504 I GatewayTest 0響應: 00030200ffc5c4
05-21 16:23:22.681   504   504 I Listenable:: 0
05-21 16:23:22.681   504   504 I Listenable:: 1
05-21 16:23:22.681   504   504 I Listenable:step >: 1
05-21 16:23:22.681   504   504 I Listenable:: 111
05-21 16:23:22.682   504   504 I Req_Enable 0-15:: 00ff
05-21 16:23:22.693   504   504 I 通道: : true
05-21 16:23:22.694   504   504 I chatty  : uid=10304(com.oringnet.wm) identical 2 lines
05-21 16:23:22.694   504   504 I 通道: : true
05-21 16:23:22.694   504   504 W UiThreadStatement: Already on the UI thread, this method should not be called from the main application thread
05-21 16:23:22.695   504   504 I GatewayTest 1請求: 00030A4800010615
05-21 16:23:22.695   504   504 I 通道: : true
05-21 16:23:22.697   504   504 I chatty  : uid=10304(com.oringnet.wm) identical 2 lines
05-21 16:23:22.698   504   504 I 通道: : true
05-21 16:23:22.778   504   504 W UiThreadStatement: Already on the UI thread, this method should not be called from the main application thread
05-21 16:23:22.778   504   504 I GatewayTest 1請求: 00030A49000157d5
05-21 16:23:22.780   504   504 I GatewayTest 1響應: 00030200008584
05-21 16:23:22.780   504   504 I Listenable:: 0
05-21 16:23:22.780   504   504 I Listenable:: 1
05-21 16:23:22.780   504   504 I Listenable:step >: 2
05-21 16:23:22.780   504   504 I Listenable:: 111
05-21 16:23:22.780   504   504 I Req_Enable 16-31:: 0000
05-21 16:23:22.782   800   800 I SurfaceFlinger: screenshot (com.oringnet.wm/com.oring.SlideActivity@504#0)
05-21 16:23:22.786   504   555 D Surface : Surface::disconnect(this=0x7708af6000,api=1)
05-21 16:23:22.787   800   851 I BufferQueueProducer: [com.oringnet.wm/com.oring.SlideActivity@504#1](this:0x79820a2000,id:1521,api:1,p:504,c:800) disconnect(P): api 1
05-21 16:23:22.886   800   800 I SurfaceFlinger: screenshot (com.oringnet.wm/com.oring.SlideActivity@504#0)
05-21 16:23:22.977   800   800 I MiniDump: 0x798216d000 |     DEVICE |          0 | 1.000 |    0    0  720 1600 |   0.0   0.0 720.0 1600.0 | com.oringnet.wm/com.oring.SlideActivity@504#0
05-21 16:23:23.015   800   800 I SurfaceFlinger: screenshot (com.oringnet.wm/com.oring.SlideActivity@504#0)
05-21 16:23:23.056   800   800 I SurfaceFlinger: Remove BufferLayer(0x7982167000) com.oringnet.wm/com.oring.SlideActivity@504#1 (-1 x -1)
05-21 16:23:23.057   800   800 I BufferQueue: [com.oringnet.wm/com.oring.SlideActivity@504#1](this:0x79820a2000,id:1521,api:1,p:-1,c:-1) ~BufferQueueCore
05-21 16:23:23.062   800   800 I MiniDump: 0x798216d000 |     DEVICE |          0 | 1.000 |    0    0  720 1600 |   0.0   0.0 720.0 1600.0 | com.oringnet.wm/com.oring.SlideActivity@504#0
05-21 16:23:23.277   800   800 I SurfaceFlinger: screenshot (com.oringnet.wm/com.oring.SlideActivity@504#0)
05-21 16:23:23.492   800   800 I SurfaceFlinger: screenshot (com.oringnet.wm/com.oring.SlideActivity@504#0)
05-21 16:23:23.507   504   504 I ViewRootImpl: ViewRoot's Touch Event : ACTION_DOWN
05-21 16:23:23.514   504   504 I ViewRootImpl: ViewRoot's Touch Event : ACTION_UP
05-21 16:23:23.529   800   852 I BufferQueueProducer: [com.oringnet.wm/com.oring.SlideActivity@504#0](this:0x7982146800,id:1509,api:1,p:504,c:800) queueBuffer: fps=3.84 dur=1823.97 max=930.87 min=5.66
05-21 16:23:23.608   800   800 I SurfaceFlinger: screenshot (com.oringnet.wm/com.oring.SlideActivity@504#0)
05-21 16:23:23.861   800   800 I SurfaceFlinger: screenshot (com.oringnet.wm/com.oring.SlideActivity@504#0)
05-21 16:23:23.975   800   800 I SurfaceFlinger: screenshot (com.oringnet.wm/com.oring.SlideActivity@504#0)
05-21 16:23:24.092   800   800 I SurfaceFlinger: screenshot (com.oringnet.wm/com.oring.SlideActivity@504#0)
05-21 16:23:24.344   800   800 I SurfaceFlinger: screenshot (com.oringnet.wm/com.oring.SlideActivity@504#0)
05-21 16:23:24.610   800   800 I SurfaceFlinger: screenshot (com.oringnet.wm/com.oring.SlideActivity@504#0)
05-21 16:23:24.708   504   504 I ViewRootImpl: ViewRoot's Touch Event : ACTION_DOWN
05-21 16:23:24.713   504   504 I ViewRootImpl: ViewRoot's Touch Event : ACTION_UP
05-21 16:23:24.726   800   800 I SurfaceFlinger: screenshot (com.oringnet.wm/com.oring.SlideActivity@504#0)
05-21 16:23:24.729   800   852 I BufferQueueProducer: [com.oringnet.wm/com.oring.SlideActivity@504#0](this:0x7982146800,id:1509,api:1,p:504,c:800) queueBuffer: fps=22.50 dur=1199.91 max=764.91 min=11.64
05-21 16:23:24.816   504   504 D BluetoothGatt: setCharacteristicNotification() - uuid: 6e400003-b5a3-f393-e0a9-e50e24dcca9e enable: true
05-21 16:23:24.842   800   800 I SurfaceFlinger: screenshot (com.oringnet.wm/com.oring.SlideActivity@504#0)
05-21 16:23:24.945   504   504 D PhoneWindow: windowLightStatusBar : false, disable View.SYSTEM_UI_FLAG_LIGHT_STATUS_BAR
05-21 16:23:24.963   504   504 I TouchFilterInputStageHelper: [needTouchEventFilter] Displayid : 0
05-21 16:23:24.967   504   504 D BezellessGripSuppressionFilter: getdisplaysize, x : 720 y : 1600
05-21 16:23:25.002   800   851 I BufferQueueConsumer: [com.oringnet.wm/com.oring.SlideActivity@504#1](this:0x798ea0a000,id:1522,api:0,p:-1,c:800) setConsumerName: com.oringnet.wm/com.oring.SlideActivity@504#1
05-21 16:23:25.002   800   851 I BufferQueueConsumer: [com.oringnet.wm/com.oring.SlideActivity@504#1](this:0x798ea0a000,id:1522,api:0,p:-1,c:800) setDefaultBufferSize: width=126 height=126
05-21 16:23:25.002   800   851 I SurfaceFlinger: Create BufferLayer(0x798ebb0000) com.oringnet.wm/com.oring.SlideActivity@504#1 (126 x 126)
05-21 16:23:25.010   504   555 D Surface : Surface::connect(this=0x7708b0f000,api=1)
05-21 16:23:25.011   800  2411 I BufferQueueProducer: [com.oringnet.wm/com.oring.SlideActivity@504#1](this:0x798ea0a000,id:1522,api:1,p:504,c:800) connect(P): api=1 producer=(504:com.oringnet.wm) producerControlledByApp=false
05-21 16:23:25.012   504   555 D Surface : Surface::setBufferCount(this=0x7708b0f000,bufferCount=3)
05-21 16:23:25.013   504   555 D Surface : Surface::allocateBuffers(this=0x7708b0f000)
05-21 16:23:25.076   800   800 I MiniDump: 0x798216d000 |     DEVICE |          0 | 1.000 |    0    0  720 1600 |   0.0   0.0 720.0 1600.0 | com.oringnet.wm/com.oring.SlideActivity@504#0
05-21 16:23:25.076   800   800 I MiniDump: 0x798ebb0000 |     DEVICE |          0 | 0.303 |  301  760  419  878 |   0.0   0.0 126.0 126.0 | com.oringnet.wm/com.oring.SlideActivity@504#1
05-21 16:23:25.082   800   800 I SurfaceFlinger: screenshot (com.oringnet.wm/com.oring.SlideActivity@504#0)
05-21 16:23:25.083   504   504 W UiThreadStatement: Already on the UI thread, this method should not be called from the main application thread
05-21 16:23:25.083   504   504 I CloudSetting 1請求: 010303f8000105bf
05-21 16:23:25.083   504   504 I Cloud:  : 01030200023985
05-21 16:23:25.083   504   504 I CS_Info : CLOUD_CONFIG:0002
05-21 16:23:25.091   504   504 I CloudSetting 1響應: 01030200023985
05-21 16:23:25.092   800   800 I MiniDump: 0x798216d000 |     DEVICE |          0 | 1.000 |    0    0  720 1600 |   0.0   0.0 720.0 1600.0 | com.oringnet.wm/com.oring.SlideActivity@504#0
05-21 16:23:25.092   800   800 I MiniDump: 0x798ebb0000 |     DEVICE |          0 | 0.538 |  300  759  420  879 |   0.0   0.0 126.0 126.0 | com.oringnet.wm/com.oring.SlideActivity@504#1
05-21 16:23:25.174   504   504 W UiThreadStatement: Already on the UI thread, this method should not be called from the main application thread
05-21 16:23:25.174   504   504 I CloudSetting 2請求: 0103021000044474
05-21 16:23:25.175   504   504 I Cloud:  : 010308000000000000000095d7
05-21 16:23:25.175   504   504 I HEX:    : 
05-21 16:23:25.175   504   504 I CS_Info : Api KEY:
05-21 16:23:25.182   504   504 I CloudSetting 2響應: 010308000000000000000095d7
05-21 16:23:25.194   800   800 I SurfaceFlinger: screenshot (com.oringnet.wm/com.oring.SlideActivity@504#0)
05-21 16:23:25.194   800   800 I SurfaceFlinger: screenshot (com.oringnet.wm/com.oring.SlideActivity@504#1)
05-21 16:23:25.274   504   504 W UiThreadStatement: Already on the UI thread, this method should not be called from the main application thread
05-21 16:23:25.275   504   504 I CloudSetting 3請求: 01030BB80004c608
05-21 16:23:25.275   504   504 I Cloud:  : 01030832312e372e302e30d0c0
05-21 16:23:25.282   504   504 I CloudSetting 2響應: 01030832312e372e302e30d0c0
05-21 16:23:25.360   504   504 I Cloud:  : 0103080031000000000000b514
05-21 16:23:25.360   504   504 I HEX:    : 32312e372e302e300031
05-21 16:23:25.361   504   504 I CS_Info : MQTT Broker:127.0.0.1
05-21 16:23:25.367   504   504 I CloudSetting 3響應: 0103080031000000000000b514
05-21 16:23:25.368   504   504 W UiThreadStatement: Already on the UI thread, this method should not be called from the main application thread
05-21 16:23:25.368   504   504 I CloudSetting 4請求: 01030BBC000487c9
05-21 16:23:25.392   800   800 I SurfaceFlinger: screenshot (com.oringnet.wm/com.oring.SlideActivity@504#0)
05-21 16:23:25.458   504   504 W UiThreadStatement: Already on the UI thread, this method should not be called from the main application thread
05-21 16:23:25.458   504   504 I CloudSetting 4請求: 010302840001c59b
05-21 16:23:25.459   504   504 I Cloud:  : 01030204d17ad8
05-21 16:23:25.459   504   504 I CS_Info : BROKER_PORT:04d1
05-21 16:23:25.470   504   504 I CloudSetting 4響應: 01030204d17ad8
05-21 16:23:25.492   800   800 I SurfaceFlinger: screenshot (com.oringnet.wm/com.oring.SlideActivity@504#0)
05-21 16:23:25.555   504   504 W UiThreadStatement: Already on the UI thread, this method should not be called from the main application thread
05-21 16:23:25.555   504   504 I CloudSetting 5請求: 0103028500045458
05-21 16:23:25.555   504   504 I Cloud:  : 010308704169706d756554acdc
05-21 16:23:25.564   504   504 I CloudSetting 4響應: 010308704169706d756554acdc
05-21 16:23:25.608   800   800 I SurfaceFlinger: screenshot (com.oringnet.wm/com.oring.SlideActivity@504#0)
05-21 16:23:25.653   504   504 W UiThreadStatement: Already on the UI thread, this method should not be called from the main application thread
05-21 16:23:25.653   504   504 I CloudSetting 5請求: 010302890004945b
05-21 16:23:25.654   504   504 I Cloud:  : 0103087473000000000000d1c7
05-21 16:23:25.654   504   504 I HEX:    : 704169706d7565547473
05-21 16:23:25.657   504   504 I CS_Info : CLIENT ID:AppiumTest
05-21 16:23:25.668   504   504 I CloudSetting 5響應: 0103087473000000000000d1c7
05-21 16:23:25.709   800   800 I SurfaceFlinger: screenshot (com.oringnet.wm/com.oring.SlideActivity@504#0)
05-21 16:23:25.751   504   504 W UiThreadStatement: Already on the UI thread, this method should not be called from the main application thread
05-21 16:23:25.751   504   504 I CloudSetting 6請求: 010302950004559d
05-21 16:23:25.800   504   504 I Cloud:  : 010308704169706d7500008673
05-21 16:23:25.800   504   504 I HEX:    : 704169706d75
05-21 16:23:25.802   504   504 I CS_Info : USER NAME:Appium
05-21 16:23:25.816   504   504 I CloudSetting 6響應: 010308704169706d7500008673
05-21 16:23:25.845   800   851 I BufferQueueProducer: [com.oringnet.wm/com.oring.SlideActivity@504#0](this:0x7982146800,id:1509,api:1,p:504,c:800) queueBuffer: fps=31.37 dur=1115.84 max=187.77 min=4.14
05-21 16:23:25.898   504   504 I Cloud:  : 0103083231343336350000282f
05-21 16:23:25.899   504   504 I HEX:    : 323134333635
05-21 16:23:25.900   504   504 I CS_Info : USER PASSWORD:123456
05-21 16:23:25.908   504   555 D Surface : Surface::disconnect(this=0x7708b0f000,api=1)
05-21 16:23:25.909   800   851 I BufferQueueProducer: [com.oringnet.wm/com.oring.SlideActivity@504#1](this:0x798ea0a000,id:1522,api:1,p:504,c:800) disconnect(P): api 1
05-21 16:23:25.931   504   504 I CloudSetting -1響應: 0103083231343336350000282f
05-21 16:23:25.932   504   504 W UiThreadStatement: Already on the UI thread, this method should not be called from the main application thread
05-21 16:23:25.932   504   504 I CloudSetting 0請求: 010302A500045592
05-21 16:23:25.966   800   800 I SurfaceFlinger: screenshot (com.oringnet.wm/com.oring.SlideActivity@504#0)
05-21 16:23:26.086   800   800 I SurfaceFlinger: screenshot (com.oringnet.wm/com.oring.SlideActivity@504#0)
05-21 16:23:26.097   800   800 I MiniDump: 0x798216d000 |     DEVICE |          0 | 1.000 |    0    0  720 1600 |   0.0   0.0 720.0 1600.0 | com.oringnet.wm/com.oring.SlideActivity@504#0
05-21 16:23:26.174   800   800 I SurfaceFlinger: Remove BufferLayer(0x798ebb0000) com.oringnet.wm/com.oring.SlideActivity@504#1 (-1 x -1)
05-21 16:23:26.178   800   800 I MiniDump: 0x798216d000 |     DEVICE |          0 | 1.000 |    0    0  720 1600 |   0.0   0.0 720.0 1600.0 | com.oringnet.wm/com.oring.SlideActivity@504#0
05-21 16:23:26.190   800   800 I SurfaceFlinger: Remove BufferLayer(0x798ebb0000) com.oringnet.wm/com.oring.SlideActivity@504#1 (-1 x -1)
05-21 16:23:26.190   800   800 I BufferQueue: [com.oringnet.wm/com.oring.SlideActivity@504#1](this:0x798ea0a000,id:1522,api:1,p:-1,c:-1) ~BufferQueueCore
05-21 16:23:26.199   800   800 I SurfaceFlinger: screenshot (com.oringnet.wm/com.oring.SlideActivity@504#0)
05-21 16:23:26.461   800   800 I SurfaceFlinger: screenshot (com.oringnet.wm/com.oring.SlideActivity@504#0)
05-21 16:23:26.575   800   800 I SurfaceFlinger: screenshot (com.oringnet.wm/com.oring.SlideActivity@504#0)
05-21 16:23:26.608   504   504 I ViewRootImpl: ViewRoot's Touch Event : ACTION_DOWN
05-21 16:23:26.615   504   504 I ViewRootImpl: ViewRoot's Touch Event : ACTION_UP
05-21 16:23:26.692   800   800 I SurfaceFlinger: screenshot (com.oringnet.wm/com.oring.SlideActivity@504#0)
05-21 16:23:26.793   800   800 I SurfaceFlinger: screenshot (com.oringnet.wm/com.oring.SlideActivity@504#0)
05-21 16:23:26.845   800  2411 I BufferQueueProducer: [com.oringnet.wm/com.oring.SlideActivity@504#0](this:0x7982146800,id:1509,api:1,p:504,c:800) queueBuffer: fps=17.00 dur=1000.01 max=660.72 min=5.51
05-21 16:23:26.926   800   800 I SurfaceFlinger: screenshot (com.oringnet.wm/com.oring.SlideActivity@504#0)
05-21 16:23:27.177   800   800 I SurfaceFlinger: screenshot (com.oringnet.wm/com.oring.SlideActivity@504#0)
05-21 16:23:27.445   800   800 I SurfaceFlinger: screenshot (com.oringnet.wm/com.oring.SlideActivity@504#0)
05-21 16:23:27.560   800   800 I SurfaceFlinger: screenshot (com.oringnet.wm/com.oring.SlideActivity@504#0)
05-21 16:23:27.742   800   800 I SurfaceFlinger: screenshot (com.oringnet.wm/com.oring.SlideActivity@504#0)
05-21 16:23:28.350   800   975 I BufferQueueProducer: [com.oringnet.wm/com.oring.SlideActivity@504#0](this:0x7982146800,id:1509,api:1,p:504,c:800) queueBuffer: fps=10.63 dur=1505.70 max=634.57 min=14.38
05-21 16:23:29.599   800   975 I BufferQueueProducer: [com.oringnet.wm/com.oring.SlideActivity@504#0](this:0x7982146800,id:1509,api:1,p:504,c:800) queueBuffer: fps=1.60 dur=1248.59 max=630.90 min=617.69
05-21 16:23:30.837   800   975 I BufferQueueProducer: [com.oringnet.wm/com.oring.SlideActivity@504#0](this:0x7982146800,id:1509,api:1,p:504,c:800) queueBuffer: fps=1.62 dur=1238.06 max=629.65 min=608.40
05-21 16:23:32.061   800   975 I BufferQueueProducer: [com.oringnet.wm/com.oring.SlideActivity@504#0](this:0x7982146800,id:1509,api:1,p:504,c:800) queueBuffer: fps=1.63 dur=1224.14 max=622.19 min=601.95
05-21 16:23:32.452  1412  1463 I AutomaticBrightnessControllerEx: [MultiALC] lux = 161.0, time = 310145048
05-21 16:23:32.643   800   800 I SurfaceFlinger: screenshot (com.oringnet.wm/com.oring.SlideActivity@504#0)
05-21 16:23:33.240   800   975 I BufferQueueProducer: [com.oringnet.wm/com.oring.SlideActivity@504#0](this:0x7982146800,id:1509,api:1,p:504,c:800) queueBuffer: fps=1.70 dur=1178.44 max=610.71 min=567.73
05-21 16:23:33.912   504   504 I ViewRootImpl: ViewRoot's Touch Event : ACTION_DOWN
05-21 16:23:33.922   504   504 I ViewRootImpl: ViewRoot's Touch Event : ACTION_UP
05-21 16:23:33.964   504   504 D PhoneWindow: windowLightStatusBar : false, disable View.SYSTEM_UI_FLAG_LIGHT_STATUS_BAR
05-21 16:23:33.999   504   504 I TouchFilterInputStageHelper: [needTouchEventFilter] Displayid : 0
05-21 16:23:34.009   504   504 D BezellessGripSuppressionFilter: getdisplaysize, x : 720 y : 1600
05-21 16:23:34.011   504   504 I CS_WR_Info: Appium
05-21 16:23:34.011   504   504 I CS_WR_Info: AppiumTest
05-21 16:23:34.011   504   504 I CS_WR_Info: 127.0.0.1
05-21 16:23:34.011   504   504 I CS_WR_Info: 123456
