06-23 17:11:25.793   656   656 D Zygote  : Forked child process 19826
06-23 17:11:25.801  1379  1410 I ActivityManager: Start proc 19826:com.oringnet.wm/u0a316 for activity {com.oringnet.wm/com.oring.LoginActivity}
06-23 17:11:25.816 19826 19826 E com.oringnet.w: Not starting debugger since process cannot load the jdwp agent.
06-23 17:11:25.848 19826 19826 I Typeface: Current DefaultTypeface ( default_roboto )
06-23 17:11:25.886 19826 19826 I MultiDex: VM with version 2.1.0 has multidex support
06-23 17:11:25.887 19826 19826 I MultiDex: Installing application
06-23 17:11:25.887 19826 19826 I MultiDex: VM has multidex support, MultiDex support library is disabled.
06-23 17:11:25.887 19826 19826 I MultiDex: Installing application
06-23 17:11:25.887 19826 19826 I MultiDex: VM has multidex support, MultiDex support library is disabled.
06-23 17:11:25.892 19826 19826 I FirebaseInitProvider: FirebaseApp initialization unsuccessful
06-23 17:11:25.965 19826 19826 D PhoneWindow: windowLightStatusBar : false, disable View.SYSTEM_UI_FLAG_LIGHT_STATUS_BAR
06-23 17:11:25.994 19826 19826 I Mode_EXTRA: = 0
06-23 17:11:25.994 19826 19826 I ShowFilePath: /storage/emulated/0/Download
06-23 17:11:26.022 19826 19826 I SQLiteOpenHelper: Create ODimmingSQL.db
06-23 17:11:26.052 19826 19826 I Now@_1  : 0
06-23 17:11:26.052 19826 19826 I Now@_1  : 0
06-23 17:11:26.111 19826 19826 I TouchFilterInputStageHelper: [needTouchEventFilter] Displayid : 0
06-23 17:11:26.116 19826 19826 D BezellessGripSuppressionFilter: getdisplaysize, x : 720 y : 1600
06-23 17:11:26.128 19826 19826 I TouchFilterInputStageHelper: [needTouchEventFilter] Displayid : 0
06-23 17:11:26.130 19826 19826 D BezellessGripSuppressionFilter: getdisplaysize, x : 720 y : 1600
06-23 17:11:26.156   792   824 I BufferQueueConsumer: [com.oringnet.wm/com.oring.LoginActivity@19826#0](this:0x7f59228800,id:1938,api:0,p:-1,c:792) setConsumerName: com.oringnet.wm/com.oring.LoginActivity@19826#0
06-23 17:11:26.156   792   824 I BufferQueueConsumer: [com.oringnet.wm/com.oring.LoginActivity@19826#0](this:0x7f59228800,id:1938,api:0,p:-1,c:792) setDefaultBufferSize: width=720 height=1600
06-23 17:11:26.156   792   824 I SurfaceFlinger: Create BufferLayer(0x7f5930f000) com.oringnet.wm/com.oring.LoginActivity@19826#0 (720 x 1600)
06-23 17:11:26.164 19826 19850 I GPUD    : @gpudInitialize: successfully initialized with 1, dbg=0 mmdump_dbg=0
06-23 17:11:26.189 19826 19850 D Surface : Surface::connect(this=0x71742ad000,api=1)
06-23 17:11:26.191   792  2107 I BufferQueueProducer: [com.oringnet.wm/com.oring.LoginActivity@19826#0](this:0x7f59228800,id:1938,api:1,p:19826,c:792) connect(P): api=1 producer=(19826:com.oringnet.wm) producerControlledByApp=false
06-23 17:11:26.193 19826 19850 D Surface : Surface::setBufferCount(this=0x71742ad000,bufferCount=3)
06-23 17:11:26.193 19826 19850 D Surface : Surface::allocateBuffers(this=0x71742ad000)
06-23 17:11:26.200 19826 19850 W Gralloc3: mapper 3.x is not supported
06-23 17:11:26.206 19826 19850 E ion     : ioctl c0044901 failed with code -1: Invalid argument
06-23 17:11:26.277   792   824 I BufferQueueConsumer: [Toast@19826#0](this:0x7f59271000,id:1939,api:0,p:-1,c:792) setConsumerName: Toast@19826#0
06-23 17:11:26.277   792   824 I BufferQueueConsumer: [Toast@19826#0](this:0x7f59271000,id:1939,api:0,p:-1,c:792) setDefaultBufferSize: width=285 height=70
06-23 17:11:26.277   792   824 I SurfaceFlinger: Create BufferLayer(0x7f59326000) Toast@19826#0 (285 x 70)
06-23 17:11:26.282 19826 19850 D Surface : Surface::connect(this=0x717435a000,api=1)
06-23 17:11:26.282   792   824 I BufferQueueProducer: [Toast@19826#0](this:0x7f59271000,id:1939,api:1,p:19826,c:792) connect(P): api=1 producer=(19826:com.oringnet.wm) producerControlledByApp=false
06-23 17:11:26.283 19826 19850 D Surface : Surface::setBufferCount(this=0x717435a000,bufferCount=3)
06-23 17:11:26.283 19826 19850 D Surface : Surface::allocateBuffers(this=0x717435a000)
06-23 17:11:26.396 19826 19826 I Timeline: Timeline: Activity_idle id: android.os.BinderProxy@886744a time:86340103
06-23 17:11:26.407   792   792 I MiniDump: 0x7f59326000 |     DEVICE |          0 | 0.067 |  217 1460  502 1530 |   0.0   0.0 285.0  70.0 | Toast@19826#0
06-23 17:11:26.442   792   792 I MiniDump: 0x7f5930f000 |     DEVICE |          0 | 1.000 |    0    0  720 1600 |   0.0   0.0 720.0 1600.0 | com.oringnet.wm/com.oring.LoginActivity@19826#0
06-23 17:11:26.442   792   792 I MiniDump: 0x7f59326000 |     DEVICE |          0 | 0.190 |  217 1460  502 1530 |   0.0   0.0 285.0  70.0 | Toast@19826#0
06-23 17:11:26.446   792   792 I SurfaceFlinger: screenshot (com.oringnet.wm/com.oring.LoginActivity@19826#0)
06-23 17:11:26.574   792   792 I MiniDump: 0x7f5930f000 |     DEVICE |          0 | 1.000 |    0    0  720 1600 |   0.0   0.0 720.0 1600.0 | com.oringnet.wm/com.oring.LoginActivity@19826#0
06-23 17:11:26.574   792   792 I MiniDump: 0x7f59326000 |     DEVICE |          0 | 0.601 |  217 1460  502 1530 |   0.0   0.0 285.0  70.0 | Toast@19826#0
06-23 17:11:26.708   792   792 I SurfaceFlinger: screenshot (com.oringnet.wm/com.oring.LoginActivity@19826#0)
06-23 17:11:26.908   792   792 I SurfaceFlinger: screenshot (com.oringnet.wm/com.oring.LoginActivity@19826#0)
06-23 17:11:27.158   792   792 I SurfaceFlinger: screenshot (com.oringnet.wm/com.oring.LoginActivity@19826#0)
06-23 17:11:27.291   792   792 I SurfaceFlinger: screenshot (com.oringnet.wm/com.oring.LoginActivity@19826#0)
06-23 17:11:27.352   792   792 I SurfaceFlinger: screenshot (com.oringnet.wm/com.oring.LoginActivity@19826#0)
06-23 17:11:27.352   792   792 I SurfaceFlinger: screenshot (Toast@19826#0)
06-23 17:11:27.406   792   792 I SurfaceFlinger: screenshot (com.oringnet.wm/com.oring.LoginActivity@19826#0)
06-23 17:11:27.507   792   792 I SurfaceFlinger: screenshot (com.oringnet.wm/com.oring.LoginActivity@19826#0)
06-23 17:11:27.623   792   792 I SurfaceFlinger: screenshot (com.oringnet.wm/com.oring.LoginActivity@19826#0)
06-23 17:11:27.740   792   792 I SurfaceFlinger: screenshot (com.oringnet.wm/com.oring.LoginActivity@19826#0)
06-23 17:11:27.742   792  2107 I BufferQueueProducer: [com.oringnet.wm/com.oring.LoginActivity@19826#0](this:0x7f59228800,id:1938,api:1,p:19826,c:792) queueBuffer: fps=2.04 dur=1473.93 max=1352.37 min=18.67
06-23 17:11:27.840   792   792 I SurfaceFlinger: screenshot (com.oringnet.wm/com.oring.LoginActivity@19826#0)
06-23 17:11:27.859 19826 19826 I ViewRootImpl: ViewRoot's Touch Event : ACTION_DOWN
06-23 17:11:27.864 19826 19826 I ViewRootImpl: ViewRoot's Touch Event : ACTION_UP
06-23 17:11:27.876 19826 19826 I MODECHECK: 02
06-23 17:11:27.900  1379  1397 I ActivityTaskManager: The Process com.oringnet.wm Already Exists in BG. So sending its PID: 19826
06-23 17:11:27.914 19826 19826 W ActivityThread: handleWindowVisibility: no activity for token android.os.BinderProxy@3439f7b
06-23 17:11:27.932 19826 19826 D PhoneWindow: windowLightStatusBar : false, disable View.SYSTEM_UI_FLAG_LIGHT_STATUS_BAR
06-23 17:11:27.941   792   792 I SurfaceFlinger: screenshot (com.oringnet.wm/com.oring.LoginActivity@19826#0)
06-23 17:11:27.967 19826 19826 D BluetoothAdapter: startLeScan(): null
06-23 17:11:27.972 19826 19826 D BluetoothAdapter: isLeEnabled(): ON
06-23 17:11:27.978 19826 19843 D BluetoothLeScanner: onScannerRegistered() - status=0 scannerId=8 mScannerId=0
06-23 17:11:28.037 19826 19826 I TouchFilterInputStageHelper: [needTouchEventFilter] Displayid : 0
06-23 17:11:28.042 19826 19826 D BezellessGripSuppressionFilter: getdisplaysize, x : 720 y : 1600
06-23 17:11:28.055   792  2108 I BufferQueueConsumer: [com.oringnet.wm/com.oring.ble.BLEScanActivity@19826#0](this:0x7f57722000,id:1940,api:0,p:-1,c:792) setConsumerName: com.oringnet.wm/com.oring.ble.BLEScanActivity@19826#0
06-23 17:11:28.055   792  2108 I BufferQueueConsumer: [com.oringnet.wm/com.oring.ble.BLEScanActivity@19826#0](this:0x7f57722000,id:1940,api:0,p:-1,c:792) setDefaultBufferSize: width=720 height=1533
06-23 17:11:28.055   792  2108 I SurfaceFlinger: Create BufferLayer(0x7f65d54000) com.oringnet.wm/com.oring.ble.BLEScanActivity@19826#0 (720 x 1533)
06-23 17:11:28.065 19826 19850 D Surface : Surface::connect(this=0x7174423000,api=1)
06-23 17:11:28.066   792   824 I BufferQueueProducer: [com.oringnet.wm/com.oring.ble.BLEScanActivity@19826#0](this:0x7f57722000,id:1940,api:1,p:19826,c:792) connect(P): api=1 producer=(19826:com.oringnet.wm) producerControlledByApp=false
06-23 17:11:28.069 19826 19850 D Surface : Surface::setBufferCount(this=0x7174423000,bufferCount=3)
06-23 17:11:28.070 19826 19850 D Surface : Surface::allocateBuffers(this=0x7174423000)
06-23 17:11:28.147   792   792 I SurfaceFlinger: screenshot (com.oringnet.wm/com.oring.LoginActivity@19826#0)
06-23 17:11:28.179 19826 19850 D Surface : Surface::disconnect(this=0x717435a000,api=1)
06-23 17:11:28.179   792  2107 I BufferQueueProducer: [Toast@19826#0](this:0x7f59271000,id:1939,api:1,p:19826,c:792) disconnect(P): api 1
06-23 17:11:28.191   792   792 I MiniDump: 0x7f5930f000 |     DEVICE |          0 | 0.994 |    0    0  720 1600 |   0.0   0.0 720.0 1600.0 | com.oringnet.wm/com.oring.LoginActivity@19826#0
06-23 17:11:28.191   792   792 I MiniDump: 0x7f65d54000 |     DEVICE |          0 | 0.232 |    0  384  720 1600 |   0.0   0.0 720.0 1216.0 | com.oringnet.wm/com.oring.ble.BLEScanActivity@19826#0
06-23 17:11:28.191   792   792 I MiniDump: 0x7f59326000 |     DEVICE |          0 | 0.973 |  217 1460  502 1530 |   0.0   0.0 285.0  70.0 | Toast@19826#0
06-23 17:11:28.197 19826 19826 I Timeline: Timeline: Activity_idle id: android.os.BinderProxy@3439f7b time:86341905
06-23 17:11:28.206 19826 19883 I FastBle : device detected  ------  name: WM_iot_test09  mac: 18:04:ED:6E:60:56  Rssi: -43  scanRecord: 02 01 06 11 06 9e ca dc 24 0e e5 a9 e0 93 f3 a3 b5 01 00 40 6e 06 ff 0d 00 c0 ff ee 15 09 57 4d 5f 69 6f 74 5f 74 65 73 74 30 39 00 00 00 00 00 00 00 05 12 50 00 20 03 02 0a 00 00 00 00
06-23 17:11:28.409   792   792 I SurfaceFlinger: screenshot (com.oringnet.wm/com.oring.ble.BLEScanActivity@19826#0)
06-23 17:11:28.438   792   792 I SurfaceFlinger: Remove BufferLayer(0x7f65d54000) com.oringnet.wm/com.oring.ble.BLEScanActivity@19826#0 (-1 x -1)
06-23 17:11:28.439 19826 19850 D Surface : Surface::disconnect(this=0x71742ad000,api=1)
06-23 17:11:28.440   792  2107 I BufferQueueProducer: [com.oringnet.wm/com.oring.LoginActivity@19826#0](this:0x7f59228800,id:1938,api:1,p:19826,c:792) disconnect(P): api 1
06-23 17:11:28.442   792   792 I MiniDump: 0x7f65d54000 |     DEVICE |          0 | 1.000 |    0   67  720 1600 |   0.0   0.0 720.0 1533.0 | com.oringnet.wm/com.oring.ble.BLEScanActivity@19826#0
06-23 17:11:28.442   792   792 I MiniDump: 0x7f59326000 |     DEVICE |          0 | 0.557 |  217 1460  502 1530 |   0.0   0.0 285.0  70.0 | Toast@19826#0
06-23 17:11:28.458   792   792 I MiniDump: 0x7f65d54000 |     DEVICE |          0 | 1.000 |    0   67  720 1600 |   0.0   0.0 720.0 1533.0 | com.oringnet.wm/com.oring.ble.BLEScanActivity@19826#0
06-23 17:11:28.458   792   792 I MiniDump: 0x7f59326000 |     DEVICE |          0 | 0.510 |  217 1460  502 1530 |   0.0   0.0 285.0  70.0 | Toast@19826#0
06-23 17:11:28.471   792   792 I SurfaceFlinger: Remove BufferLayer(0x7f5930f000) com.oringnet.wm/com.oring.LoginActivity@19826#0 (-1 x -1)
06-23 17:11:28.488   792   792 I SurfaceFlinger: Remove BufferLayer(0x7f5930f000) com.oringnet.wm/com.oring.LoginActivity@19826#0 (-1 x -1)
06-23 17:11:28.488   792   792 I BufferQueue: [com.oringnet.wm/com.oring.LoginActivity@19826#0](this:0x7f59228800,id:1938,api:1,p:-1,c:-1) ~BufferQueueCore
06-23 17:11:28.609   792   792 I MiniDump: 0x7f65d54000 |     DEVICE |          0 | 1.000 |    0   67  720 1600 |   0.0   0.0 720.0 1533.0 | com.oringnet.wm/com.oring.ble.BLEScanActivity@19826#0
06-23 17:11:28.614   792   792 I SurfaceFlinger: screenshot (com.oringnet.wm/com.oring.ble.BLEScanActivity@19826#0)
06-23 17:11:28.622   792   792 I SurfaceFlinger: Remove BufferLayer(0x7f59326000) Toast@19826#0 (-1 x -1)
06-23 17:11:28.622   792   792 I BufferQueue: [Toast@19826#0](this:0x7f59271000,id:1939,api:1,p:-1,c:-1) ~BufferQueueCore
06-23 17:11:28.724   792   792 I SurfaceFlinger: screenshot (com.oringnet.wm/com.oring.ble.BLEScanActivity@19826#0)
06-23 17:11:28.958   792   792 I SurfaceFlinger: screenshot (com.oringnet.wm/com.oring.ble.BLEScanActivity@19826#0)
06-23 17:11:29.074   792   792 I SurfaceFlinger: screenshot (com.oringnet.wm/com.oring.ble.BLEScanActivity@19826#0)
06-23 17:11:29.191   792   792 I SurfaceFlinger: screenshot (com.oringnet.wm/com.oring.ble.BLEScanActivity@19826#0)
06-23 17:11:29.248   792   792 I SurfaceFlinger: screenshot (com.oringnet.wm/com.oring.ble.BLEScanActivity@19826#0)
06-23 17:11:29.307   792   792 I SurfaceFlinger: screenshot (com.oringnet.wm/com.oring.ble.BLEScanActivity@19826#0)
06-23 17:11:29.423   792   792 I SurfaceFlinger: screenshot (com.oringnet.wm/com.oring.ble.BLEScanActivity@19826#0)
06-23 17:11:29.523   792   792 I SurfaceFlinger: screenshot (com.oringnet.wm/com.oring.ble.BLEScanActivity@19826#0)
06-23 17:11:29.624   792   792 I SurfaceFlinger: screenshot (com.oringnet.wm/com.oring.ble.BLEScanActivity@19826#0)
06-23 17:11:29.874   792   792 I SurfaceFlinger: screenshot (com.oringnet.wm/com.oring.ble.BLEScanActivity@19826#0)
06-23 17:11:29.990   792   792 I SurfaceFlinger: screenshot (com.oringnet.wm/com.oring.ble.BLEScanActivity@19826#0)
06-23 17:11:33.021 19826 19826 D BluetoothAdapter: stopLeScan()
06-23 17:11:33.023 19826 19826 D BluetoothAdapter: isLeEnabled(): ON
06-23 17:11:33.054   792   823 I BufferQueueProducer: [com.oringnet.wm/com.oring.ble.BLEScanActivity@19826#0](this:0x7f57722000,id:1940,api:1,p:19826,c:792) queueBuffer: fps=0.61 dur=4912.87 max=4801.07 min=54.88
06-23 17:11:33.058   792   792 I SurfaceFlinger: screenshot (com.oringnet.wm/com.oring.ble.BLEScanActivity@19826#0)
06-23 17:11:34.309 19826 19826 I ViewRootImpl: ViewRoot's Touch Event : ACTION_DOWN
06-23 17:11:34.321 19826 19826 I ViewRootImpl: ViewRoot's Touch Event : ACTION_UP
06-23 17:11:34.337 19826 19826 D PhoneWindow: windowLightStatusBar : false, disable View.SYSTEM_UI_FLAG_LIGHT_STATUS_BAR
06-23 17:11:34.361 19826 19826 I TouchFilterInputStageHelper: [needTouchEventFilter] Displayid : 0
06-23 17:11:34.367 19826 19826 D BezellessGripSuppressionFilter: getdisplaysize, x : 720 y : 1600
06-23 17:11:34.376 19826 19826 I FastBle : connect device: WM_iot_test09
06-23 17:11:34.376 19826 19826 I FastBle : mac: 18:04:ED:6E:60:56
06-23 17:11:34.376 19826 19826 I FastBle : autoConnect: false
06-23 17:11:34.376 19826 19826 I FastBle : currentThread: 2
06-23 17:11:34.376 19826 19826 I FastBle : connectCount:1
06-23 17:11:34.380 19826 19826 D BluetoothGatt: connect() - device: 18:04:ED:6E:60:56, auto: false
06-23 17:11:34.380 19826 19826 D BluetoothGatt: registerApp()
06-23 17:11:34.381 19826 19826 D BluetoothGatt: registerApp() - UUID=42f0e412-4e14-4f00-95fa-1d2f43f45541
06-23 17:11:34.385 19826 19843 D BluetoothGatt: onClientRegistered() - status=0 clientIf=8
06-23 17:11:34.409   792  2107 I BufferQueueConsumer: [com.oringnet.wm/com.oring.ble.BLEScanActivity@19826#1](this:0x7f592e4000,id:1941,api:0,p:-1,c:792) setConsumerName: com.oringnet.wm/com.oring.ble.BLEScanActivity@19826#1
06-23 17:11:34.409   792  2107 I BufferQueueConsumer: [com.oringnet.wm/com.oring.ble.BLEScanActivity@19826#1](this:0x7f592e4000,id:1941,api:0,p:-1,c:792) setDefaultBufferSize: width=126 height=126
06-23 17:11:34.410   792  2107 I SurfaceFlinger: Create BufferLayer(0x7f5927f000) com.oringnet.wm/com.oring.ble.BLEScanActivity@19826#1 (126 x 126)
06-23 17:11:34.418 19826 19850 D Surface : Surface::connect(this=0x716c05a000,api=1)
06-23 17:11:34.419   792   823 I BufferQueueProducer: [com.oringnet.wm/com.oring.ble.BLEScanActivity@19826#1](this:0x7f592e4000,id:1941,api:1,p:19826,c:792) connect(P): api=1 producer=(19826:com.oringnet.wm) producerControlledByApp=false
06-23 17:11:34.421 19826 19850 D Surface : Surface::setBufferCount(this=0x716c05a000,bufferCount=3)
06-23 17:11:34.421 19826 19850 D Surface : Surface::allocateBuffers(this=0x716c05a000)
06-23 17:11:34.475   792   792 I SurfaceFlinger: screenshot (com.oringnet.wm/com.oring.ble.BLEScanActivity@19826#0)
06-23 17:11:34.491   792   792 I MiniDump: 0x7f65d54000 |     DEVICE |          0 | 1.000 |    0   67  720 1600 |   0.0   0.0 720.0 1533.0 | com.oringnet.wm/com.oring.ble.BLEScanActivity@19826#0
06-23 17:11:34.491   792   792 I MiniDump: 0x7f5927f000 |     DEVICE |          0 | 0.287 |  301  760  419  878 |   0.0   0.0 126.0 126.0 | com.oringnet.wm/com.oring.ble.BLEScanActivity@19826#1
06-23 17:11:34.615   792   792 I SurfaceFlinger: screenshot (com.oringnet.wm/com.oring.ble.BLEScanActivity@19826#0)
06-23 17:11:34.707   792   792 I SurfaceFlinger: Remove BufferLayer(0x7f5927f000) com.oringnet.wm/com.oring.ble.BLEScanActivity@19826#1 (-1 x -1)
06-23 17:11:34.718   792   792 I SurfaceFlinger: screenshot (com.oringnet.wm/com.oring.ble.BLEScanActivity@19826#0)
06-23 17:11:34.782 19826 19843 D BluetoothGatt: onClientConnectionState() - status=0 clientIf=8 device=18:04:ED:6E:60:56
06-23 17:11:34.782 19826 19843 I FastBle : BluetoothGattCallback：onConnectionStateChange 
06-23 17:11:34.782 19826 19843 I FastBle : status: 0
06-23 17:11:34.782 19826 19843 I FastBle : newState: 2
06-23 17:11:34.782 19826 19843 I FastBle : currentThread: 10590
06-23 17:11:35.218 19826 19843 D BluetoothGatt: onConnectionUpdated() - Device=18:04:ED:6E:60:56 interval=6 latency=0 timeout=500 status=0
06-23 17:11:35.284 19826 19826 D BluetoothGatt: discoverServices() - device: 18:04:ED:6E:60:56
06-23 17:11:35.401 19826 19843 D BluetoothGatt: onSearchComplete() = Device=18:04:ED:6E:60:56 Status=0
06-23 17:11:35.402 19826 19843 I FastBle : BluetoothGattCallback：onServicesDiscovered 
06-23 17:11:35.402 19826 19843 I FastBle : status: 0
06-23 17:11:35.402 19826 19843 I FastBle : currentThread: 10590
06-23 17:11:35.422 19826 19850 D Surface : Surface::disconnect(this=0x716c05a000,api=1)
06-23 17:11:35.422   792  2107 I BufferQueueProducer: [com.oringnet.wm/com.oring.ble.BLEScanActivity@19826#1](this:0x7f592e4000,id:1941,api:1,p:19826,c:792) disconnect(P): api 1
06-23 17:11:35.485 19826 19826 D BluetoothAdapter: stopLeScan()
06-23 17:11:35.486 19826 19826 D BluetoothAdapter: scan not started yet
06-23 17:11:35.487  1379  2768 I ActivityTaskManager: The Process com.oringnet.wm Already Exists in BG. So sending its PID: 19826
06-23 17:11:35.498 19826 19826 W ActivityThread: handleWindowVisibility: no activity for token android.os.BinderProxy@ce6bac3
06-23 17:11:35.506 19826 19847 D BluetoothGatt: onConnectionUpdated() - Device=18:04:ED:6E:60:56 interval=39 latency=0 timeout=500 status=0
06-23 17:11:35.514 19826 19826 D PhoneWindow: windowLightStatusBar : false, disable View.SYSTEM_UI_FLAG_LIGHT_STATUS_BAR
06-23 17:11:35.569 19826 19826 D BluetoothGatt: setCharacteristicNotification() - uuid: 6e400003-b5a3-f393-e0a9-e50e24dcca9e enable: true
06-23 17:11:35.579   792   792 I SurfaceFlinger: screenshot (com.oringnet.wm/com.oring.ble.BLEScanActivity@19826#0)
06-23 17:11:35.586 19826 19826 I TouchFilterInputStageHelper: [needTouchEventFilter] Displayid : 0
06-23 17:11:35.589 19826 19826 D BezellessGripSuppressionFilter: getdisplaysize, x : 720 y : 1600
06-23 17:11:35.608   792   792 I MiniDump: 0x7f65d54000 |     DEVICE |          0 | 1.000 |    0   67  720 1600 |   0.0   0.0 720.0 1533.0 | com.oringnet.wm/com.oring.ble.BLEScanActivity@19826#0
06-23 17:11:35.611   792  2107 I BufferQueueProducer: [com.oringnet.wm/com.oring.ble.BLEScanActivity@19826#0](this:0x7f57722000,id:1940,api:1,p:19826,c:792) queueBuffer: fps=0.39 dur=2556.98 max=2556.98 min=2556.98
06-23 17:11:35.620   792  2107 I BufferQueueConsumer: [com.oringnet.wm/com.oring.ble.BLECreateActivity@19826#0](this:0x7f59271000,id:1942,api:0,p:-1,c:792) setConsumerName: com.oringnet.wm/com.oring.ble.BLECreateActivity@19826#0
06-23 17:11:35.620   792  2107 I BufferQueueConsumer: [com.oringnet.wm/com.oring.ble.BLECreateActivity@19826#0](this:0x7f59271000,id:1942,api:0,p:-1,c:792) setDefaultBufferSize: width=720 height=1533
06-23 17:11:35.620   792  2107 I SurfaceFlinger: Create BufferLayer(0x7f59227000) com.oringnet.wm/com.oring.ble.BLECreateActivity@19826#0 (720 x 1533)
06-23 17:11:35.628 19826 19850 D Surface : Surface::connect(this=0x710bd6d000,api=1)
06-23 17:11:35.629   792   824 I BufferQueueProducer: [com.oringnet.wm/com.oring.ble.BLECreateActivity@19826#0](this:0x7f59271000,id:1942,api:1,p:19826,c:792) connect(P): api=1 producer=(19826:com.oringnet.wm) producerControlledByApp=false
06-23 17:11:35.630 19826 19850 D Surface : Surface::setBufferCount(this=0x710bd6d000,bufferCount=3)
06-23 17:11:35.632 19826 19850 D Surface : Surface::allocateBuffers(this=0x710bd6d000)
06-23 17:11:35.688 19826 19826 D PhoneWindow: windowLightStatusBar : false, disable View.SYSTEM_UI_FLAG_LIGHT_STATUS_BAR
06-23 17:11:35.690   792   792 I SurfaceFlinger: Remove BufferLayer(0x7f5927f000) com.oringnet.wm/com.oring.ble.BLEScanActivity@19826#1 (-1 x -1)
06-23 17:11:35.690   792   792 I BufferQueue: [com.oringnet.wm/com.oring.ble.BLEScanActivity@19826#1](this:0x7f592e4000,id:1941,api:1,p:-1,c:-1) ~BufferQueueCore
06-23 17:11:35.693   792   792 I MiniDump: 0x7f65d54000 |     DEVICE |          0 | 1.000 |    0   67  720 1600 |   0.0   0.0 720.0 1533.0 | com.oringnet.wm/com.oring.ble.BLEScanActivity@19826#0
06-23 17:11:35.706 19826 19826 I TouchFilterInputStageHelper: [needTouchEventFilter] Displayid : 0
06-23 17:11:35.710   792   792 I MiniDump: 0x7f65d54000 |     DEVICE |          0 | 0.974 |    0   66  720 1599 |   0.0   0.0 720.0 1533.0 | com.oringnet.wm/com.oring.ble.BLEScanActivity@19826#0
06-23 17:11:35.710   792   792 I MiniDump: 0x7f59227000 |     DEVICE |          0 | 0.741 |    0  373  720 1600 |   0.0   0.0 720.0 1227.0 | com.oringnet.wm/com.oring.ble.BLECreateActivity@19826#0
06-23 17:11:35.710 19826 19826 D BezellessGripSuppressionFilter: getdisplaysize, x : 720 y : 1600
06-23 17:11:35.731   792  2107 I BufferQueueConsumer: [com.oringnet.wm/com.oring.ble.BLECreateActivity@19826#1](this:0x7f592e5800,id:1943,api:0,p:-1,c:792) setConsumerName: com.oringnet.wm/com.oring.ble.BLECreateActivity@19826#1
06-23 17:11:35.731   792  2107 I BufferQueueConsumer: [com.oringnet.wm/com.oring.ble.BLECreateActivity@19826#1](this:0x7f592e5800,id:1943,api:0,p:-1,c:792) setDefaultBufferSize: width=126 height=126
06-23 17:11:35.731   792  2107 I SurfaceFlinger: Create BufferLayer(0x7f59304000) com.oringnet.wm/com.oring.ble.BLECreateActivity@19826#1 (126 x 126)
06-23 17:11:35.737 19826 19850 D Surface : Surface::connect(this=0x710be12000,api=1)
06-23 17:11:35.738   792   823 I BufferQueueProducer: [com.oringnet.wm/com.oring.ble.BLECreateActivity@19826#1](this:0x7f592e5800,id:1943,api:1,p:19826,c:792) connect(P): api=1 producer=(19826:com.oringnet.wm) producerControlledByApp=false
06-23 17:11:35.742 19826 19850 D Surface : Surface::setBufferCount(this=0x710be12000,bufferCount=3)
06-23 17:11:35.742 19826 19850 D Surface : Surface::allocateBuffers(this=0x710be12000)
06-23 17:11:35.797 19826 19826 I Timeline: Timeline: Activity_idle id: android.os.BinderProxy@ce6bac3 time:86349504
06-23 17:11:35.800 19826 19826 I CreateTest 1請求: 01030200000445b1
06-23 17:11:35.812   792   792 I MiniDump: 0x7f65d54000 |     DEVICE |          0 | 0.648 |    0   42  720 1575 |   0.0   0.0 720.0 1533.0 | com.oringnet.wm/com.oring.ble.BLEScanActivity@19826#0
06-23 17:11:35.812   792   792 I MiniDump: 0x7f59227000 |     DEVICE |          0 | 1.000 |    0  138  720 1600 |   0.0   0.0 720.0 1462.0 | com.oringnet.wm/com.oring.ble.BLECreateActivity@19826#0
06-23 17:11:35.812 19826 19826 I CreateTest 1響應: 01030869576c6c417970700df4
06-23 17:11:35.812   792   792 I MiniDump: 0x7f59304000 |     DEVICE |          0 | 0.303 |  301  831  419  949 |   0.0   0.0 126.0 126.0 | com.oringnet.wm/com.oring.ble.BLECreateActivity@19826#1
06-23 17:11:35.821   792   792 I SurfaceFlinger: screenshot (com.oringnet.wm/com.oring.ble.BLEScanActivity@19826#0)
06-23 17:11:35.821   792   792 I SurfaceFlinger: screenshot (com.oringnet.wm/com.oring.ble.BLECreateActivity@19826#0)
06-23 17:11:35.911 19826 19826 I CreateTest 1響應: 01030875695f6d303231323026
06-23 17:11:35.912 19826 19826 I CreateTest 1請求: 0103020400040470
06-23 17:11:35.940   792   792 I SurfaceFlinger: Remove BufferLayer(0x7f59227000) com.oringnet.wm/com.oring.ble.BLECreateActivity@19826#0 (-1 x -1)
06-23 17:11:35.941   792   792 I SurfaceFlinger: Remove BufferLayer(0x7f59304000) com.oringnet.wm/com.oring.ble.BLECreateActivity@19826#1 (-1 x -1)
06-23 17:11:35.941   792   792 I SurfaceFlinger: Remove BufferLayer(0x7f65d54000) com.oringnet.wm/com.oring.ble.BLEScanActivity@19826#0 (-1 x -1)
06-23 17:11:35.945 19826 19850 D Surface : Surface::disconnect(this=0x7174423000,api=1)
06-23 17:11:35.946   792   792 I MiniDump: 0x7f59227000 |     DEVICE |          0 | 1.000 |    0   67  720 1600 |   0.0   0.0 720.0 1533.0 | com.oringnet.wm/com.oring.ble.BLECreateActivity@19826#0
06-23 17:11:35.946   792   792 I MiniDump: 0x7f59304000 |     DEVICE |          0 | 1.000 |  297  756  423  882 |   0.0   0.0 126.0 126.0 | com.oringnet.wm/com.oring.ble.BLECreateActivity@19826#1
06-23 17:11:35.951   792   792 I SurfaceFlinger: screenshot (com.oringnet.wm/com.oring.ble.BLECreateActivity@19826#0)
06-23 17:11:35.954   792  2107 I BufferQueueProducer: [com.oringnet.wm/com.oring.ble.BLEScanActivity@19826#0](this:0x7f57722000,id:1940,api:1,p:19826,c:792) disconnect(P): api 1
06-23 17:11:35.990   792   792 I SurfaceFlinger: Remove BufferLayer(0x7f65d54000) com.oringnet.wm/com.oring.ble.BLEScanActivity@19826#0 (-1 x -1)
06-23 17:11:35.991   792   792 I BufferQueue: [com.oringnet.wm/com.oring.ble.BLEScanActivity@19826#0](this:0x7f57722000,id:1940,api:1,p:-1,c:-1) ~BufferQueueCore
06-23 17:11:35.995 19826 19826 I CreateTest 1請求: 010302080004c473
06-23 17:11:36.004 19826 19826 I CreateTest 1響應: 0103083630323236313730535f
06-23 17:11:36.093 19826 19826 I HEX:    : 69576c6c4179707075695f6d303231323630323236313730
06-23 17:11:36.095 19826 19826 I DeviceName:: NULL
06-23 17:11:36.096 19826 19826 I DeviceName:: WillyAppium_202106221607
06-23 17:11:36.104 19826 19826 I CreateTest 0響應: 010308000000000000000095d7
06-23 17:11:36.104 19826 19826 I CreateTest 0請求: 0103020C000485b2
06-23 17:11:36.125   792   792 I SurfaceFlinger: screenshot (com.oringnet.wm/com.oring.ble.BLECreateActivity@19826#0)
06-23 17:11:36.189 19826 19826 I CreateTest 0請求: 0103021000044474
06-23 17:11:36.189 19826 19826 I HEX:    : 
06-23 17:11:36.196 19826 19826 I CreateTest 2響應: 010308000000000000000095d7
06-23 17:11:36.225   792   792 I SurfaceFlinger: screenshot (com.oringnet.wm/com.oring.ble.BLECreateActivity@19826#0)
06-23 17:11:36.295 19826 19826 I CreateTest 2響應: 0104086f695f74657474731ff4
06-23 17:11:36.296 19826 19826 I CreateTest 2請求: 010402140004b075
06-23 17:11:36.326   792   792 I SurfaceFlinger: screenshot (com.oringnet.wm/com.oring.ble.BLECreateActivity@19826#0)
06-23 17:11:36.384 19826 19826 I HEX:    : 6f695f74657474733930
06-23 17:11:36.395 19826 19826 I CreateTest 3響應: 0104083930000000000000d770
06-23 17:11:36.401 19826 19826 I CreateTest 3請求: 0104021800047076
06-23 17:11:36.443   792   792 I SurfaceFlinger: screenshot (com.oringnet.wm/com.oring.ble.BLECreateActivity@19826#0)
06-23 17:11:36.481 19826 19826 I CreateTest 3請求: 010402270004407a
06-23 17:11:36.482 19826 19826 I HEX:    : 
06-23 17:11:36.490 19826 19826 I CreateTest 4響應: 0104080000000000000000240d
06-23 17:11:36.580 19826 19826 I CreateTest 4請求: 010303E80004c479
06-23 17:11:36.581 19826 19826 I HEX:    : 323134333635
06-23 17:11:36.582 19826 19826 I Password: : 123456
06-23 17:11:36.606 19826 19826 I CreateTest 5響應: 0103083231343336350000282f
06-23 17:11:36.621 19826 19826 I TouchFilterInputStageHelper: [needTouchEventFilter] Displayid : 0
06-23 17:11:36.625 19826 19826 D BezellessGripSuppressionFilter: getdisplaysize, x : 720 y : 1600
06-23 17:11:36.640   792  1237 I BufferQueueConsumer: [Toast@19826#0](this:0x7f65d5e800,id:1944,api:0,p:-1,c:792) setConsumerName: Toast@19826#0
06-23 17:11:36.641   792  1237 I BufferQueueConsumer: [Toast@19826#0](this:0x7f65d5e800,id:1944,api:0,p:-1,c:792) setDefaultBufferSize: width=249 height=70
06-23 17:11:36.641   792  1237 I SurfaceFlinger: Create BufferLayer(0x7f65d54000) Toast@19826#0 (249 x 70)
06-23 17:11:36.647 19826 19850 D Surface : Surface::connect(this=0x7174423000,api=1)
06-23 17:11:36.648   792   823 I BufferQueueProducer: [Toast@19826#0](this:0x7f65d5e800,id:1944,api:1,p:19826,c:792) connect(P): api=1 producer=(19826:com.oringnet.wm) producerControlledByApp=false
06-23 17:11:36.650 19826 19850 D Surface : Surface::setBufferCount(this=0x7174423000,bufferCount=3)
06-23 17:11:36.650 19826 19850 D Surface : Surface::allocateBuffers(this=0x7174423000)
06-23 17:11:36.677 19826 19826 I CloudConfig: : 0
06-23 17:11:36.683 19826 19826 I CreateTest 6響應: 0103020000b844
06-23 17:11:36.690 19826 19826 I CreateTest 6請求: 010303F8000105bf
06-23 17:11:36.695   792   792 I SurfaceFlinger: screenshot (com.oringnet.wm/com.oring.ble.BLECreateActivity@19826#0)
06-23 17:11:36.726   792   792 I MiniDump: 0x7f59227000 |     DEVICE |          0 | 1.000 |    0   67  720 1600 |   0.0   0.0 720.0 1533.0 | com.oringnet.wm/com.oring.ble.BLECreateActivity@19826#0
06-23 17:11:36.726   792   792 I MiniDump: 0x7f59304000 |     DEVICE |          0 | 1.000 |  297  756  423  882 |   0.0   0.0 126.0 126.0 | com.oringnet.wm/com.oring.ble.BLECreateActivity@19826#1
06-23 17:11:36.726   792   792 I MiniDump: 0x7f65d54000 |     DEVICE |          0 | 0.067 |  235 1460  484 1530 |   0.0   0.0 249.0  70.0 | Toast@19826#0
06-23 17:11:36.776 19826 19826 I CreateTest 6請求: 010104000001fcfa
06-23 17:11:36.779 19826 19826 I fc_Status:: 00false
06-23 17:11:36.783 19826 19850 D Surface : Surface::disconnect(this=0x710be12000,api=1)
06-23 17:11:36.784   792   823 I BufferQueueProducer: [com.oringnet.wm/com.oring.ble.BLECreateActivity@19826#1](this:0x7f592e5800,id:1943,api:1,p:19826,c:792) disconnect(P): api 1
06-23 17:11:36.800 19826 19826 I CreateTest -1響應: 010101005188
06-23 17:11:36.855   792  1237 I BufferQueueProducer: [com.oringnet.wm/com.oring.ble.BLECreateActivity@19826#0](this:0x7f59271000,id:1942,api:1,p:19826,c:792) queueBuffer: fps=1.66 dur=1207.99 max=1099.92 min=108.07
06-23 17:11:36.964   792   792 I SurfaceFlinger: screenshot (com.oringnet.wm/com.oring.ble.BLECreateActivity@19826#0)
06-23 17:11:36.976   792   792 I MiniDump: 0x7f59227000 |     DEVICE |          0 | 1.000 |    0   67  720 1600 |   0.0   0.0 720.0 1533.0 | com.oringnet.wm/com.oring.ble.BLECreateActivity@19826#0
06-23 17:11:36.976   792   792 I MiniDump: 0x7f65d54000 |     DEVICE |          0 | 0.783 |  235 1460  484 1530 |   0.0   0.0 249.0  70.0 | Toast@19826#0
06-23 17:11:37.056   792   792 I SurfaceFlinger: Remove BufferLayer(0x7f59304000) com.oringnet.wm/com.oring.ble.BLECreateActivity@19826#1 (-1 x -1)
06-23 17:11:37.057   792   792 I BufferQueue: [com.oringnet.wm/com.oring.ble.BLECreateActivity@19826#1](this:0x7f592e5800,id:1943,api:1,p:-1,c:-1) ~BufferQueueCore
06-23 17:11:37.060   792   792 I MiniDump: 0x7f59227000 |     DEVICE |          0 | 1.000 |    0   67  720 1600 |   0.0   0.0 720.0 1533.0 | com.oringnet.wm/com.oring.ble.BLECreateActivity@19826#0
06-23 17:11:37.060   792   792 I MiniDump: 0x7f65d54000 |     DEVICE |          0 | 0.910 |  235 1460  484 1530 |   0.0   0.0 249.0  70.0 | Toast@19826#0
06-23 17:11:37.214   792   792 I SurfaceFlinger: screenshot (com.oringnet.wm/com.oring.ble.BLECreateActivity@19826#0)
06-23 17:11:37.343   792   792 I SurfaceFlinger: screenshot (com.oringnet.wm/com.oring.ble.BLECreateActivity@19826#0)
06-23 17:11:37.459   792   792 I SurfaceFlinger: screenshot (com.oringnet.wm/com.oring.ble.BLECreateActivity@19826#0)
06-23 17:11:37.560   792   792 I SurfaceFlinger: screenshot (com.oringnet.wm/com.oring.ble.BLECreateActivity@19826#0)
06-23 17:11:37.635   792   792 I SurfaceFlinger: screenshot (com.oringnet.wm/com.oring.ble.BLECreateActivity@19826#0)
06-23 17:11:37.635   792   792 I SurfaceFlinger: screenshot (Toast@19826#0)
06-23 17:11:37.676   792   792 I SurfaceFlinger: screenshot (com.oringnet.wm/com.oring.ble.BLECreateActivity@19826#0)
06-23 17:11:38.012   792   823 I BufferQueueProducer: [com.oringnet.wm/com.oring.ble.BLECreateActivity@19826#0](this:0x7f59271000,id:1942,api:1,p:19826,c:792) queueBuffer: fps=0.86 dur=1157.18 max=1157.18 min=1157.18
06-23 17:11:38.025   792   792 I SurfaceFlinger: screenshot (com.oringnet.wm/com.oring.ble.BLECreateActivity@19826#0)
06-23 17:11:38.560   792   792 I SurfaceFlinger: screenshot (com.oringnet.wm/com.oring.ble.BLECreateActivity@19826#0)
06-23 17:11:38.848   792   792 I SurfaceFlinger: screenshot (com.oringnet.wm/com.oring.ble.BLECreateActivity@19826#0)
06-23 17:11:38.848   792   792 I SurfaceFlinger: screenshot (Toast@19826#0)
06-23 17:11:39.296   792  1237 I BufferQueueProducer: [com.oringnet.wm/com.oring.ble.BLECreateActivity@19826#0](this:0x7f59271000,id:1942,api:1,p:19826,c:792) queueBuffer: fps=1.56 dur=1283.99 max=755.14 min=528.85
06-23 17:11:40.106 19826 19850 D Surface : Surface::disconnect(this=0x7174423000,api=1)
06-23 17:11:40.107   792  1237 I BufferQueueProducer: [Toast@19826#0](this:0x7f65d5e800,id:1944,api:1,p:19826,c:792) disconnect(P): api 1
06-23 17:11:40.117   792   792 I SurfaceFlinger: screenshot (com.oringnet.wm/com.oring.ble.BLECreateActivity@19826#0)
06-23 17:11:40.234   792   792 I SurfaceFlinger: screenshot (com.oringnet.wm/com.oring.ble.BLECreateActivity@19826#0)
06-23 17:11:40.351   792   792 I SurfaceFlinger: screenshot (com.oringnet.wm/com.oring.ble.BLECreateActivity@19826#0)
06-23 17:11:40.614   792   792 I SurfaceFlinger: screenshot (com.oringnet.wm/com.oring.ble.BLECreateActivity@19826#0)
06-23 17:11:40.644   792   792 I MiniDump: 0x7f59227000 |     DEVICE |          0 | 1.000 |    0   67  720 1600 |   0.0   0.0 720.0 1533.0 | com.oringnet.wm/com.oring.ble.BLECreateActivity@19826#0
06-23 17:11:40.658   792   792 I SurfaceFlinger: Remove BufferLayer(0x7f65d54000) Toast@19826#0 (-1 x -1)
06-23 17:11:40.658   792   792 I BufferQueue: [Toast@19826#0](this:0x7f65d5e800,id:1944,api:1,p:-1,c:-1) ~BufferQueueCore
06-23 17:11:40.717   792   792 I SurfaceFlinger: screenshot (com.oringnet.wm/com.oring.ble.BLECreateActivity@19826#0)
06-23 17:11:41.042 19826 19826 I ViewRootImpl: ViewRoot's Touch Event : ACTION_DOWN
06-23 17:11:41.045   792   792 I SurfaceFlinger: screenshot (com.oringnet.wm/com.oring.ble.BLECreateActivity@19826#0)
06-23 17:11:41.049 19826 19826 I ViewRootImpl: ViewRoot's Touch Event : ACTION_UP
06-23 17:11:41.051 19826 19826 I CheckPW:: 123456
06-23 17:11:41.051 19826 19826 I blePassword:: 123456
06-23 17:11:41.088  1379  2811 I ActivityTaskManager: The Process com.oringnet.wm Already Exists in BG. So sending its PID: 19826
06-23 17:11:41.099 19826 19826 W ActivityThread: handleWindowVisibility: no activity for token android.os.BinderProxy@6e80365
06-23 17:11:41.131 19826 19826 D PhoneWindow: windowLightStatusBar : false, disable View.SYSTEM_UI_FLAG_LIGHT_STATUS_BAR
06-23 17:11:41.159   792   792 I SurfaceFlinger: screenshot (com.oringnet.wm/com.oring.ble.BLECreateActivity@19826#0)
06-23 17:11:41.243 19826 19826 I YYTT    : 4
06-23 17:11:41.326 19826 19826 I EEWW:   : WillyAppium_202106221607
06-23 17:11:41.338 19826 19826 D BluetoothGatt: setCharacteristicNotification() - uuid: 6e400003-b5a3-f393-e0a9-e50e24dcca9e enable: true
06-23 17:11:41.351 19826 19826 I TouchFilterInputStageHelper: [needTouchEventFilter] Displayid : 0
06-23 17:11:41.353 19826 19826 D BezellessGripSuppressionFilter: getdisplaysize, x : 720 y : 1600
06-23 17:11:41.377   792   792 I SurfaceFlinger: screenshot (com.oringnet.wm/com.oring.ble.BLECreateActivity@19826#0)
06-23 17:11:41.391   792  1237 I BufferQueueConsumer: [com.oringnet.wm/com.oring.SlideActivity@19826#0](this:0x7f65ce6800,id:1945,api:0,p:-1,c:792) setConsumerName: com.oringnet.wm/com.oring.SlideActivity@19826#0
06-23 17:11:41.391   792  1237 I BufferQueueConsumer: [com.oringnet.wm/com.oring.SlideActivity@19826#0](this:0x7f65ce6800,id:1945,api:0,p:-1,c:792) setDefaultBufferSize: width=720 height=1600
06-23 17:11:41.391   792  1237 I SurfaceFlinger: Create BufferLayer(0x7f576da000) com.oringnet.wm/com.oring.SlideActivity@19826#0 (720 x 1600)
06-23 17:11:41.396 19826 19850 D Surface : Surface::connect(this=0x710bc86000,api=1)
06-23 17:11:41.396   792   824 I BufferQueueProducer: [com.oringnet.wm/com.oring.SlideActivity@19826#0](this:0x7f65ce6800,id:1945,api:1,p:19826,c:792) connect(P): api=1 producer=(19826:com.oringnet.wm) producerControlledByApp=false
06-23 17:11:41.397 19826 19850 D Surface : Surface::setBufferCount(this=0x710bc86000,bufferCount=3)
06-23 17:11:41.397 19826 19850 D Surface : Surface::allocateBuffers(this=0x710bc86000)
06-23 17:11:41.611   792   792 I MiniDump: 0x7f59227000 |     DEVICE |          0 | 0.975 |    0   66  720 1599 |   0.0   0.0 720.0 1533.0 | com.oringnet.wm/com.oring.ble.BLECreateActivity@19826#0
06-23 17:11:41.611   792   792 I MiniDump: 0x7f576da000 |     DEVICE |          0 | 0.713 |    0  307  720 1600 |   0.0   0.0 720.0 1293.0 | com.oringnet.wm/com.oring.SlideActivity@19826#0
06-23 17:11:41.635 19826 19826 I Timeline: Timeline: Activity_idle id: android.os.BinderProxy@6e80365 time:86355342
06-23 17:11:41.650 19826 19826 I Dashboard: [Rsp]<Read DI Status> 01020100a188
06-23 17:11:41.658 19826 19826 W UiThreadStatement: Already on the UI thread, this method should not be called from the main application thread
06-23 17:11:41.659 19826 19826 I Dashboard: [Req]<Read DO Status> 01020000000479c9
06-23 17:11:41.714   792   792 I SurfaceFlinger: screenshot (com.oringnet.wm/com.oring.ble.BLECreateActivity@19826#0)
06-23 17:11:41.714   792   792 I SurfaceFlinger: screenshot (com.oringnet.wm/com.oring.SlideActivity@19826#0)
06-23 17:11:41.746   792   792 I MiniDump: 0x7f576da000 |     DEVICE |          0 | 1.000 |    0   34  720 1600 |   0.0   0.0 720.0 1566.0 | com.oringnet.wm/com.oring.SlideActivity@19826#0
06-23 17:11:41.748 19826 19826 I Dashboard: [Rsp]<Read DO Status> 010101005188
06-23 17:11:41.767 19826 19826 W UiThreadStatement: Already on the UI thread, this method should not be called from the main application thread
06-23 17:11:41.767 19826 19826 I Dashboard: [Req]<Read RELAY Status> 0101000000043dc9
06-23 17:11:41.843 19826 19850 D Surface : Surface::disconnect(this=0x710bd6d000,api=1)
06-23 17:11:41.844   792   823 I BufferQueueProducer: [com.oringnet.wm/com.oring.ble.BLECreateActivity@19826#0](this:0x7f59271000,id:1942,api:1,p:19826,c:792) disconnect(P): api 1
06-23 17:11:41.845   792   792 I MiniDump: 0x7f576da000 |     DEVICE |          0 | 1.000 |    0    0  720 1600 |   0.0   0.0 720.0 1600.0 | com.oringnet.wm/com.oring.SlideActivity@19826#0
06-23 17:11:41.874 19826 19826 W UiThreadStatement: Already on the UI thread, this method should not be called from the main application thread
06-23 17:11:41.874 19826 19826 I Dashboard: [Req]<Read RELAY Status> 010100040002fc0a
06-23 17:11:41.874   792   792 I SurfaceFlinger: Remove BufferLayer(0x7f59227000) com.oringnet.wm/com.oring.ble.BLECreateActivity@19826#0 (-1 x -1)
06-23 17:11:41.874 19826 19826 I Dashboard: [Rsp]<Read RELAY Status> 010101005188
06-23 17:11:41.875   792   792 I BufferQueue: [com.oringnet.wm/com.oring.ble.BLECreateActivity@19826#0](this:0x7f59271000,id:1942,api:1,p:-1,c:-1) ~BufferQueueCore
06-23 17:11:41.927   792   792 I SurfaceFlinger: screenshot (com.oringnet.wm/com.oring.SlideActivity@19826#0)
06-23 17:11:41.942 19826 19826 W UiThreadStatement: Already on the UI thread, this method should not be called from the main application thread
06-23 17:11:41.942 19826 19826 I Dashboard: [Req]<Read DI COUNTER> 010404310004a136
06-23 17:11:41.942 19826 19826 I Dashboard: [Rsp]<Read DI COUNTER> 0104080000000000000000240d
06-23 17:11:42.038 19826 19826 W UiThreadStatement: Already on the UI thread, this method should not be called from the main application thread
06-23 17:11:42.038 19826 19826 I Dashboard: [Req]<Read AI 0 Status> 01040000000271cb
06-23 17:11:42.039 19826 19826 I Dashboard: [Rsp]<Read AI 0 Status> 01040438ee3de547ca
06-23 17:11:42.044   792   792 I SurfaceFlinger: screenshot (com.oringnet.wm/com.oring.SlideActivity@19826#0)
06-23 17:11:42.058 19826 19826 I AI_value:: 0.0
06-23 17:11:42.058 19826 19826 I AI_raw: : 38ee3de5
06-23 17:11:42.136 19826 19826 I Dashboard: [Rsp]<Read AI 1 Status> 01040400000000fb84
06-23 17:11:42.150 19826 19826 I AI_value:: 0.0
06-23 17:11:42.150 19826 19826 I AI_raw: : 00000000
06-23 17:11:42.156 19826 19826 W UiThreadStatement: Already on the UI thread, this method should not be called from the main application thread
06-23 17:11:42.156 19826 19826 I Dashboard: [Req]<Read AI 2 Status> 010400020002d00b
06-23 17:11:42.160   792   792 I SurfaceFlinger: screenshot (com.oringnet.wm/com.oring.SlideActivity@19826#0)
06-23 17:11:42.234 19826 19826 W UiThreadStatement: Already on the UI thread, this method should not be called from the main application thread
06-23 17:11:42.234 19826 19826 I Dashboard: [Req]<Read AI 2 Status> 010400040002300a
06-23 17:11:42.235 19826 19826 I Dashboard: [Rsp]<Read AI 2 Status> 0104044412f99a8d4a
06-23 17:11:42.261 19826 19826 I AI_value:: 587.9
06-23 17:11:42.261 19826 19826 I AI_raw: : 4412f99a
06-23 17:11:42.277   792   792 I SurfaceFlinger: screenshot (com.oringnet.wm/com.oring.SlideActivity@19826#0)
06-23 17:11:42.332 19826 19826 W UiThreadStatement: Already on the UI thread, this method should not be called from the main application thread
06-23 17:11:42.332 19826 19826 I Dashboard: [Req]<Read AI 3 Status> 01040006000291ca
06-23 17:11:42.333 19826 19826 I Dashboard: [Rsp]<Read AI 3 Status> 01040441fa0000cf89
06-23 17:11:42.371 19826 19826 I AI_value:: 31.25
06-23 17:11:42.371 19826 19826 I AI_raw: : 41fa0000
06-23 17:11:42.394   792   792 I SurfaceFlinger: screenshot (com.oringnet.wm/com.oring.SlideActivity@19826#0)
06-23 17:11:42.478 19826 19826 W UiThreadStatement: Already on the UI thread, this method should not be called from the main application thread
06-23 17:11:42.478 19826 19826 I Dashboard: [Req]<Read AI 4 Status> 010400080002f009
06-23 17:11:42.480 19826 19826 I Dashboard: [Rsp]<Read AI 4 Status> 01040400000000fb84
06-23 17:11:42.513 19826 19826 I AI_value:: 0.0
06-23 17:11:42.513 19826 19826 I AI_raw: : 00000000
06-23 17:11:42.576 19826 19826 I Dashboard: [Rsp]<Read AI 5 Status> 01040441fa0000cf89
06-23 17:11:42.611 19826 19826 I AI_value:: 31.25
06-23 17:11:42.611 19826 19826 I AI_raw: : 41fa0000
06-23 17:11:42.620 19826 19826 W UiThreadStatement: Already on the UI thread, this method should not be called from the main application thread
06-23 17:11:42.620 19826 19826 I Dashboard: [Req]<Read AI Type> 0104000A000251c9
06-23 17:11:42.643   792  2108 I BufferQueueProducer: [com.oringnet.wm/com.oring.SlideActivity@19826#0](this:0x7f65ce6800,id:1945,api:1,p:19826,c:792) queueBuffer: fps=11.89 dur=1093.59 max=148.37 min=23.60
06-23 17:11:42.645   792   792 I SurfaceFlinger: screenshot (com.oringnet.wm/com.oring.SlideActivity@19826#0)
06-23 17:11:42.723 19826 19826 I Dashboard: [Rsp]<Read AI Type> 01030c000600060006000600060006285b
06-23 17:11:42.733 19826 19826 W UiThreadStatement: Already on the UI thread, this method should not be called from the main application thread
06-23 17:11:42.734 19826 19826 I Dashboard: [Req]<Read RTD 2 mode> 010304000006c4f8
06-23 17:11:42.818 19826 19826 W UiThreadStatement: Already on the UI thread, this method should not be called from the main application thread
06-23 17:11:42.818 19826 19826 I Dashboard: [Req]<Read RTD 2 mode> 010303050004544c
06-23 17:11:42.819 19826 19826 I Dashboard: [Rsp]<Read RTD 2 mode> 010308000000000000000095d7
06-23 17:11:42.819 19826 19826 I RTD_mode:: 0000000000000000
06-23 17:11:42.819 19826 19826 I finish  : @@!!
06-23 17:11:42.827   792   792 I SurfaceFlinger: screenshot (com.oringnet.wm/com.oring.SlideActivity@19826#0)
06-23 17:11:42.927   792   792 I SurfaceFlinger: screenshot (com.oringnet.wm/com.oring.SlideActivity@19826#0)
06-23 17:11:43.077   792   792 I SurfaceFlinger: screenshot (com.oringnet.wm/com.oring.SlideActivity@19826#0)
06-23 17:11:43.329   792   792 I SurfaceFlinger: screenshot (com.oringnet.wm/com.oring.SlideActivity@19826#0)
06-23 17:11:44.043 19826 19826 I ViewRootImpl: ViewRoot's Touch Event : ACTION_DOWN
06-23 17:11:44.046   792   792 I SurfaceFlinger: screenshot (com.oringnet.wm/com.oring.SlideActivity@19826#0)
06-23 17:11:44.049 19826 19826 I ViewRootImpl: ViewRoot's Touch Event : ACTION_UP
06-23 17:11:44.065   792  2107 I BufferQueueProducer: [com.oringnet.wm/com.oring.SlideActivity@19826#0](this:0x7f65ce6800,id:1945,api:1,p:19826,c:792) queueBuffer: fps=13.35 dur=1422.96 max=834.48 min=14.81
06-23 17:11:44.160   792   792 I SurfaceFlinger: screenshot (com.oringnet.wm/com.oring.SlideActivity@19826#0)
06-23 17:11:44.528   792   792 I SurfaceFlinger: screenshot (com.oringnet.wm/com.oring.SlideActivity@19826#0)
06-23 17:11:45.478 19826 19826 I ViewRootImpl: ViewRoot's Touch Event : ACTION_DOWN
06-23 17:11:45.491 19826 19826 I ViewRootImpl: ViewRoot's Touch Event : ACTION_UP
06-23 17:11:45.520   792  2108 I BufferQueueProducer: [com.oringnet.wm/com.oring.SlideActivity@19826#0](this:0x7f65ce6800,id:1945,api:1,p:19826,c:792) queueBuffer: fps=18.57 dur=1454.25 max=1018.02 min=4.76
06-23 17:11:45.662   792   792 I SurfaceFlinger: screenshot (com.oringnet.wm/com.oring.SlideActivity@19826#0)
06-23 17:11:45.701 19826 19826 I EEWW:   : WillyAppium_202106221607
06-23 17:11:45.706 19826 19826 I GetID   : b.a.e@8b51103
06-23 17:11:45.717 19826 19826 D BluetoothGatt: setCharacteristicNotification() - uuid: 6e400003-b5a3-f393-e0a9-e50e24dcca9e enable: true
06-23 17:11:45.854   792   792 I SurfaceFlinger: screenshot (com.oringnet.wm/com.oring.SlideActivity@19826#0)
06-23 17:11:45.952 19826 19826 I I/O     : [Rsp]<Read DI Status> 01020100a188
06-23 17:11:45.958 19826 19826 W UiThreadStatement: Already on the UI thread, this method should not be called from the main application thread
06-23 17:11:45.958 19826 19826 I I/O     : [Req]<Read DO Status> 01020000000479c9
06-23 17:11:45.961   792   792 I SurfaceFlinger: screenshot (com.oringnet.wm/com.oring.SlideActivity@19826#0)
06-23 17:11:46.047 19826 19826 I I/O     : [Rsp]<Read DO Status> 010101005188
06-23 17:11:46.054 19826 19826 W UiThreadStatement: Already on the UI thread, this method should not be called from the main application thread
06-23 17:11:46.054 19826 19826 I I/O     : [Req]<Read RELAY Status> 0101000000043dc9
06-23 17:11:46.151 19826 19826 W UiThreadStatement: Already on the UI thread, this method should not be called from the main application thread
06-23 17:11:46.151 19826 19826 I I/O     : [Req]<Read RELAY Status> 010100040002fc0a
06-23 17:11:46.155 19826 19826 I I/O     : [Rsp]<Read RELAY Status> 010101005188
06-23 17:11:46.178   792   792 I SurfaceFlinger: screenshot (com.oringnet.wm/com.oring.SlideActivity@19826#0)
06-23 17:11:46.233 19826 19826 W UiThreadStatement: Already on the UI thread, this method should not be called from the main application thread
06-23 17:11:46.233 19826 19826 I I/O     : [Req]<Read DI COUNTER> 010404310004a136
06-23 17:11:46.242 19826 19826 I I/O     : [Rsp]<Read DI COUNTER> 0104080000000000000000240d
06-23 17:11:46.328 19826 19826 W UiThreadStatement: Already on the UI thread, this method should not be called from the main application thread
06-23 17:11:46.328 19826 19826 I I/O     : [Req]<Read AI 0 Status> 01040000000271cb
06-23 17:11:46.328 19826 19826 I I/O     : [Rsp]<Read AI 0 Status> 010404389dcbe77070
06-23 17:11:46.343 19826 19826 I AI_value:: 0.0
06-23 17:11:46.343 19826 19826 I AI_raw: : 389dcbe7
06-23 17:11:46.378   792   792 I SurfaceFlinger: screenshot (com.oringnet.wm/com.oring.SlideActivity@19826#0)
06-23 17:11:46.427 19826 19826 I I/O     : [Rsp]<Read AI 1 Status> 01040400000000fb84
06-23 17:11:46.441 19826 19826 I AI_value:: 0.0
06-23 17:11:46.441 19826 19826 I AI_raw: : 00000000
06-23 17:11:46.446 19826 19826 W UiThreadStatement: Already on the UI thread, this method should not be called from the main application thread
06-23 17:11:46.446 19826 19826 I I/O     : [Req]<Read AI 2 Status> 010400020002d00b
06-23 17:11:46.524 19826 19826 W UiThreadStatement: Already on the UI thread, this method should not be called from the main application thread
06-23 17:11:46.525 19826 19826 I I/O     : [Req]<Read AI 2 Status> 010400040002300a
06-23 17:11:46.528 19826 19826 I I/O     : [Rsp]<Read AI 2 Status> 0104044412f99a8d4a
06-23 17:11:46.550   792   792 I SurfaceFlinger: screenshot (com.oringnet.wm/com.oring.SlideActivity@19826#0)
06-23 17:11:46.577 19826 19826 I AI_value:: 587.9
06-23 17:11:46.577 19826 19826 I AI_raw: : 4412f99a
06-23 17:11:46.613   792  2107 I BufferQueueProducer: [com.oringnet.wm/com.oring.SlideActivity@19826#0](this:0x7f65ce6800,id:1945,api:1,p:19826,c:792) queueBuffer: fps=35.68 dur=1093.09 max=153.92 min=4.55
06-23 17:11:46.672 19826 19826 I I/O     : [Rsp]<Read AI 3 Status> 01040441fa0000cf89
06-23 17:11:46.706 19826 19826 I AI_value:: 31.25
06-23 17:11:46.706 19826 19826 I AI_raw: : 41fa0000
06-23 17:11:46.714 19826 19826 W UiThreadStatement: Already on the UI thread, this method should not be called from the main application thread
06-23 17:11:46.714 19826 19826 I I/O     : [Req]<Read AI 4 Status> 01040006000291ca
06-23 17:11:46.763   792   792 I SurfaceFlinger: screenshot (com.oringnet.wm/com.oring.SlideActivity@19826#0)
06-23 17:11:46.769 19826 19826 W UiThreadStatement: Already on the UI thread, this method should not be called from the main application thread
06-23 17:11:46.769 19826 19826 I I/O     : [Req]<Read AI 4 Status> 010400080002f009
06-23 17:11:46.769 19826 19826 I I/O     : [Rsp]<Read AI 4 Status> 01040400000000fb84
06-23 17:11:46.830 19826 19826 I AI_value:: 0.0
