07-08 16:12:11.069   800   800 I SurfaceFlinger: screenshot (com.oringnet.wm/com.oring.SlideActivity@8772#0)
07-08 16:12:11.084  8772  8772 I Listenable:: here
07-08 16:12:11.085  8772  8772 W UiThreadStatement: Already on the UI thread, this method should not be called from the main application thread
07-08 16:12:11.085  8772  8772 I Gateway : [Req]<WRITE ENABLE HIGH> 00100A4900010200000f99
07-08 16:12:11.129   800  2133 I BufferQueueProducer: [com.oringnet.wm/com.oring.SlideActivity@8772#0](this:0x78010a4000,id:426,api:1,p:8772,c:800) queueBuffer: fps=10.99 dur=1001.36 max=755.44 min=11.49
07-08 16:12:11.166   800   800 I SurfaceFlinger: screenshot (com.oringnet.wm/com.oring.SlideActivity@8772#0)
07-08 16:12:11.266   800   800 I SurfaceFlinger: screenshot (com.oringnet.wm/com.oring.SlideActivity@8772#0)
07-08 16:12:11.291   800   800 I MiniDump: 0x78010bf000 |     DEVICE |          0 | 1.000 |    0    0  720 1600 |   0.0   0.0 720.0 1600.0 | com.oringnet.wm/com.oring.SlideActivity@8772#0
07-08 16:12:11.292   800   800 I MiniDump: 0x78010bf000 |     DEVICE |          0 | 1.000 |    0    0  720 1600 |   0.0   0.0 720.0 1600.0 | com.oringnet.wm/com.oring.SlideActivity@8772#0
07-08 16:12:11.351   800   800 I SurfaceFlinger: Remove BufferLayer(0x78010c8000) com.oringnet.wm/com.oring.SlideActivity@8772#1 (-1 x -1)
07-08 16:12:11.352   800   800 I BufferQueue: [com.oringnet.wm/com.oring.SlideActivity@8772#1](this:0x78011c7000,id:435,api:1,p:-1,c:-1) ~BufferQueueCore
07-08 16:12:11.357   800   800 I MiniDump: 0x78010bf000 |     DEVICE |          0 | 1.000 |    0    0  720 1600 |   0.0   0.0 720.0 1600.0 | com.oringnet.wm/com.oring.SlideActivity@8772#0
07-08 16:12:11.357   800   800 I MiniDump: 0x78010bf000 |     DEVICE |          0 | 1.000 |    0    0  720 1600 |   0.0   0.0 720.0 1600.0 | com.oringnet.wm/com.oring.SlideActivity@8772#0
07-08 16:12:11.367   800   800 I SurfaceFlinger: screenshot (com.oringnet.wm/com.oring.SlideActivity@8772#0)
07-08 16:12:11.492   800   800 I SurfaceFlinger: screenshot (com.oringnet.wm/com.oring.SlideActivity@8772#0)
07-08 16:12:11.609   800   800 I SurfaceFlinger: screenshot (com.oringnet.wm/com.oring.SlideActivity@8772#0)
07-08 16:12:11.710   800   800 I SurfaceFlinger: screenshot (com.oringnet.wm/com.oring.SlideActivity@8772#0)
07-08 16:12:11.769  8772  8772 I ViewRootImpl: ViewRoot's Touch Event : ACTION_DOWN
07-08 16:12:11.777  8772  8772 I ViewRootImpl: ViewRoot's Touch Event : ACTION_UP
07-08 16:12:11.789  8772  8772 D PhoneWindow: windowLightStatusBar : false, disable View.SYSTEM_UI_FLAG_LIGHT_STATUS_BAR
07-08 16:12:11.813  8772  8772 I TouchFilterInputStageHelper: [needTouchEventFilter] Displayid : 0
07-08 16:12:11.818  8772  8772 D BezellessGripSuppressionFilter: getdisplaysize, x : 720 y : 1600
07-08 16:12:11.829   800   800 I SurfaceFlinger: screenshot (com.oringnet.wm/com.oring.SlideActivity@8772#0)
07-08 16:12:11.833  8772  8772 D BluetoothGatt: setCharacteristicNotification() - uuid: 6e400003-b5a3-f393-e0a9-e50e24dcca9e enable: true
07-08 16:12:11.863   800  2204 I BufferQueueConsumer: [com.oringnet.wm/com.oring.SlideActivity@8772#1](this:0x780dd2e800,id:436,api:0,p:-1,c:800) setConsumerName: com.oringnet.wm/com.oring.SlideActivity@8772#1
07-08 16:12:11.863   800  2204 I BufferQueueConsumer: [com.oringnet.wm/com.oring.SlideActivity@8772#1](this:0x780dd2e800,id:436,api:0,p:-1,c:800) setDefaultBufferSize: width=126 height=126
07-08 16:12:11.863   800  2204 I SurfaceFlinger: Create BufferLayer(0x780dd6e000) com.oringnet.wm/com.oring.SlideActivity@8772#1 (126 x 126)
07-08 16:12:11.872  8772  8797 D Surface : Surface::connect(this=0x787c988000,api=1)
07-08 16:12:11.873   800  2204 I BufferQueueProducer: [com.oringnet.wm/com.oring.SlideActivity@8772#1](this:0x780dd2e800,id:436,api:1,p:8772,c:800) connect(P): api=1 producer=(8772:com.oringnet.wm) producerControlledByApp=false
07-08 16:12:11.875  8772  8797 D Surface : Surface::setBufferCount(this=0x787c988000,bufferCount=3)
07-08 16:12:11.876  8772  8797 D Surface : Surface::allocateBuffers(this=0x787c988000)
07-08 16:12:11.929   800   800 I SurfaceFlinger: screenshot (com.oringnet.wm/com.oring.SlideActivity@8772#0)
07-08 16:12:11.957   800   800 I MiniDump: 0x78010bf000 |     DEVICE |          0 | 1.000 |    0    0  720 1600 |   0.0   0.0 720.0 1600.0 | com.oringnet.wm/com.oring.SlideActivity@8772#0
07-08 16:12:11.957   800   800 I MiniDump: 0x780dd6e000 |     DEVICE |          0 | 0.303 |  301  760  419  878 |   0.0   0.0 126.0 126.0 | com.oringnet.wm/com.oring.SlideActivity@8772#1
07-08 16:12:11.957   800   800 I MiniDump: 0x78010bf000 |     DEVICE |          0 | 1.000 |    0    0  720 1600 |   0.0   0.0 720.0 1600.0 | com.oringnet.wm/com.oring.SlideActivity@8772#0
07-08 16:12:11.957   800   800 I MiniDump: 0x780dd6e000 |     DEVICE |          0 | 0.303 |  301  760  419  878 |   0.0   0.0 126.0 126.0 | com.oringnet.wm/com.oring.SlideActivity@8772#1
07-08 16:12:12.031  8772  8772 W UiThreadStatement: Already on the UI thread, this method should not be called from the main application thread
07-08 16:12:12.031  8772  8772 I Gateway : [Req]<READ ENABLE LOW> 00030A4800010615
07-08 16:12:12.031  8772  8772 I Gateway : [Rsp]<READ ENABLE LOW> 00030200ffc5c4
07-08 16:12:12.033  8772  8772 I Req_Enable 0-15:: 00ff
07-08 16:12:12.037   800   800 I SurfaceFlinger: screenshot (com.oringnet.wm/com.oring.SlideActivity@8772#0)
07-08 16:12:12.047  8772  8772 I 通道: : true
07-08 16:12:12.050  8772  8772 I chatty  : uid=10326(com.oringnet.wm) identical 6 lines
07-08 16:12:12.050  8772  8772 I 通道: : true
07-08 16:12:12.128  8772  8772 W UiThreadStatement: Already on the UI thread, this method should not be called from the main application thread
07-08 16:12:12.128  8772  8772 I Gateway : [Req]<READ ENABLE HIGH> 00030A49000157d5
07-08 16:12:12.128  8772  8772 I Gateway : [Rsp]<READ ENABLE HIGH> 00030200008584
07-08 16:12:12.129  8772  8772 I Req_Enable 16-31:: 0000
07-08 16:12:12.135   800  1415 I BufferQueueProducer: [com.oringnet.wm/com.oring.SlideActivity@8772#0](this:0x78010a4000,id:426,api:1,p:8772,c:800) queueBuffer: fps=5.97 dur=1005.83 max=830.91 min=7.77
07-08 16:12:12.138  8772  8797 D Surface : Surface::disconnect(this=0x787c988000,api=1)
07-08 16:12:12.138   800  1415 I BufferQueueProducer: [com.oringnet.wm/com.oring.SlideActivity@8772#1](this:0x780dd2e800,id:436,api:1,p:8772,c:800) disconnect(P): api 1
07-08 16:12:12.149   800   800 I SurfaceFlinger: screenshot (com.oringnet.wm/com.oring.SlideActivity@8772#0)
07-08 16:12:12.152   800   800 I SurfaceFlinger: Remove BufferLayer(0x780dd6e000) com.oringnet.wm/com.oring.SlideActivity@8772#1 (-1 x -1)
07-08 16:12:12.267   800   800 I SurfaceFlinger: screenshot (com.oringnet.wm/com.oring.SlideActivity@8772#0)
07-08 16:12:12.368   800   800 I SurfaceFlinger: screenshot (com.oringnet.wm/com.oring.SlideActivity@8772#0)
07-08 16:12:12.418   800   800 I SurfaceFlinger: Remove BufferLayer(0x780dd6e000) com.oringnet.wm/com.oring.SlideActivity@8772#1 (-1 x -1)
07-08 16:12:12.424   800   800 I MiniDump: 0x78010bf000 |     DEVICE |          0 | 1.000 |    0    0  720 1600 |   0.0   0.0 720.0 1600.0 | com.oringnet.wm/com.oring.SlideActivity@8772#0
07-08 16:12:12.425   800   800 I MiniDump: 0x78010bf000 |     DEVICE |          0 | 1.000 |    0    0  720 1600 |   0.0   0.0 720.0 1600.0 | com.oringnet.wm/com.oring.SlideActivity@8772#0
07-08 16:12:12.461   800   800 I SurfaceFlinger: screenshot (com.oringnet.wm/com.oring.SlideActivity@8772#0)
07-08 16:12:12.593   800   800 I SurfaceFlinger: screenshot (com.oringnet.wm/com.oring.SlideActivity@8772#0)
07-08 16:12:12.709   800   800 I SurfaceFlinger: screenshot (com.oringnet.wm/com.oring.SlideActivity@8772#0)
07-08 16:12:12.844   800   800 I SurfaceFlinger: screenshot (com.oringnet.wm/com.oring.SlideActivity@8772#0)
07-08 16:12:12.854  8772  8772 I ViewRootImpl: ViewRoot's Touch Event : ACTION_DOWN
07-08 16:12:12.861  8772  8772 I ViewRootImpl: ViewRoot's Touch Event : ACTION_UP
07-08 16:12:12.887  8772  8772 I 通道: : false
07-08 16:12:12.959   800   800 I SurfaceFlinger: screenshot (com.oringnet.wm/com.oring.SlideActivity@8772#0)
07-08 16:12:13.077   800   800 I SurfaceFlinger: screenshot (com.oringnet.wm/com.oring.SlideActivity@8772#0)
07-08 16:12:13.147   800  2133 I BufferQueueProducer: [com.oringnet.wm/com.oring.SlideActivity@8772#0](this:0x78010a4000,id:426,api:1,p:8772,c:800) queueBuffer: fps=33.60 dur=1011.80 max=440.47 min=7.24
07-08 16:12:13.210   800   800 I SurfaceFlinger: screenshot (com.oringnet.wm/com.oring.SlideActivity@8772#0)
07-08 16:12:13.310   800   800 I SurfaceFlinger: screenshot (com.oringnet.wm/com.oring.SlideActivity@8772#0)
07-08 16:12:13.493   800   800 I SurfaceFlinger: screenshot (com.oringnet.wm/com.oring.SlideActivity@8772#0)
07-08 16:12:13.586  8772  8772 I ViewRootImpl: ViewRoot's Touch Event : ACTION_DOWN
07-08 16:12:13.594   800   800 I SurfaceFlinger: screenshot (com.oringnet.wm/com.oring.SlideActivity@8772#0)
07-08 16:12:13.597  8772  8772 I ViewRootImpl: ViewRoot's Touch Event : ACTION_UP
07-08 16:12:13.624  8772  8772 I 通道: : false
07-08 16:12:13.744   800   800 I SurfaceFlinger: screenshot (com.oringnet.wm/com.oring.SlideActivity@8772#0)
07-08 16:12:13.859   800   800 I SurfaceFlinger: screenshot (com.oringnet.wm/com.oring.SlideActivity@8772#0)
07-08 16:12:13.960   800   800 I SurfaceFlinger: screenshot (com.oringnet.wm/com.oring.SlideActivity@8772#0)
07-08 16:12:14.320  8772  8772 I ViewRootImpl: ViewRoot's Touch Event : ACTION_DOWN
07-08 16:12:14.327   800   800 I SurfaceFlinger: screenshot (com.oringnet.wm/com.oring.SlideActivity@8772#0)
07-08 16:12:14.328  8772  8772 I ViewRootImpl: ViewRoot's Touch Event : ACTION_UP
07-08 16:12:14.342   800  2133 I BufferQueueProducer: [com.oringnet.wm/com.oring.SlideActivity@8772#0](this:0x78010a4000,id:426,api:1,p:8772,c:800) queueBuffer: fps=29.27 dur=1195.59 max=329.66 min=12.85
07-08 16:12:14.353  8772  8772 I 通道: : false
07-08 16:12:14.445   800   800 I SurfaceFlinger: screenshot (com.oringnet.wm/com.oring.SlideActivity@8772#0)
07-08 16:12:14.627   800   800 I SurfaceFlinger: screenshot (com.oringnet.wm/com.oring.SlideActivity@8772#0)
07-08 16:12:14.743   800   800 I SurfaceFlinger: screenshot (com.oringnet.wm/com.oring.SlideActivity@8772#0)
07-08 16:12:15.070  8772  8772 I ViewRootImpl: ViewRoot's Touch Event : ACTION_DOWN
07-08 16:12:15.079   800   800 I SurfaceFlinger: screenshot (com.oringnet.wm/com.oring.SlideActivity@8772#0)
07-08 16:12:15.080  8772  8772 I ViewRootImpl: ViewRoot's Touch Event : ACTION_UP
07-08 16:12:15.105  8772  8772 I 通道: : false
07-08 16:12:15.194   800   800 I SurfaceFlinger: screenshot (com.oringnet.wm/com.oring.SlideActivity@8772#0)
07-08 16:12:15.310   800   800 I SurfaceFlinger: screenshot (com.oringnet.wm/com.oring.SlideActivity@8772#0)
07-08 16:12:15.348   800   830 I BufferQueueProducer: [com.oringnet.wm/com.oring.SlideActivity@8772#0](this:0x78010a4000,id:426,api:1,p:8772,c:800) queueBuffer: fps=39.78 dur=1005.46 max=350.74 min=13.26
07-08 16:12:15.460   800   800 I SurfaceFlinger: screenshot (com.oringnet.wm/com.oring.SlideActivity@8772#0)
07-08 16:12:15.821  8772  8772 I ViewRootImpl: ViewRoot's Touch Event : ACTION_DOWN
07-08 16:12:15.828   800   800 I SurfaceFlinger: screenshot (com.oringnet.wm/com.oring.SlideActivity@8772#0)
07-08 16:12:15.831  8772  8772 I ViewRootImpl: ViewRoot's Touch Event : ACTION_UP
07-08 16:12:15.856  8772  8772 I 通道: : false
07-08 16:12:15.994   800   800 I SurfaceFlinger: screenshot (com.oringnet.wm/com.oring.SlideActivity@8772#0)
07-08 16:12:16.110   800   800 I SurfaceFlinger: screenshot (com.oringnet.wm/com.oring.SlideActivity@8772#0)
07-08 16:12:16.211   800   800 I SurfaceFlinger: screenshot (com.oringnet.wm/com.oring.SlideActivity@8772#0)
07-08 16:12:16.554  8772  8772 I ViewRootImpl: ViewRoot's Touch Event : ACTION_DOWN
07-08 16:12:16.563   800   800 I SurfaceFlinger: screenshot (com.oringnet.wm/com.oring.SlideActivity@8772#0)
07-08 16:12:16.565  8772  8772 I ViewRootImpl: ViewRoot's Touch Event : ACTION_UP
07-08 16:12:16.580   800  2204 I BufferQueueProducer: [com.oringnet.wm/com.oring.SlideActivity@8772#0](this:0x78010a4000,id:426,api:1,p:8772,c:800) queueBuffer: fps=28.41 dur=1231.83 max=349.44 min=13.15
07-08 16:12:16.588  8772  8772 I 通道: : false
07-08 16:12:16.694   800   800 I SurfaceFlinger: screenshot (com.oringnet.wm/com.oring.SlideActivity@8772#0)
07-08 16:12:16.861   800   800 I SurfaceFlinger: screenshot (com.oringnet.wm/com.oring.SlideActivity@8772#0)
07-08 16:12:16.977   800   800 I SurfaceFlinger: screenshot (com.oringnet.wm/com.oring.SlideActivity@8772#0)
07-08 16:12:17.290  8772  8772 I ViewRootImpl: ViewRoot's Touch Event : ACTION_DOWN
07-08 16:12:17.299  8772  8772 I ViewRootImpl: ViewRoot's Touch Event : ACTION_UP
07-08 16:12:17.300   800   800 I SurfaceFlinger: screenshot (com.oringnet.wm/com.oring.SlideActivity@8772#0)
07-08 16:12:17.338  8772  8772 I 通道: : false
07-08 16:12:17.410   800   800 I SurfaceFlinger: screenshot (com.oringnet.wm/com.oring.SlideActivity@8772#0)
07-08 16:12:17.560   800   800 I SurfaceFlinger: screenshot (com.oringnet.wm/com.oring.SlideActivity@8772#0)
07-08 16:12:17.596   800  2204 I BufferQueueProducer: [com.oringnet.wm/com.oring.SlideActivity@8772#0](this:0x78010a4000,id:426,api:1,p:8772,c:800) queueBuffer: fps=41.34 dur=1016.02 max=336.98 min=13.56
07-08 16:12:17.710   800   800 I SurfaceFlinger: screenshot (com.oringnet.wm/com.oring.SlideActivity@8772#0)
07-08 16:12:18.055  8772  8772 I ViewRootImpl: ViewRoot's Touch Event : ACTION_DOWN
07-08 16:12:18.064   800   800 I SurfaceFlinger: screenshot (com.oringnet.wm/com.oring.SlideActivity@8772#0)
07-08 16:12:18.065  8772  8772 I ViewRootImpl: ViewRoot's Touch Event : ACTION_UP
07-08 16:12:18.088  8772  8772 I 通道: : false
07-08 16:12:18.196   800   800 I SurfaceFlinger: screenshot (com.oringnet.wm/com.oring.SlideActivity@8772#0)
07-08 16:12:18.311   800   800 I SurfaceFlinger: screenshot (com.oringnet.wm/com.oring.SlideActivity@8772#0)
07-08 16:12:18.413   800   800 I SurfaceFlinger: screenshot (com.oringnet.wm/com.oring.SlideActivity@8772#0)
07-08 16:12:18.477   800   800 I SurfaceFlinger: screenshot (com.oringnet.wm/com.oring.SlideActivity@8772#0)
07-08 16:12:19.022  8772  8772 I ViewRootImpl: ViewRoot's Touch Event : ACTION_DOWN
07-08 16:12:19.030   800   800 I SurfaceFlinger: screenshot (com.oringnet.wm/com.oring.SlideActivity@8772#0)
07-08 16:12:19.030  8772  8772 I ViewRootImpl: ViewRoot's Touch Event : ACTION_UP
07-08 16:12:19.035  8772  8772 I BitShift:: 0000
07-08 16:12:19.036  8772  8772 I BitShift:: 0000
07-08 16:12:19.036  8772  8772 I BitShift:: 00000000
07-08 16:12:19.056  8772  8772 D PhoneWindow: windowLightStatusBar : false, disable View.SYSTEM_UI_FLAG_LIGHT_STATUS_BAR
07-08 16:12:19.079  8772  8772 I TouchFilterInputStageHelper: [needTouchEventFilter] Displayid : 0
07-08 16:12:19.083  8772  8772 D BezellessGripSuppressionFilter: getdisplaysize, x : 720 y : 1600
07-08 16:12:19.106   800  1415 I BufferQueueConsumer: [com.oringnet.wm/com.oring.SlideActivity@8772#1](this:0x780dc27000,id:437,api:0,p:-1,c:800) setConsumerName: com.oringnet.wm/com.oring.SlideActivity@8772#1
07-08 16:12:19.106   800  1415 I BufferQueueConsumer: [com.oringnet.wm/com.oring.SlideActivity@8772#1](this:0x780dc27000,id:437,api:0,p:-1,c:800) setDefaultBufferSize: width=126 height=126
07-08 16:12:19.106   800  1415 I SurfaceFlinger: Create BufferLayer(0x780ddb7000) com.oringnet.wm/com.oring.SlideActivity@8772#1 (126 x 126)
07-08 16:12:19.116  8772  8797 D Surface : Surface::connect(this=0x787c9cb000,api=1)
07-08 16:12:19.117   800   830 I BufferQueueProducer: [com.oringnet.wm/com.oring.SlideActivity@8772#1](this:0x780dc27000,id:437,api:1,p:8772,c:800) connect(P): api=1 producer=(8772:com.oringnet.wm) producerControlledByApp=false
07-08 16:12:19.121  8772  8797 D Surface : Surface::setBufferCount(this=0x787c9cb000,bufferCount=3)
07-08 16:12:19.123  8772  8797 D Surface : Surface::allocateBuffers(this=0x787c9cb000)
07-08 16:12:19.147   800   800 I SurfaceFlinger: screenshot (com.oringnet.wm/com.oring.SlideActivity@8772#0)
07-08 16:12:19.177  8772  8772 W UiThreadStatement: Already on the UI thread, this method should not be called from the main application thread
07-08 16:12:19.177  8772  8772 I Gateway : [Req]<WRITE ENABLE LOW> 00100A4800010200000e48
07-08 16:12:19.177  8772  8772 I Gateway : [Rsp]<WRITE ENABLE LOW> 00100a48000183d6
07-08 16:12:19.178  8772  8772 I BitShift:: 0000
07-08 16:12:19.178  8772  8772 I BitShift:: 0000
07-08 16:12:19.179  8772  8772 I BitShift:: 00000000
07-08 16:12:19.209   800   800 I MiniDump: 0x78010bf000 |     DEVICE |          0 | 1.000 |    0    0  720 1600 |   0.0   0.0 720.0 1600.0 | com.oringnet.wm/com.oring.SlideActivity@8772#0
07-08 16:12:19.209   800   800 I MiniDump: 0x780ddb7000 |     DEVICE |          0 | 0.287 |  301  760  419  878 |   0.0   0.0 126.0 126.0 | com.oringnet.wm/com.oring.SlideActivity@8772#1
07-08 16:12:19.210   800   800 I MiniDump: 0x78010bf000 |     DEVICE |          0 | 1.000 |    0    0  720 1600 |   0.0   0.0 720.0 1600.0 | com.oringnet.wm/com.oring.SlideActivity@8772#0
07-08 16:12:19.210   800   800 I MiniDump: 0x780ddb7000 |     DEVICE |          0 | 0.287 |  301  760  419  878 |   0.0   0.0 126.0 126.0 | com.oringnet.wm/com.oring.SlideActivity@8772#1
07-08 16:12:19.216   800  2204 I BufferQueueProducer: [com.oringnet.wm/com.oring.SlideActivity@8772#0](this:0x78010a4000,id:426,api:1,p:8772,c:800) queueBuffer: fps=20.37 dur=1620.33 max=733.79 min=13.52
07-08 16:12:19.246  8772  8772 W UiThreadStatement: Already on the UI thread, this method should not be called from the main application thread
07-08 16:12:19.246  8772  8772 I Gateway : [Req]<WRITE ENABLE HIGH> 00100A4900010200000f99
07-08 16:12:19.247  8772  8772 I Gateway : [Rsp]<WRITE ENABLE HIGH> 00100a490001d216
07-08 16:12:19.253  8772  8797 D Surface : Surface::disconnect(this=0x787c9cb000,api=1)
07-08 16:12:19.253   800  1415 I BufferQueueProducer: [com.oringnet.wm/com.oring.SlideActivity@8772#1](this:0x780dc27000,id:437,api:1,p:8772,c:800) disconnect(P): api 1
07-08 16:12:19.274  8772  8772 I Listenable:: here
07-08 16:12:19.286   800   800 I SurfaceFlinger: screenshot (com.oringnet.wm/com.oring.SlideActivity@8772#0)
07-08 16:12:19.385   800   800 I SurfaceFlinger: screenshot (com.oringnet.wm/com.oring.SlideActivity@8772#0)
07-08 16:12:19.475   800   800 I MiniDump: 0x78010bf000 |     DEVICE |          0 | 1.000 |    0    0  720 1600 |   0.0   0.0 720.0 1600.0 | com.oringnet.wm/com.oring.SlideActivity@8772#0
07-08 16:12:19.475   800   800 I MiniDump: 0x78010bf000 |     DEVICE |          0 | 1.000 |    0    0  720 1600 |   0.0   0.0 720.0 1600.0 | com.oringnet.wm/com.oring.SlideActivity@8772#0
07-08 16:12:19.498   800   800 I SurfaceFlinger: screenshot (com.oringnet.wm/com.oring.SlideActivity@8772#0)
07-08 16:12:19.536   800   800 I SurfaceFlinger: Remove BufferLayer(0x780ddb7000) com.oringnet.wm/com.oring.SlideActivity@8772#1 (-1 x -1)
07-08 16:12:19.537   800   800 I BufferQueue: [com.oringnet.wm/com.oring.SlideActivity@8772#1](this:0x780dc27000,id:437,api:1,p:-1,c:-1) ~BufferQueueCore
07-08 16:12:19.542   800   800 I MiniDump: 0x78010bf000 |     DEVICE |          0 | 1.000 |    0    0  720 1600 |   0.0   0.0 720.0 1600.0 | com.oringnet.wm/com.oring.SlideActivity@8772#0
07-08 16:12:19.542   800   800 I MiniDump: 0x78010bf000 |     DEVICE |          0 | 1.000 |    0    0  720 1600 |   0.0   0.0 720.0 1600.0 | com.oringnet.wm/com.oring.SlideActivity@8772#0
07-08 16:12:19.921  8772  8772 I ViewRootImpl: ViewRoot's Touch Event : ACTION_DOWN
07-08 16:12:19.931   800   800 I SurfaceFlinger: screenshot (com.oringnet.wm/com.oring.SlideActivity@8772#0)
07-08 16:12:19.932  8772  8772 I ViewRootImpl: ViewRoot's Touch Event : ACTION_UP
07-08 16:12:19.945  8772  8772 D PhoneWindow: windowLightStatusBar : false, disable View.SYSTEM_UI_FLAG_LIGHT_STATUS_BAR
07-08 16:12:19.970  8772  8772 I TouchFilterInputStageHelper: [needTouchEventFilter] Displayid : 0
07-08 16:12:19.978  8772  8772 D BezellessGripSuppressionFilter: getdisplaysize, x : 720 y : 1600
07-08 16:12:19.991  8772  8772 D BluetoothGatt: setCharacteristicNotification() - uuid: 6e400003-b5a3-f393-e0a9-e50e24dcca9e enable: true
07-08 16:12:20.016   800   831 I BufferQueueConsumer: [com.oringnet.wm/com.oring.SlideActivity@8772#1](this:0x78010a5800,id:438,api:0,p:-1,c:800) setConsumerName: com.oringnet.wm/com.oring.SlideActivity@8772#1
07-08 16:12:20.016   800   831 I BufferQueueConsumer: [com.oringnet.wm/com.oring.SlideActivity@8772#1](this:0x78010a5800,id:438,api:0,p:-1,c:800) setDefaultBufferSize: width=126 height=126
07-08 16:12:20.016   800   831 I SurfaceFlinger: Create BufferLayer(0x78011c1000) com.oringnet.wm/com.oring.SlideActivity@8772#1 (126 x 126)
07-08 16:12:20.025  8772  8797 D Surface : Surface::connect(this=0x787cb4d000,api=1)
07-08 16:12:20.027   800   831 I BufferQueueProducer: [com.oringnet.wm/com.oring.SlideActivity@8772#1](this:0x78010a5800,id:438,api:1,p:8772,c:800) connect(P): api=1 producer=(8772:com.oringnet.wm) producerControlledByApp=false
07-08 16:12:20.030  8772  8797 D Surface : Surface::setBufferCount(this=0x787cb4d000,bufferCount=3)
07-08 16:12:20.030  8772  8797 D Surface : Surface::allocateBuffers(this=0x787cb4d000)
07-08 16:12:20.031   800   800 I SurfaceFlinger: screenshot (com.oringnet.wm/com.oring.SlideActivity@8772#0)
07-08 16:12:20.109   800   800 I MiniDump: 0x78010bf000 |     DEVICE |          0 | 1.000 |    0    0  720 1600 |   0.0   0.0 720.0 1600.0 | com.oringnet.wm/com.oring.SlideActivity@8772#0
07-08 16:12:20.109   800   800 I MiniDump: 0x78011c1000 |     DEVICE |          0 | 0.287 |  301  760  419  878 |   0.0   0.0 126.0 126.0 | com.oringnet.wm/com.oring.SlideActivity@8772#1
07-08 16:12:20.109   800   800 I MiniDump: 0x78010bf000 |     DEVICE |          0 | 1.000 |    0    0  720 1600 |   0.0   0.0 720.0 1600.0 | com.oringnet.wm/com.oring.SlideActivity@8772#0
07-08 16:12:20.109   800   800 I MiniDump: 0x78011c1000 |     DEVICE |          0 | 0.287 |  301  760  419  878 |   0.0   0.0 126.0 126.0 | com.oringnet.wm/com.oring.SlideActivity@8772#1
07-08 16:12:20.187   800   800 I SurfaceFlinger: screenshot (com.oringnet.wm/com.oring.SlideActivity@8772#0)
07-08 16:12:20.367  8772  8772 I Gateway : [Rsp]<READ DATA_BITS> 00030200088442
07-08 16:12:20.464  8772  8772 W UiThreadStatement: Already on the UI thread, this method should not be called from the main application thread
07-08 16:12:20.478  8772  8772 I mParity : 0
07-08 16:12:20.495   800   800 I SurfaceFlinger: screenshot (com.oringnet.wm/com.oring.SlideActivity@8772#0)
07-08 16:12:20.561  8772  8772 W UiThreadStatement: Already on the UI thread, this method should not be called from the main application thread
07-08 16:12:20.613   800   800 I SurfaceFlinger: screenshot (com.oringnet.wm/com.oring.SlideActivity@8772#0)
07-08 16:12:20.660  8772  8772 W UiThreadStatement: Already on the UI thread, this method should not be called from the main application thread
07-08 16:12:20.660  8772  8772 I Gateway : [Req]<READ TIMEOUT> 0003034800010589
07-08 16:12:20.662  8772  8772 I Gateway : [Rsp]<READ TIMEOUT> 00030200008584
07-08 16:12:20.666  8772  8797 D Surface : Surface::disconnect(this=0x787cb4d000,api=1)
07-08 16:12:20.818   800   800 I SurfaceFlinger: screenshot (com.oringnet.wm/com.oring.SlideActivity@8772#0)
07-08 16:12:20.861   800   800 I MiniDump: 0x78010bf000 |     DEVICE |          0 | 1.000 |    0    0  720 1600 |   0.0   0.0 720.0 1600.0 | com.oringnet.wm/com.oring.SlideActivity@8772#0
07-08 16:12:20.861   800   800 I MiniDump: 0x78010bf000 |     DEVICE |          0 | 1.000 |    0    0  720 1600 |   0.0   0.0 720.0 1600.0 | com.oringnet.wm/com.oring.SlideActivity@8772#0
07-08 16:12:20.932   800   800 I SurfaceFlinger: screenshot (com.oringnet.wm/com.oring.SlideActivity@8772#0)
07-08 16:12:20.936   800   800 I SurfaceFlinger: Remove BufferLayer(0x78011c1000) com.oringnet.wm/com.oring.SlideActivity@8772#1 (-1 x -1)
07-08 16:12:20.937   800   800 I BufferQueue: [com.oringnet.wm/com.oring.SlideActivity@8772#1](this:0x78010a5800,id:438,api:1,p:-1,c:-1) ~BufferQueueCore
07-08 16:12:20.942   800   800 I MiniDump: 0x78010bf000 |     DEVICE |          0 | 1.000 |    0    0  720 1600 |   0.0   0.0 720.0 1600.0 | com.oringnet.wm/com.oring.SlideActivity@8772#0
07-08 16:12:20.942   800   800 I MiniDump: 0x78010bf000 |     DEVICE |          0 | 1.000 |    0    0  720 1600 |   0.0   0.0 720.0 1600.0 | com.oringnet.wm/com.oring.SlideActivity@8772#0
07-08 16:12:21.045   800   800 I SurfaceFlinger: screenshot (com.oringnet.wm/com.oring.SlideActivity@8772#0)
07-08 16:12:21.161   800   800 I SurfaceFlinger: screenshot (com.oringnet.wm/com.oring.SlideActivity@8772#0)
07-08 16:12:21.262   800   800 I SurfaceFlinger: screenshot (com.oringnet.wm/com.oring.SlideActivity@8772#0)
07-08 16:12:21.378   800   800 I SurfaceFlinger: screenshot (com.oringnet.wm/com.oring.SlideActivity@8772#0)
07-08 16:12:21.495   800   800 I SurfaceFlinger: screenshot (com.oringnet.wm/com.oring.SlideActivity@8772#0)
07-08 16:12:21.612   800   800 I SurfaceFlinger: screenshot (com.oringnet.wm/com.oring.SlideActivity@8772#0)
07-08 16:12:21.627   800   800 I SurfaceFlinger: screenshot (com.oringnet.wm/com.oring.SlideActivity@8772#0)
07-08 16:12:21.728   800   800 I SurfaceFlinger: screenshot (com.oringnet.wm/com.oring.SlideActivity@8772#0)
07-08 16:12:21.861   800   800 I SurfaceFlinger: screenshot (com.oringnet.wm/com.oring.SlideActivity@8772#0)
07-08 16:12:21.995   800   800 I SurfaceFlinger: screenshot (com.oringnet.wm/com.oring.SlideActivity@8772#0)
07-08 16:12:22.112   800   800 I SurfaceFlinger: screenshot (com.oringnet.wm/com.oring.SlideActivity@8772#0)
07-08 16:12:22.154  8772  8772 I ViewRootImpl: ViewRoot's Touch Event : ACTION_DOWN
07-08 16:12:22.160  8772  8772 I ViewRootImpl: ViewRoot's Touch Event : ACTION_UP
07-08 16:12:22.188   800  2204 I BufferQueueProducer: [com.oringnet.wm/com.oring.SlideActivity@8772#0](this:0x78010a4000,id:426,api:1,p:8772,c:800) queueBuffer: fps=2.66 dur=1878.27 max=1476.71 min=97.32
07-08 16:12:22.212   800   800 I SurfaceFlinger: screenshot (com.oringnet.wm/com.oring.SlideActivity@8772#0)
07-08 16:12:22.445   800   800 I SurfaceFlinger: screenshot (com.oringnet.wm/com.oring.SlideActivity@8772#0)
07-08 16:12:22.840  8772  8772 I ViewRootImpl: ViewRoot's Touch Event : ACTION_DOWN
07-08 16:12:22.848   800   800 I SurfaceFlinger: screenshot (com.oringnet.wm/com.oring.SlideActivity@8772#0)
07-08 16:12:22.849  8772  8772 I ViewRootImpl: ViewRoot's Touch Event : ACTION_UP
07-08 16:12:22.865  8772  8772 D PhoneWindow: windowLightStatusBar : false, disable View.SYSTEM_UI_FLAG_LIGHT_STATUS_BAR
07-08 16:12:22.895  8772  8772 I TouchFilterInputStageHelper: [needTouchEventFilter] Displayid : 0
07-08 16:12:22.899  8772  8772 D BezellessGripSuppressionFilter: getdisplaysize, x : 720 y : 1600
07-08 16:12:22.911  8772  8772 D BluetoothGatt: setCharacteristicNotification() - uuid: 6e400003-b5a3-f393-e0a9-e50e24dcca9e enable: true
07-08 16:12:22.937   800   830 I BufferQueueConsumer: [com.oringnet.wm/com.oring.SlideActivity@8772#1](this:0x780dc80800,id:439,api:0,p:-1,c:800) setConsumerName: com.oringnet.wm/com.oring.SlideActivity@8772#1
07-08 16:12:22.937   800   830 I BufferQueueConsumer: [com.oringnet.wm/com.oring.SlideActivity@8772#1](this:0x780dc80800,id:439,api:0,p:-1,c:800) setDefaultBufferSize: width=126 height=126
07-08 16:12:22.937   800   830 I SurfaceFlinger: Create BufferLayer(0x780dd00000) com.oringnet.wm/com.oring.SlideActivity@8772#1 (126 x 126)
07-08 16:12:22.946  8772  8797 D Surface : Surface::connect(this=0x7877b63000,api=1)
07-08 16:12:22.946   800   831 I BufferQueueProducer: [com.oringnet.wm/com.oring.SlideActivity@8772#1](this:0x780dc80800,id:439,api:1,p:8772,c:800) connect(P): api=1 producer=(8772:com.oringnet.wm) producerControlledByApp=false
07-08 16:12:22.949  8772  8797 D Surface : Surface::setBufferCount(this=0x7877b63000,bufferCount=3)
07-08 16:12:22.950  8772  8797 D Surface : Surface::allocateBuffers(this=0x7877b63000)
07-08 16:12:22.966   800   800 I SurfaceFlinger: screenshot (com.oringnet.wm/com.oring.SlideActivity@8772#0)
07-08 16:12:23.024   800   800 I MiniDump: 0x78010bf000 |     DEVICE |          0 | 1.000 |    0    0  720 1600 |   0.0   0.0 720.0 1600.0 | com.oringnet.wm/com.oring.SlideActivity@8772#0
07-08 16:12:23.024   800   800 I MiniDump: 0x780dd00000 |     DEVICE |          0 | 0.303 |  301  760  419  878 |   0.0   0.0 126.0 126.0 | com.oringnet.wm/com.oring.SlideActivity@8772#1
07-08 16:12:23.025   800   800 I MiniDump: 0x78010bf000 |     DEVICE |          0 | 1.000 |    0    0  720 1600 |   0.0   0.0 720.0 1600.0 | com.oringnet.wm/com.oring.SlideActivity@8772#0
07-08 16:12:23.025   800   800 I MiniDump: 0x780dd00000 |     DEVICE |          0 | 0.303 |  301  760  419  878 |   0.0   0.0 126.0 126.0 | com.oringnet.wm/com.oring.SlideActivity@8772#1
07-08 16:12:23.042   800   800 I MiniDump: 0x78010bf000 |     DEVICE |          0 | 1.000 |    0    0  720 1600 |   0.0   0.0 720.0 1600.0 | com.oringnet.wm/com.oring.SlideActivity@8772#0
07-08 16:12:23.042   800   800 I MiniDump: 0x780dd00000 |     DEVICE |          0 | 0.525 |  300  759  420  879 |   0.0   0.0 126.0 126.0 | com.oringnet.wm/com.oring.SlideActivity@8772#1
07-08 16:12:23.042   800   800 I MiniDump: 0x78010bf000 |     DEVICE |          0 | 1.000 |    0    0  720 1600 |   0.0   0.0 720.0 1600.0 | com.oringnet.wm/com.oring.SlideActivity@8772#0
07-08 16:12:23.042   800   800 I MiniDump: 0x780dd00000 |     DEVICE |          0 | 0.525 |  300  759  420  879 |   0.0   0.0 126.0 126.0 | com.oringnet.wm/com.oring.SlideActivity@8772#1
07-08 16:12:23.087   800   800 I SurfaceFlinger: screenshot (com.oringnet.wm/com.oring.SlideActivity@8772#0)
07-08 16:12:23.124  8772  8772 I itemMapping: 0
07-08 16:12:23.125  8772  8772 I MydataType: 0>0
07-08 16:12:23.182   800   800 I SurfaceFlinger: screenshot (com.oringnet.wm/com.oring.SlideActivity@8772#0)
07-08 16:12:23.244  8772  8772 I itemMapping: 0
07-08 16:12:23.245  8772  8772 I MydataType: 1>0
07-08 16:12:23.298   800   800 I SurfaceFlinger: screenshot (com.oringnet.wm/com.oring.SlideActivity@8772#0)
07-08 16:12:23.361  8772  8772 I itemMapping: 0
07-08 16:12:23.362  8772  8772 I MydataType: 2>0
07-08 16:12:23.413   800   800 I SurfaceFlinger: screenshot (com.oringnet.wm/com.oring.SlideActivity@8772#0)
07-08 16:12:23.491  8772  8772 I itemMapping: 0
07-08 16:12:23.493  8772  8772 I MydataType: 3>0
07-08 16:12:23.529   800   800 I SurfaceFlinger: screenshot (com.oringnet.wm/com.oring.SlideActivity@8772#0)
07-08 16:12:23.617  8772  8772 I itemMapping: 0
07-08 16:12:23.618  8772  8772 I MydataType: 4>0
07-08 16:12:23.629   800   800 I SurfaceFlinger: screenshot (com.oringnet.wm/com.oring.SlideActivity@8772#0)
07-08 16:12:23.732  8772  8772 I itemMapping: 0
07-08 16:12:23.732  8772  8772 I MydataType: 5>0
07-08 16:12:23.745   800   800 I SurfaceFlinger: screenshot (com.oringnet.wm/com.oring.SlideActivity@8772#0)
07-08 16:12:23.840  8772  8772 I itemMapping: 0
07-08 16:12:23.841  8772  8772 I MydataType: 6>0
07-08 16:12:23.846   800   800 I SurfaceFlinger: screenshot (com.oringnet.wm/com.oring.SlideActivity@8772#0)
07-08 16:12:23.946   800   800 I SurfaceFlinger: screenshot (com.oringnet.wm/com.oring.SlideActivity@8772#0)
07-08 16:12:23.963   800   830 I BufferQueueProducer: [com.oringnet.wm/com.oring.SlideActivity@8772#0](this:0x78010a4000,id:426,api:1,p:8772,c:800) queueBuffer: fps=6.20 dur=1775.61 max=992.39 min=8.05
07-08 16:12:23.965  8772  8797 I OpenGLRenderer: Davey! duration=1027ms; Flags=0, IntendedVsync=6631538627104, Vsync=6631588519003, OldestInputEvent=9223372036854775807, NewestInputEvent=0, HandleInputStart=6631600796018, AnimationStart=6631600856018, PerformTraversalsStart=6631601181479, DrawStart=6632546685266, SyncQueued=6632557813267, SyncStart=6632558774575, IssueDrawCommandsStart=6632560292421, SwapBuffers=6632565354576, FrameCompleted=6632567510345, DequeueBufferDuration=384000, QueueBufferDuration=1304000, 
07-08 16:12:23.979  8772  8772 I Choreographer: Skipped 58 frames!  The application may be doing too much work on its main thread.
07-08 16:12:23.989   800  1415 I BufferQueueProducer: [com.oringnet.wm/com.oring.SlideActivity@8772#1](this:0x780dc80800,id:439,api:1,p:8772,c:800) queueBuffer: fps=0.97 dur=1028.18 max=1028.18 min=1028.18
07-08 16:12:23.989  8772  8797 I OpenGLRenderer: Davey! duration=982ms; Flags=0, IntendedVsync=6631605301228, Vsync=6632569877942, OldestInputEvent=9223372036854775807, NewestInputEvent=0, HandleInputStart=6632581887731, AnimationStart=6632581999424, PerformTraversalsStart=6632583312039, DrawStart=6632585406732, SyncQueued=6632585436885, SyncStart=6632589718963, IssueDrawCommandsStart=6632589805347, SwapBuffers=6632590728578, FrameCompleted=6632592293040, DequeueBufferDuration=0, QueueBufferDuration=746000, 
07-08 16:12:23.998  8772  8797 I OpenGLRenderer: Davey! duration=993ms; Flags=0, IntendedVsync=6631605301228, Vsync=6632569877942, OldestInputEvent=9223372036854775807, NewestInputEvent=0, HandleInputStart=6632581887731, AnimationStart=6632581999424, PerformTraversalsStart=6632583312039, DrawStart=6632591300809, SyncQueued=6632591721963, SyncStart=6632593699040, IssueDrawCommandsStart=6632594226348, SwapBuffers=6632599677118, FrameCompleted=6632601163579, DequeueBufferDuration=0, QueueBufferDuration=759000, 
07-08 16:12:24.062   800   800 I SurfaceFlinger: screenshot (com.oringnet.wm/com.oring.SlideActivity@8772#0)
07-08 16:12:24.073  8772  8772 W UiThreadStatement: Already on the UI thread, this method should not be called from the main application thread
07-08 16:12:24.074  8772  8772 I Gateway : [Req]<READ ENABLE LOW> 00030A4800010615
07-08 16:12:24.074  8772  8772 I Gateway : [Rsp]<READ ENABLE LOW> 00030200008584
07-08 16:12:24.074  8772  8772 I Req_Enable 0-15:: 0000
07-08 16:12:24.163   800   800 I SurfaceFlinger: screenshot (com.oringnet.wm/com.oring.SlideActivity@8772#0)
07-08 16:12:24.169  8772  8772 W UiThreadStatement: Already on the UI thread, this method should not be called from the main application thread
07-08 16:12:24.169  8772  8772 I Gateway : [Req]<READ ENABLE HIGH> 00030A49000157d5
07-08 16:12:24.170  8772  8772 I Gateway : [Rsp]<READ ENABLE HIGH> 00030200008584
07-08 16:12:24.170  8772  8772 I Req_Enable 16-31:: 0000
07-08 16:12:24.185  8772  8772 D BluetoothGatt: setCharacteristicNotification() - uuid: 6e400003-b5a3-f393-e0a9-e50e24dcca9e enable: true
07-08 16:12:24.267  8772  8772 I R_item  : enable: 0
07-08 16:12:24.279   800   800 I SurfaceFlinger: screenshot (com.oringnet.wm/com.oring.SlideActivity@8772#0)
07-08 16:12:24.365  8772  8772 W UiThreadStatement: Already on the UI thread, this method should not be called from the main application thread
07-08 16:12:24.365  8772  8772 I Gateway : [Req]<READ NET_ID> 000307D000018556
07-08 16:12:24.366  8772  8772 I Gateway : [Rsp]<READ NET_ID> 00030200008584
07-08 16:12:24.366  8772  8772 I R_item  : 0 NET_ID 0000
07-08 16:12:24.380   800   800 I SurfaceFlinger: screenshot (com.oringnet.wm/com.oring.SlideActivity@8772#0)
07-08 16:12:24.397  8772  8772 I itemMapping: 0
07-08 16:12:24.398  8772  8772 I MydataType: 0>0
07-08 16:12:24.405  8772  8772 I itemMapping: 0
07-08 16:12:24.405  8772  8772 I MydataType: 1>0
07-08 16:12:24.414  8772  8772 I itemMapping: 0
07-08 16:12:24.414  8772  8772 I MydataType: 2>0
07-08 16:12:24.420  8772  8772 I itemMapping: 0
07-08 16:12:24.421  8772  8772 I MydataType: 3>0
07-08 16:12:24.427  8772  8772 I itemMapping: 0
07-08 16:12:24.430  8772  8772 I MydataType: 4>0
07-08 16:12:24.435  8772  8772 I itemMapping: 0
07-08 16:12:24.436  8772  8772 I MydataType: 5>0
07-08 16:12:24.441  8772  8772 I itemMapping: 0
07-08 16:12:24.442  8772  8772 I MydataType: 6>0
07-08 16:12:24.480   800   800 I SurfaceFlinger: screenshot (com.oringnet.wm/com.oring.SlideActivity@8772#0)
07-08 16:12:24.552  8772  8772 W UiThreadStatement: Already on the UI thread, this method should not be called from the main application thread
07-08 16:12:24.552  8772  8772 I Gateway : [Req]<READ IO_TYPE> 000308340001c675
07-08 16:12:24.552  8772  8772 I Gateway : [Rsp]<READ IO_TYPE> 00030200008584
07-08 16:12:24.596   800   800 I SurfaceFlinger: screenshot (com.oringnet.wm/com.oring.SlideActivity@8772#0)
07-08 16:12:24.696   800   800 I SurfaceFlinger: screenshot (com.oringnet.wm/com.oring.SlideActivity@8772#0)
07-08 16:12:24.702  8772  8772 W UiThreadStatement: Already on the UI thread, this method should not be called from the main application thread
07-08 16:12:24.702  8772  8772 I Gateway : [Req]<READ ADDRESS> 0003089800010654
07-08 16:12:24.702  8772  8772 I Gateway : [Rsp]<READ ADDRESS> 00030200008584
07-08 16:12:24.702  8772  8772 I R_item  : 0 ADDRESS 0000
07-08 16:12:24.725  8772  8772 I itemMapping: 0
07-08 16:12:24.726  8772  8772 I MydataType: 0>0
07-08 16:12:24.731  8772  8772 I itemMapping: 0
07-08 16:12:24.731  8772  8772 I MydataType: 1>0
07-08 16:12:24.736  8772  8772 I itemMapping: 0
07-08 16:12:24.737  8772  8772 I MydataType: 2>0
07-08 16:12:24.742  8772  8772 I itemMapping: 0
07-08 16:12:24.743  8772  8772 I MydataType: 3>0
07-08 16:12:24.749  8772  8772 I itemMapping: 0
07-08 16:12:24.749  8772  8772 I MydataType: 4>0
07-08 16:12:24.754  8772  8772 I itemMapping: 0
07-08 16:12:24.754  8772  8772 I MydataType: 5>0
07-08 16:12:24.760  8772  8772 I itemMapping: 0
07-08 16:12:24.761  8772  8772 I MydataType: 6>0
07-08 16:12:24.812   800   800 I SurfaceFlinger: screenshot (com.oringnet.wm/com.oring.SlideActivity@8772#0)
07-08 16:12:24.853  8772  8772 W UiThreadStatement: Already on the UI thread, this method should not be called from the main application thread
07-08 16:12:24.853  8772  8772 I Gateway : [Req]<READ DATA_NUM> 000308FC0001478b
07-08 16:12:24.853  8772  8772 I Gateway : [Rsp]<READ DATA_NUM> 00030200014444
07-08 16:12:24.854  8772  8772 I R_item  : 0 DATA_NUM 0001
07-08 16:12:24.877  8772  8772 I itemMapping: 0
07-08 16:12:24.878  8772  8772 I MydataType: 0>0
07-08 16:12:24.883  8772  8772 I itemMapping: 0
07-08 16:12:24.884  8772  8772 I MydataType: 1>0
07-08 16:12:24.888  8772  8772 I itemMapping: 0
07-08 16:12:24.912   800   800 I SurfaceFlinger: screenshot (com.oringnet.wm/com.oring.SlideActivity@8772#0)
07-08 16:12:24.991   800   830 I BufferQueueProducer: [com.oringnet.wm/com.oring.SlideActivity@8772#0](this:0x78010a4000,id:426,api:1,p:8772,c:800) queueBuffer: fps=7.78 dur=1027.82 max=551.20 min=6.92
07-08 16:12:24.995  8772  8772 I R_item  : 0 DATA_FORMAT 0000
07-08 16:12:25.013   800   800 I SurfaceFlinger: screenshot (com.oringnet.wm/com.oring.SlideActivity@8772#0)
07-08 16:12:25.027  8772  8772 I itemMapping: 0
07-08 16:12:25.027  8772  8772 I MydataType: 0>0
07-08 16:12:25.032  8772  8772 I MydataType: 1>0
07-08 16:12:25.135  8772  8772 W UiThreadStatement: Already on the UI thread, this method should not be called from the main application thread
07-08 16:12:25.135  8772  8772 I Gateway : [Req]<READ INTERVAL> 000309C40001c7ba
07-08 16:12:25.135  8772  8772 I Gateway : [Rsp]<READ INTERVAL> 000302003c8595
07-08 16:12:25.135  8772  8772 I R_item  : 0 INTERVAL 003c
07-08 16:12:25.135  8772  8772 I R_item  : enable: 1
07-08 16:12:25.149   800   800 I SurfaceFlinger: screenshot (com.oringnet.wm/com.oring.SlideActivity@8772#0)
07-08 16:12:25.157  8772  8772 I itemMapping: 0
07-08 16:12:25.158  8772  8772 I MydataType: 0>0
07-08 16:12:25.161  8772  8772 I itemMapping: 0
07-08 16:12:25.162  8772  8772 I MydataType: 1>0
07-08 16:12:25.166  8772  8772 I itemMapping: 0
07-08 16:12:25.166  8772  8772 I MydataType: 2>0
07-08 16:12:25.267  8772  8772 W UiThreadStatement: Already on the UI thread, this method should not be called from the main application thread
07-08 16:12:25.267  8772  8772 I Gateway : [Req]<READ NET_ID> 000307D10001d496
07-08 16:12:25.268  8772  8772 I Gateway : [Rsp]<READ NET_ID> 00030200008584
07-08 16:12:25.268  8772  8772 I R_item  : 1 NET_ID 0000
07-08 16:12:25.282   800   800 I SurfaceFlinger: screenshot (com.oringnet.wm/com.oring.SlideActivity@8772#0)
07-08 16:12:25.304  8772  8772 I itemMapping: 0
07-08 16:12:25.384  8772  8772 W UiThreadStatement: Already on the UI thread, this method should not be called from the main application thread
07-08 16:12:25.385  8772  8772 I Gateway : [Req]<READ IO_TYPE> 00030835000197b5
07-08 16:12:25.385  8772  8772 I Gateway : [Rsp]<READ IO_TYPE> 00030200008584
07-08 16:12:25.385  8772  8772 I R_item  : 1 IO_TYPE 0000
07-08 16:12:25.397   800   800 I SurfaceFlinger: screenshot (com.oringnet.wm/com.oring.SlideActivity@8772#0)
07-08 16:12:25.404  8772  8772 I itemMapping: 0
07-08 16:12:25.404  8772  8772 I MydataType: 0>0
07-08 16:12:25.408  8772  8772 I itemMapping: 0
07-08 16:12:25.408  8772  8772 I MydataType: 1>0
07-08 16:12:25.411  8772  8772 I itemMapping: 0
07-08 16:12:25.412  8772  8772 I MydataType: 2>0
07-08 16:12:25.416  8772  8772 I itemMapping: 0
07-08 16:12:25.417  8772  8772 I MydataType: 3>0
07-08 16:12:25.421  8772  8772 I itemMapping: 0
07-08 16:12:25.425  8772  8772 I itemMapping: 0
07-08 16:12:25.514  8772  8772 W UiThreadStatement: Already on the UI thread, this method should not be called from the main application thread
07-08 16:12:25.515  8772  8772 I Gateway : [Req]<READ ADDRESS> 0003089900015794
07-08 16:12:25.515  8772  8772 I Gateway : [Rsp]<READ ADDRESS> 00030200008584
07-08 16:12:25.515  8772  8772 I R_item  : 1 ADDRESS 0000
07-08 16:12:25.532   800   800 I SurfaceFlinger: screenshot (com.oringnet.wm/com.oring.SlideActivity@8772#0)
07-08 16:12:25.542  8772  8772 I itemMapping: 0
07-08 16:12:25.542  8772  8772 I MydataType: 0>0
07-08 16:12:25.547  8772  8772 I itemMapping: 0
07-08 16:12:25.547  8772  8772 I MydataType: 1>0
07-08 16:12:25.554  8772  8772 I itemMapping: 0
07-08 16:12:25.555  8772  8772 I MydataType: 2>0
07-08 16:12:25.559  8772  8772 I itemMapping: 0
07-08 16:12:25.559  8772  8772 I MydataType: 3>0
07-08 16:12:25.564  8772  8772 I itemMapping: 0
07-08 16:12:25.668  8772  8772 W UiThreadStatement: Already on the UI thread, this method should not be called from the main application thread
07-08 16:12:25.668  8772  8772 I Gateway : [Req]<READ DATA_NUM> 000308FD0001164b
07-08 16:12:25.669  8772  8772 I Gateway : [Rsp]<READ DATA_NUM> 00030200014444
07-08 16:12:25.669  8772  8772 I R_item  : 1 DATA_NUM 0001
07-08 16:12:25.672  8772  8785 I com.oringnet.w: Background concurrent copying GC freed 222095(10MB) AllocSpace objects, 0(0B) LOS objects, 68% free, 5608KB/17MB, paused 228us total 221.002ms
07-08 16:12:25.681   800   800 I SurfaceFlinger: screenshot (com.oringnet.wm/com.oring.SlideActivity@8772#0)
07-08 16:12:25.691  8772  8772 I itemMapping: 0
07-08 16:12:25.692  8772  8772 I MydataType: 0>0
07-08 16:12:25.697  8772  8772 I itemMapping: 0
07-08 16:12:25.697  8772  8772 I MydataType: 1>0
07-08 16:12:25.701  8772  8772 I itemMapping: 0
07-08 16:12:25.701  8772  8772 I MydataType: 2>0
07-08 16:12:25.704  8772  8772 I itemMapping: 0
07-08 16:12:25.705  8772  8772 I MydataType: 3>0
07-08 16:12:25.708  8772  8772 I itemMapping: 0
07-08 16:12:25.708  8772  8772 I MydataType: 4>0
07-08 16:12:25.711  8772  8772 I itemMapping: 0
07-08 16:12:25.711  8772  8772 I MydataType: 5>0
07-08 16:12:25.715  8772  8772 I itemMapping: 0
07-08 16:12:25.715  8772  8772 I MydataType: 6>0
07-08 16:12:25.786  8772  8772 W UiThreadStatement: Already on the UI thread, this method should not be called from the main application thread
07-08 16:12:25.787  8772  8772 I Gateway : [Req]<READ DATA_FORMAT> 000309610001d799
07-08 16:12:25.787  8772  8772 I Gateway : [Rsp]<READ DATA_FORMAT> 00030200008584
07-08 16:12:25.787  8772  8772 I R_item  : 1 DATA_FORMAT 0000
07-08 16:12:25.796   800   800 I SurfaceFlinger: screenshot (com.oringnet.wm/com.oring.SlideActivity@8772#0)
07-08 16:12:25.810  8772  8772 I itemMapping: 0
07-08 16:12:25.810  8772  8772 I MydataType: 0>0
07-08 16:12:25.814  8772  8772 I itemMapping: 0
07-08 16:12:25.814  8772  8772 I MydataType: 1>0
07-08 16:12:25.817  8772  8772 I itemMapping: 0
07-08 16:12:25.818  8772  8772 I MydataType: 2>0
07-08 16:12:25.820  8772  8772 I itemMapping: 0
07-08 16:12:25.821  8772  8772 I MydataType: 3>0
07-08 16:12:25.824  8772  8772 I itemMapping: 0
07-08 16:12:25.824  8772  8772 I MydataType: 4>0
07-08 16:12:25.829  8772  8772 I itemMapping: 0
07-08 16:12:25.830  8772  8772 I MydataType: 5>0
07-08 16:12:25.833  8772  8772 I itemMapping: 0
07-08 16:12:25.834  8772  8772 I MydataType: 6>0
07-08 16:12:25.928  8772  8772 W UiThreadStatement: Already on the UI thread, this method should not be called from the main application thread
07-08 16:12:25.929  8772  8772 I Gateway : [Req]<READ INTERVAL> 000309C50001967a
07-08 16:12:25.929  8772  8772 I Gateway : [Rsp]<READ INTERVAL> 000302003c8595
07-08 16:12:25.929  8772  8772 I R_item  : 1 INTERVAL 003c
07-08 16:12:25.929  8772  8772 I R_item  : enable: 2
07-08 16:12:25.949   800   800 I SurfaceFlinger: screenshot (com.oringnet.wm/com.oring.SlideActivity@8772#0)
07-08 16:12:25.959  8772  8772 I itemMapping: 0
07-08 16:12:25.960  8772  8772 I MydataType: 0>0
07-08 16:12:25.964  8772  8772 I itemMapping: 0
07-08 16:12:25.964  8772  8772 I MydataType: 1>0
07-08 16:12:25.968  8772  8772 I itemMapping: 0
07-08 16:12:25.968  8772  8772 I MydataType: 2>0
07-08 16:12:25.971  8772  8772 I itemMapping: 0
07-08 16:12:25.971  8772  8772 I MydataType: 3>0
07-08 16:12:25.974  8772  8772 I itemMapping: 0
07-08 16:12:25.975  8772  8772 I MydataType: 4>0
07-08 16:12:25.978  8772  8772 I itemMapping: 0
07-08 16:12:25.978  8772  8772 I MydataType: 5>0
07-08 16:12:25.982  8772  8772 I itemMapping: 0
07-08 16:12:25.982  8772  8772 I MydataType: 6>0
07-08 16:12:26.061   800   830 I BufferQueueProducer: [com.oringnet.wm/com.oring.SlideActivity@8772#0](this:0x78010a4000,id:426,api:1,p:8772,c:800) queueBuffer: fps=14.96 dur=1069.29 max=143.83 min=6.60
07-08 16:12:26.063  8772  8772 W UiThreadStatement: Already on the UI thread, this method should not be called from the main application thread
07-08 16:12:26.064  8772  8772 I Gateway : [Req]<READ NET_ID> 000307D200012496
07-08 16:12:26.064  8772  8772 I Gateway : [Rsp]<READ NET_ID> 00030200008584
07-08 16:12:26.064  8772  8772 I R_item  : 2 NET_ID 0000
07-08 16:12:26.083   800   800 I SurfaceFlinger: screenshot (com.oringnet.wm/com.oring.SlideActivity@8772#0)
07-08 16:12:26.094  8772  8772 I itemMapping: 0
07-08 16:12:26.094  8772  8772 I MydataType: 0>0
07-08 16:12:26.098  8772  8772 I itemMapping: 0
07-08 16:12:26.098  8772  8772 I MydataType: 1>0
07-08 16:12:26.101  8772  8772 I itemMapping: 0
07-08 16:12:26.102  8772  8772 I MydataType: 2>0
07-08 16:12:26.105  8772  8772 I itemMapping: 0
07-08 16:12:26.105  8772  8772 I MydataType: 3>0
07-08 16:12:26.108  8772  8772 I itemMapping: 0
07-08 16:12:26.108  8772  8772 I MydataType: 4>0
07-08 16:12:26.111  8772  8772 I itemMapping: 0
07-08 16:12:26.112  8772  8772 I MydataType: 5>0
07-08 16:12:26.115  8772  8772 I itemMapping: 0
07-08 16:12:26.115  8772  8772 I MydataType: 6>0
07-08 16:12:26.181  8772  8772 W UiThreadStatement: Already on the UI thread, this method should not be called from the main application thread
07-08 16:12:26.181  8772  8772 I Gateway : [Req]<READ IO_TYPE> 00030836000167b5
07-08 16:12:26.182  8772  8772 I Gateway : [Rsp]<READ IO_TYPE> 00030200008584
07-08 16:12:26.182  8772  8772 I R_item  : 2 IO_TYPE 0000
07-08 16:12:26.197   800   800 I SurfaceFlinger: screenshot (com.oringnet.wm/com.oring.SlideActivity@8772#0)
07-08 16:12:26.200  8772  8772 I itemMapping: 0
07-08 16:12:26.200  8772  8772 I MydataType: 0>0
07-08 16:12:26.204  8772  8772 I itemMapping: 0
07-08 16:12:26.204  8772  8772 I MydataType: 1>0
07-08 16:12:26.207  8772  8772 I itemMapping: 0
07-08 16:12:26.207  8772  8772 I MydataType: 2>0
07-08 16:12:26.210  8772  8772 I itemMapping: 0
07-08 16:12:26.211  8772  8772 I MydataType: 3>0
07-08 16:12:26.215  8772  8772 I itemMapping: 0
07-08 16:12:26.215  8772  8772 I MydataType: 4>0
07-08 16:12:26.219  8772  8772 I itemMapping: 0
07-08 16:12:26.219  8772  8772 I MydataType: 5>0
07-08 16:12:26.222  8772  8772 I itemMapping: 0
07-08 16:12:26.222  8772  8772 I MydataType: 6>0
07-08 16:12:26.288  8772  8772 W UiThreadStatement: Already on the UI thread, this method should not be called from the main application thread
07-08 16:12:26.288  8772  8772 I Gateway : [Req]<READ ADDRESS> 0003089A0001a794
07-08 16:12:26.300   800   800 I SurfaceFlinger: screenshot (com.oringnet.wm/com.oring.SlideActivity@8772#0)
07-08 16:12:26.409  8772  8772 W UiThreadStatement: Already on the UI thread, this method should not be called from the main application thread
07-08 16:12:26.409  8772  8772 I Gateway : [Req]<READ DATA_NUM> 000308FE0001e64b
07-08 16:12:26.409  8772  8772 I Gateway : [Rsp]<READ DATA_NUM> 00030200014444
07-08 16:12:26.409  8772  8772 I R_item  : 2 DATA_NUM 0001
07-08 16:12:26.433   800   800 I SurfaceFlinger: screenshot (com.oringnet.wm/com.oring.SlideActivity@8772#0)
07-08 16:12:26.443  8772  8772 I itemMapping: 0
07-08 16:12:26.444  8772  8772 I MydataType: 0>0
07-08 16:12:26.447  8772  8772 I itemMapping: 0
07-08 16:12:26.448  8772  8772 I MydataType: 1>0
07-08 16:12:26.451  8772  8772 I itemMapping: 0
07-08 16:12:26.452  8772  8772 I MydataType: 2>0
07-08 16:12:26.454  8772  8772 I itemMapping: 0
07-08 16:12:26.454  8772  8772 I MydataType: 3>0
07-08 16:12:26.458  8772  8772 I itemMapping: 0
07-08 16:12:26.458  8772  8772 I MydataType: 4>0
07-08 16:12:26.461  8772  8772 I itemMapping: 0
07-08 16:12:26.462  8772  8772 I MydataType: 5>0
07-08 16:12:26.465  8772  8772 I itemMapping: 0
07-08 16:12:26.544  8772  8772 I Gateway : [Rsp]<READ DATA_FORMAT> 00030200008584
07-08 16:12:26.544  8772  8772 I R_item  : 2 DATA_FORMAT 0000
